
> claude-code-zen@2.0.0-alpha.73 build
> ./build.sh

🧹 Cleaning dist directory...
📝 Updating version...
🔨 Building TypeScript...
src/coordination/swarm/sparc/__tests__/database-driven-architecture-engine.test.ts(218,11): error TS2322: Type '"HashMap"' is not assignable to type '"class" | "interface" | "enum" | "type"'.
src/coordination/swarm/sparc/__tests__/database-driven-architecture-engine.test.ts(255,11): error TS2322: Type '"PriorityQueue"' is not assignable to type '"class" | "interface" | "enum" | "type"'.
src/coordination/swarm/sparc/cli/architecture-commands.ts(59,24): error TS2304: Cannot find name 'createSamplePseudocode'.
src/coordination/swarm/sparc/cli/architecture-commands.ts(82,11): error TS2304: Cannot find name 'displayArchitectureSummary'.
src/coordination/swarm/sparc/cli/cli-demo.ts(25,26): error TS2339: Property '_actionHandler' does not exist on type 'Command'.
src/coordination/swarm/sparc/cli/cli-demo.ts(26,29): error TS2339: Property '_actionHandler' does not exist on type 'Command'.
src/coordination/swarm/sparc/cli/cli-demo.ts(30,23): error TS2339: Property '_actionHandler' does not exist on type 'Command'.
src/coordination/swarm/sparc/cli/cli-demo.ts(31,26): error TS2339: Property '_actionHandler' does not exist on type 'Command'.
src/coordination/swarm/sparc/cli/test-cli.ts(66,9): error TS2322: Type '"Queue"' is not assignable to type '"class" | "interface" | "enum" | "type"'.
src/coordination/swarm/sparc/core/sparc-engine.ts(892,7): error TS2739: Type 'undefined[]' is missing the following properties from type 'ValidationReport': overall, score, results, recommendations
src/coordination/swarm/sparc/core/sparc-engine.ts(1137,28): error TS2304: Cannot find name 'TaskAPI'.
src/coordination/swarm/sparc/core/template-engine.ts(539,7): error TS2739: Type 'undefined[]' is missing the following properties from type 'ValidationReport': overall, score, results, recommendations
src/coordination/swarm/sparc/index.ts(87,48): error TS2345: Argument of type 'void' is not assignable to parameter of type 'SPARCProject'.
src/coordination/swarm/sparc/integrations/project-management-integration.ts(13,25): error TS2307: Cannot find module '../../coordination/api' or its corresponding type declarations.
src/coordination/swarm/sparc/integrations/project-management-integration.ts(14,38): error TS2307: Cannot find module '../../core/document-driven-system' or its corresponding type declarations.
src/coordination/swarm/sparc/integrations/project-management-integration.ts(145,30): error TS2304: Cannot find name 'EnhancedTaskTool'.
src/coordination/swarm/sparc/integrations/project-management-integration.ts(149,27): error TS2304: Cannot find name 'UnifiedWorkflowEngine'.
src/coordination/swarm/sparc/integrations/project-management-integration.ts(150,25): error TS2304: Cannot find name 'UnifiedMemorySystem'.
src/coordination/swarm/sparc/integrations/project-management-integration.ts(159,10): error TS2339: Property 'roadmapFile' does not exist on type 'ProjectManagementIntegration'.
src/coordination/swarm/sparc/integrations/project-management-integration.ts(162,21): error TS2304: Cannot find name 'EnhancedTaskTool'.
src/coordination/swarm/sparc/integrations/project-management-integration.ts(164,10): error TS2339: Property 'taskDistributor' does not exist on type 'ProjectManagementIntegration'.
src/coordination/swarm/sparc/integrations/project-management-integration.ts(167,29): error TS2304: Cannot find name 'UnifiedMemorySystem'.
src/coordination/swarm/sparc/integrations/project-management-integration.ts(169,31): error TS2304: Cannot find name 'UnifiedWorkflowEngine'.
src/coordination/swarm/sparc/integrations/project-management-integration.ts(187,9): error TS2393: Duplicate function implementation.
src/coordination/swarm/sparc/integrations/project-management-integration.ts(232,33): error TS2345: Argument of type 'any[]' is not assignable to parameter of type 'SPARCProject'.
  Type 'any[]' is missing the following properties from type 'SPARCProject': id, name, domain, specification, and 7 more.
src/coordination/swarm/sparc/integrations/project-management-integration.ts(237,32): error TS2345: Argument of type 'PRD' is not assignable to parameter of type 'SPARCProject'.
  Type 'PRD' is missing the following properties from type 'SPARCProject': name, domain, specification, pseudocode, and 6 more.
src/coordination/swarm/sparc/integrations/project-management-integration.ts(286,73): error TS2339: Property 'description' does not exist on type 'ExternalDependency'.
src/coordination/swarm/sparc/integrations/project-management-integration.ts(366,33): error TS2304: Cannot find name 'EnhancedTaskConfig'.
src/coordination/swarm/sparc/integrations/project-management-integration.ts(466,35): error TS2304: Cannot find name 'EnhancedTaskConfig'.
src/coordination/swarm/sparc/integrations/project-management-integration.ts(479,14): error TS2339: Property 'logger' does not exist on type 'ProjectManagementIntegration'.
src/coordination/swarm/sparc/integrations/project-management-integration.ts(927,9): error TS2393: Duplicate function implementation.
src/coordination/swarm/sparc/integrations/roadmap-integration.ts(29,10): error TS2339: Property 'projectRoot' does not exist on type 'SPARCRoadmapManager'.
src/coordination/swarm/sparc/integrations/swarm-coordination-integration.ts(8,25): error TS2307: Cannot find module '../../coordination/api' or its corresponding type declarations.
src/coordination/swarm/sparc/integrations/swarm-coordination-integration.ts(9,50): error TS2307: Cannot find module '../../coordination/task-coordinator' or its corresponding type declarations.
src/coordination/swarm/sparc/integrations/swarm-coordination-integration.ts(10,32): error TS2307: Cannot find module '../../types/agent-types' or its corresponding type declarations.
src/coordination/swarm/sparc/integrations/swarm-coordination-integration.ts(107,10): error TS2339: Property 'logger' does not exist on type 'SPARCSwarmCoordinator'.
src/coordination/swarm/sparc/integrations/swarm-coordination-integration.ts(306,14): error TS2339: Property 'logger' does not exist on type 'SPARCSwarmCoordinator'.
src/coordination/swarm/sparc/integrations/swarm-coordination-integration.ts(333,16): error TS2339: Property 'logger' does not exist on type 'SPARCSwarmCoordinator'.
src/coordination/swarm/sparc/integrations/swarm-coordination-integration.ts(335,16): error TS2339: Property 'logger' does not exist on type 'SPARCSwarmCoordinator'.
src/coordination/swarm/sparc/integrations/swarm-coordination-integration.ts(363,10): error TS2339: Property 'logger' does not exist on type 'SPARCSwarmCoordinator'.
src/coordination/swarm/sparc/mcp/architecture-tools.ts(14,8): error TS2307: Cannot find module '../../types/sparc-types' or its corresponding type declarations.
src/coordination/swarm/sparc/phases/architecture/architecture-engine.ts(1131,5): error TS2739: Type 'ValidationResult[]' is missing the following properties from type 'ValidationReport': overall, score, results, recommendations
src/coordination/swarm/sparc/phases/architecture/database-driven-architecture-engine.ts(145,21): error TS2352: Conversion of type 'SystemComponent[]' to type 'Component[]' may be a mistake because neither type sufficiently overlaps with the other. If this was intentional, convert the expression to 'unknown' first.
  Type 'SystemComponent' is missing the following properties from type 'Component': qualityAttributes, performance
src/coordination/swarm/sparc/phases/architecture/database-driven-architecture-engine.ts(147,19): error TS2352: Conversion of type 'DataFlow[]' to type 'DataFlowConnection[]' may be a mistake because neither type sufficiently overlaps with the other. If this was intentional, convert the expression to 'unknown' first.
  Type 'DataFlow' is missing the following properties from type 'DataFlowConnection': from, to, data, protocol
src/coordination/swarm/sparc/phases/architecture/database-driven-architecture-engine.ts(154,17): error TS2352: Conversion of type 'DataFlow[]' to type 'DataFlowConnection[]' may be a mistake because neither type sufficiently overlaps with the other. If this was intentional, convert the expression to 'unknown' first.
  Type 'DataFlow' is missing the following properties from type 'DataFlowConnection': from, to, data, protocol
src/coordination/swarm/sparc/phases/architecture/database-driven-architecture-engine.ts(156,7): error TS2739: Type 'undefined[]' is missing the following properties from type 'ValidationReport': overall, score, results, recommendations
src/coordination/swarm/sparc/phases/architecture/database-driven-architecture-engine.ts(157,19): error TS2352: Conversion of type 'SystemComponent[]' to type 'Component[]' may be a mistake because neither type sufficiently overlaps with the other. If this was intentional, convert the expression to 'unknown' first.
  Type 'SystemComponent' is missing the following properties from type 'Component': qualityAttributes, performance
src/coordination/swarm/sparc/phases/architecture/database-driven-architecture-engine.ts(195,19): error TS2352: Conversion of type 'SystemComponent[]' to type 'Component[]' may be a mistake because neither type sufficiently overlaps with the other. If this was intentional, convert the expression to 'unknown' first.
  Type 'SystemComponent' is missing the following properties from type 'Component': qualityAttributes, performance
src/coordination/swarm/sparc/phases/architecture/database-driven-architecture-engine.ts(252,38): error TS2345: Argument of type 'Component' is not assignable to parameter of type 'SystemComponent'.
  Property 'description' is missing in type 'Component' but required in type 'SystemComponent'.
src/coordination/swarm/sparc/phases/architecture/database-driven-architecture-engine.ts(253,43): error TS2345: Argument of type 'Component' is not assignable to parameter of type 'SystemComponent'.
  Property 'description' is missing in type 'Component' but required in type 'SystemComponent'.
src/coordination/swarm/sparc/phases/architecture/database-driven-architecture-engine.ts(254,47): error TS2345: Argument of type 'Component' is not assignable to parameter of type 'SystemComponent'.
  Property 'description' is missing in type 'Component' but required in type 'SystemComponent'.
src/coordination/swarm/sparc/phases/architecture/database-driven-architecture-engine.ts(331,11): error TS2739: Type '{ overallScore: number; validationResults: ValidationResult[]; recommendations: string[]; approved: boolean; }' is missing the following properties from type 'ValidationReport': overall, score, results
src/coordination/swarm/sparc/phases/architecture/database-driven-architecture-engine.ts(656,9): error TS2353: Object literal may only specify known properties, and 'id' does not exist in type 'ArchitecturalPattern'.
src/coordination/swarm/sparc/phases/architecture/database-driven-architecture-engine.ts(675,9): error TS2353: Object literal may only specify known properties, and 'id' does not exist in type 'ArchitecturalPattern'.
src/coordination/swarm/sparc/phases/architecture/database-driven-architecture-engine.ts(689,9): error TS2353: Object literal may only specify known properties, and 'id' does not exist in type 'ArchitecturalPattern'.
src/coordination/swarm/sparc/phases/architecture/database-driven-architecture-engine.ts(702,7): error TS2353: Object literal may only specify known properties, and 'id' does not exist in type 'ArchitecturalPattern'.
src/coordination/swarm/sparc/phases/architecture/database-driven-architecture-engine.ts(789,9): error TS2353: Object literal may only specify known properties, and 'id' does not exist in type 'QualityAttribute'.
src/coordination/swarm/sparc/phases/architecture/database-driven-architecture-engine.ts(803,9): error TS2353: Object literal may only specify known properties, and 'id' does not exist in type 'QualityAttribute'.
src/coordination/swarm/sparc/phases/architecture/database-driven-architecture-engine.ts(817,9): error TS2353: Object literal may only specify known properties, and 'id' does not exist in type 'QualityAttribute'.
src/coordination/swarm/sparc/phases/architecture/database-driven-architecture-engine.ts(831,9): error TS2353: Object literal may only specify known properties, and 'id' does not exist in type 'QualityAttribute'.
src/coordination/swarm/sparc/phases/architecture/database-driven-architecture-engine.ts(845,9): error TS2353: Object literal may only specify known properties, and 'id' does not exist in type 'QualityAttribute'.
src/coordination/swarm/sparc/phases/architecture/database-driven-architecture-engine.ts(980,32): error TS2339: Property 'applicableComponents' does not exist on type 'ArchitecturalPattern'.
src/coordination/swarm/sparc/phases/architecture/database-driven-architecture-engine.ts(980,64): error TS2339: Property 'applicableComponents' does not exist on type 'ArchitecturalPattern'.
src/coordination/swarm/sparc/phases/architecture/database-driven-architecture-engine.ts(1185,9): error TS2353: Object literal may only specify known properties, and 'id' does not exist in type 'QualityAttribute'.
src/coordination/swarm/sparc/phases/architecture/database-driven-architecture-engine.ts(1214,9): error TS2353: Object literal may only specify known properties, and 'id' does not exist in type 'ArchitecturalPattern'.
src/coordination/swarm/sparc/phases/completion/completion-engine.ts(10,3): error TS2724: '"../../types/sparc-types"' has no exported member named 'CodeArtifact'. Did you mean 'CodeArtifacts'?
src/coordination/swarm/sparc/phases/completion/completion-engine.ts(11,3): error TS2305: Module '"../../types/sparc-types"' has no exported member 'CodeGeneration'.
src/coordination/swarm/sparc/phases/completion/completion-engine.ts(14,3): error TS2305: Module '"../../types/sparc-types"' has no exported member 'ComplianceCheck'.
src/coordination/swarm/sparc/phases/completion/completion-engine.ts(15,3): error TS2305: Module '"../../types/sparc-types"' has no exported member 'DeploymentArtifact'.
src/coordination/swarm/sparc/phases/completion/completion-engine.ts(16,3): error TS2305: Module '"../../types/sparc-types"' has no exported member 'DeploymentArtifacts'.
src/coordination/swarm/sparc/phases/completion/completion-engine.ts(21,3): error TS2305: Module '"../../types/sparc-types"' has no exported member 'QualityGate'.
src/coordination/swarm/sparc/phases/completion/completion-engine.ts(23,3): error TS2305: Module '"../../types/sparc-types"' has no exported member 'TestArtifact'.
src/coordination/swarm/sparc/phases/completion/completion-engine.ts(24,3): error TS2305: Module '"../../types/sparc-types"' has no exported member 'TestGeneration'.
src/coordination/swarm/sparc/phases/completion/completion-engine.ts(49,7): error TS2353: Object literal may only specify known properties, and 'id' does not exist in type 'ImplementationArtifacts'.
src/coordination/swarm/sparc/phases/completion/completion-engine.ts(85,14): error TS2367: This comparison appears to be unintentional because the types '"library" | "service" | "database" | "gateway" | "ui" | "worker"' and '"data-manager"' have no overlap.
src/coordination/swarm/sparc/phases/completion/completion-engine.ts(157,17): error TS2416: Property 'generateDocumentation' in type 'CompletionPhaseEngine' is not assignable to the same property in base type 'CompletionEngine'.
  Type '(refinement: RefinementResult) => Promise<DocumentationGeneration>' is not assignable to type '(project: SPARCProject) => Promise<DocumentationSet>'.
    Types of parameters 'refinement' and 'project' are incompatible.
      Type 'SPARCProject' is missing the following properties from type 'RefinementResult': architectureId, feedbackId, optimizationStrategies, performanceOptimizations, and 15 more.
src/coordination/swarm/sparc/phases/completion/completion-engine.ts(184,7): error TS2353: Object literal may only specify known properties, and 'id' does not exist in type 'DocumentationGeneration'.
src/coordination/swarm/sparc/phases/completion/completion-engine.ts(227,58): error TS2339: Property 'deploymentStrategy' does not exist on type 'ArchitectureDesign'.
src/coordination/swarm/sparc/phases/completion/completion-engine.ts(315,9): error TS2353: Object literal may only specify known properties, and 'id' does not exist in type 'ProductionReadinessCheck'.
src/coordination/swarm/sparc/phases/completion/completion-engine.ts(340,9): error TS2353: Object literal may only specify known properties, and 'id' does not exist in type 'ProductionReadinessCheck'.
src/coordination/swarm/sparc/phases/completion/completion-engine.ts(357,9): error TS2353: Object literal may only specify known properties, and 'id' does not exist in type 'ProductionReadinessCheck'.
src/coordination/swarm/sparc/phases/completion/completion-engine.ts(370,9): error TS2353: Object literal may only specify known properties, and 'id' does not exist in type 'ProductionReadinessCheck'.
src/coordination/swarm/sparc/phases/completion/completion-engine.ts(387,9): error TS2353: Object literal may only specify known properties, and 'id' does not exist in type 'ProductionReadinessCheck'.
src/coordination/swarm/sparc/phases/completion/completion-engine.ts(657,7): error TS2353: Object literal may only specify known properties, and 'format' does not exist in type 'ArtifactReference'.
src/coordination/swarm/sparc/phases/completion/completion-engine.ts(671,7): error TS2353: Object literal may only specify known properties, and 'format' does not exist in type 'ArtifactReference'.
src/coordination/swarm/sparc/phases/completion/completion-engine.ts(683,7): error TS2353: Object literal may only specify known properties, and 'format' does not exist in type 'ArtifactReference'.
src/coordination/swarm/sparc/phases/completion/completion-engine.ts(695,7): error TS2353: Object literal may only specify known properties, and 'format' does not exist in type 'ArtifactReference'.
src/coordination/swarm/sparc/phases/completion/completion-engine.ts(707,7): error TS2353: Object literal may only specify known properties, and 'format' does not exist in type 'ArtifactReference'.
src/coordination/swarm/sparc/phases/completion/completion-engine.ts(719,7): error TS2353: Object literal may only specify known properties, and 'format' does not exist in type 'ArtifactReference'.
src/coordination/swarm/sparc/phases/completion/completion-engine.ts(731,7): error TS2353: Object literal may only specify known properties, and 'format' does not exist in type 'ArtifactReference'.
src/coordination/swarm/sparc/phases/completion/completion-engine.ts(1424,30): error TS2339: Property 'codeGeneration' does not exist on type 'ImplementationArtifacts'.
src/coordination/swarm/sparc/phases/completion/completion-engine.ts(1425,29): error TS2339: Property 'codeGeneration' does not exist on type 'ImplementationArtifacts'.
src/coordination/swarm/sparc/phases/completion/completion-engine.ts(1427,24): error TS2339: Property 'codeGeneration' does not exist on type 'ImplementationArtifacts'.
src/coordination/swarm/sparc/phases/completion/completion-engine.ts(1435,30): error TS2339: Property 'testGeneration' does not exist on type 'ImplementationArtifacts'.
src/coordination/swarm/sparc/phases/completion/completion-engine.ts(1436,29): error TS2339: Property 'testGeneration' does not exist on type 'ImplementationArtifacts'.
src/coordination/swarm/sparc/phases/completion/completion-engine.ts(1438,24): error TS2339: Property 'testGeneration' does not exist on type 'ImplementationArtifacts'.
src/coordination/swarm/sparc/phases/completion/completion-engine.ts(1471,5): error TS2739: Type '{ overallScore: number; validationResults: ValidationResult[]; recommendations: string[]; approved: boolean; productionReady: boolean; }' is missing the following properties from type 'CompletionValidation': readyForProduction, score, validations, blockers, warnings
src/coordination/swarm/sparc/phases/refinement/refinement-engine.ts(96,70): error TS2339: Property 'value' does not exist on type 'ImprovementMetric'.
src/coordination/swarm/sparc/phases/specification/specification-engine.ts(240,28): error TS2304: Cannot find name 'ProjectDomain'.
src/coordination/swarm/sparc/phases/specification/specification-engine.ts(842,9): error TS2322: Type '"runtime"' is not assignable to type '"library" | "service" | "api" | "database" | "infrastructure"'.
src/coordination/swarm/sparc/templates/memory-systems-template.ts(48,9): error TS2353: Object literal may only specify known properties, and 'category' does not exist in type 'FunctionalRequirement'.
src/coordination/swarm/sparc/templates/memory-systems-template.ts(64,9): error TS2353: Object literal may only specify known properties, and 'category' does not exist in type 'FunctionalRequirement'.
src/coordination/swarm/sparc/templates/memory-systems-template.ts(80,9): error TS2353: Object literal may only specify known properties, and 'category' does not exist in type 'FunctionalRequirement'.
src/coordination/swarm/sparc/templates/memory-systems-template.ts(96,9): error TS2353: Object literal may only specify known properties, and 'category' does not exist in type 'FunctionalRequirement'.
src/coordination/swarm/sparc/templates/memory-systems-template.ts(112,9): error TS2353: Object literal may only specify known properties, and 'category' does not exist in type 'FunctionalRequirement'.
src/coordination/swarm/sparc/templates/memory-systems-template.ts(128,9): error TS2353: Object literal may only specify known properties, and 'type' does not exist in type 'NonFunctionalRequirement'.
src/coordination/swarm/sparc/templates/memory-systems-template.ts(140,9): error TS2353: Object literal may only specify known properties, and 'type' does not exist in type 'NonFunctionalRequirement'.
src/coordination/swarm/sparc/templates/memory-systems-template.ts(152,9): error TS2353: Object literal may only specify known properties, and 'type' does not exist in type 'NonFunctionalRequirement'.
src/coordination/swarm/sparc/templates/memory-systems-template.ts(261,9): error TS2353: Object literal may only specify known properties, and 'metric' does not exist in type 'SuccessMetric'.
src/coordination/swarm/sparc/templates/memory-systems-template.ts(268,9): error TS2353: Object literal may only specify known properties, and 'metric' does not exist in type 'SuccessMetric'.
src/coordination/swarm/sparc/templates/memory-systems-template.ts(275,9): error TS2353: Object literal may only specify known properties, and 'metric' does not exist in type 'SuccessMetric'.
src/coordination/swarm/sparc/templates/memory-systems-template.ts(334,11): error TS2353: Object literal may only specify known properties, and 'time' does not exist in type 'ComplexityAnalysis'.
src/coordination/swarm/sparc/templates/memory-systems-template.ts(393,11): error TS2353: Object literal may only specify known properties, and 'time' does not exist in type 'ComplexityAnalysis'.
src/coordination/swarm/sparc/templates/memory-systems-template.ts(472,11): error TS2353: Object literal may only specify known properties, and 'time' does not exist in type 'ComplexityAnalysis'.
src/coordination/swarm/sparc/templates/memory-systems-template.ts(487,9): error TS2322: Type '"Cache"' is not assignable to type '"class" | "interface" | "enum" | "type"'.
src/coordination/swarm/sparc/templates/memory-systems-template.ts(502,9): error TS2322: Type '"HashMap"' is not assignable to type '"class" | "interface" | "enum" | "type"'.
src/coordination/swarm/sparc/templates/memory-systems-template.ts(517,9): error TS2322: Type '"HashMap"' is not assignable to type '"class" | "interface" | "enum" | "type"'.
src/coordination/swarm/sparc/templates/memory-systems-template.ts(568,5): error TS2739: Type '{ worstCase: "O(n * b)"; averageCase: "O(1)"; bestCase: "O(1)"; spaceComplexity: "O(n)"; scalabilityAnalysis: string; bottlenecks: string[]; }' is missing the following properties from type 'ComplexityAnalysis': timeComplexity, scalability
src/coordination/swarm/sparc/templates/memory-systems-template.ts(647,11): error TS2353: Object literal may only specify known properties, and 'expectedThroughput' does not exist in type '{ expectedLatency: string; optimizations?: string[]; }'.
src/coordination/swarm/sparc/templates/memory-systems-template.ts(668,11): error TS2353: Object literal may only specify known properties, and 'expectedThroughput' does not exist in type '{ expectedLatency: string; optimizations?: string[]; }'.
src/coordination/swarm/sparc/templates/memory-systems-template.ts(689,11): error TS2353: Object literal may only specify known properties, and 'expectedThroughput' does not exist in type '{ expectedLatency: string; optimizations?: string[]; }'.
src/coordination/swarm/sparc/templates/memory-systems-template.ts(710,11): error TS2353: Object literal may only specify known properties, and 'expectedThroughput' does not exist in type '{ expectedLatency: string; optimizations?: string[]; }'.
src/coordination/swarm/sparc/templates/memory-systems-template.ts(731,11): error TS2353: Object literal may only specify known properties, and 'expectedThroughput' does not exist in type '{ expectedLatency: string; optimizations?: string[]; }'.
src/coordination/swarm/sparc/templates/memory-systems-template.ts(738,7): error TS2739: Type '{ id: string; sourceId: string; targetId: string; type: string; description: string; strength: string; protocol: string; }' is missing the following properties from type 'ComponentRelationship': source, target
src/coordination/swarm/sparc/templates/memory-systems-template.ts(747,7): error TS2739: Type '{ id: string; sourceId: string; targetId: string; type: string; description: string; strength: string; protocol: string; }' is missing the following properties from type 'ComponentRelationship': source, target
src/coordination/swarm/sparc/templates/memory-systems-template.ts(756,7): error TS2739: Type '{ id: string; sourceId: string; targetId: string; type: string; description: string; strength: string; protocol: string; }' is missing the following properties from type 'ComponentRelationship': source, target
src/coordination/swarm/sparc/templates/memory-systems-template.ts(768,9): error TS2353: Object literal may only specify known properties, and 'id' does not exist in type 'ArchitecturalPattern'.
src/coordination/swarm/sparc/templates/memory-systems-template.ts(782,9): error TS2353: Object literal may only specify known properties, and 'id' does not exist in type 'ArchitecturalPattern'.
src/coordination/swarm/sparc/templates/memory-systems-template.ts(796,9): error TS2353: Object literal may only specify known properties, and 'id' does not exist in type 'ArchitecturalPattern'.
src/coordination/swarm/sparc/templates/memory-systems-template.ts(873,9): error TS2353: Object literal may only specify known properties, and 'id' does not exist in type 'QualityAttribute'.
src/coordination/swarm/sparc/templates/memory-systems-template.ts(886,9): error TS2353: Object literal may only specify known properties, and 'id' does not exist in type 'QualityAttribute'.
src/coordination/swarm/sparc/templates/neural-networks-template.ts(46,9): error TS2353: Object literal may only specify known properties, and 'category' does not exist in type 'FunctionalRequirement'.
src/coordination/swarm/sparc/templates/neural-networks-template.ts(62,9): error TS2353: Object literal may only specify known properties, and 'category' does not exist in type 'FunctionalRequirement'.
src/coordination/swarm/sparc/templates/neural-networks-template.ts(78,9): error TS2353: Object literal may only specify known properties, and 'category' does not exist in type 'FunctionalRequirement'.
src/coordination/swarm/sparc/templates/neural-networks-template.ts(94,9): error TS2353: Object literal may only specify known properties, and 'category' does not exist in type 'FunctionalRequirement'.
src/coordination/swarm/sparc/templates/neural-networks-template.ts(110,9): error TS2353: Object literal may only specify known properties, and 'category' does not exist in type 'FunctionalRequirement'.
src/coordination/swarm/sparc/templates/neural-networks-template.ts(126,9): error TS2353: Object literal may only specify known properties, and 'type' does not exist in type 'NonFunctionalRequirement'.
src/coordination/swarm/sparc/templates/neural-networks-template.ts(138,9): error TS2353: Object literal may only specify known properties, and 'type' does not exist in type 'NonFunctionalRequirement'.
src/coordination/swarm/sparc/templates/neural-networks-template.ts(150,9): error TS2353: Object literal may only specify known properties, and 'type' does not exist in type 'NonFunctionalRequirement'.
src/coordination/swarm/sparc/templates/neural-networks-template.ts(259,9): error TS2353: Object literal may only specify known properties, and 'metric' does not exist in type 'SuccessMetric'.
src/coordination/swarm/sparc/templates/neural-networks-template.ts(266,9): error TS2353: Object literal may only specify known properties, and 'metric' does not exist in type 'SuccessMetric'.
src/coordination/swarm/sparc/templates/neural-networks-template.ts(273,9): error TS2353: Object literal may only specify known properties, and 'metric' does not exist in type 'SuccessMetric'.
src/coordination/swarm/sparc/templates/neural-networks-template.ts(321,11): error TS2353: Object literal may only specify known properties, and 'time' does not exist in type 'ComplexityAnalysis'.
src/coordination/swarm/sparc/templates/neural-networks-template.ts(370,11): error TS2353: Object literal may only specify known properties, and 'time' does not exist in type 'ComplexityAnalysis'.
src/coordination/swarm/sparc/templates/neural-networks-template.ts(430,11): error TS2353: Object literal may only specify known properties, and 'time' does not exist in type 'ComplexityAnalysis'.
src/coordination/swarm/sparc/templates/neural-networks-template.ts(445,9): error TS2322: Type '"Tensor"' is not assignable to type '"class" | "interface" | "enum" | "type"'.
src/coordination/swarm/sparc/templates/neural-networks-template.ts(460,9): error TS2322: Type '"HashMap"' is not assignable to type '"class" | "interface" | "enum" | "type"'.
src/coordination/swarm/sparc/templates/neural-networks-template.ts(475,9): error TS2322: Type '"CircularBuffer"' is not assignable to type '"class" | "interface" | "enum" | "type"'.
src/coordination/swarm/sparc/templates/neural-networks-template.ts(540,5): error TS2739: Type '{ worstCase: "O(n^3)"; averageCase: "O(n^2)"; bestCase: "O(n log n)"; spaceComplexity: "O(n^2)"; scalabilityAnalysis: string; bottlenecks: string[]; }' is missing the following properties from type 'ComplexityAnalysis': timeComplexity, scalability
src/coordination/swarm/sparc/templates/neural-networks-template.ts(619,11): error TS2353: Object literal may only specify known properties, and 'expectedThroughput' does not exist in type '{ expectedLatency: string; optimizations?: string[]; }'.
src/coordination/swarm/sparc/templates/neural-networks-template.ts(640,11): error TS2353: Object literal may only specify known properties, and 'expectedThroughput' does not exist in type '{ expectedLatency: string; optimizations?: string[]; }'.
src/coordination/swarm/sparc/templates/neural-networks-template.ts(661,11): error TS2353: Object literal may only specify known properties, and 'expectedThroughput' does not exist in type '{ expectedLatency: string; optimizations?: string[]; }'.
src/coordination/swarm/sparc/templates/neural-networks-template.ts(669,9): error TS2322: Type '"data-manager"' is not assignable to type '"library" | "service" | "database" | "gateway" | "ui" | "worker"'.
src/coordination/swarm/sparc/templates/neural-networks-template.ts(682,11): error TS2353: Object literal may only specify known properties, and 'expectedThroughput' does not exist in type '{ expectedLatency: string; optimizations?: string[]; }'.
src/coordination/swarm/sparc/templates/neural-networks-template.ts(690,9): error TS2322: Type '"monitoring"' is not assignable to type '"library" | "service" | "database" | "gateway" | "ui" | "worker"'.
src/coordination/swarm/sparc/templates/neural-networks-template.ts(703,11): error TS2353: Object literal may only specify known properties, and 'expectedThroughput' does not exist in type '{ expectedLatency: string; optimizations?: string[]; }'.
src/coordination/swarm/sparc/templates/neural-networks-template.ts(710,7): error TS2739: Type '{ id: string; sourceId: string; targetId: string; type: string; description: string; strength: string; protocol: string; }' is missing the following properties from type 'ComponentRelationship': source, target
src/coordination/swarm/sparc/templates/neural-networks-template.ts(719,7): error TS2739: Type '{ id: string; sourceId: string; targetId: string; type: string; description: string; strength: string; protocol: string; }' is missing the following properties from type 'ComponentRelationship': source, target
src/coordination/swarm/sparc/templates/neural-networks-template.ts(728,7): error TS2739: Type '{ id: string; sourceId: string; targetId: string; type: string; description: string; strength: string; protocol: string; }' is missing the following properties from type 'ComponentRelationship': source, target
src/coordination/swarm/sparc/templates/neural-networks-template.ts(740,9): error TS2353: Object literal may only specify known properties, and 'id' does not exist in type 'ArchitecturalPattern'.
src/coordination/swarm/sparc/templates/neural-networks-template.ts(758,9): error TS2353: Object literal may only specify known properties, and 'id' does not exist in type 'ArchitecturalPattern'.
src/coordination/swarm/sparc/templates/neural-networks-template.ts(776,9): error TS2353: Object literal may only specify known properties, and 'id' does not exist in type 'ArchitecturalPattern'.
src/coordination/swarm/sparc/templates/neural-networks-template.ts(858,9): error TS2353: Object literal may only specify known properties, and 'id' does not exist in type 'QualityAttribute'.
src/coordination/swarm/sparc/templates/neural-networks-template.ts(871,9): error TS2353: Object literal may only specify known properties, and 'id' does not exist in type 'QualityAttribute'.
src/coordination/swarm/sparc/templates/neural-networks-template.ts(884,9): error TS2353: Object literal may only specify known properties, and 'id' does not exist in type 'QualityAttribute'.
src/coordination/swarm/sparc/templates/rest-api-template.ts(46,9): error TS2353: Object literal may only specify known properties, and 'category' does not exist in type 'FunctionalRequirement'.
src/coordination/swarm/sparc/templates/rest-api-template.ts(62,9): error TS2353: Object literal may only specify known properties, and 'category' does not exist in type 'FunctionalRequirement'.
src/coordination/swarm/sparc/templates/rest-api-template.ts(78,9): error TS2353: Object literal may only specify known properties, and 'category' does not exist in type 'FunctionalRequirement'.
src/coordination/swarm/sparc/templates/rest-api-template.ts(94,9): error TS2353: Object literal may only specify known properties, and 'category' does not exist in type 'FunctionalRequirement'.
src/coordination/swarm/sparc/templates/rest-api-template.ts(110,9): error TS2353: Object literal may only specify known properties, and 'category' does not exist in type 'FunctionalRequirement'.
src/coordination/swarm/sparc/templates/rest-api-template.ts(126,9): error TS2353: Object literal may only specify known properties, and 'type' does not exist in type 'NonFunctionalRequirement'.
src/coordination/swarm/sparc/templates/rest-api-template.ts(138,9): error TS2353: Object literal may only specify known properties, and 'type' does not exist in type 'NonFunctionalRequirement'.
src/coordination/swarm/sparc/templates/rest-api-template.ts(150,9): error TS2353: Object literal may only specify known properties, and 'type' does not exist in type 'NonFunctionalRequirement'.
src/coordination/swarm/sparc/templates/rest-api-template.ts(259,9): error TS2353: Object literal may only specify known properties, and 'metric' does not exist in type 'SuccessMetric'.
src/coordination/swarm/sparc/templates/rest-api-template.ts(266,9): error TS2353: Object literal may only specify known properties, and 'metric' does not exist in type 'SuccessMetric'.
src/coordination/swarm/sparc/templates/rest-api-template.ts(273,9): error TS2353: Object literal may only specify known properties, and 'metric' does not exist in type 'SuccessMetric'.
src/coordination/swarm/sparc/templates/rest-api-template.ts(342,11): error TS2353: Object literal may only specify known properties, and 'time' does not exist in type 'ComplexityAnalysis'.
src/coordination/swarm/sparc/templates/rest-api-template.ts(418,11): error TS2353: Object literal may only specify known properties, and 'time' does not exist in type 'ComplexityAnalysis'.
src/coordination/swarm/sparc/templates/rest-api-template.ts(497,11): error TS2353: Object literal may only specify known properties, and 'time' does not exist in type 'ComplexityAnalysis'.
src/coordination/swarm/sparc/templates/rest-api-template.ts(512,9): error TS2322: Type '"LRUCache"' is not assignable to type '"class" | "interface" | "enum" | "type"'.
src/coordination/swarm/sparc/templates/rest-api-template.ts(527,9): error TS2322: Type '"HashMap"' is not assignable to type '"class" | "interface" | "enum" | "type"'.
src/coordination/swarm/sparc/templates/rest-api-template.ts(542,9): error TS2322: Type '"HashMap"' is not assignable to type '"class" | "interface" | "enum" | "type"'.
src/coordination/swarm/sparc/templates/rest-api-template.ts(627,5): error TS2739: Type '{ worstCase: "O(n)"; averageCase: "O(1)"; bestCase: "O(1)"; spaceComplexity: "O(n)"; scalabilityAnalysis: string; bottlenecks: string[]; }' is missing the following properties from type 'ComplexityAnalysis': timeComplexity, scalability
src/coordination/swarm/sparc/templates/rest-api-template.ts(706,11): error TS2353: Object literal may only specify known properties, and 'expectedThroughput' does not exist in type '{ expectedLatency: string; optimizations?: string[]; }'.
src/coordination/swarm/sparc/templates/rest-api-template.ts(727,11): error TS2353: Object literal may only specify known properties, and 'expectedThroughput' does not exist in type '{ expectedLatency: string; optimizations?: string[]; }'.
src/coordination/swarm/sparc/templates/rest-api-template.ts(748,11): error TS2353: Object literal may only specify known properties, and 'expectedThroughput' does not exist in type '{ expectedLatency: string; optimizations?: string[]; }'.
src/coordination/swarm/sparc/templates/rest-api-template.ts(769,11): error TS2353: Object literal may only specify known properties, and 'expectedThroughput' does not exist in type '{ expectedLatency: string; optimizations?: string[]; }'.
src/coordination/swarm/sparc/templates/rest-api-template.ts(790,11): error TS2353: Object literal may only specify known properties, and 'expectedThroughput' does not exist in type '{ expectedLatency: string; optimizations?: string[]; }'.
src/coordination/swarm/sparc/templates/rest-api-template.ts(811,11): error TS2353: Object literal may only specify known properties, and 'expectedThroughput' does not exist in type '{ expectedLatency: string; optimizations?: string[]; }'.
src/coordination/swarm/sparc/templates/rest-api-template.ts(818,7): error TS2739: Type '{ id: string; sourceId: string; targetId: string; type: string; description: string; strength: string; protocol: string; }' is missing the following properties from type 'ComponentRelationship': source, target
src/coordination/swarm/sparc/templates/rest-api-template.ts(827,7): error TS2739: Type '{ id: string; sourceId: string; targetId: string; type: string; description: string; strength: string; protocol: string; }' is missing the following properties from type 'ComponentRelationship': source, target
src/coordination/swarm/sparc/templates/rest-api-template.ts(836,7): error TS2739: Type '{ id: string; sourceId: string; targetId: string; type: string; description: string; strength: string; protocol: string; }' is missing the following properties from type 'ComponentRelationship': source, target
src/coordination/swarm/sparc/templates/rest-api-template.ts(845,7): error TS2739: Type '{ id: string; sourceId: string; targetId: string; type: string; description: string; strength: string; protocol: string; }' is missing the following properties from type 'ComponentRelationship': source, target
src/coordination/swarm/sparc/templates/rest-api-template.ts(857,9): error TS2353: Object literal may only specify known properties, and 'id' does not exist in type 'ArchitecturalPattern'.
src/coordination/swarm/sparc/templates/rest-api-template.ts(871,9): error TS2353: Object literal may only specify known properties, and 'id' does not exist in type 'ArchitecturalPattern'.
src/coordination/swarm/sparc/templates/rest-api-template.ts(885,9): error TS2353: Object literal may only specify known properties, and 'id' does not exist in type 'ArchitecturalPattern'.
src/coordination/swarm/sparc/templates/rest-api-template.ts(956,9): error TS2353: Object literal may only specify known properties, and 'id' does not exist in type 'QualityAttribute'.
src/coordination/swarm/sparc/templates/rest-api-template.ts(969,9): error TS2353: Object literal may only specify known properties, and 'id' does not exist in type 'QualityAttribute'.
src/coordination/swarm/sparc/templates/rest-api-template.ts(982,9): error TS2353: Object literal may only specify known properties, and 'id' does not exist in type 'QualityAttribute'.
src/coordination/swarm/sparc/templates/swarm-coordination-template.ts(216,9): error TS2353: Object literal may only specify known properties, and 'description' does not exist in type 'DataStructureDesign'.
src/coordination/swarm/sparc/templates/swarm-coordination-template.ts(319,5): error TS2739: Type 'undefined[]' is missing the following properties from type 'ValidationReport': overall, score, results, recommendations
src/coordination/swarm/storage/swarm-database-manager.ts(18,10): error TS2724: '"../../../di/decorators/injectable.js"' has no exported member named 'Inject'. Did you mean 'inject'?
src/coordination/swarm/storage/swarm-database-manager.ts(18,18): error TS2724: '"../../../di/decorators/injectable.js"' has no exported member named 'Injectable'. Did you mean 'injectable'?
src/coordination/swarm/storage/swarm-database-manager.ts(59,10): error TS2551: Property 'logger' does not exist on type 'SwarmDatabaseManager'. Did you mean '_logger'?
src/coordination/swarm/storage/swarm-database-manager.ts(66,10): error TS2551: Property 'logger' does not exist on type 'SwarmDatabaseManager'. Did you mean '_logger'?
src/coordination/swarm/storage/swarm-database-manager.ts(70,37): error TS2551: Property 'dalFactory' does not exist on type 'SwarmDatabaseManager'. Did you mean '_dalFactory'?
src/coordination/swarm/storage/swarm-database-manager.ts(75,12): error TS2551: Property 'logger' does not exist on type 'SwarmDatabaseManager'. Did you mean '_logger'?
src/coordination/swarm/storage/swarm-database-manager.ts(78,12): error TS2551: Property 'logger' does not exist on type 'SwarmDatabaseManager'. Did you mean '_logger'?
src/coordination/swarm/storage/swarm-database-manager.ts(89,10): error TS2551: Property 'logger' does not exist on type 'SwarmDatabaseManager'. Did you mean '_logger'?
src/coordination/swarm/storage/swarm-database-manager.ts(90,38): error TS2551: Property 'config' does not exist on type 'SwarmDatabaseManager'. Did you mean '_config'?
src/coordination/swarm/storage/swarm-database-manager.ts(99,29): error TS2551: Property 'dalFactory' does not exist on type 'SwarmDatabaseManager'. Did you mean '_dalFactory'?
src/coordination/swarm/storage/swarm-database-manager.ts(102,31): error TS2551: Property 'dalFactory' does not exist on type 'SwarmDatabaseManager'. Did you mean '_dalFactory'?
src/coordination/swarm/storage/swarm-database-manager.ts(108,36): error TS2551: Property 'dalFactory' does not exist on type 'SwarmDatabaseManager'. Did you mean '_dalFactory'?
src/coordination/swarm/storage/swarm-database-manager.ts(121,12): error TS2551: Property 'logger' does not exist on type 'SwarmDatabaseManager'. Did you mean '_logger'?
src/coordination/swarm/storage/swarm-database-manager.ts(125,12): error TS2551: Property 'logger' does not exist on type 'SwarmDatabaseManager'. Did you mean '_logger'?
src/coordination/swarm/storage/swarm-database-manager.ts(169,38): error TS2339: Property 'createNode' does not exist on type 'IGraphRepository<any>'.
src/coordination/swarm/storage/swarm-database-manager.ts(217,38): error TS2339: Property 'createNode' does not exist on type 'IGraphRepository<any>'.
src/coordination/swarm/storage/swarm-database-manager.ts(230,40): error TS2554: Expected 3-4 arguments, but got 1.
src/coordination/swarm/storage/swarm-database-manager.ts(241,42): error TS2554: Expected 3-4 arguments, but got 1.
src/coordination/swarm/storage/swarm-database-manager.ts(271,40): error TS2551: Property 'addVector' does not exist on type 'IVectorRepository<any>'. Did you mean 'addVectors'?
src/coordination/swarm/storage/swarm-database-manager.ts(304,47): error TS2339: Property 'searchSimilar' does not exist on type 'IVectorRepository<any>'.
src/coordination/swarm/storage/swarm-database-manager.ts(324,43): error TS2339: Property 'findByCriteria' does not exist on type 'ICoordinationRepository<any>'.
src/coordination/swarm/storage/swarm-database-manager.ts(351,41): error TS2339: Property 'findByCriteria' does not exist on type 'ICoordinationRepository<any>'.
src/coordination/swarm/storage/swarm-database-manager.ts(352,47): error TS2339: Property 'findByCriteria' does not exist on type 'ICoordinationRepository<any>'.
src/coordination/swarm/storage/swarm-database-manager.ts(385,43): error TS2339: Property 'findByCriteria' does not exist on type 'ICoordinationRepository<any>'.
src/coordination/swarm/storage/swarm-database-manager.ts(415,7): error TS2554: Expected 1 arguments, but got 2.
src/coordination/swarm/storage/swarm-database-manager.ts(420,7): error TS2554: Expected 1 arguments, but got 2.
src/coordination/swarm/storage/swarm-database-manager.ts(424,65): error TS2339: Property 'getMetrics' does not exist on type 'ICoordinationRepository<any>'.
src/coordination/swarm/storage/swarm-database-manager.ts(437,10): error TS2551: Property 'dalFactory' does not exist on type 'SwarmDatabaseManager'. Did you mean '_dalFactory'?
src/coordination/swarm/storage/swarm-database-manager.ts(455,10): error TS2551: Property 'dalFactory' does not exist on type 'SwarmDatabaseManager'. Did you mean '_dalFactory'?
src/coordination/swarm/storage/swarm-database-manager.ts(469,10): error TS2551: Property 'dalFactory' does not exist on type 'SwarmDatabaseManager'. Did you mean '_dalFactory'?
src/coordination/swarm/storage/swarm-database-manager.ts(481,10): error TS2551: Property 'dalFactory' does not exist on type 'SwarmDatabaseManager'. Did you mean '_dalFactory'?
src/coordination/swarm/storage/swarm-database-manager.ts(493,10): error TS2551: Property 'dalFactory' does not exist on type 'SwarmDatabaseManager'. Did you mean '_dalFactory'?
src/coordination/swarm/storage/swarm-database-manager.ts(524,10): error TS2551: Property 'dalFactory' does not exist on type 'SwarmDatabaseManager'. Did you mean '_dalFactory'?
src/coordination/swarm/storage/swarm-maintenance.ts(51,10): error TS2339: Property 'registryPath' does not exist on type 'SwarmMaintenanceManager'.
src/coordination/swarm/storage/swarm-providers.ts(31,3): error TS2561: Object literal may only specify known properties, but 'deleteArchivedAfterDays' does not exist in type 'MaintenanceConfig'. Did you mean to write 'archiveAfterDays'?
src/coordination/swarm/storage/swarm-providers.ts(41,3): error TS2353: Object literal may only specify known properties, and 'enabled' does not exist in type 'BackupConfig'.
src/coordination/swarm/storage/swarm-providers.ts(80,21): error TS2339: Property 'basePath' does not exist on type 'unknown'.
src/coordination/swarm/storage/swarm-providers.ts(89,9): error TS2345: Argument of type 'unknown' is not assignable to parameter of type 'SwarmDatabaseConfig'.
  Type '{}' is missing the following properties from type 'SwarmDatabaseConfig': central, basePath, swarmsPath
src/coordination/swarm/storage/swarm-providers.ts(105,9): error TS2554: Expected 1-2 arguments, but got 3.
src/coordination/swarm/storage/swarm-providers.ts(119,9): error TS2554: Expected 1-2 arguments, but got 3.
src/coordination/swarm/storage/swarm-providers.ts(140,25): error TS2339: Property 'initialize' does not exist on type 'unknown'.
src/coordination/swarm/storage/swarm-providers.ts(141,28): error TS2339: Property 'initialize' does not exist on type 'unknown'.
src/coordination/swarm/storage/swarm-providers.ts(142,23): error TS2339: Property 'initialize' does not exist on type 'unknown'.
src/coordination/swarm/storage/swarm-providers.ts(145,5): error TS2740: Type '{}' is missing the following properties from type 'SwarmDatabaseManager': centralRepo, swarmClusters, _config, _dalFactory, and 33 more.
src/coordination/swarm/storage/swarm-providers.ts(146,5): error TS2740: Type '{}' is missing the following properties from type 'SwarmMaintenanceManager': config, claudeZenPath, swarmsPath, initialize, and 27 more.
src/coordination/swarm/storage/swarm-providers.ts(147,5): error TS2740: Type '{}' is missing the following properties from type 'SwarmBackupManager': config, claudeZenPath, backupsPath, initialize, and 31 more.
src/coordination/task-coordinator.ts(156,7): error TS2322: Type 'unknown[]' is not assignable to type 'string[]'.
  Type 'unknown' is not assignable to type 'string'.
src/coordination/task-coordinator.ts(222,16): error TS2339: Property 'acceptance_criteria' does not exist on type 'FeatureDocumentEntity | TaskDocumentEntity'.
  Property 'acceptance_criteria' does not exist on type 'TaskDocumentEntity'.
src/coordination/task-coordinator.ts(256,7): error TS2322: Type '"implementation"' is not assignable to type '"documentation" | "testing" | "development" | "deployment" | "research"'.
src/core/application-coordinator.ts(19,10): error TS2724: '"./documentation-linker"' has no exported member named 'DocumentationLinker'. Did you mean 'DocumentationIndex'?
src/core/application-coordinator.ts(124,7): error TS2353: Object literal may only specify known properties, and 'directory' does not exist in type 'SessionMemoryStoreOptions'.
src/core/application-coordinator.ts(131,26): error TS2554: Expected 1 arguments, but got 0.
src/core/application-coordinator.ts(134,46): error TS2345: Argument of type 'MemoryManager' is not assignable to parameter of type 'MemorySystem'.
  Type 'MemoryManager' is missing the following properties from type 'MemorySystem': backend, config, initialized, search, and 25 more.
src/core/application-coordinator.ts(173,11): error TS2554: Expected 2-3 arguments, but got 4.
src/core/application-coordinator.ts(198,13): error TS2554: Expected 1 arguments, but got 2.
src/core/application-coordinator.ts(218,23): error TS2339: Property 'on' does not exist on type 'MemoryManager'.
src/core/application-coordinator.ts(319,43): error TS2339: Property 'getStats' does not exist on type 'MemoryManager'.
src/core/application-coordinator.ts(343,11): error TS2353: Object literal may only specify known properties, and 'totalExports' does not exist in type '{ status: string; availableFormats: number; }'.
src/core/application-coordinator.ts(344,38): error TS2339: Property 'recentExports' does not exist on type '{ totalExports: number; successfulExports: number; failedExports: number; formatBreakdown: Record<string, number>; totalSize: number; averageSize: number; }'.
src/core/application-coordinator.ts(345,37): error TS2339: Property 'errors' does not exist on type '{ totalExports: number; successfulExports: number; failedExports: number; formatBreakdown: Record<string, number>; totalSize: number; averageSize: number; }'.
src/core/core-system.ts(186,7): error TS2353: Object literal may only specify known properties, and 'maxConcurrentWorkflows' does not exist in type 'DocumentManager'.
src/core/core-system.ts(197,44): error TS2554: Expected 0 arguments, but got 1.
src/core/core-system.ts(279,32): error TS2339: Property 'initialize' does not exist on type 'UnifiedExportSystem'.
src/core/core-system.ts(314,55): error TS2339: Property 'getMetrics' does not exist on type 'WorkflowEngine'.
src/core/core-system.ts(316,50): error TS2339: Property 'getStats' does not exist on type 'UnifiedExportSystem'.
src/core/core-system.ts(422,33): error TS2339: Property 'shutdown' does not exist on type 'UnifiedExportSystem'.
src/core/core-system.ts(424,34): error TS2339: Property 'shutdown' does not exist on type 'WorkflowEngine'.
src/core/database-driven-system.ts(97,62): error TS2345: Argument of type '{ name: string; domain: string; description: string; complexity: "moderate" | "simple" | "complex" | "enterprise"; vision_document_ids: undefined[]; adr_document_ids: undefined[]; prd_document_ids: undefined[]; ... 7 more ...; author: string; }' is not assignable to parameter of type 'Omit<ProjectEntity, "id" | "created_at" | "updated_at">'.
  Property 'sparc_integration' is missing in type '{ name: string; domain: string; description: string; complexity: "moderate" | "simple" | "complex" | "enterprise"; vision_document_ids: undefined[]; adr_document_ids: undefined[]; prd_document_ids: undefined[]; ... 7 more ...; author: string; }' but required in type 'Omit<ProjectEntity, "id" | "created_at" | "updated_at">'.
src/core/database-driven-system.ts(211,24): error TS2353: Object literal may only specify known properties, and 'projectId' does not exist in type 'Partial<WorkflowContext>'.
src/core/database-driven-system.ts(972,20): error TS2304: Cannot find name 'DocumentService'.
src/core/database-driven-system.ts(973,19): error TS2304: Cannot find name 'UnifiedWorkflowEngine'.
src/core/document-processor.ts(330,76): error TS2345: Argument of type 'Document' is not assignable to parameter of type 'BaseDocumentEntity'.
  Type 'Document' is missing the following properties from type 'BaseDocumentEntity': title, status, priority, tags, and 9 more.
src/core/error-monitoring.ts(344,7): error TS2353: Object literal may only specify known properties, and 'averageResponseTime' does not exist in type 'SystemHealthMetrics'.
src/core/error-recovery.ts(72,15): error TS2511: Cannot create an instance of an abstract class.
src/core/error-recovery.ts(156,33): error TS2339: Property 'failureHistory' does not exist on type 'CircuitBreaker'.
src/core/error-recovery.ts(159,30): error TS2339: Property 'callHistory' does not exist on type 'CircuitBreaker'.
src/core/error-system-integration.ts(176,58): error TS2341: Property 'emergencyShutdown' is private and only accessible within class 'SystemResilienceOrchestrator'.
src/core/error-system-integration.ts(410,30): error TS2339: Property 'MCPErrorClassifier' does not exist on type 'MCPErrorHandler'.
src/core/exporters.ts(292,19): error TS2341: Property 'convertToCSV' is private and only accessible within class 'ExportSystem'.
src/core/exporters.ts(302,19): error TS2341: Property 'convertToYAML' is private and only accessible within class 'ExportSystem'.
src/core/exporters.ts(312,19): error TS2341: Property 'convertToXML' is private and only accessible within class 'ExportSystem'.
src/core/exporters.ts(322,19): error TS2341: Property 'convertToMarkdown' is private and only accessible within class 'ExportSystem'.
src/core/index.ts(50,10): error TS2305: Module '"./memory-coordinator"' has no exported member 'MemoryCoordinator'.
src/core/index.ts(61,10): error TS2724: '"./documentation-linker"' has no exported member named 'DocumentationLinker'. Did you mean 'DocumentationIndex'?
src/core/init.ts(31,31): error TS2345: Argument of type '{ prefix: string; }' is not assignable to parameter of type 'string'.
src/core/interface-launcher.ts(245,9): error TS2353: Object literal may only specify known properties, and 'coreSystem' does not exist in type 'WebConfig'.
src/core/interface-launcher.ts(248,17): error TS2339: Property 'initialize' does not exist on type 'WebInterface'.
src/core/interface-launcher.ts(249,32): error TS2339: Property 'start' does not exist on type 'WebInterface'.
src/core/interface-launcher.ts(409,67): error TS2554: Expected 1-3 arguments, but got 4.
src/core/interfaces/index.ts(39,8): error TS2307: Cannot find module '../../memory/backends/base.backend' or its corresponding type declarations.
src/core/memory-coordinator.ts(9,10): error TS2724: '"../database/index"' has no exported member named 'createDAO'. Did you mean 'createDao'?
src/core/memory-coordinator.ts(9,21): error TS2614: Module '"../database/index"' has no exported member 'createRepository'. Did you mean to use 'import createRepository from "../database/index"' instead?
src/core/memory-coordinator.ts(150,49): error TS2339: Property 'bulkVectorOperations' does not exist on type 'IDataAccessObject<any>'.
src/core/memory-coordinator.ts(227,19): error TS2339: Property 'indexedVectors' does not exist on type '{ totalVectors: number; dimensions: number; }'.
src/core/memory-system.ts(271,10): error TS2339: Property 'config' does not exist on type 'SQLiteBackend'.
src/core/memory-system.ts(283,21): error TS2351: This expression is not constructable.
  Not all constituents of type 'DatabaseConstructor | { default: DatabaseConstructor; prototype: Database; SqliteError: typeof SqliteErrorClass; }' are constructable.
    Type '{ default: DatabaseConstructor; prototype: Database; SqliteError: typeof SqliteErrorClass; }' has no construct signatures.
src/core/memory-system.ts(462,10): error TS2339: Property 'config' does not exist on type 'LanceDBBackend'.
src/core/orchestrator-provider.ts(41,57): error TS2554: Expected 1 arguments, but got 3.
src/core/orchestrator.ts(188,24): error TS2345: Argument of type '"system:shutdown"' is not assignable to parameter of type 'keyof SystemEvents | keyof WorkflowEvents | keyof CoordinationEvents | keyof NeuralEvents | keyof MemoryEvents'.
src/core/pattern-integration.ts(179,11): error TS2741: Property 'agents' is missing in type '{ swarmId: string; timestamp: Date; resources: { cpu: number; memory: number; network: number; storage: number; }; constraints: { maxLatency: number; minReliability: number; resourceLimits: { ...; }; securityLevel: "medium"; }; history: undefined[]; }' but required in type 'CoordinationContext'.
src/core/pattern-integration.ts(498,27): error TS2339: Property 'on' does not exist on type 'SwarmCoordinator<Agent>'.
src/core/pattern-integration.ts(706,53): error TS2307: Cannot find module '../neural/core/network-manager' or its corresponding type declarations.
src/core/pattern-integration.ts(707,48): error TS2307: Cannot find module '../neural/wasm/accelerator' or its corresponding type declarations.
src/core/pattern-integration.ts(708,45): error TS2307: Cannot find module '../neural/core/trainer' or its corresponding type declarations.
src/core/pattern-integration.ts(715,9): error TS2322: Type '(config: any) => Promise<{ modelId: any; accuracy: any; loss: any; trainingTime: number; status: "failed" | "ready"; }>' is not assignable to type '(data: TrainingData) => Promise<ModelResult>'.
  Type 'Promise<{ modelId: any; accuracy: any; loss: any; trainingTime: number; status: "failed" | "ready"; }>' is not assignable to type 'Promise<ModelResult>'.
    Type '{ modelId: any; accuracy: any; loss: any; trainingTime: number; status: "failed" | "ready"; }' is not assignable to type 'ModelResult'.
      Types of property 'status' are incompatible.
        Type '"failed" | "ready"' is not assignable to type '"error" | "training" | "ready"'.
          Type '"failed"' is not assignable to type '"error" | "training" | "ready"'.
src/core/pattern-integration.ts(765,33): error TS2322: Type 'Promise<{ modelId: string; accuracy: number; loss: number; trainingTime: number; status: "unavailable"; }>' is not assignable to type 'Promise<ModelResult>'.
  Type '{ modelId: string; accuracy: number; loss: number; trainingTime: number; status: "unavailable"; }' is not assignable to type 'ModelResult'.
    Types of property 'status' are incompatible.
      Type '"unavailable"' is not assignable to type '"error" | "training" | "ready"'.
src/core/pattern-integration.ts(779,36): error TS2322: Type 'Promise<{ improvedAccuracy: number; optimizationTime: number; strategy: {}; iterations: number; }>' is not assignable to type 'Promise<OptimizationResult>'.
  Type '{ improvedAccuracy: number; optimizationTime: number; strategy: {}; iterations: number; }' is not assignable to type 'OptimizationResult'.
    Types of property 'strategy' are incompatible.
      Type '{}' is missing the following properties from type 'OptimizationStrategy': method, maxIterations, targetMetric
src/core/pattern-integration.ts(796,15): error TS2339: Property 'MemoryCoordinator' does not exist on type 'typeof import("/home/mhugo/code/claude-code-zen/src/core/memory-coordinator")'.
src/core/pattern-integration.ts(856,48): error TS2307: Cannot find module '../di/tokens/database-tokens' or its corresponding type declarations.
src/core/pattern-integration.ts(860,46): error TS2345: Argument of type '() => Console' is not assignable to parameter of type 'Provider<ILogger>'.
src/core/pattern-integration.ts(861,46): error TS2345: Argument of type '() => {}' is not assignable to parameter of type 'Provider<IConfig>'.
src/core/pattern-integration.ts(862,54): error TS2345: Argument of type '() => DALFactory' is not assignable to parameter of type 'Provider<unknown>'.
src/core/pattern-integration.ts(862,60): error TS2554: Expected 3 arguments, but got 0.
src/core/pattern-integration.ts(907,32): error TS2322: Type 'Promise<{ status: "unavailable"; connectionCount: number; queryLatency: number; diskUsage: number; }>' is not assignable to type 'Promise<DatabaseHealth>'.
  Type '{ status: "unavailable"; connectionCount: number; queryLatency: number; diskUsage: number; }' is not assignable to type 'DatabaseHealth'.
    Types of property 'status' are incompatible.
      Type '"unavailable"' is not assignable to type '"healthy" | "degraded" | "unhealthy"'.
src/core/pattern-integration.ts(972,35): error TS2322: Type 'Promise<{ serverId: string; port: number; status: "failed"; uptime: number; }>' is not assignable to type 'Promise<HTTPMCPServer>'.
  Type '{ serverId: string; port: number; status: "failed"; uptime: number; }' is not assignable to type 'HTTPMCPServer'.
    Types of property 'status' are incompatible.
      Type '"failed"' is not assignable to type '"error" | "running" | "starting" | "stopped"'.
src/core/pattern-integration.ts(973,40): error TS2322: Type 'Promise<{ serverId: string; port: number; status: "failed"; activeConnections: number; }>' is not assignable to type 'Promise<WebServer>'.
  Type '{ serverId: string; port: number; status: "failed"; activeConnections: number; }' is not assignable to type 'WebServer'.
    Types of property 'status' are incompatible.
      Type '"failed"' is not assignable to type '"error" | "running" | "starting" | "stopped"'.
src/core/pattern-integration.ts(979,31): error TS2322: Type 'Promise<{ instanceId: string; mode: ""; status: "failed"; }>' is not assignable to type 'Promise<TUIInstance>'.
  Type '{ instanceId: string; mode: ""; status: "failed"; }' is not assignable to type 'TUIInstance'.
    Types of property 'mode' are incompatible.
      Type '""' is not assignable to type 'TUIMode'.
src/core/pattern-integration.ts(980,31): error TS2322: Type 'Promise<{ instanceId: string; status: "failed"; }>' is not assignable to type 'Promise<CLIInstance>'.
  Type '{ instanceId: string; status: "failed"; }' is not assignable to type 'CLIInstance'.
    Types of property 'status' are incompatible.
      Type '"failed"' is not assignable to type '"ready" | "stopped" | "executing"'.
src/core/unified-memory-system.ts(16,10): error TS2339: Property 'config' does not exist on type 'UnifiedMemorySystem'.
src/core/workflow-engine.ts(477,55): error TS2345: Argument of type 'WorkflowState' is not assignable to parameter of type 'JSONValue'.
  Type 'WorkflowState' is not assignable to type '{ [key: string]: JSONValue; }'.
    Index signature for type 'string' is missing in type 'WorkflowState'.
src/core/workflow-engine.ts(516,19): error TS2353: Object literal may only specify known properties, and 'documentType' does not exist in type 'WorkflowContext'.
src/core/workflow-engine.ts(531,15): error TS2353: Object literal may only specify known properties, and 'documentType' does not exist in type 'Partial<WorkflowContext>'.
src/core/workflow-engine.ts(581,16): error TS2540: Cannot assign to 'status' because it is a read-only property.
src/core/workflow-engine.ts(584,29): error TS2339: Property 'currentStep' does not exist on type 'WorkflowState'.
src/core/workflow-engine.ts(590,18): error TS2339: Property 'currentStep' does not exist on type 'WorkflowState'.
src/core/workflow-engine.ts(591,18): error TS2540: Cannot assign to 'progress' because it is a read-only property.
src/core/workflow-engine.ts(593,50): error TS2345: Argument of type 'WorkflowStepState' is not assignable to parameter of type 'WorkflowStep'.
  Property 'type' is missing in type 'WorkflowStepState' but required in type 'WorkflowStep'.
src/core/workflow-engine.ts(598,18): error TS2540: Cannot assign to 'status' because it is a read-only property.
src/core/workflow-engine.ts(599,18): error TS2540: Cannot assign to 'progress' because it is a read-only property.
src/core/workflow-engine.ts(600,18): error TS2540: Cannot assign to 'endTime' because it is a read-only property.
src/core/workflow-engine.ts(605,16): error TS2540: Cannot assign to 'status' because it is a read-only property.
src/core/workflow-engine.ts(606,16): error TS2540: Cannot assign to 'error' because it is a read-only property.
src/core/workflow-engine.ts(607,16): error TS2540: Cannot assign to 'endTime' because it is a read-only property.
src/core/workflow-engine.ts(669,9): error TS2739: Type '{}' is missing the following properties from type 'StepExecutionResult': success, duration, timestamp
src/core/workflow-engine.ts(669,9): error TS2542: Index signature in type 'WorkflowStepResults' only permits reading.
src/core/workflow-engine.ts(671,33): error TS2339: Property 'push' does not exist on type 'readonly CompletedStepInfo[]'.
src/core/workflow-engine.ts(692,13): error TS2542: Index signature in type 'WorkflowStepResults' only permits reading.
src/core/workflow-engine.ts(692,46): error TS2322: Type 'string' is not assignable to type 'WorkflowError'.
src/core/workflow-engine.ts(696,13): error TS2542: Index signature in type 'WorkflowStepResults' only permits reading.
src/core/workflow-engine.ts(696,46): error TS2353: Object literal may only specify known properties, and 'skipped' does not exist in type 'StepExecutionResult'.
src/core/workflow-engine.ts(763,35): error TS2339: Property 'name' does not exist on type 'DocumentContent'.
src/core/workflow-engine.ts(776,34): error TS2339: Property 'architectural_requirements' does not exist on type 'WorkflowContext'.
src/core/workflow-engine.ts(777,31): error TS2339: Property 'decision_points' does not exist on type 'WorkflowContext'.
src/core/workflow-engine.ts(810,60): error TS2339: Property 'generated_docs' does not exist on type 'WorkflowContext'.
src/core/workflow-engine.ts(848,58): error TS2345: Argument of type 'BaseDocumentEntity' is not assignable to parameter of type 'JSONValue'.
  Type 'BaseDocumentEntity' is not assignable to type '{ [key: string]: JSONValue; }'.
    Index signature for type 'string' is missing in type 'BaseDocumentEntity'.
src/core/workflow-engine.ts(975,58): error TS2345: Argument of type 'WorkflowState' is not assignable to parameter of type 'JSONValue'.
  Type 'WorkflowState' is not assignable to type '{ [key: string]: JSONValue; }'.
    Index signature for type 'string' is missing in type 'WorkflowState'.
src/core/workflow-engine.ts(980,9): error TS2345: Argument of type '{ id: string; status: WorkflowStatus; progress: WorkflowProgress; metrics: WorkflowMetrics; currentStep: number; lastUpdated: string; }' is not assignable to parameter of type 'JSONValue'.
  Types of property 'progress' are incompatible.
    Type 'WorkflowProgress' is not assignable to type 'JSONValue'.
      Type 'WorkflowProgress' is not assignable to type '{ [key: string]: JSONValue; }'.
        Index signature for type 'string' is missing in type 'WorkflowProgress'.
src/core/workflow-engine.ts(1003,33): error TS2352: Conversion of type 'string | number | boolean | JSONValue[] | { [key: string]: JSONValue; }' to type 'WorkflowState' may be a mistake because neither type sufficiently overlaps with the other. If this was intentional, convert the expression to 'unknown' first.
  Type '{ [key: string]: JSONValue; }' is missing the following properties from type 'WorkflowState': id, definition, status, context, and 7 more.
src/core/workflow-engine.ts(1066,5): error TS2322: Type 'JSONValue[]' is not assignable to type 'WorkflowState[]'.
  Type 'JSONValue' is not assignable to type 'WorkflowState'.
    Type 'string' is not assignable to type 'WorkflowState'.
src/core/workflow-engine.ts(1092,16): error TS2540: Cannot assign to 'status' because it is a read-only property.
src/core/workflow-engine.ts(1093,16): error TS2540: Cannot assign to 'pausedAt' because it is a read-only property.
src/core/workflow-engine.ts(1104,16): error TS2540: Cannot assign to 'status' because it is a read-only property.
src/core/workflow-engine.ts(1105,14): error TS2704: The operand of a 'delete' operator cannot be a read-only property.
src/core/workflow-engine.ts(1121,16): error TS2540: Cannot assign to 'status' because it is a read-only property.
src/core/workflow-engine.ts(1122,16): error TS2540: Cannot assign to 'endTime' because it is a read-only property.
src/database/base.dao.ts(8,47): error TS2307: Cannot find module '../../core/interfaces/base-interfaces' or its corresponding type declarations.
src/database/base.dao.ts(26,45): error TS2304: Cannot find name 'IDao'.
src/database/base.dao.ts(297,46): error TS2345: Argument of type 'Omit<T, "id">' is not assignable to parameter of type 'Partial<T>'.
  Type 'keyof T' is not assignable to type 'Exclude<keyof T, "id">'.
    Type 'string | number | symbol' is not assignable to type 'Exclude<keyof T, "id">'.
      Type 'string' is not assignable to type 'Exclude<keyof T, "id">'.
src/database/base.dao.ts(408,49): error TS2304: Cannot find name 'IManager'.
src/database/dao/coordination.dao.ts(9,47): error TS2307: Cannot find module '../../../core/interfaces/base-interfaces' or its corresponding type declarations.
src/database/dao/coordination.dao.ts(17,3): error TS2724: '"../interfaces"' has no exported member named 'ICoordinationDao'. Did you mean 'CoordinationLock'?
src/database/dao/graph.dao.ts(8,43): error TS2307: Cannot find module '../../providers/database-providers' or its corresponding type declarations.
src/database/dao/graph.dao.ts(16,3): error TS2305: Module '"../interfaces"' has no exported member 'IGraphDao'.
src/database/dao/graph.dao.ts(354,9): error TS2322: Type 'unknown[]' is not assignable to type 'string[]'.
  Type 'unknown' is not assignable to type 'string'.
src/database/dao/memory.dao.ts(8,47): error TS2307: Cannot find module '../../../core/interfaces/base-interfaces' or its corresponding type declarations.
src/database/dao/memory.dao.ts(10,28): error TS2305: Module '"../interfaces"' has no exported member 'IMemoryDao'.
src/database/dao/relational.dao.ts(58,15): error TS2305: Module '"../interfaces"' has no exported member 'IDao'.
src/database/dao/relational.dao.ts(184,64): error TS2769: No overload matches this call.
  Overload 1 of 4, '(value: string | number | Date): Date', gave the following error.
    Argument of type 'unknown' is not assignable to parameter of type 'string | number | Date'.
  Overload 2 of 4, '(value: string | number): Date', gave the following error.
    Argument of type 'unknown' is not assignable to parameter of type 'string | number'.
src/database/dao/relational.dao.ts(540,75): error TS2345: Argument of type 'Omit<T, "id">' is not assignable to parameter of type 'Partial<T>'.
  Type 'keyof T' is not assignable to type 'Exclude<keyof T, "id">'.
    Type 'string | number | symbol' is not assignable to type 'Exclude<keyof T, "id">'.
      Type 'string' is not assignable to type 'Exclude<keyof T, "id">'.
src/database/dao/vector.dao.ts(8,44): error TS2307: Cannot find module '../../providers/database-providers' or its corresponding type declarations.
src/database/dao/vector.dao.ts(14,3): error TS2305: Module '"../interfaces"' has no exported member 'IVectorDao'.
src/database/dao/vector.dao.ts(277,57): error TS2352: Conversion of type '{ vector: number[]; }' to type 'Partial<T>' may be a mistake because neither type sufficiently overlaps with the other. If this was intentional, convert the expression to 'unknown' first.
src/database/daos/coordination-dao.ts(8,38): error TS2307: Cannot find module '../base-repository' or its corresponding type declarations.
src/database/daos/coordination-dao.ts(25,17): error TS2339: Property 'repository' does not exist on type 'CoordinationDAO<T>'.
src/database/daos/coordination-dao.ts(47,10): error TS2339: Property 'logger' does not exist on type 'CoordinationDAO<T>'.
src/database/daos/coordination-dao.ts(73,36): error TS2339: Property 'executeTransaction' does not exist on type 'CoordinationDAO<T>'.
src/database/daos/coordination-dao.ts(87,18): error TS2339: Property 'logger' does not exist on type 'CoordinationDAO<T>'.
src/database/daos/coordination-dao.ts(92,12): error TS2339: Property 'logger' does not exist on type 'CoordinationDAO<T>'.
src/database/daos/coordination-dao.ts(124,10): error TS2339: Property 'logger' does not exist on type 'CoordinationDAO<T>'.
src/database/daos/coordination-dao.ts(169,12): error TS2339: Property 'logger' does not exist on type 'CoordinationDAO<T>'.
src/database/daos/coordination-dao.ts(202,10): error TS2339: Property 'logger' does not exist on type 'CoordinationDAO<T>'.
src/database/daos/coordination-dao.ts(212,62): error TS2551: Property 'tryAcquireLock' does not exist on type 'ICoordinationRepository<T>'. Did you mean 'acquireLock'?
src/database/daos/coordination-dao.ts(239,12): error TS2339: Property 'logger' does not exist on type 'CoordinationDAO<T>'.
src/database/daos/coordination-dao.ts(276,10): error TS2339: Property 'logger' does not exist on type 'CoordinationDAO<T>'.
src/database/daos/coordination-dao.ts(310,11): error TS2322: Type '{ workflowId: string; completed: boolean; results: Record<string, any>; errors: Record<string, string>; executionTime: number; }' is not assignable to type 'T'.
  'T' could be instantiated with an arbitrary type which could be unrelated to '{ workflowId: string; completed: boolean; results: Record<string, any>; errors: Record<string, string>; executionTime: number; }'.
src/database/daos/coordination-dao.ts(332,12): error TS2339: Property 'logger' does not exist on type 'CoordinationDAO<T>'.
src/database/daos/coordination-dao.ts(367,61): error TS2339: Property 'getActiveLocks' does not exist on type 'ICoordinationRepository<T>'.
src/database/daos/coordination-dao.ts(368,63): error TS2339: Property 'getSubscriptions' does not exist on type 'ICoordinationRepository<T>'.
src/database/daos/coordination-dao.ts(389,12): error TS2339: Property 'logger' does not exist on type 'CoordinationDAO<T>'.
src/database/daos/coordination-dao.ts(474,10): error TS2339: Property 'logger' does not exist on type 'CoordinationDAO<T>'.
src/database/daos/coordination-dao.ts(538,35): error TS2339: Property 'executeTransaction' does not exist on type 'CoordinationDAO<T>'.
src/database/daos/coordination-dao.ts(559,35): error TS2339: Property 'executeTransaction' does not exist on type 'CoordinationDAO<T>'.
src/database/daos/graph-dao.ts(8,38): error TS2307: Cannot find module '../base-repository' or its corresponding type declarations.
src/database/daos/graph-dao.ts(19,17): error TS2339: Property 'repository' does not exist on type 'GraphDAO<T>'.
src/database/daos/graph-dao.ts(28,10): error TS2339: Property 'logger' does not exist on type 'GraphDAO<T>'.
src/database/daos/graph-dao.ts(31,25): error TS2339: Property 'adapter' does not exist on type 'GraphDAO<T>'.
src/database/daos/graph-dao.ts(42,39): error TS2339: Property 'repository' does not exist on type 'GraphDAO<T>'.
src/database/daos/graph-dao.ts(59,37): error TS2339: Property 'repository' does not exist on type 'GraphDAO<T>'.
src/database/daos/graph-dao.ts(65,37): error TS2339: Property 'repository' does not exist on type 'GraphDAO<T>'.
src/database/daos/graph-dao.ts(77,39): error TS2339: Property 'repository' does not exist on type 'GraphDAO<T>'.
src/database/daos/graph-dao.ts(92,12): error TS2339: Property 'logger' does not exist on type 'GraphDAO<T>'.
src/database/daos/graph-dao.ts(114,10): error TS2339: Property 'logger' does not exist on type 'GraphDAO<T>'.
src/database/daos/graph-dao.ts(117,25): error TS2339: Property 'adapter' does not exist on type 'GraphDAO<T>'.
src/database/daos/graph-dao.ts(123,35): error TS2339: Property 'repository' does not exist on type 'GraphDAO<T>'.
src/database/daos/graph-dao.ts(148,12): error TS2339: Property 'logger' does not exist on type 'GraphDAO<T>'.
src/database/daos/graph-dao.ts(165,10): error TS2339: Property 'logger' does not exist on type 'GraphDAO<T>'.
src/database/daos/graph-dao.ts(233,12): error TS2339: Property 'logger' does not exist on type 'GraphDAO<T>'.
src/database/daos/graph-dao.ts(254,10): error TS2339: Property 'logger' does not exist on type 'GraphDAO<T>'.
src/database/daos/graph-dao.ts(267,12): error TS2339: Property 'logger' does not exist on type 'GraphDAO<T>'.
src/database/daos/graph-dao.ts(281,10): error TS2339: Property 'logger' does not exist on type 'GraphDAO<T>'.
src/database/daos/graph-dao.ts(295,12): error TS2339: Property 'logger' does not exist on type 'GraphDAO<T>'.
src/database/daos/graph-dao.ts(297,12): error TS2339: Property 'logger' does not exist on type 'GraphDAO<T>'.
src/database/daos/graph-dao.ts(314,10): error TS2339: Property 'logger' does not exist on type 'GraphDAO<T>'.
src/database/daos/graph-dao.ts(322,16): error TS2339: Property 'logger' does not exist on type 'GraphDAO<T>'.
src/database/daos/graph-dao.ts(326,12): error TS2339: Property 'logger' does not exist on type 'GraphDAO<T>'.
src/database/daos/graph-dao.ts(328,12): error TS2339: Property 'logger' does not exist on type 'GraphDAO<T>'.
src/database/daos/graph-dao.ts(393,48): error TS2339: Property 'getGraphStats' does not exist on type 'IGraphRepository<T>'.
src/database/daos/graph-dao.ts(403,12): error TS2339: Property 'logger' does not exist on type 'GraphDAO<T>'.
src/database/daos/memory-dao.ts(8,38): error TS2307: Cannot find module '../base-repository' or its corresponding type declarations.
src/database/daos/memory-dao.ts(19,17): error TS2339: Property 'repository' does not exist on type 'MemoryDAO<T>'.
src/database/daos/memory-dao.ts(28,10): error TS2339: Property 'logger' does not exist on type 'MemoryDAO<T>'.
src/database/daos/memory-dao.ts(40,35): error TS2339: Property 'repository' does not exist on type 'MemoryDAO<T>'.
src/database/daos/memory-dao.ts(52,35): error TS2339: Property 'repository' does not exist on type 'MemoryDAO<T>'.
src/database/daos/memory-dao.ts(58,35): error TS2339: Property 'repository' does not exist on type 'MemoryDAO<T>'.
src/database/daos/memory-dao.ts(65,37): error TS2339: Property 'repository' does not exist on type 'MemoryDAO<T>'.
src/database/daos/memory-dao.ts(67,37): error TS2339: Property 'repository' does not exist on type 'MemoryDAO<T>'.
src/database/daos/memory-dao.ts(81,12): error TS2339: Property 'logger' does not exist on type 'MemoryDAO<T>'.
src/database/daos/memory-dao.ts(111,10): error TS2339: Property 'logger' does not exist on type 'MemoryDAO<T>'.
src/database/daos/memory-dao.ts(157,10): error TS2339: Property 'logger' does not exist on type 'MemoryDAO<T>'.
src/database/daos/memory-dao.ts(177,10): error TS2339: Property 'logger' does not exist on type 'MemoryDAO<T>'.
src/database/daos/memory-dao.ts(203,12): error TS2339: Property 'logger' does not exist on type 'MemoryDAO<T>'.
src/database/daos/memory-dao.ts(211,12): error TS2339: Property 'logger' does not exist on type 'MemoryDAO<T>'.
src/database/daos/memory-dao.ts(230,10): error TS2339: Property 'logger' does not exist on type 'MemoryDAO<T>'.
src/database/daos/memory-dao.ts(263,12): error TS2339: Property 'logger' does not exist on type 'MemoryDAO<T>'.
src/database/daos/memory-dao.ts(273,12): error TS2339: Property 'logger' does not exist on type 'MemoryDAO<T>'.
src/database/daos/memory-dao.ts(293,10): error TS2339: Property 'logger' does not exist on type 'MemoryDAO<T>'.
src/database/daos/memory-dao.ts(315,12): error TS2339: Property 'logger' does not exist on type 'MemoryDAO<T>'.
src/database/daos/memory-dao.ts(343,10): error TS2339: Property 'logger' does not exist on type 'MemoryDAO<T>'.
src/database/daos/memory-dao.ts(356,51): error TS2345: Argument of type '{ id: string; createdAt: Date; ttl: number; maxSize: number; evictionPolicy: "lru" | "random" | "fifo"; itemCount: number; lastAccessed: Date; }' is not assignable to parameter of type 'T'.
  'T' could be instantiated with an arbitrary type which could be unrelated to '{ id: string; createdAt: Date; ttl: number; maxSize: number; evictionPolicy: "lru" | "random" | "fifo"; itemCount: number; lastAccessed: Date; }'.
src/database/daos/memory-dao.ts(429,16): error TS2339: Property 'logger' does not exist on type 'MemoryDAO<T>'.
src/database/daos/memory-dao.ts(437,33): error TS2339: Property 'repository' does not exist on type 'MemoryDAO<T>'.
src/database/daos/memory-dao.ts(446,14): error TS2339: Property 'logger' does not exist on type 'MemoryDAO<T>'.
src/database/daos/memory-dao.ts(460,35): error TS2339: Property 'repository' does not exist on type 'MemoryDAO<T>'.
src/database/daos/memory-dao.ts(467,14): error TS2339: Property 'logger' does not exist on type 'MemoryDAO<T>'.
src/database/daos/memory-dao.ts(481,35): error TS2339: Property 'repository' does not exist on type 'MemoryDAO<T>'.
src/database/daos/memory-dao.ts(488,14): error TS2339: Property 'logger' does not exist on type 'MemoryDAO<T>'.
src/database/daos/relational-dao.ts(8,38): error TS2307: Cannot find module '../base-repository' or its corresponding type declarations.
src/database/daos/relational-dao.ts(24,10): error TS2339: Property 'logger' does not exist on type 'RelationalDAO<T>'.
src/database/daos/relational-dao.ts(29,25): error TS2339: Property 'adapter' does not exist on type 'RelationalDAO<T>'.
src/database/daos/relational-dao.ts(38,37): error TS2339: Property 'repository' does not exist on type 'RelationalDAO<T>'.
src/database/daos/relational-dao.ts(45,37): error TS2339: Property 'repository' does not exist on type 'RelationalDAO<T>'.
src/database/daos/relational-dao.ts(51,37): error TS2339: Property 'repository' does not exist on type 'RelationalDAO<T>'.
src/database/daos/relational-dao.ts(66,39): error TS2339: Property 'repository' does not exist on type 'RelationalDAO<T>'.
src/database/daos/relational-dao.ts(81,12): error TS2339: Property 'logger' does not exist on type 'RelationalDAO<T>'.
src/database/daos/relational-dao.ts(95,10): error TS2339: Property 'logger' does not exist on type 'RelationalDAO<T>'.
src/database/daos/relational-dao.ts(102,41): error TS2339: Property 'adapter' does not exist on type 'RelationalDAO<T>'.
src/database/daos/relational-dao.ts(103,55): error TS2339: Property 'repository' does not exist on type 'RelationalDAO<T>'.
src/database/daos/relational-dao.ts(109,14): error TS2339: Property 'logger' does not exist on type 'RelationalDAO<T>'.
src/database/daos/relational-dao.ts(116,10): error TS2339: Property 'logger' does not exist on type 'RelationalDAO<T>'.
src/database/daos/relational-dao.ts(126,10): error TS2339: Property 'logger' does not exist on type 'RelationalDAO<T>'.
src/database/daos/relational-dao.ts(129,25): error TS2339: Property 'adapter' does not exist on type 'RelationalDAO<T>'.
src/database/daos/relational-dao.ts(133,37): error TS2339: Property 'repository' does not exist on type 'RelationalDAO<T>'.
src/database/daos/relational-dao.ts(140,12): error TS2339: Property 'logger' does not exist on type 'RelationalDAO<T>'.
src/database/daos/relational-dao.ts(154,10): error TS2339: Property 'logger' does not exist on type 'RelationalDAO<T>'.
src/database/daos/relational-dao.ts(159,33): error TS2339: Property 'adapter' does not exist on type 'RelationalDAO<T>'.
src/database/daos/relational-dao.ts(163,12): error TS2339: Property 'logger' does not exist on type 'RelationalDAO<T>'.
src/database/daos/relational-dao.ts(176,10): error TS2339: Property 'logger' does not exist on type 'RelationalDAO<T>'.
src/database/daos/relational-dao.ts(180,42): error TS2339: Property 'adapter' does not exist on type 'RelationalDAO<T>'.
src/database/daos/relational-dao.ts(193,12): error TS2339: Property 'logger' does not exist on type 'RelationalDAO<T>'.
src/database/daos/vector-dao.ts(8,38): error TS2307: Cannot find module '../base-repository' or its corresponding type declarations.
src/database/daos/vector-dao.ts(24,17): error TS2339: Property 'repository' does not exist on type 'VectorDAO<T>'.
src/database/daos/vector-dao.ts(33,10): error TS2339: Property 'logger' does not exist on type 'VectorDAO<T>'.
src/database/daos/vector-dao.ts(36,25): error TS2339: Property 'adapter' does not exist on type 'VectorDAO<T>'.
src/database/daos/vector-dao.ts(50,39): error TS2339: Property 'repository' does not exist on type 'VectorDAO<T>'.
src/database/daos/vector-dao.ts(58,37): error TS2339: Property 'repository' does not exist on type 'VectorDAO<T>'.
src/database/daos/vector-dao.ts(64,37): error TS2339: Property 'repository' does not exist on type 'VectorDAO<T>'.
src/database/daos/vector-dao.ts(71,39): error TS2339: Property 'repository' does not exist on type 'VectorDAO<T>'.
src/database/daos/vector-dao.ts(73,39): error TS2339: Property 'repository' does not exist on type 'VectorDAO<T>'.
src/database/daos/vector-dao.ts(88,12): error TS2339: Property 'logger' does not exist on type 'VectorDAO<T>'.
src/database/daos/vector-dao.ts(120,10): error TS2339: Property 'logger' does not exist on type 'VectorDAO<T>'.
src/database/daos/vector-dao.ts(134,37): error TS2339: Property 'repository' does not exist on type 'VectorDAO<T>'.
src/database/daos/vector-dao.ts(157,12): error TS2339: Property 'logger' does not exist on type 'VectorDAO<T>'.
src/database/daos/vector-dao.ts(160,12): error TS2339: Property 'logger' does not exist on type 'VectorDAO<T>'.
src/database/daos/vector-dao.ts(174,10): error TS2339: Property 'logger' does not exist on type 'VectorDAO<T>'.
src/database/daos/vector-dao.ts(202,12): error TS2339: Property 'logger' does not exist on type 'VectorDAO<T>'.
src/database/daos/vector-dao.ts(225,10): error TS2339: Property 'logger' does not exist on type 'VectorDAO<T>'.
src/database/daos/vector-dao.ts(248,43): error TS2339: Property 'updateVector' does not exist on type 'IVectorRepository<T>'.
src/database/daos/vector-dao.ts(262,41): error TS2339: Property 'repository' does not exist on type 'VectorDAO<T>'.
src/database/daos/vector-dao.ts(264,45): error TS2339: Property 'updateVector' does not exist on type 'IVectorRepository<T>'.
src/database/daos/vector-dao.ts(279,14): error TS2339: Property 'logger' does not exist on type 'VectorDAO<T>'.
src/database/daos/vector-dao.ts(290,10): error TS2339: Property 'logger' does not exist on type 'VectorDAO<T>'.
src/database/daos/vector-dao.ts(315,10): error TS2339: Property 'logger' does not exist on type 'VectorDAO<T>'.
src/database/daos/vector-dao.ts(343,12): error TS2339: Property 'logger' does not exist on type 'VectorDAO<T>'.
src/database/daos/vector-dao.ts(346,12): error TS2339: Property 'logger' does not exist on type 'VectorDAO<T>'.
src/database/daos/vector-dao.ts(415,10): error TS2339: Property 'logger' does not exist on type 'VectorDAO<T>'.
src/database/daos/vector-dao.ts(474,36): error TS2339: Property 'repository' does not exist on type 'VectorDAO<T>'.
src/database/daos/vector-dao.ts(501,33): error TS2339: Property 'repository' does not exist on type 'VectorDAO<T>'.
src/database/factory.ts(49,56): error TS2307: Cannot find module '../../core/interfaces/base-interfaces' or its corresponding type declarations.
src/database/factory.ts(52,62): error TS2307: Cannot find module '../providers/database-providers' or its corresponding type declarations.
src/database/factory.ts(358,12): error TS2551: Property 'logger' does not exist on type 'DALFactory'. Did you mean '_logger'?
src/database/factory.ts(362,10): error TS2551: Property 'logger' does not exist on type 'DALFactory'. Did you mean '_logger'?
src/database/factory.ts(376,12): error TS2551: Property 'logger' does not exist on type 'DALFactory'. Did you mean '_logger'?
src/database/factory.ts(447,12): error TS2551: Property 'logger' does not exist on type 'DALFactory'. Did you mean '_logger'?
src/database/factory.ts(451,10): error TS2551: Property 'logger' does not exist on type 'DALFactory'. Did you mean '_logger'?
src/database/factory.ts(468,12): error TS2551: Property 'logger' does not exist on type 'DALFactory'. Did you mean '_logger'?
src/database/factory.ts(566,10): error TS2551: Property 'logger' does not exist on type 'DALFactory'. Did you mean '_logger'?
src/database/factory.ts(1101,10): error TS2551: Property 'logger' does not exist on type 'DALFactory'. Did you mean '_logger'?
src/database/factory.ts(1113,68): error TS2551: Property 'logger' does not exist on type 'DALFactory'. Did you mean '_logger'?
src/database/factory.ts(1120,10): error TS2551: Property 'logger' does not exist on type 'DALFactory'. Did you mean '_logger'?
src/database/factory.ts(1171,51): error TS2307: Cannot find module './repositories/relational-repository' or its corresponding type declarations.
src/database/factory.ts(1172,46): error TS2307: Cannot find module './repositories/graph-repository' or its corresponding type declarations.
src/database/factory.ts(1173,47): error TS2307: Cannot find module './repositories/vector-repository' or its corresponding type declarations.
src/database/factory.ts(1174,47): error TS2307: Cannot find module './repositories/memory-repository' or its corresponding type declarations.
src/database/factory.ts(1175,53): error TS2307: Cannot find module './repositories/coordination-repository' or its corresponding type declarations.
src/database/factory.ts(1182,16): error TS2347: Untyped function calls may not accept type arguments.
src/database/factory.ts(1182,53): error TS2551: Property 'logger' does not exist on type 'DALFactory'. Did you mean '_logger'?
src/database/factory.ts(1185,16): error TS2347: Untyped function calls may not accept type arguments.
src/database/factory.ts(1185,54): error TS2551: Property 'logger' does not exist on type 'DALFactory'. Did you mean '_logger'?
src/database/factory.ts(1188,16): error TS2347: Untyped function calls may not accept type arguments.
src/database/factory.ts(1190,16): error TS2551: Property 'logger' does not exist on type 'DALFactory'. Did you mean '_logger'?
src/database/factory.ts(1197,16): error TS2347: Untyped function calls may not accept type arguments.
src/database/factory.ts(1197,60): error TS2551: Property 'logger' does not exist on type 'DALFactory'. Did you mean '_logger'?
src/database/factory.ts(1199,16): error TS2347: Untyped function calls may not accept type arguments.
src/database/factory.ts(1199,58): error TS2551: Property 'logger' does not exist on type 'DALFactory'. Did you mean '_logger'?
src/database/factory.ts(1216,9): error TS2739: Type 'GraphDAO<T>' is missing the following properties from type 'IDataAccessObject<T>': getRepository, executeTransaction, getMetadata, healthCheck, getMetrics
src/database/factory.ts(1216,32): error TS2554: Expected 0 arguments, but got 3.
src/database/factory.ts(1216,81): error TS2551: Property 'logger' does not exist on type 'DALFactory'. Did you mean '_logger'?
src/database/factory.ts(1219,9): error TS2739: Type 'VectorDAO<T>' is missing the following properties from type 'IDataAccessObject<T>': getRepository, executeTransaction, getMetadata, healthCheck, getMetrics
src/database/factory.ts(1219,33): error TS2554: Expected 0 arguments, but got 3.
src/database/factory.ts(1219,83): error TS2551: Property 'logger' does not exist on type 'DALFactory'. Did you mean '_logger'?
src/database/factory.ts(1222,9): error TS2739: Type 'MemoryDAO<T>' is missing the following properties from type 'IDataAccessObject<T>': getRepository, executeTransaction, getMetadata, healthCheck, getMetrics
src/database/factory.ts(1222,33): error TS2554: Expected 0 arguments, but got 3.
src/database/factory.ts(1222,83): error TS2551: Property 'logger' does not exist on type 'DALFactory'. Did you mean '_logger'?
src/database/factory.ts(1225,9): error TS2739: Type 'CoordinationDAO<T>' is missing the following properties from type 'IDataAccessObject<T>': getRepository, executeTransaction, getMetadata, healthCheck, getMetrics
src/database/factory.ts(1226,11): error TS2554: Expected 0 arguments, but got 3.
src/database/factory.ts(1228,16): error TS2551: Property 'logger' does not exist on type 'DALFactory'. Did you mean '_logger'?
src/database/factory.ts(1231,9): error TS2739: Type 'RelationalDAO<T>' is missing the following properties from type 'IDataAccessObject<T>': getRepository, executeTransaction, getMetadata, healthCheck, getMetrics
src/database/factory.ts(1231,37): error TS2554: Expected 0 arguments, but got 3.
src/database/factory.ts(1231,63): error TS2551: Property 'logger' does not exist on type 'DALFactory'. Did you mean '_logger'?
src/database/index.ts(57,8): error TS2614: Module '"./factory"' has no exported member 'DaoConfig'. Did you mean to use 'import DaoConfig from "./factory"' instead?
src/database/index.ts(58,8): error TS2614: Module '"./factory"' has no exported member 'DaoType'. Did you mean to use 'import DaoType from "./factory"' instead?
src/database/index.ts(80,3): error TS2724: '"./interfaces"' has no exported member named 'ICoordinationDao'. Did you mean 'CoordinationLock'?
src/database/index.ts(81,3): error TS2305: Module '"./interfaces"' has no exported member 'IDao'.
src/database/index.ts(82,3): error TS2305: Module '"./interfaces"' has no exported member 'IGraphDao'.
src/database/index.ts(83,3): error TS2305: Module '"./interfaces"' has no exported member 'IManager'.
src/database/index.ts(84,3): error TS2305: Module '"./interfaces"' has no exported member 'IMemoryDao'.
src/database/index.ts(85,3): error TS2305: Module '"./interfaces"' has no exported member 'IVectorDao'.
src/database/index.ts(175,12): error TS2304: Cannot find name 'IDao'.
src/database/index.ts(177,40): error TS2307: Cannot find module '../../di/container/di-container' or its corresponding type declarations.
src/database/index.ts(178,40): error TS2307: Cannot find module '../../di/tokens/core-tokens' or its corresponding type declarations.
src/database/index.ts(195,16): error TS2347: Untyped function calls may not accept type arguments.
src/database/index.ts(253,12): error TS2304: Cannot find name 'IManager'.
src/database/index.ts(255,40): error TS2307: Cannot find module '../../di/container/di-container' or its corresponding type declarations.
src/database/index.ts(256,40): error TS2307: Cannot find module '../../di/tokens/core-tokens' or its corresponding type declarations.
src/database/index.ts(271,16): error TS2347: Untyped function calls may not accept type arguments.
src/database/index.ts(373,12): error TS2304: Cannot find name 'MultiDatabaseDAO'.
src/database/index.ts(375,40): error TS2307: Cannot find module '../../di/container/di-container' or its corresponding type declarations.
src/database/index.ts(376,40): error TS2307: Cannot find module '../../di/tokens/core-tokens' or its corresponding type declarations.
src/database/index.ts(403,16): error TS2347: Untyped function calls may not accept type arguments.
src/database/managers/adr-manager.ts(74,56): error TS2339: Property 'name' does not exist on type 'BaseDocumentEntity'.
src/database/managers/adr-manager.ts(80,9): error TS2353: Object literal may only specify known properties, and 'owner' does not exist in type 'Omit<ProjectEntity, "id" | "created_at" | "updated_at">'.
src/database/managers/adr-manager.ts(116,9): error TS2322: Type '"proposed"' is not assignable to type '"review" | "draft" | "approved" | "archived"'.
src/database/managers/adr-manager.ts(134,9): error TS2322: Type 'string' is not assignable to type 'string[]'.
src/database/managers/adr-manager.ts(135,9): error TS2322: Type '{ name: string; pros: string[]; cons: string[]; rejected_reason: string; }[]' is not assignable to type 'string[]'.
  Type '{ name: string; pros: string[]; cons: string[]; rejected_reason: string; }' is not assignable to type 'string'.
src/database/managers/adr-manager.ts(162,29): error TS2339: Property 'metadata' does not exist on type 'BaseDocumentEntity'.
src/database/managers/adr-manager.ts(282,35): error TS2339: Property 'metadata' does not exist on type 'ADRDocumentEntity'.
src/database/managers/adr-manager.ts(292,35): error TS2339: Property 'metadata' does not exist on type 'ADRDocumentEntity'.
src/database/managers/adr-manager.ts(314,7): error TS2322: Type '"proposed" | "deprecated" | "superseded" | "discussion" | "decided" | "implemented"' is not assignable to type '"review" | "draft" | "approved" | "archived"'.
  Type '"proposed"' is not assignable to type '"review" | "draft" | "approved" | "archived"'.
src/database/managers/adr-manager.ts(316,16): error TS2339: Property 'metadata' does not exist on type 'ADRDocumentEntity'.
src/database/managers/adr-manager.ts(323,9): error TS2367: This comparison appears to be unintentional because the types '"proposed" | "deprecated" | "superseded" | "discussion" | "decided" | "implemented"' and '"review" | "draft" | "approved" | "archived"' have no overlap.
src/database/managers/adr-manager.ts(351,7): error TS2322: Type '"superseded"' is not assignable to type '"review" | "draft" | "approved" | "archived"'.
src/database/managers/adr-manager.ts(353,19): error TS2339: Property 'metadata' does not exist on type 'ADRDocumentEntity'.
src/database/managers/adr-manager.ts(354,31): error TS2339: Property 'metadata' does not exist on type 'ADRDocumentEntity'.
src/database/managers/adr-manager.ts(362,7): error TS2353: Object literal may only specify known properties, and 'metadata' does not exist in type 'Partial<Omit<BaseDocumentEntity, "id" | "checksum" | "created_at" | "updated_at">>'.
src/database/managers/adr-manager.ts(363,19): error TS2339: Property 'metadata' does not exist on type 'ADRDocumentEntity'.
src/database/managers/adr-manager.ts(364,33): error TS2339: Property 'metadata' does not exist on type 'ADRDocumentEntity'.
src/database/managers/adr-manager.ts(364,69): error TS2339: Property 'metadata' does not exist on type 'ADRDocumentEntity'.
src/database/managers/adr-manager.ts(369,27): error TS2341: Property 'relationshipRepository' is private and only accessible within class 'DocumentManager'.
src/database/managers/adr-manager.ts(370,7): error TS2353: Object literal may only specify known properties, and 'id' does not exist in type 'Omit<DocumentRelationshipEntity, "id">'.
src/database/managers/adr-manager.ts(415,11): error TS2367: This comparison appears to be unintentional because the types '"review" | "draft" | "approved" | "archived"' and '"decided"' have no overlap.
src/database/managers/adr-manager.ts(420,11): error TS2367: This comparison appears to be unintentional because the types '"review" | "draft" | "approved" | "archived"' and '"decided"' have no overlap.
src/database/managers/adr-manager.ts(421,11): error TS2367: This comparison appears to be unintentional because the types '"review" | "draft" | "approved" | "archived"' and '"implemented"' have no overlap.
src/database/managers/adr-manager.ts(448,21): error TS2339: Property 'metadata' does not exist on type 'ADRDocumentEntity'.
src/database/managers/adr-manager.ts(449,17): error TS2339: Property 'metadata' does not exist on type 'ADRDocumentEntity'.
src/database/managers/adr-manager.ts(455,22): error TS2339: Property 'summary' does not exist on type 'ADRDocumentEntity'.
src/database/managers/adr-manager.ts(576,61): error TS2339: Property 'length' does not exist on type 'never'.
src/database/managers/adr-proposal-system.ts(64,7): error TS2322: Type '{ name: string; pros: string[]; cons: string[]; why_not_chosen: string; }[]' is not assignable to type '{ name: string; pros: string[]; cons: string[]; rejected_reason: string; }[]'.
  Property 'rejected_reason' is missing in type '{ name: string; pros: string[]; cons: string[]; why_not_chosen: string; }' but required in type '{ name: string; pros: string[]; cons: string[]; rejected_reason: string; }'.
src/database/managers/adr-proposal-system.ts(108,11): error TS2304: Cannot find name 'documentManager'.
src/database/managers/adr-proposal-system.ts(110,20): error TS2339: Property 'metadata' does not exist on type 'ADRDocumentEntity'.
src/database/managers/adr-proposal-system.ts(112,23): error TS2339: Property 'metadata' does not exist on type 'ADRDocumentEntity'.
src/database/managers/adr-proposal-system.ts(168,7): error TS2345: Argument of type '"rejected" | "decided"' is not assignable to parameter of type '"proposed" | "deprecated" | "superseded" | "discussion" | "decided" | "implemented"'.
  Type '"rejected"' is not assignable to type '"proposed" | "deprecated" | "superseded" | "discussion" | "decided" | "implemented"'.
src/database/managers/adr-proposal-system.ts(173,11): error TS2304: Cannot find name 'documentManager'.
src/database/managers/adr-proposal-system.ts(176,20): error TS2339: Property 'metadata' does not exist on type 'ADRDocumentEntity'.
src/database/managers/adr-proposal-system.ts(209,13): error TS2339: Property 'metadata' does not exist on type 'ADRDocumentEntity'.
src/database/managers/adr-proposal-system.ts(210,13): error TS2339: Property 'metadata' does not exist on type 'ADRDocumentEntity'.
src/database/managers/adr-proposal-system.ts(237,13): error TS2339: Property 'metadata' does not exist on type 'ADRDocumentEntity'.
src/database/managers/adr-proposal-system.ts(238,13): error TS2339: Property 'metadata' does not exist on type 'ADRDocumentEntity'.
src/database/managers/adr-proposal-system.ts(420,24): error TS2339: Property 'metadata' does not exist on type 'ADRDocumentEntity'.
src/database/managers/adr-proposal-system.ts(420,55): error TS2339: Property 'metadata' does not exist on type 'ADRDocumentEntity'.
src/database/managers/document-manager.ts(93,10): error TS2339: Property 'documentDAO' does not exist on type 'DocumentManager'.
src/database/managers/document-manager.ts(95,10): error TS2339: Property 'projectDAO' does not exist on type 'DocumentManager'.
src/database/managers/document-manager.ts(423,29): error TS2339: Property 'tokenizeText' does not exist on type 'DocumentManager'.
src/database/managers/document-manager.ts(428,29): error TS2339: Property 'tokenizeText' does not exist on type 'DocumentManager'.
src/database/managers/document-manager.ts(432,25): error TS2339: Property 'calculateTermFrequency' does not exist on type 'DocumentManager'.
src/database/managers/document-manager.ts(433,26): error TS2339: Property 'calculateInverseDocumentFrequency' does not exist on type 'DocumentManager'.
src/database/managers/document-manager.ts(474,30): error TS2339: Property 'tokenizeText' does not exist on type 'DocumentManager'.
src/database/managers/document-manager.ts(477,30): error TS2339: Property 'tokenizeText' does not exist on type 'DocumentManager'.
src/database/managers/document-manager.ts(480,40): error TS2339: Property 'expandTokensWithSynonyms' does not exist on type 'DocumentManager'.
src/database/managers/document-manager.ts(481,38): error TS2339: Property 'expandTokensWithSynonyms' does not exist on type 'DocumentManager'.
src/database/managers/document-manager.ts(483,31): error TS2339: Property 'calculateJaccardSimilarity' does not exist on type 'DocumentManager'.
src/database/managers/document-manager.ts(486,36): error TS2339: Property 'calculateConceptualSimilarity' does not exist on type 'DocumentManager'.
src/database/managers/document-manager.ts(698,7): error TS2561: Object literal may only specify known properties, but 'workflow_rules' does not exist in type 'DocumentWorkflowStateEntity'. Did you mean to write 'workflow_results'?
src/database/managers/document-manager.ts(844,50): error TS2322: Type 'string' is not assignable to type '"review" | "draft" | "approved" | "archived"'.
src/database/managers/document-manager.ts(849,11): error TS2353: Object literal may only specify known properties, and 'metadata' does not exist in type 'Partial<Omit<BaseDocumentEntity, "id" | "checksum" | "created_at" | "updated_at">>'.
src/database/managers/document-manager.ts(850,25): error TS2339: Property 'metadata' does not exist on type 'BaseDocumentEntity'.
src/database/managers/document-manager.ts(920,55): error TS2345: Argument of type '{ type: DocumentType; title: string; content: string; summary: string; author: string; project_id: string; status: string; priority: string; keywords: string[]; metadata: { source_document_id: string; auto_generated: boolean; generated_by_rule: boolean; generation_timestamp: string; }; }' is not assignable to parameter of type 'Omit<BaseDocumentEntity, "id" | "checksum" | "created_at" | "updated_at">'.
  Type '{ type: DocumentType; title: string; content: string; summary: string; author: string; project_id: string; status: string; priority: string; keywords: string[]; metadata: { source_document_id: string; auto_generated: boolean; generated_by_rule: boolean; generation_timestamp: string; }; }' is missing the following properties from type 'Omit<BaseDocumentEntity, "id" | "checksum" | "created_at" | "updated_at">': dependencies, version, tags, related_documents, and 2 more.
src/database/managers/document-manager.ts(928,7): error TS2353: Object literal may only specify known properties, and 'id' does not exist in type 'Omit<DocumentRelationshipEntity, "id">'.
src/database/managers/document-manager.ts(1059,11): error TS2739: Type '{ vision: string; adr: string; prd: string; epic: string; feature: string; task: string; }' is missing the following properties from type 'Record<DocumentType, string>': code, documentation, test
src/database/managers/document-manager.ts(1125,9): error TS2353: Object literal may only specify known properties, and 'id' does not exist in type 'Omit<DocumentRelationshipEntity, "id">'.
src/database/managers/document-manager.ts(1142,11): error TS2739: Type '{ vision: undefined[]; adr: "vision"[]; prd: ("vision" | "adr")[]; epic: ("vision" | "prd")[]; feature: ("prd" | "epic")[]; task: ("feature" | "epic")[]; }' is missing the following properties from type 'Record<DocumentType, DocumentType[]>': code, documentation, test
src/database/managers/document-manager.ts(1169,13): error TS2322: Type '"derives_from"' is not assignable to type '"depends_on" | "implements" | "supersedes" | "generates" | "relates_to"'.
src/database/managers/document-manager.ts(1209,11): error TS2353: Object literal may only specify known properties, and 'strength' does not exist in type 'Omit<DocumentRelationshipEntity, "id" | "created_at">'.
src/database/managers/document-manager.ts(1224,11): error TS2322: Type '"references"' is not assignable to type '"depends_on" | "implements" | "supersedes" | "generates" | "relates_to"'.
src/database/managers/document-manager.ts(1259,20): error TS2339: Property 'metadata' does not exist on type 'BaseDocumentEntity'.
src/database/managers/document-manager.ts(1264,13): error TS2353: Object literal may only specify known properties, and 'strength' does not exist in type 'Omit<DocumentRelationshipEntity, "id" | "created_at">'.
src/database/mcp/database-tools.ts(8,52): error TS2307: Cannot find module '../core/database-coordinator' or its corresponding type declarations.
src/database/mcp/database-tools.ts(9,37): error TS2307: Cannot find module '../core/database-coordinator' or its corresponding type declarations.
src/database/mcp/database-tools.ts(10,32): error TS2307: Cannot find module '../optimization/query-optimizer' or its corresponding type declarations.
src/database/mcp/database-tools.ts(934,15): error TS18004: No value exists in scope for the shorthand property 'healthPercentage'. Either declare one or provide an initializer.
src/database/mcp/database-tools.ts(1055,14): error TS2304: Cannot find name 'EntityTypes'.
src/database/mcp/database-tools.ts(1057,14): error TS2304: Cannot find name 'EntityTypes'.
src/database/mcp/database-tools.ts(1059,14): error TS2304: Cannot find name 'EntityTypes'.
src/database/mcp/database-tools.ts(1061,14): error TS2304: Cannot find name 'EntityTypes'.
src/database/mcp/database-tools.ts(1063,14): error TS2304: Cannot find name 'EntityTypes'.
src/database/mcp/database-tools.ts(1065,14): error TS2304: Cannot find name 'EntityTypes'.
src/database/mcp/database-tools.ts(1072,14): error TS2304: Cannot find name 'DatabaseTypes'.
src/database/mcp/database-tools.ts(1074,14): error TS2304: Cannot find name 'DatabaseTypes'.
src/database/mcp/database-tools.ts(1076,14): error TS2304: Cannot find name 'DatabaseTypes'.
src/database/mcp/database-tools.ts(1078,14): error TS2304: Cannot find name 'DatabaseTypes'.
src/database/mcp/database-tools.ts(1080,14): error TS2304: Cannot find name 'DatabaseTypes'.
src/database/mcp/database-tools.ts(1082,14): error TS2304: Cannot find name 'DatabaseTypes'.
src/database/mcp/database-tools.ts(1089,29): error TS2304: Cannot find name 'IRepository'.
src/database/mcp/database-tools.ts(1090,21): error TS2304: Cannot find name 'IDataAccessObject'.
src/database/providers/database-providers.ts(1584,15): error TS2339: Property 'createRepository' does not exist on type 'typeof import("/home/mhugo/code/claude-code-zen/src/database/index")'.
src/database/providers/database-providers.ts(1584,33): error TS2339: Property 'createDAO' does not exist on type 'typeof import("/home/mhugo/code/claude-code-zen/src/database/index")'.
src/database/services/document-service-legacy.ts(74,10): error TS2339: Property 'projectRepository' does not exist on type 'DocumentService'.
src/database/services/document-service-legacy.ts(75,10): error TS2339: Property 'relationshipRepository' does not exist on type 'DocumentService'.
src/database/services/document-service-legacy.ts(79,10): error TS2339: Property 'workflowRepository' does not exist on type 'DocumentService'.
src/database/services/document-service-legacy.ts(83,10): error TS2339: Property 'documentDAO' does not exist on type 'DocumentService'.
src/database/services/document-service-legacy.ts(141,18): error TS2304: Cannot find name 'DatabaseQuery'.
src/database/services/document-service-legacy.ts(161,31): error TS2339: Property 'coordinator' does not exist on type 'DocumentService'.
src/database/services/document-service-legacy.ts(171,16): error TS2339: Property 'relationships' does not exist on type 'T'.
src/database/services/document-service-legacy.ts(176,16): error TS2551: Property 'workflowState' does not exist on type 'T'. Did you mean 'workflow_stage'?
src/database/services/document-service-legacy.ts(207,24): error TS2304: Cannot find name 'DatabaseQuery'.
src/database/services/document-service-legacy.ts(227,16): error TS2339: Property 'coordinator' does not exist on type 'DocumentService'.
src/database/services/document-service-legacy.ts(258,24): error TS2304: Cannot find name 'DatabaseQuery'.
src/database/services/document-service-legacy.ts(277,16): error TS2339: Property 'coordinator' does not exist on type 'DocumentService'.
src/database/services/document-service-legacy.ts(313,18): error TS2304: Cannot find name 'DatabaseQuery'.
src/database/services/document-service-legacy.ts(340,31): error TS2339: Property 'coordinator' does not exist on type 'DocumentService'.
src/database/services/document-service-legacy.ts(371,16): error TS2304: Cannot find name 'DatabaseQuery'.
src/database/services/document-service-legacy.ts(387,31): error TS2339: Property 'coordinator' does not exist on type 'DocumentService'.
src/database/services/document-service-legacy.ts(426,24): error TS2304: Cannot find name 'DatabaseQuery'.
src/database/services/document-service-legacy.ts(445,16): error TS2339: Property 'coordinator' does not exist on type 'DocumentService'.
src/database/services/document-service-legacy.ts(466,25): error TS2304: Cannot find name 'DatabaseQuery'.
src/database/services/document-service-legacy.ts(485,38): error TS2339: Property 'coordinator' does not exist on type 'DocumentService'.
src/database/services/document-service-legacy.ts(546,24): error TS2304: Cannot find name 'DatabaseQuery'.
src/database/services/document-service-legacy.ts(565,16): error TS2339: Property 'coordinator' does not exist on type 'DocumentService'.
src/database/services/document-service-legacy.ts(596,24): error TS2304: Cannot find name 'DatabaseQuery'.
src/database/services/document-service-legacy.ts(616,16): error TS2339: Property 'coordinator' does not exist on type 'DocumentService'.
src/database/services/document-service-legacy.ts(675,69): error TS2304: Cannot find name 'DatabaseQuery'.
src/database/services/document-service-legacy.ts(701,69): error TS2304: Cannot find name 'DatabaseQuery'.
src/database/services/document-service-legacy.ts(725,68): error TS2304: Cannot find name 'DatabaseQuery'.
src/database/services/document-service-legacy.ts(749,69): error TS2304: Cannot find name 'DatabaseQuery'.
src/di/container/di-container.ts(58,14): error TS2339: Property 'recordResolutionMetric' does not exist on type 'DIContainer'.
src/di/examples/complete-system-integration.ts(26,7): error TS2420: Class 'ProductionLogger' incorrectly implements interface 'ILogger'.
  Property 'debug' is missing in type 'ProductionLogger' but required in type 'ILogger'.
src/di/examples/complete-system-integration.ts(67,7): error TS2420: Class 'EnhancedEventBus' incorrectly implements interface 'IEventBus'.
  Type 'EnhancedEventBus' is missing the following properties from type 'IEventBus': emit, on, off
src/di/examples/complete-system-integration.ts(73,10): error TS2551: Property 'logger' does not exist on type 'EnhancedEventBus'. Did you mean '_logger'?
src/di/examples/complete-system-integration.ts(80,16): error TS2551: Property 'logger' does not exist on type 'EnhancedEventBus'. Did you mean '_logger'?
src/di/examples/complete-system-integration.ts(91,10): error TS2551: Property 'logger' does not exist on type 'EnhancedEventBus'. Did you mean '_logger'?
src/di/examples/complete-system-integration.ts(103,7): error TS2420: Class 'SwarmDatabase' incorrectly implements interface 'IDatabase'.
  Type 'SwarmDatabase' is missing the following properties from type 'IDatabase': execute, transaction, createTask, updateTask, and 3 more.
src/di/examples/complete-system-integration.ts(109,10): error TS2551: Property 'logger' does not exist on type 'SwarmDatabase'. Did you mean '_logger'?
src/di/examples/complete-system-integration.ts(113,10): error TS2551: Property 'logger' does not exist on type 'SwarmDatabase'. Did you mean '_logger'?
src/di/examples/complete-system-integration.ts(120,10): error TS2551: Property 'logger' does not exist on type 'SwarmDatabase'. Did you mean '_logger'?
src/di/examples/complete-system-integration.ts(126,10): error TS2551: Property 'logger' does not exist on type 'SwarmDatabase'. Did you mean '_logger'?
src/di/examples/complete-system-integration.ts(140,9): error TS2416: Property 'registerAgent' in type 'AgentRegistry' is not assignable to the same property in base type 'IAgentRegistry'.
  Type '(id: string, agent: any) => Promise<void>' is not assignable to type '(agent: any) => Promise<void>'.
    Target signature provides too few arguments. Expected 2 or more, but got 1.
src/di/examples/complete-system-integration.ts(142,10): error TS2551: Property 'logger' does not exist on type 'AgentRegistry'. Did you mean '_logger'?
src/di/examples/complete-system-integration.ts(143,10): error TS2551: Property 'eventBus' does not exist on type 'AgentRegistry'. Did you mean '_eventBus'?
src/di/examples/complete-system-integration.ts(150,12): error TS2551: Property 'logger' does not exist on type 'AgentRegistry'. Did you mean '_logger'?
src/di/examples/complete-system-integration.ts(151,12): error TS2551: Property 'eventBus' does not exist on type 'AgentRegistry'. Did you mean '_eventBus'?
src/di/examples/complete-system-integration.ts(165,7): error TS2420: Class 'SwarmCoordinatorImplementation' incorrectly implements interface 'ISwarmCoordinator'.
  Type 'SwarmCoordinatorImplementation' is missing the following properties from type 'ISwarmCoordinator': assignTask, getMetrics, shutdown
src/di/examples/complete-system-integration.ts(176,10): error TS2551: Property 'logger' does not exist on type 'SwarmCoordinatorImplementation'. Did you mean '_logger'?
src/di/examples/complete-system-integration.ts(178,28): error TS2551: Property 'config' does not exist on type 'SwarmCoordinatorImplementation'. Did you mean '_config'?
src/di/examples/complete-system-integration.ts(179,27): error TS2551: Property 'config' does not exist on type 'SwarmCoordinatorImplementation'. Did you mean '_config'?
src/di/examples/complete-system-integration.ts(181,10): error TS2551: Property 'logger' does not exist on type 'SwarmCoordinatorImplementation'. Did you mean '_logger'?
src/di/examples/complete-system-integration.ts(184,10): error TS2551: Property 'eventBus' does not exist on type 'SwarmCoordinatorImplementation'. Did you mean '_eventBus'?
src/di/examples/complete-system-integration.ts(185,12): error TS2551: Property 'logger' does not exist on type 'SwarmCoordinatorImplementation'. Did you mean '_logger'?
src/di/examples/complete-system-integration.ts(189,10): error TS2551: Property 'eventBus' does not exist on type 'SwarmCoordinatorImplementation'. Did you mean '_eventBus'?
src/di/examples/complete-system-integration.ts(194,16): error TS2551: Property 'agentRegistry' does not exist on type 'SwarmCoordinatorImplementation'. Did you mean '_agentRegistry'?
src/di/examples/complete-system-integration.ts(195,10): error TS2551: Property 'logger' does not exist on type 'SwarmCoordinatorImplementation'. Did you mean '_logger'?
src/di/examples/complete-system-integration.ts(200,16): error TS2551: Property 'agentRegistry' does not exist on type 'SwarmCoordinatorImplementation'. Did you mean '_agentRegistry'?
src/di/examples/complete-system-integration.ts(201,10): error TS2551: Property 'logger' does not exist on type 'SwarmCoordinatorImplementation'. Did you mean '_logger'?
src/di/examples/complete-system-integration.ts(207,24): error TS2551: Property 'agentRegistry' does not exist on type 'SwarmCoordinatorImplementation'. Did you mean '_agentRegistry'?
src/di/examples/complete-system-integration.ts(214,7): error TS2420: Class 'NeuralNetworkTrainer' incorrectly implements interface 'INeuralNetworkTrainer'.
  Type 'NeuralNetworkTrainer' is missing the following properties from type 'INeuralNetworkTrainer': createNetwork, trainNetwork, evaluateNetwork, saveModel, loadModel
src/di/examples/complete-system-integration.ts(221,31): error TS2551: Property 'config' does not exist on type 'NeuralNetworkTrainer'. Did you mean '_config'?
src/di/examples/complete-system-integration.ts(222,10): error TS2551: Property 'logger' does not exist on type 'NeuralNetworkTrainer'. Did you mean '_logger'?
src/di/examples/complete-system-integration.ts(234,10): error TS2551: Property 'logger' does not exist on type 'NeuralNetworkTrainer'. Did you mean '_logger'?
src/di/examples/complete-system-integration.ts(239,10): error TS2551: Property 'logger' does not exist on type 'NeuralNetworkTrainer'. Did you mean '_logger'?
src/di/examples/complete-system-integration.ts(251,10): error TS2551: Property 'logger' does not exist on type 'NeuralNetworkTrainer'. Did you mean '_logger'?
src/di/examples/complete-system-integration.ts(272,46): error TS2741: Property 'debug' is missing in type 'ProductionLogger' but required in type 'ILogger'.
src/di/examples/complete-system-integration.ts(274,49): error TS2739: Type 'EnhancedEventBus' is missing the following properties from type 'IEventBus': emit, on, off
src/di/examples/complete-system-integration.ts(275,49): error TS2740: Type 'SwarmDatabase' is missing the following properties from type 'IDatabase': execute, transaction, createTask, updateTask, and 3 more.
src/di/examples/complete-system-integration.ts(280,18): error TS2739: Type 'AgentRegistry' is missing the following properties from type 'IAgentRegistry': getActiveAgents, findAvailableAgents
src/di/examples/complete-system-integration.ts(285,13): error TS2739: Type 'SwarmCoordinatorImplementation' is missing the following properties from type 'ISwarmCoordinator': assignTask, getMetrics, shutdown
src/di/examples/complete-system-integration.ts(297,13): error TS2739: Type 'NeuralNetworkTrainer' is missing the following properties from type 'INeuralNetworkTrainer': createNetwork, trainNetwork, evaluateNetwork, saveModel, loadModel
src/di/examples/complete-system-integration.ts(335,44): error TS2339: Property 'getSwarmStatus' does not exist on type 'ISwarmCoordinator'.
src/di/examples/complete-system-integration.ts(347,41): error TS2339: Property 'trainModel' does not exist on type 'INeuralNetworkTrainer'.
src/di/examples/complete-system-integration.ts(348,47): error TS2339: Property 'evaluateModel' does not exist on type 'INeuralNetworkTrainer'.
src/di/examples/swarm-integration.ts(40,10): error TS2551: Property 'logger' does not exist on type 'EnhancedSwarmCoordinator'. Did you mean '_logger'?
src/di/examples/swarm-integration.ts(44,10): error TS2551: Property 'logger' does not exist on type 'EnhancedSwarmCoordinator'. Did you mean '_logger'?
src/di/examples/swarm-integration.ts(46,28): error TS2551: Property 'config' does not exist on type 'EnhancedSwarmCoordinator'. Did you mean '_config'?
src/di/examples/swarm-integration.ts(47,27): error TS2551: Property 'config' does not exist on type 'EnhancedSwarmCoordinator'. Did you mean '_config'?
src/di/examples/swarm-integration.ts(49,10): error TS2551: Property 'logger' does not exist on type 'EnhancedSwarmCoordinator'. Did you mean '_logger'?
src/di/examples/swarm-integration.ts(52,10): error TS2551: Property 'logger' does not exist on type 'EnhancedSwarmCoordinator'. Did you mean '_logger'?
src/di/examples/swarm-integration.ts(62,10): error TS2551: Property 'logger' does not exist on type 'EnhancedSwarmCoordinator'. Did you mean '_logger'?
src/di/examples/swarm-integration.ts(65,16): error TS2551: Property 'agentRegistry' does not exist on type 'EnhancedSwarmCoordinator'. Did you mean '_agentRegistry'?
src/di/examples/swarm-integration.ts(71,16): error TS2551: Property 'messageBroker' does not exist on type 'EnhancedSwarmCoordinator'. Did you mean '_messageBroker'?
src/di/examples/swarm-integration.ts(77,10): error TS2551: Property 'logger' does not exist on type 'EnhancedSwarmCoordinator'. Did you mean '_logger'?
src/di/examples/swarm-integration.ts(82,10): error TS2551: Property 'logger' does not exist on type 'EnhancedSwarmCoordinator'. Did you mean '_logger'?
src/di/examples/swarm-integration.ts(89,16): error TS2551: Property 'agentRegistry' does not exist on type 'EnhancedSwarmCoordinator'. Did you mean '_agentRegistry'?
src/di/examples/swarm-integration.ts(95,16): error TS2551: Property 'messageBroker' does not exist on type 'EnhancedSwarmCoordinator'. Did you mean '_messageBroker'?
src/di/examples/swarm-integration.ts(101,10): error TS2551: Property 'logger' does not exist on type 'EnhancedSwarmCoordinator'. Did you mean '_logger'?
src/di/examples/swarm-integration.ts(107,10): error TS2551: Property 'logger' does not exist on type 'EnhancedSwarmCoordinator'. Did you mean '_logger'?
src/di/examples/swarm-integration.ts(110,40): error TS2551: Property 'agentRegistry' does not exist on type 'EnhancedSwarmCoordinator'. Did you mean '_agentRegistry'?
src/di/examples/swarm-integration.ts(132,16): error TS2551: Property 'messageBroker' does not exist on type 'EnhancedSwarmCoordinator'. Did you mean '_messageBroker'?
src/di/examples/swarm-integration.ts(139,10): error TS2551: Property 'logger' does not exist on type 'EnhancedSwarmCoordinator'. Did you mean '_logger'?
src/di/examples/swarm-integration.ts(160,10): error TS2551: Property 'logger' does not exist on type 'EnhancedSwarmCoordinator'. Did you mean '_logger'?
src/di/examples/swarm-integration.ts(165,10): error TS2551: Property 'logger' does not exist on type 'EnhancedSwarmCoordinator'. Did you mean '_logger'?
src/di/examples/swarm-integration.ts(177,10): error TS2551: Property 'logger' does not exist on type 'EnhancedSwarmCoordinator'. Did you mean '_logger'?
src/di/index.ts(51,22): error TS2304: Cannot find name 'DIContainer'.
src/di/index.ts(56,39): error TS2304: Cannot find name 'DIContainer'.
src/di/index.ts(58,27): error TS2304: Cannot find name 'DIContainer'.
src/di/index.ts(68,47): error TS2304: Cannot find name 'DIContainer'.
src/di/index.ts(85,27): error TS2304: Cannot find name 'DIContainer'.
src/di/index.ts(95,26): error TS2304: Cannot find name 'DIContainer'.
src/di/index.ts(97,40): error TS2304: Cannot find name 'SingletonProvider'.
src/di/index.ts(109,26): error TS2304: Cannot find name 'DIContainer'.
src/di/index.ts(111,40): error TS2304: Cannot find name 'TransientProvider'.
src/di/index.ts(123,26): error TS2304: Cannot find name 'DIContainer'.
src/di/index.ts(125,40): error TS2304: Cannot find name 'ScopedProvider'.
src/di/index.ts(132,12): error TS2304: Cannot find name 'DIContainer'.
src/examples/claude-zen-examples.ts(10,8): error TS2307: Cannot find module '../coordination/mcp/tools/batch-tools' or its corresponding type declarations.
src/examples/unified-di-integration.ts(38,15): error TS2353: Object literal may only specify known properties, and 'backupsPath' does not exist in type 'Partial<BackupConfig>'.
src/index.ts(88,3): error TS2305: Module '"./coordination/public-api"' has no exported member 'createSwarm'.
src/index.ts(90,3): error TS2305: Module '"./coordination/public-api"' has no exported member 'SwarmOrchestrator'.
src/index.ts(100,3): error TS2305: Module '"./coordination/swarm/mcp/types"' has no exported member 'MCPServer'.
src/index.ts(102,3): error TS2305: Module '"./coordination/swarm/mcp/types"' has no exported member 'MCPToolCall'.
src/index.ts(114,3): error TS2305: Module '"./neural/agents/neural-agent"' has no exported member 'createNeuralAgent'.
src/index.ts(116,8): error TS2305: Module '"./neural/agents/neural-agent"' has no exported member 'NeuralAgentConfig'.
src/index.ts(117,8): error TS2724: '"./neural/agents/neural-agent"' has no exported member named 'NeuralAgentState'. Did you mean 'NeuralAgent'?
src/index.ts(124,1): error TS2308: Module './interfaces/terminal' has already exported a member named 'SwarmAgent'. Consider explicitly re-exporting to resolve the ambiguity.
src/index.ts(124,1): error TS2308: Module './interfaces/terminal' has already exported a member named 'SwarmStatus'. Consider explicitly re-exporting to resolve the ambiguity.
src/index.ts(245,11): error TS2339: Property 'SwarmOrchestrator' does not exist on type 'typeof import("/home/mhugo/code/claude-code-zen/src/coordination/public-api")'.
src/index.ts(325,3): error TS18004: No value exists in scope for the shorthand property 'Core'. Either declare one or provide an initializer.
src/index.ts(326,3): error TS18004: No value exists in scope for the shorthand property 'Memory'. Either declare one or provide an initializer.
src/index.ts(327,3): error TS18004: No value exists in scope for the shorthand property 'Neural'. Either declare one or provide an initializer.
src/index.ts(328,3): error TS18004: No value exists in scope for the shorthand property 'Database'. Either declare one or provide an initializer.
src/index.ts(329,3): error TS18004: No value exists in scope for the shorthand property 'Coordination'. Either declare one or provide an initializer.
src/index.ts(330,3): error TS18004: No value exists in scope for the shorthand property 'SPARC'. Either declare one or provide an initializer.
src/index.ts(331,3): error TS18004: No value exists in scope for the shorthand property 'Interfaces'. Either declare one or provide an initializer.
src/index.ts(332,3): error TS18004: No value exists in scope for the shorthand property 'Integration'. Either declare one or provide an initializer.
src/index.ts(333,3): error TS18004: No value exists in scope for the shorthand property 'Bindings'. Either declare one or provide an initializer.
src/index.ts(334,3): error TS18004: No value exists in scope for the shorthand property 'Workflows'. Either declare one or provide an initializer.
src/index.ts(335,3): error TS18004: No value exists in scope for the shorthand property 'Optimization'. Either declare one or provide an initializer.
src/index.ts(336,3): error TS18004: No value exists in scope for the shorthand property 'Utils'. Either declare one or provide an initializer.
src/index.ts(337,3): error TS18004: No value exists in scope for the shorthand property 'Types'. Either declare one or provide an initializer.
src/index.ts(338,3): error TS18004: No value exists in scope for the shorthand property 'Config'. Either declare one or provide an initializer.
src/integration/adapter-system.ts(1034,10): error TS2339: Property 'processing' does not exist on type 'ProtocolManager'.
src/integration/memory-database-integration.ts(6,36): error TS2307: Cannot find module '../database/core/database-coordinator' or its corresponding type declarations.
src/integration/memory-database-integration.ts(109,38): error TS2339: Property 'createDao' does not exist on type 'unknown'.
src/integration/memory-database-integration.ts(115,37): error TS2339: Property 'createDao' does not exist on type 'unknown'.
src/integration/memory-database-integration.ts(121,40): error TS2339: Property 'createDao' does not exist on type 'unknown'.
src/integration/memory-database-integration.ts(282,27): error TS2339: Property 'current' does not exist on type '{ coordinator: { nodes: { total: number; active: number; degraded: number; }; decisions: { total: number; pending: number; executing: number; completed: number; failed: number; }; config: MemoryCoordinationConfig; }; optimizer: { ...; }; monitor: { ...; }; recovery: { ...; }; backends: number; }'.
src/integration/memory-database-integration.ts(429,51): error TS2339: Property 'optimizer' does not exist on type '{ query: (query: DatabaseQuery) => Promise<any>; getHealthReport: () => { overall: string; score: number; engines: { vector: { status: string; score: number; }; graph: { status: string; score: number; }; document: { ...; }; }; }; getStats: () => { ...; }; shutdown: () => Promise<...>; }'.
src/intelligence/adaptive-learning/__tests__/adaptive-learning.test.ts(103,3): error TS2322: Type '"test"' is not assignable to type '"development" | "production" | "staging"'.
src/intelligence/adaptive-learning/__tests__/adaptive-learning.test.ts(117,24): error TS2694: Namespace 'jest' has no exported member 'SpyInstance'.
src/intelligence/adaptive-learning/__tests__/adaptive-learning.test.ts(218,24): error TS2694: Namespace 'jest' has no exported member 'SpyInstance'.
src/intelligence/adaptive-learning/__tests__/adaptive-learning.test.ts(221,21): error TS2554: Expected 3 arguments, but got 2.
src/intelligence/adaptive-learning/__tests__/adaptive-learning.test.ts(346,24): error TS2694: Namespace 'jest' has no exported member 'SpyInstance'.
src/intelligence/adaptive-learning/__tests__/adaptive-learning.test.ts(508,64): error TS2345: Argument of type 'number[]' is not assignable to parameter of type 'never'.
src/intelligence/adaptive-learning/__tests__/adaptive-learning.test.ts(809,61): error TS2345: Argument of type 'number[]' is not assignable to parameter of type 'never'.
src/intelligence/adaptive-learning/__tests__/adaptive-learning.test.ts(810,61): error TS2345: Argument of type 'number[]' is not assignable to parameter of type 'never'.
src/intelligence/adaptive-learning/__tests__/adaptive-learning.test.ts(811,61): error TS2345: Argument of type 'number[]' is not assignable to parameter of type 'never'.
src/intelligence/adaptive-learning/__tests__/adaptive-learning.test.ts(863,25): error TS2554: Expected 3 arguments, but got 2.
src/intelligence/adaptive-learning/behavioral-optimization.ts(267,70): error TS2339: Property 'success' does not exist on type 'PatternMetadata'.
src/intelligence/adaptive-learning/behavioral-optimization.ts(279,72): error TS2339: Property 'taskType' does not exist on type 'PatternMetadata'.
src/intelligence/adaptive-learning/behavioral-optimization.ts(282,72): error TS2339: Property 'taskType' does not exist on type 'PatternMetadata'.
src/intelligence/adaptive-learning/behavioral-optimization.ts(328,66): error TS2339: Property 'effective' does not exist on type 'PatternMetadata'.
src/intelligence/adaptive-learning/behavioral-optimization.ts(330,59): error TS2339: Property 'latency' does not exist on type 'PatternMetadata'.
src/intelligence/adaptive-learning/behavioral-optimization.ts(364,74): error TS2339: Property 'resourceType' does not exist on type 'PatternMetadata'.
src/intelligence/adaptive-learning/behavioral-optimization.ts(367,70): error TS2339: Property 'resourceType' does not exist on type 'PatternMetadata'.
src/intelligence/adaptive-learning/behavioral-optimization.ts(369,59): error TS2339: Property 'utilization' does not exist on type 'PatternMetadata'.
src/intelligence/adaptive-learning/behavioral-optimization.ts(371,78): error TS2339: Property 'utilization' does not exist on type 'PatternMetadata'.
src/intelligence/adaptive-learning/behavioral-optimization.ts(415,74): error TS2339: Property 'effective' does not exist on type 'PatternMetadata'.
src/intelligence/adaptive-learning/behavioral-optimization.ts(420,32): error TS2339: Property 'leadershipStyle' does not exist on type 'PatternMetadata'.
src/intelligence/adaptive-learning/behavioral-optimization.ts(426,32): error TS2339: Property 'decisionTime' does not exist on type 'PatternMetadata'.
src/intelligence/adaptive-learning/behavioral-optimization.ts(577,46): error TS2339: Property 'success_rate' does not exist on type 'BehaviorPerformance'.
src/intelligence/adaptive-learning/behavioral-optimization.ts(577,81): error TS2339: Property 'success_rate' does not exist on type '{ efficiency: number; accuracy: number; reliability: number; collaboration: number; adaptability: number; resourceUtilization: number; taskCompletionRate: number; errorRate: number; }'.
src/intelligence/adaptive-learning/behavioral-optimization.ts(587,47): error TS2339: Property 'response_time' does not exist on type 'BehaviorPerformance'.
src/intelligence/adaptive-learning/behavioral-optimization.ts(587,83): error TS2339: Property 'response_time' does not exist on type '{ efficiency: number; accuracy: number; reliability: number; collaboration: number; adaptability: number; resourceUtilization: number; taskCompletionRate: number; errorRate: number; }'.
src/intelligence/adaptive-learning/behavioral-optimization.ts(589,32): error TS2551: Property 'collaboration_score' does not exist on type 'BehaviorPerformance'. Did you mean 'collaboration'?
src/intelligence/adaptive-learning/behavioral-optimization.ts(589,74): error TS2551: Property 'collaboration_score' does not exist on type '{ efficiency: number; accuracy: number; reliability: number; collaboration: number; adaptability: number; resourceUtilization: number; taskCompletionRate: number; errorRate: number; }'. Did you mean 'collaboration'?
src/intelligence/adaptive-learning/behavioral-optimization.ts(592,7): error TS2353: Object literal may only specify known properties, and 'originalPerformance' does not exist in type 'Omit<Adaptation, "id" | "timestamp">'.
src/intelligence/adaptive-learning/behavioral-optimization.ts(832,55): error TS2339: Property 'agentId' does not exist on type 'ExecutionPattern'.
src/intelligence/adaptive-learning/behavioral-optimization.ts(1269,64): error TS2339: Property 'success' does not exist on type 'PatternMetadata'.
src/intelligence/adaptive-learning/behavioral-optimization.ts(1269,86): error TS2339: Property 'agentId' does not exist on type 'ExecutionPattern'.
src/intelligence/adaptive-learning/behavioral-optimization.ts(1274,75): error TS2339: Property 'experience' does not exist on type 'PatternMetadata'.
src/intelligence/adaptive-learning/behavioral-optimization.ts(1285,28): error TS2339: Property 'skills' does not exist on type 'PatternMetadata'.
src/intelligence/adaptive-learning/behavioral-optimization.ts(1285,69): error TS2339: Property 'skills' does not exist on type 'PatternMetadata'.
src/intelligence/adaptive-learning/behavioral-optimization.ts(1286,26): error TS2339: Property 'skills' does not exist on type 'PatternMetadata'.
src/intelligence/adaptive-learning/behavioral-optimization.ts(1297,59): error TS2339: Property 'memoryUsage' does not exist on type 'PatternMetadata'.
src/intelligence/adaptive-learning/behavioral-optimization.ts(1298,56): error TS2339: Property 'cpuUsage' does not exist on type 'PatternMetadata'.
src/intelligence/adaptive-learning/behavioral-optimization.ts(1316,65): error TS2339: Property 'messageType' does not exist on type 'PatternMetadata'.
src/intelligence/adaptive-learning/behavioral-optimization.ts(1319,62): error TS2339: Property 'messageType' does not exist on type 'PatternMetadata'.
src/intelligence/adaptive-learning/behavioral-optimization.ts(1321,59): error TS2339: Property 'interval' does not exist on type 'PatternMetadata'.
src/intelligence/adaptive-learning/behavioral-optimization.ts(1333,40): error TS2339: Property 'messageType' does not exist on type 'PatternMetadata'.
src/intelligence/adaptive-learning/behavioral-optimization.ts(1345,59): error TS2339: Property 'messageSize' does not exist on type 'PatternMetadata'.
src/intelligence/adaptive-learning/behavioral-optimization.ts(1346,62): error TS2339: Property 'latency' does not exist on type 'PatternMetadata'.
src/intelligence/adaptive-learning/behavioral-optimization.ts(1369,28): error TS2339: Property 'communicationPattern' does not exist on type 'PatternMetadata'.
src/intelligence/adaptive-learning/behavioral-optimization.ts(1370,47): error TS2339: Property 'communicationPattern' does not exist on type 'PatternMetadata'.
src/intelligence/adaptive-learning/behavioral-optimization.ts(1387,30): error TS2339: Property 'syncInterval' does not exist on type 'PatternMetadata'.
src/intelligence/adaptive-learning/knowledge-evolution.ts(10,33): error TS2459: Module '"./pattern-recognition-engine"' declares 'PatternCluster' locally, but it is not exported.
src/intelligence/adaptive-learning/knowledge-evolution.ts(292,24): error TS2339: Property 'agentId' does not exist on type 'ExecutionPattern'.
src/intelligence/adaptive-learning/knowledge-evolution.ts(342,25): error TS2339: Property 'success' does not exist on type 'PatternMetadata'.
src/intelligence/adaptive-learning/knowledge-evolution.ts(374,25): error TS2339: Property 'success' does not exist on type 'PatternMetadata'.
src/intelligence/adaptive-learning/knowledge-evolution.ts(577,73): error TS2339: Property 'success' does not exist on type 'PatternMetadata'.
src/intelligence/adaptive-learning/knowledge-evolution.ts(645,78): error TS2339: Property 'success' does not exist on type 'PatternMetadata'.
src/intelligence/adaptive-learning/knowledge-evolution.ts(982,53): error TS2339: Property 'complexity' does not exist on type 'ExecutionContext'.
src/intelligence/adaptive-learning/knowledge-evolution.ts(987,70): error TS2339: Property 'agentCount' does not exist on type 'ExecutionContext'.
src/intelligence/adaptive-learning/knowledge-evolution.ts(1188,35): error TS2339: Property 'complexity' does not exist on type 'ExecutionContext'.
src/intelligence/adaptive-learning/knowledge-evolution.ts(1189,35): error TS2339: Property 'agentCount' does not exist on type 'ExecutionContext'.
src/intelligence/adaptive-learning/knowledge-evolution.ts(1191,33): error TS2339: Property 'success' does not exist on type 'PatternMetadata'.
src/intelligence/adaptive-learning/knowledge-evolution.ts(1202,43): error TS2339: Property 'complexity' does not exist on type 'ExecutionContext'.
src/intelligence/adaptive-learning/knowledge-evolution.ts(1202,67): error TS2339: Property 'complexity' does not exist on type 'ExecutionContext'.
src/intelligence/adaptive-learning/knowledge-evolution.ts(1341,34): error TS2339: Property 'duration' does not exist on type 'ExecutionPattern'.
src/intelligence/adaptive-learning/knowledge-evolution.ts(1341,72): error TS2339: Property 'duration' does not exist on type 'ExecutionPattern'.
src/intelligence/adaptive-learning/knowledge-evolution.ts(1372,23): error TS2339: Property 'agentId' does not exist on type 'ExecutionPattern'.
src/intelligence/adaptive-learning/knowledge-evolution.ts(1387,26): error TS2339: Property 'errorType' does not exist on type 'PatternMetadata'.
src/intelligence/adaptive-learning/knowledge-evolution.ts(1388,26): error TS2339: Property 'impactLevel' does not exist on type 'PatternMetadata'.
src/intelligence/adaptive-learning/knowledge-evolution.ts(1389,26): error TS2339: Property 'recoverable' does not exist on type 'PatternMetadata'.
src/intelligence/adaptive-learning/knowledge-evolution.ts(1399,21): error TS2339: Property 'errorType' does not exist on type 'PatternMetadata'.
src/intelligence/adaptive-learning/knowledge-evolution.ts(1399,47): error TS2339: Property 'errorType' does not exist on type 'PatternMetadata'.
src/intelligence/adaptive-learning/knowledge-evolution.ts(1427,26): error TS2339: Property 'errorType' does not exist on type 'PatternMetadata'.
src/intelligence/adaptive-learning/knowledge-evolution.ts(1427,66): error TS2339: Property 'errorType' does not exist on type 'PatternMetadata'.
src/intelligence/adaptive-learning/knowledge-evolution.ts(1428,26): error TS2339: Property 'rootCause' does not exist on type 'PatternMetadata'.
src/intelligence/adaptive-learning/knowledge-evolution.ts(1428,66): error TS2339: Property 'rootCause' does not exist on type 'PatternMetadata'.
src/intelligence/adaptive-learning/knowledge-evolution.ts(1429,26): error TS2339: Property 'contributingFactors' does not exist on type 'PatternMetadata'.
src/intelligence/adaptive-learning/knowledge-evolution.ts(1430,39): error TS2339: Property 'contributingFactors' does not exist on type 'PatternMetadata'.
src/intelligence/adaptive-learning/knowledge-evolution.ts(1446,51): error TS2339: Property 'complexity' does not exist on type 'ExecutionContext'.
src/intelligence/adaptive-learning/knowledge-evolution.ts(1478,22): error TS2339: Property 'impacts' does not exist on type 'PatternMetadata'.
src/intelligence/adaptive-learning/knowledge-evolution.ts(1479,20): error TS2339: Property 'impacts' does not exist on type 'PatternMetadata'.
src/intelligence/adaptive-learning/pattern-recognition-engine.ts(21,3): error TS2440: Import declaration conflicts with local declaration of 'ResourceUsage'.
src/intelligence/adaptive-learning/pattern-recognition-engine.ts(211,7): error TS2322: Type 'unknown' is not assignable to type 'string'.
src/intelligence/adaptive-learning/pattern-recognition-engine.ts(749,5): error TS2739: Type '{ cpu: number; memory: number; network: number; diskIO: number; }' is missing the following properties from type 'ResourceUsage': timestamp, duration, context
src/intelligence/adaptive-learning/pattern-recognition-engine.ts(796,11): error TS2393: Duplicate function implementation.
src/intelligence/adaptive-learning/pattern-recognition-engine.ts(811,11): error TS2393: Duplicate function implementation.
src/intelligence/adaptive-learning/pattern-recognition-engine.ts(838,11): error TS2393: Duplicate function implementation.
src/intelligence/adaptive-learning/pattern-recognition-engine.ts(865,11): error TS2393: Duplicate function implementation.
src/intelligence/adaptive-learning/pattern-recognition-engine.ts(1014,7): error TS2322: Type 'unknown' is not assignable to type 'string'.
src/intelligence/adaptive-learning/pattern-recognition-engine.ts(1021,7): error TS2739: Type 'ResourceMetrics' is missing the following properties from type 'ResourceUsage': timestamp, duration, context
src/intelligence/adaptive-learning/pattern-recognition-engine.ts(1064,65): error TS2345: Argument of type 'ResourceMetrics[]' is not assignable to parameter of type 'ResourceUsage[]'.
  Type 'ResourceMetrics' is missing the following properties from type 'ResourceUsage': timestamp, duration, context
src/intelligence/adaptive-learning/pattern-recognition-engine.ts(1074,11): error TS2393: Duplicate function implementation.
src/intelligence/adaptive-learning/pattern-recognition-engine.ts(1192,11): error TS2393: Duplicate function implementation.
src/intelligence/adaptive-learning/pattern-recognition-engine.ts(1212,11): error TS2393: Duplicate function implementation.
src/intelligence/adaptive-learning/pattern-recognition-engine.ts(1222,11): error TS2393: Duplicate function implementation.
src/intelligence/adaptive-learning/performance-optimizer.ts(42,10): error TS2339: Property 'config' does not exist on type 'PerformanceOptimizer'.
src/intelligence/conversation-demo.ts(139,5): error TS2322: Type '{ type: string; content: MessageContent; confidence: number; contributors: AgentId[]; timestamp: Date; }[]' is not assignable to type 'ConversationOutcome[]'.
  Type '{ type: string; content: MessageContent; confidence: number; contributors: AgentId[]; timestamp: Date; }' is not assignable to type 'ConversationOutcome'.
    Types of property 'type' are incompatible.
      Type 'string' is not assignable to type '"code" | "decision" | "analysis" | "solution" | "plan" | "recommendation"'.
src/intelligence/conversation-framework/__tests__/orchestrator.test.ts(224,9): error TS2322: Type '"hacker"' is not assignable to type 'AgentType'.
src/intelligence/conversation-framework/memory.ts(300,44): error TS2307: Cannot find module '../../memory/backends/sqlite.backend.js' or its corresponding type declarations.
src/intelligence/conversation-framework/memory.ts(312,42): error TS2307: Cannot find module '../../memory/backends/json.backend.js' or its corresponding type declarations.
src/intelligence/conversation-framework/memory.ts(328,45): error TS2307: Cannot find module '../../memory/backends/lancedb.backend.js' or its corresponding type declarations.
src/intelligence/index.ts(22,1): error TS2308: Module './adaptive-learning/knowledge-evolution' has already exported a member named 'AntiPattern'. Consider explicitly re-exporting to resolve the ambiguity.
src/intelligence/index.ts(22,1): error TS2308: Module './adaptive-learning/knowledge-evolution' has already exported a member named 'BestPractice'. Consider explicitly re-exporting to resolve the ambiguity.
src/intelligence/index.ts(138,28): error TS2554: Expected 3 arguments, but got 2.
src/intelligence/index.ts(198,20): error TS2554: Expected 3 arguments, but got 2.
src/intelligence/mcp-integration.ts(127,10): error TS2304: Cannot find name 'ConversationMCPTools'.
src/intelligence/mcp-integration.ts(255,16): error TS2339: Property 'metrics' does not exist on type '{ agentId: any; timeframe: any; analysisperiod: { start: string; end: string; }; patterns: { participationRate: number; averageResponseTime: number; preferredMessageTypes: string[]; collaborationStyle: string; expertise: string[]; strongestPartnerships: { ...; }[]; }; insights: string[]; recommendations: string[]; }'.
src/intelligence/mcp-integration.ts(502,18): error TS2339: Property 'recommendations' does not exist on type '{ conversationId: any; predictionTimestamp: string; predictionHorizon: string; currentStatus: { phase: string; participantCount: number; messageCount: number; consensusLevel: number; energyLevel: number; }; predictions: { ...; }; }'.
src/interfaces/api/http/index.ts(112,3): error TS2741: Property 'enableAuth' is missing in type '{ readonly baseURL: "http://localhost:3000"; readonly timeout: 30000; readonly retryAttempts: 3; readonly retryDelay: 1000; }' but required in type 'APIClientConfig'.
src/interfaces/api/http/server.ts(11,25): error TS2307: Cannot find module 'compression' or its corresponding type declarations.
src/interfaces/api/http/server.ts(14,34): error TS2307: Cannot find module 'express-openapi-validator' or its corresponding type declarations.
src/interfaces/api/http/server.ts(17,26): error TS2307: Cannot find module 'swagger-jsdoc' or its corresponding type declarations.
src/interfaces/api/http/server.ts(181,9): error TS2322: Type 'readonly string[]' is not assignable to type 'StaticOrigin | CustomOrigin'.
  The type 'readonly string[]' is 'readonly' and cannot be assigned to the mutable type '(string | boolean | RegExp)[]'.
src/interfaces/api/http/v1/coordination.ts(12,33): error TS2307: Cannot find module '../../coordination/api' or its corresponding type declarations.
src/interfaces/api/http/v1/neural.ts(12,33): error TS2307: Cannot find module '../../neural/api' or its corresponding type declarations.
src/interfaces/api/index.ts(81,46): error TS2304: Cannot find name 'WebSocketClient'.
src/interfaces/api/index.ts(89,68): error TS2304: Cannot find name 'WebSocketClient'.
src/interfaces/api/index.ts(93,26): error TS2304: Cannot find name 'WebSocketClient'.
src/interfaces/cli/commands/discover.ts(29,32): error TS2339: Property 'discovery' does not exist on type 'SystemConfiguration'.
src/interfaces/cli/commands/discover.ts(31,28): error TS2339: Property 'discovery' does not exist on type 'SystemConfiguration'.
src/interfaces/cli/commands/discover.ts(32,32): error TS2339: Property 'discovery' does not exist on type 'SystemConfiguration'.
src/interfaces/cli/commands/discover.ts(34,24): error TS2339: Property 'swarm' does not exist on type 'SystemConfiguration'.
src/interfaces/cli/commands/discover.ts(35,28): error TS2339: Property 'swarm' does not exist on type 'SystemConfiguration'.
src/interfaces/cli/commands/discover.ts(36,31): error TS2339: Property 'discovery' does not exist on type 'SystemConfiguration'.
src/interfaces/cli/commands/discover.ts(38,32): error TS2339: Property 'discovery' does not exist on type 'SystemConfiguration'.
src/interfaces/cli/commands/discover.ts(39,29): error TS2339: Property 'discovery' does not exist on type 'SystemConfiguration'.
src/interfaces/cli/commands/discover.ts(40,30): error TS2339: Property 'swarm' does not exist on type 'SystemConfiguration'.
src/interfaces/cli/commands/discover.ts(263,11): error TS2353: Object literal may only specify known properties, and 'maxAgents' does not exist in type 'KnowledgeSwarmConfig'.
src/interfaces/cli/commands/discover.ts(282,57): error TS2339: Property 'name' does not exist on type 'ProjectContext'.
src/interfaces/cli/commands/discover.ts(314,41): error TS2554: Expected 3 arguments, but got 0.
src/interfaces/cli/commands/discover.ts(315,39): error TS2339: Property 'initialize' does not exist on type 'IntelligenceCoordinationSystem'.
src/interfaces/cli/commands/discover.ts(384,11): error TS2322: Type '{ name: any; path: any; files: any; confidence: any; suggestedConcepts: any; technologies: any; relatedDomains: any; validations: any; research: any; refinementHistory: any; }[]' is not assignable to type 'DiscoveredDomain[]'.
  Type '{ name: any; path: any; files: any; confidence: any; suggestedConcepts: any; technologies: any; relatedDomains: any; validations: any; research: any; refinementHistory: any; }' is missing the following properties from type 'DiscoveredDomain': id, description, documents, codeFiles, and 4 more.
src/interfaces/cli/commands/discover.ts(472,53): error TS2345: Argument of type 'PublicSwarmCoordinator' is not assignable to parameter of type 'SwarmCoordinator'.
  Type 'PublicSwarmCoordinator' is missing the following properties from type 'SwarmCoordinator': agents, tasks, metrics, startTime, and 32 more.
src/interfaces/cli/commands/discover.ts(538,30): error TS2367: This comparison appears to be unintentional because the types 'SwarmLifecycleState' and '"error"' have no overlap.
src/interfaces/cli/commands/swarm.ts(222,9): error TS2322: Type '{ agents: number; topology: string; verbose: boolean; timeout: number; format: string; } & Record<string, unknown>' is not assignable to type 'SwarmOptions'.
  Types of property 'topology' are incompatible.
    Type 'string' is not assignable to type '"auto" | "mesh" | "hierarchical" | "ring" | "star"'.
src/interfaces/cli/enhanced-terminal-router.tsx(72,7): error TS2448: Block-scoped variable 'initializeEnhancedCLI' used before its declaration.
src/interfaces/cli/enhanced-terminal-router.tsx(335,9): error TS2322: Type '{ result: any; error: Error; config: CLIConfig; onExit: (code: number) => void; }' is not assignable to type 'IntrinsicAttributes & CommandExecutionProps'.
  Property 'result' does not exist on type 'IntrinsicAttributes & CommandExecutionProps'.
src/interfaces/cli/index.ts(36,12): error TS2304: Cannot find name 'AdvancedCLIEngine'.
src/interfaces/cli/index.ts(45,22): error TS2304: Cannot find name 'AdvancedCLIEngine'.
src/interfaces/cli/index.ts(68,77): error TS2304: Cannot find name 'AdvancedCLIEngine'.
src/interfaces/cli/index.ts(69,14): error TS2304: Cannot find name 'AdvancedCLIEngine'.
src/interfaces/cli/index.ts(98,3): error TS18004: No value exists in scope for the shorthand property 'AdvancedCLIEngine'. Either declare one or provide an initializer.
src/interfaces/cli/index.ts(99,3): error TS18004: No value exists in scope for the shorthand property 'AdvancedCommandRegistry'. Either declare one or provide an initializer.
src/interfaces/cli/index.ts(100,3): error TS18004: No value exists in scope for the shorthand property 'EnhancedTerminalRouter'. Either declare one or provide an initializer.
src/interfaces/cli/sparc-swarm-commands.ts(38,37): error TS2304: Cannot find name 'DocumentService'.
src/interfaces/cli/sparc-swarm-commands.ts(39,32): error TS2554: Expected 2-3 arguments, but got 0.
src/interfaces/cli/sparc-swarm-commands.ts(68,37): error TS2304: Cannot find name 'DocumentService'.
src/interfaces/cli/sparc-swarm-commands.ts(103,37): error TS2304: Cannot find name 'DocumentService'.
src/interfaces/cli/sparc-swarm-commands.ts(394,11): error TS2322: Type '"implementation"' is not assignable to type '"documentation" | "testing" | "development" | "deployment" | "research"'.
src/interfaces/cli/sparc-swarm-commands.ts(443,31): error TS2304: Cannot find name 'DocumentService'.
src/interfaces/cli/sparc-swarm-commands.ts(444,26): error TS2554: Expected 2-3 arguments, but got 0.
src/interfaces/clients/adapters/__tests__/knowledge-client-adapter.test.ts(335,11): error TS2741: Property 'anthropicApiKey' is missing in type '{ factRepoPath: string; }' but required in type '{ pythonPath?: string; factRepoPath: string; anthropicApiKey: string; }'.
src/interfaces/clients/adapters/__tests__/mcp-client-adapter.test.ts(427,32): error TS2554: Expected 0 arguments, but got 1.
src/interfaces/clients/adapters/__tests__/mcp-client-adapter.test.ts(428,35): error TS2554: Expected 0 arguments, but got 1.
src/interfaces/clients/adapters/enhanced-websocket-client.ts(55,11): error TS2300: Duplicate identifier 'isConnected'.
src/interfaces/clients/adapters/enhanced-websocket-client.ts(55,11): error TS2416: Property 'isConnected' in type 'EnhancedWebSocketClient' is not assignable to the same property in base type 'IClient'.
  Type 'boolean' is not assignable to type '() => boolean'.
src/interfaces/clients/adapters/enhanced-websocket-client.ts(145,11): error TS2322: Type 'number' is not assignable to type 'WebSocketReadyState'.
src/interfaces/clients/adapters/enhanced-websocket-client.ts(163,11): error TS2322: Type 'number' is not assignable to type 'WebSocketReadyState'.
src/interfaces/clients/adapters/enhanced-websocket-client.ts(222,3): error TS2300: Duplicate identifier 'isConnected'.
src/interfaces/clients/adapters/enhanced-websocket-client.ts(222,3): error TS2416: Property 'isConnected' in type 'EnhancedWebSocketClient' is not assignable to the same property in base type 'IClient'.
  Type 'boolean' is not assignable to type '() => boolean'.
src/interfaces/clients/adapters/enhanced-websocket-client.ts(330,3): error TS2416: Property 'on' in type 'EnhancedWebSocketClient' is not assignable to the same property in base type 'EventEmitter<DefaultEventMap>'.
  Type '(event: string, handler: (...args: any[]) => void) => void' is not assignable to type '<K>(eventName: string | symbol, listener: (...args: any[]) => void) => this'.
    Type 'void' is not assignable to type 'this'.
      'this' could be instantiated with an arbitrary type which could be unrelated to 'void'.
src/interfaces/clients/adapters/enhanced-websocket-client.ts(343,3): error TS2416: Property 'off' in type 'EnhancedWebSocketClient' is not assignable to the same property in base type 'EventEmitter<DefaultEventMap>'.
  Type '(event: string, handler?: (...args: any[]) => void) => void' is not assignable to type '<K>(eventName: string | symbol, listener: (...args: any[]) => void) => this'.
    Type 'void' is not assignable to type 'this'.
      'this' could be instantiated with an arbitrary type which could be unrelated to 'void'.
src/interfaces/clients/adapters/enhanced-websocket-client.ts(460,7): error TS2322: Type 'number' is not assignable to type 'WebSocketReadyState'.
src/interfaces/clients/adapters/enhanced-websocket-client.ts(593,17): error TS2345: Argument of type '{ data: any; status: any; statusText: any; headers: any; config: RequestOptions; metadata: { requestId: string; duration: number; connectionId: string; messageType: string; }; }' is not assignable to parameter of type 'ClientResponse<T> | PromiseLike<ClientResponse<T>>'.
  Property 'timestamp' is missing in type '{ data: any; status: any; statusText: any; headers: any; config: RequestOptions; metadata: { requestId: string; duration: number; connectionId: string; messageType: string; }; }' but required in type 'ClientResponse<T>'.
src/interfaces/clients/adapters/http-client-adapter.ts(377,9): error TS2322: Type 'AxiosRequestHeaders | {}' is not assignable to type 'AxiosRequestHeaders'.
  Type '{}' is not assignable to type 'AxiosRequestHeaders'.
    Type '{}' is missing the following properties from type 'AxiosHeaders': set, get, has, delete, and 24 more.
src/interfaces/clients/adapters/http-client-adapter.ts(409,32): error TS2304: Cannot find name 'AuthenticationError'.
src/interfaces/clients/adapters/http-client-adapter.ts(430,34): error TS2304: Cannot find name 'RetryExhaustedError'.
src/interfaces/clients/adapters/http-client-adapter.ts(511,29): error TS2304: Cannot find name 'ConnectionError'.
src/interfaces/clients/adapters/http-client-adapter.ts(514,29): error TS2304: Cannot find name 'AuthenticationError'.
src/interfaces/clients/adapters/http-client-adapter.ts(517,29): error TS2304: Cannot find name 'TimeoutError'.
src/interfaces/clients/adapters/http-client-adapter.ts(691,30): error TS2304: Cannot find name 'ConnectionError'.
src/interfaces/clients/adapters/http-client-adapter.ts(821,7): error TS2353: Object literal may only specify known properties, and 'metadata' does not exist in type 'AxiosRequestConfig<any>'.
src/interfaces/clients/adapters/http-client-adapter.ts(829,5): error TS2741: Property 'timestamp' is missing in type '{ data: T; status: number; statusText: string; headers: Record<string, string>; config: RequestOptions; metadata: any; }' but required in type 'ClientResponse<T>'.
src/interfaces/clients/adapters/knowledge-client-adapter.ts(156,12): error TS2339: Property '_status' does not exist on type 'KnowledgeClientAdapter'.
src/interfaces/clients/adapters/knowledge-client-adapter.ts(162,12): error TS2339: Property '_status' does not exist on type 'KnowledgeClientAdapter'.
src/interfaces/clients/adapters/knowledge-client-adapter.ts(166,12): error TS2339: Property '_status' does not exist on type 'KnowledgeClientAdapter'.
src/interfaces/clients/adapters/knowledge-client-adapter.ts(183,12): error TS2339: Property '_status' does not exist on type 'KnowledgeClientAdapter'.
src/interfaces/clients/adapters/knowledge-client-adapter.ts(186,12): error TS2339: Property '_status' does not exist on type 'KnowledgeClientAdapter'.
src/interfaces/clients/adapters/knowledge-client-adapter.ts(625,85): error TS2345: Argument of type 'ProtocolType' is not assignable to parameter of type '"custom" | "http" | "https"'.
  Type '"ipc"' is not assignable to type '"custom" | "http" | "https"'.
src/interfaces/clients/adapters/mcp-client-adapter.ts(28,18): error TS2430: Interface 'MCPClientConfig' incorrectly extends interface 'ClientConfig'.
  The types of 'authentication.type' are incompatible between these types.
    Type '"none" | "basic" | "bearer"' is not assignable to type '"basic" | "custom" | "bearer" | "oauth" | "apikey"'.
      Type '"none"' is not assignable to type '"basic" | "custom" | "bearer" | "oauth" | "apikey"'.
src/interfaces/clients/adapters/mcp-client-adapter.ts(104,12): error TS2416: Property 'config' in type 'MCPClientAdapter' is not assignable to the same property in base type 'IClient'.
  Type 'MCPClientConfig' is not assignable to type 'ClientConfig'.
    The types of 'authentication.type' are incompatible between these types.
      Type '"none" | "basic" | "bearer"' is not assignable to type '"basic" | "custom" | "bearer" | "oauth" | "apikey"'.
        Type '"none"' is not assignable to type '"basic" | "custom" | "bearer" | "oauth" | "apikey"'.
src/interfaces/clients/adapters/mcp-client-adapter.ts(183,7): error TS2769: No overload matches this call.
  The last overload gave the following error.
    Object literal may only specify known properties, and 'encoding' does not exist in type 'SpawnOptions'.
src/interfaces/clients/adapters/mcp-client-adapter.ts(384,7): error TS2741: Property 'timestamp' is missing in type '{ data: T; status: number; statusText: string; headers: {}; config: RequestOptions; metadata: { tool: string; responseTime: number; protocol: "http" | "stdio"; }; }' but required in type 'ClientResponse<T>'.
src/interfaces/clients/adapters/mcp-client-adapter.ts(412,7): error TS2741: Property 'timestamp' is missing in type '{ data: T; status: number; statusText: string; headers: {}; config: RequestOptions; metadata: { endpoint: string; }; }' but required in type 'ClientResponse<T>'.
src/interfaces/clients/adapters/mcp-client-adapter.ts(424,7): error TS2741: Property 'timestamp' is missing in type '{ data: T; status: number; statusText: string; headers: {}; config: RequestOptions; metadata: { endpoint: string; }; }' but required in type 'ClientResponse<T>'.
src/interfaces/clients/adapters/mcp-client-adapter.ts(456,3): error TS2416: Property 'updateConfig' in type 'MCPClientAdapter' is not assignable to the same property in base type 'IClient'.
  Type '(config: Partial<MCPClientConfig>) => void' is not assignable to type '(config: Partial<ClientConfig>) => void'.
    Types of parameters 'config' and 'config' are incompatible.
      Type 'Partial<ClientConfig>' is not assignable to type 'Partial<MCPClientConfig>'.
        The types of 'authentication.type' are incompatible between these types.
          Type '"basic" | "custom" | "bearer" | "oauth" | "apikey"' is not assignable to type '"none" | "basic" | "bearer"'.
            Type '"custom"' is not assignable to type '"none" | "basic" | "bearer"'.
src/interfaces/clients/adapters/mcp-client-adapter.ts(672,19): error TS2339: Property '_messageId' does not exist on type 'MCPClientAdapter'.
src/interfaces/clients/adapters/mcp-client-adapter.ts(725,57): error TS2344: Type 'MCPClientConfig' does not satisfy the constraint 'ClientConfig'.
  The types of 'authentication.type' are incompatible between these types.
    Type '"none" | "basic" | "bearer"' is not assignable to type '"basic" | "custom" | "bearer" | "oauth" | "apikey"'.
      Type '"none"' is not assignable to type '"basic" | "custom" | "bearer" | "oauth" | "apikey"'.
src/interfaces/clients/adapters/mcp-client-adapter.ts(736,5): error TS2322: Type 'MCPClientAdapter' is not assignable to type 'IClient'.
  The types of 'config.authentication.type' are incompatible between these types.
    Type '"none" | "basic" | "bearer"' is not assignable to type '"basic" | "custom" | "bearer" | "oauth" | "apikey"'.
      Type '"none"' is not assignable to type '"basic" | "custom" | "bearer" | "oauth" | "apikey"'.
src/interfaces/clients/adapters/mcp-client-adapter.ts(761,5): error TS2322: Type 'MCPClientAdapter' is not assignable to type 'IClient'.
  The types of 'config.authentication.type' are incompatible between these types.
    Type '"none" | "basic" | "bearer"' is not assignable to type '"basic" | "custom" | "bearer" | "oauth" | "apikey"'.
      Type '"none"' is not assignable to type '"basic" | "custom" | "bearer" | "oauth" | "apikey"'.
src/interfaces/clients/adapters/mcp-client-adapter.ts(768,5): error TS2322: Type 'MCPClientAdapter[]' is not assignable to type 'IClient[]'.
  Type 'MCPClientAdapter' is not assignable to type 'IClient'.
    The types of 'config.authentication.type' are incompatible between these types.
      Type '"none" | "basic" | "bearer"' is not assignable to type '"basic" | "custom" | "bearer" | "oauth" | "apikey"'.
        Type '"none"' is not assignable to type '"basic" | "custom" | "bearer" | "oauth" | "apikey"'.
src/interfaces/clients/adapters/mcp-integration-example.ts(23,14): error TS2323: Cannot redeclare exported variable 'MCPIntegrationManager'.
src/interfaces/clients/adapters/mcp-integration-example.ts(469,10): error TS2323: Cannot redeclare exported variable 'MCPIntegrationManager'.
src/interfaces/clients/adapters/mcp-integration-example.ts(469,10): error TS2484: Export declaration conflicts with exported declaration of 'MCPIntegrationManager'.
src/interfaces/clients/adapters/websocket-client-adapter.ts(441,11): error TS2300: Duplicate identifier 'isConnected'.
src/interfaces/clients/adapters/websocket-client-adapter.ts(441,11): error TS2416: Property 'isConnected' in type 'WebSocketClientAdapter' is not assignable to the same property in base type 'IClient'.
  Type 'boolean' is not assignable to type '() => boolean'.
src/interfaces/clients/adapters/websocket-client-adapter.ts(443,11): error TS2300: Duplicate identifier 'connectionId'.
src/interfaces/clients/adapters/websocket-client-adapter.ts(610,3): error TS2300: Duplicate identifier 'isConnected'.
src/interfaces/clients/adapters/websocket-client-adapter.ts(610,3): error TS2416: Property 'isConnected' in type 'WebSocketClientAdapter' is not assignable to the same property in base type 'IClient'.
  Type 'boolean' is not assignable to type '() => boolean'.
src/interfaces/clients/adapters/websocket-client-adapter.ts(694,3): error TS2416: Property 'on' in type 'WebSocketClientAdapter' is not assignable to the same property in base type 'EventEmitter<DefaultEventMap>'.
  Type '(event: string, handler: (...args: any[]) => void) => void' is not assignable to type '<K>(eventName: string | symbol, listener: (...args: any[]) => void) => this'.
    Type 'void' is not assignable to type 'this'.
      'this' could be instantiated with an arbitrary type which could be unrelated to 'void'.
src/interfaces/clients/adapters/websocket-client-adapter.ts(704,3): error TS2416: Property 'off' in type 'WebSocketClientAdapter' is not assignable to the same property in base type 'EventEmitter<DefaultEventMap>'.
  Type '(event: string, handler?: (...args: any[]) => void) => void' is not assignable to type '<K>(eventName: string | symbol, listener: (...args: any[]) => void) => this'.
    Type 'void' is not assignable to type 'this'.
      'this' could be instantiated with an arbitrary type which could be unrelated to 'void'.
src/interfaces/clients/adapters/websocket-client-adapter.ts(806,7): error TS2300: Duplicate identifier 'connectionId'.
src/interfaces/clients/adapters/websocket-client-adapter.ts(825,9): error TS2367: This comparison appears to be unintentional because the types '"basic" | "custom" | "bearer" | "oauth" | "apikey"' and '"query"' have no overlap.
src/interfaces/clients/adapters/websocket-client-adapter.ts(899,17): error TS2345: Argument of type '{ data: any; status: any; statusText: any; headers: any; config: RequestOptions; metadata: { requestId: string; duration: number; connectionId: string; messageType: string; }; }' is not assignable to parameter of type 'ClientResponse<T> | PromiseLike<ClientResponse<T>>'.
  Property 'timestamp' is missing in type '{ data: any; status: any; statusText: any; headers: any; config: RequestOptions; metadata: { requestId: string; duration: number; connectionId: string; messageType: string; }; }' but required in type 'ClientResponse<T>'.
src/interfaces/clients/adapters/websocket-client-factory.ts(44,7): error TS2322: Type 'EnhancedWebSocketClient' is not assignable to type 'IClient'.
  Property 'isConnected' is private in type 'EnhancedWebSocketClient' but not in type 'IClient'.
src/interfaces/clients/adapters/websocket-client-factory.ts(47,7): error TS2322: Type 'WebSocketClientAdapter' is not assignable to type 'IClient'.
  Property 'isConnected' is private in type 'WebSocketClientAdapter' but not in type 'IClient'.
src/interfaces/clients/adapters/websocket-client-factory.ts(47,43): error TS2345: Argument of type 'import("/home/mhugo/code/claude-code-zen/src/interfaces/clients/adapters/websocket-types").WebSocketClientConfig' is not assignable to parameter of type 'import("/home/mhugo/code/claude-code-zen/src/interfaces/clients/adapters/websocket-client-adapter").WebSocketClientConfig'.
  Types of property 'reconnection' are incompatible.
    Property 'interval' is missing in type '{ enabled: boolean; maxAttempts: number; initialDelay: number; maxDelay: number; backoff: "linear" | "exponential"; jitter?: boolean; }' but required in type '{ enabled: boolean; maxAttempts: number; interval: number; backoff: "linear" | "exponential"; maxInterval?: number; }'.
src/interfaces/clients/adapters/websocket-client-factory.ts(327,42): error TS2339: Property 'getWebSocketMetrics' does not exist on type 'never'.
  The intersection 'IClient & EnhancedWebSocketClient' was reduced to 'never' because property 'isConnected' exists in multiple constituents and is private in some.
src/interfaces/clients/adapters/websocket-client-factory.ts(331,40): error TS2339: Property 'getMetrics' does not exist on type 'never'.
  The intersection 'IClient & WebSocketClientAdapter' was reduced to 'never' because property 'isConnected' exists in multiple constituents and is private in some.
src/interfaces/clients/adapters/websocket-client-factory.ts(335,39): error TS2339: Property 'isConnected' does not exist on type 'never'.
  The intersection 'IClient & WebSocketClientAdapter' was reduced to 'never' because property 'isConnected' exists in multiple constituents and is private in some.
src/interfaces/clients/adapters/websocket-client-factory.ts(383,41): error TS2339: Property 'getConnectionInfo' does not exist on type 'never'.
  The intersection 'IClient & EnhancedWebSocketClient' was reduced to 'never' because property 'isConnected' exists in multiple constituents and is private in some.
src/interfaces/clients/adapters/websocket-client-factory.ts(542,48): error TS2345: Argument of type 'string' is not assignable to parameter of type '"error" | "disconnect" | "retry" | "connect"'.
src/interfaces/clients/adapters/websocket-client-factory.ts(646,27): error TS2345: Argument of type 'string' is not assignable to parameter of type '"error" | "disconnect" | "retry" | "connect"'.
src/interfaces/clients/adapters/websocket-demo.ts(52,45): error TS2345: Argument of type 'import("/home/mhugo/code/claude-code-zen/src/interfaces/clients/adapters/websocket-types").WebSocketClientConfig' is not assignable to parameter of type 'import("/home/mhugo/code/claude-code-zen/src/interfaces/clients/adapters/websocket-client-adapter").WebSocketClientConfig'.
  Types of property 'reconnection' are incompatible.
    Property 'interval' is missing in type '{ enabled: boolean; maxAttempts: number; initialDelay: number; maxDelay: number; backoff: "linear" | "exponential"; jitter?: boolean; }' but required in type '{ enabled: boolean; maxAttempts: number; interval: number; backoff: "linear" | "exponential"; maxInterval?: number; }'.
src/interfaces/clients/adapters/websocket-index.ts(82,11): error TS2304: Cannot find name 'WebSocketClientConfig'.
src/interfaces/clients/adapters/websocket-index.ts(100,23): error TS2304: Cannot find name 'WebSocketClientFactory'.
src/interfaces/clients/adapters/websocket-index.ts(124,16): error TS2304: Cannot find name 'FailoverWebSocketClient'.
src/interfaces/clients/adapters/websocket-index.ts(130,16): error TS2304: Cannot find name 'LoadBalancedWebSocketClient'.
src/interfaces/clients/adapters/websocket-index.ts(161,17): error TS2304: Cannot find name 'WebSocketClientConfig'.
src/interfaces/clients/adapters/websocket-index.ts(196,35): error TS2304: Cannot find name 'WebSocketClientConfig'.
src/interfaces/clients/adapters/websocket-index.ts(232,26): error TS2304: Cannot find name 'WebSocketClientConfig'.
src/interfaces/clients/adapters/websocket-index.ts(270,26): error TS2304: Cannot find name 'WebSocketClientConfig'.
src/interfaces/clients/adapters/websocket-index.ts(296,41): error TS2304: Cannot find name 'WebSocketClientConfig'.
src/interfaces/clients/adapters/websocket-index.ts(419,3): error TS18004: No value exists in scope for the shorthand property 'WebSocketClientAdapter'. Either declare one or provide an initializer.
src/interfaces/clients/adapters/websocket-index.ts(420,3): error TS18004: No value exists in scope for the shorthand property 'EnhancedWebSocketClient'. Either declare one or provide an initializer.
src/interfaces/clients/adapters/websocket-index.ts(421,3): error TS18004: No value exists in scope for the shorthand property 'WebSocketClientFactory'. Either declare one or provide an initializer.
src/interfaces/clients/adapters/websocket-index.ts(422,3): error TS18004: No value exists in scope for the shorthand property 'LoadBalancedWebSocketClient'. Either declare one or provide an initializer.
src/interfaces/clients/adapters/websocket-index.ts(423,3): error TS18004: No value exists in scope for the shorthand property 'FailoverWebSocketClient'. Either declare one or provide an initializer.
src/interfaces/clients/adapters/websocket-types.ts(494,83): error TS2345: Argument of type 'number' is not assignable to parameter of type '1000 | 1001 | 1002 | 1003 | 1005 | 1006 | 1007 | 1008 | 1009 | 1010 | 1011 | 1012 | 1013 | 1014 | 1015'.
src/interfaces/clients/core/interfaces.ts(626,3): error TS2717: Subsequent property declarations must have the same type.  Property 'config' must be of type 'RequestOptions', but here has type 'ClientConfig'.
src/interfaces/clients/core/interfaces.ts(631,15): error TS2484: Export declaration conflicts with exported declaration of 'ClientStatus'.
src/interfaces/clients/examples/http-client-usage.ts(9,3): error TS2724: '"../index"' has no exported member named 'createHTTPClient'. Did you mean 'createAPIClient'?
src/interfaces/clients/examples/http-client-usage.ts(10,3): error TS2614: Module '"../index"' has no exported member 'createHTTPClientWithPreset'. Did you mean to use 'import createHTTPClientWithPreset from "../index"' instead?
src/interfaces/clients/examples/http-client-usage.ts(11,3): error TS2614: Module '"../index"' has no exported member 'createLoadBalancedHTTPClients'. Did you mean to use 'import createLoadBalancedHTTPClients from "../index"' instead?
src/interfaces/clients/examples/http-client-usage.ts(12,3): error TS2724: '"../index"' has no exported member named 'HTTPClientFactory'. Did you mean 'ClientFactory'?
src/interfaces/clients/examples/http-client-usage.ts(13,3): error TS2614: Module '"../index"' has no exported member 'isAuthenticationError'. Did you mean to use 'import isAuthenticationError from "../index"' instead?
src/interfaces/clients/examples/http-client-usage.ts(14,3): error TS2614: Module '"../index"' has no exported member 'isClientError'. Did you mean to use 'import isClientError from "../index"' instead?
src/interfaces/clients/examples/http-client-usage.ts(15,3): error TS2614: Module '"../index"' has no exported member 'isConnectionError'. Did you mean to use 'import isConnectionError from "../index"' instead?
src/interfaces/clients/examples/knowledge-client-example.ts(73,7): error TS2345: Argument of type '{}' is not assignable to parameter of type 'IConfig'.
  Type '{}' is missing the following properties from type 'IConfig': get, set, has
src/interfaces/clients/examples/knowledge-client-example.ts(78,7): error TS2353: Object literal may only specify known properties, and 'provider' does not exist in type 'Partial<ClientConfig>'.
src/interfaces/clients/factories.ts(120,12): error TS2551: Property 'logger' does not exist on type 'UACLFactory'. Did you mean '_logger'?
src/interfaces/clients/factories.ts(126,10): error TS2551: Property 'logger' does not exist on type 'UACLFactory'. Did you mean '_logger'?
src/interfaces/clients/factories.ts(145,12): error TS2551: Property 'logger' does not exist on type 'UACLFactory'. Did you mean '_logger'?
src/interfaces/clients/factories.ts(148,12): error TS2551: Property 'logger' does not exist on type 'UACLFactory'. Did you mean '_logger'?
src/interfaces/clients/factories.ts(372,12): error TS2551: Property 'logger' does not exist on type 'UACLFactory'. Did you mean '_logger'?
src/interfaces/clients/factories.ts(382,10): error TS2551: Property 'logger' does not exist on type 'UACLFactory'. Did you mean '_logger'?
src/interfaces/clients/factories.ts(389,14): error TS2551: Property 'logger' does not exist on type 'UACLFactory'. Did you mean '_logger'?
src/interfaces/clients/factories.ts(452,10): error TS2551: Property 'logger' does not exist on type 'UACLFactory'. Did you mean '_logger'?
src/interfaces/clients/factories.ts(468,52): error TS2307: Cannot find module './implementations/http-client-factory' or its corresponding type declarations.
src/interfaces/clients/factories.ts(475,11): error TS2307: Cannot find module './implementations/websocket-client-factory' or its corresponding type declarations.
src/interfaces/clients/factories.ts(490,51): error TS2307: Cannot find module './implementations/mcp-client-factory' or its corresponding type declarations.
src/interfaces/clients/factories.ts(495,55): error TS2307: Cannot find module './implementations/generic-client-factory' or its corresponding type declarations.
src/interfaces/clients/factories.ts(501,43): error TS2551: Property 'logger' does not exist on type 'UACLFactory'. Did you mean '_logger'?
src/interfaces/clients/factories.ts(501,56): error TS2551: Property 'config' does not exist on type 'UACLFactory'. Did you mean '_config'?
src/interfaces/clients/factories.ts(683,57): error TS2554: Expected 2 arguments, but got 3.
src/interfaces/clients/factories.ts(714,10): error TS2339: Property 'requestCount' does not exist on type 'LoadBalancedClient<T>'.
src/interfaces/clients/factories.ts(795,42): error TS2345: Argument of type '() => { debug: { (...data: any[]): void; (message?: any, ...optionalParams: any[]): void; }; info: { (...data: any[]): void; (message?: any, ...optionalParams: any[]): void; }; warn: { (...data: any[]): void; (message?: any, ...optionalParams: any[]): void; }; error: { ...; }; }' is not assignable to parameter of type 'Provider<ILogger>'.
src/interfaces/clients/factories.ts(802,42): error TS2345: Argument of type '() => {}' is not assignable to parameter of type 'Provider<IConfig>'.
src/interfaces/clients/factories.ts(804,37): error TS2345: Argument of type 'typeof UACLFactory' is not assignable to parameter of type 'DIToken<unknown>'.
  Property 'symbol' is missing in type 'typeof UACLFactory' but required in type 'DIToken<unknown>'.
src/interfaces/clients/factories.ts(806,24): error TS2339: Property 'createClient' does not exist on type 'unknown'.
src/interfaces/clients/index.ts(182,29): error TS2304: Cannot find name 'ClientManagerConfig'.
src/interfaces/clients/index.ts(187,11): error TS2304: Cannot find name 'ClientManagerHelpers'.
src/interfaces/clients/index.ts(260,22): error TS2304: Cannot find name 'HTTPClientConfig'.
src/interfaces/clients/index.ts(261,14): error TS2304: Cannot find name 'ClientInstance'.
src/interfaces/clients/index.ts(265,12): error TS2304: Cannot find name 'ClientManagerHelpers'.
src/interfaces/clients/index.ts(333,22): error TS2304: Cannot find name 'WebSocketClientConfig'.
src/interfaces/clients/index.ts(334,14): error TS2304: Cannot find name 'ClientInstance'.
src/interfaces/clients/index.ts(338,12): error TS2304: Cannot find name 'ClientManagerHelpers'.
src/interfaces/clients/index.ts(405,22): error TS2304: Cannot find name 'KnowledgeClientConfig'.
src/interfaces/clients/index.ts(406,14): error TS2304: Cannot find name 'ClientInstance'.
src/interfaces/clients/index.ts(410,12): error TS2304: Cannot find name 'ClientManagerHelpers'.
src/interfaces/clients/index.ts(486,14): error TS2304: Cannot find name 'MCPClientConfig'.
src/interfaces/clients/index.ts(487,22): error TS2304: Cannot find name 'MCPClientConfig'.
src/interfaces/clients/index.ts(488,14): error TS2304: Cannot find name 'ClientInstance'.
src/interfaces/clients/index.ts(492,12): error TS2304: Cannot find name 'ClientManagerHelpers'.
src/interfaces/clients/index.ts(514,32): error TS2304: Cannot find name 'ClientInstance'.
src/interfaces/clients/index.ts(515,12): error TS2304: Cannot find name 'globalClientManager'.
src/interfaces/clients/index.ts(540,23): error TS2304: Cannot find name 'ClientType'.
src/interfaces/clients/index.ts(540,36): error TS2304: Cannot find name 'ClientInstance'.
src/interfaces/clients/index.ts(541,12): error TS2304: Cannot find name 'globalClientManager'.
src/interfaces/clients/index.ts(570,26): error TS2304: Cannot find name 'ClientType'.
src/interfaces/clients/index.ts(570,39): error TS2304: Cannot find name 'ClientInstance'.
src/interfaces/clients/index.ts(571,12): error TS2304: Cannot find name 'globalClientManager'.
src/interfaces/clients/index.ts(606,33): error TS2304: Cannot find name 'ClientManager'.
src/interfaces/clients/index.ts(607,12): error TS2304: Cannot find name 'globalClientManager'.
src/interfaces/clients/index.ts(643,28): error TS2304: Cannot find name 'ClientManager'.
src/interfaces/clients/index.ts(644,12): error TS2304: Cannot find name 'globalClientManager'.
src/interfaces/clients/index.ts(681,40): error TS2304: Cannot find name 'ClientManagerHelpers'.
src/interfaces/clients/index.ts(682,12): error TS2304: Cannot find name 'ClientManagerHelpers'.
src/interfaces/clients/index.ts(722,24): error TS2304: Cannot find name 'globalClientManager'.
src/interfaces/clients/index.ts(725,24): error TS2304: Cannot find name 'globalClientManager'.
src/interfaces/clients/index.ts(763,24): error TS2304: Cannot find name 'globalClientManager'.
src/interfaces/clients/index.ts(765,7): error TS2304: Cannot find name 'globalClientManager'.
src/interfaces/clients/index.ts(810,11): error TS2304: Cannot find name 'globalClientManager'.
src/interfaces/clients/index.ts(878,47): error TS2304: Cannot find name 'ClientManagerConfig'.
src/interfaces/clients/index.ts(957,18): error TS2304: Cannot find name 'MCPClientConfig'.
src/interfaces/clients/index.ts(959,12): error TS2304: Cannot find name 'ClientInstance'.
src/interfaces/clients/index.ts(960,17): error TS2304: Cannot find name 'ClientInstance'.
src/interfaces/clients/index.ts(961,17): error TS2304: Cannot find name 'ClientInstance'.
src/interfaces/clients/index.ts(962,11): error TS2304: Cannot find name 'ClientInstance'.
src/interfaces/clients/index.ts(967,14): error TS2304: Cannot find name 'ClientInstance'.
src/interfaces/clients/index.ts(968,19): error TS2304: Cannot find name 'ClientInstance'.
src/interfaces/clients/index.ts(969,19): error TS2304: Cannot find name 'ClientInstance'.
src/interfaces/clients/index.ts(970,13): error TS2304: Cannot find name 'ClientInstance'.
src/interfaces/clients/index.ts(1152,25): error TS2304: Cannot find name 'ClientType'.
src/interfaces/clients/index.ts(1153,37): error TS2304: Cannot find name 'ClientType'.
src/interfaces/clients/index.ts(1154,37): error TS2304: Cannot find name 'ClientType'.
src/interfaces/clients/index.ts(1155,37): error TS2304: Cannot find name 'ClientType'.
src/interfaces/clients/interfaces.ts(45,20): error TS2304: Cannot find name 'ProtocolType'.
src/interfaces/clients/interfaces.ts(48,22): error TS2304: Cannot find name 'ProtocolType'.
src/interfaces/clients/interfaces.ts(51,28): error TS2304: Cannot find name 'ProtocolType'.
src/interfaces/clients/interfaces.ts(54,28): error TS2304: Cannot find name 'ProtocolType'.
src/interfaces/clients/interfaces.ts(182,13): error TS2304: Cannot find name 'ProtocolType'.
src/interfaces/clients/interfaces.ts(335,13): error TS2304: Cannot find name 'ProtocolType'.
src/interfaces/clients/interfaces.ts(514,13): error TS2304: Cannot find name 'ProtocolType'.
src/interfaces/clients/interfaces.ts(527,13): error TS2304: Cannot find name 'ProtocolType'.
src/interfaces/clients/manager.ts(108,7): error TS2739: Type 'ClientMetrics' is missing the following properties from type '{ requests: number; errors: number; avgLatency: number; uptime: number; }': avgLatency, uptime
src/interfaces/clients/manager.ts(170,7): error TS2739: Type 'ClientMetrics' is missing the following properties from type '{ requests: number; errors: number; avgLatency: number; uptime: number; }': avgLatency, uptime
src/interfaces/clients/manager.ts(235,7): error TS2739: Type 'ClientMetrics' is missing the following properties from type '{ requests: number; errors: number; avgLatency: number; uptime: number; }': avgLatency, uptime
src/interfaces/clients/manager.ts(297,7): error TS2739: Type 'ClientMetrics' is missing the following properties from type '{ requests: number; errors: number; avgLatency: number; uptime: number; }': avgLatency, uptime
src/interfaces/events/adapters/__tests__/coordination-event-adapter.test.ts(129,72): error TS2345: Argument of type 'Mock<UnknownFunction>' is not assignable to parameter of type 'EventListener<CoordinationEvent>'.
  Type 'unknown' is not assignable to type 'void | Promise<void>'.
src/interfaces/events/adapters/__tests__/coordination-event-adapter.test.ts(137,72): error TS2345: Argument of type 'Mock<UnknownFunction>' is not assignable to parameter of type 'EventListener<CoordinationEvent>'.
  Type 'unknown' is not assignable to type 'void | Promise<void>'.
src/interfaces/events/adapters/__tests__/coordination-event-adapter.test.ts(149,49): error TS2345: Argument of type 'Mock<UnknownFunction>' is not assignable to parameter of type 'EventListener<CoordinationEvent>'.
  Type 'unknown' is not assignable to type 'void | Promise<void>'.
src/interfaces/events/adapters/__tests__/coordination-event-adapter.test.ts(150,49): error TS2345: Argument of type 'Mock<UnknownFunction>' is not assignable to parameter of type 'EventListener<CoordinationEvent>'.
  Type 'unknown' is not assignable to type 'void | Promise<void>'.
src/interfaces/events/adapters/__tests__/coordination-event-adapter.test.ts(151,49): error TS2345: Argument of type 'Mock<UnknownFunction>' is not assignable to parameter of type 'EventListener<CoordinationEvent>'.
  Type 'unknown' is not assignable to type 'void | Promise<void>'.
src/interfaces/events/adapters/__tests__/coordination-event-adapter.test.ts(161,49): error TS2345: Argument of type 'Mock<UnknownFunction>' is not assignable to parameter of type 'EventListener<CoordinationEvent>'.
  Type 'unknown' is not assignable to type 'void | Promise<void>'.
src/interfaces/events/adapters/__tests__/coordination-event-adapter.test.ts(213,49): error TS2345: Argument of type 'Mock<UnknownFunction>' is not assignable to parameter of type 'EventListener<CoordinationEvent>'.
  Type 'unknown' is not assignable to type 'void | Promise<void>'.
src/interfaces/events/adapters/__tests__/coordination-event-adapter.test.ts(231,48): error TS2345: Argument of type 'Mock<UnknownFunction>' is not assignable to parameter of type 'EventListener<CoordinationEvent>'.
  Type 'unknown' is not assignable to type 'void | Promise<void>'.
src/interfaces/events/adapters/__tests__/coordination-event-adapter.test.ts(272,49): error TS2345: Argument of type 'Mock<UnknownFunction>' is not assignable to parameter of type 'EventListener<CoordinationEvent>'.
  Type 'unknown' is not assignable to type 'void | Promise<void>'.
src/interfaces/events/adapters/__tests__/coordination-event-adapter.test.ts(308,49): error TS2345: Argument of type 'Mock<UnknownFunction>' is not assignable to parameter of type 'EventListener<CoordinationEvent>'.
  Type 'unknown' is not assignable to type 'void | Promise<void>'.
src/interfaces/events/adapters/__tests__/coordination-event-adapter.test.ts(579,49): error TS2345: Argument of type 'Mock<UnknownFunction>' is not assignable to parameter of type 'EventListener<CoordinationEvent>'.
  Type 'unknown' is not assignable to type 'void | Promise<void>'.
src/interfaces/events/adapters/__tests__/coordination-event-adapter.test.ts(604,68): error TS2345: Argument of type 'Mock<UnknownFunction>' is not assignable to parameter of type 'EventListener<CoordinationEvent>'.
  Type 'unknown' is not assignable to type 'void | Promise<void>'.
src/interfaces/events/adapters/__tests__/coordination-event-adapter.test.ts(613,69): error TS2345: Argument of type 'Mock<UnknownFunction>' is not assignable to parameter of type 'EventListener<CoordinationEvent>'.
  Type 'unknown' is not assignable to type 'void | Promise<void>'.
src/interfaces/events/adapters/__tests__/coordination-event-adapter.test.ts(621,71): error TS2345: Argument of type 'Mock<UnknownFunction>' is not assignable to parameter of type 'EventListener<CoordinationEvent>'.
  Type 'unknown' is not assignable to type 'void | Promise<void>'.
src/interfaces/events/adapters/__tests__/coordination-event-adapter.test.ts(679,58): error TS2345: Argument of type 'Error' is not assignable to parameter of type 'never'.
src/interfaces/events/adapters/__tests__/coordination-event-adapter.test.ts(682,18): error TS2345: Argument of type '"subscription-error"' is not assignable to parameter of type '"error" | "start" | "stop" | "subscription" | "emission"'.
src/interfaces/events/adapters/__tests__/coordination-event-adapter.test.ts(683,49): error TS2345: Argument of type 'Mock<UnknownFunction>' is not assignable to parameter of type 'EventListener<CoordinationEvent>'.
  Type 'unknown' is not assignable to type 'void | Promise<void>'.
src/interfaces/events/adapters/__tests__/system-event-adapter.test.ts(9,65): error TS2307: Cannot find module 'vitest' or its corresponding type declarations.
src/interfaces/events/adapters/__tests__/system-event-adapter.test.ts(168,37): error TS2341: Property 'processEventEmission' is private and only accessible within class 'SystemEventAdapter'.
src/interfaces/events/adapters/__tests__/system-event-adapter.test.ts(169,15): error TS2341: Property 'processEventEmission' is private and only accessible within class 'SystemEventAdapter'.
src/interfaces/events/adapters/__tests__/system-event-adapter.test.ts(760,29): error TS2339: Property 'context' does not exist on type '{ component?: string; version?: string; duration?: number; errorCode?: string; errorMessage?: string; healthScore?: number; }'.
src/interfaces/events/adapters/communication-event-adapter.ts(264,25): error TS2304: Cannot find name 'EventManagerType'.
src/interfaces/events/adapters/communication-event-adapter.ts(536,26): error TS2339: Property 'operation' does not exist on type 'T'.
src/interfaces/events/adapters/communication-event-adapter.ts(540,48): error TS2345: Argument of type 'T' is not assignable to parameter of type 'CommunicationEvent'.
  Type 'SystemEvent' is missing the following properties from type 'CommunicationEvent': operation, protocol
src/interfaces/events/adapters/communication-event-adapter.ts(541,42): error TS2345: Argument of type 'T' is not assignable to parameter of type 'CommunicationEvent'.
  Type 'SystemEvent' is missing the following properties from type 'CommunicationEvent': operation, protocol
src/interfaces/events/adapters/communication-event-adapter.ts(542,48): error TS2345: Argument of type 'T' is not assignable to parameter of type 'CommunicationEvent'.
  Type 'SystemEvent' is missing the following properties from type 'CommunicationEvent': operation, protocol
src/interfaces/events/adapters/communication-event-adapter.ts(559,26): error TS2339: Property 'operation' does not exist on type 'T'.
src/interfaces/events/adapters/communication-event-adapter.ts(563,48): error TS2345: Argument of type 'T' is not assignable to parameter of type 'CommunicationEvent'.
  Type 'SystemEvent' is missing the following properties from type 'CommunicationEvent': operation, protocol
src/interfaces/events/adapters/communication-event-adapter.ts(564,42): error TS2345: Argument of type 'T' is not assignable to parameter of type 'CommunicationEvent'.
  Type 'SystemEvent' is missing the following properties from type 'CommunicationEvent': operation, protocol
src/interfaces/events/adapters/communication-event-adapter.ts(565,48): error TS2345: Argument of type 'T' is not assignable to parameter of type 'CommunicationEvent'.
  Type 'SystemEvent' is missing the following properties from type 'CommunicationEvent': operation, protocol
src/interfaces/events/adapters/communication-event-adapter.ts(589,9): error TS2416: Property 'emitBatch' in type 'CommunicationEventAdapter' is not assignable to the same property in base type 'IEventManager'.
  Type '<T extends CommunicationEvent>(batch: EventBatch<T>, options?: EventEmissionOptions) => Promise<void>' is not assignable to type '<T extends SystemEvent>(batch: EventBatch<T>, options?: EventEmissionOptions) => Promise<void>'.
    Types of parameters 'batch' and 'batch' are incompatible.
      Type 'EventBatch<T>' is not assignable to type 'EventBatch<CommunicationEvent>'.
        Type 'T' is not assignable to type 'CommunicationEvent'.
          Type 'SystemEvent' is missing the following properties from type 'CommunicationEvent': operation, protocol
src/interfaces/events/adapters/communication-event-adapter.ts(633,9): error TS2416: Property 'emitImmediate' in type 'CommunicationEventAdapter' is not assignable to the same property in base type 'IEventManager'.
  Type '<T extends CommunicationEvent>(event: T) => Promise<void>' is not assignable to type '<T extends SystemEvent>(event: T) => Promise<void>'.
    Types of parameters 'event' and 'event' are incompatible.
      Type 'T' is not assignable to type 'CommunicationEvent'.
        Type 'SystemEvent' is missing the following properties from type 'CommunicationEvent': operation, protocol
src/interfaces/events/adapters/communication-event-adapter.ts(777,18): error TS2352: Conversion of type 'CommunicationEvent[]' to type 'T[]' may be a mistake because neither type sufficiently overlaps with the other. If this was intentional, convert the expression to 'unknown' first.
  Type 'CommunicationEvent' is not comparable to type 'T'.
    'CommunicationEvent' is assignable to the constraint of type 'T', but 'T' could be instantiated with a different subtype of constraint 'SystemEvent'.
src/interfaces/events/adapters/communication-event-adapter.ts(781,58): error TS2345: Argument of type 'T' is not assignable to parameter of type 'CommunicationEvent'.
  Type 'SystemEvent' is missing the following properties from type 'CommunicationEvent': operation, protocol
src/interfaces/events/adapters/communication-event-adapter.ts(787,45): error TS2345: Argument of type 'T' is not assignable to parameter of type 'CommunicationEvent'.
  Type 'SystemEvent' is missing the following properties from type 'CommunicationEvent': operation, protocol
src/interfaces/events/adapters/communication-event-adapter.ts(788,45): error TS2345: Argument of type 'T' is not assignable to parameter of type 'CommunicationEvent'.
  Type 'SystemEvent' is missing the following properties from type 'CommunicationEvent': operation, protocol
src/interfaces/events/adapters/communication-event-adapter.ts(1620,28): error TS2345: Argument of type 'T' is not assignable to parameter of type 'CommunicationEvent'.
  Type 'SystemEvent' is missing the following properties from type 'CommunicationEvent': operation, protocol
src/interfaces/events/adapters/communication-event-adapter.ts(1629,48): error TS2345: Argument of type 'T' is not assignable to parameter of type 'CommunicationEvent'.
  Type 'SystemEvent' is missing the following properties from type 'CommunicationEvent': operation, protocol
src/interfaces/events/adapters/communication-event-adapter.ts(1633,37): error TS2345: Argument of type 'T' is not assignable to parameter of type 'CommunicationEvent'.
  Type 'SystemEvent' is missing the following properties from type 'CommunicationEvent': operation, protocol
src/interfaces/events/adapters/communication-event-adapter.ts(1637,29): error TS2345: Argument of type 'T' is not assignable to parameter of type 'CommunicationEvent'.
  Type 'SystemEvent' is missing the following properties from type 'CommunicationEvent': operation, protocol
src/interfaces/events/adapters/communication-event-adapter.ts(1646,7): error TS2322: Type 'CommunicationEvent' is not assignable to type 'T'.
  'CommunicationEvent' is assignable to the constraint of type 'T', but 'T' could be instantiated with a different subtype of constraint 'SystemEvent'.
src/interfaces/events/adapters/communication-event-adapter.ts(1646,52): error TS2345: Argument of type 'T' is not assignable to parameter of type 'CommunicationEvent'.
  Type 'SystemEvent' is missing the following properties from type 'CommunicationEvent': operation, protocol
src/interfaces/events/adapters/communication-event-adapter.ts(1657,54): error TS2345: Argument of type 'T' is not assignable to parameter of type 'CommunicationEvent'.
  Type 'SystemEvent' is missing the following properties from type 'CommunicationEvent': operation, protocol
src/interfaces/events/adapters/communication-event-adapter.ts(1664,11): error TS2322: Type 'CommunicationEvent' is not assignable to type 'T'.
  'CommunicationEvent' is assignable to the constraint of type 'T', but 'T' could be instantiated with a different subtype of constraint 'SystemEvent'.
src/interfaces/events/adapters/communication-event-adapter.ts(1664,57): error TS2345: Argument of type 'T' is not assignable to parameter of type 'CommunicationEvent'.
  Type 'SystemEvent' is missing the following properties from type 'CommunicationEvent': operation, protocol
src/interfaces/events/adapters/communication-event-adapter.ts(2121,67): error TS2304: Cannot find name 'EventPriority'.
src/interfaces/events/adapters/communication-event-factory.ts(46,5): error TS2739: Type '{ info: (_message: string, _meta?: any) => void; warn: (message: string, meta?: any) => void; error: (message: string, meta?: any, error?: any) => void; debug: (_message: string, _meta?: any) => void; }' is missing the following properties from type 'Logger': coreLogger, success, progress
src/interfaces/events/adapters/communication-event-factory.ts(56,9): error TS2416: Property 'create' in type 'CommunicationEventFactory' is not assignable to the same property in base type 'IEventManagerFactory<CommunicationEventAdapterConfig>'.
  Type '(config: CommunicationEventAdapterConfig) => Promise<CommunicationEventAdapter>' is not assignable to type '(config: CommunicationEventAdapterConfig) => Promise<IEventManager>'.
    Type 'Promise<CommunicationEventAdapter>' is not assignable to type 'Promise<IEventManager>'.
      Type 'CommunicationEventAdapter' is not assignable to type 'IEventManager'.
        Types of property 'emitBatch' are incompatible.
          Type '<T extends CommunicationEvent>(batch: EventBatch<T>, options?: EventEmissionOptions) => Promise<void>' is not assignable to type '<T extends SystemEvent>(batch: EventBatch<T>, options?: EventEmissionOptions) => Promise<void>'.
            Types of parameters 'batch' and 'batch' are incompatible.
              Type 'EventBatch<T>' is not assignable to type 'EventBatch<CommunicationEvent>'.
                Type 'T' is not assignable to type 'CommunicationEvent'.
                  Type 'SystemEvent' is missing the following properties from type 'CommunicationEvent': operation, protocol
src/interfaces/events/adapters/communication-event-factory.ts(79,12): error TS2339: Property 'totalCreated' does not exist on type 'CommunicationEventFactory'.
src/interfaces/events/adapters/communication-event-factory.ts(98,9): error TS2416: Property 'createMultiple' in type 'CommunicationEventFactory' is not assignable to the same property in base type 'IEventManagerFactory<CommunicationEventAdapterConfig>'.
  Type '(configs: CommunicationEventAdapterConfig[]) => Promise<CommunicationEventAdapter[]>' is not assignable to type '(configs: CommunicationEventAdapterConfig[]) => Promise<IEventManager[]>'.
    Type 'Promise<CommunicationEventAdapter[]>' is not assignable to type 'Promise<IEventManager[]>'.
      Type 'CommunicationEventAdapter[]' is not assignable to type 'IEventManager[]'.
        Type 'CommunicationEventAdapter' is not assignable to type 'IEventManager'.
          Types of property 'emitBatch' are incompatible.
            Type '<T extends CommunicationEvent>(batch: EventBatch<T>, options?: EventEmissionOptions) => Promise<void>' is not assignable to type '<T extends SystemEvent>(batch: EventBatch<T>, options?: EventEmissionOptions) => Promise<void>'.
              Types of parameters 'batch' and 'batch' are incompatible.
                Type 'EventBatch<T>' is not assignable to type 'EventBatch<CommunicationEvent>'.
                  Type 'T' is not assignable to type 'CommunicationEvent'.
                    Type 'SystemEvent' is missing the following properties from type 'CommunicationEvent': operation, protocol
src/interfaces/events/adapters/communication-event-factory.ts(139,3): error TS2416: Property 'get' in type 'CommunicationEventFactory' is not assignable to the same property in base type 'IEventManagerFactory<CommunicationEventAdapterConfig>'.
  Type '(name: string) => CommunicationEventAdapter' is not assignable to type '(name: string) => IEventManager'.
    Call signature return types 'CommunicationEventAdapter' and 'IEventManager' are incompatible.
      The types of 'emitBatch' are incompatible between these types.
        Type '<T extends CommunicationEvent>(batch: EventBatch<T>, options?: EventEmissionOptions) => Promise<void>' is not assignable to type '<T extends SystemEvent>(batch: EventBatch<T>, options?: EventEmissionOptions) => Promise<void>'.
          Types of parameters 'batch' and 'batch' are incompatible.
            Type 'EventBatch<T>' is not assignable to type 'EventBatch<CommunicationEvent>'.
              Type 'T' is not assignable to type 'CommunicationEvent'.
                Type 'SystemEvent' is missing the following properties from type 'CommunicationEvent': operation, protocol
src/interfaces/events/adapters/communication-event-factory.ts(146,3): error TS2416: Property 'list' in type 'CommunicationEventFactory' is not assignable to the same property in base type 'IEventManagerFactory<CommunicationEventAdapterConfig>'.
  Type '() => CommunicationEventAdapter[]' is not assignable to type '() => IEventManager[]'.
    Type 'CommunicationEventAdapter[]' is not assignable to type 'IEventManager[]'.
      Type 'CommunicationEventAdapter' is not assignable to type 'IEventManager'.
        Types of property 'emitBatch' are incompatible.
          Type '<T extends CommunicationEvent>(batch: EventBatch<T>, options?: EventEmissionOptions) => Promise<void>' is not assignable to type '<T extends SystemEvent>(batch: EventBatch<T>, options?: EventEmissionOptions) => Promise<void>'.
            Types of parameters 'batch' and 'batch' are incompatible.
              Type 'EventBatch<T>' is not assignable to type 'EventBatch<CommunicationEvent>'.
                Type 'T' is not assignable to type 'CommunicationEvent'.
                  Type 'SystemEvent' is missing the following properties from type 'CommunicationEvent': operation, protocol
src/interfaces/events/adapters/coordination-event-adapter.ts(34,34): error TS2724: '"../types"' has no exported member named 'EventPriority'. Did you mean 'EventPriorityMap'?
src/interfaces/events/adapters/coordination-event-adapter.ts(241,19): error TS2416: Property 'type' in type 'CoordinationEventAdapter' is not assignable to the same property in base type 'IEventManager'.
  Type 'string' is not assignable to type 'EventManagerType'.
src/interfaces/events/adapters/coordination-event-adapter.ts(374,5): error TS2739: Type '{ info: (_message: string, _meta?: any) => void; warn: (message: string, meta?: any) => void; error: (message: string, meta?: any, error?: any) => void; debug: (_message: string, _meta?: any) => void; }' is missing the following properties from type 'Logger': coreLogger, success, progress
src/interfaces/events/adapters/coordination-event-adapter.ts(484,9): error TS2416: Property 'emit' in type 'CoordinationEventAdapter' is not assignable to the same property in base type 'IEventManager'.
  Type '<T extends CoordinationEvent>(event: T, options?: EventEmissionOptions) => Promise<void>' is not assignable to type '<T extends SystemEvent>(event: T, options?: EventEmissionOptions) => Promise<void>'.
    Types of parameters 'event' and 'event' are incompatible.
      Type 'T' is not assignable to type 'CoordinationEvent'.
        Type 'SystemEvent' is missing the following properties from type 'CoordinationEvent': operation, targetId
src/interfaces/events/adapters/coordination-event-adapter.ts(567,9): error TS2416: Property 'emitBatch' in type 'CoordinationEventAdapter' is not assignable to the same property in base type 'IEventManager'.
  Type '<T extends CoordinationEvent>(batch: EventBatch<T>, options?: EventEmissionOptions) => Promise<void>' is not assignable to type '<T extends SystemEvent>(batch: EventBatch<T>, options?: EventEmissionOptions) => Promise<void>'.
    Types of parameters 'batch' and 'batch' are incompatible.
      Type 'EventBatch<T>' is not assignable to type 'EventBatch<CoordinationEvent>'.
        Type 'T' is not assignable to type 'CoordinationEvent'.
          Type 'SystemEvent' is missing the following properties from type 'CoordinationEvent': operation, targetId
src/interfaces/events/adapters/coordination-event-adapter.ts(611,9): error TS2416: Property 'emitImmediate' in type 'CoordinationEventAdapter' is not assignable to the same property in base type 'IEventManager'.
  Type '<T extends CoordinationEvent>(event: T) => Promise<void>' is not assignable to type '<T extends SystemEvent>(event: T) => Promise<void>'.
    Types of parameters 'event' and 'event' are incompatible.
      Type 'T' is not assignable to type 'CoordinationEvent'.
        Type 'SystemEvent' is missing the following properties from type 'CoordinationEvent': operation, targetId
src/interfaces/events/adapters/coordination-event-adapter.ts(622,3): error TS2416: Property 'subscribe' in type 'CoordinationEventAdapter' is not assignable to the same property in base type 'IEventManager'.
  Type '<T extends CoordinationEvent>(eventTypes: string | string[], listener: EventListener<T>, options?: Partial<EventSubscription<T>>) => string' is not assignable to type '<T extends SystemEvent>(eventTypes: string | string[], listener: EventListener<T>, options?: Partial<EventSubscription<T>>) => string'.
    Types of parameters 'listener' and 'listener' are incompatible.
      Types of parameters 'event' and 'event' are incompatible.
        Type 'CoordinationEvent' is not assignable to type 'T'.
          'CoordinationEvent' is assignable to the constraint of type 'T', but 'T' could be instantiated with a different subtype of constraint 'SystemEvent'.
src/interfaces/events/adapters/coordination-event-adapter.ts(754,9): error TS2416: Property 'query' in type 'CoordinationEventAdapter' is not assignable to the same property in base type 'IEventManager'.
  Type '<T extends CoordinationEvent>(options: EventQueryOptions) => Promise<T[]>' is not assignable to type '<T extends SystemEvent>(options: EventQueryOptions) => Promise<T[]>'.
    Type 'Promise<CoordinationEvent[]>' is not assignable to type 'Promise<T[]>'.
      Type 'CoordinationEvent[]' is not assignable to type 'T[]'.
        Type 'CoordinationEvent' is not assignable to type 'T'.
          'CoordinationEvent' is assignable to the constraint of type 'T', but 'T' could be instantiated with a different subtype of constraint 'SystemEvent'.
src/interfaces/events/adapters/coordination-event-adapter.ts(815,7): error TS2322: Type 'string' is not assignable to type 'EventManagerType'.
src/interfaces/events/adapters/coordination-event-adapter.ts(856,7): error TS2322: Type 'string' is not assignable to type 'EventManagerType'.
src/interfaces/events/adapters/coordination-event-adapter.ts(1603,17): error TS2353: Object literal may only specify known properties, and 'healthScore' does not exist in type '{ agentCount?: number; topology?: "mesh" | "hierarchical" | "ring" | "star"; taskType?: string; assignedTo?: string[]; progress?: number; metrics?: { latency: number; throughput: number; reliability: number; resourceUsage: { ...; }; }; }'.
src/interfaces/events/adapters/coordination-event-adapter.ts(1687,17): error TS2741: Property 'resourceUsage' is missing in type '{ latency: number; throughput: number; reliability: number; }' but required in type '{ latency: number; throughput: number; reliability: number; resourceUsage: { cpu: number; memory: number; network: number; }; }'.
src/interfaces/events/adapters/coordination-event-adapter.ts(1805,62): error TS2339: Property 'success' does not exist on type '{ agentCount?: number; topology?: "mesh" | "hierarchical" | "ring" | "star"; taskType?: string; assignedTo?: string[]; progress?: number; metrics?: { latency: number; throughput: number; reliability: number; resourceUsage: { ...; }; }; }'.
src/interfaces/events/adapters/coordination-event-adapter.ts(1996,27): error TS2339: Property 'swarmId' does not exist on type '{ agentCount?: number; topology?: "mesh" | "hierarchical" | "ring" | "star"; taskType?: string; assignedTo?: string[]; progress?: number; metrics?: { latency: number; throughput: number; reliability: number; resourceUsage: { ...; }; }; }'.
src/interfaces/events/adapters/coordination-event-adapter.ts(2001,22): error TS2339: Property 'agentId' does not exist on type '{ agentCount?: number; topology?: "mesh" | "hierarchical" | "ring" | "star"; taskType?: string; assignedTo?: string[]; progress?: number; metrics?: { latency: number; throughput: number; reliability: number; resourceUsage: { ...; }; }; }'.
src/interfaces/events/adapters/coordination-event-adapter.ts(2009,22): error TS2339: Property 'taskId' does not exist on type '{ agentCount?: number; topology?: "mesh" | "hierarchical" | "ring" | "star"; taskType?: string; assignedTo?: string[]; progress?: number; metrics?: { latency: number; throughput: number; reliability: number; resourceUsage: { ...; }; }; }'.
src/interfaces/events/adapters/coordination-event-factory.ts(40,10): error TS2339: Property 'config' does not exist on type 'CoordinationEventManagerFactory'.
src/interfaces/events/adapters/coordination-event-factory.ts(63,7): error TS2322: Type 'CoordinationEventAdapter' is not assignable to type 'IEventManager'.
  Types of property 'type' are incompatible.
    Type 'string' is not assignable to type 'EventManagerType'.
src/interfaces/events/adapters/coordination-event-factory.ts(113,5): error TS2322: Type 'CoordinationEventAdapter' is not assignable to type 'IEventManager'.
  Types of property 'type' are incompatible.
    Type 'string' is not assignable to type 'EventManagerType'.
src/interfaces/events/adapters/coordination-event-factory.ts(120,5): error TS2322: Type 'CoordinationEventAdapter[]' is not assignable to type 'IEventManager[]'.
  Type 'CoordinationEventAdapter' is not assignable to type 'IEventManager'.
    Types of property 'type' are incompatible.
      Type 'string' is not assignable to type 'EventManagerType'.
src/interfaces/events/adapters/coordination-event-factory.ts(795,5): error TS2739: Type '{ enabled: false; }' is missing the following properties from type '{ enabled: boolean; optimizationInterval: number; performanceThresholds: { latency: number; throughput: number; reliability: number; }; autoScaling: boolean; loadBalancing: boolean; }': optimizationInterval, performanceThresholds, autoScaling, loadBalancing
src/interfaces/events/adapters/coordination-usage-example.ts(12,3): error TS2614: Module '"./coordination-event-adapter"' has no exported member 'createComprehensiveCoordinationEventManager'. Did you mean to use 'import createComprehensiveCoordinationEventManager from "./coordination-event-adapter"' instead?
src/interfaces/events/adapters/coordination-usage-example.ts(13,3): error TS2724: '"./coordination-event-adapter"' has no exported member named 'createCoordinationEventManager'. Did you mean 'createCoordinationEventAdapter'?
src/interfaces/events/adapters/coordination-usage-example.ts(14,3): error TS2614: Module '"./coordination-event-adapter"' has no exported member 'createHighPerformanceCoordinationEventManager'. Did you mean to use 'import createHighPerformanceCoordinationEventManager from "./coordination-event-adapter"' instead?
src/interfaces/events/adapters/coordination-usage-example.ts(84,31): error TS2339: Property 'status' does not exist on type 'unknown'.
src/interfaces/events/adapters/coordination-usage-example.ts(317,11): error TS2353: Object literal may only specify known properties, and 'swarmId' does not exist in type '{ agentCount?: number; topology?: "mesh" | "hierarchical" | "ring" | "star"; taskType?: string; assignedTo?: string[]; progress?: number; metrics?: { latency: number; throughput: number; reliability: number; resourceUsage: { ...; }; }; }'.
src/interfaces/events/adapters/coordination-usage-example.ts(334,7): error TS2353: Object literal may only specify known properties, and 'complexity' does not exist in type '{ agentCount?: number; topology?: "mesh" | "hierarchical" | "ring" | "star"; taskType?: string; assignedTo?: string[]; progress?: number; metrics?: { latency: number; throughput: number; reliability: number; resourceUsage: { ...; }; }; }'.
src/interfaces/events/adapters/coordination-usage-example.ts(357,7): error TS2353: Object literal may only specify known properties, and 'researchType' does not exist in type '{ agentCount?: number; topology?: "mesh" | "hierarchical" | "ring" | "star"; taskType?: string; assignedTo?: string[]; progress?: number; metrics?: { latency: number; throughput: number; reliability: number; resourceUsage: { ...; }; }; }'.
src/interfaces/events/adapters/coordination-usage-example.ts(372,9): error TS2353: Object literal may only specify known properties, and 'swarmId' does not exist in type '{ agentCount?: number; topology?: "mesh" | "hierarchical" | "ring" | "star"; taskType?: string; assignedTo?: string[]; progress?: number; metrics?: { latency: number; throughput: number; reliability: number; resourceUsage: { ...; }; }; }'.
src/interfaces/events/adapters/index.ts(32,3): error TS2724: '"../types"' has no exported member named 'EventPriority'. Did you mean 'EventPriorityMap'?
src/interfaces/events/adapters/index.ts(33,3): error TS2614: Module '"../types"' has no exported member 'EventProcessingStrategy'. Did you mean to use 'import EventProcessingStrategy from "../types"' instead?
src/interfaces/events/adapters/index.ts(135,31): error TS2304: Cannot find name 'SystemEventManagerFactory'.
src/interfaces/events/adapters/index.ts(136,37): error TS2304: Cannot find name 'CoordinationEventManagerFactory'.
src/interfaces/events/adapters/index.ts(137,38): error TS2304: Cannot find name 'CommunicationEventFactory'.
src/interfaces/events/adapters/index.ts(138,35): error TS2304: Cannot find name 'MonitoringEventFactory'.
src/interfaces/events/adapters/index.ts(151,59): error TS2304: Cannot find name 'SystemEventAdapterConfig'.
src/interfaces/events/adapters/index.ts(152,20): error TS2304: Cannot find name 'createDefaultSystemEventAdapterConfig'.
src/interfaces/events/adapters/index.ts(153,12): error TS2304: Cannot find name 'createSystemEventAdapter'.
src/interfaces/events/adapters/index.ts(164,25): error TS2304: Cannot find name 'CoordinationEventAdapterConfig'.
src/interfaces/events/adapters/index.ts(166,20): error TS2304: Cannot find name 'createDefaultCoordinationEventAdapterConfig'.
src/interfaces/events/adapters/index.ts(167,12): error TS2304: Cannot find name 'createCoordinationEventAdapter'.
src/interfaces/events/adapters/index.ts(178,25): error TS2304: Cannot find name 'CommunicationEventAdapterConfig'.
src/interfaces/events/adapters/index.ts(180,20): error TS2304: Cannot find name 'createDefaultCommunicationEventAdapterConfig'.
src/interfaces/events/adapters/index.ts(181,12): error TS2304: Cannot find name 'createCommunicationEventAdapter'.
src/interfaces/events/adapters/index.ts(190,63): error TS2304: Cannot find name 'MonitoringEventAdapterConfig'.
src/interfaces/events/adapters/index.ts(191,20): error TS2304: Cannot find name 'createDefaultMonitoringEventAdapterConfig'.
src/interfaces/events/adapters/index.ts(192,12): error TS2304: Cannot find name 'createMonitoringEventAdapter'.
src/interfaces/events/adapters/index.ts(198,34): error TS2304: Cannot find name 'SystemEventManagerFactory'.
src/interfaces/events/adapters/index.ts(203,40): error TS2304: Cannot find name 'CoordinationEventManagerFactory'.
src/interfaces/events/adapters/index.ts(208,41): error TS2304: Cannot find name 'CommunicationEventFactory'.
src/interfaces/events/adapters/index.ts(213,34): error TS2304: Cannot find name 'MonitoringEventFactory'.
src/interfaces/events/adapters/index.ts(232,3): error TS18004: No value exists in scope for the shorthand property 'SystemEventAdapter'. Either declare one or provide an initializer.
src/interfaces/events/adapters/index.ts(233,3): error TS18004: No value exists in scope for the shorthand property 'SystemEventManagerFactory'. Either declare one or provide an initializer.
src/interfaces/events/adapters/index.ts(234,3): error TS18004: No value exists in scope for the shorthand property 'CoordinationEventAdapter'. Either declare one or provide an initializer.
src/interfaces/events/adapters/index.ts(235,3): error TS18004: No value exists in scope for the shorthand property 'CoordinationEventManagerFactory'. Either declare one or provide an initializer.
src/interfaces/events/adapters/index.ts(236,3): error TS18004: No value exists in scope for the shorthand property 'CommunicationEventAdapter'. Either declare one or provide an initializer.
src/interfaces/events/adapters/index.ts(237,3): error TS18004: No value exists in scope for the shorthand property 'CommunicationEventFactory'. Either declare one or provide an initializer.
src/interfaces/events/adapters/index.ts(238,3): error TS18004: No value exists in scope for the shorthand property 'MonitoringEventAdapter'. Either declare one or provide an initializer.
src/interfaces/events/adapters/index.ts(239,3): error TS18004: No value exists in scope for the shorthand property 'MonitoringEventFactory'. Either declare one or provide an initializer.
src/interfaces/events/adapters/index.ts(243,3): error TS18004: No value exists in scope for the shorthand property 'SystemEventHelpers'. Either declare one or provide an initializer.
src/interfaces/events/adapters/index.ts(244,3): error TS18004: No value exists in scope for the shorthand property 'CoordinationEventHelpers'. Either declare one or provide an initializer.
src/interfaces/events/adapters/index.ts(245,3): error TS18004: No value exists in scope for the shorthand property 'CommunicationEventHelpers'. Either declare one or provide an initializer.
src/interfaces/events/adapters/index.ts(246,3): error TS18004: No value exists in scope for the shorthand property 'MonitoringEventHelpers'. Either declare one or provide an initializer.
src/interfaces/events/adapters/monitoring-event-factory.ts(236,18): error TS2352: Conversion of type '{ alertManagement: { enabled: true; wrapAlertEvents: true; wrapEscalationEvents: true; wrapResolutionEvents: true; wrapNotificationEvents: true; alertLevels: ("warning" | "critical" | "error" | "info")[]; }; monitoring: { ...; }; healthMonitoringConfig: { ...; }; }' to type 'Partial<MonitoringEventAdapterConfig>' may be a mistake because neither type sufficiently overlaps with the other. If this was intentional, convert the expression to 'unknown' first.
  Types of property 'monitoring' are incompatible.
    Type '{ strategy: "alerts"; correlationTTL: number; correlationPatterns: string[]; }' is not comparable to type 'EventMonitoringConfig & { enabled: boolean; strategy: "health" | "custom" | "metrics" | "analytics" | "alerts"; correlationTTL: number; maxCorrelationDepth: number; correlationPatterns: string[]; trackMetricsFlow: boolean; trackHealthStatus: boolean; trackPerformanceInsights: boolean; }'.
      Type '{ strategy: "alerts"; correlationTTL: number; correlationPatterns: string[]; }' is missing the following properties from type 'EventMonitoringConfig': enabled, metricsInterval, trackLatency, trackThroughput, and 2 more.
src/interfaces/events/adapters/monitoring-event-factory.ts(499,7): error TS2322: Type '{ enabled: true; strategy: "metrics"; trackMetricsFlow: true; trackHealthStatus: true; trackPerformanceInsights: true; }' is not assignable to type 'EventMonitoringConfig & { enabled: boolean; strategy: "health" | "custom" | "metrics" | "analytics" | "alerts"; correlationTTL: number; maxCorrelationDepth: number; correlationPatterns: string[]; trackMetricsFlow: boolean; trackHealthStatus: boolean; trackPerformanceInsights: boolean; }'.
  Type '{ enabled: true; strategy: "metrics"; trackMetricsFlow: true; trackHealthStatus: true; trackPerformanceInsights: true; }' is missing the following properties from type 'EventMonitoringConfig': metricsInterval, trackLatency, trackThroughput, trackErrors, enableProfiling
src/interfaces/events/adapters/monitoring-usage-example.ts(12,3): error TS2724: '"./monitoring-event-adapter"' has no exported member named 'MonitoringEventAdapterFactory'. Did you mean 'MonitoringEventAdapter'?
src/interfaces/events/adapters/system-event-adapter.ts(186,19): error TS2416: Property 'type' in type 'SystemEventAdapter' is not assignable to the same property in base type 'IEventManager'.
  Type 'string' is not assignable to type 'EventManagerType'.
src/interfaces/events/adapters/system-event-adapter.ts(702,7): error TS2322: Type 'string' is not assignable to type 'EventManagerType'.
src/interfaces/events/adapters/system-event-adapter.ts(739,7): error TS2322: Type 'string' is not assignable to type 'EventManagerType'.
src/interfaces/events/adapters/system-event-adapter.ts(1289,17): error TS2353: Object literal may only specify known properties, and 'errorRate' does not exist in type '{ component?: string; version?: string; duration?: number; errorCode?: string; errorMessage?: string; healthScore?: number; }'.
src/interfaces/events/adapters/system-event-factory.ts(29,10): error TS2339: Property 'config' does not exist on type 'SystemEventManagerFactory'.
src/interfaces/events/adapters/system-event-factory.ts(52,7): error TS2322: Type 'SystemEventAdapter' is not assignable to type 'IEventManager'.
  Types of property 'type' are incompatible.
    Type 'string' is not assignable to type 'EventManagerType'.
src/interfaces/events/adapters/system-event-factory.ts(98,5): error TS2322: Type 'SystemEventAdapter' is not assignable to type 'IEventManager'.
  Types of property 'type' are incompatible.
    Type 'string' is not assignable to type 'EventManagerType'.
src/interfaces/events/adapters/system-event-factory.ts(105,5): error TS2322: Type 'SystemEventAdapter[]' is not assignable to type 'IEventManager[]'.
  Type 'SystemEventAdapter' is not assignable to type 'IEventManager'.
    Types of property 'type' are incompatible.
      Type 'string' is not assignable to type 'EventManagerType'.
src/interfaces/events/compatibility.ts(220,9): error TS2353: Object literal may only specify known properties, and 'once' does not exist in type 'Partial<EventSubscription<SystemEvent>>'.
src/interfaces/events/compatibility.ts(584,10): error TS2339: Property 'eventManager' does not exist on type 'CompatibilityFactory'.
src/interfaces/events/compatibility.ts(657,32): error TS2339: Property 'eventManager' does not exist on type 'CompatibilityFactory'.
src/interfaces/events/compatibility.ts(683,32): error TS2339: Property 'eventManager' does not exist on type 'CompatibilityFactory'.
src/interfaces/events/examples/complete-integration-example.ts(75,9): error TS2353: Object literal may only specify known properties, and 'features' does not exist in type '{ component?: string; version?: string; duration?: number; errorCode?: string; errorMessage?: string; healthScore?: number; }'.
src/interfaces/events/examples/complete-integration-example.ts(87,9): error TS2353: Object literal may only specify known properties, and 'agentType' does not exist in type '{ agentCount?: number; topology?: "mesh" | "hierarchical" | "ring" | "star"; taskType?: string; assignedTo?: string[]; progress?: number; metrics?: { latency: number; throughput: number; reliability: number; resourceUsage: { ...; }; }; }'.
src/interfaces/events/examples/complete-integration-example.ts(110,38): error TS2339: Property 'healthPercentage' does not exist on type '{ initialized: boolean; components: { factory: boolean; registry: boolean; eventManager: boolean; eventRegistry: boolean; validation: boolean; compatibility: boolean; }; factoryStats: any; globalMetrics: any; healthStatus: EventManagerStatus[]; integrationStats?: any; registryStats?: any; validationStatus?: { ...; }...'.
src/interfaces/events/factories.ts(353,12): error TS2551: Property 'logger' does not exist on type 'UELFactory'. Did you mean '_logger'?
src/interfaces/events/factories.ts(359,10): error TS2551: Property 'logger' does not exist on type 'UELFactory'. Did you mean '_logger'?
src/interfaces/events/factories.ts(378,12): error TS2551: Property 'logger' does not exist on type 'UELFactory'. Did you mean '_logger'?
src/interfaces/events/factories.ts(381,12): error TS2551: Property 'logger' does not exist on type 'UELFactory'. Did you mean '_logger'?
src/interfaces/events/factories.ts(687,12): error TS2551: Property 'logger' does not exist on type 'UELFactory'. Did you mean '_logger'?
src/interfaces/events/factories.ts(697,10): error TS2551: Property 'logger' does not exist on type 'UELFactory'. Did you mean '_logger'?
src/interfaces/events/factories.ts(705,14): error TS2551: Property 'logger' does not exist on type 'UELFactory'. Did you mean '_logger'?
src/interfaces/events/factories.ts(759,10): error TS2551: Property 'logger' does not exist on type 'UELFactory'. Did you mean '_logger'?
src/interfaces/events/factories.ts(789,11): error TS2307: Cannot find module './implementations/communication-event-manager-factory' or its corresponding type declarations.
src/interfaces/events/factories.ts(797,11): error TS2307: Cannot find module './implementations/monitoring-event-manager-factory' or its corresponding type declarations.
src/interfaces/events/factories.ts(805,11): error TS2307: Cannot find module './implementations/interface-event-manager-factory' or its corresponding type declarations.
src/interfaces/events/factories.ts(813,11): error TS2307: Cannot find module './implementations/neural-event-manager-factory' or its corresponding type declarations.
src/interfaces/events/factories.ts(821,11): error TS2307: Cannot find module './implementations/database-event-manager-factory' or its corresponding type declarations.
src/interfaces/events/factories.ts(829,11): error TS2307: Cannot find module './implementations/memory-event-manager-factory' or its corresponding type declarations.
src/interfaces/events/factories.ts(837,11): error TS2307: Cannot find module './implementations/workflow-event-manager-factory' or its corresponding type declarations.
src/interfaces/events/factories.ts(844,11): error TS2307: Cannot find module './implementations/custom-event-manager-factory' or its corresponding type declarations.
src/interfaces/events/factories.ts(851,43): error TS2551: Property 'logger' does not exist on type 'UELFactory'. Did you mean '_logger'?
src/interfaces/events/factories.ts(851,56): error TS2551: Property 'config' does not exist on type 'UELFactory'. Did you mean '_config'?
src/interfaces/events/factories.ts(957,10): error TS2551: Property 'logger' does not exist on type 'UELRegistry'. Did you mean '_logger'?
src/interfaces/events/factories.ts(1020,14): error TS2551: Property 'logger' does not exist on type 'UELRegistry'. Did you mean '_logger'?
src/interfaces/events/factories.ts(1101,42): error TS2345: Argument of type '() => { debug: { (...data: any[]): void; (message?: any, ...optionalParams: any[]): void; }; info: { (...data: any[]): void; (message?: any, ...optionalParams: any[]): void; }; warn: { (...data: any[]): void; (message?: any, ...optionalParams: any[]): void; }; error: { ...; }; }' is not assignable to parameter of type 'Provider<ILogger>'.
src/interfaces/events/factories.ts(1108,42): error TS2345: Argument of type '() => {}' is not assignable to parameter of type 'Provider<IConfig>'.
src/interfaces/events/factories.ts(1110,37): error TS2345: Argument of type 'typeof UELFactory' is not assignable to parameter of type 'DIToken<unknown>'.
  Property 'symbol' is missing in type 'typeof UELFactory' but required in type 'DIToken<unknown>'.
src/interfaces/events/factories.ts(1112,24): error TS2339: Property 'createEventManager' does not exist on type 'unknown'.
src/interfaces/events/index.ts(60,3): error TS2724: '"./adapters"' has no exported member named 'MonitoringEventManagerFactory'. Did you mean 'MonitoringEventAdapterFactory'?
src/interfaces/events/index.ts(270,20): error TS2304: Cannot find name 'UELFactory'.
src/interfaces/events/index.ts(271,21): error TS2304: Cannot find name 'UELRegistry'.
src/interfaces/events/index.ts(272,25): error TS2304: Cannot find name 'EventManager'.
src/interfaces/events/index.ts(273,26): error TS2304: Cannot find name 'EventRegistry'.
src/interfaces/events/index.ts(274,32): error TS2304: Cannot find name 'UELValidationFramework'.
src/interfaces/events/index.ts(275,33): error TS2304: Cannot find name 'CompatibilityFactory'.
src/interfaces/events/index.ts(354,44): error TS2345: Argument of type '() => any' is not assignable to parameter of type 'Provider<ILogger>'.
src/interfaces/events/index.ts(355,44): error TS2345: Argument of type '() => any' is not assignable to parameter of type 'Provider<IConfig>'.
src/interfaces/events/index.ts(358,38): error TS2345: Argument of type 'typeof UELFactory' is not assignable to parameter of type 'DIToken<any>'.
  Property 'symbol' is missing in type 'typeof UELFactory' but required in type 'DIToken<any>'.
src/interfaces/events/index.ts(359,39): error TS2345: Argument of type 'typeof UELRegistry' is not assignable to parameter of type 'DIToken<any>'.
  Property 'symbol' is missing in type 'typeof UELRegistry' but required in type 'DIToken<any>'.
src/interfaces/events/index.ts(362,43): error TS2345: Argument of type 'typeof EventManager' is not assignable to parameter of type 'DIToken<any>'.
  Property 'symbol' is missing in type 'typeof EventManager' but required in type 'DIToken<any>'.
src/interfaces/events/index.ts(363,44): error TS2345: Argument of type 'typeof EventRegistry' is not assignable to parameter of type 'DIToken<any>'.
  Property 'symbol' is missing in type 'typeof EventRegistry' but required in type 'DIToken<any>'.
src/interfaces/events/index.ts(406,17): error TS2304: Cannot find name 'UELFactory'.
src/interfaces/events/index.ts(416,18): error TS2304: Cannot find name 'UELRegistry'.
src/interfaces/events/index.ts(426,3): error TS2393: Duplicate function implementation.
src/interfaces/events/index.ts(426,22): error TS2304: Cannot find name 'EventManager'.
src/interfaces/events/index.ts(436,23): error TS2304: Cannot find name 'EventRegistry'.
src/interfaces/events/index.ts(446,29): error TS2304: Cannot find name 'UELValidationFramework'.
src/interfaces/events/index.ts(456,30): error TS2304: Cannot find name 'CompatibilityFactory'.
src/interfaces/events/index.ts(493,22): error TS2304: Cannot find name 'EventManagerConfig'.
src/interfaces/events/index.ts(494,14): error TS2304: Cannot find name 'ISystemEventManager'.
src/interfaces/events/index.ts(558,22): error TS2304: Cannot find name 'EventManagerConfig'.
src/interfaces/events/index.ts(559,14): error TS2304: Cannot find name 'ICoordinationEventManager'.
src/interfaces/events/index.ts(574,22): error TS2304: Cannot find name 'EventManagerConfig'.
src/interfaces/events/index.ts(575,14): error TS2304: Cannot find name 'ICommunicationEventManager'.
src/interfaces/events/index.ts(590,22): error TS2304: Cannot find name 'EventManagerConfig'.
src/interfaces/events/index.ts(591,14): error TS2304: Cannot find name 'IMonitoringEventManager'.
src/interfaces/events/index.ts(606,22): error TS2304: Cannot find name 'EventManagerConfig'.
src/interfaces/events/index.ts(607,14): error TS2304: Cannot find name 'IInterfaceEventManager'.
src/interfaces/events/index.ts(622,22): error TS2304: Cannot find name 'EventManagerConfig'.
src/interfaces/events/index.ts(623,14): error TS2304: Cannot find name 'INeuralEventManager'.
src/interfaces/events/index.ts(638,22): error TS2304: Cannot find name 'EventManagerConfig'.
src/interfaces/events/index.ts(639,14): error TS2304: Cannot find name 'IDatabaseEventManager'.
src/interfaces/events/index.ts(654,22): error TS2304: Cannot find name 'EventManagerConfig'.
src/interfaces/events/index.ts(655,14): error TS2304: Cannot find name 'IMemoryEventManager'.
src/interfaces/events/index.ts(670,22): error TS2304: Cannot find name 'EventManagerConfig'.
src/interfaces/events/index.ts(671,14): error TS2304: Cannot find name 'IWorkflowEventManager'.
src/interfaces/events/index.ts(683,3): error TS2393: Duplicate function implementation.
src/interfaces/events/index.ts(683,34): error TS2304: Cannot find name 'IEventManager'.
src/interfaces/events/index.ts(693,32): error TS2304: Cannot find name 'EventManagerType'.
src/interfaces/events/index.ts(693,51): error TS2304: Cannot find name 'IEventManager'.
src/interfaces/events/index.ts(701,36): error TS2304: Cannot find name 'EventManagerStatus'.
src/interfaces/events/index.ts(741,30): error TS2304: Cannot find name 'UELFactory'.
src/interfaces/events/index.ts(742,39): error TS2304: Cannot find name 'UELRegistry'.
src/interfaces/events/index.ts(743,19): error TS2304: Cannot find name 'EventManagerStatus'.
src/interfaces/events/index.ts(744,43): error TS2304: Cannot find name 'EventManager'.
src/interfaces/events/index.ts(745,32): error TS2304: Cannot find name 'EventRegistry'.
src/interfaces/events/index.ts(804,20): error TS2304: Cannot find name 'SystemEvent'.
src/interfaces/events/index.ts(805,26): error TS2304: Cannot find name 'UELValidationFramework'.
src/interfaces/events/index.ts(828,11): error TS2304: Cannot find name 'EventManagerType'.
src/interfaces/events/index.ts(828,30): error TS2304: Cannot find name 'EventManagerTypes'.
src/interfaces/events/index.ts(833,14): error TS2304: Cannot find name 'UELCompatibleEventEmitter'.
src/interfaces/events/index.ts(852,19): error TS2304: Cannot find name 'EventManagerType'.
src/interfaces/events/index.ts(855,15): error TS2304: Cannot find name 'UELEnhancedEventBus'.
src/interfaces/events/index.ts(861,67): error TS2339: Property 'logger' does not exist on type 'UEL'.
src/interfaces/events/index.ts(888,15): error TS2304: Cannot find name 'UELEnhancedApplicationCoordinator'.
src/interfaces/events/index.ts(894,68): error TS2339: Property 'logger' does not exist on type 'UEL'.
src/interfaces/events/index.ts(910,15): error TS2304: Cannot find name 'UELEnhancedObserverSystem'.
src/interfaces/events/index.ts(916,67): error TS2339: Property 'logger' does not exist on type 'UEL'.
src/interfaces/events/index.ts(933,57): error TS2339: Property 'logger' does not exist on type 'UEL'.
src/interfaces/events/index.ts(946,18): error TS2304: Cannot find name 'EventManagerType'.
src/interfaces/events/index.ts(946,37): error TS2304: Cannot find name 'EventManagerTypes'.
src/interfaces/events/index.ts(947,14): error TS2304: Cannot find name 'UELCompatibleEventEmitter'.
src/interfaces/events/index.ts(954,7): error TS2345: Argument of type 'T' is not assignable to parameter of type 'EventEmitter<DefaultEventMap>'.
src/interfaces/events/index.ts(958,12): error TS2339: Property 'logger' does not exist on type 'UEL'.
src/interfaces/events/index.ts(972,11): error TS2304: Cannot find name 'EventManagerType'.
src/interfaces/events/index.ts(972,30): error TS2304: Cannot find name 'EventManagerTypes'.
src/interfaces/events/index.ts(973,14): error TS2304: Cannot find name 'UELCompatibleEventEmitter'.
src/interfaces/events/index.ts(995,24): error TS2304: Cannot find name 'EventManagerTypes'.
src/interfaces/events/index.ts(1006,29): error TS2304: Cannot find name 'SystemEvent'.
src/interfaces/events/index.ts(1019,35): error TS2304: Cannot find name 'SystemEvent'.
src/interfaces/events/index.ts(1019,54): error TS2304: Cannot find name 'EventManagerType'.
src/interfaces/events/index.ts(1082,16): error TS2307: Cannot find module './implementations/system-event-manager-factory' or its corresponding type declarations.
src/interfaces/events/index.ts(1083,16): error TS2307: Cannot find module './implementations/coordination-event-manager-factory' or its corresponding type declarations.
src/interfaces/events/index.ts(1084,16): error TS2307: Cannot find module './implementations/communication-event-manager-factory' or its corresponding type declarations.
src/interfaces/events/index.ts(1085,16): error TS2307: Cannot find module './implementations/monitoring-event-manager-factory' or its corresponding type declarations.
src/interfaces/events/index.ts(1086,16): error TS2307: Cannot find module './implementations/interface-event-manager-factory' or its corresponding type declarations.
src/interfaces/events/index.ts(1087,16): error TS2307: Cannot find module './implementations/neural-event-manager-factory' or its corresponding type declarations.
src/interfaces/events/index.ts(1088,16): error TS2307: Cannot find module './implementations/database-event-manager-factory' or its corresponding type declarations.
src/interfaces/events/index.ts(1089,16): error TS2307: Cannot find module './implementations/memory-event-manager-factory' or its corresponding type declarations.
src/interfaces/events/index.ts(1090,16): error TS2307: Cannot find module './implementations/workflow-event-manager-factory' or its corresponding type declarations.
src/interfaces/events/index.ts(1096,44): error TS2304: Cannot find name 'EventManagerTypes'.
src/interfaces/events/index.ts(1175,45): error TS2304: Cannot find name 'EventManagerConfig'.
src/interfaces/events/index.ts(1179,14): error TS2304: Cannot find name 'ISystemEventManager'.
src/interfaces/events/index.ts(1180,20): error TS2304: Cannot find name 'ICoordinationEventManager'.
src/interfaces/events/index.ts(1181,21): error TS2304: Cannot find name 'ICommunicationEventManager'.
src/interfaces/events/index.ts(1182,18): error TS2304: Cannot find name 'IMonitoringEventManager'.
src/interfaces/events/index.ts(1183,17): error TS2304: Cannot find name 'IInterfaceEventManager'.
src/interfaces/events/index.ts(1188,16): error TS2304: Cannot find name 'ISystemEventManager'.
src/interfaces/events/index.ts(1189,22): error TS2304: Cannot find name 'ICoordinationEventManager'.
src/interfaces/events/index.ts(1190,23): error TS2304: Cannot find name 'ICommunicationEventManager'.
src/interfaces/events/index.ts(1191,20): error TS2304: Cannot find name 'IMonitoringEventManager'.
src/interfaces/events/index.ts(1192,19): error TS2304: Cannot find name 'IInterfaceEventManager'.
src/interfaces/events/index.ts(1290,11): error TS2304: Cannot find name 'EventManagerTypes'.
src/interfaces/events/index.ts(1398,16): error TS2304: Cannot find name 'UELEnhancedEventBus'.
src/interfaces/events/index.ts(1399,30): error TS2304: Cannot find name 'UELEnhancedApplicationCoordinator'.
src/interfaces/events/index.ts(1400,22): error TS2304: Cannot find name 'UELEnhancedObserverSystem'.
src/interfaces/events/index.ts(1537,18): error TS2304: Cannot find name 'UELEnhancedEventBus'.
src/interfaces/events/index.ts(1538,32): error TS2304: Cannot find name 'UELEnhancedApplicationCoordinator'.
src/interfaces/events/index.ts(1539,24): error TS2304: Cannot find name 'UELEnhancedObserverSystem'.
src/interfaces/events/index.ts(1788,67): error TS2304: Cannot find name 'SystemLifecycleEvent'.
src/interfaces/events/index.ts(1789,75): error TS2304: Cannot find name 'CoordinationEvent'.
src/interfaces/events/index.ts(1790,76): error TS2304: Cannot find name 'CommunicationEvent'.
src/interfaces/events/index.ts(1791,74): error TS2304: Cannot find name 'MonitoringEvent'.
src/interfaces/events/index.ts(1792,77): error TS2304: Cannot find name 'InterfaceEvent'.
src/interfaces/events/index.ts(1795,67): error TS2304: Cannot find name 'SystemLifecycleEvent'.
src/interfaces/events/index.ts(1805,75): error TS2304: Cannot find name 'CoordinationEvent'.
src/interfaces/events/index.ts(1815,76): error TS2304: Cannot find name 'CommunicationEvent'.
src/interfaces/events/index.ts(1825,74): error TS2304: Cannot find name 'MonitoringEvent'.
src/interfaces/events/index.ts(1835,77): error TS2304: Cannot find name 'InterfaceEvent'.
src/interfaces/events/manager.ts(221,44): error TS2551: Property 'logger' does not exist on type 'EventManager'. Did you mean '_logger'?
src/interfaces/events/manager.ts(322,10): error TS2551: Property 'logger' does not exist on type 'EventManager'. Did you mean '_logger'?
src/interfaces/events/manager.ts(355,12): error TS2551: Property 'logger' does not exist on type 'EventManager'. Did you mean '_logger'?
src/interfaces/events/manager.ts(393,12): error TS2551: Property 'logger' does not exist on type 'EventManager'. Did you mean '_logger'?
src/interfaces/events/manager.ts(397,12): error TS2551: Property 'logger' does not exist on type 'EventManager'. Did you mean '_logger'?
src/interfaces/events/manager.ts(631,14): error TS2551: Property 'logger' does not exist on type 'EventManager'. Did you mean '_logger'?
src/interfaces/events/manager.ts(633,14): error TS2551: Property 'logger' does not exist on type 'EventManager'. Did you mean '_logger'?
src/interfaces/events/manager.ts(656,12): error TS2551: Property 'logger' does not exist on type 'EventManager'. Did you mean '_logger'?
src/interfaces/events/manager.ts(669,12): error TS2551: Property 'logger' does not exist on type 'EventManager'. Did you mean '_logger'?
src/interfaces/events/manager.ts(671,12): error TS2551: Property 'logger' does not exist on type 'EventManager'. Did you mean '_logger'?
src/interfaces/events/manager.ts(770,10): error TS2551: Property 'logger' does not exist on type 'EventManager'. Did you mean '_logger'?
src/interfaces/events/manager.ts(814,10): error TS2551: Property 'logger' does not exist on type 'EventManager'. Did you mean '_logger'?
src/interfaces/events/manager.ts(826,16): error TS2551: Property 'logger' does not exist on type 'EventManager'. Did you mean '_logger'?
src/interfaces/events/manager.ts(844,10): error TS2551: Property 'logger' does not exist on type 'EventManager'. Did you mean '_logger'?
src/interfaces/events/manager.ts(888,11): error TS2419: Types of construct signatures are incompatible.
  Type 'new () => CommunicationEventFactory' is not assignable to type 'new (...args: any[]) => IEventManagerFactory<EventManagerConfig>'.
    Construct signature return types 'CommunicationEventFactory' and 'IEventManagerFactory<EventManagerConfig>' are incompatible.
      The types returned by 'create(...)' are incompatible between these types.
        Type 'Promise<CommunicationEventAdapter>' is not assignable to type 'Promise<IEventManager>'.
          Type 'CommunicationEventAdapter' is not assignable to type 'IEventManager'.
            Types of property 'emitBatch' are incompatible.
              Type '<T extends CommunicationEvent>(batch: EventBatch<T>, options?: EventEmissionOptions) => Promise<void>' is not assignable to type '<T extends SystemEvent>(batch: EventBatch<T>, options?: EventEmissionOptions) => Promise<void>'.
                Types of parameters 'batch' and 'batch' are incompatible.
                  Type 'EventBatch<T>' is not assignable to type 'EventBatch<CommunicationEvent>'.
                    Type 'T' is not assignable to type 'CommunicationEvent'.
                      Type 'SystemEvent' is missing the following properties from type 'CommunicationEvent': operation, protocol
src/interfaces/events/manager.ts(893,19): error TS2339: Property 'MonitoringEventManagerFactory' does not exist on type 'typeof import("/home/mhugo/code/claude-code-zen/src/interfaces/events/adapters/monitoring-event-factory")'.
src/interfaces/events/manager.ts(904,48): error TS2551: Property 'logger' does not exist on type 'EventManager'. Did you mean '_logger'?
src/interfaces/events/manager.ts(904,61): error TS2551: Property 'config' does not exist on type 'EventManager'. Did you mean '_config'?
src/interfaces/events/manager.ts(910,12): error TS2551: Property 'logger' does not exist on type 'EventManager'. Did you mean '_logger'?
src/interfaces/events/manager.ts(939,14): error TS2551: Property 'logger' does not exist on type 'EventManager'. Did you mean '_logger'?
src/interfaces/events/manager.ts(965,20): error TS2551: Property 'logger' does not exist on type 'EventManager'. Did you mean '_logger'?
src/interfaces/events/manager.ts(969,22): error TS2551: Property 'logger' does not exist on type 'EventManager'. Did you mean '_logger'?
src/interfaces/events/manager.ts(975,14): error TS2551: Property 'logger' does not exist on type 'EventManager'. Did you mean '_logger'?
src/interfaces/events/manager.ts(979,10): error TS2551: Property 'logger' does not exist on type 'EventManager'. Did you mean '_logger'?
src/interfaces/events/manager.ts(988,10): error TS2551: Property 'logger' does not exist on type 'EventManager'. Did you mean '_logger'?
src/interfaces/events/registry.ts(142,3): error TS7061: A mapped type may not declare properties or methods.
src/interfaces/events/registry.ts(331,10): error TS2551: Property 'logger' does not exist on type 'EventRegistry'. Did you mean '_logger'?
src/interfaces/events/registry.ts(362,31): error TS2339: Property 'getSupportedEventTypes' does not exist on type 'IEventManagerFactory<T>'.
src/interfaces/events/registry.ts(373,10): error TS2551: Property 'logger' does not exist on type 'EventRegistry'. Did you mean '_logger'?
src/interfaces/events/registry.ts(385,7): error TS2777: The operand of an increment or decrement operator may not be an optional property access.
src/interfaces/events/registry.ts(447,7): error TS2777: The operand of an increment or decrement operator may not be an optional property access.
src/interfaces/events/registry.ts(450,10): error TS2551: Property 'logger' does not exist on type 'EventRegistry'. Did you mean '_logger'?
src/interfaces/events/registry.ts(531,7): error TS2322: Type 'number | EventPriority' is not assignable to type 'number'.
  Type 'string' is not assignable to type 'number'.
src/interfaces/events/registry.ts(543,10): error TS2551: Property 'logger' does not exist on type 'EventRegistry'. Did you mean '_logger'?
src/interfaces/events/registry.ts(573,16): error TS2551: Property 'logger' does not exist on type 'EventRegistry'. Did you mean '_logger'?
src/interfaces/events/registry.ts(616,14): error TS2551: Property 'logger' does not exist on type 'EventRegistry'. Did you mean '_logger'?
src/interfaces/events/registry.ts(686,18): error TS2551: Property 'logger' does not exist on type 'EventRegistry'. Did you mean '_logger'?
src/interfaces/events/registry.ts(704,14): error TS2551: Property 'logger' does not exist on type 'EventRegistry'. Did you mean '_logger'?
src/interfaces/events/registry.ts(715,10): error TS2551: Property 'logger' does not exist on type 'EventRegistry'. Did you mean '_logger'?
src/interfaces/events/registry.ts(726,14): error TS2551: Property 'logger' does not exist on type 'EventRegistry'. Did you mean '_logger'?
src/interfaces/events/registry.ts(740,10): error TS2551: Property 'logger' does not exist on type 'EventRegistry'. Did you mean '_logger'?
src/interfaces/events/registry.ts(841,14): error TS2551: Property 'logger' does not exist on type 'EventRegistry'. Did you mean '_logger'?
src/interfaces/events/registry.ts(878,14): error TS2551: Property 'logger' does not exist on type 'EventRegistry'. Did you mean '_logger'?
src/interfaces/events/registry.ts(882,10): error TS2551: Property 'logger' does not exist on type 'EventRegistry'. Did you mean '_logger'?
src/interfaces/events/registry.ts(893,10): error TS2551: Property 'logger' does not exist on type 'EventRegistry'. Did you mean '_logger'?
src/interfaces/events/registry.ts(962,10): error TS2551: Property 'logger' does not exist on type 'EventRegistry'. Did you mean '_logger'?
src/interfaces/events/registry.ts(969,12): error TS2551: Property 'logger' does not exist on type 'EventRegistry'. Did you mean '_logger'?
src/interfaces/events/registry.ts(971,12): error TS2551: Property 'logger' does not exist on type 'EventRegistry'. Did you mean '_logger'?
src/interfaces/events/system-integrations.ts(57,37): error TS2345: Argument of type '{ eventManager?: EventManager; managerType?: EventManagerType; managerName?: string; }' is not assignable to parameter of type '{ eventManager: EventManager; managerType?: EventManagerType; managerName?: string; }'.
  Property 'eventManager' is optional in type '{ eventManager?: EventManager; managerType?: EventManagerType; managerName?: string; }' but required in type '{ eventManager: EventManager; managerType?: EventManagerType; managerName?: string; }'.
src/interfaces/events/system-integrations.ts(83,12): error TS2339: Property 'migrationHelper' does not exist on type 'UELEnhancedEventBus'.
src/interfaces/events/system-integrations.ts(235,11): error TS2353: Object literal may only specify known properties, and 'originalEvent' does not exist in type '{ component?: string; version?: string; duration?: number; errorCode?: string; errorMessage?: string; healthScore?: number; }'.
src/interfaces/events/system-integrations.ts(261,17): error TS2339: Property 'details' does not exist on type 'SystemEvent'.
src/interfaces/events/system-integrations.ts(261,63): error TS2339: Property 'details' does not exist on type 'SystemEvent'.
src/interfaces/events/system-integrations.ts(262,31): error TS2339: Property 'details' does not exist on type 'SystemEvent'.
src/interfaces/events/system-integrations.ts(554,23): error TS2339: Property 'healthPercentage' does not exist on type '{ initialized: boolean; components: { factory: boolean; registry: boolean; eventManager: boolean; eventRegistry: boolean; validation: boolean; compatibility: boolean; }; factoryStats: any; globalMetrics: any; healthStatus: EventManagerStatus[]; integrationStats?: any; registryStats?: any; validationStatus?: { ...; }...'.
src/interfaces/events/system-integrations.ts(555,64): error TS2339: Property 'healthPercentage' does not exist on type '{ initialized: boolean; components: { factory: boolean; registry: boolean; eventManager: boolean; eventRegistry: boolean; validation: boolean; compatibility: boolean; }; factoryStats: any; globalMetrics: any; healthStatus: EventManagerStatus[]; integrationStats?: any; registryStats?: any; validationStatus?: { ...; }...'.
src/interfaces/events/system-integrations.ts(650,9): error TS2353: Object literal may only specify known properties, and 'enableRetry' does not exist in type 'Partial<EventManagerConfig>'.
src/interfaces/events/system-integrations.ts(705,13): error TS2353: Object literal may only specify known properties, and 'observerName' does not exist in type '{ metricName?: string; metricValue?: number; threshold?: number; severity?: "error" | "critical" | "warning" | "info"; alertId?: string; healthScore?: number; performanceData?: { cpu: number; memory: number; ... 4 more ...; errorRate: number; }; }'.
src/interfaces/events/validation.ts(444,16): error TS2339: Property 'queueSize' does not exist on type 'EventManagerConfig'.
src/interfaces/events/validation.ts(444,50): error TS2339: Property 'queueSize' does not exist on type 'EventManagerConfig'.
src/interfaces/events/validation.ts(447,70): error TS2339: Property 'queueSize' does not exist on type 'EventManagerConfig'.
src/interfaces/events/validation.ts(450,38): error TS2339: Property 'queueSize' does not exist on type 'EventManagerConfig'.
src/interfaces/index.ts(15,1): error TS2308: Module './api' has already exported a member named 'PerformanceMetrics'. Consider explicitly re-exporting to resolve the ambiguity.
src/interfaces/index.ts(17,1): error TS2308: Module './cli' has already exported a member named 'SwarmMetrics'. Consider explicitly re-exporting to resolve the ambiguity.
src/interfaces/mcp/command-system.ts(727,15): error TS2345: Argument of type 'Function' is not assignable to parameter of type '(value: CommandResult<any>) => CommandResult<any> | PromiseLike<CommandResult<any>>'.
  Type 'Function' provides no match for the signature '(value: CommandResult<any>): CommandResult<any> | PromiseLike<CommandResult<any>>'.
src/interfaces/mcp/command-system.ts(728,16): error TS2345: Argument of type 'Function' is not assignable to parameter of type '(reason: any) => PromiseLike<never>'.
  Type 'Function' provides no match for the signature '(reason: any): PromiseLike<never>'.
src/interfaces/mcp/http-mcp-server.ts(16,27): error TS2307: Cannot find module '@modelcontextprotocol/sdk/server/mcp' or its corresponding type declarations.
src/interfaces/mcp/http-mcp-server.ts(17,47): error TS2307: Cannot find module '@modelcontextprotocol/sdk/server/streamableHttp' or its corresponding type declarations.
src/interfaces/mcp/http-mcp-server.ts(327,21): error TS2304: Cannot find name 'advancedMCPToolsManager'.
src/interfaces/mcp/http-mcp-server.ts(329,21): error TS2304: Cannot find name 'advancedMCPToolsManager'.
src/interfaces/mcp/http-mcp-server.ts(331,21): error TS2304: Cannot find name 'advancedMCPToolsManager'.
src/interfaces/mcp/http-mcp-server.ts(334,28): error TS2304: Cannot find name 'advancedMCPToolsManager'.
src/interfaces/mcp/http-mcp-server.ts(382,16): error TS2304: Cannot find name 'advancedMCPToolsManager'.
src/interfaces/mcp/http-mcp-server.ts(386,32): error TS2304: Cannot find name 'advancedMCPToolsManager'.
src/interfaces/mcp/http-mcp-server.ts(440,26): error TS2304: Cannot find name 'advancedMCPToolsManager'.
src/interfaces/mcp/http-mcp-server.ts(441,34): error TS2304: Cannot find name 'advancedMCPToolsManager'.
src/interfaces/mcp/http-mcp-server.ts(463,41): error TS2304: Cannot find name 'advancedMCPToolsManager'.
src/interfaces/mcp/http-mcp-server.ts(473,22): error TS2304: Cannot find name 'advancedMCPToolsManager'.
src/interfaces/mcp/http-mcp-server.ts(490,34): error TS2304: Cannot find name 'advancedMCPToolsManager'.
src/interfaces/mcp/mcp-tools.ts(11,18): error TS2430: Interface 'AdvancedMCPTool' incorrectly extends interface 'MCPTool'.
  Types of property 'category' are incompatible.
    Type 'MCPToolCategory' is not assignable to type '"system" | "coordination" | "memory" | "swarm" | "neural"'.
      Type '"monitoring"' is not assignable to type '"system" | "coordination" | "memory" | "swarm" | "neural"'.
src/interfaces/mcp/request-handler.ts(53,25): error TS2304: Cannot find name 'MCPToolRegistry'.
src/interfaces/mcp/request-handler.ts(58,29): error TS2304: Cannot find name 'MCPToolRegistry'.
src/interfaces/mcp/start-server.ts(128,54): error TS2554: Expected 1-2 arguments, but got 4.
src/interfaces/mcp/test-external-servers.ts(9,30): error TS2307: Cannot find module './simple-logger' or its corresponding type declarations.
src/interfaces/mcp/test-external-servers.ts(21,42): error TS2554: Expected 0 arguments, but got 1.
src/interfaces/mcp/test-external-servers.ts(48,57): error TS2339: Property 'serverName' does not exist on type 'ConnectionResult'.
src/interfaces/mcp/test-external-servers.ts(50,53): error TS2339: Property 'serverName' does not exist on type 'ConnectionResult'.
src/interfaces/mcp/tool-registry.ts(88,29): error TS2304: Cannot find name 'DocumentService'.
src/interfaces/mcp/tool-registry.ts(90,33): error TS2304: Cannot find name 'DocumentService'.
src/interfaces/mcp/tool-registry.ts(345,65): error TS2304: Cannot find name 'DocumentService'.
src/interfaces/mcp/tools/sparc-integration-tools.ts(10,63): error TS2304: Cannot find name 'DocumentService'.
src/interfaces/services/adapters/__tests__/coordination-service-adapter.test.ts(489,22): error TS2339: Property 'errorRate' does not exist on type 'ServiceMetrics'.
src/interfaces/services/adapters/__tests__/data-service-adapter.test.ts(36,31): error TS2304: Cannot find name 'DocumentService'.
src/interfaces/services/adapters/__tests__/data-service-adapter.test.ts(36,74): error TS2304: Cannot find name 'DocumentService'.
src/interfaces/services/adapters/__tests__/data-service-adapter.test.ts(42,40): error TS2304: Cannot find name 'DocumentService'.
src/interfaces/services/adapters/__tests__/data-service-adapter.test.ts(61,7): error TS2741: Property 'keyPrefix' is missing in type '{ enabled: true; strategy: "memory"; defaultTTL: number; maxSize: number; }' but required in type '{ enabled: boolean; strategy: "hybrid" | "memory" | "redis"; defaultTTL: number; maxSize: number; keyPrefix: string; }'.
src/interfaces/services/adapters/__tests__/data-service-adapter.test.ts(641,7): error TS2304: Cannot find name 'mockDocumentService'.
src/interfaces/services/adapters/__tests__/data-service-adapter.test.ts(655,7): error TS2304: Cannot find name 'mockDocumentService'.
src/interfaces/services/adapters/__tests__/data-service-adapter.test.ts(681,7): error TS2304: Cannot find name 'mockDocumentService'.
src/interfaces/services/adapters/__tests__/data-service-adapter.test.ts(719,7): error TS2304: Cannot find name 'mockDocumentService'.
src/interfaces/services/adapters/__tests__/data-service-adapter.test.ts(755,5): error TS2304: Cannot find name 'mockDocumentService'.
src/interfaces/services/adapters/__tests__/data-service-adapter.test.ts(769,7): error TS2304: Cannot find name 'mockWebDataService'.
src/interfaces/services/adapters/__tests__/data-service-adapter.test.ts(801,7): error TS2304: Cannot find name 'mockWebDataService'.
src/interfaces/services/adapters/__tests__/data-service-adapter.test.ts(851,24): error TS2339: Property 'id' does not exist on type 'unknown'.
src/interfaces/services/adapters/__tests__/data-service-adapter.test.ts(852,24): error TS2339: Property 'doubled' does not exist on type 'unknown'.
src/interfaces/services/adapters/__tests__/data-service-adapter.test.ts(853,24): error TS2339: Property 'id' does not exist on type 'unknown'.
src/interfaces/services/adapters/__tests__/data-service-adapter.test.ts(854,24): error TS2339: Property 'doubled' does not exist on type 'unknown'.
src/interfaces/services/adapters/coordination-service-adapter.ts(42,18): error TS2430: Interface 'CoordinationServiceAdapterConfig' incorrectly extends interface 'CoordinationServiceConfig'.
  Types of property 'retry' are incompatible.
    Type '{ enabled: boolean; maxAttempts: number; backoffMultiplier: number; retryableOperations: string[]; }' is missing the following properties from type 'ServiceRetryConfig': attempts, delay, backoff
src/interfaces/services/adapters/coordination-service-adapter.ts(208,19): error TS2416: Property 'config' in type 'CoordinationServiceAdapter' is not assignable to the same property in base type 'IService'.
  Type 'CoordinationServiceAdapterConfig' is not assignable to type 'ServiceConfig'.
    Types of property 'retry' are incompatible.
      Type '{ enabled: boolean; maxAttempts: number; backoffMultiplier: number; retryableOperations: string[]; }' is missing the following properties from type 'ServiceRetryConfig': attempts, delay, backoff
src/interfaces/services/adapters/coordination-service-adapter.ts(332,9): error TS2416: Property 'initialize' in type 'CoordinationServiceAdapter' is not assignable to the same property in base type 'IService'.
  Type '(config?: Partial<CoordinationServiceAdapterConfig>) => Promise<void>' is not assignable to type '(config?: Partial<ServiceConfig>) => Promise<void>'.
    Types of parameters 'config' and 'config' are incompatible.
      Type 'Partial<ServiceConfig>' is not assignable to type 'Partial<CoordinationServiceAdapterConfig>'.
        Types of property 'retry' are incompatible.
          Type 'ServiceRetryConfig' is missing the following properties from type '{ enabled: boolean; maxAttempts: number; backoffMultiplier: number; retryableOperations: string[]; }': enabled, maxAttempts, backoffMultiplier, retryableOperations
src/interfaces/services/adapters/coordination-service-adapter.ts(371,11): error TS2322: Type 'import("/home/mhugo/code/claude-code-zen/src/types/shared-types").SwarmTopology' is not assignable to type 'import("/home/mhugo/code/claude-code-zen/src/coordination/swarm/core/types").SwarmTopology'.
  Type '"ring"' is not assignable to type 'SwarmTopology'.
src/interfaces/services/adapters/coordination-service-adapter.ts(376,11): error TS2353: Object literal may only specify known properties, and 'autoSave' does not exist in type 'SessionConfig'.
src/interfaces/services/adapters/coordination-service-adapter.ts(382,40): error TS2339: Property 'init' does not exist on type 'SessionEnabledSwarm'.
src/interfaces/services/adapters/coordination-service-adapter.ts(471,19): error TS2304: Cannot find name 'ServiceDependencyError'.
src/interfaces/services/adapters/coordination-service-adapter.ts(547,12): error TS2339: Property 'sessionRecoveryService' does not exist on type 'CoordinationServiceAdapter'.
src/interfaces/services/adapters/coordination-service-adapter.ts(590,42): error TS2339: Property 'isReady' does not exist on type 'SessionEnabledSwarm'.
src/interfaces/services/adapters/coordination-service-adapter.ts(743,9): error TS2416: Property 'updateConfig' in type 'CoordinationServiceAdapter' is not assignable to the same property in base type 'IService'.
  Type '(config: Partial<CoordinationServiceAdapterConfig>) => Promise<void>' is not assignable to type '(config: Partial<ServiceConfig>) => Promise<void>'.
    Types of parameters 'config' and 'config' are incompatible.
      Type 'Partial<ServiceConfig>' is not assignable to type 'Partial<CoordinationServiceAdapterConfig>'.
        Types of property 'retry' are incompatible.
          Type 'ServiceRetryConfig' is missing the following properties from type '{ enabled: boolean; maxAttempts: number; backoffMultiplier: number; retryableOperations: string[]; }': enabled, maxAttempts, backoffMultiplier, retryableOperations
src/interfaces/services/adapters/coordination-service-adapter.ts(769,9): error TS2416: Property 'validateConfig' in type 'CoordinationServiceAdapter' is not assignable to the same property in base type 'IService'.
  Type '(config: CoordinationServiceAdapterConfig) => Promise<boolean>' is not assignable to type '(config: ServiceConfig) => Promise<boolean>'.
    Types of parameters 'config' and 'config' are incompatible.
      Type 'ServiceConfig' is not assignable to type 'CoordinationServiceAdapterConfig'.
        Types of property 'retry' are incompatible.
          Type 'ServiceRetryConfig' is missing the following properties from type '{ enabled: boolean; maxAttempts: number; backoffMultiplier: number; retryableOperations: string[]; }': enabled, maxAttempts, backoffMultiplier, retryableOperations
src/interfaces/services/adapters/coordination-service-adapter.ts(922,19): error TS2304: Cannot find name 'ServiceOperationError'.
src/interfaces/services/adapters/coordination-service-adapter.ts(928,37): error TS2304: Cannot find name 'ServiceTimeoutError'.
src/interfaces/services/adapters/coordination-service-adapter.ts(986,34): error TS2304: Cannot find name 'ServiceError'.
src/interfaces/services/adapters/coordination-service-adapter.ts(1294,19): error TS2304: Cannot find name 'ServiceOperationError'.
src/interfaces/services/adapters/coordination-service-adapter.ts(1714,26): error TS2304: Cannot find name 'ServiceTimeoutError'.
src/interfaces/services/adapters/coordination-service-adapter.ts(1925,11): error TS2304: Cannot find name 'ServiceType'.
src/interfaces/services/adapters/coordination-service-adapter.ts(1927,15): error TS2304: Cannot find name 'ServicePriority'.
src/interfaces/services/adapters/coordination-service-adapter.ts(1928,18): error TS2304: Cannot find name 'ServiceEnvironment'.
src/interfaces/services/adapters/coordination-service-factory.ts(25,30): error TS2344: Type 'CoordinationServiceAdapterConfig' does not satisfy the constraint 'ServiceConfig'.
  Types of property 'retry' are incompatible.
    Type '{ enabled: boolean; maxAttempts: number; backoffMultiplier: number; retryableOperations: string[]; }' is missing the following properties from type 'ServiceRetryConfig': attempts, delay, backoff
src/interfaces/services/adapters/coordination-service-factory.ts(39,9): error TS2416: Property 'create' in type 'CoordinationServiceFactory' is not assignable to the same property in base type 'IServiceFactory<CoordinationServiceAdapterConfig>'.
  Type '(config: CoordinationServiceAdapterConfig) => Promise<CoordinationServiceAdapter>' is not assignable to type '(config: CoordinationServiceAdapterConfig) => Promise<IService>'.
    Type 'Promise<CoordinationServiceAdapter>' is not assignable to type 'Promise<IService>'.
      Type 'CoordinationServiceAdapter' is not assignable to type 'IService'.
        The types of 'config.retry' are incompatible between these types.
          Type '{ enabled: boolean; maxAttempts: number; backoffMultiplier: number; retryableOperations: string[]; }' is missing the following properties from type 'ServiceRetryConfig': attempts, delay, backoff
src/interfaces/services/adapters/coordination-service-factory.ts(67,9): error TS2416: Property 'createMultiple' in type 'CoordinationServiceFactory' is not assignable to the same property in base type 'IServiceFactory<CoordinationServiceAdapterConfig>'.
  Type '(configs: CoordinationServiceAdapterConfig[]) => Promise<CoordinationServiceAdapter[]>' is not assignable to type '(configs: CoordinationServiceAdapterConfig[]) => Promise<IService[]>'.
    Type 'Promise<CoordinationServiceAdapter[]>' is not assignable to type 'Promise<IService[]>'.
      Type 'CoordinationServiceAdapter[]' is not assignable to type 'IService[]'.
        Type 'CoordinationServiceAdapter' is not assignable to type 'IService'.
          The types of 'config.retry' are incompatible between these types.
            Type '{ enabled: boolean; maxAttempts: number; backoffMultiplier: number; retryableOperations: string[]; }' is missing the following properties from type 'ServiceRetryConfig': attempts, delay, backoff
src/interfaces/services/adapters/coordination-service-factory.ts(92,3): error TS2416: Property 'get' in type 'CoordinationServiceFactory' is not assignable to the same property in base type 'IServiceFactory<CoordinationServiceAdapterConfig>'.
  Type '(name: string) => CoordinationServiceAdapter' is not assignable to type '(name: string) => IService'.
    Call signature return types 'CoordinationServiceAdapter' and 'IService' are incompatible.
      The types of 'config.retry' are incompatible between these types.
        Type '{ enabled: boolean; maxAttempts: number; backoffMultiplier: number; retryableOperations: string[]; }' is missing the following properties from type 'ServiceRetryConfig': attempts, delay, backoff
src/interfaces/services/adapters/coordination-service-factory.ts(99,3): error TS2416: Property 'list' in type 'CoordinationServiceFactory' is not assignable to the same property in base type 'IServiceFactory<CoordinationServiceAdapterConfig>'.
  Type '() => CoordinationServiceAdapter[]' is not assignable to type '() => IService[]'.
    Type 'CoordinationServiceAdapter[]' is not assignable to type 'IService[]'.
      Type 'CoordinationServiceAdapter' is not assignable to type 'IService'.
        The types of 'config.retry' are incompatible between these types.
          Type '{ enabled: boolean; maxAttempts: number; backoffMultiplier: number; retryableOperations: string[]; }' is missing the following properties from type 'ServiceRetryConfig': attempts, delay, backoff
src/interfaces/services/adapters/coordination-service-helpers.ts(30,23): error TS2323: Cannot redeclare exported variable 'createIntelligentAgent'.
src/interfaces/services/adapters/coordination-service-helpers.ts(89,23): error TS2323: Cannot redeclare exported variable 'createAgentBatch'.
src/interfaces/services/adapters/coordination-service-helpers.ts(156,23): error TS2323: Cannot redeclare exported variable 'optimizeAgentPerformance'.
src/interfaces/services/adapters/coordination-service-helpers.ts(244,23): error TS2323: Cannot redeclare exported variable 'createManagedSession'.
src/interfaces/services/adapters/coordination-service-helpers.ts(320,23): error TS2323: Cannot redeclare exported variable 'monitorSessionHealth'.
src/interfaces/services/adapters/coordination-service-helpers.ts(407,23): error TS2323: Cannot redeclare exported variable 'coordinateIntelligentSwarm'.
src/interfaces/services/adapters/coordination-service-helpers.ts(518,23): error TS2323: Cannot redeclare exported variable 'distributeSwarmTasks'.
src/interfaces/services/adapters/coordination-service-helpers.ts(654,23): error TS2323: Cannot redeclare exported variable 'analyzeCoordinationPerformance'.
src/interfaces/services/adapters/coordination-service-helpers.ts(1019,3): error TS2323: Cannot redeclare exported variable 'createIntelligentAgent'.
src/interfaces/services/adapters/coordination-service-helpers.ts(1019,3): error TS2484: Export declaration conflicts with exported declaration of 'createIntelligentAgent'.
src/interfaces/services/adapters/coordination-service-helpers.ts(1020,3): error TS2323: Cannot redeclare exported variable 'createAgentBatch'.
src/interfaces/services/adapters/coordination-service-helpers.ts(1020,3): error TS2484: Export declaration conflicts with exported declaration of 'createAgentBatch'.
src/interfaces/services/adapters/coordination-service-helpers.ts(1021,3): error TS2323: Cannot redeclare exported variable 'optimizeAgentPerformance'.
src/interfaces/services/adapters/coordination-service-helpers.ts(1021,3): error TS2484: Export declaration conflicts with exported declaration of 'optimizeAgentPerformance'.
src/interfaces/services/adapters/coordination-service-helpers.ts(1023,3): error TS2323: Cannot redeclare exported variable 'createManagedSession'.
src/interfaces/services/adapters/coordination-service-helpers.ts(1023,3): error TS2484: Export declaration conflicts with exported declaration of 'createManagedSession'.
src/interfaces/services/adapters/coordination-service-helpers.ts(1024,3): error TS2323: Cannot redeclare exported variable 'monitorSessionHealth'.
src/interfaces/services/adapters/coordination-service-helpers.ts(1024,3): error TS2484: Export declaration conflicts with exported declaration of 'monitorSessionHealth'.
src/interfaces/services/adapters/coordination-service-helpers.ts(1026,3): error TS2323: Cannot redeclare exported variable 'coordinateIntelligentSwarm'.
src/interfaces/services/adapters/coordination-service-helpers.ts(1026,3): error TS2484: Export declaration conflicts with exported declaration of 'coordinateIntelligentSwarm'.
src/interfaces/services/adapters/coordination-service-helpers.ts(1027,3): error TS2323: Cannot redeclare exported variable 'distributeSwarmTasks'.
src/interfaces/services/adapters/coordination-service-helpers.ts(1027,3): error TS2484: Export declaration conflicts with exported declaration of 'distributeSwarmTasks'.
src/interfaces/services/adapters/coordination-service-helpers.ts(1029,3): error TS2323: Cannot redeclare exported variable 'analyzeCoordinationPerformance'.
src/interfaces/services/adapters/coordination-service-helpers.ts(1029,3): error TS2484: Export declaration conflicts with exported declaration of 'analyzeCoordinationPerformance'.
src/interfaces/services/adapters/data-service-adapter.ts(49,18): error TS2430: Interface 'DataServiceAdapterConfig' incorrectly extends interface 'DataServiceConfig'.
  Types of property 'retry' are incompatible.
    Type '{ enabled: boolean; maxAttempts: number; backoffMultiplier: number; retryableOperations: string[]; }' is missing the following properties from type 'ServiceRetryConfig': attempts, delay, backoff
src/interfaces/services/adapters/data-service-adapter.ts(152,19): error TS2416: Property 'config' in type 'DataServiceAdapter' is not assignable to the same property in base type 'IService'.
  Type 'DataServiceAdapterConfig' is not assignable to type 'ServiceConfig'.
    Types of property 'retry' are incompatible.
      Type '{ enabled: boolean; maxAttempts: number; backoffMultiplier: number; retryableOperations: string[]; }' is missing the following properties from type 'ServiceRetryConfig': attempts, delay, backoff
src/interfaces/services/adapters/data-service-adapter.ts(167,29): error TS2304: Cannot find name 'DocumentService'.
src/interfaces/services/adapters/data-service-adapter.ts(245,9): error TS2416: Property 'initialize' in type 'DataServiceAdapter' is not assignable to the same property in base type 'IService'.
  Type '(config?: Partial<DataServiceAdapterConfig>) => Promise<void>' is not assignable to type '(config?: Partial<ServiceConfig>) => Promise<void>'.
    Types of parameters 'config' and 'config' are incompatible.
      Type 'Partial<ServiceConfig>' is not assignable to type 'Partial<DataServiceAdapterConfig>'.
        Types of property 'retry' are incompatible.
          Type 'ServiceRetryConfig' is missing the following properties from type '{ enabled: boolean; maxAttempts: number; backoffMultiplier: number; retryableOperations: string[]; }': enabled, maxAttempts, backoffMultiplier, retryableOperations
src/interfaces/services/adapters/data-service-adapter.ts(278,36): error TS2304: Cannot find name 'DocumentService'.
src/interfaces/services/adapters/data-service-adapter.ts(335,19): error TS2304: Cannot find name 'ServiceDependencyError'.
src/interfaces/services/adapters/data-service-adapter.ts(579,9): error TS2416: Property 'updateConfig' in type 'DataServiceAdapter' is not assignable to the same property in base type 'IService'.
  Type '(config: Partial<DataServiceAdapterConfig>) => Promise<void>' is not assignable to type '(config: Partial<ServiceConfig>) => Promise<void>'.
    Types of parameters 'config' and 'config' are incompatible.
      Type 'Partial<ServiceConfig>' is not assignable to type 'Partial<DataServiceAdapterConfig>'.
        Types of property 'retry' are incompatible.
          Type 'ServiceRetryConfig' is missing the following properties from type '{ enabled: boolean; maxAttempts: number; backoffMultiplier: number; retryableOperations: string[]; }': enabled, maxAttempts, backoffMultiplier, retryableOperations
src/interfaces/services/adapters/data-service-adapter.ts(605,9): error TS2416: Property 'validateConfig' in type 'DataServiceAdapter' is not assignable to the same property in base type 'IService'.
  Type '(config: DataServiceAdapterConfig) => Promise<boolean>' is not assignable to type '(config: ServiceConfig) => Promise<boolean>'.
    Types of parameters 'config' and 'config' are incompatible.
      Type 'ServiceConfig' is not assignable to type 'DataServiceAdapterConfig'.
        Types of property 'retry' are incompatible.
          Type 'ServiceRetryConfig' is missing the following properties from type '{ enabled: boolean; maxAttempts: number; backoffMultiplier: number; retryableOperations: string[]; }': enabled, maxAttempts, backoffMultiplier, retryableOperations
src/interfaces/services/adapters/data-service-adapter.ts(720,19): error TS2304: Cannot find name 'ServiceOperationError'.
src/interfaces/services/adapters/data-service-adapter.ts(726,37): error TS2304: Cannot find name 'ServiceTimeoutError'.
src/interfaces/services/adapters/data-service-adapter.ts(782,34): error TS2304: Cannot find name 'ServiceError'.
src/interfaces/services/adapters/data-service-adapter.ts(1056,19): error TS2304: Cannot find name 'ServiceOperationError'.
src/interfaces/services/adapters/data-service-adapter.ts(1356,26): error TS2304: Cannot find name 'ServiceTimeoutError'.
src/interfaces/services/adapters/data-service-adapter.ts(1482,11): error TS2304: Cannot find name 'ServiceType'.
src/interfaces/services/adapters/data-service-adapter.ts(1484,15): error TS2304: Cannot find name 'ServicePriority'.
src/interfaces/services/adapters/data-service-adapter.ts(1485,18): error TS2304: Cannot find name 'ServiceEnvironment'.
src/interfaces/services/adapters/data-service-factory.ts(72,60): error TS2344: Type 'DataServiceAdapterConfig' does not satisfy the constraint 'ServiceConfig'.
  Types of property 'retry' are incompatible.
    Type '{ enabled: boolean; maxAttempts: number; backoffMultiplier: number; retryableOperations: string[]; }' is missing the following properties from type 'ServiceRetryConfig': attempts, delay, backoff
src/interfaces/services/adapters/data-service-factory.ts(165,7): error TS2322: Type 'DataServiceAdapter' is not assignable to type 'IService'.
  The types of 'config.retry' are incompatible between these types.
    Type '{ enabled: boolean; maxAttempts: number; backoffMultiplier: number; retryableOperations: string[]; }' is missing the following properties from type 'ServiceRetryConfig': attempts, delay, backoff
src/interfaces/services/adapters/data-service-factory.ts(214,5): error TS2322: Type 'DataServiceAdapter' is not assignable to type 'IService'.
  The types of 'config.retry' are incompatible between these types.
    Type '{ enabled: boolean; maxAttempts: number; backoffMultiplier: number; retryableOperations: string[]; }' is missing the following properties from type 'ServiceRetryConfig': attempts, delay, backoff
src/interfaces/services/adapters/data-service-factory.ts(221,5): error TS2322: Type 'DataServiceAdapter[]' is not assignable to type 'IService[]'.
  Type 'DataServiceAdapter' is not assignable to type 'IService'.
    The types of 'config.retry' are incompatible between these types.
      Type '{ enabled: boolean; maxAttempts: number; backoffMultiplier: number; retryableOperations: string[]; }' is missing the following properties from type 'ServiceRetryConfig': attempts, delay, backoff
src/interfaces/services/adapters/data-service-factory.ts(269,13): error TS2304: Cannot find name 'ServiceType'.
src/interfaces/services/adapters/data-service-factory.ts(269,31): error TS2304: Cannot find name 'ServiceType'.
src/interfaces/services/adapters/data-service-factory.ts(269,53): error TS2304: Cannot find name 'ServiceType'.
src/interfaces/services/adapters/data-service-factory.ts(561,13): error TS2304: Cannot find name 'ServiceType'.
src/interfaces/services/adapters/data-service-factory.ts(574,21): error TS2352: Conversion of type 'IService' to type 'DataServiceAdapter' may be a mistake because neither type sufficiently overlaps with the other. If this was intentional, convert the expression to 'unknown' first.
  Type 'IService' is missing the following properties from type 'DataServiceAdapter': lifecycleStatus, eventEmitter, logger, operationCount, and 43 more.
src/interfaces/services/adapters/data-service-factory.ts(592,13): error TS2304: Cannot find name 'ServiceType'.
src/interfaces/services/adapters/data-service-factory.ts(605,21): error TS2352: Conversion of type 'IService' to type 'DataServiceAdapter' may be a mistake because neither type sufficiently overlaps with the other. If this was intentional, convert the expression to 'unknown' first.
  Type 'IService' is missing the following properties from type 'DataServiceAdapter': lifecycleStatus, eventEmitter, logger, operationCount, and 43 more.
src/interfaces/services/adapters/data-service-factory.ts(623,13): error TS2304: Cannot find name 'ServiceType'.
src/interfaces/services/adapters/data-service-factory.ts(652,21): error TS2352: Conversion of type 'IService' to type 'DataServiceAdapter' may be a mistake because neither type sufficiently overlaps with the other. If this was intentional, convert the expression to 'unknown' first.
  Type 'IService' is missing the following properties from type 'DataServiceAdapter': lifecycleStatus, eventEmitter, logger, operationCount, and 43 more.
src/interfaces/services/adapters/data-service-factory.ts(790,21): error TS2769: No overload matches this call.
  Overload 1 of 2, '(timeout: string | number | Timeout): void', gave the following error.
    Argument of type 'Timer' is not assignable to parameter of type 'string | number | Timeout'.
      Type 'Timer' is missing the following properties from type 'Timeout': close, _onTimeout, [Symbol.dispose]
  Overload 2 of 2, '(id: number): void', gave the following error.
    Argument of type 'Timer' is not assignable to parameter of type 'number'.
src/interfaces/services/adapters/data-service-factory.ts(795,21): error TS2769: No overload matches this call.
  Overload 1 of 2, '(timeout: string | number | Timeout): void', gave the following error.
    Argument of type 'Timer' is not assignable to parameter of type 'string | number | Timeout'.
      Type 'Timer' is missing the following properties from type 'Timeout': close, _onTimeout, [Symbol.dispose]
  Overload 2 of 2, '(id: number): void', gave the following error.
    Argument of type 'Timer' is not assignable to parameter of type 'number'.
src/interfaces/services/adapters/data-service-helpers.ts(209,9): error TS2322: Type '{ overall: "healthy" | "degraded" | "unhealthy" | "unknown"; components: { name: string; status: string; lastCheck: Date; }[]; metrics: { uptime: number; responseTime: any; errorRate: number; }; }' is not assignable to type '{ overall: "healthy" | "degraded" | "unhealthy"; components: { name: string; status: string; lastCheck: Date; }[]; metrics: { uptime: number; responseTime: number; errorRate: number; }; }'.
  Types of property 'overall' are incompatible.
    Type '"healthy" | "degraded" | "unhealthy" | "unknown"' is not assignable to type '"healthy" | "degraded" | "unhealthy"'.
      Type '"unknown"' is not assignable to type '"healthy" | "degraded" | "unhealthy"'.
src/interfaces/services/adapters/data-service-helpers.ts(603,11): error TS2322: Type '(ServiceOperationResponse<any> | { success: boolean; error: any; })[]' is not assignable to type '{ success: boolean; data?: any; error?: string; }[]'.
  Type 'ServiceOperationResponse<any> | { success: boolean; error: any; }' is not assignable to type '{ success: boolean; data?: any; error?: string; }'.
    Type 'ServiceOperationResponse<any>' is not assignable to type '{ success: boolean; data?: any; error?: string; }'.
      Types of property 'error' are incompatible.
        Type '{ code: string; message: string; details?: any; stack?: string; }' is not assignable to type 'string'.
src/interfaces/services/adapters/data-service-helpers.ts(910,20): error TS2339: Property 'length' does not exist on type 'unknown'.
src/interfaces/services/adapters/data-service-helpers.ts(927,52): error TS2339: Property 'length' does not exist on type 'unknown'.
src/interfaces/services/adapters/index.ts(70,3): error TS2300: Duplicate identifier 'DataOperationResult'.
src/interfaces/services/adapters/index.ts(76,8): error TS2300: Duplicate identifier 'DataOperationResult'.
src/interfaces/services/adapters/index.ts(82,3): error TS2300: Duplicate identifier 'createDefaultInfrastructureServiceAdapterConfig'.
src/interfaces/services/adapters/index.ts(83,3): error TS2300: Duplicate identifier 'createDefaultInfrastructureServiceAdapterConfig'.
src/interfaces/services/adapters/index.ts(84,3): error TS2300: Duplicate identifier 'createInfrastructureServiceAdapter'.
src/interfaces/services/adapters/index.ts(85,3): error TS2300: Duplicate identifier 'createInfrastructureServiceAdapter'.
src/interfaces/services/adapters/index.ts(138,59): error TS2345: Argument of type 'DataServiceFactory' is not assignable to parameter of type 'IServiceFactory<ServiceConfig>'.
  Types of property 'create' are incompatible.
    Type '(config: DataServiceAdapterConfig) => Promise<IService>' is not assignable to type '(config: ServiceConfig) => Promise<IService>'.
      Types of parameters 'config' and 'config' are incompatible.
        Type 'ServiceConfig' is not assignable to type 'DataServiceAdapterConfig'.
          Types of property 'retry' are incompatible.
            Type 'ServiceRetryConfig' is missing the following properties from type '{ enabled: boolean; maxAttempts: number; backoffMultiplier: number; retryableOperations: string[]; }': enabled, maxAttempts, backoffMultiplier, retryableOperations
src/interfaces/services/adapters/index.ts(139,63): error TS2345: Argument of type 'DataServiceFactory' is not assignable to parameter of type 'IServiceFactory<ServiceConfig>'.
  Types of property 'create' are incompatible.
    Type '(config: DataServiceAdapterConfig) => Promise<IService>' is not assignable to type '(config: ServiceConfig) => Promise<IService>'.
      Types of parameters 'config' and 'config' are incompatible.
        Type 'ServiceConfig' is not assignable to type 'DataServiceAdapterConfig'.
          Types of property 'retry' are incompatible.
            Type 'ServiceRetryConfig' is missing the following properties from type '{ enabled: boolean; maxAttempts: number; backoffMultiplier: number; retryableOperations: string[]; }': enabled, maxAttempts, backoffMultiplier, retryableOperations
src/interfaces/services/adapters/index.ts(140,63): error TS2345: Argument of type 'DataServiceFactory' is not assignable to parameter of type 'IServiceFactory<ServiceConfig>'.
  Types of property 'create' are incompatible.
    Type '(config: DataServiceAdapterConfig) => Promise<IService>' is not assignable to type '(config: ServiceConfig) => Promise<IService>'.
      Types of parameters 'config' and 'config' are incompatible.
        Type 'ServiceConfig' is not assignable to type 'DataServiceAdapterConfig'.
          Types of property 'retry' are incompatible.
            Type 'ServiceRetryConfig' is missing the following properties from type '{ enabled: boolean; maxAttempts: number; backoffMultiplier: number; retryableOperations: string[]; }': enabled, maxAttempts, backoffMultiplier, retryableOperations
src/interfaces/services/adapters/index.ts(164,67): error TS2345: Argument of type 'CoordinationServiceFactory' is not assignable to parameter of type 'IServiceFactory<ServiceConfig>'.
  Type 'CoordinationServiceFactory' is missing the following properties from type 'IServiceFactory<ServiceConfig>': getServicesByType, validateConfig, getConfigSchema
src/interfaces/services/adapters/index.ts(165,58): error TS2345: Argument of type 'CoordinationServiceFactory' is not assignable to parameter of type 'IServiceFactory<ServiceConfig>'.
  Type 'CoordinationServiceFactory' is missing the following properties from type 'IServiceFactory<ServiceConfig>': getServicesByType, validateConfig, getConfigSchema
src/interfaces/services/adapters/index.ts(166,71): error TS2345: Argument of type 'CoordinationServiceFactory' is not assignable to parameter of type 'IServiceFactory<ServiceConfig>'.
  Type 'CoordinationServiceFactory' is missing the following properties from type 'IServiceFactory<ServiceConfig>': getServicesByType, validateConfig, getConfigSchema
src/interfaces/services/adapters/index.ts(194,58): error TS2345: Argument of type 'IntegrationServiceFactory' is not assignable to parameter of type 'IServiceFactory<ServiceConfig>'.
  Type 'IntegrationServiceFactory' is missing the following properties from type 'IServiceFactory<ServiceConfig>': createMultiple, get, list, has, and 10 more.
src/interfaces/services/adapters/index.ts(195,63): error TS2345: Argument of type 'IntegrationServiceFactory' is not assignable to parameter of type 'IServiceFactory<ServiceConfig>'.
  Type 'IntegrationServiceFactory' is missing the following properties from type 'IServiceFactory<ServiceConfig>': createMultiple, get, list, has, and 10 more.
src/interfaces/services/adapters/index.ts(198,5): error TS2345: Argument of type 'IntegrationServiceFactory' is not assignable to parameter of type 'IServiceFactory<ServiceConfig>'.
  Type 'IntegrationServiceFactory' is missing the following properties from type 'IServiceFactory<ServiceConfig>': createMultiple, get, list, has, and 10 more.
src/interfaces/services/adapters/index.ts(228,69): error TS2345: Argument of type 'InfrastructureServiceFactory' is not assignable to parameter of type 'IServiceFactory<ServiceConfig>'.
  Type 'InfrastructureServiceFactory' is missing the following properties from type 'IServiceFactory<ServiceConfig>': create, createMultiple, get, list, and 12 more.
src/interfaces/services/adapters/index.ts(229,61): error TS2345: Argument of type 'InfrastructureServiceFactory' is not assignable to parameter of type 'IServiceFactory<ServiceConfig>'.
  Type 'InfrastructureServiceFactory' is missing the following properties from type 'IServiceFactory<ServiceConfig>': create, createMultiple, get, list, and 12 more.
src/interfaces/services/adapters/index.ts(230,65): error TS2345: Argument of type 'InfrastructureServiceFactory' is not assignable to parameter of type 'IServiceFactory<ServiceConfig>'.
  Type 'InfrastructureServiceFactory' is missing the following properties from type 'IServiceFactory<ServiceConfig>': create, createMultiple, get, list, and 12 more.
src/interfaces/services/adapters/index.ts(242,3): error TS18004: No value exists in scope for the shorthand property 'DataServiceAdapter'. Either declare one or provide an initializer.
src/interfaces/services/adapters/index.ts(243,3): error TS18004: No value exists in scope for the shorthand property 'DataServiceFactory'. Either declare one or provide an initializer.
src/interfaces/services/adapters/index.ts(244,3): error TS18004: No value exists in scope for the shorthand property 'DataServiceHelper'. Either declare one or provide an initializer.
src/interfaces/services/adapters/index.ts(245,3): error TS18004: No value exists in scope for the shorthand property 'DataServiceUtils'. Either declare one or provide an initializer.
src/interfaces/services/adapters/index.ts(248,3): error TS18004: No value exists in scope for the shorthand property 'CoordinationServiceAdapter'. Either declare one or provide an initializer.
src/interfaces/services/adapters/index.ts(249,3): error TS18004: No value exists in scope for the shorthand property 'CoordinationServiceFactory'. Either declare one or provide an initializer.
src/interfaces/services/adapters/index.ts(252,3): error TS18004: No value exists in scope for the shorthand property 'IntegrationServiceAdapter'. Either declare one or provide an initializer.
src/interfaces/services/adapters/index.ts(253,3): error TS18004: No value exists in scope for the shorthand property 'IntegrationServiceFactory'. Either declare one or provide an initializer.
src/interfaces/services/adapters/index.ts(256,3): error TS18004: No value exists in scope for the shorthand property 'InfrastructureServiceAdapter'. Either declare one or provide an initializer.
src/interfaces/services/adapters/index.ts(257,3): error TS18004: No value exists in scope for the shorthand property 'InfrastructureServiceFactory'. Either declare one or provide an initializer.
src/interfaces/services/adapters/infrastructure-service-adapter.ts(483,19): error TS2304: Cannot find name 'ServiceDependencyError'.
src/interfaces/services/adapters/infrastructure-service-adapter.ts(682,9): error TS2322: Type '{ cpu: number; memory: number; network: number; storage: number; }' is not assignable to type 'number'.
src/interfaces/services/adapters/infrastructure-service-adapter.ts(975,19): error TS2304: Cannot find name 'ServiceOperationError'.
src/interfaces/services/adapters/infrastructure-service-adapter.ts(980,19): error TS2304: Cannot find name 'ServiceOperationError'.
src/interfaces/services/adapters/infrastructure-service-adapter.ts(986,37): error TS2304: Cannot find name 'ServiceTimeoutError'.
src/interfaces/services/adapters/infrastructure-service-adapter.ts(1055,34): error TS2304: Cannot find name 'ServiceError'.
src/interfaces/services/adapters/infrastructure-service-adapter.ts(1280,19): error TS2304: Cannot find name 'ServiceOperationError'.
src/interfaces/services/adapters/infrastructure-service-adapter.ts(1310,32): error TS2339: Property 'uptime' does not exist on type 'SystemStatus'.
src/interfaces/services/adapters/infrastructure-service-adapter.ts(1930,36): error TS2322: Type 'Promise<{ success: true; coordination: { strategy: string; participants: any[]; result: { success: boolean; metrics: { latency: number; throughput: number; reliability: number; resourceUsage: { cpu: number; memory: number; network: number; storage: number; }; }; }; }; }>' is not assignable to type 'Promise<CoordinationResult>'.
  Type '{ success: true; coordination: { strategy: string; participants: any[]; result: { success: boolean; metrics: { latency: number; throughput: number; reliability: number; resourceUsage: { cpu: number; memory: number; network: number; storage: number; }; }; }; }; }' is missing the following properties from type 'CoordinationResult': topology, performance, latency
src/interfaces/services/adapters/infrastructure-service-adapter.ts(2503,11): error TS2304: Cannot find name 'ServiceType'.
src/interfaces/services/adapters/infrastructure-service-adapter.ts(2505,15): error TS2304: Cannot find name 'ServicePriority'.
src/interfaces/services/adapters/infrastructure-service-adapter.ts(2506,18): error TS2304: Cannot find name 'ServiceEnvironment'.
src/interfaces/services/adapters/infrastructure-service-factory.ts(709,25): error TS2304: Cannot find name 'ServiceEventType'.
src/interfaces/services/adapters/infrastructure-service-factory.ts(871,3): error TS2484: Export declaration conflicts with exported declaration of 'InfrastructureServiceFactoryConfig'.
src/interfaces/services/adapters/infrastructure-service-factory.ts(872,3): error TS2484: Export declaration conflicts with exported declaration of 'CreateServiceOptions'.
src/interfaces/services/adapters/infrastructure-service-helpers.ts(315,5): error TS2353: Object literal may only specify known properties, and 'priority' does not exist in type 'ServiceOperationOptions'.
src/interfaces/services/adapters/infrastructure-service-helpers.ts(364,54): error TS2339: Property 'operation' does not exist on type 'ServiceEvent'.
src/interfaces/services/adapters/infrastructure-service-helpers.ts(896,7): error TS2741: Property 'enabled' is missing in type '{ mockServices: false; }' but required in type '{ enabled: boolean; autoInitialize?: boolean; enableCaching?: boolean; enableMetrics?: boolean; enableHealthChecks?: boolean; systemStatusInterval?: number; mockServices?: boolean; enableBatchOperations?: boolean; }'.
src/interfaces/services/adapters/infrastructure-service-helpers.ts(897,7): error TS2741: Property 'enabled' is missing in type '{ configProfile: "production"; }' but required in type '{ enabled: boolean; configProfile?: "development" | "production" | "default"; enableEventSystem?: boolean; enableCommandSystem?: boolean; enableProtocolSystem?: boolean; enableAgentSystem?: boolean; maxAgents?: number; enableAutoOptimization?: boolean; }'.
src/interfaces/services/adapters/integration-service-adapter.ts(16,3): error TS2459: Module '"../../../coordination/swarm/sparc/database/architecture-storage"' declares 'ArchitecturalValidation' locally, but it is not exported.
src/interfaces/services/adapters/integration-service-adapter.ts(17,3): error TS2459: Module '"../../../coordination/swarm/sparc/database/architecture-storage"' declares 'ArchitectureDesign' locally, but it is not exported.
src/interfaces/services/adapters/integration-service-adapter.ts(22,3): error TS2459: Module '"../../../core/pattern-integration"' declares 'MCPAdapter' locally, but it is not exported.
src/interfaces/services/adapters/integration-service-adapter.ts(23,3): error TS2459: Module '"../../../core/pattern-integration"' declares 'ProtocolManager' locally, but it is not exported.
src/interfaces/services/adapters/integration-service-adapter.ts(24,3): error TS2459: Module '"../../../core/pattern-integration"' declares 'RESTAdapter' locally, but it is not exported.
src/interfaces/services/adapters/integration-service-adapter.ts(25,3): error TS2459: Module '"../../../core/pattern-integration"' declares 'WebSocketAdapter' locally, but it is not exported.
src/interfaces/services/adapters/integration-service-adapter.ts(28,15): error TS2459: Module '"../../../interfaces/api/safe-api-client"' declares 'APIResult' locally, but it is not exported.
src/interfaces/services/adapters/integration-service-adapter.ts(49,18): error TS2430: Interface 'IntegrationServiceAdapterConfig' incorrectly extends interface 'IntegrationServiceConfig'.
  Types of property 'security' are incompatible.
    Type '{ enableRequestValidation?: boolean; enableResponseSanitization?: boolean; enableRateLimiting?: boolean; enableAuditLogging?: boolean; enableEncryption?: boolean; }' has no properties in common with type '{ validation?: boolean; sanitization?: boolean; rateLimiting?: boolean; auditLogging?: boolean; }'.
src/interfaces/services/adapters/integration-service-adapter.ts(260,19): error TS2416: Property 'config' in type 'IntegrationServiceAdapter' is not assignable to the same property in base type 'IService'.
  Type 'IntegrationServiceAdapterConfig' is not assignable to type 'ServiceConfig'.
    Types of property 'retry' are incompatible.
      Type '{ enabled: boolean; maxAttempts: number; backoffMultiplier: number; retryableOperations: string[]; }' is missing the following properties from type 'ServiceRetryConfig': attempts, delay, backoff
src/interfaces/services/adapters/integration-service-adapter.ts(425,9): error TS2416: Property 'initialize' in type 'IntegrationServiceAdapter' is not assignable to the same property in base type 'IService'.
  Type '(config?: Partial<IntegrationServiceAdapterConfig>) => Promise<void>' is not assignable to type '(config?: Partial<ServiceConfig>) => Promise<void>'.
    Types of parameters 'config' and 'config' are incompatible.
      Type 'Partial<ServiceConfig>' is not assignable to type 'Partial<IntegrationServiceAdapterConfig>'.
        Types of property 'retry' are incompatible.
          Type 'ServiceRetryConfig' is missing the following properties from type '{ enabled: boolean; maxAttempts: number; backoffMultiplier: number; retryableOperations: string[]; }': enabled, maxAttempts, backoffMultiplier, retryableOperations
src/interfaces/services/adapters/integration-service-adapter.ts(451,52): error TS2307: Cannot find module '../../../di/tokens/database-tokens' or its corresponding type declarations.
src/interfaces/services/adapters/integration-service-adapter.ts(455,50): error TS2345: Argument of type '() => Logger' is not assignable to parameter of type 'Provider<ILogger>'.
src/interfaces/services/adapters/integration-service-adapter.ts(456,50): error TS2345: Argument of type '() => {}' is not assignable to parameter of type 'Provider<IConfig>'.
src/interfaces/services/adapters/integration-service-adapter.ts(457,58): error TS2345: Argument of type '() => DALFactory' is not assignable to parameter of type 'Provider<unknown>'.
src/interfaces/services/adapters/integration-service-adapter.ts(457,64): error TS2554: Expected 3 arguments, but got 0.
src/interfaces/services/adapters/integration-service-adapter.ts(635,19): error TS2304: Cannot find name 'ServiceDependencyError'.
src/interfaces/services/adapters/integration-service-adapter.ts(728,12): error TS2339: Property 'integratedPatternSystem' does not exist on type 'IntegrationServiceAdapter'.
src/interfaces/services/adapters/integration-service-adapter.ts(940,9): error TS2416: Property 'updateConfig' in type 'IntegrationServiceAdapter' is not assignable to the same property in base type 'IService'.
  Type '(config: Partial<IntegrationServiceAdapterConfig>) => Promise<void>' is not assignable to type '(config: Partial<ServiceConfig>) => Promise<void>'.
    Types of parameters 'config' and 'config' are incompatible.
      Type 'Partial<ServiceConfig>' is not assignable to type 'Partial<IntegrationServiceAdapterConfig>'.
        Types of property 'retry' are incompatible.
          Type 'ServiceRetryConfig' is missing the following properties from type '{ enabled: boolean; maxAttempts: number; backoffMultiplier: number; retryableOperations: string[]; }': enabled, maxAttempts, backoffMultiplier, retryableOperations
src/interfaces/services/adapters/integration-service-adapter.ts(966,9): error TS2416: Property 'validateConfig' in type 'IntegrationServiceAdapter' is not assignable to the same property in base type 'IService'.
  Type '(config: IntegrationServiceAdapterConfig) => Promise<boolean>' is not assignable to type '(config: ServiceConfig) => Promise<boolean>'.
    Types of parameters 'config' and 'config' are incompatible.
      Type 'ServiceConfig' is not assignable to type 'IntegrationServiceAdapterConfig'.
        Types of property 'retry' are incompatible.
          Type 'ServiceRetryConfig' is missing the following properties from type '{ enabled: boolean; maxAttempts: number; backoffMultiplier: number; retryableOperations: string[]; }': enabled, maxAttempts, backoffMultiplier, retryableOperations
src/interfaces/services/adapters/integration-service-adapter.ts(1133,19): error TS2304: Cannot find name 'ServiceOperationError'.
src/interfaces/services/adapters/integration-service-adapter.ts(1139,37): error TS2304: Cannot find name 'ServiceTimeoutError'.
src/interfaces/services/adapters/integration-service-adapter.ts(1197,34): error TS2304: Cannot find name 'ServiceError'.
src/interfaces/services/adapters/integration-service-adapter.ts(1535,19): error TS2304: Cannot find name 'ServiceOperationError'.
src/interfaces/services/adapters/integration-service-adapter.ts(2236,26): error TS2304: Cannot find name 'ServiceTimeoutError'.
src/interfaces/services/adapters/integration-service-adapter.ts(2588,11): error TS2304: Cannot find name 'ServiceType'.
src/interfaces/services/adapters/integration-service-adapter.ts(2590,15): error TS2304: Cannot find name 'ServicePriority'.
src/interfaces/services/adapters/integration-service-adapter.ts(2591,18): error TS2304: Cannot find name 'ServiceEnvironment'.
src/interfaces/services/adapters/integration-service-factory.ts(61,14): error TS2420: Class 'IntegrationServiceFactory' incorrectly implements interface 'IServiceFactory<ServiceConfig>'.
  Type 'IntegrationServiceFactory' is missing the following properties from type 'IServiceFactory<ServiceConfig>': createMultiple, get, list, has, and 10 more.
src/interfaces/services/adapters/integration-service-factory.ts(112,5): error TS2322: Type 'IntegrationServiceAdapter' is not assignable to type 'IService'.
  The types of 'config.retry' are incompatible between these types.
    Type '{ enabled: boolean; maxAttempts: number; backoffMultiplier: number; retryableOperations: string[]; }' is missing the following properties from type 'ServiceRetryConfig': attempts, delay, backoff
src/interfaces/services/adapters/integration-service-factory.ts(163,7): error TS2739: Type '{ enabled: false; }' is missing the following properties from type '{ enabled: boolean; supportedProtocols: string[]; defaultProtocol: string; connectionPooling?: { enabled: boolean; maxConnections: number; idleTimeout: number; }; failover?: { enabled: boolean; retryAttempts: number; backoffMultiplier: number; }; healthChecking?: { ...; }; }': supportedProtocols, defaultProtocol
src/interfaces/services/adapters/integration-service-factory.ts(171,7): error TS2741: Property 'retryableOperations' is missing in type '{ enabled: boolean; maxAttempts: number; backoffMultiplier: number; }' but required in type '{ enabled: boolean; maxAttempts: number; backoffMultiplier: number; retryableOperations: string[]; }'.
src/interfaces/services/adapters/integration-service-factory.ts(227,7): error TS2739: Type '{ enabled: false; }' is missing the following properties from type '{ enabled: boolean; supportedProtocols: string[]; defaultProtocol: string; connectionPooling?: { enabled: boolean; maxConnections: number; idleTimeout: number; }; failover?: { enabled: boolean; retryAttempts: number; backoffMultiplier: number; }; healthChecking?: { ...; }; }': supportedProtocols, defaultProtocol
src/interfaces/services/adapters/integration-service-factory.ts(235,7): error TS2741: Property 'retryableOperations' is missing in type '{ enabled: boolean; maxAttempts: number; backoffMultiplier: number; }' but required in type '{ enabled: boolean; maxAttempts: number; backoffMultiplier: number; retryableOperations: string[]; }'.
src/interfaces/services/adapters/integration-service-factory.ts(307,7): error TS2741: Property 'retryableOperations' is missing in type '{ enabled: boolean; maxAttempts: number; backoffMultiplier: number; }' but required in type '{ enabled: boolean; maxAttempts: number; backoffMultiplier: number; retryableOperations: string[]; }'.
src/interfaces/services/adapters/integration-service-factory.ts(412,7): error TS2741: Property 'retryableOperations' is missing in type '{ enabled: boolean; maxAttempts: number; backoffMultiplier: number; }' but required in type '{ enabled: boolean; maxAttempts: number; backoffMultiplier: number; retryableOperations: string[]; }'.
src/interfaces/services/adapters/integration-service-factory.ts(537,7): error TS2739: Type '{ enabled: false; }' is missing the following properties from type '{ enabled: boolean; supportedProtocols: string[]; defaultProtocol: string; connectionPooling?: { enabled: boolean; maxConnections: number; idleTimeout: number; }; failover?: { enabled: boolean; retryAttempts: number; backoffMultiplier: number; }; healthChecking?: { ...; }; }': supportedProtocols, defaultProtocol
src/interfaces/services/adapters/integration-service-helpers.ts(9,15): error TS2459: Module '"../../../coordination/swarm/sparc/database/architecture-storage"' declares 'ArchitectureDesign' locally, but it is not exported.
src/interfaces/services/adapters/integration-service-helpers.ts(11,15): error TS2459: Module '"../../../interfaces/api/safe-api-client"' declares 'APIResult' locally, but it is not exported.
src/interfaces/services/adapters/integration-service-helpers.ts(131,10): error TS2339: Property 'logger' does not exist on type 'IntegrationServiceHelper'.
src/interfaces/services/adapters/integration-service-helpers.ts(609,28): error TS2339: Property 'success' does not exist on type 'string[] | ServiceOperationResponse<string[]>'.
  Property 'success' does not exist on type 'string[]'.
src/interfaces/services/adapters/integration-service-helpers.ts(609,56): error TS2339: Property 'data' does not exist on type 'string[] | ServiceOperationResponse<string[]>'.
  Property 'data' does not exist on type 'string[]'.
src/interfaces/services/adapters/integration-service-helpers.ts(615,46): error TS2339: Property 'data' does not exist on type 'string[] | ServiceOperationResponse<string[]>'.
  Property 'data' does not exist on type 'string[]'.
src/interfaces/services/factories.ts(689,9): error TS2322: Type 'DataServiceAdapter' is not assignable to type 'IService'.
  The types of 'config.retry' are incompatible between these types.
    Type '{ enabled: boolean; maxAttempts: number; backoffMultiplier: number; retryableOperations: string[]; }' is missing the following properties from type 'ServiceRetryConfig': attempts, delay, backoff
src/interfaces/services/factories.ts(705,9): error TS2322: Type 'CoordinationServiceAdapter' is not assignable to type 'IService'.
  The types of 'config.retry' are incompatible between these types.
    Type '{ enabled: boolean; maxAttempts: number; backoffMultiplier: number; retryableOperations: string[]; }' is missing the following properties from type 'ServiceRetryConfig': attempts, delay, backoff
src/interfaces/services/factories.ts(732,9): error TS2322: Type 'MonitoringService' is not assignable to type 'IService'.
  Property 'getMetrics' is private in type 'MonitoringService' but not in type 'IService'.
src/interfaces/services/factories.ts(732,38): error TS2345: Argument of type 'ServiceConfig' is not assignable to parameter of type 'MonitoringServiceConfig'.
  Types of property 'type' are incompatible.
    Type 'string' is not assignable to type 'ServiceType.HEALTH | ServiceType.MONITORING | ServiceType.LOGGING'.
src/interfaces/services/factories.ts(1178,36): error TS2345: Argument of type 'Function' is not assignable to parameter of type '(...args: any[]) => void'.
  Type 'Function' provides no match for the signature '(...args: any[]): void'.
src/interfaces/services/implementations/coordination-service.ts(9,42): error TS2305: Module '"../types"' has no exported member 'ServiceOperationOptions'.
src/interfaces/services/implementations/data-service.ts(12,34): error TS2305: Module '"../types"' has no exported member 'ServiceOperationOptions'.
src/interfaces/services/implementations/database-service.ts(9,38): error TS2305: Module '"../types"' has no exported member 'ServiceOperationOptions'.
src/interfaces/services/implementations/generic-service.ts(46,40): error TS2345: Argument of type 'Function' is not assignable to parameter of type '(params?: any, options?: ServiceOperationOptions) => Promise<any>'.
  Type 'Function' provides no match for the signature '(params?: any, options?: ServiceOperationOptions): Promise<any>'.
src/interfaces/services/implementations/memory-service.ts(9,36): error TS2305: Module '"../types"' has no exported member 'ServiceOperationOptions'.
src/interfaces/services/implementations/monitoring-service.ts(9,40): error TS2305: Module '"../types"' has no exported member 'ServiceOperationOptions'.
src/interfaces/services/implementations/monitoring-service.ts(17,14): error TS2415: Class 'MonitoringService' incorrectly extends base class 'BaseService'.
  Property 'getMetrics' is private in type 'MonitoringService' but not in type 'BaseService'.
src/interfaces/services/implementations/monitoring-service.ts(17,14): error TS2420: Class 'MonitoringService' incorrectly implements interface 'IService'.
  Property 'getMetrics' is private in type 'MonitoringService' but not in type 'IService'.
src/interfaces/services/implementations/neural-service.ts(9,36): error TS2305: Module '"../types"' has no exported member 'ServiceOperationOptions'.
src/interfaces/services/implementations/web-service.ts(9,15): error TS2305: Module '"../types"' has no exported member 'ServiceOperationOptions'.
src/interfaces/services/index.ts(24,3): error TS2323: Cannot redeclare exported variable 'createIntegrationServiceAdapter'.
src/interfaces/services/index.ts(24,3): error TS2484: Export declaration conflicts with exported declaration of 'createIntegrationServiceAdapter'.
src/interfaces/services/index.ts(235,30): error TS2304: Cannot find name 'USLFactoryConfig'.
src/interfaces/services/index.ts(289,22): error TS2304: Cannot find name 'DataServiceConfig'.
src/interfaces/services/index.ts(290,14): error TS2304: Cannot find name 'IService'.
src/interfaces/services/index.ts(295,20): error TS2304: Cannot find name 'ServiceConfigFactory'.
src/interfaces/services/index.ts(296,13): error TS2304: Cannot find name 'ServiceType'.
src/interfaces/services/index.ts(300,18): error TS2304: Cannot find name 'globalUSLFactory'.
src/interfaces/services/index.ts(331,22): error TS2304: Cannot find name 'DataServiceAdapterConfig'.
src/interfaces/services/index.ts(332,14): error TS2304: Cannot find name 'DataServiceAdapter'.
src/interfaces/services/index.ts(337,27): error TS2304: Cannot find name 'globalDataServiceFactory'.
src/interfaces/services/index.ts(374,22): error TS2304: Cannot find name 'DataServiceAdapterConfig'.
src/interfaces/services/index.ts(375,14): error TS2304: Cannot find name 'DataServiceAdapter'.
src/interfaces/services/index.ts(380,27): error TS2304: Cannot find name 'globalDataServiceFactory'.
src/interfaces/services/index.ts(422,22): error TS2304: Cannot find name 'DataServiceAdapterConfig'.
src/interfaces/services/index.ts(423,14): error TS2304: Cannot find name 'DataServiceAdapter'.
src/interfaces/services/index.ts(428,27): error TS2304: Cannot find name 'globalDataServiceFactory'.
src/interfaces/services/index.ts(472,22): error TS2304: Cannot find name 'WebServiceConfig'.
src/interfaces/services/index.ts(473,14): error TS2304: Cannot find name 'IService'.
src/interfaces/services/index.ts(478,20): error TS2304: Cannot find name 'ServiceConfigFactory'.
src/interfaces/services/index.ts(479,13): error TS2304: Cannot find name 'ServiceType'.
src/interfaces/services/index.ts(484,18): error TS2304: Cannot find name 'globalUSLFactory'.
src/interfaces/services/index.ts(526,22): error TS2304: Cannot find name 'CoordinationServiceConfig'.
src/interfaces/services/index.ts(527,14): error TS2304: Cannot find name 'IService'.
src/interfaces/services/index.ts(532,20): error TS2304: Cannot find name 'ServiceConfigFactory'.
src/interfaces/services/index.ts(533,13): error TS2304: Cannot find name 'ServiceType'.
src/interfaces/services/index.ts(537,18): error TS2304: Cannot find name 'globalUSLFactory'.
src/interfaces/services/index.ts(585,22): error TS2304: Cannot find name 'NeuralServiceConfig'.
src/interfaces/services/index.ts(586,14): error TS2304: Cannot find name 'IService'.
src/interfaces/services/index.ts(591,20): error TS2304: Cannot find name 'ServiceConfigFactory'.
src/interfaces/services/index.ts(592,13): error TS2304: Cannot find name 'ServiceType'.
src/interfaces/services/index.ts(596,18): error TS2304: Cannot find name 'globalUSLFactory'.
src/interfaces/services/index.ts(607,22): error TS2304: Cannot find name 'MemoryServiceConfig'.
src/interfaces/services/index.ts(608,14): error TS2304: Cannot find name 'IService'.
src/interfaces/services/index.ts(613,20): error TS2304: Cannot find name 'ServiceConfigFactory'.
src/interfaces/services/index.ts(614,13): error TS2304: Cannot find name 'ServiceType'.
src/interfaces/services/index.ts(618,18): error TS2304: Cannot find name 'globalUSLFactory'.
src/interfaces/services/index.ts(629,22): error TS2304: Cannot find name 'DatabaseServiceConfig'.
src/interfaces/services/index.ts(630,14): error TS2304: Cannot find name 'IService'.
src/interfaces/services/index.ts(635,20): error TS2304: Cannot find name 'ServiceConfigFactory'.
src/interfaces/services/index.ts(636,13): error TS2304: Cannot find name 'ServiceType'.
src/interfaces/services/index.ts(640,18): error TS2304: Cannot find name 'globalUSLFactory'.
src/interfaces/services/index.ts(651,22): error TS2304: Cannot find name 'IntegrationServiceConfig'.
src/interfaces/services/index.ts(652,14): error TS2304: Cannot find name 'IService'.
src/interfaces/services/index.ts(657,20): error TS2304: Cannot find name 'ServiceConfigFactory'.
src/interfaces/services/index.ts(658,13): error TS2304: Cannot find name 'ServiceType'.
src/interfaces/services/index.ts(662,18): error TS2304: Cannot find name 'globalUSLFactory'.
src/interfaces/services/index.ts(673,22): error TS2304: Cannot find name 'IntegrationServiceAdapterConfig'.
src/interfaces/services/index.ts(674,14): error TS2304: Cannot find name 'IntegrationServiceAdapter'.
src/interfaces/services/index.ts(679,20): error TS2304: Cannot find name 'createDefaultIntegrationServiceAdapterConfig'.
src/interfaces/services/index.ts(696,22): error TS2304: Cannot find name 'IntegrationServiceAdapterConfig'.
src/interfaces/services/index.ts(697,14): error TS2304: Cannot find name 'IntegrationServiceAdapter'.
src/interfaces/services/index.ts(729,22): error TS2304: Cannot find name 'IntegrationServiceAdapterConfig'.
src/interfaces/services/index.ts(730,14): error TS2304: Cannot find name 'IntegrationServiceAdapter'.
src/interfaces/services/index.ts(765,22): error TS2304: Cannot find name 'IntegrationServiceAdapterConfig'.
src/interfaces/services/index.ts(766,14): error TS2304: Cannot find name 'IntegrationServiceAdapter'.
src/interfaces/services/index.ts(807,17): error TS2304: Cannot find name 'IntegrationServiceAdapterConfig'.
src/interfaces/services/index.ts(808,14): error TS2304: Cannot find name 'IntegrationServiceAdapter'.
src/interfaces/services/index.ts(869,22): error TS2304: Cannot find name 'MonitoringServiceConfig'.
src/interfaces/services/index.ts(870,14): error TS2304: Cannot find name 'IService'.
src/interfaces/services/index.ts(875,20): error TS2304: Cannot find name 'ServiceConfigFactory'.
src/interfaces/services/index.ts(876,13): error TS2304: Cannot find name 'ServiceType'.
src/interfaces/services/index.ts(880,18): error TS2304: Cannot find name 'globalUSLFactory'.
src/interfaces/services/index.ts(888,36): error TS2304: Cannot find name 'IService'.
src/interfaces/services/index.ts(889,12): error TS2304: Cannot find name 'globalServiceRegistry'.
src/interfaces/services/index.ts(897,27): error TS2304: Cannot find name 'ServiceType'.
src/interfaces/services/index.ts(897,41): error TS2304: Cannot find name 'IService'.
src/interfaces/services/index.ts(898,12): error TS2304: Cannot find name 'globalServiceRegistry'.
src/interfaces/services/index.ts(904,33): error TS2304: Cannot find name 'IService'.
src/interfaces/services/index.ts(905,12): error TS2304: Cannot find name 'globalServiceRegistry'.
src/interfaces/services/index.ts(912,11): error TS2304: Cannot find name 'globalServiceRegistry'.
src/interfaces/services/index.ts(919,11): error TS2304: Cannot find name 'globalServiceRegistry'.
src/interfaces/services/index.ts(954,27): error TS2304: Cannot find name 'ServiceStatus'.
src/interfaces/services/index.ts(963,35): error TS2304: Cannot find name 'globalServiceRegistry'.
src/interfaces/services/index.ts(966,50): error TS2339: Property 'health' does not exist on type 'unknown'.
src/interfaces/services/index.ts(967,51): error TS2339: Property 'health' does not exist on type 'unknown'.
src/interfaces/services/index.ts(968,52): error TS2339: Property 'health' does not exist on type 'unknown'.
src/interfaces/services/index.ts(1033,24): error TS2304: Cannot find name 'ServiceMetrics'.
src/interfaces/services/index.ts(1041,27): error TS2304: Cannot find name 'globalServiceRegistry'.
src/interfaces/services/index.ts(1100,12): error TS2304: Cannot find name 'ServiceType'.
src/interfaces/services/index.ts(1103,7): error TS2304: Cannot find name 'IService'.
src/interfaces/services/index.ts(1104,12): error TS2304: Cannot find name 'globalServiceRegistry'.
src/interfaces/services/index.ts(1113,55): error TS2304: Cannot find name 'ServiceCapability'.
src/interfaces/services/index.ts(1114,5): error TS2304: Cannot find name 'globalServiceCapabilityRegistry'.
src/interfaces/services/index.ts(1123,12): error TS2304: Cannot find name 'globalServiceCapabilityRegistry'.
src/interfaces/services/index.ts(1154,11): error TS2304: Cannot find name 'globalServiceRegistry'.
src/interfaces/services/index.ts(1197,46): error TS2304: Cannot find name 'USLFactoryConfig'.
src/interfaces/services/index.ts(1264,30): error TS2304: Cannot find name 'DatabaseServiceConfig'.
src/interfaces/services/index.ts(1265,28): error TS2304: Cannot find name 'MemoryServiceConfig'.
src/interfaces/services/index.ts(1267,11): error TS2304: Cannot find name 'IService'.
src/interfaces/services/index.ts(1268,12): error TS2304: Cannot find name 'IService'.
src/interfaces/services/index.ts(1269,14): error TS2304: Cannot find name 'IService'.
src/interfaces/services/index.ts(1270,16): error TS2304: Cannot find name 'IService'.
src/interfaces/services/index.ts(1271,20): error TS2304: Cannot find name 'IService'.
src/interfaces/services/index.ts(1272,14): error TS2304: Cannot find name 'IService'.
src/interfaces/services/index.ts(1273,18): error TS2304: Cannot find name 'IService'.
src/interfaces/services/index.ts(1278,13): error TS2304: Cannot find name 'IService'.
src/interfaces/services/index.ts(1279,14): error TS2304: Cannot find name 'IService'.
src/interfaces/services/index.ts(1280,16): error TS2304: Cannot find name 'IService'.
src/interfaces/services/index.ts(1281,18): error TS2304: Cannot find name 'IService'.
src/interfaces/services/index.ts(1282,22): error TS2304: Cannot find name 'IService'.
src/interfaces/services/index.ts(1283,16): error TS2304: Cannot find name 'IService'.
src/interfaces/services/index.ts(1284,20): error TS2304: Cannot find name 'IService'.
src/interfaces/services/index.ts(1508,49): error TS2304: Cannot find name 'AnyServiceConfig'.
src/interfaces/services/index.ts(1511,14): error TS2304: Cannot find name 'IService'.
src/interfaces/services/index.ts(1516,19): error TS2304: Cannot find name 'ServiceDependencyError'.
src/interfaces/services/index.ts(1532,18): error TS2304: Cannot find name 'globalUSLFactory'.
src/interfaces/services/index.ts(1541,30): error TS2304: Cannot find name 'AnyServiceConfig'.
src/interfaces/services/index.ts(1542,14): error TS2304: Cannot find name 'IService'.
src/interfaces/services/index.ts(1550,28): error TS2304: Cannot find name 'IService'.
src/interfaces/services/index.ts(1583,36): error TS2304: Cannot find name 'ServiceManagerConfig'.
src/interfaces/services/index.ts(1584,30): error TS2304: Cannot find name 'ServiceRegistryConfig'.
src/interfaces/services/index.ts(1585,35): error TS2304: Cannot find name 'CompatibilityConfig'.
src/interfaces/services/index.ts(1586,32): error TS2304: Cannot find name 'ValidationConfig'.
src/interfaces/services/index.ts(1589,22): error TS2304: Cannot find name 'ServiceManager'.
src/interfaces/services/index.ts(1590,16): error TS2304: Cannot find name 'EnhancedServiceRegistry'.
src/interfaces/services/index.ts(1591,21): error TS2304: Cannot find name 'USLCompatibilityLayer'.
src/interfaces/services/index.ts(1592,18): error TS2304: Cannot find name 'USLValidationFramework'.
src/interfaces/services/index.ts(1599,24): error TS2304: Cannot find name 'ServiceManager'.
src/interfaces/services/index.ts(1600,18): error TS2304: Cannot find name 'EnhancedServiceRegistry'.
src/interfaces/services/index.ts(1601,23): error TS2304: Cannot find name 'USLCompatibilityLayer'.
src/interfaces/services/index.ts(1602,20): error TS2304: Cannot find name 'USLValidationFramework'.
src/interfaces/services/index.ts(1656,15): error TS2304: Cannot find name 'IService'.
src/interfaces/services/index.ts(1698,52): error TS2304: Cannot find name 'ValidationConfig'.
src/interfaces/services/index.ts(1700,23): error TS2304: Cannot find name 'ValidationResult'.
src/interfaces/services/index.ts(1701,23): error TS2304: Cannot find name 'SystemHealthValidation'.
src/interfaces/services/index.ts(1918,14): error TS2323: Cannot redeclare exported variable 'createIntegrationServiceAdapter'.
src/interfaces/services/manager.ts(73,8): error TS2614: Module '"./adapters/coordination-service-factory"' has no exported member 'CoordinationServiceAdapterConfig'. Did you mean to use 'import CoordinationServiceAdapterConfig from "./adapters/coordination-service-factory"' instead?
src/interfaces/services/manager.ts(75,3): error TS2724: '"./adapters/coordination-service-factory"' has no exported member named 'globalCoordinationServiceFactory'. Did you mean 'CoordinationServiceFactory'?
src/interfaces/services/manager.ts(79,8): error TS2724: '"./adapters/data-service-factory"' has no exported member named 'DataServiceAdapterConfig'. Did you mean 'DataServiceFactoryConfig'?
src/interfaces/services/manager.ts(84,3): error TS2724: '"./adapters/infrastructure-service-factory"' has no exported member named 'globalInfrastructureServiceFactory'. Did you mean 'InfrastructureServiceFactory'?
src/interfaces/services/manager.ts(89,8): error TS2614: Module '"./adapters/integration-service-factory"' has no exported member 'IntegrationServiceAdapterConfig'. Did you mean to use 'import IntegrationServiceAdapterConfig from "./adapters/integration-service-factory"' instead?
src/interfaces/services/manager.ts(525,5): error TS2322: Type 'DataServiceAdapter' is not assignable to type 'IService'.
  The types of 'config.retry' are incompatible between these types.
    Type '{ enabled: boolean; maxAttempts: number; backoffMultiplier: number; retryableOperations: string[]; }' is missing the following properties from type 'ServiceRetryConfig': attempts, delay, backoff
src/interfaces/services/manager.ts(533,5): error TS2322: Type 'DataServiceAdapter' is not assignable to type 'IService'.
  The types of 'config.retry' are incompatible between these types.
    Type '{ enabled: boolean; maxAttempts: number; backoffMultiplier: number; retryableOperations: string[]; }' is missing the following properties from type 'ServiceRetryConfig': attempts, delay, backoff
src/interfaces/services/manager.ts(541,5): error TS2322: Type 'DataServiceAdapter' is not assignable to type 'IService'.
  The types of 'config.retry' are incompatible between these types.
    Type '{ enabled: boolean; maxAttempts: number; backoffMultiplier: number; retryableOperations: string[]; }' is missing the following properties from type 'ServiceRetryConfig': attempts, delay, backoff
src/interfaces/services/manager.ts(549,50): error TS2339: Property 'createDaaAdapter' does not exist on type 'CoordinationServiceFactory'.
src/interfaces/services/manager.ts(556,50): error TS2339: Property 'createSessionRecoveryAdapter' does not exist on type 'CoordinationServiceFactory'.
src/interfaces/services/manager.ts(563,50): error TS2339: Property 'createUnifiedCoordinationAdapter' does not exist on type 'CoordinationServiceFactory'.
src/interfaces/services/manager.ts(572,5): error TS2322: Type 'IntegrationServiceAdapter' is not assignable to type 'IService'.
  The types of 'config.retry' are incompatible between these types.
    Type '{ enabled: boolean; maxAttempts: number; backoffMultiplier: number; retryableOperations: string[]; }' is missing the following properties from type 'ServiceRetryConfig': attempts, delay, backoff
src/interfaces/services/manager.ts(584,5): error TS2322: Type 'IntegrationServiceAdapter' is not assignable to type 'IService'.
  The types of 'config.retry' are incompatible between these types.
    Type '{ enabled: boolean; maxAttempts: number; backoffMultiplier: number; retryableOperations: string[]; }' is missing the following properties from type 'ServiceRetryConfig': attempts, delay, backoff
src/interfaces/services/manager.ts(596,5): error TS2322: Type 'IntegrationServiceAdapter' is not assignable to type 'IService'.
  The types of 'config.retry' are incompatible between these types.
    Type '{ enabled: boolean; maxAttempts: number; backoffMultiplier: number; retryableOperations: string[]; }' is missing the following properties from type 'ServiceRetryConfig': attempts, delay, backoff
src/interfaces/services/manager.ts(599,7): error TS2554: Expected 1-2 arguments, but got 3.
src/interfaces/services/manager.ts(608,52): error TS2339: Property 'createFacadeAdapter' does not exist on type 'InfrastructureServiceFactory'.
src/interfaces/services/manager.ts(616,52): error TS2339: Property 'createPatternIntegrationAdapter' does not exist on type 'InfrastructureServiceFactory'.
src/interfaces/services/manager.ts(628,52): error TS2339: Property 'createUnifiedInfrastructureAdapter' does not exist on type 'InfrastructureServiceFactory'.
src/interfaces/services/manager.ts(1090,43): error TS2345: Argument of type 'DataServiceFactory' is not assignable to parameter of type 'IServiceFactory<ServiceConfig>'.
  Types of property 'create' are incompatible.
    Type '(config: DataServiceAdapterConfig) => Promise<IService>' is not assignable to type '(config: ServiceConfig) => Promise<IService>'.
      Types of parameters 'config' and 'config' are incompatible.
        Type 'ServiceConfig' is not assignable to type 'DataServiceAdapterConfig'.
          Types of property 'retry' are incompatible.
            Type 'ServiceRetryConfig' is missing the following properties from type '{ enabled: boolean; maxAttempts: number; backoffMultiplier: number; retryableOperations: string[]; }': enabled, maxAttempts, backoffMultiplier, retryableOperations
src/interfaces/services/manager.ts(1091,51): error TS2345: Argument of type 'CoordinationServiceFactory' is not assignable to parameter of type 'IServiceFactory<ServiceConfig>'.
  Type 'CoordinationServiceFactory' is missing the following properties from type 'IServiceFactory<ServiceConfig>': getServicesByType, validateConfig, getConfigSchema
src/interfaces/services/manager.ts(1092,50): error TS2345: Argument of type 'IntegrationServiceFactory' is not assignable to parameter of type 'IServiceFactory<ServiceConfig>'.
  Type 'IntegrationServiceFactory' is missing the following properties from type 'IServiceFactory<ServiceConfig>': createMultiple, get, list, has, and 10 more.
src/interfaces/services/manager.ts(1093,53): error TS2345: Argument of type 'InfrastructureServiceFactory' is not assignable to parameter of type 'IServiceFactory<ServiceConfig>'.
  Type 'InfrastructureServiceFactory' is missing the following properties from type 'IServiceFactory<ServiceConfig>': create, createMultiple, get, list, and 12 more.
src/interfaces/services/manager.ts(1129,45): error TS2345: Argument of type 'IntegrationServiceFactory | DataServiceFactory | CoordinationServiceFactory | InfrastructureServiceFactory' is not assignable to parameter of type 'IServiceFactory<ServiceConfig>'.
  Type 'IntegrationServiceFactory' is missing the following properties from type 'IServiceFactory<ServiceConfig>': createMultiple, get, list, has, and 10 more.
src/interfaces/services/manager.ts(1199,38): error TS2345: Argument of type '(services: string[]) => void' is not assignable to parameter of type '(serviceName: string, service?: IService) => void'.
  Types of parameters 'services' and 'serviceName' are incompatible.
    Type 'string' is not assignable to type 'string[]'.
src/interfaces/services/manager.ts(1227,9): error TS2322: Type 'DataServiceFactory' is not assignable to type 'IServiceFactory<ServiceConfig>'.
  Types of property 'create' are incompatible.
    Type '(config: DataServiceAdapterConfig) => Promise<IService>' is not assignable to type '(config: ServiceConfig) => Promise<IService>'.
      Types of parameters 'config' and 'config' are incompatible.
        Type 'ServiceConfig' is not assignable to type 'DataServiceAdapterConfig'.
          Types of property 'retry' are incompatible.
            Type 'ServiceRetryConfig' is missing the following properties from type '{ enabled: boolean; maxAttempts: number; backoffMultiplier: number; retryableOperations: string[]; }': enabled, maxAttempts, backoffMultiplier, retryableOperations
src/interfaces/services/manager.ts(1232,9): error TS2739: Type 'CoordinationServiceFactory' is missing the following properties from type 'IServiceFactory<ServiceConfig>': getServicesByType, validateConfig, getConfigSchema
src/interfaces/services/manager.ts(1237,9): error TS2740: Type 'IntegrationServiceFactory' is missing the following properties from type 'IServiceFactory<ServiceConfig>': createMultiple, get, list, has, and 10 more.
src/interfaces/services/manager.ts(1241,9): error TS2740: Type 'InfrastructureServiceFactory' is missing the following properties from type 'IServiceFactory<ServiceConfig>': create, createMultiple, get, list, and 12 more.
src/interfaces/services/manager.ts(1502,12): error TS2339: Property 'systemMetrics' does not exist on type 'ServiceManager'.
src/interfaces/services/registry.ts(536,3): error TS2416: Property 'on' in type 'EnhancedServiceRegistry' is not assignable to the same property in base type 'EventEmitter<DefaultEventMap>'.
  Type '(event: string, handler: (serviceName: string, service?: IService) => void) => void' is not assignable to type '<K>(eventName: string | symbol, listener: (...args: any[]) => void) => this'.
    Type 'void' is not assignable to type 'this'.
      'this' could be instantiated with an arbitrary type which could be unrelated to 'void'.
src/interfaces/services/registry.ts(543,3): error TS2416: Property 'off' in type 'EnhancedServiceRegistry' is not assignable to the same property in base type 'EventEmitter<DefaultEventMap>'.
  Type '(event: string, handler?: Function) => void' is not assignable to type '<K>(eventName: string | symbol, listener: (...args: any[]) => void) => this'.
    Type 'void' is not assignable to type 'this'.
      'this' could be instantiated with an arbitrary type which could be unrelated to 'void'.
src/interfaces/services/registry.ts(545,24): error TS2345: Argument of type 'Function' is not assignable to parameter of type '(...args: any[]) => void'.
  Type 'Function' provides no match for the signature '(...args: any[]): void'.
src/interfaces/services/registry.ts(733,9): error TS2322: Type '"healthy" | "degraded" | "unhealthy" | "unknown"' is not assignable to type '"healthy" | "degraded" | "unhealthy"'.
  Type '"unknown"' is not assignable to type '"healthy" | "degraded" | "unhealthy"'.
src/interfaces/services/validation.ts(357,9): error TS2322: Type '"healthy" | "unknown" | "degraded" | "unhealthy"' is not assignable to type '"healthy" | "degraded" | "unhealthy"'.
  Type '"unknown"' is not assignable to type '"healthy" | "degraded" | "unhealthy"'.
src/interfaces/services/validation.ts(836,37): error TS2339: Property 'migratedPatterns' does not exist on type '{ legacyUsageCount: number; migrationLog: any; recommendations: string[]; completionPercentage: number; }'.
src/interfaces/services/validation.ts(837,38): error TS2339: Property 'remainingMigrations' does not exist on type '{ legacyUsageCount: number; migrationLog: any; recommendations: string[]; completionPercentage: number; }'.
src/interfaces/services/validation.ts(844,54): error TS2339: Property 'remainingMigrations' does not exist on type '{ legacyUsageCount: number; migrationLog: any; recommendations: string[]; completionPercentage: number; }'.
src/interfaces/shared/config.ts(177,21): error TS2322: Type '{ primary: "#00D9FF"; secondary: "#FF6B35"; success: "#28A745"; warning: "#FFC107"; error: "#DC3545"; background: "#1A1A1A"; surface: "#2D2D2D"; text: "#FFFFFF"; textSecondary: "#CCCCCC"; } | { ...; }' is not assignable to type '{ readonly primary: "#00D9FF"; readonly secondary: "#FF6B35"; readonly success: "#28A745"; readonly warning: "#FFC107"; readonly error: "#DC3545"; readonly background: "#1A1A1A"; readonly surface: "#2D2D2D"; readonly text: "#FFFFFF"; readonly textSecondary: "#CCCCCC"; }'.
  Type '{ primary: "#007BFF"; secondary: "#6C757D"; success: "#28A745"; warning: "#FFC107"; error: "#DC3545"; background: "#FFFFFF"; surface: "#F8F9FA"; text: "#212529"; textSecondary: "#6C757D"; }' is not assignable to type '{ readonly primary: "#00D9FF"; readonly secondary: "#FF6B35"; readonly success: "#28A745"; readonly warning: "#FFC107"; readonly error: "#DC3545"; readonly background: "#1A1A1A"; readonly surface: "#2D2D2D"; readonly text: "#FFFFFF"; readonly textSecondary: "#CCCCCC"; }'.
    Types of property 'primary' are incompatible.
      Type '"#007BFF"' is not assignable to type '"#00D9FF"'.
src/interfaces/terminal/command-execution-renderer.tsx(93,15): error TS2353: Object literal may only specify known properties, and 'timestamp' does not exist in type 'CommandResult'.
src/interfaces/terminal/command-execution-renderer.tsx(99,15): error TS2353: Object literal may only specify known properties, and 'timestamp' does not exist in type 'CommandResult'.
src/interfaces/terminal/components/spinner.tsx(68,56): error TS2339: Property 'length' does not exist on type 'never'.
src/interfaces/terminal/components/spinner.tsx(72,14): error TS2339: Property 'length' does not exist on type 'never'.
src/interfaces/terminal/index.ts(25,1): error TS2308: Module './components/index' has already exported a member named 'SwarmStatus'. Consider explicitly re-exporting to resolve the ambiguity.
src/interfaces/terminal/index.ts(25,1): error TS2308: Module './process-orchestrator' has already exported a member named 'TerminalConfig'. Consider explicitly re-exporting to resolve the ambiguity.
src/interfaces/terminal/index.ts(91,11): error TS2304: Cannot find name 'detectMode'.
src/interfaces/terminal/index.ts(92,32): error TS2304: Cannot find name 'TerminalMode'.
src/interfaces/terminal/index.ts(96,21): error TS2339: Property 'debug' does not exist on type 'TerminalInterfaceConfig'.
src/interfaces/terminal/process-orchestrator.ts(330,24): error TS2345: Argument of type '"system:shutdown"' is not assignable to parameter of type 'keyof SystemEvents | keyof WorkflowEvents | keyof CoordinationEvents | keyof NeuralEvents | keyof MemoryEvents'.
src/interfaces/terminal/screens/main-menu.tsx(143,22): error TS2322: Type '{ children: string; bold: true; marginBottom: number; }' is not assignable to type 'IntrinsicAttributes & Props'.
  Property 'marginBottom' does not exist on type 'IntrinsicAttributes & Props'.
src/interfaces/terminal/state-hooks/use-config.ts(72,7): error TS2448: Block-scoped variable 'loadConfig' used before its declaration.
src/interfaces/terminal/state-hooks/use-swarm-status.ts(100,37): error TS2448: Block-scoped variable 'refreshStatus' used before its declaration.
src/interfaces/terminal/state-hooks/use-swarm-status.ts(385,46): error TS2554: Expected 1-2 arguments, but got 3.
src/interfaces/terminal/terminal-interface-router.tsx(124,48): error TS2307: Cannot find module '../../core/unified-interface-launcher.js' or its corresponding type declarations.
src/interfaces/tui/components/deployment-progress.tsx(18,20): error TS2339: Property 'status' does not exist on type '"success" | "pending" | "failed" | "deploying"'.
  Property 'status' does not exist on type '"success"'.
src/interfaces/tui/components/deployment-progress.tsx(33,20): error TS2339: Property 'status' does not exist on type '"success" | "pending" | "failed" | "deploying"'.
  Property 'status' does not exist on type '"success"'.
src/interfaces/tui/components/deployment-progress.tsx(55,39): error TS2345: Argument of type 'DeploymentStatus' is not assignable to parameter of type '"success" | "pending" | "failed" | "deploying"'.
src/interfaces/tui/components/deployment-progress.tsx(99,8): error TS2367: This comparison appears to be unintentional because the types '"success" | "pending" | "failed" | "deploying"' and '"deployed"' have no overlap.
src/interfaces/tui/components/status-dashboard.tsx(24,17): error TS2367: This comparison appears to be unintentional because the types '"success" | "pending" | "failed" | "deploying"' and '"deployed"' have no overlap.
src/interfaces/tui/components/status-dashboard.tsx(96,22): error TS2322: Type '{ children: string; bold: true; marginBottom: number; }' is not assignable to type 'IntrinsicAttributes & Props'.
  Property 'marginBottom' does not exist on type 'IntrinsicAttributes & Props'.
src/interfaces/tui/components/swarm-config-panel.tsx(56,9): error TS2322: Type 'string' is not assignable to type 'boolean'.
  Type 'string' is not assignable to type 'boolean'.
src/interfaces/tui/components/swarm-config-panel.tsx(88,40): error TS2345: Argument of type 'boolean' is not assignable to parameter of type 'string | number'.
src/interfaces/tui/components/swarm-config-panel.tsx(90,26): error TS2353: Object literal may only specify known properties, and 'enableAutoScaling' does not exist in type 'Partial<SwarmConfig>'.
src/interfaces/tui/components/swarm-config-panel.tsx(90,53): error TS2339: Property 'enableAutoScaling' does not exist on type 'SwarmConfig'.
src/interfaces/tui/components/swarm-config-panel.tsx(241,33): error TS2339: Property 'enableAutoScaling' does not exist on type 'SwarmConfig'.
src/interfaces/tui/components/swarm-config-panel.tsx(242,23): error TS2339: Property 'enableAutoScaling' does not exist on type 'SwarmConfig'.
src/interfaces/tui/components/swarm-config-panel.tsx(245,23): error TS2339: Property 'enableAutoScaling' does not exist on type 'SwarmConfig'.
src/interfaces/tui/components/swarm-config-panel.tsx(275,18): error TS2367: This comparison appears to be unintentional because the types 'boolean' and 'string' have no overlap.
src/interfaces/tui/components/swarm-config-panel.tsx(276,18): error TS2367: This comparison appears to be unintentional because the types 'boolean' and 'string' have no overlap.
src/interfaces/tui/components/swarm-config-panel.tsx(277,18): error TS2367: This comparison appears to be unintentional because the types 'boolean' and 'string' have no overlap.
src/interfaces/tui/components/swarm-config-panel.tsx(280,18): error TS2367: This comparison appears to be unintentional because the types 'boolean' and 'string' have no overlap.
src/interfaces/tui/components/swarm-config-panel.tsx(281,18): error TS2367: This comparison appears to be unintentional because the types 'boolean' and 'string' have no overlap.
src/interfaces/tui/components/swarm-config-panel.tsx(282,18): error TS2367: This comparison appears to be unintentional because the types 'boolean' and 'string' have no overlap.
src/interfaces/tui/discovery-tui.tsx(92,7): error TS2448: Block-scoped variable 'startAnalysis' used before its declaration.
src/interfaces/tui/discovery-tui.tsx(180,7): error TS2448: Block-scoped variable 'simulateAnalysisPhase' used before its declaration.
src/interfaces/tui/discovery-tui.tsx(210,13): error TS2322: Type 'string' is not assignable to type 'boolean'.
src/interfaces/tui/discovery-tui.tsx(231,32): error TS2345: Argument of type '{ topology: "mesh" | "hierarchical" | "star" | "ring"; maxAgents: number; resourceLimits: { memory: string; cpu: number; }; enableAutoScaling?: boolean; persistence: boolean | ... 2 more ... | "lancedb"; autoScaling: boolean; }' is not assignable to parameter of type 'SwarmConfig'.
  Types of property 'persistence' are incompatible.
    Type 'string | boolean' is not assignable to type 'boolean'.
      Type 'string' is not assignable to type 'boolean'.
src/interfaces/tui/discovery-tui.tsx(259,14): error TS2345: Argument of type '(prev: DiscoveryState) => { deploymentStatus: Map<string, DeploymentStatus>; phase: "error" | "completed" | "analyzing" | "reviewing" | "configuring" | "deploying"; ... 4 more ...; error?: string; }' is not assignable to parameter of type 'SetStateAction<DiscoveryState>'.
  Type '(prev: DiscoveryState) => { deploymentStatus: Map<string, DeploymentStatus>; phase: "error" | "completed" | "analyzing" | "reviewing" | "configuring" | "deploying"; ... 4 more ...; error?: string; }' is not assignable to type '(prevState: DiscoveryState) => DiscoveryState'.
    Call signature return types '{ deploymentStatus: Map<string, DeploymentStatus>; phase: "error" | "completed" | "analyzing" | "reviewing" | "configuring" | "deploying"; progress: { current: number; total: number; message: string; }; domains: DiscoveredDomain[]; selectedDomains: Set<...>; swarmConfigs: Map<...>; error?: string; }' and 'DiscoveryState' are incompatible.
      The types of 'deploymentStatus' are incompatible between these types.
        Type 'Map<string, import("/home/mhugo/code/claude-code-zen/src/interfaces/tui/discovery-tui").DeploymentStatus>' is not assignable to type 'Map<string, import("/home/mhugo/code/claude-code-zen/src/interfaces/tui/types").DeploymentStatus>'.
          Type 'import("/home/mhugo/code/claude-code-zen/src/interfaces/tui/discovery-tui").DeploymentStatus' is not assignable to type 'import("/home/mhugo/code/claude-code-zen/src/interfaces/tui/types").DeploymentStatus'.
            Types of property 'status' are incompatible.
              Type '"pending" | "failed" | "deployed" | "deploying"' is not assignable to type '"success" | "pending" | "failed" | "deploying"'.
                Type '"deployed"' is not assignable to type '"success" | "pending" | "failed" | "deploying"'.
src/interfaces/tui/discovery-tui.tsx(291,68): error TS2448: Block-scoped variable 'deployDomain' used before its declaration.
src/interfaces/tui/discovery-tui.tsx(344,11): error TS2322: Type '"deployed"' is not assignable to type '"success" | "pending" | "failed" | "deploying"'.
src/interfaces/tui/discovery-tui.tsx(521,72): error TS2345: Argument of type 'Partial<import("/home/mhugo/code/claude-code-zen/src/interfaces/tui/types").SwarmConfig>' is not assignable to parameter of type 'Partial<import("/home/mhugo/code/claude-code-zen/src/interfaces/tui/discovery-tui").SwarmConfig>'.
  Types of property 'persistence' are incompatible.
    Type 'boolean' is not assignable to type '"json" | "sqlite" | "lancedb"'.
src/interfaces/tui/index.ts(6,36): error TS5097: An import path can only end with a '.tsx' extension when 'allowImportingTsExtensions' is enabled.
src/interfaces/tui/index.ts(8,28): error TS5097: An import path can only end with a '.tsx' extension when 'allowImportingTsExtensions' is enabled.
src/interfaces/tui/index.ts(10,29): error TS5097: An import path can only end with a '.tsx' extension when 'allowImportingTsExtensions' is enabled.
src/interfaces/tui/index.ts(12,33): error TS5097: An import path can only end with a '.tsx' extension when 'allowImportingTsExtensions' is enabled.
src/interfaces/tui/index.ts(14,34): error TS5097: An import path can only end with a '.tsx' extension when 'allowImportingTsExtensions' is enabled.
src/interfaces/tui/index.ts(18,3): error TS2614: Module '"./discovery-tui.tsx"' has no exported member 'DiscoveredDomain'. Did you mean to use 'import DiscoveredDomain from "./discovery-tui.tsx"' instead?
src/interfaces/tui/index.ts(19,3): error TS2614: Module '"./discovery-tui.tsx"' has no exported member 'DiscoveryState'. Did you mean to use 'import DiscoveryState from "./discovery-tui.tsx"' instead?
src/interfaces/tui/index.ts(23,41): error TS5097: An import path can only end with a '.tsx' extension when 'allowImportingTsExtensions' is enabled.
src/interfaces/web/daemon-process-manager.ts(105,10): error TS2339: Property 'currentProcess' does not exist on type 'DaemonProcessManager'.
src/interfaces/web/index.ts(26,42): error TS2304: Cannot find name 'WebConfig'.
src/interfaces/web/index.ts(27,14): error TS2304: Cannot find name 'WebInterfaceServer'.
src/interfaces/web/index.ts(30,47): error TS2304: Cannot find name 'WebConfig'.
src/interfaces/web/index.ts(31,22): error TS2304: Cannot find name 'WebInterfaceServer'.
src/interfaces/web/index.ts(44,16): error TS2304: Cannot find name 'WebInterfaceServer'.
src/interfaces/web/system-metrics-dashboard.ts(5,10): error TS2724: '"../../database/index"' has no exported member named 'createDAO'. Did you mean 'createDao'?
src/interfaces/web/system-metrics-dashboard.ts(5,21): error TS2614: Module '"../../database/index"' has no exported member 'createRepository'. Did you mean to use 'import createRepository from "../../database/index"' instead?
src/interfaces/web/system-metrics-dashboard.ts(9,40): error TS2307: Cannot find module '../mcp/performance-metrics' or its corresponding type declarations.
src/interfaces/web/system-metrics-dashboard.ts(10,33): error TS2307: Cannot find module '../memory/memory' or its corresponding type declarations.
src/interfaces/web/system-metrics-dashboard.ts(104,12): error TS2339: Property 'vectorDAO' does not exist on type 'UnifiedPerformanceDashboard'.
src/interfaces/web/web-interface-server.ts(103,10): error TS2339: Property 'apiRouteHandler' does not exist on type 'WebInterfaceServer'.
src/knowledge/collaborative-reasoning-engine.ts(874,5): error TS2739: Type 'ProblemDecompositionSystem' is missing the following properties from type 'ProblemDecomposer': decompositionStrategies, complexityAnalyzer, dependencyMapper, parallelizationEngine, workloadBalancer
src/knowledge/collaborative-reasoning-engine.ts(875,7): error TS2554: Expected 0 arguments, but got 3.
src/knowledge/collaborative-reasoning-engine.ts(880,5): error TS2739: Type 'DistributedReasoningSystem' is missing the following properties from type 'DistributedReasoningEngine': reasoningCoordinator, argumentationFramework, logicalInference, probabilisticReasoning, contextManager
src/knowledge/collaborative-reasoning-engine.ts(881,7): error TS2554: Expected 0 arguments, but got 3.
src/knowledge/collaborative-reasoning-engine.ts(886,5): error TS2739: Type 'ConsensusBuilderSystem' is missing the following properties from type 'ConsensusBuilder': consensusProtocols, votingMechanisms, dialogueManager, conflictResolver, agreementTracker
src/knowledge/collaborative-reasoning-engine.ts(887,7): error TS2554: Expected 0 arguments, but got 3.
src/knowledge/collaborative-reasoning-engine.ts(892,5): error TS2739: Type 'SolutionSynthesisSystem' is missing the following properties from type 'SolutionSynthesizer': synthesisStrategies, integrationEngine, qualityAssurance, validationFramework, optimizationEngine
src/knowledge/collaborative-reasoning-engine.ts(893,7): error TS2554: Expected 0 arguments, but got 3.
src/knowledge/collaborative-reasoning-engine.ts(898,5): error TS2739: Type 'ContextSharingSystem' is missing the following properties from type 'ContextSharingManager': sharedContext, contextSynchronization, contextEvolution, contextAccess, contextPersistence
src/knowledge/collaborative-reasoning-engine.ts(899,7): error TS2554: Expected 0 arguments, but got 3.
src/knowledge/collaborative-reasoning-engine.ts(912,28): error TS2339: Property 'on' does not exist on type 'ProblemDecomposer'.
src/knowledge/collaborative-reasoning-engine.ts(913,39): error TS2339: Property 'assignReasoningTasks' does not exist on type 'DistributedReasoningEngine'.
src/knowledge/collaborative-reasoning-engine.ts(918,31): error TS2339: Property 'on' does not exist on type 'DistributedReasoningEngine'.
src/knowledge/collaborative-reasoning-engine.ts(920,37): error TS2339: Property 'initiateConsensus' does not exist on type 'ConsensusBuilder'.
src/knowledge/collaborative-reasoning-engine.ts(926,27): error TS2339: Property 'on' does not exist on type 'ConsensusBuilder'.
src/knowledge/collaborative-reasoning-engine.ts(927,38): error TS2339: Property 'synthesizeSolution' does not exist on type 'SolutionSynthesizer'.
src/knowledge/collaborative-reasoning-engine.ts(932,30): error TS2339: Property 'on' does not exist on type 'SolutionSynthesizer'.
src/knowledge/collaborative-reasoning-engine.ts(933,33): error TS2551: Property 'updateSharedContext' does not exist on type 'ContextSharingManager'. Did you mean 'sharedContext'?
src/knowledge/collaborative-reasoning-engine.ts(938,25): error TS2339: Property 'on' does not exist on type 'ContextSharingManager'.
src/knowledge/collaborative-reasoning-engine.ts(939,12): error TS2339: Property 'propagateContextUpdate' does not exist on type 'CollaborativeReasoningEngine'.
src/knowledge/collaborative-reasoning-engine.ts(991,44): error TS2339: Property 'validateAndOptimizeSolution' does not exist on type 'CollaborativeReasoningEngine'.
src/knowledge/collaborative-reasoning-engine.ts(1002,40): error TS2339: Property 'getConsensusProcessCount' does not exist on type 'CollaborativeReasoningEngine'.
src/knowledge/collaborative-reasoning-engine.ts(1004,36): error TS2339: Property 'calculateSolutionQuality' does not exist on type 'CollaborativeReasoningEngine'.
src/knowledge/collaborative-reasoning-engine.ts(1005,42): error TS2339: Property 'calculateCollaborationMetrics' does not exist on type 'CollaborativeReasoningEngine'.
src/knowledge/collaborative-reasoning-engine.ts(1011,18): error TS2339: Property 'storeSolutionForLearning' does not exist on type 'CollaborativeReasoningEngine'.
src/knowledge/collaborative-reasoning-engine.ts(1047,45): error TS2339: Property 'analyzeProblemComplexity' does not exist on type 'CollaborativeReasoningEngine'.
src/knowledge/collaborative-reasoning-engine.ts(1050,35): error TS2339: Property 'selectDecompositionStrategy' does not exist on type 'CollaborativeReasoningEngine'.
src/knowledge/collaborative-reasoning-engine.ts(1053,38): error TS2339: Property 'applyDecompositionAlgorithm' does not exist on type 'CollaborativeReasoningEngine'.
src/knowledge/collaborative-reasoning-engine.ts(1056,39): error TS2339: Property 'analyzeProblemDependencies' does not exist on type 'CollaborativeReasoningEngine'.
src/knowledge/collaborative-reasoning-engine.ts(1059,40): error TS2339: Property 'createExecutionPlan' does not exist on type 'CollaborativeReasoningEngine'.
src/knowledge/collaborative-reasoning-engine.ts(1068,42): error TS2339: Property 'calculateResourceRequirements' does not exist on type 'CollaborativeReasoningEngine'.
src/knowledge/collaborative-reasoning-engine.ts(1108,43): error TS2339: Property 'createReasoningCoordinationPlan' does not exist on type 'CollaborativeReasoningEngine'.
src/knowledge/collaborative-reasoning-engine.ts(1115,14): error TS2551: Property 'executeReasoningTask' does not exist on type 'CollaborativeReasoningEngine'. Did you mean 'reasoningTasks'?
src/knowledge/collaborative-reasoning-engine.ts(1119,43): error TS2339: Property 'monitorReasoningProgress' does not exist on type 'CollaborativeReasoningEngine'.
src/knowledge/collaborative-reasoning-engine.ts(1125,44): error TS2339: Property 'aggregateReasoningResults' does not exist on type 'CollaborativeReasoningEngine'.
src/knowledge/collaborative-reasoning-engine.ts(1131,43): error TS2339: Property 'analyzeResultConflicts' does not exist on type 'CollaborativeReasoningEngine'.
src/knowledge/collaborative-reasoning-engine.ts(1174,16): error TS2339: Property 'initializeConsensusProcess' does not exist on type 'CollaborativeReasoningEngine'.
src/knowledge/collaborative-reasoning-engine.ts(1180,50): error TS2339: Property 'conductStructuredDialogue' does not exist on type 'CollaborativeReasoningEngine'.
src/knowledge/collaborative-reasoning-engine.ts(1184,40): error TS2339: Property 'applyVotingMechanisms' does not exist on type 'CollaborativeReasoningEngine'.
src/knowledge/collaborative-reasoning-engine.ts(1189,43): error TS2339: Property 'mediateRemainingConflicts' does not exist on type 'CollaborativeReasoningEngine'.
src/knowledge/collaborative-reasoning-engine.ts(1194,42): error TS2339: Property 'combineConsensusResults' does not exist on type 'CollaborativeReasoningEngine'.
src/knowledge/collaborative-reasoning-engine.ts(1204,38): error TS2339: Property 'calculateConsensusQuality' does not exist on type 'CollaborativeReasoningEngine'.
src/knowledge/collaborative-reasoning-engine.ts(1205,45): error TS2339: Property 'calculateParticipantSatisfaction' does not exist on type 'CollaborativeReasoningEngine'.
src/knowledge/collaborative-reasoning-engine.ts(1238,43): error TS2339: Property 'extractPartialSolutions' does not exist on type 'CollaborativeReasoningEngine'.
src/knowledge/collaborative-reasoning-engine.ts(1244,44): error TS2339: Property 'selectSynthesisStrategy' does not exist on type 'CollaborativeReasoningEngine'.
src/knowledge/collaborative-reasoning-engine.ts(1250,45): error TS2339: Property 'integratePartialSolutions' does not exist on type 'CollaborativeReasoningEngine'.
src/knowledge/collaborative-reasoning-engine.ts(1256,43): error TS2339: Property 'resolveIntegrationConflicts' does not exist on type 'CollaborativeReasoningEngine'.
src/knowledge/collaborative-reasoning-engine.ts(1262,44): error TS2339: Property 'optimizeSynthesizedSolution' does not exist on type 'CollaborativeReasoningEngine'.
src/knowledge/collaborative-reasoning-engine.ts(1273,37): error TS2339: Property 'assessSolutionQuality' does not exist on type 'CollaborativeReasoningEngine'.
src/knowledge/collaborative-reasoning-engine.ts(1274,34): error TS2339: Property 'assessSolutionCompleteness' does not exist on type 'CollaborativeReasoningEngine'.
src/knowledge/collaborative-reasoning-engine.ts(1294,40): error TS2339: Property 'getAverageSubproblems' does not exist on type 'CollaborativeReasoningEngine'.
src/knowledge/collaborative-reasoning-engine.ts(1295,45): error TS2339: Property 'getDecompositionEfficiency' does not exist on type 'CollaborativeReasoningEngine'.
src/knowledge/collaborative-reasoning-engine.ts(1296,41): error TS2339: Property 'getComplexityReduction' does not exist on type 'CollaborativeReasoningEngine'.
src/knowledge/collaborative-reasoning-engine.ts(1300,39): error TS2339: Property 'getReasoningAccuracy' does not exist on type 'CollaborativeReasoningEngine'.
src/knowledge/collaborative-reasoning-engine.ts(1301,47): error TS2339: Property 'getParallelizationEfficiency' does not exist on type 'CollaborativeReasoningEngine'.
src/knowledge/collaborative-reasoning-engine.ts(1302,37): error TS2339: Property 'getArgumentQuality' does not exist on type 'CollaborativeReasoningEngine'.
src/knowledge/collaborative-reasoning-engine.ts(1306,42): error TS2339: Property 'getConsensusSuccessRate' does not exist on type 'CollaborativeReasoningEngine'.
src/knowledge/collaborative-reasoning-engine.ts(1307,42): error TS2339: Property 'getAverageConsensusTime' does not exist on type 'CollaborativeReasoningEngine'.
src/knowledge/collaborative-reasoning-engine.ts(1308,45): error TS2339: Property 'getOverallParticipantSatisfaction' does not exist on type 'CollaborativeReasoningEngine'.
src/knowledge/collaborative-reasoning-engine.ts(1311,42): error TS2339: Property 'getSynthesizedSolutionCount' does not exist on type 'CollaborativeReasoningEngine'.
src/knowledge/collaborative-reasoning-engine.ts(1312,44): error TS2339: Property 'getIntegrationSuccessRate' does not exist on type 'CollaborativeReasoningEngine'.
src/knowledge/collaborative-reasoning-engine.ts(1313,37): error TS2339: Property 'getAverageSolutionQuality' does not exist on type 'CollaborativeReasoningEngine'.
src/knowledge/collaborative-reasoning-engine.ts(1314,39): error TS2339: Property 'getAverageCompletenessScore' does not exist on type 'CollaborativeReasoningEngine'.
src/knowledge/collaborative-reasoning-engine.ts(1318,48): error TS2339: Property 'getContextSynchronizationRate' does not exist on type 'CollaborativeReasoningEngine'.
src/knowledge/collaborative-reasoning-engine.ts(1319,46): error TS2339: Property 'getKnowledgeShareEfficiency' does not exist on type 'CollaborativeReasoningEngine'.
src/knowledge/collaborative-reasoning-engine.ts(1320,42): error TS2339: Property 'getContextEvolutionRate' does not exist on type 'CollaborativeReasoningEngine'.
src/knowledge/collaborative-reasoning-engine.ts(1333,29): error TS2339: Property 'shutdown' does not exist on type 'ContextSharingManager'.
src/knowledge/collaborative-reasoning-engine.ts(1334,34): error TS2339: Property 'shutdown' does not exist on type 'SolutionSynthesizer'.
src/knowledge/collaborative-reasoning-engine.ts(1335,31): error TS2339: Property 'shutdown' does not exist on type 'ConsensusBuilder'.
src/knowledge/collaborative-reasoning-engine.ts(1336,35): error TS2339: Property 'shutdown' does not exist on type 'DistributedReasoningEngine'.
src/knowledge/collaborative-reasoning-engine.ts(1337,32): error TS2339: Property 'shutdown' does not exist on type 'ProblemDecomposer'.
src/knowledge/collective-intelligence-coordinator.ts(30,15): error TS2304: Cannot find name 'ValidationConfig'.
src/knowledge/collective-intelligence-coordinator.ts(73,18): error TS2304: Cannot find name 'PerformanceMetrics'.
src/knowledge/collective-intelligence-coordinator.ts(152,24): error TS2304: Cannot find name 'PrivacyConfig'.
src/knowledge/collective-intelligence-coordinator.ts(170,21): error TS2304: Cannot find name 'TransferLearningConfig'.
src/knowledge/collective-intelligence-coordinator.ts(184,20): error TS2304: Cannot find name 'ForgettingCurveConfig'.
src/knowledge/collective-intelligence-coordinator.ts(185,24): error TS2304: Cannot find name 'ImportanceWeightingConfig'.
src/knowledge/collective-intelligence-coordinator.ts(186,20): error TS2304: Cannot find name 'LongTermStorageConfig'.
src/knowledge/collective-intelligence-coordinator.ts(235,19): error TS2304: Cannot find name 'ContextSharingMechanism'.
src/knowledge/collective-intelligence-coordinator.ts(241,17): error TS2304: Cannot find name 'ContributionMetrics'.
src/knowledge/collective-intelligence-coordinator.ts(242,16): error TS2304: Cannot find name 'ReliabilityMetrics'.
src/knowledge/collective-intelligence-coordinator.ts(243,23): error TS2304: Cannot find name 'ResourceProfile'.
src/knowledge/collective-intelligence-coordinator.ts(248,16): error TS2304: Cannot find name 'SubProblem'.
src/knowledge/collective-intelligence-coordinator.ts(249,17): error TS2304: Cannot find name 'ProblemDependency'.
src/knowledge/collective-intelligence-coordinator.ts(250,15): error TS2304: Cannot find name 'ComplexityMetrics'.
src/knowledge/collective-intelligence-coordinator.ts(256,21): error TS2304: Cannot find name 'PartialSolution'.
src/knowledge/collective-intelligence-coordinator.ts(257,20): error TS2304: Cannot find name 'IntegrationPlan'.
src/knowledge/collective-intelligence-coordinator.ts(258,21): error TS2304: Cannot find name 'QualityAssuranceConfig'.
src/knowledge/collective-intelligence-coordinator.ts(264,20): error TS2304: Cannot find name 'VotingMechanism'.
src/knowledge/collective-intelligence-coordinator.ts(265,23): error TS2304: Cannot find name 'ConflictResolutionMechanism'.
src/knowledge/collective-intelligence-coordinator.ts(266,24): error TS2304: Cannot find name 'ConvergenceCriteria'.
src/knowledge/collective-intelligence-coordinator.ts(267,20): error TS2304: Cannot find name 'DecisionHistory'.
src/knowledge/collective-intelligence-coordinator.ts(301,24): error TS2304: Cannot find name 'CrossDomainTransferSystem'.
src/knowledge/collective-intelligence-coordinator.ts(302,21): error TS2304: Cannot find name 'CollectiveMemoryManager'.
src/knowledge/collective-intelligence-coordinator.ts(307,24): error TS2304: Cannot find name 'DiscoveryMechanism'.
src/knowledge/collective-intelligence-coordinator.ts(308,23): error TS2304: Cannot find name 'ExpertiseEvolutionTracker'.
src/knowledge/collective-intelligence-coordinator.ts(309,22): error TS2304: Cannot find name 'CompetencyMappingSystem'.
src/knowledge/collective-intelligence-coordinator.ts(315,12): error TS2304: Cannot find name 'DomainExpertise'.
src/knowledge/collective-intelligence-coordinator.ts(316,11): error TS2304: Cannot find name 'SkillProfile'.
src/knowledge/collective-intelligence-coordinator.ts(317,15): error TS2304: Cannot find name 'ExperienceProfile'.
src/knowledge/collective-intelligence-coordinator.ts(318,15): error TS2304: Cannot find name 'ReputationScore'.
src/knowledge/collective-intelligence-coordinator.ts(319,17): error TS2304: Cannot find name 'AvailabilityProfile'.
src/knowledge/collective-intelligence-coordinator.ts(320,16): error TS2304: Cannot find name 'CollaborationPreferences'.
src/knowledge/collective-intelligence-coordinator.ts(324,29): error TS2304: Cannot find name 'RoutingEntry'.
src/knowledge/collective-intelligence-coordinator.ts(325,22): error TS2304: Cannot find name 'RoutingStrategy'.
src/knowledge/collective-intelligence-coordinator.ts(326,18): error TS2304: Cannot find name 'LoadBalancingConfig'.
src/knowledge/collective-intelligence-coordinator.ts(327,21): error TS2304: Cannot find name 'QoSConfig'.
src/knowledge/collective-intelligence-coordinator.ts(328,20): error TS2304: Cannot find name 'AdaptiveRoutingConfig'.
src/knowledge/collective-intelligence-coordinator.ts(332,22): error TS2304: Cannot find name 'EmergencePattern'.
src/knowledge/collective-intelligence-coordinator.ts(333,24): error TS2304: Cannot find name 'EmergenceDetectionAlgorithm'.
src/knowledge/collective-intelligence-coordinator.ts(334,19): error TS2304: Cannot find name 'SpecializationTracker'.
src/knowledge/collective-intelligence-coordinator.ts(335,25): error TS2304: Cannot find name 'AdaptationMechanism'.
src/knowledge/collective-intelligence-coordinator.ts(336,18): error TS2304: Cannot find name 'FeedbackLoop'.
src/knowledge/collective-intelligence-coordinator.ts(348,23): error TS2304: Cannot find name 'TemporalKnowledgeManager'.
src/knowledge/collective-intelligence-coordinator.ts(349,21): error TS2304: Cannot find name 'PeerReviewSystem'.
src/knowledge/collective-intelligence-coordinator.ts(353,20): error TS2304: Cannot find name 'ReputationModel'.
src/knowledge/collective-intelligence-coordinator.ts(354,22): error TS2304: Cannot find name 'ScoringAlgorithm'.
src/knowledge/collective-intelligence-coordinator.ts(355,23): error TS2304: Cannot find name 'ConsensusWeightingConfig'.
src/knowledge/collective-intelligence-coordinator.ts(356,19): error TS2304: Cannot find name 'DecayFunction'.
src/knowledge/collective-intelligence-coordinator.ts(357,18): error TS2304: Cannot find name 'BootstrappingConfig'.
src/knowledge/collective-intelligence-coordinator.ts(362,15): error TS2304: Cannot find name 'ValidatorConfig'.
src/knowledge/collective-intelligence-coordinator.ts(363,15): error TS2304: Cannot find name 'ValidationThresholds'.
src/knowledge/collective-intelligence-coordinator.ts(364,25): error TS2304: Cannot find name 'EvidenceRequirements'.
src/knowledge/collective-intelligence-coordinator.ts(365,20): error TS2304: Cannot find name 'CrossValidationConfig'.
src/knowledge/collective-intelligence-coordinator.ts(369,19): error TS2304: Cannot find name 'QualityMetricDefinition'.
src/knowledge/collective-intelligence-coordinator.ts(370,24): error TS2304: Cannot find name 'AssessmentProtocol'.
src/knowledge/collective-intelligence-coordinator.ts(371,25): error TS2304: Cannot find name 'MonitoringConfig'.
src/knowledge/collective-intelligence-coordinator.ts(372,23): error TS2304: Cannot find name 'ImprovementMechanism'.
src/knowledge/collective-intelligence-coordinator.ts(373,17): error TS2304: Cannot find name 'BenchmarkingConfig'.
src/knowledge/collective-intelligence-coordinator.ts(391,23): error TS2304: Cannot find name 'PriorityManagementConfig'.
src/knowledge/collective-intelligence-coordinator.ts(392,18): error TS2304: Cannot find name 'LoadBalancingConfig'.
src/knowledge/collective-intelligence-coordinator.ts(393,15): error TS2304: Cannot find name 'MonitoringConfig'.
src/knowledge/collective-intelligence-coordinator.ts(399,24): error TS2304: Cannot find name 'ReplicationStrategy'.
src/knowledge/collective-intelligence-coordinator.ts(400,16): error TS2304: Cannot find name 'ConsistencyModel'.
src/knowledge/collective-intelligence-coordinator.ts(401,16): error TS2304: Cannot find name 'PrefetchingConfig'.
src/knowledge/collective-intelligence-coordinator.ts(405,26): error TS2304: Cannot find name 'CompressionAlgorithm'.
src/knowledge/collective-intelligence-coordinator.ts(406,18): error TS2304: Cannot find name 'DeltaEncodingConfig'.
src/knowledge/collective-intelligence-coordinator.ts(407,21): error TS2304: Cannot find name 'BatchingStrategy'.
src/knowledge/collective-intelligence-coordinator.ts(408,22): error TS2304: Cannot find name 'AdaptiveStreamingConfig'.
src/knowledge/collective-intelligence-coordinator.ts(409,20): error TS2304: Cannot find name 'PriorityQueuingConfig'.
src/knowledge/collective-intelligence-coordinator.ts(441,43): error TS2304: Cannot find name 'KnowledgeEntry'.
src/knowledge/collective-intelligence-coordinator.ts(443,45): error TS2304: Cannot find name 'ConsensusState'.
src/knowledge/collective-intelligence-coordinator.ts(444,44): error TS2304: Cannot find name 'CollectiveLearningModel'.
src/knowledge/collective-intelligence-coordinator.ts(459,34): error TS2693: 'KnowledgeExchangeSystem' only refers to a type, but is being used as a value here.
src/knowledge/collective-intelligence-coordinator.ts(465,36): error TS2693: 'DistributedLearningSystem' only refers to a type, but is being used as a value here.
src/knowledge/collective-intelligence-coordinator.ts(471,36): error TS2693: 'CollaborativeProblemSolvingSystem' only refers to a type, but is being used as a value here.
src/knowledge/collective-intelligence-coordinator.ts(477,41): error TS2693: 'IntelligenceCoordinationSystem' only refers to a type, but is being used as a value here.
src/knowledge/collective-intelligence-coordinator.ts(483,34): error TS2693: 'KnowledgeQualityManagementSystem' only refers to a type, but is being used as a value here.
src/knowledge/collective-intelligence-coordinator.ts(489,40): error TS2693: 'PerformanceOptimizationSystem' only refers to a type, but is being used as a value here.
src/knowledge/collective-intelligence-coordinator.ts(506,20): error TS2339: Property 'storeKnowledge' does not exist on type 'CollectiveIntelligenceCoordinator'.
src/knowledge/collective-intelligence-coordinator.ts(519,36): error TS2339: Property 'extractKnowledgeFromSolution' does not exist on type 'CollectiveIntelligenceCoordinator'.
src/knowledge/collective-intelligence-coordinator.ts(525,12): error TS2339: Property 'applyOptimizationToSystems' does not exist on type 'CollectiveIntelligenceCoordinator'.
src/knowledge/collective-intelligence-coordinator.ts(550,36): error TS2339: Property 'validateThroughConsensus' does not exist on type 'CollectiveIntelligenceCoordinator'.
src/knowledge/collective-intelligence-coordinator.ts(556,43): error TS2339: Property 'detectEmergentIntelligence' does not exist on type 'CollectiveIntelligenceCoordinator'.
src/knowledge/collective-intelligence-coordinator.ts(593,39): error TS2339: Property 'generateAlternatives' does not exist on type 'CollectiveIntelligenceCoordinator'.
src/knowledge/collective-intelligence-coordinator.ts(596,43): error TS2339: Property 'collectPreferences' does not exist on type 'CollectiveIntelligenceCoordinator'.
src/knowledge/collective-intelligence-coordinator.ts(602,42): error TS2339: Property 'reachConsensus' does not exist on type 'CollectiveIntelligenceCoordinator'.
src/knowledge/collective-intelligence-coordinator.ts(608,44): error TS2339: Property 'optimizeDecision' does not exist on type 'CollectiveIntelligenceCoordinator'.
src/knowledge/collective-intelligence-coordinator.ts(614,36): error TS2339: Property 'validateDecision' does not exist on type 'CollectiveIntelligenceCoordinator'.
src/knowledge/collective-intelligence-coordinator.ts(642,31): error TS2304: Cannot find name 'TaskDefinition'.
src/knowledge/collective-intelligence-coordinator.ts(652,39): error TS2339: Property 'analyzeTasks' does not exist on type 'CollectiveIntelligenceCoordinator'.
src/knowledge/collective-intelligence-coordinator.ts(653,44): error TS2339: Property 'assessAgentCapabilities' does not exist on type 'CollectiveIntelligenceCoordinator'.
src/knowledge/collective-intelligence-coordinator.ts(656,38): error TS2339: Property 'performOptimalMatching' does not exist on type 'CollectiveIntelligenceCoordinator'.
src/knowledge/collective-intelligence-coordinator.ts(660,20): error TS2339: Property 'assignTask' does not exist on type 'CollectiveIntelligenceCoordinator'.
src/knowledge/collective-intelligence-coordinator.ts(664,18): error TS2339: Property 'initiateWorkStealingCoordination' does not exist on type 'CollectiveIntelligenceCoordinator'.
src/knowledge/collective-intelligence-coordinator.ts(667,37): error TS2339: Property 'setupProgressMonitoring' does not exist on type 'CollectiveIntelligenceCoordinator'.
src/knowledge/collective-intelligence-coordinator.ts(672,33): error TS2339: Property 'calculateLoadBalance' does not exist on type 'CollectiveIntelligenceCoordinator'.
src/knowledge/collective-intelligence-coordinator.ts(673,41): error TS2339: Property 'estimateCompletionTime' does not exist on type 'CollectiveIntelligenceCoordinator'.
src/knowledge/collective-intelligence-coordinator.ts(728,14): error TS2304: Cannot find name 'SynthesizedKnowledge'.
src/knowledge/collective-intelligence-coordinator.ts(746,42): error TS2339: Property 'detectCrossTypePatterns' does not exist on type 'CollectiveIntelligenceCoordinator'.
src/knowledge/collective-intelligence-coordinator.ts(749,37): error TS2339: Property 'generateMetaInsights' does not exist on type 'CollectiveIntelligenceCoordinator'.
src/knowledge/collective-intelligence-coordinator.ts(755,31): error TS2339: Property 'calculateOverallConfidence' does not exist on type 'CollectiveIntelligenceCoordinator'.
src/knowledge/collective-intelligence-coordinator.ts(766,25): error TS2304: Cannot find name 'ValidatedKnowledge'.
src/knowledge/collective-intelligence-coordinator.ts(767,14): error TS2304: Cannot find name 'KnowledgeGraphUpdate'.
src/knowledge/collective-intelligence-coordinator.ts(769,33): error TS2339: Property 'extractEntities' does not exist on type 'CollectiveIntelligenceCoordinator'.
src/knowledge/collective-intelligence-coordinator.ts(770,38): error TS2339: Property 'extractRelationships' does not exist on type 'CollectiveIntelligenceCoordinator'.
src/knowledge/collective-intelligence-coordinator.ts(771,33): error TS2339: Property 'extractConcepts' does not exist on type 'CollectiveIntelligenceCoordinator'.
src/knowledge/collective-intelligence-coordinator.ts(774,36): error TS2339: Property 'performGraphUpdate' does not exist on type 'CollectiveIntelligenceCoordinator'.
src/knowledge/collective-intelligence-coordinator.ts(782,34): error TS2339: Property 'computeGraphAnalytics' does not exist on type 'CollectiveIntelligenceCoordinator'.
src/knowledge/collective-intelligence-coordinator.ts(785,29): error TS2339: Property 'detectKnowledgeGaps' does not exist on type 'CollectiveIntelligenceCoordinator'.
src/knowledge/collective-intelligence-coordinator.ts(791,35): error TS2339: Property 'generateRecommendations' does not exist on type 'CollectiveIntelligenceCoordinator'.
src/knowledge/collective-intelligence-coordinator.ts(808,34): error TS2339: Property 'calculateCollectiveIQ' does not exist on type 'CollectiveIntelligenceCoordinator'.
src/knowledge/collective-intelligence-coordinator.ts(809,39): error TS2339: Property 'calculateKnowledgeVelocity' does not exist on type 'CollectiveIntelligenceCoordinator'.
src/knowledge/collective-intelligence-coordinator.ts(810,41): error TS2339: Property 'calculateConsensusEfficiency' does not exist on type 'CollectiveIntelligenceCoordinator'.
src/knowledge/collective-intelligence-coordinator.ts(811,34): error TS2339: Property 'calculateLearningRate' does not exist on type 'CollectiveIntelligenceCoordinator'.
src/knowledge/collective-intelligence-coordinator.ts(812,36): error TS2339: Property 'calculateEmergenceIndex' does not exist on type 'CollectiveIntelligenceCoordinator'.
src/knowledge/collective-intelligence-coordinator.ts(889,25): error TS2304: Cannot find name 'CollaborativeSolvingConfig'.
src/knowledge/collective-intelligence-coordinator.ts(890,29): error TS2304: Cannot find name 'IntelligenceCoordinationConfig'.
src/knowledge/collective-intelligence-coordinator.ts(891,22): error TS2304: Cannot find name 'QualityManagementConfig'.
src/knowledge/collective-intelligence-coordinator.ts(900,20): error TS2304: Cannot find name 'RoutingStrategy'.
src/knowledge/cross-agent-knowledge-integration.ts(30,27): error TS2304: Cannot find name 'CollectiveIntelligenceConfig'.
src/knowledge/cross-agent-knowledge-integration.ts(31,24): error TS2304: Cannot find name 'DistributedLearningConfig'.
src/knowledge/cross-agent-knowledge-integration.ts(32,27): error TS2304: Cannot find name 'CollaborativeReasoningConfig'.
src/knowledge/cross-agent-knowledge-integration.ts(33,29): error TS2304: Cannot find name 'IntelligenceCoordinationConfig'.
src/knowledge/cross-agent-knowledge-integration.ts(34,22): error TS2304: Cannot find name 'KnowledgeQualityConfig'.
src/knowledge/cross-agent-knowledge-integration.ts(35,28): error TS2304: Cannot find name 'PerformanceOptimizationConfig'.
src/knowledge/cross-agent-knowledge-integration.ts(42,24): error TS2304: Cannot find name 'PerformanceTrackingConfig'.
src/knowledge/cross-agent-knowledge-integration.ts(43,18): error TS2304: Cannot find name 'ErrorHandlingConfig'.
src/knowledge/cross-agent-knowledge-integration.ts(44,15): error TS2304: Cannot find name 'MonitoringConfig'.
src/knowledge/cross-agent-knowledge-integration.ts(183,34): error TS2339: Property 'getSystemHealth' does not exist on type 'CrossAgentKnowledgeIntegration'.
src/knowledge/cross-agent-knowledge-integration.ts(227,43): error TS2551: Property 'applyCollaborativeReasoning' does not exist on type 'CrossAgentKnowledgeIntegration'. Did you mean 'collaborativeReasoning'?
src/knowledge/cross-agent-knowledge-integration.ts(234,43): error TS2339: Property 'validateKnowledgeQuality' does not exist on type 'CrossAgentKnowledgeIntegration'.
src/knowledge/cross-agent-knowledge-integration.ts(237,45): error TS2339: Property 'generateCollectiveResponse' does not exist on type 'CrossAgentKnowledgeIntegration'.
src/knowledge/cross-agent-knowledge-integration.ts(240,44): error TS2339: Property 'applyResponseOptimizations' does not exist on type 'CrossAgentKnowledgeIntegration'.
src/knowledge/cross-agent-knowledge-integration.ts(251,41): error TS2339: Property 'getOptimizationSummary' does not exist on type 'CrossAgentKnowledgeIntegration'.
src/knowledge/cross-agent-knowledge-integration.ts(256,18): error TS2339: Property 'storeProcessingResult' does not exist on type 'CrossAgentKnowledgeIntegration'.
src/knowledge/cross-agent-knowledge-integration.ts(302,9): error TS2345: Argument of type 'string' is not assignable to parameter of type 'SyncProtocol'.
src/knowledge/cross-agent-knowledge-integration.ts(315,40): error TS2339: Property 'calculateLearningImprovement' does not exist on type 'CrossAgentKnowledgeIntegration'.
src/knowledge/cross-agent-knowledge-integration.ts(353,11): error TS2345: Argument of type 'string' is not assignable to parameter of type 'TransferType'.
src/knowledge/cross-agent-knowledge-integration.ts(357,68): error TS2339: Property 'validateTransferApplicability' does not exist on type 'CollaborativeReasoningEngine'.
src/knowledge/cross-agent-knowledge-integration.ts(364,38): error TS2339: Property 'validateTransferQuality' does not exist on type 'KnowledgeQualityManagementSystem'.
src/knowledge/cross-agent-knowledge-integration.ts(399,32): error TS2339: Property 'getSystemHealth' does not exist on type 'CrossAgentKnowledgeIntegration'.
src/knowledge/cross-agent-knowledge-integration.ts(400,36): error TS2339: Property 'getComponentMetrics' does not exist on type 'CrossAgentKnowledgeIntegration'.
src/knowledge/cross-agent-knowledge-integration.ts(401,31): error TS2339: Property 'getPerformanceMetrics' does not exist on type 'CrossAgentKnowledgeIntegration'.
src/knowledge/cross-agent-knowledge-integration.ts(402,31): error TS2551: Property 'getIntegrationSpecificMetrics' does not exist on type 'CrossAgentKnowledgeIntegration'. Did you mean 'getIntegrationMetrics'?
src/knowledge/cross-agent-knowledge-integration.ts(403,30): error TS2551: Property 'getCollectiveIntelligenceMetrics' does not exist on type 'CrossAgentKnowledgeIntegration'. Did you mean 'collectiveIntelligence'?
src/knowledge/cross-agent-knowledge-integration.ts(411,37): error TS2339: Property 'getSystemHealth' does not exist on type 'CrossAgentKnowledgeIntegration'.
src/knowledge/cross-agent-knowledge-integration.ts(413,43): error TS2339: Property 'getPerformanceMetrics' does not exist on type 'CrossAgentKnowledgeIntegration'.
src/knowledge/cross-agent-knowledge-integration.ts(427,37): error TS2339: Property 'getActiveConnections' does not exist on type 'CrossAgentKnowledgeIntegration'.
src/knowledge/cross-agent-knowledge-integration.ts(428,30): error TS2339: Property 'getErrorCount' does not exist on type 'CrossAgentKnowledgeIntegration'.
src/knowledge/cross-agent-knowledge-integration.ts(537,43): error TS2339: Property 'distributeModel' does not exist on type 'IntelligenceCoordinationSystem'.
src/knowledge/distributed-learning-system.ts(28,23): error TS2304: Cannot find name 'ConvergenceMetrics'.
src/knowledge/distributed-learning-system.ts(40,25): error TS2304: Cannot find name 'ParticipationRecord'.
src/knowledge/distributed-learning-system.ts(41,17): error TS2304: Cannot find name 'ContributionMetrics'.
src/knowledge/distributed-learning-system.ts(48,17): error TS2304: Cannot find name 'ModelArchitecture'.
src/knowledge/distributed-learning-system.ts(49,13): error TS2304: Cannot find name 'ModelMetadata'.
src/knowledge/distributed-learning-system.ts(58,19): error TS2304: Cannot find name 'OptimizerState'.
src/knowledge/distributed-learning-system.ts(59,19): error TS2304: Cannot find name 'RegularizationConfig'.
src/knowledge/distributed-learning-system.ts(65,14): error TS2304: Cannot find name 'GradientUpdate'.
src/knowledge/distributed-learning-system.ts(66,20): error TS2304: Cannot find name 'TrainingMetrics'.
src/knowledge/distributed-learning-system.ts(75,18): error TS2304: Cannot find name 'NormalizationConfig'.
src/knowledge/distributed-learning-system.ts(76,16): error TS2304: Cannot find name 'CompressionMetadata'.
src/knowledge/distributed-learning-system.ts(77,15): error TS2304: Cannot find name 'EncryptionMetadata'.
src/knowledge/distributed-learning-system.ts(85,19): error TS2304: Cannot find name 'AggregationQualityMetrics'.
src/knowledge/distributed-learning-system.ts(86,24): error TS2304: Cannot find name 'ByzantineResistanceMetrics'.
src/knowledge/distributed-learning-system.ts(114,24): error TS2304: Cannot find name 'KnowledgeExtractionEngine'.
src/knowledge/distributed-learning-system.ts(120,12): error TS2304: Cannot find name 'ExperienceContext'.
src/knowledge/distributed-learning-system.ts(121,12): error TS2304: Cannot find name 'Action'.
src/knowledge/distributed-learning-system.ts(122,13): error TS2304: Cannot find name 'Outcome'.
src/knowledge/distributed-learning-system.ts(123,16): error TS2304: Cannot find name 'PerformanceMetrics'.
src/knowledge/distributed-learning-system.ts(124,13): error TS2304: Cannot find name 'LearningMetrics'.
src/knowledge/distributed-learning-system.ts(132,13): error TS2304: Cannot find name 'ExperienceContext'.
src/knowledge/distributed-learning-system.ts(133,15): error TS2304: Cannot find name 'PatternCondition'.
src/knowledge/distributed-learning-system.ts(134,13): error TS2304: Cannot find name 'OutcomeDistribution'.
src/knowledge/distributed-learning-system.ts(141,23): error TS2304: Cannot find name 'ConsolidationRule'.
src/knowledge/distributed-learning-system.ts(142,19): error TS2304: Cannot find name 'MemoryPressureConfig'.
src/knowledge/distributed-learning-system.ts(143,20): error TS2304: Cannot find name 'ForgettingCurveConfig'.
src/knowledge/distributed-learning-system.ts(144,24): error TS2304: Cannot find name 'ImportanceWeightingConfig'.
src/knowledge/distributed-learning-system.ts(145,23): error TS2304: Cannot find name 'ConflictResolutionStrategy'.
src/knowledge/distributed-learning-system.ts(149,15): error TS2304: Cannot find name 'PatternAlgorithm'.
src/knowledge/distributed-learning-system.ts(150,24): error TS2304: Cannot find name 'DetectionThresholds'.
src/knowledge/distributed-learning-system.ts(152,20): error TS2304: Cannot find name 'BatchProcessingConfig'.
src/knowledge/distributed-learning-system.ts(153,21): error TS2304: Cannot find name 'AnomalyDetectionConfig'.
src/knowledge/distributed-learning-system.ts(182,25): error TS2304: Cannot find name 'DistributionStrategy'.
src/knowledge/distributed-learning-system.ts(183,23): error TS2304: Cannot find name 'ConsistencyManager'.
src/knowledge/distributed-learning-system.ts(188,25): error TS2304: Cannot find name 'ModelBranch'.
src/knowledge/distributed-learning-system.ts(189,17): error TS2304: Cannot find name 'MergeRecord'.
src/knowledge/distributed-learning-system.ts(190,23): error TS2304: Cannot find name 'VersioningStrategy'.
src/knowledge/distributed-learning-system.ts(191,23): error TS2304: Cannot find name 'RollbackConfig'.
src/knowledge/distributed-learning-system.ts(198,12): error TS2304: Cannot find name 'ModelChangeset'.
src/knowledge/distributed-learning-system.ts(201,13): error TS2304: Cannot find name 'VersionMetadata'.
src/knowledge/distributed-learning-system.ts(208,14): error TS2304: Cannot find name 'BandwidthConfig'.
src/knowledge/distributed-learning-system.ts(209,13): error TS2304: Cannot find name 'PriorityConfig'.
src/knowledge/distributed-learning-system.ts(210,18): error TS2304: Cannot find name 'ErrorHandlingConfig'.
src/knowledge/distributed-learning-system.ts(214,25): error TS2304: Cannot find name 'ConflictResolutionStrategy'.
src/knowledge/distributed-learning-system.ts(217,25): error TS2304: Cannot find name 'ConsensusConfig'.
src/knowledge/distributed-learning-system.ts(218,21): error TS2304: Cannot find name 'FallbackStrategy'.
src/knowledge/distributed-learning-system.ts(244,17): error TS2304: Cannot find name 'TaskTransferEngine'.
src/knowledge/distributed-learning-system.ts(245,17): error TS2304: Cannot find name 'MetaLearningEngine'.
src/knowledge/distributed-learning-system.ts(246,23): error TS2304: Cannot find name 'TransferEvaluationSystem'.
src/knowledge/distributed-learning-system.ts(252,18): error TS2304: Cannot find name 'TransferPath'.
src/knowledge/distributed-learning-system.ts(253,15): error TS2304: Cannot find name 'SimilarityMatrix'.
src/knowledge/distributed-learning-system.ts(254,20): error TS2304: Cannot find name 'TransferabilityMatrix'.
src/knowledge/distributed-learning-system.ts(259,20): error TS2304: Cannot find name 'DomainCharacteristics'.
src/knowledge/distributed-learning-system.ts(262,20): error TS2304: Cannot find name 'TransferRecord'.
src/knowledge/distributed-learning-system.ts(263,16): error TS2304: Cannot find name 'DomainPerformance'.
src/knowledge/distributed-learning-system.ts(272,19): error TS2304: Cannot find name 'TransferSuccessMetrics'.
src/knowledge/distributed-learning-system.ts(277,21): error TS2304: Cannot find name 'FeatureAlignmentConfig'.
src/knowledge/distributed-learning-system.ts(278,25): error TS2304: Cannot find name 'DistributionMatchingConfig'.
src/knowledge/distributed-learning-system.ts(279,24): error TS2304: Cannot find name 'AdversarialTrainingConfig'.
src/knowledge/distributed-learning-system.ts(280,22): error TS2304: Cannot find name 'GradualAdaptationConfig'.
src/knowledge/distributed-learning-system.ts(306,14): error TS2304: Cannot find name 'MemoryRetrievalSystem'.
src/knowledge/distributed-learning-system.ts(307,15): error TS2304: Cannot find name 'ForgettingMechanism'.
src/knowledge/distributed-learning-system.ts(308,19): error TS2304: Cannot find name 'EpisodicMemorySystem'.
src/knowledge/distributed-learning-system.ts(309,19): error TS2304: Cannot find name 'SemanticMemorySystem'.
src/knowledge/distributed-learning-system.ts(314,16): error TS2304: Cannot find name 'MemoryGraph'.
src/knowledge/distributed-learning-system.ts(315,19): error TS2304: Cannot find name 'AccessPattern'.
src/knowledge/distributed-learning-system.ts(316,20): error TS2304: Cannot find name 'MemoryHierarchy'.
src/knowledge/distributed-learning-system.ts(317,25): error TS2304: Cannot find name 'MemoryDistributionStrategy'.
src/knowledge/distributed-learning-system.ts(323,12): error TS2304: Cannot find name 'MemoryContent'.
src/knowledge/distributed-learning-system.ts(324,13): error TS2304: Cannot find name 'MemoryMetadata'.
src/knowledge/distributed-learning-system.ts(325,18): error TS2304: Cannot find name 'AccessibilityConfig'.
src/knowledge/distributed-learning-system.ts(326,16): error TS2304: Cannot find name 'PersistenceConfig'.
src/knowledge/distributed-learning-system.ts(327,17): error TS2304: Cannot find name 'MemoryAssociation'.
src/knowledge/distributed-learning-system.ts(332,28): error TS2304: Cannot find name 'ConsolidationAlgorithm'.
src/knowledge/distributed-learning-system.ts(333,22): error TS2304: Cannot find name 'ImportanceScoringSystem'.
src/knowledge/distributed-learning-system.ts(334,23): error TS2304: Cannot find name 'MemoryConflictResolver'.
src/knowledge/distributed-learning-system.ts(335,21): error TS2304: Cannot find name 'MemoryQualityAssurance'.
src/knowledge/distributed-learning-system.ts(375,47): error TS2304: Cannot find name 'TransferKnowledge'.
src/knowledge/distributed-learning-system.ts(390,34): error TS2693: 'FederatedLearningCoordinator' only refers to a type, but is being used as a value here.
src/knowledge/distributed-learning-system.ts(396,37): error TS2304: Cannot find name 'ExperienceAggregationSystem'.
src/knowledge/distributed-learning-system.ts(402,34): error TS2304: Cannot find name 'ModelSynchronizationSystem'.
src/knowledge/distributed-learning-system.ts(408,33): error TS2304: Cannot find name 'TransferLearningSystem'.
src/knowledge/distributed-learning-system.ts(414,33): error TS2304: Cannot find name 'CollectiveMemorySystem'.
src/knowledge/distributed-learning-system.ts(429,39): error TS2339: Property 'aggregateRoundExperience' does not exist on type 'ExperienceAggregator'.
src/knowledge/distributed-learning-system.ts(434,31): error TS2339: Property 'on' does not exist on type 'ExperienceAggregator'.
src/knowledge/distributed-learning-system.ts(435,35): error TS2339: Property 'incorporatePattern' does not exist on type 'TransferLearningEngine'.
src/knowledge/distributed-learning-system.ts(440,28): error TS2339: Property 'on' does not exist on type 'ModelSynchronizer'.
src/knowledge/distributed-learning-system.ts(441,35): error TS2339: Property 'storeModelMemory' does not exist on type 'CollectiveMemoryManager'.
src/knowledge/distributed-learning-system.ts(446,27): error TS2339: Property 'on' does not exist on type 'TransferLearningEngine'.
src/knowledge/distributed-learning-system.ts(485,41): error TS2339: Property 'validateAggregatedModel' does not exist on type 'DistributedLearningSystem'.
src/knowledge/distributed-learning-system.ts(488,45): error TS2339: Property 'calculateConvergence' does not exist on type 'DistributedLearningSystem'.
src/knowledge/distributed-learning-system.ts(542,39): error TS2339: Property 'groupExperiencesByContext' does not exist on type 'DistributedLearningSystem'.
src/knowledge/distributed-learning-system.ts(545,43): error TS2339: Property 'detectExperiencePatterns' does not exist on type 'DistributedLearningSystem'.
src/knowledge/distributed-learning-system.ts(548,44): error TS2339: Property 'extractCollectiveInsights' does not exist on type 'DistributedLearningSystem'.
src/knowledge/distributed-learning-system.ts(554,47): error TS2339: Property 'consolidateExperiences' does not exist on type 'DistributedLearningSystem'.
src/knowledge/distributed-learning-system.ts(561,18): error TS2551: Property 'updateTransferKnowledge' does not exist on type 'DistributedLearningSystem'. Did you mean 'transferKnowledge'?
src/knowledge/distributed-learning-system.ts(569,46): error TS2339: Property 'getTransferUpdates' does not exist on type 'DistributedLearningSystem'.
src/knowledge/distributed-learning-system.ts(601,48): error TS2339: Property 'analyzeModelCompatibility' does not exist on type 'DistributedLearningSystem'.
src/knowledge/distributed-learning-system.ts(604,41): error TS2339: Property 'resolveModelConflicts' does not exist on type 'DistributedLearningSystem'.
src/knowledge/distributed-learning-system.ts(611,45): error TS2339: Property 'createSynchronizedModels' does not exist on type 'DistributedLearningSystem'.
src/knowledge/distributed-learning-system.ts(617,44): error TS2339: Property 'validateSynchronizedModels' does not exist on type 'DistributedLearningSystem'.
src/knowledge/distributed-learning-system.ts(620,18): error TS2339: Property 'distributeSynchronizedModels' does not exist on type 'DistributedLearningSystem'.
src/knowledge/distributed-learning-system.ts(663,41): error TS2339: Property 'analyzeDomainSimilarity' does not exist on type 'DistributedLearningSystem'.
src/knowledge/distributed-learning-system.ts(666,43): error TS2339: Property 'selectTransferStrategy' does not exist on type 'DistributedLearningSystem'.
src/knowledge/distributed-learning-system.ts(669,48): error TS2339: Property 'extractTransferableKnowledge' does not exist on type 'DistributedLearningSystem'.
src/knowledge/distributed-learning-system.ts(675,43): error TS2339: Property 'adaptKnowledgeForDomain' does not exist on type 'DistributedLearningSystem'.
src/knowledge/distributed-learning-system.ts(682,45): error TS2551: Property 'applyTransferredKnowledge' does not exist on type 'DistributedLearningSystem'. Did you mean 'transferKnowledge'?
src/knowledge/distributed-learning-system.ts(688,44): error TS2339: Property 'evaluateTransferEffectiveness' does not exist on type 'DistributedLearningSystem'.
src/knowledge/distributed-learning-system.ts(723,33): error TS2339: Property 'getTotalRounds' does not exist on type 'DistributedLearningSystem'.
src/knowledge/distributed-learning-system.ts(724,40): error TS2339: Property 'getAverageConvergence' does not exist on type 'DistributedLearningSystem'.
src/knowledge/distributed-learning-system.ts(725,39): error TS2339: Property 'getParticipationRate' does not exist on type 'DistributedLearningSystem'.
src/knowledge/distributed-learning-system.ts(726,34): error TS2339: Property 'getModelQuality' does not exist on type 'DistributedLearningSystem'.
src/knowledge/distributed-learning-system.ts(729,38): error TS2551: Property 'getTotalExperiences' does not exist on type 'DistributedLearningSystem'. Did you mean 'agentExperiences'?
src/knowledge/distributed-learning-system.ts(731,39): error TS2339: Property 'getExtractedInsights' does not exist on type 'DistributedLearningSystem'.
src/knowledge/distributed-learning-system.ts(732,39): error TS2339: Property 'getConsolidationRate' does not exist on type 'DistributedLearningSystem'.
src/knowledge/distributed-learning-system.ts(736,44): error TS2339: Property 'getConflictResolutionRate' does not exist on type 'DistributedLearningSystem'.
src/knowledge/distributed-learning-system.ts(737,44): error TS2339: Property 'getSynchronizationLatency' does not exist on type 'DistributedLearningSystem'.
src/knowledge/distributed-learning-system.ts(738,44): error TS2339: Property 'getDistributionEfficiency' does not exist on type 'DistributedLearningSystem'.
src/knowledge/distributed-learning-system.ts(742,37): error TS2339: Property 'getTransferSuccessRate' does not exist on type 'DistributedLearningSystem'.
src/knowledge/distributed-learning-system.ts(743,36): error TS2339: Property 'getDomainCoverage' does not exist on type 'DistributedLearningSystem'.
src/knowledge/distributed-learning-system.ts(744,42): error TS2339: Property 'getAdaptationEfficiency' does not exist on type 'DistributedLearningSystem'.
src/knowledge/distributed-learning-system.ts(747,36): error TS2339: Property 'getSharedMemoryCount' does not exist on type 'DistributedLearningSystem'.
src/knowledge/distributed-learning-system.ts(748,39): error TS2339: Property 'getMemoryUtilization' does not exist on type 'DistributedLearningSystem'.
src/knowledge/distributed-learning-system.ts(749,41): error TS2339: Property 'getRetrievalEfficiency' does not exist on type 'DistributedLearningSystem'.
src/knowledge/distributed-learning-system.ts(750,39): error TS2339: Property 'getMemoryConsolidationRate' does not exist on type 'DistributedLearningSystem'.
src/knowledge/distributed-learning-system.ts(763,31): error TS2339: Property 'shutdown' does not exist on type 'CollectiveMemoryManager'.
src/knowledge/distributed-learning-system.ts(764,31): error TS2339: Property 'shutdown' does not exist on type 'TransferLearningEngine'.
src/knowledge/distributed-learning-system.ts(765,32): error TS2339: Property 'shutdown' does not exist on type 'ModelSynchronizer'.
src/knowledge/distributed-learning-system.ts(766,35): error TS2339: Property 'shutdown' does not exist on type 'ExperienceAggregator'.
src/knowledge/distributed-learning-system.ts(817,20): error TS2304: Cannot find name 'FederatedLearningConfig'.
src/knowledge/distributed-learning-system.ts(818,22): error TS2304: Cannot find name 'ExperienceSharingConfig'.
src/knowledge/distributed-learning-system.ts(819,14): error TS2304: Cannot find name 'ModelSyncConfig'.
src/knowledge/distributed-learning-system.ts(820,21): error TS2304: Cannot find name 'TransferLearningConfig'.
src/knowledge/distributed-learning-system.ts(821,21): error TS2304: Cannot find name 'CollectiveMemoryConfig'.
src/knowledge/distributed-learning-system.ts(823,24): error TS2304: Cannot find name 'PrivacyConfig'.
src/knowledge/index.ts(32,3): error TS2614: Module '"./cross-agent-knowledge-integration"' has no exported member 'CollaborativeReasoningConfig'. Did you mean to use 'import CollaborativeReasoningConfig from "./cross-agent-knowledge-integration"' instead?
src/knowledge/index.ts(33,3): error TS2614: Module '"./cross-agent-knowledge-integration"' has no exported member 'CollectiveIntelligenceConfig'. Did you mean to use 'import CollectiveIntelligenceConfig from "./cross-agent-knowledge-integration"' instead?
src/knowledge/index.ts(40,3): error TS2614: Module '"./cross-agent-knowledge-integration"' has no exported member 'DistributedLearningConfig'. Did you mean to use 'import DistributedLearningConfig from "./cross-agent-knowledge-integration"' instead?
src/knowledge/index.ts(47,3): error TS2614: Module '"./cross-agent-knowledge-integration"' has no exported member 'IntelligenceCoordinationConfig'. Did you mean to use 'import IntelligenceCoordinationConfig from "./cross-agent-knowledge-integration"' instead?
src/knowledge/index.ts(49,3): error TS2614: Module '"./cross-agent-knowledge-integration"' has no exported member 'KnowledgeQualityConfig'. Did you mean to use 'import KnowledgeQualityConfig from "./cross-agent-knowledge-integration"' instead?
src/knowledge/index.ts(51,3): error TS2614: Module '"./cross-agent-knowledge-integration"' has no exported member 'PerformanceOptimizationConfig'. Did you mean to use 'import PerformanceOptimizationConfig from "./cross-agent-knowledge-integration"' instead?
src/knowledge/index.ts(80,10): error TS2614: Module '"./knowledge-processor"' has no exported member 'KnowledgeProcessor'. Did you mean to use 'import KnowledgeProcessor from "./knowledge-processor"' instead?
src/knowledge/index.ts(91,10): error TS2614: Module '"./knowledge-storage"' has no exported member 'KnowledgeStorage'. Did you mean to use 'import KnowledgeStorage from "./knowledge-storage"' instead?
src/knowledge/index.ts(94,3): error TS2614: Module '"./knowledge-swarm"' has no exported member 'FACTResult'. Did you mean to use 'import FACTResult from "./knowledge-swarm"' instead?
src/knowledge/index.ts(114,10): error TS2305: Module '"./storage-interface"' has no exported member 'StorageInterface'.
src/knowledge/index.ts(128,20): error TS2304: Cannot find name 'CrossAgentKnowledgeConfig'.
src/knowledge/index.ts(131,12): error TS2749: 'CrossAgentKnowledgeIntegration' refers to a value, but is being used as a type here. Did you mean 'typeof CrossAgentKnowledgeIntegration'?
src/knowledge/index.ts(157,38): error TS2554: Expected 1 arguments, but got 2.
src/knowledge/index.ts(169,49): error TS2304: Cannot find name 'CrossAgentKnowledgeConfig'.
src/knowledge/index.ts(221,47): error TS2304: Cannot find name 'CrossAgentKnowledgeConfig'.
src/knowledge/index.ts(246,37): error TS2304: Cannot find name 'CrossAgentKnowledgeConfig'.
src/knowledge/index.ts(247,25): error TS2304: Cannot find name 'getDefaultConfig'.
src/knowledge/index.ts(330,15): error TS2304: Cannot find name 'CrossAgentKnowledgeIntegration'.
src/knowledge/intelligence-coordination-system.ts(1797,12): error TS2304: Cannot find name 'SLAReport'.
src/knowledge/intelligence-coordination-system.ts(1850,15): error TS2304: Cannot find name 'IntegrationMonitoring'.
src/knowledge/intelligence-coordination-system.ts(1941,14): error TS2304: Cannot find name 'OptimizationAlgorithm'.
src/knowledge/intelligence-coordination-system.ts(2108,16): error TS2304: Cannot find name 'MeasurementDefinition'.
src/knowledge/intelligence-coordination-system.ts(2109,12): error TS2304: Cannot find name 'SLAPenaltyRule'.
src/knowledge/intelligence-coordination-system.ts(2114,12): error TS2304: Cannot find name 'RenewalTerms'.
src/knowledge/intelligence-coordination-system.ts(2115,16): error TS2304: Cannot find name 'TerminationClause'.
src/knowledge/intelligence-coordination-system.ts(2116,18): error TS2304: Cannot find name 'ModificationPolicy'.
src/knowledge/intelligence-coordination-system.ts(2117,15): error TS2304: Cannot find name 'ComplianceRequirement'.
src/knowledge/intelligence-coordination-system.ts(2124,15): error TS2304: Cannot find name 'ValidityCondition'.
src/knowledge/intelligence-coordination-system.ts(2125,15): error TS2304: Cannot find name 'ExtensionRule'.
src/knowledge/intelligence-coordination-system.ts(2131,13): error TS2304: Cannot find name 'ResolutionTimeline'.
src/knowledge/intelligence-coordination-system.ts(2133,12): error TS2304: Cannot find name 'ResolutionOutcome'.
src/knowledge/intelligence-coordination-system.ts(2138,9): error TS2304: Cannot find name 'ScheduleTime'.
src/knowledge/intelligence-coordination-system.ts(2140,15): error TS2304: Cannot find name 'ScheduleException'.
src/knowledge/intelligence-coordination-system.ts(2146,15): error TS2304: Cannot find name 'OperationParameter'.
src/knowledge/intelligence-coordination-system.ts(2147,15): error TS2304: Cannot find name 'StepValidation'.
src/knowledge/intelligence-coordination-system.ts(2152,12): error TS2304: Cannot find name 'QualityCheck'.
src/knowledge/intelligence-coordination-system.ts(2153,17): error TS2304: Cannot find name 'CompletenessCheck'.
src/knowledge/intelligence-coordination-system.ts(2154,16): error TS2304: Cannot find name 'ConsistencyCheck'.
src/knowledge/intelligence-coordination-system.ts(2158,15): error TS2304: Cannot find name 'AugmentationTechnique'.
src/knowledge/intelligence-coordination-system.ts(2160,15): error TS2304: Cannot find name 'AugmentationValidation'.
src/knowledge/intelligence-coordination-system.ts(2161,12): error TS2304: Cannot find name 'AugmentationQuality'.
src/knowledge/intelligence-coordination-system.ts(2174,12): error TS2304: Cannot find name 'BenchmarkDataset'.
src/knowledge/intelligence-coordination-system.ts(2175,12): error TS2304: Cannot find name 'BenchmarkMetric'.
src/knowledge/intelligence-coordination-system.ts(2176,13): error TS2304: Cannot find name 'BenchmarkBaseline'.
src/knowledge/intelligence-coordination-system.ts(2191,15): error TS2304: Cannot find name 'CollectionValidation'.
src/knowledge/intelligence-coordination-system.ts(2195,15): error TS2304: Cannot find name 'StorageRepository'.
src/knowledge/intelligence-coordination-system.ts(2196,14): error TS2304: Cannot find name 'RetentionPolicy'.
src/knowledge/intelligence-coordination-system.ts(2197,16): error TS2304: Cannot find name 'CompressionPolicy'.
src/knowledge/intelligence-coordination-system.ts(2198,11): error TS2304: Cannot find name 'BackupPolicy'.
src/knowledge/intelligence-coordination-system.ts(2202,11): error TS2304: Cannot find name 'QualityCheck'.
src/knowledge/intelligence-coordination-system.ts(2203,15): error TS2304: Cannot find name 'QualityThreshold'.
src/knowledge/intelligence-coordination-system.ts(2204,12): error TS2304: Cannot find name 'QualityAction'.
src/knowledge/intelligence-coordination-system.ts(2205,14): error TS2304: Cannot find name 'QualityReporting'.
src/knowledge/intelligence-coordination-system.ts(2210,14): error TS2304: Cannot find name 'ProcessingOperation'.
src/knowledge/intelligence-coordination-system.ts(2211,11): error TS2304: Cannot find name 'ProcessingInput'.
src/knowledge/intelligence-coordination-system.ts(2212,12): error TS2304: Cannot find name 'ProcessingOutput'.
src/knowledge/intelligence-coordination-system.ts(2213,15): error TS2304: Cannot find name 'ProcessingValidation'.
src/knowledge/intelligence-coordination-system.ts(2217,12): error TS2304: Cannot find name 'AggregationMethod'.
src/knowledge/intelligence-coordination-system.ts(2218,12): error TS2304: Cannot find name 'AggregationWeight'.
src/knowledge/intelligence-coordination-system.ts(2219,12): error TS2304: Cannot find name 'AggregationFilter'.
src/knowledge/intelligence-coordination-system.ts(2220,15): error TS2304: Cannot find name 'AggregationValidation'.
src/knowledge/intelligence-coordination-system.ts(2224,15): error TS2304: Cannot find name 'AnalysisTechnique'.
src/knowledge/intelligence-coordination-system.ts(2225,11): error TS2304: Cannot find name 'AnalysisModel'.
src/knowledge/intelligence-coordination-system.ts(2226,13): error TS2304: Cannot find name 'InsightType'.
src/knowledge/intelligence-coordination-system.ts(2227,14): error TS2304: Cannot find name 'AnalysisReporting'.
src/knowledge/intelligence-coordination-system.ts(2231,15): error TS2304: Cannot find name 'ExtractionAlgorithm'.
src/knowledge/intelligence-coordination-system.ts(2232,13): error TS2304: Cannot find name 'InsightPattern'.
src/knowledge/intelligence-coordination-system.ts(2233,15): error TS2304: Cannot find name 'InsightValidation'.
src/knowledge/intelligence-coordination-system.ts(2234,12): error TS2304: Cannot find name 'InsightRanking'.
src/knowledge/intelligence-coordination-system.ts(2240,14): error TS2304: Cannot find name 'IntegrationInterface'.
src/knowledge/intelligence-coordination-system.ts(2241,12): error TS2304: Cannot find name 'DataMapping'.
src/knowledge/intelligence-coordination-system.ts(2242,15): error TS2304: Cannot find name 'TargetValidation'.
src/knowledge/intelligence-coordination-system.ts(2247,13): error TS2304: Cannot find name 'IntegrationProtocol'.
src/knowledge/intelligence-coordination-system.ts(2248,13): error TS2304: Cannot find name 'IntegrationSecurity'.
src/knowledge/intelligence-coordination-system.ts(2249,15): error TS2304: Cannot find name 'IntegrationMonitoring'.
src/knowledge/intelligence-coordination-system.ts(2253,10): error TS2304: Cannot find name 'IntegrationRule'.
src/knowledge/intelligence-coordination-system.ts(2254,10): error TS2304: Cannot find name 'IntegrationTest'.
src/knowledge/intelligence-coordination-system.ts(2255,15): error TS2304: Cannot find name 'ValidationMonitoring'.
src/knowledge/intelligence-coordination-system.ts(2256,14): error TS2304: Cannot find name 'ValidationReporting'.
src/knowledge/intelligence-coordination-system.ts(2285,13): error TS2304: Cannot find name 'InsightEvidence'.
src/knowledge/intelligence-coordination-system.ts(2313,14): error TS2304: Cannot find name 'ImpactTimeframe'.
src/knowledge/intelligence-coordination-system.ts(2324,15): error TS2304: Cannot find name 'MitigationStrategy'.
src/knowledge/intelligence-coordination-system.ts(2325,18): error TS2304: Cannot find name 'ContingencyPlan'.
src/knowledge/intelligence-coordination-system.ts(2326,15): error TS2304: Cannot find name 'RiskMonitoring'.
src/knowledge/intelligence-coordination-system.ts(2327,13): error TS2304: Cannot find name 'RiskResponse'.
src/knowledge/intelligence-coordination-system.ts(2331,15): error TS2304: Cannot find name 'SearchParameter'.
src/knowledge/intelligence-coordination-system.ts(2332,16): error TS2304: Cannot find name 'SearchConstraint'.
src/knowledge/intelligence-coordination-system.ts(2333,15): error TS2304: Cannot find name 'SearchBoundary'.
src/knowledge/intelligence-coordination-system.ts(2334,13): error TS2304: Cannot find name 'SamplingStrategy'.
src/knowledge/intelligence-coordination-system.ts(2339,14): error TS2304: Cannot find name 'OptimizationAlgorithm'.
src/knowledge/intelligence-coordination-system.ts(2347,12): error TS2304: Cannot find name 'ValidationMetric'.
src/knowledge/intelligence-coordination-system.ts(2362,13): error TS2304: Cannot find name 'TestCriteria'.
src/knowledge/intelligence-coordination-system.ts(2363,15): error TS2304: Cannot find name 'TestAutomation'.
src/knowledge/intelligence-coordination-system.ts(2367,13): error TS2304: Cannot find name 'CriteriaRule'.
src/knowledge/intelligence-coordination-system.ts(2368,15): error TS2304: Cannot find name 'CriteriaThreshold'.
src/knowledge/intelligence-coordination-system.ts(2369,12): error TS2304: Cannot find name 'CriteriaScoring'.
src/knowledge/intelligence-coordination-system.ts(2370,12): error TS2304: Cannot find name 'CriteriaWeight'.
src/knowledge/intelligence-coordination-system.ts(2376,11): error TS2304: Cannot find name 'ConstraintBounds'.
src/knowledge/intelligence-coordination-system.ts(2384,16): error TS2304: Cannot find name 'MetricCalculation'.
src/knowledge/intelligence-coordination-system.ts(2389,15): error TS2304: Cannot find name 'StorageRepository'.
src/knowledge/intelligence-coordination-system.ts(2390,11): error TS2304: Cannot find name 'StorageSchema'.
src/knowledge/intelligence-coordination-system.ts(2391,14): error TS2304: Cannot find name 'RetentionPolicy'.
src/knowledge/intelligence-coordination-system.ts(2392,13): error TS2304: Cannot find name 'IndexingStrategy'.
src/knowledge/intelligence-coordination-system.ts(2396,15): error TS2304: Cannot find name 'AnalysisTechnique'.
src/knowledge/intelligence-coordination-system.ts(2397,15): error TS2304: Cannot find name 'AnalysisAutomation'.
src/knowledge/intelligence-coordination-system.ts(2398,14): error TS2304: Cannot find name 'AnalysisReporting'.
src/knowledge/intelligence-coordination-system.ts(2399,13): error TS2304: Cannot find name 'AnalysisInsight'.
src/knowledge/intelligence-coordination-system.ts(2407,15): error TS2304: Cannot find name 'PatternIndicator'.
src/knowledge/intelligence-coordination-system.ts(2425,13): error TS2304: Cannot find name 'ExpectedOutcome'.
src/knowledge/intelligence-coordination-system.ts(2430,9): error TS2304: Cannot find name 'ReportType'.
src/knowledge/intelligence-coordination-system.ts(2439,12): error TS2304: Cannot find name 'SpecializationWidget'.
src/knowledge/intelligence-coordination-system.ts(2440,11): error TS2304: Cannot find name 'DashboardLayout'.
src/knowledge/intelligence-coordination-system.ts(2447,14): error TS2304: Cannot find name 'AlertCondition'.
src/knowledge/intelligence-coordination-system.ts(2464,3): error TS2717: Subsequent property declarations must have the same type.  Property 'objectives' must be of type 'string[]', but here has type 'StageObjective[]'.
src/knowledge/intelligence-coordination-system.ts(2464,15): error TS2304: Cannot find name 'StageObjective'.
src/knowledge/intelligence-coordination-system.ts(2465,3): error TS2717: Subsequent property declarations must have the same type.  Property 'duration' must be of type 'number', but here has type 'StageDuration'.
src/knowledge/intelligence-coordination-system.ts(2470,15): error TS2304: Cannot find name 'ProgressMilestone'.
src/knowledge/intelligence-coordination-system.ts(2471,12): error TS2304: Cannot find name 'ProgressMetric'.
src/knowledge/intelligence-coordination-system.ts(2472,15): error TS2304: Cannot find name 'ProgressChallenge'.
src/knowledge/intelligence-coordination-system.ts(2477,11): error TS2304: Cannot find name 'DevelopmentPhase'.
src/knowledge/intelligence-coordination-system.ts(2478,14): error TS2304: Cannot find name 'PlanResource'.
src/knowledge/intelligence-coordination-system.ts(2479,13): error TS2304: Cannot find name 'PlanTimeline'.
src/knowledge/intelligence-coordination-system.ts(2480,17): error TS2304: Cannot find name 'PlanDependency'.
src/knowledge/intelligence-coordination-system.ts(2487,17): error TS2304: Cannot find name 'ResourceAvailability'.
src/knowledge/intelligence-coordination-system.ts(2495,14): error TS2304: Cannot find name 'MetricBenchmark'.
src/knowledge/intelligence-coordination-system.ts(2500,14): error TS2304: Cannot find name 'BenchmarkReference'.
src/knowledge/intelligence-coordination-system.ts(2501,15): error TS2304: Cannot find name 'BenchmarkComparison'.
src/knowledge/intelligence-coordination-system.ts(2502,12): error TS2304: Cannot find name 'BenchmarkContext'.
src/knowledge/intelligence-coordination-system.ts(2510,12): error TS2304: Cannot find name 'TrendFactor'.
src/knowledge/intelligence-coordination-system.ts(2516,12): error TS2304: Cannot find name 'ComparisonMetric'.
src/knowledge/intelligence-coordination-system.ts(2517,12): error TS2304: Cannot find name 'PerformanceRanking'.
src/knowledge/intelligence-coordination-system.ts(2518,13): error TS2304: Cannot find name 'ComparisonInsight'.
src/knowledge/intelligence-coordination-system.ts(2812,21): error TS2304: Cannot find name 'EmergenceEvent'.
src/knowledge/intelligence-coordination-system.ts(2815,18): error TS2304: Cannot find name 'SpecializationIntervention'.
src/knowledge/intelligence-coordination-system.ts(2823,18): error TS2304: Cannot find name 'AdaptationEffectiveness'.
src/knowledge/intelligence-coordination-system.ts(2859,25): error TS2304: Cannot find name 'TransferOptimizationEngine'.
src/knowledge/intelligence-coordination-system.ts(2864,26): error TS2304: Cannot find name 'TransferRelationship'.
src/knowledge/intelligence-coordination-system.ts(2865,20): error TS2304: Cannot find name 'AnalogyMapping'.
src/knowledge/intelligence-coordination-system.ts(2866,27): error TS2304: Cannot find name 'AbstractionHierarchy'.
src/knowledge/intelligence-coordination-system.ts(2867,18): error TS2304: Cannot find name 'TransferPath'.
src/knowledge/intelligence-coordination-system.ts(2872,20): error TS2304: Cannot find name 'DomainCharacteristics'.
src/knowledge/intelligence-coordination-system.ts(2873,15): error TS2304: Cannot find name 'DomainOntology'.
src/knowledge/intelligence-coordination-system.ts(2874,12): error TS2304: Cannot find name 'ExpertReference'.
src/knowledge/intelligence-coordination-system.ts(2875,14): error TS2304: Cannot find name 'DomainKnowledge'.
src/knowledge/intelligence-coordination-system.ts(2876,20): error TS2304: Cannot find name 'DomainTransferHistory'.
src/knowledge/intelligence-coordination-system.ts(2881,22): error TS2304: Cannot find name 'AnalogyMappingAlgorithm'.
src/knowledge/intelligence-coordination-system.ts(2882,25): error TS2304: Cannot find name 'AnalogyValidationMechanism'.
src/knowledge/intelligence-coordination-system.ts(2883,20): error TS2304: Cannot find name 'AnalogyDatabase'.
src/knowledge/intelligence-coordination-system.ts(2884,21): error TS2304: Cannot find name 'CreativityEngine'.
src/knowledge/intelligence-coordination-system.ts(2889,29): error TS2304: Cannot find name 'GeneralizationAlgorithm'.
src/knowledge/intelligence-coordination-system.ts(2890,25): error TS2304: Cannot find name 'ConceptualFramework'.
src/knowledge/intelligence-coordination-system.ts(2891,22): error TS2304: Cannot find name 'PatternExtractionEngine'.
src/knowledge/intelligence-coordination-system.ts(2892,26): error TS2304: Cannot find name 'KnowledgeDistillationEngine'.
src/knowledge/intelligence-coordination-system.ts(2896,23): error TS2304: Cannot find name 'TransferValidationCriteria'.
src/knowledge/intelligence-coordination-system.ts(2897,21): error TS2304: Cannot find name 'TransferTestingFramework'.
src/knowledge/intelligence-coordination-system.ts(2898,26): error TS2304: Cannot find name 'TransferPerformanceEvaluation'.
src/knowledge/intelligence-coordination-system.ts(2899,21): error TS2304: Cannot find name 'TransferQualityAssurance'.
src/knowledge/intelligence-coordination-system.ts(2900,19): error TS2304: Cannot find name 'TransferRiskAssessment'.
src/knowledge/intelligence-coordination-system.ts(2926,24): error TS2304: Cannot find name 'MemoryConsolidationEngine'.
src/knowledge/intelligence-coordination-system.ts(2929,19): error TS2304: Cannot find name 'EpisodicMemorySystem'.
src/knowledge/intelligence-coordination-system.ts(2930,19): error TS2304: Cannot find name 'SemanticMemorySystem'.
src/knowledge/intelligence-coordination-system.ts(2935,16): error TS2304: Cannot find name 'MemoryGraph'.
src/knowledge/intelligence-coordination-system.ts(2936,19): error TS2304: Cannot find name 'AccessPattern'.
src/knowledge/intelligence-coordination-system.ts(2937,20): error TS2304: Cannot find name 'MemoryHierarchy'.
src/knowledge/intelligence-coordination-system.ts(2938,25): error TS2304: Cannot find name 'MemoryDistributionStrategy'.
src/knowledge/intelligence-coordination-system.ts(2944,12): error TS2304: Cannot find name 'MemoryContent'.
src/knowledge/intelligence-coordination-system.ts(2945,13): error TS2304: Cannot find name 'MemoryMetadata'.
src/knowledge/intelligence-coordination-system.ts(2946,18): error TS2304: Cannot find name 'AccessibilityConfig'.
src/knowledge/intelligence-coordination-system.ts(2947,16): error TS2304: Cannot find name 'PersistenceConfig'.
src/knowledge/intelligence-coordination-system.ts(2948,17): error TS2304: Cannot find name 'MemoryAssociation'.
src/knowledge/intelligence-coordination-system.ts(2953,20): error TS2304: Cannot find name 'IndexingSystem'.
src/knowledge/intelligence-coordination-system.ts(2954,21): error TS2304: Cannot find name 'SearchAlgorithm'.
src/knowledge/intelligence-coordination-system.ts(2955,22): error TS2304: Cannot find name 'RankingMechanism'.
src/knowledge/intelligence-coordination-system.ts(2956,24): error TS2304: Cannot find name 'ContextualRetrievalEngine'.
src/knowledge/intelligence-coordination-system.ts(2960,21): error TS2304: Cannot find name 'ForgettingCurve'.
src/knowledge/intelligence-coordination-system.ts(2961,22): error TS2304: Cannot find name 'RetentionPolicy'.
src/knowledge/intelligence-coordination-system.ts(2962,24): error TS2304: Cannot find name 'ImportanceWeighting'.
src/knowledge/intelligence-coordination-system.ts(2963,24): error TS2304: Cannot find name 'SelectiveForgettingEngine'.
src/knowledge/intelligence-coordination-system.ts(2964,24): error TS2304: Cannot find name 'ConsolidationTrigger'.
src/knowledge/intelligence-coordination-system.ts(3004,47): error TS2304: Cannot find name 'TransferKnowledge'.
src/knowledge/intelligence-coordination-system.ts(3005,49): error TS2304: Cannot find name 'CoordinationEvent'.
src/knowledge/intelligence-coordination-system.ts(3020,5): error TS2739: Type 'ExpertiseDiscoverySystemImpl' is missing the following properties from type 'ExpertiseDiscoveryEngine': expertiseProfiles, discoveryMechanisms, expertiseEvolution, competencyMapping, reputationSystem
src/knowledge/intelligence-coordination-system.ts(3026,33): error TS2304: Cannot find name 'KnowledgeRoutingEngineSystem'.
src/knowledge/intelligence-coordination-system.ts(3032,39): error TS2304: Cannot find name 'SpecializationDetectionSystem'.
src/knowledge/intelligence-coordination-system.ts(3038,36): error TS2304: Cannot find name 'CrossDomainTransferEngineSystem'.
src/knowledge/intelligence-coordination-system.ts(3044,33): error TS2304: Cannot find name 'CollectiveMemorySystem'.
src/knowledge/intelligence-coordination-system.ts(3058,29): error TS2339: Property 'on' does not exist on type 'ExpertiseDiscoveryEngine'.
src/knowledge/intelligence-coordination-system.ts(3059,35): error TS2551: Property 'updateRoutingTable' does not exist on type 'KnowledgeRoutingSystem'. Did you mean 'routingTable'?
src/knowledge/intelligence-coordination-system.ts(3064,33): error TS2339: Property 'on' does not exist on type 'SpecializationEmergenceDetector'.
src/knowledge/intelligence-coordination-system.ts(3065,37): error TS2339: Property 'incorporateSpecialization' does not exist on type 'ExpertiseDiscoveryEngine'.
src/knowledge/intelligence-coordination-system.ts(3070,30): error TS2339: Property 'on' does not exist on type 'CrossDomainTransferSystem'.
src/knowledge/intelligence-coordination-system.ts(3071,35): error TS2339: Property 'storeTransferExperience' does not exist on type 'CollectiveMemoryManager'.
src/knowledge/intelligence-coordination-system.ts(3076,27): error TS2339: Property 'on' does not exist on type 'KnowledgeRoutingSystem'.
src/knowledge/intelligence-coordination-system.ts(3077,35): error TS2339: Property 'recordRoutingSuccess' does not exist on type 'CollectiveMemoryManager'.
src/knowledge/intelligence-coordination-system.ts(3082,27): error TS2339: Property 'on' does not exist on type 'CollectiveMemoryManager'.
src/knowledge/intelligence-coordination-system.ts(3083,12): error TS2339: Property 'propagateMemoryInsights' does not exist on type 'IntelligenceCoordinationSystem'.
src/knowledge/intelligence-coordination-system.ts(3109,38): error TS2339: Property 'identifyExpertiseGaps' does not exist on type 'IntelligenceCoordinationSystem'.
src/knowledge/intelligence-coordination-system.ts(3112,43): error TS2339: Property 'buildExpertiseNetwork' does not exist on type 'IntelligenceCoordinationSystem'.
src/knowledge/intelligence-coordination-system.ts(3115,56): error TS2339: Property 'generateSpecializationRecommendations' does not exist on type 'IntelligenceCoordinationSystem'.
src/knowledge/intelligence-coordination-system.ts(3171,40): error TS2339: Property 'analyzeQueryRequirements' does not exist on type 'IntelligenceCoordinationSystem'.
src/knowledge/intelligence-coordination-system.ts(3174,43): error TS2339: Property 'identifyCandidateExperts' does not exist on type 'IntelligenceCoordinationSystem'.
src/knowledge/intelligence-coordination-system.ts(3180,42): error TS2339: Property 'selectRoutingStrategy' does not exist on type 'IntelligenceCoordinationSystem'.
src/knowledge/intelligence-coordination-system.ts(3186,42): error TS2339: Property 'applyRoutingStrategy' does not exist on type 'IntelligenceCoordinationSystem'.
src/knowledge/intelligence-coordination-system.ts(3193,43): error TS2339: Property 'executeRouting' does not exist on type 'IntelligenceCoordinationSystem'.
src/knowledge/intelligence-coordination-system.ts(3196,45): error TS2339: Property 'monitorRoutingPerformance' does not exist on type 'IntelligenceCoordinationSystem'.
src/knowledge/intelligence-coordination-system.ts(3211,18): error TS2551: Property 'updateRoutingTable' does not exist on type 'IntelligenceCoordinationSystem'. Did you mean 'routingTable'?
src/knowledge/intelligence-coordination-system.ts(3238,39): error TS2339: Property 'collectBehaviorData' does not exist on type 'IntelligenceCoordinationSystem'.
src/knowledge/intelligence-coordination-system.ts(3243,16): error TS2339: Property 'applyEmergenceDetection' does not exist on type 'IntelligenceCoordinationSystem'.
src/knowledge/intelligence-coordination-system.ts(3248,46): error TS2339: Property 'consolidateDetectionResults' does not exist on type 'IntelligenceCoordinationSystem'.
src/knowledge/intelligence-coordination-system.ts(3251,44): error TS2339: Property 'validateEmergencePatterns' does not exist on type 'IntelligenceCoordinationSystem'.
src/knowledge/intelligence-coordination-system.ts(3255,20): error TS2339: Property 'generateAdaptationRecommendations' does not exist on type 'IntelligenceCoordinationSystem'.
src/knowledge/intelligence-coordination-system.ts(3258,45): error TS2339: Property 'applyAutomaticAdaptations' does not exist on type 'IntelligenceCoordinationSystem'.
src/knowledge/intelligence-coordination-system.ts(3267,36): error TS2339: Property 'calculateEmergenceScore' does not exist on type 'IntelligenceCoordinationSystem'.
src/knowledge/intelligence-coordination-system.ts(3307,41): error TS2339: Property 'analyzeDomainCompatibility' does not exist on type 'IntelligenceCoordinationSystem'.
src/knowledge/intelligence-coordination-system.ts(3310,44): error TS2339: Property 'selectTransferMechanism' does not exist on type 'IntelligenceCoordinationSystem'.
src/knowledge/intelligence-coordination-system.ts(3313,45): error TS2339: Property 'extractTransferableKnowledge' does not exist on type 'IntelligenceCoordinationSystem'.
src/knowledge/intelligence-coordination-system.ts(3319,43): error TS2339: Property 'adaptKnowledge' does not exist on type 'IntelligenceCoordinationSystem'.
src/knowledge/intelligence-coordination-system.ts(3326,44): error TS2339: Property 'validateTransfer' does not exist on type 'IntelligenceCoordinationSystem'.
src/knowledge/intelligence-coordination-system.ts(3329,45): error TS2551: Property 'applyTransferredKnowledge' does not exist on type 'IntelligenceCoordinationSystem'. Did you mean 'transferKnowledge'?
src/knowledge/intelligence-coordination-system.ts(3330,9): error TS2304: Cannot find name 'validatedResults'.
src/knowledge/intelligence-coordination-system.ts(3335,50): error TS2339: Property 'evaluateTransferEffectiveness' does not exist on type 'IntelligenceCoordinationSystem'.
src/knowledge/intelligence-coordination-system.ts(3371,43): error TS2339: Property 'getAverageExpertiseLevel' does not exist on type 'IntelligenceCoordinationSystem'.
src/knowledge/intelligence-coordination-system.ts(3372,39): error TS2339: Property 'getExpertiseCoverage' does not exist on type 'IntelligenceCoordinationSystem'.
src/knowledge/intelligence-coordination-system.ts(3373,39): error TS2339: Property 'getDiscoveryAccuracy' does not exist on type 'IntelligenceCoordinationSystem'.
src/knowledge/intelligence-coordination-system.ts(3377,36): error TS2339: Property 'getRoutingSuccessRate' does not exist on type 'IntelligenceCoordinationSystem'.
src/knowledge/intelligence-coordination-system.ts(3378,43): error TS2339: Property 'getAverageRoutingLatency' does not exist on type 'IntelligenceCoordinationSystem'.
src/knowledge/intelligence-coordination-system.ts(3379,43): error TS2339: Property 'getLoadBalanceEfficiency' does not exist on type 'IntelligenceCoordinationSystem'.
src/knowledge/intelligence-coordination-system.ts(3383,35): error TS2339: Property 'getEmergenceRate' does not exist on type 'IntelligenceCoordinationSystem'.
src/knowledge/intelligence-coordination-system.ts(3384,43): error TS2339: Property 'getAdaptationSuccessRate' does not exist on type 'IntelligenceCoordinationSystem'.
src/knowledge/intelligence-coordination-system.ts(3385,45): error TS2339: Property 'getSpecializationDiversity' does not exist on type 'IntelligenceCoordinationSystem'.
src/knowledge/intelligence-coordination-system.ts(3389,41): error TS2339: Property 'getTransferSuccessRate' does not exist on type 'IntelligenceCoordinationSystem'.
src/knowledge/intelligence-coordination-system.ts(3390,50): error TS2339: Property 'getAverageTransferEffectiveness' does not exist on type 'IntelligenceCoordinationSystem'.
src/knowledge/intelligence-coordination-system.ts(3391,36): error TS2339: Property 'getDomainCoverage' does not exist on type 'IntelligenceCoordinationSystem'.
src/knowledge/intelligence-coordination-system.ts(3394,36): error TS2339: Property 'getStoredMemoryCount' does not exist on type 'IntelligenceCoordinationSystem'.
src/knowledge/intelligence-coordination-system.ts(3395,39): error TS2339: Property 'getMemoryUtilization' does not exist on type 'IntelligenceCoordinationSystem'.
src/knowledge/intelligence-coordination-system.ts(3396,41): error TS2339: Property 'getRetrievalEfficiency' does not exist on type 'IntelligenceCoordinationSystem'.
src/knowledge/intelligence-coordination-system.ts(3397,41): error TS2339: Property 'getKnowledgeGrowthRate' does not exist on type 'IntelligenceCoordinationSystem'.
src/knowledge/intelligence-coordination-system.ts(3410,31): error TS2339: Property 'shutdown' does not exist on type 'CollectiveMemoryManager'.
src/knowledge/intelligence-coordination-system.ts(3411,34): error TS2339: Property 'shutdown' does not exist on type 'CrossDomainTransferSystem'.
src/knowledge/intelligence-coordination-system.ts(3412,37): error TS2339: Property 'shutdown' does not exist on type 'SpecializationEmergenceDetector'.
src/knowledge/intelligence-coordination-system.ts(3413,31): error TS2339: Property 'shutdown' does not exist on type 'KnowledgeRoutingSystem'.
src/knowledge/intelligence-coordination-system.ts(3414,33): error TS2339: Property 'shutdown' does not exist on type 'ExpertiseDiscoveryEngine'.
src/knowledge/intelligence-coordination-system.ts(3439,14): error TS2304: Cannot find name 'ExpertiseDistribution'.
src/knowledge/intelligence-coordination-system.ts(3441,18): error TS2304: Cannot find name 'ExpertiseDistribution'.
src/knowledge/intelligence-coordination-system.ts(3453,23): error TS2304: Cannot find name 'ExpertiseDiscoveryConfig'.
src/knowledge/intelligence-coordination-system.ts(3454,21): error TS2304: Cannot find name 'KnowledgeRoutingConfig'.
src/knowledge/intelligence-coordination-system.ts(3455,28): error TS2304: Cannot find name 'SpecializationDetectionConfig'.
src/knowledge/intelligence-coordination-system.ts(3456,24): error TS2304: Cannot find name 'CrossDomainTransferConfig'.
src/knowledge/intelligence-coordination-system.ts(3457,21): error TS2304: Cannot find name 'CollectiveMemoryConfig'.
src/knowledge/intelligence-coordination-system.ts(3464,26): error TS2304: Cannot find name 'ExpertiseDistribution'.
src/knowledge/intelligence-coordination-system.ts(3465,16): error TS2304: Cannot find name 'ExpertiseGapAnalysis'.
src/knowledge/intelligence-coordination-system.ts(3466,21): error TS2304: Cannot find name 'ExpertiseNetwork'.
src/knowledge/intelligence-coordination-system.ts(3478,21): error TS2304: Cannot find name 'RoutingExecution'.
src/knowledge/intelligence-coordination-system.ts(3526,17): error TS2304: Cannot find name 'QueryRequirements'.
src/knowledge/intelligence-coordination-system.ts(3532,17): error TS2304: Cannot find name 'RoutingPreference'.
src/knowledge/knowledge-client.ts(129,36): error TS2339: Property 'queryCounter' does not exist on type 'FACTIntegration'.
src/knowledge/knowledge-processor.ts(20,34): error TS2307: Cannot find module './knowledge-cache-system' or its corresponding type declarations.
src/knowledge/knowledge-processor.ts(22,3): error TS2614: Module '"./project-context-analyzer"' has no exported member 'KnowledgeGatheringMission'. Did you mean to use 'import KnowledgeGatheringMission from "./project-context-analyzer"' instead?
src/knowledge/knowledge-processor.ts(164,10): error TS2339: Property 'contextAnalyzer' does not exist on type 'WASMFactIntegration'.
src/knowledge/knowledge-processor.ts(175,10): error TS2339: Property 'knowledgeCache' does not exist on type 'WASMFactIntegration'.
src/knowledge/knowledge-processor.ts(213,18): error TS2339: Property 'factStorage' does not exist on type 'WASMFactIntegration'.
src/knowledge/knowledge-processor.ts(216,18): error TS2339: Property 'hiveSystem' does not exist on type 'WASMFactIntegration'.
src/knowledge/knowledge-processor.ts(273,18): error TS2339: Property 'storeInFACTStorage' does not exist on type 'WASMFactIntegration'.
src/knowledge/knowledge-processor.ts(312,29): error TS2339: Property 'hiveSystem' does not exist on type 'WASMFactIntegration'.
src/knowledge/knowledge-processor.ts(511,25): error TS2352: Conversion of type '{ FastCache: typeof MockFastCache; QueryProcessor: typeof MockQueryProcessor; CognitiveEngine: typeof MockCognitiveEngine; }' to type 'WASMFact' may be a mistake because neither type sufficiently overlaps with the other. If this was intentional, convert the expression to 'unknown' first.
  Types of property 'FastCache' are incompatible.
    Types of construct signatures are incompatible.
      Type 'new (size: number) => MockFastCache' is not assignable to type 'new (size: number) => { set(key: string, value: string, ttl: bigint): boolean; get(key: string): string; clear(): void; size(): number; stats(): { hits: number; misses: number; hit_rate: number; }; }'.
        Type 'MockFastCache' is not comparable to type '{ set(key: string, value: string, ttl: bigint): boolean; get(key: string): string; clear(): void; size(): number; stats(): { hits: number; misses: number; hit_rate: number; }; }'.
          Property 'size' is private in type 'MockFastCache' but not in type '{ set(key: string, value: string, ttl: bigint): boolean; get(key: string): string; clear(): void; size(): number; stats(): { hits: number; misses: number; hit_rate: number; }; }'.
src/knowledge/knowledge-processor.ts(517,31): error TS2300: Duplicate identifier 'size'.
src/knowledge/knowledge-processor.ts(546,11): error TS2300: Duplicate identifier 'size'.
src/knowledge/knowledge-processor.ts(773,16): error TS2339: Property 'hiveSystem' does not exist on type 'WASMFactIntegration'.
src/knowledge/knowledge-quality-management.ts(56,13): error TS2300: Duplicate identifier 'ReviewProcess'.
src/knowledge/knowledge-quality-management.ts(57,13): error TS2300: Duplicate identifier 'ReputationModelType'.
src/knowledge/knowledge-quality-management.ts(58,13): error TS2300: Duplicate identifier 'ScoringAlgorithmType'.
src/knowledge/knowledge-quality-management.ts(59,13): error TS2300: Duplicate identifier 'WeightingStrategy'.
src/knowledge/knowledge-quality-management.ts(65,13): error TS2300: Duplicate identifier 'DecayFunctionType'.
src/knowledge/knowledge-quality-management.ts(79,13): error TS2300: Duplicate identifier 'ReviewType'.
src/knowledge/knowledge-quality-management.ts(138,13): error TS2300: Duplicate identifier 'ReputationModelType'.
src/knowledge/knowledge-quality-management.ts(146,13): error TS2300: Duplicate identifier 'ScoringAlgorithmType'.
src/knowledge/knowledge-quality-management.ts(155,13): error TS2300: Duplicate identifier 'WeightingStrategy'.
src/knowledge/knowledge-quality-management.ts(163,13): error TS2300: Duplicate identifier 'DecayFunctionType'.
src/knowledge/knowledge-quality-management.ts(204,18): error TS2304: Cannot find name 'EvidenceType'.
src/knowledge/knowledge-quality-management.ts(205,22): error TS2304: Cannot find name 'SourceReliabilityRequirement'.
src/knowledge/knowledge-quality-management.ts(207,32): error TS2304: Cannot find name 'CrossReferencingConfig'.
src/knowledge/knowledge-quality-management.ts(211,23): error TS2304: Cannot find name 'ValidatorSelectionStrategy'.
src/knowledge/knowledge-quality-management.ts(214,27): error TS2304: Cannot find name 'DisagreementResolutionStrategy'.
src/knowledge/knowledge-quality-management.ts(215,22): error TS2304: Cannot find name 'ConsensusConfiguration'.
src/knowledge/knowledge-quality-management.ts(227,13): error TS2304: Cannot find name 'ValidationEvidence'.
src/knowledge/knowledge-quality-management.ts(228,11): error TS2304: Cannot find name 'ValidationIssue'.
src/knowledge/knowledge-quality-management.ts(229,20): error TS2304: Cannot find name 'ValidationRecommendation'.
src/knowledge/knowledge-quality-management.ts(267,16): error TS2304: Cannot find name 'MeasurementMethod'.
src/knowledge/knowledge-quality-management.ts(268,16): error TS2304: Cannot find name 'AggregationMethod'.
src/knowledge/knowledge-quality-management.ts(269,19): error TS2304: Cannot find name 'InterpretationRules'.
src/knowledge/knowledge-quality-management.ts(270,15): error TS2304: Cannot find name 'QualityBenchmark'.
src/knowledge/knowledge-quality-management.ts(275,20): error TS2304: Cannot find name 'AssessmentScope'.
src/knowledge/knowledge-quality-management.ts(277,14): error TS2304: Cannot find name 'AssessmentFrequency'.
src/knowledge/knowledge-quality-management.ts(278,13): error TS2304: Cannot find name 'AssessmentCriteria'.
src/knowledge/knowledge-quality-management.ts(279,12): error TS2304: Cannot find name 'ScoringRubric'.
src/knowledge/knowledge-quality-management.ts(283,20): error TS2304: Cannot find name 'MonitoringScope'.
src/knowledge/knowledge-quality-management.ts(285,20): error TS2304: Cannot find name 'AlertCondition'.
src/knowledge/knowledge-quality-management.ts(286,15): error TS2304: Cannot find name 'DashboardConfig'.
src/knowledge/knowledge-quality-management.ts(287,14): error TS2304: Cannot find name 'ReportingConfig'.
src/knowledge/knowledge-quality-management.ts(293,13): error TS2304: Cannot find name 'ImprovementTrigger'.
src/knowledge/knowledge-quality-management.ts(294,12): error TS2304: Cannot find name 'ImprovementAction'.
src/knowledge/knowledge-quality-management.ts(295,15): error TS2304: Cannot find name 'ImprovementEvaluation'.
src/knowledge/knowledge-quality-management.ts(299,19): error TS2304: Cannot find name 'BenchmarkType'.
src/knowledge/knowledge-quality-management.ts(300,24): error TS2304: Cannot find name 'ComparisonBaseline'.
src/knowledge/knowledge-quality-management.ts(301,25): error TS2304: Cannot find name 'PerformanceStandard'.
src/knowledge/knowledge-quality-management.ts(303,20): error TS2304: Cannot find name 'BenchmarkReportFormat'.
src/knowledge/knowledge-quality-management.ts(341,20): error TS2304: Cannot find name 'TemporalQueryEngine'.
src/knowledge/knowledge-quality-management.ts(345,25): error TS2304: Cannot find name 'KnowledgeVersion'.
src/knowledge/knowledge-quality-management.ts(346,19): error TS2304: Cannot find name 'VersionHistory'.
src/knowledge/knowledge-quality-management.ts(348,23): error TS2304: Cannot find name 'VersionConflictResolver'.
src/knowledge/knowledge-quality-management.ts(349,21): error TS2304: Cannot find name 'BranchManager'.
src/knowledge/knowledge-quality-management.ts(354,25): error TS2304: Cannot find name 'TimeSeriesValidator'.
src/knowledge/knowledge-quality-management.ts(355,22): error TS2304: Cannot find name 'CausalityChecker'.
src/knowledge/knowledge-quality-management.ts(356,27): error TS2304: Cannot find name 'TemporalConsistencyMaintainer'.
src/knowledge/knowledge-quality-management.ts(357,26): error TS2304: Cannot find name 'InvalidationDetector'.
src/knowledge/knowledge-quality-management.ts(361,16): error TS2304: Cannot find name 'DecayModel'.
src/knowledge/knowledge-quality-management.ts(362,22): error TS2304: Cannot find name 'FreshnessCriteria'.
src/knowledge/knowledge-quality-management.ts(363,20): error TS2304: Cannot find name 'DecayPredictor'.
src/knowledge/knowledge-quality-management.ts(364,22): error TS2304: Cannot find name 'RefreshStrategy'.
src/knowledge/knowledge-quality-management.ts(365,22): error TS2304: Cannot find name 'RetentionPolicy'.
src/knowledge/knowledge-quality-management.ts(369,21): error TS2304: Cannot find name 'PropagationGraph'.
src/knowledge/knowledge-quality-management.ts(370,21): error TS2304: Cannot find name 'UpdateStrategy'.
src/knowledge/knowledge-quality-management.ts(371,23): error TS2304: Cannot find name 'DependencyTracker'.
src/knowledge/knowledge-quality-management.ts(372,19): error TS2304: Cannot find name 'ImpactAnalyzer'.
src/knowledge/knowledge-quality-management.ts(373,21): error TS2304: Cannot find name 'CascadingUpdateManager'.
src/knowledge/knowledge-quality-management.ts(401,18): error TS2304: Cannot find name 'ReviewQualityAssurance'.
src/knowledge/knowledge-quality-management.ts(402,23): error TS2304: Cannot find name 'IncentiveSystem'.
src/knowledge/knowledge-quality-management.ts(405,18): error TS2300: Duplicate identifier 'ReviewProcess'.
src/knowledge/knowledge-quality-management.ts(408,11): error TS2304: Cannot find name 'ReviewPhase'.
src/knowledge/knowledge-quality-management.ts(410,13): error TS2304: Cannot find name 'ReviewWorkflow'.
src/knowledge/knowledge-quality-management.ts(411,19): error TS2304: Cannot find name 'ReviewQualityControl'.
src/knowledge/knowledge-quality-management.ts(415,22): error TS2304: Cannot find name 'ReviewerSelectionCriteria'.
src/knowledge/knowledge-quality-management.ts(416,22): error TS2304: Cannot find name 'ReviewerMatchingAlgorithm'.
src/knowledge/knowledge-quality-management.ts(417,25): error TS2304: Cannot find name 'AvailabilityTracker'.
src/knowledge/knowledge-quality-management.ts(418,18): error TS2304: Cannot find name 'ReviewerLoadBalancer'.
src/knowledge/knowledge-quality-management.ts(419,23): error TS2304: Cannot find name 'ConflictOfInterestDetector'.
src/knowledge/knowledge-quality-management.ts(423,22): error TS2304: Cannot find name 'WorkflowTemplate'.
src/knowledge/knowledge-quality-management.ts(424,20): error TS2304: Cannot find name 'ReviewStateManager'.
src/knowledge/knowledge-quality-management.ts(425,21): error TS2304: Cannot find name 'ProgressTracker'.
src/knowledge/knowledge-quality-management.ts(426,23): error TS2304: Cannot find name 'DeadlineManager'.
src/knowledge/knowledge-quality-management.ts(427,25): error TS2304: Cannot find name 'EscalationProcedure'.
src/knowledge/knowledge-quality-management.ts(437,13): error TS2304: Cannot find name 'ReviewComment'.
src/knowledge/knowledge-quality-management.ts(438,22): error TS2304: Cannot find name 'ReviewQualityAssessment'.
src/knowledge/knowledge-quality-management.ts(442,13): error TS2300: Duplicate identifier 'ReviewType'.
src/knowledge/knowledge-quality-management.ts(480,44): error TS2304: Cannot find name 'QualityHistoryRecord'.
src/knowledge/knowledge-quality-management.ts(495,33): error TS2693: 'ReputationManagementSystem' only refers to a type, but is being used as a value here.
src/knowledge/knowledge-quality-management.ts(506,33): error TS2304: Cannot find name 'QualityAssuranceEngine'.
src/knowledge/knowledge-quality-management.ts(512,32): error TS2304: Cannot find name 'TemporalKnowledgeSystem'.
src/knowledge/knowledge-quality-management.ts(518,33): error TS2304: Cannot find name 'PeerReviewEngine'.
src/knowledge/knowledge-quality-management.ts(532,27): error TS2339: Property 'on' does not exist on type 'ReputationSystem'.
src/knowledge/knowledge-quality-management.ts(533,18): error TS2339: Property 'updateValidationWeights' does not exist on type 'KnowledgeQualityManagementSystem'.
src/knowledge/knowledge-quality-management.ts(538,22): error TS2345: Argument of type '"validation:completed"' is not assignable to parameter of type 'keyof SystemEvents | keyof WorkflowEvents | keyof CoordinationEvents | keyof NeuralEvents | keyof MemoryEvents'.
src/knowledge/knowledge-quality-management.ts(539,35): error TS2339: Property 'updateFromValidation' does not exist on type 'ReputationSystem'.
src/knowledge/knowledge-quality-management.ts(544,27): error TS2339: Property 'on' does not exist on type 'QualityAssuranceSystem'.
src/knowledge/knowledge-quality-management.ts(545,34): error TS2339: Property 'handleQualityDegradation' does not exist on type 'TemporalKnowledgeManager'.
src/knowledge/knowledge-quality-management.ts(550,27): error TS2339: Property 'on' does not exist on type 'PeerReviewSystem'.
src/knowledge/knowledge-quality-management.ts(551,18): error TS2339: Property 'integrateReviewResults' does not exist on type 'KnowledgeQualityManagementSystem'.
src/knowledge/knowledge-quality-management.ts(556,26): error TS2339: Property 'on' does not exist on type 'TemporalKnowledgeManager'.
src/knowledge/knowledge-quality-management.ts(557,35): error TS2339: Property 'handleExpiredKnowledge' does not exist on type 'QualityAssuranceSystem'.
src/knowledge/knowledge-quality-management.ts(570,5): error TS2322: Type '"comprehensive"' is not assignable to type 'ValidationType'.
src/knowledge/knowledge-quality-management.ts(588,43): error TS2339: Property 'executeValidation' does not exist on type 'KnowledgeQualityManagementSystem'.
src/knowledge/knowledge-quality-management.ts(591,43): error TS2339: Property 'aggregateValidationResults' does not exist on type 'KnowledgeQualityManagementSystem'.
src/knowledge/knowledge-quality-management.ts(594,40): error TS2339: Property 'applyValidationDecision' does not exist on type 'KnowledgeQualityManagementSystem'.
src/knowledge/knowledge-quality-management.ts(597,35): error TS2339: Property 'generateValidationEvidence' does not exist on type 'KnowledgeQualityManagementSystem'.
src/knowledge/knowledge-quality-management.ts(622,18): error TS2339: Property 'updateReputationFromValidation' does not exist on type 'KnowledgeQualityManagementSystem'.
src/knowledge/knowledge-quality-management.ts(625,18): error TS2551: Property 'updateQualityMetrics' does not exist on type 'KnowledgeQualityManagementSystem'. Did you mean 'qualityMetrics'?
src/knowledge/knowledge-quality-management.ts(663,59): error TS2339: Property 'initializeReputationScore' does not exist on type 'KnowledgeQualityManagementSystem'.
src/knowledge/knowledge-quality-management.ts(668,16): error TS2339: Property 'applyReputationAlgorithm' does not exist on type 'KnowledgeQualityManagementSystem'.
src/knowledge/knowledge-quality-management.ts(673,42): error TS2551: Property 'aggregateReputationScores' does not exist on type 'KnowledgeQualityManagementSystem'. Did you mean 'updateReputationScore'?
src/knowledge/knowledge-quality-management.ts(679,39): error TS2339: Property 'applyDecayFunctions' does not exist on type 'KnowledgeQualityManagementSystem'.
src/knowledge/knowledge-quality-management.ts(685,42): error TS2339: Property 'normalizeReputationScore' does not exist on type 'KnowledgeQualityManagementSystem'.
src/knowledge/knowledge-quality-management.ts(691,39): error TS2339: Property 'calculateScoreTrend' does not exist on type 'KnowledgeQualityManagementSystem'.
src/knowledge/knowledge-quality-management.ts(697,18): error TS2339: Property 'updateGlobalRankings' does not exist on type 'KnowledgeQualityManagementSystem'.
src/knowledge/knowledge-quality-management.ts(722,5): error TS2322: Type '"double-blind"' is not assignable to type 'ReviewType'.
src/knowledge/knowledge-quality-management.ts(734,40): error TS2339: Property 'selectReviewProcess' does not exist on type 'KnowledgeQualityManagementSystem'.
src/knowledge/knowledge-quality-management.ts(737,36): error TS2339: Property 'selectReviewers' does not exist on type 'KnowledgeQualityManagementSystem'.
src/knowledge/knowledge-quality-management.ts(740,35): error TS2339: Property 'initializeReviewWorkflow' does not exist on type 'KnowledgeQualityManagementSystem'.
src/knowledge/knowledge-quality-management.ts(743,39): error TS2339: Property 'executeReviewPhases' does not exist on type 'KnowledgeQualityManagementSystem'.
src/knowledge/knowledge-quality-management.ts(746,43): error TS2339: Property 'aggregateReviewResults' does not exist on type 'KnowledgeQualityManagementSystem'.
src/knowledge/knowledge-quality-management.ts(749,41): error TS2339: Property 'generateReviewRecommendation' does not exist on type 'KnowledgeQualityManagementSystem'.
src/knowledge/knowledge-quality-management.ts(755,35): error TS2339: Property 'collectReviewComments' does not exist on type 'KnowledgeQualityManagementSystem'.
src/knowledge/knowledge-quality-management.ts(758,44): error TS2339: Property 'assessReviewQuality' does not exist on type 'KnowledgeQualityManagementSystem'.
src/knowledge/knowledge-quality-management.ts(783,18): error TS2339: Property 'updateReviewerReputations' does not exist on type 'KnowledgeQualityManagementSystem'.
src/knowledge/knowledge-quality-management.ts(786,18): error TS2339: Property 'applyReviewOutcome' does not exist on type 'KnowledgeQualityManagementSystem'.
src/knowledge/knowledge-quality-management.ts(813,41): error TS2551: Property 'collectQualityMetrics' does not exist on type 'KnowledgeQualityManagementSystem'. Did you mean 'qualityMetrics'?
src/knowledge/knowledge-quality-management.ts(816,40): error TS2339: Property 'analyzeQualityTrends' does not exist on type 'KnowledgeQualityManagementSystem'.
src/knowledge/knowledge-quality-management.ts(819,40): error TS2339: Property 'detectQualityIssues' does not exist on type 'KnowledgeQualityManagementSystem'.
src/knowledge/knowledge-quality-management.ts(822,53): error TS2339: Property 'generateImprovementRecommendations' does not exist on type 'KnowledgeQualityManagementSystem'.
src/knowledge/knowledge-quality-management.ts(828,46): error TS2339: Property 'applyAutomaticImprovements' does not exist on type 'KnowledgeQualityManagementSystem'.
src/knowledge/knowledge-quality-management.ts(831,44): error TS2339: Property 'updateQualityBenchmarks' does not exist on type 'KnowledgeQualityManagementSystem'.
src/knowledge/knowledge-quality-management.ts(861,39): error TS2339: Property 'getAverageReputation' does not exist on type 'KnowledgeQualityManagementSystem'.
src/knowledge/knowledge-quality-management.ts(862,44): error TS2339: Property 'getReputationDistribution' does not exist on type 'KnowledgeQualityManagementSystem'.
src/knowledge/knowledge-quality-management.ts(863,35): error TS2339: Property 'getTopPerformers' does not exist on type 'KnowledgeQualityManagementSystem'.
src/knowledge/knowledge-quality-management.ts(867,43): error TS2339: Property 'getValidationSuccessRate' does not exist on type 'KnowledgeQualityManagementSystem'.
src/knowledge/knowledge-quality-management.ts(868,43): error TS2339: Property 'getAverageValidationTime' does not exist on type 'KnowledgeQualityManagementSystem'.
src/knowledge/knowledge-quality-management.ts(869,40): error TS2339: Property 'getValidationAccuracy' does not exist on type 'KnowledgeQualityManagementSystem'.
src/knowledge/knowledge-quality-management.ts(872,41): error TS2339: Property 'getOverallQualityScore' does not exist on type 'KnowledgeQualityManagementSystem'.
src/knowledge/knowledge-quality-management.ts(873,35): error TS2339: Property 'getQualityTrends' does not exist on type 'KnowledgeQualityManagementSystem'.
src/knowledge/knowledge-quality-management.ts(874,41): error TS2339: Property 'getIssueResolutionRate' does not exist on type 'KnowledgeQualityManagementSystem'.
src/knowledge/knowledge-quality-management.ts(875,46): error TS2339: Property 'getImprovementEffectiveness' does not exist on type 'KnowledgeQualityManagementSystem'.
src/knowledge/knowledge-quality-management.ts(879,39): error TS2339: Property 'getAverageReviewTime' does not exist on type 'KnowledgeQualityManagementSystem'.
src/knowledge/knowledge-quality-management.ts(880,42): error TS2339: Property 'getReviewerSatisfaction' does not exist on type 'KnowledgeQualityManagementSystem'.
src/knowledge/knowledge-quality-management.ts(881,35): error TS2339: Property 'getAverageReviewQuality' does not exist on type 'KnowledgeQualityManagementSystem'.
src/knowledge/knowledge-quality-management.ts(884,40): error TS2339: Property 'getKnowledgeFreshness' does not exist on type 'KnowledgeQualityManagementSystem'.
src/knowledge/knowledge-quality-management.ts(885,37): error TS2339: Property 'getUpdateFrequency' does not exist on type 'KnowledgeQualityManagementSystem'.
src/knowledge/knowledge-quality-management.ts(886,31): error TS2339: Property 'getDecayRate' does not exist on type 'KnowledgeQualityManagementSystem'.
src/knowledge/knowledge-quality-management.ts(887,39): error TS2339: Property 'getRefreshEfficiency' does not exist on type 'KnowledgeQualityManagementSystem'.
src/knowledge/knowledge-quality-management.ts(900,31): error TS2339: Property 'shutdown' does not exist on type 'PeerReviewSystem'.
src/knowledge/knowledge-quality-management.ts(901,30): error TS2339: Property 'shutdown' does not exist on type 'TemporalKnowledgeManager'.
src/knowledge/knowledge-quality-management.ts(902,31): error TS2339: Property 'shutdown' does not exist on type 'QualityAssuranceSystem'.
src/knowledge/knowledge-quality-management.ts(903,31): error TS2339: Property 'shutdown' does not exist on type 'ReputationSystem'.
src/knowledge/knowledge-quality-management.ts(946,15): error TS2304: Cannot find name 'ReputationConfig'.
src/knowledge/knowledge-quality-management.ts(947,15): error TS2304: Cannot find name 'ValidationConfig'.
src/knowledge/knowledge-quality-management.ts(948,21): error TS2304: Cannot find name 'QualityAssuranceConfig'.
src/knowledge/knowledge-quality-management.ts(949,23): error TS2304: Cannot find name 'TemporalManagementConfig'.
src/knowledge/knowledge-quality-management.ts(950,15): error TS2304: Cannot find name 'PeerReviewConfig'.
src/knowledge/knowledge-storage.ts(21,27): error TS2307: Cannot find module './knowledge-cache-backends/sqlite-backend' or its corresponding type declarations.
src/knowledge/knowledge-storage.ts(29,19): error TS2304: Cannot find name 'FACTStorageConfig'.
src/knowledge/knowledge-storage.ts(30,20): error TS2304: Cannot find name 'FACTStorageBackend'.
src/knowledge/knowledge-storage.ts(31,41): error TS2304: Cannot find name 'FACTKnowledgeEntry'.
src/knowledge/knowledge-storage.ts(42,31): error TS2304: Cannot find name 'FACTStorageConfig'.
src/knowledge/knowledge-storage.ts(85,17): error TS2304: Cannot find name 'FACTKnowledgeEntry'.
src/knowledge/knowledge-storage.ts(90,27): error TS2304: Cannot find name 'FACTKnowledgeEntry'.
src/knowledge/knowledge-storage.ts(120,43): error TS2304: Cannot find name 'FACTKnowledgeEntry'.
src/knowledge/knowledge-storage.ts(159,32): error TS2304: Cannot find name 'FACTSearchQuery'.
src/knowledge/knowledge-storage.ts(159,58): error TS2304: Cannot find name 'FACTKnowledgeEntry'.
src/knowledge/knowledge-storage.ts(181,36): error TS2304: Cannot find name 'FACTStorageStats'.
src/knowledge/knowledge-storage.ts(295,28): error TS2304: Cannot find name 'FACTStorageBackend'.
src/knowledge/knowledge-storage.ts(323,38): error TS2304: Cannot find name 'FACTKnowledgeEntry'.
src/knowledge/knowledge-storage.ts(332,31): error TS2304: Cannot find name 'FACTKnowledgeEntry'.
src/knowledge/knowledge-storage.ts(337,22): error TS2304: Cannot find name 'FACTKnowledgeEntry'.
src/knowledge/knowledge-swarm.ts(13,10): error TS2724: '"../database/index"' has no exported member named 'createDAO'. Did you mean 'createDao'?
src/knowledge/knowledge-swarm.ts(13,21): error TS2614: Module '"../database/index"' has no exported member 'createRepository'. Did you mean to use 'import createRepository from "../database/index"' instead?
src/knowledge/knowledge-swarm.ts(170,14): error TS2339: Property 'vectorDAO' does not exist on type 'KnowledgeSwarm'.
src/knowledge/knowledge-swarm.ts(580,52): error TS2304: Cannot find name 'FACTResult'.
src/knowledge/knowledge-swarm.ts(908,51): error TS2304: Cannot find name 'FACTSwarmConfig'.
src/knowledge/performance-optimization-system.ts(105,18): error TS2300: Duplicate identifier 'EvictionPolicy'.
src/knowledge/performance-optimization-system.ts(111,18): error TS2300: Duplicate identifier 'ReplicationStrategy'.
src/knowledge/performance-optimization-system.ts(117,13): error TS2300: Duplicate identifier 'ConsistencyLevel'.
src/knowledge/performance-optimization-system.ts(251,13): error TS2300: Duplicate identifier 'EvictionPolicy'.
src/knowledge/performance-optimization-system.ts(260,13): error TS2300: Duplicate identifier 'ReplicationStrategy'.
src/knowledge/performance-optimization-system.ts(268,13): error TS2300: Duplicate identifier 'ConsistencyLevel'.
src/knowledge/performance-optimization-system.ts(292,24): error TS2304: Cannot find name 'AdaptiveCompressionEngine'.
src/knowledge/performance-optimization-system.ts(300,16): error TS2304: Cannot find name 'CompressionPerformance'.
src/knowledge/performance-optimization-system.ts(317,23): error TS2304: Cannot find name 'BatchingPerformanceTracker'.
src/knowledge/performance-optimization-system.ts(322,21): error TS2304: Cannot find name 'StreamAdaptationEngine'.
src/knowledge/performance-optimization-system.ts(323,22): error TS2304: Cannot find name 'StreamQualityManager'.
src/knowledge/performance-optimization-system.ts(324,22): error TS2304: Cannot find name 'BufferingStrategy'.
src/knowledge/performance-optimization-system.ts(325,16): error TS2304: Cannot find name 'FlowControlManager'.
src/knowledge/performance-optimization-system.ts(330,23): error TS2304: Cannot find name 'PriorityCalculator'.
src/knowledge/performance-optimization-system.ts(331,20): error TS2304: Cannot find name 'QueueManager'.
src/knowledge/performance-optimization-system.ts(332,23): error TS2304: Cannot find name 'FairnessController'.
src/knowledge/performance-optimization-system.ts(333,23): error TS2304: Cannot find name 'QueuePerformanceMonitor'.
src/knowledge/performance-optimization-system.ts(370,24): error TS2304: Cannot find name 'FairnessEnforcementSystem'.
src/knowledge/performance-optimization-system.ts(375,21): error TS2304: Cannot find name 'WeightingScheme'.
src/knowledge/performance-optimization-system.ts(376,26): error TS2304: Cannot find name 'PriorityAlgorithm'.
src/knowledge/performance-optimization-system.ts(377,27): error TS2304: Cannot find name 'AdaptivePrioritizationEngine'.
src/knowledge/performance-optimization-system.ts(378,29): error TS2304: Cannot find name 'ContextualPrioritizationSystem'.
src/knowledge/performance-optimization-system.ts(382,23): error TS2304: Cannot find name 'PriorityAdjustmentEngine'.
src/knowledge/performance-optimization-system.ts(383,27): error TS2304: Cannot find name 'TemporalPrioritizationSystem'.
src/knowledge/performance-optimization-system.ts(384,28): error TS2304: Cannot find name 'LoadBasedPrioritizationEngine'.
src/knowledge/performance-optimization-system.ts(385,28): error TS2304: Cannot find name 'UserFeedbackIntegrator'.
src/knowledge/performance-optimization-system.ts(386,28): error TS2304: Cannot find name 'EmergencyPrioritizationHandler'.
src/knowledge/performance-optimization-system.ts(391,30): error TS2304: Cannot find name 'ResourcePool'.
src/knowledge/performance-optimization-system.ts(392,25): error TS2304: Cannot find name 'UtilizationOptimizer'.
src/knowledge/performance-optimization-system.ts(393,21): error TS2304: Cannot find name 'CapacityPlanningEngine'.
src/knowledge/performance-optimization-system.ts(394,19): error TS2304: Cannot find name 'ElasticScalingManager'.
src/knowledge/performance-optimization-system.ts(398,19): error TS2304: Cannot find name 'ServiceClass'.
src/knowledge/performance-optimization-system.ts(399,18): error TS2304: Cannot find name 'SLAManager'.
src/knowledge/performance-optimization-system.ts(400,26): error TS2304: Cannot find name 'PerformanceGuarantee'.
src/knowledge/performance-optimization-system.ts(401,23): error TS2304: Cannot find name 'ViolationDetectionSystem'.
src/knowledge/performance-optimization-system.ts(402,20): error TS2304: Cannot find name 'RemedialActionEngine'.
src/knowledge/performance-optimization-system.ts(432,22): error TS2304: Cannot find name 'AdaptiveBalancingEngine'.
src/knowledge/performance-optimization-system.ts(438,17): error TS2304: Cannot find name 'HealthStatus'.
src/knowledge/performance-optimization-system.ts(439,23): error TS2304: Cannot find name 'LoadBalancerMetrics'.
src/knowledge/performance-optimization-system.ts(440,18): error TS2304: Cannot find name 'LoadBalancerConfig'.
src/knowledge/performance-optimization-system.ts(446,18): error TS2304: Cannot find name 'BalancingApplicability'.
src/knowledge/performance-optimization-system.ts(447,16): error TS2304: Cannot find name 'BalancingPerformance'.
src/knowledge/performance-optimization-system.ts(448,17): error TS2304: Cannot find name 'AdaptabilityConfig'.
src/knowledge/performance-optimization-system.ts(452,31): error TS2304: Cannot find name 'HealthChecker'.
src/knowledge/performance-optimization-system.ts(453,22): error TS2304: Cannot find name 'HealthCheckProtocol'.
src/knowledge/performance-optimization-system.ts(454,21): error TS2304: Cannot find name 'FailureDetectionSystem'.
src/knowledge/performance-optimization-system.ts(455,23): error TS2304: Cannot find name 'RecoveryManager'.
src/knowledge/performance-optimization-system.ts(456,19): error TS2304: Cannot find name 'HealthAlertingSystem'.
src/knowledge/performance-optimization-system.ts(460,20): error TS2304: Cannot find name 'TrafficShapingPolicy'.
src/knowledge/performance-optimization-system.ts(461,17): error TS2304: Cannot find name 'RateLimitingSystem'.
src/knowledge/performance-optimization-system.ts(462,22): error TS2304: Cannot find name 'CongestionControlSystem'.
src/knowledge/performance-optimization-system.ts(463,20): error TS2304: Cannot find name 'AdaptiveShapingEngine'.
src/knowledge/performance-optimization-system.ts(464,23): error TS2304: Cannot find name 'FlowClassificationSystem'.
src/knowledge/performance-optimization-system.ts(494,20): error TS2304: Cannot find name 'DashboardSystem'.
src/knowledge/performance-optimization-system.ts(499,21): error TS2304: Cannot find name 'MetricsAggregationRule'.
src/knowledge/performance-optimization-system.ts(500,23): error TS2304: Cannot find name 'SamplingStrategy'.
src/knowledge/performance-optimization-system.ts(501,18): error TS2304: Cannot find name 'MetricsStorageSystem'.
src/knowledge/performance-optimization-system.ts(502,22): error TS2304: Cannot find name 'RetentionPolicy'.
src/knowledge/performance-optimization-system.ts(506,20): error TS2304: Cannot find name 'AnalyticsModel'.
src/knowledge/performance-optimization-system.ts(507,18): error TS2304: Cannot find name 'TrendAnalysisEngine'.
src/knowledge/performance-optimization-system.ts(508,23): error TS2304: Cannot find name 'PatternRecognitionSystem'.
src/knowledge/performance-optimization-system.ts(509,24): error TS2304: Cannot find name 'PredictiveAnalyticsEngine'.
src/knowledge/performance-optimization-system.ts(510,21): error TS2304: Cannot find name 'ReportGenerationSystem'.
src/knowledge/performance-optimization-system.ts(515,23): error TS2304: Cannot find name 'BaselineManager'.
src/knowledge/performance-optimization-system.ts(516,24): error TS2304: Cannot find name 'ThresholdManager'.
src/knowledge/performance-optimization-system.ts(517,24): error TS2304: Cannot find name 'CorrelationAnalysisEngine'.
src/knowledge/performance-optimization-system.ts(518,22): error TS2304: Cannot find name 'RootCauseAnalysisSystem'.
src/knowledge/performance-optimization-system.ts(522,15): error TS2304: Cannot find name 'AlertRule'.
src/knowledge/performance-optimization-system.ts(523,25): error TS2304: Cannot find name 'NotificationChannel'.
src/knowledge/performance-optimization-system.ts(524,23): error TS2304: Cannot find name 'EscalationPolicy'.
src/knowledge/performance-optimization-system.ts(525,21): error TS2304: Cannot find name 'AlertCorrelationEngine'.
src/knowledge/performance-optimization-system.ts(526,21): error TS2304: Cannot find name 'SuppressionRule'.
src/knowledge/performance-optimization-system.ts(565,48): error TS2304: Cannot find name 'PerformanceMetric'.
src/knowledge/performance-optimization-system.ts(566,47): error TS2304: Cannot find name 'OptimizationRule'.
src/knowledge/performance-optimization-system.ts(567,43): error TS2304: Cannot find name 'ResourcePool'.
src/knowledge/performance-optimization-system.ts(568,49): error TS2304: Cannot find name 'ActiveOptimization'.
src/knowledge/performance-optimization-system.ts(583,30): error TS2693: 'IntelligentCachingEngine' only refers to a type, but is being used as a value here.
src/knowledge/performance-optimization-system.ts(589,38): error TS2304: Cannot find name 'BandwidthOptimizationEngine'.
src/knowledge/performance-optimization-system.ts(595,35): error TS2304: Cannot find name 'PriorityManagementEngine'.
src/knowledge/performance-optimization-system.ts(601,30): error TS2304: Cannot find name 'LoadBalancingEngine'.
src/knowledge/performance-optimization-system.ts(607,27): error TS2304: Cannot find name 'RealTimeMonitoringEngine'.
src/knowledge/performance-optimization-system.ts(621,21): error TS2339: Property 'on' does not exist on type 'RealTimeMonitoringSystem'.
src/knowledge/performance-optimization-system.ts(622,18): error TS2339: Property 'applyPerformanceOptimizations' does not exist on type 'PerformanceOptimizationSystem'.
src/knowledge/performance-optimization-system.ts(627,24): error TS2339: Property 'on' does not exist on type 'IntelligentCachingSystem'.
src/knowledge/performance-optimization-system.ts(628,40): error TS2339: Property 'optimizeTransfer' does not exist on type 'BandwidthOptimizationSystem'.
src/knowledge/performance-optimization-system.ts(633,29): error TS2339: Property 'on' does not exist on type 'PriorityManagementSystem'.
src/knowledge/performance-optimization-system.ts(634,32): error TS2339: Property 'adjustLoadDistribution' does not exist on type 'LoadBalancingSystem'.
src/knowledge/performance-optimization-system.ts(639,24): error TS2339: Property 'on' does not exist on type 'LoadBalancingSystem'.
src/knowledge/performance-optimization-system.ts(640,29): error TS2339: Property 'trackLoadImbalance' does not exist on type 'RealTimeMonitoringSystem'.
src/knowledge/performance-optimization-system.ts(645,32): error TS2339: Property 'on' does not exist on type 'BandwidthOptimizationSystem'.
src/knowledge/performance-optimization-system.ts(646,32): error TS2339: Property 'updateCacheStrategy' does not exist on type 'IntelligentCachingSystem'.
src/knowledge/performance-optimization-system.ts(669,21): error TS2339: Property 'createOptimizedResponse' does not exist on type 'PerformanceOptimizationSystem'.
src/knowledge/performance-optimization-system.ts(679,43): error TS2551: Property 'applyBandwidthOptimization' does not exist on type 'PerformanceOptimizationSystem'. Did you mean 'bandwidthOptimization'?
src/knowledge/performance-optimization-system.ts(682,40): error TS2339: Property 'routeThroughLoadBalancer' does not exist on type 'PerformanceOptimizationSystem'.
src/knowledge/performance-optimization-system.ts(685,44): error TS2339: Property 'processWithMonitoring' does not exist on type 'PerformanceOptimizationSystem'.
src/knowledge/performance-optimization-system.ts(688,18): error TS2339: Property 'cacheProcessedResult' does not exist on type 'PerformanceOptimizationSystem'.
src/knowledge/performance-optimization-system.ts(691,44): error TS2339: Property 'applyPostProcessingOptimizations' does not exist on type 'PerformanceOptimizationSystem'.
src/knowledge/performance-optimization-system.ts(701,40): error TS2339: Property 'getCompressionRatio' does not exist on type 'PerformanceOptimizationSystem'.
src/knowledge/performance-optimization-system.ts(704,38): error TS2339: Property 'getBandwidthSavings' does not exist on type 'PerformanceOptimizationSystem'.
src/knowledge/performance-optimization-system.ts(705,43): error TS2339: Property 'getResourceUtilization' does not exist on type 'PerformanceOptimizationSystem'.
src/knowledge/performance-optimization-system.ts(707,40): error TS2339: Property 'getRequestPerformanceMetrics' does not exist on type 'PerformanceOptimizationSystem'.
src/knowledge/performance-optimization-system.ts(743,47): error TS2339: Property 'analyzeDistributionPatterns' does not exist on type 'PerformanceOptimizationSystem'.
src/knowledge/performance-optimization-system.ts(746,42): error TS2339: Property 'selectSharingStrategy' does not exist on type 'PerformanceOptimizationSystem'.
src/knowledge/performance-optimization-system.ts(752,43): error TS2339: Property 'optimizeContentForSharing' does not exist on type 'PerformanceOptimizationSystem'.
src/knowledge/performance-optimization-system.ts(758,46): error TS2339: Property 'optimizeRoutingAndBatching' does not exist on type 'PerformanceOptimizationSystem'.
src/knowledge/performance-optimization-system.ts(764,48): error TS2339: Property 'applyAdaptiveStreaming' does not exist on type 'PerformanceOptimizationSystem'.
src/knowledge/performance-optimization-system.ts(770,41): error TS2339: Property 'executeOptimizedSharing' does not exist on type 'PerformanceOptimizationSystem'.
src/knowledge/performance-optimization-system.ts(773,44): error TS2339: Property 'monitorSharingPerformance' does not exist on type 'PerformanceOptimizationSystem'.
src/knowledge/performance-optimization-system.ts(781,42): error TS2339: Property 'calculateBandwidthReduction' does not exist on type 'PerformanceOptimizationSystem'.
src/knowledge/performance-optimization-system.ts(785,42): error TS2339: Property 'calculateLatencyImprovement' does not exist on type 'PerformanceOptimizationSystem'.
src/knowledge/performance-optimization-system.ts(786,42): error TS2339: Property 'calculateThroughputIncrease' does not exist on type 'PerformanceOptimizationSystem'.
src/knowledge/performance-optimization-system.ts(787,42): error TS2339: Property 'calculateResourceEfficiency' does not exist on type 'PerformanceOptimizationSystem'.
src/knowledge/performance-optimization-system.ts(813,40): error TS2339: Property 'analyzeCachePerformance' does not exist on type 'PerformanceOptimizationSystem'.
src/knowledge/performance-optimization-system.ts(816,52): error TS2339: Property 'identifyCacheOptimizations' does not exist on type 'PerformanceOptimizationSystem'.
src/knowledge/performance-optimization-system.ts(820,61): error TS2339: Property 'applyCacheOptimization' does not exist on type 'PerformanceOptimizationSystem'.
src/knowledge/performance-optimization-system.ts(824,42): error TS2339: Property 'updateEvictionPolicies' does not exist on type 'PerformanceOptimizationSystem'.
src/knowledge/performance-optimization-system.ts(830,51): error TS2339: Property 'optimizePrefetchingStrategies' does not exist on type 'PerformanceOptimizationSystem'.
src/knowledge/performance-optimization-system.ts(833,51): error TS2339: Property 'optimizeReplicationStrategies' does not exist on type 'PerformanceOptimizationSystem'.
src/knowledge/performance-optimization-system.ts(843,42): error TS2339: Property 'calculateHitRateImprovement' does not exist on type 'PerformanceOptimizationSystem'.
src/knowledge/performance-optimization-system.ts(847,40): error TS2339: Property 'calculateLatencyReduction' does not exist on type 'PerformanceOptimizationSystem'.
src/knowledge/performance-optimization-system.ts(851,40): error TS2339: Property 'calculateMemoryEfficiency' does not exist on type 'PerformanceOptimizationSystem'.
src/knowledge/performance-optimization-system.ts(855,40): error TS2339: Property 'calculateNetworkReduction' does not exist on type 'PerformanceOptimizationSystem'.
src/knowledge/performance-optimization-system.ts(878,29): error TS2339: Property 'getCacheHitRate' does not exist on type 'PerformanceOptimizationSystem'.
src/knowledge/performance-optimization-system.ts(879,30): error TS2339: Property 'getCacheMissRate' does not exist on type 'PerformanceOptimizationSystem'.
src/knowledge/performance-optimization-system.ts(880,34): error TS2339: Property 'getCacheEvictionRate' does not exist on type 'PerformanceOptimizationSystem'.
src/knowledge/performance-optimization-system.ts(881,39): error TS2339: Property 'getCacheMemoryUtilization' does not exist on type 'PerformanceOptimizationSystem'.
src/knowledge/performance-optimization-system.ts(882,36): error TS2339: Property 'getCacheAverageLatency' does not exist on type 'PerformanceOptimizationSystem'.
src/knowledge/performance-optimization-system.ts(885,38): error TS2339: Property 'getAverageCompressionRatio' does not exist on type 'PerformanceOptimizationSystem'.
src/knowledge/performance-optimization-system.ts(886,38): error TS2339: Property 'getTotalBandwidthSavings' does not exist on type 'PerformanceOptimizationSystem'.
src/knowledge/performance-optimization-system.ts(887,40): error TS2339: Property 'getTransferEfficiency' does not exist on type 'PerformanceOptimizationSystem'.
src/knowledge/performance-optimization-system.ts(888,50): error TS2339: Property 'getStreamingUtilization' does not exist on type 'PerformanceOptimizationSystem'.
src/knowledge/performance-optimization-system.ts(891,41): error TS2339: Property 'getAverageResponseTime' does not exist on type 'PerformanceOptimizationSystem'.
src/knowledge/performance-optimization-system.ts(892,42): error TS2339: Property 'getPriorityDistribution' does not exist on type 'PerformanceOptimizationSystem'.
src/knowledge/performance-optimization-system.ts(893,35): error TS2339: Property 'getQoSViolations' does not exist on type 'PerformanceOptimizationSystem'.
src/knowledge/performance-optimization-system.ts(894,35): error TS2339: Property 'getFairnessIndex' does not exist on type 'PerformanceOptimizationSystem'.
src/knowledge/performance-optimization-system.ts(897,38): error TS2339: Property 'getLoadDistribution' does not exist on type 'PerformanceOptimizationSystem'.
src/knowledge/performance-optimization-system.ts(898,34): error TS2339: Property 'getHealthyNodeCount' does not exist on type 'PerformanceOptimizationSystem'.
src/knowledge/performance-optimization-system.ts(899,40): error TS2339: Property 'getAverageUtilization' does not exist on type 'PerformanceOptimizationSystem'.
src/knowledge/performance-optimization-system.ts(900,34): error TS2339: Property 'getFailoverRate' does not exist on type 'PerformanceOptimizationSystem'.
src/knowledge/performance-optimization-system.ts(903,43): error TS2339: Property 'getMetricsCollectionRate' does not exist on type 'PerformanceOptimizationSystem'.
src/knowledge/performance-optimization-system.ts(904,39): error TS2339: Property 'getAnomaliesDetected' does not exist on type 'PerformanceOptimizationSystem'.
src/knowledge/performance-optimization-system.ts(905,37): error TS2339: Property 'getAlertsGenerated' does not exist on type 'PerformanceOptimizationSystem'.
src/knowledge/performance-optimization-system.ts(906,34): error TS2339: Property 'getSystemHealth' does not exist on type 'PerformanceOptimizationSystem'.
src/knowledge/performance-optimization-system.ts(910,45): error TS2339: Property 'getAverageOptimizationGain' does not exist on type 'PerformanceOptimizationSystem'.
src/knowledge/performance-optimization-system.ts(911,40): error TS2339: Property 'getOverallResourceEfficiency' does not exist on type 'PerformanceOptimizationSystem'.
src/knowledge/performance-optimization-system.ts(912,43): error TS2339: Property 'getUserSatisfactionScore' does not exist on type 'PerformanceOptimizationSystem'.
src/knowledge/project-context-analyzer.ts(686,30): error TS2339: Property 'replace' does not exist on type 'never'.
src/knowledge/storage-backends/sqlite-backend.ts(25,14): error TS2420: Class 'SQLiteBackend' incorrectly implements interface 'FACTStorageBackend'.
  Type 'SQLiteBackend' is missing the following properties from type 'FACTStorageBackend': clearByQuality, clearByAge, clearMemoryCache, clearAll, and 2 more.
src/knowledge/test-monorepo-detection.ts(14,7): error TS2353: Object literal may only specify known properties, and 'name' does not exist in type 'KnowledgeSwarmConfig'.
src/memory/controllers/memory-controller.ts(131,2): error TS2554: Expected 1 arguments, but got 0.
src/memory/controllers/memory-controller.ts(131,2): error TS1238: Unable to resolve signature of class decorator when called as an expression.
  This expression is not callable.
    Type 'Constructor' has no call signatures.
src/memory/core/memory-coordinator.ts(7,39): error TS2307: Cannot find module '../backends/base.backend' or its corresponding type declarations.
src/memory/error-handling/recovery-strategies.ts(7,39): error TS2307: Cannot find module '../backends/base.backend' or its corresponding type declarations.
src/memory/index.ts(9,15): error TS2307: Cannot find module './backends/base.backend' or its corresponding type declarations.
src/memory/index.ts(10,15): error TS2307: Cannot find module './backends/factory' or its corresponding type declarations.
src/memory/index.ts(72,20): error TS2304: Cannot find name 'MemoryCoordinationConfig'.
src/memory/index.ts(73,20): error TS2304: Cannot find name 'OptimizationConfig'.
src/memory/index.ts(74,18): error TS2304: Cannot find name 'MonitoringConfig'.
src/memory/index.ts(82,45): error TS2307: Cannot find module './backends/factory' or its corresponding type declarations.
src/memory/mcp/memory-tools.ts(6,39): error TS2307: Cannot find module '../backends/base.backend' or its corresponding type declarations.
src/memory/mcp/memory-tools.ts(7,32): error TS2307: Cannot find module '../backends/factory' or its corresponding type declarations.
src/memory/mcp/memory-tools.ts(362,32): error TS2339: Property 'coordinator' does not exist on type '{}'.
src/memory/mcp/memory-tools.ts(368,32): error TS2339: Property 'optimizer' does not exist on type '{}'.
src/memory/mcp/memory-tools.ts(440,30): error TS2339: Property 'backends' does not exist on type '{}'.
src/memory/mcp/memory-tools.ts(582,35): error TS2339: Property 'coordinator' does not exist on type '{}'.
src/memory/mcp/memory-tools.ts(592,35): error TS2339: Property 'coordinator' does not exist on type '{}'.
src/memory/mcp/memory-tools.ts(603,35): error TS2339: Property 'optimizer' does not exist on type '{}'.
src/memory/mcp/memory-tools.ts(611,35): error TS2339: Property 'optimizer' does not exist on type '{}'.
src/memory/mcp/memory-tools.ts(636,33): error TS2339: Property 'backends' does not exist on type '{}'.
src/memory/memory-integration.ts(99,9): error TS2345: Argument of type 'unknown' is not assignable to parameter of type 'DALFactory'.
  Type '{}' is missing the following properties from type 'DALFactory': repositoryCache, daoCache, adapterCache, entityRegistry, and 22 more.
src/memory/memory-integration.ts(120,7): error TS2554: Expected 3 arguments, but got 2.
src/memory/memory-integration.ts(141,20): error TS2339: Property 'createProvider' does not exist on type 'unknown'.
src/memory/memory-integration.ts(142,22): error TS2339: Property 'createProvider' does not exist on type 'unknown'.
src/memory/memory-integration.ts(143,23): error TS2339: Property 'createProvider' does not exist on type 'unknown'.
src/memory/memory-integration.ts(144,20): error TS2339: Property 'createProvider' does not exist on type 'unknown'.
src/memory/memory-integration.ts(193,8): error TS2339: Property 'createProvider' does not exist on type 'unknown'.
src/memory/memory-integration.ts(200,8): error TS2339: Property 'createProvider' does not exist on type 'unknown'.
src/memory/memory-integration.ts(207,8): error TS2339: Property 'createProvider' does not exist on type 'unknown'.
src/memory/memory-integration.ts(214,8): error TS2339: Property 'createProvider' does not exist on type 'unknown'.
src/memory/memory.ts(7,65): error TS2307: Cannot find module './backends/base.backend' or its corresponding type declarations.
src/memory/memory.ts(8,32): error TS2307: Cannot find module './backends/factory' or its corresponding type declarations.
src/memory/memory.ts(298,11): error TS2300: Duplicate identifier 'store'.
src/memory/memory.ts(308,9): error TS2300: Duplicate identifier 'store'.
src/memory/monitoring/memory-monitor.ts(7,39): error TS2307: Cannot find module '../backends/base.backend' or its corresponding type declarations.
src/memory/optimization/performance-optimizer.ts(7,39): error TS2307: Cannot find module '../backends/base.backend' or its corresponding type declarations.
src/memory/providers/memory-providers.ts(11,10): error TS2724: '"../../di/decorators/injectable"' has no exported member named 'Inject'. Did you mean 'inject'?
src/memory/providers/memory-providers.ts(11,18): error TS2724: '"../../di/decorators/injectable"' has no exported member named 'Injectable'. Did you mean 'injectable'?
src/memory/providers/memory-providers.ts(141,45): error TS2339: Property 'findByCriteria' does not exist on type 'ICoordinationRepository<any>'.
src/memory/providers/memory-providers.ts(167,48): error TS2339: Property 'findByCriteria' does not exist on type 'ICoordinationRepository<any>'.
src/memory/providers/memory-providers.ts(182,48): error TS2339: Property 'findByCriteria' does not exist on type 'ICoordinationRepository<any>'.
src/memory/providers/memory-providers.ts(194,29): error TS2339: Property 'findByCriteria' does not exist on type 'ICoordinationRepository<any>'.
src/memory/providers/memory-providers.ts(241,29): error TS2551: Property 'addVector' does not exist on type 'IVectorRepository<any>'. Did you mean 'addVectors'?
src/memory/providers/memory-providers.ts(262,45): error TS2339: Property 'searchSimilar' does not exist on type 'IVectorRepository<any>'.
src/memory/providers/memory-providers.ts(276,29): error TS2339: Property 'deleteVector' does not exist on type 'IVectorRepository<any>'.
src/memory/providers/memory-providers.ts(290,48): error TS2339: Property 'searchSimilar' does not exist on type 'IVectorRepository<any>'.
src/memory/providers/memory-providers.ts(292,31): error TS2339: Property 'deleteVector' does not exist on type 'IVectorRepository<any>'.
src/memory/providers/memory-providers.ts(305,48): error TS2339: Property 'searchSimilar' does not exist on type 'IVectorRepository<any>'.
src/memory/providers/memory-providers.ts(317,29): error TS2339: Property 'searchSimilar' does not exist on type 'IVectorRepository<any>'.
src/memory/safe-memory-store.ts(17,8): error TS2307: Cannot find module '../../utils/type-guards' or its corresponding type declarations.
src/memory/safe-memory-store.ts(44,11): error TS2300: Duplicate identifier 'store'.
src/memory/safe-memory-store.ts(83,9): error TS2300: Duplicate identifier 'store'.
src/memory/safe-memory-store.ts(432,35): error TS2341: Property 'store' is private and only accessible within class 'SafeMemoryStore'.
src/memory/safe-memory-store.ts(432,35): error TS2349: This expression is not callable.
  Type 'Map<string, any>' has no call signatures.
src/monitoring/optimization/optimization-engine.ts(592,13): error TS2322: Type '{ actionId: string; executionTime: number; success?: boolean; beforeMetrics?: CompositeMetrics; afterMetrics?: CompositeMetrics; impact?: { performance: number; efficiency: number; cost: number; }; error?: string; }' is not assignable to type 'OptimizationResult'.
  Property 'success' is optional in type '{ actionId: string; executionTime: number; success?: boolean; beforeMetrics?: CompositeMetrics; afterMetrics?: CompositeMetrics; impact?: { performance: number; efficiency: number; cost: number; }; error?: string; }' but required in type 'OptimizationResult'.
src/monitoring/performance/real-time-monitor.ts(404,15): error TS2484: Export declaration conflicts with exported declaration of 'PerformanceMetric'.
src/monitoring/performance/real-time-monitor.ts(404,34): error TS2484: Export declaration conflicts with exported declaration of 'PerformanceBounds'.
src/monitoring/performance/real-time-monitor.ts(404,53): error TS2484: Export declaration conflicts with exported declaration of 'AlertConfig'.
src/neural/agents/neural-agent.ts(960,25): error TS2307: Cannot find module './neural' or its corresponding type declarations.
src/neural/core/daa-cognition.ts(135,40): error TS2345: Argument of type '{ id: string; feedback: any; timestamp: Date; changes: any[]; }' is not assignable to parameter of type 'CognitionAdaptation'.
  Type '{ id: string; feedback: any; timestamp: Date; changes: any[]; }' is missing the following properties from type 'CognitionAdaptation': trigger, change
src/neural/core/neural-coordination-protocol.ts(8,10): error TS2339: Property 'nodes' does not exist on type 'NeuralCoordinationProtocol'.
src/neural/core/neural-coordination-protocol.ts(9,10): error TS2339: Property 'messages' does not exist on type 'NeuralCoordinationProtocol'.
src/neural/core/neural-coordination-protocol.ts(10,10): error TS2339: Property 'options' does not exist on type 'NeuralCoordinationProtocol'.
src/neural/core/neural-coordination-protocol.ts(25,10): error TS2339: Property 'nodes' does not exist on type 'NeuralCoordinationProtocol'.
src/neural/core/neural-coordination-protocol.ts(51,10): error TS2339: Property 'messages' does not exist on type 'NeuralCoordinationProtocol'.
src/neural/core/neural-coordination-protocol.ts(54,23): error TS2339: Property 'nodes' does not exist on type 'NeuralCoordinationProtocol'.
src/neural/core/neural-coordination-protocol.ts(61,14): error TS2339: Property 'messages' does not exist on type 'NeuralCoordinationProtocol'.
src/neural/core/neural-coordination-protocol.ts(61,37): error TS2339: Property 'options' does not exist on type 'NeuralCoordinationProtocol'.
src/neural/core/neural-coordination-protocol.ts(62,12): error TS2339: Property 'messages' does not exist on type 'NeuralCoordinationProtocol'.
src/neural/core/neural-coordination-protocol.ts(62,28): error TS2339: Property 'messages' does not exist on type 'NeuralCoordinationProtocol'.
src/neural/core/neural-coordination-protocol.ts(62,49): error TS2339: Property 'options' does not exist on type 'NeuralCoordinationProtocol'.
src/neural/core/neural-coordination-protocol.ts(75,23): error TS2339: Property 'nodes' does not exist on type 'NeuralCoordinationProtocol'.
src/neural/core/neural-coordination-protocol.ts(92,34): error TS2339: Property 'nodes' does not exist on type 'NeuralCoordinationProtocol'.
src/neural/core/neural-coordination-protocol.ts(98,47): error TS2339: Property 'nodes' does not exist on type 'NeuralCoordinationProtocol'.
src/neural/core/neural-coordination-protocol.ts(105,35): error TS2339: Property 'nodes' does not exist on type 'NeuralCoordinationProtocol'.
src/neural/core/neural-coordination-protocol.ts(108,42): error TS2339: Property 'status' does not exist on type 'unknown'.
src/neural/core/neural-coordination-protocol.ts(109,27): error TS2339: Property 'messages' does not exist on type 'NeuralCoordinationProtocol'.
src/neural/core/neural-coordination-protocol.ts(111,28): error TS2362: The left-hand side of an arithmetic operation must be of type 'any', 'number', 'bigint' or an enum type.
src/neural/core/neural-coordination-protocol.ts(111,61): error TS2339: Property 'messageCount' does not exist on type 'unknown'.
src/neural/core/neural-coordination-protocol.ts(113,14): error TS2339: Property 'messages' does not exist on type 'NeuralCoordinationProtocol'.
src/neural/core/neural-coordination-protocol.ts(113,41): error TS2339: Property 'messages' does not exist on type 'NeuralCoordinationProtocol'.
src/neural/core/neural-coordination-protocol.ts(113,55): error TS2339: Property 'messages' does not exist on type 'NeuralCoordinationProtocol'.
src/neural/core/neural-coordination-protocol.ts(123,17): error TS2339: Property 'messages' does not exist on type 'NeuralCoordinationProtocol'.
src/neural/core/neural-models/neural-presets-complete.ts(55,10): error TS2339: Property 'patterns' does not exist on type 'CognitivePatternSelector'.
src/neural/core/neural-models/neural-presets-complete.ts(56,10): error TS2339: Property 'selectionHistory' does not exist on type 'CognitivePatternSelector'.
src/neural/core/neural-models/neural-presets-complete.ts(69,10): error TS2339: Property 'selectionHistory' does not exist on type 'CognitivePatternSelector'.
src/neural/core/neural-models/neural-presets-complete.ts(85,10): error TS2339: Property 'patterns' does not exist on type 'CognitivePatternSelector'.
src/neural/core/neural-models/neural-presets-complete.ts(90,36): error TS2339: Property 'patterns' does not exist on type 'CognitivePatternSelector'.
src/neural/core/neural-models/neural-presets-complete.ts(94,48): error TS2339: Property 'architecture' does not exist on type 'unknown'.
src/neural/core/neural-models/neural-presets-complete.ts(140,10): error TS2339: Property 'adaptations' does not exist on type 'NeuralAdaptationEngine'.
src/neural/core/neural-models/neural-presets-complete.ts(141,10): error TS2339: Property 'performanceHistory' does not exist on type 'NeuralAdaptationEngine'.
src/neural/core/neural-models/neural-presets-complete.ts(153,10): error TS2339: Property 'adaptations' does not exist on type 'NeuralAdaptationEngine'.
src/neural/core/neural-models/neural-presets-complete.ts(159,10): error TS2339: Property 'performanceHistory' does not exist on type 'NeuralAdaptationEngine'.
src/neural/core/neural-models/neural-presets-complete.ts(173,36): error TS2339: Property 'performanceHistory' does not exist on type 'NeuralAdaptationEngine'.
src/neural/core/neural-network-manager.ts(133,10): error TS2339: Property 'daaCognition' does not exist on type 'NeuralNetworkManager'.
src/neural/core/neural-network-manager.ts(142,10): error TS2339: Property 'collaborativeMemory' does not exist on type 'NeuralNetworkManager'.
src/neural/core/neural-network-manager.ts(146,10): error TS2339: Property 'adaptiveOptimization' does not exist on type 'NeuralNetworkManager'.
src/neural/core/neural-network-manager.ts(147,10): error TS2339: Property 'federatedLearningEnabled' does not exist on type 'NeuralNetworkManager'.
src/neural/core/neural-network-manager.ts(410,67): error TS2339: Property 'initializeAgent' does not exist on type 'CognitivePatternEvolution'.
src/neural/core/neural-network-manager.ts(411,37): error TS2339: Property 'initializeAgent' does not exist on type 'CognitivePatternEvolution'.
src/neural/core/neural-network-manager.ts(418,32): error TS2339: Property 'adaptConfiguration' does not exist on type 'MetaLearningFramework'.
src/neural/core/neural-network-manager.ts(420,40): error TS2339: Property 'adaptConfiguration' does not exist on type 'MetaLearningFramework'.
src/neural/core/neural-network-manager.ts(433,48): error TS2339: Property 'loadModule' does not exist on type 'unknown'.
src/neural/core/neural-network-manager.ts(458,40): error TS2345: Argument of type 'NeuralNetwork' is not assignable to parameter of type 'NeuralNetworkInstance'.
  Type 'NeuralNetwork' is missing the following properties from type 'NeuralNetworkInstance': id, config, trainingState, metrics
src/neural/core/neural-network-manager.ts(469,38): error TS2345: Argument of type 'SimulatedNeuralNetwork' is not assignable to parameter of type 'NeuralNetworkInstance'.
  Type 'SimulatedNeuralNetwork' is missing the following properties from type 'NeuralNetworkInstance': id, config, trainingState, metrics
src/neural/core/neural-network-manager.ts(498,44): error TS2339: Property 'selectPatternsForPreset' does not exist on type 'CognitivePatternSelector'.
src/neural/core/neural-network-manager.ts(500,57): error TS2339: Property 'selectPatternsForPreset' does not exist on type 'CognitivePatternSelector'.
src/neural/core/neural-network-manager.ts(529,42): error TS2339: Property 'registerAgent' does not exist on type 'NeuralCoordinationProtocol'.
src/neural/core/neural-network-manager.ts(531,41): error TS2339: Property 'registerAgent' does not exist on type 'NeuralCoordinationProtocol'.
src/neural/core/neural-network-manager.ts(537,44): error TS2339: Property 'initializeAdaptation' does not exist on type 'NeuralAdaptationEngine'.
src/neural/core/neural-network-manager.ts(539,43): error TS2339: Property 'initializeAdaptation' does not exist on type 'NeuralAdaptationEngine'.
src/neural/core/neural-network-manager.ts(544,9): error TS2353: Object literal may only specify known properties, and 'creationTime' does not exist in type 'PerformanceMetrics'.
src/neural/core/neural-network-manager.ts(575,61): error TS2554: Expected 1 arguments, but got 2.
src/neural/core/neural-network-manager.ts(580,56): error TS2339: Property 'optimizeTraining' does not exist on type 'MetaLearningFramework'.
src/neural/core/neural-network-manager.ts(585,34): error TS2339: Property 'train' does not exist on type 'NeuralNetworkInstance'.
src/neural/core/neural-network-manager.ts(598,56): error TS2339: Property 'assessGrowth' does not exist on type 'CognitivePatternEvolution'.
src/neural/core/neural-network-manager.ts(600,36): error TS2339: Property 'cognitivePatterns' does not exist on type 'PerformanceMetrics'.
src/neural/core/neural-network-manager.ts(605,15): error TS2339: Property 'adaptationHistory' does not exist on type 'PerformanceMetrics'.
src/neural/core/neural-network-manager.ts(608,41): error TS2339: Property 'recordAdaptation' does not exist on type 'NeuralAdaptationEngine'.
src/neural/core/neural-network-manager.ts(616,7): error TS2339: Property 'strategy' does not exist on type '{}'.
src/neural/core/neural-network-manager.ts(617,7): error TS2339: Property 'syncInterval' does not exist on type '{}'.
src/neural/core/neural-network-manager.ts(618,7): error TS2339: Property 'privacyLevel' does not exist on type '{}'.
src/neural/core/neural-network-manager.ts(619,7): error TS2339: Property 'enableKnowledgeSharing' does not exist on type '{}'.
src/neural/core/neural-network-manager.ts(620,7): error TS2339: Property 'enableCrossAgentEvolution' does not exist on type '{}'.
src/neural/core/neural-network-manager.ts(646,37): error TS2339: Property 'initializeSession' does not exist on type 'NeuralCoordinationProtocol'.
src/neural/core/neural-network-manager.ts(655,37): error TS2339: Property 'enableCrossAgentEvolution' does not exist on type 'CognitivePatternEvolution'.
src/neural/core/neural-network-manager.ts(696,54): error TS2339: Property 'calculateAggregationWeights' does not exist on type 'CognitivePatternEvolution'.
src/neural/core/neural-network-manager.ts(724,31): error TS2362: The left-hand side of an arithmetic operation must be of type 'any', 'number', 'bigint' or an enum type.
src/neural/core/neural-network-manager.ts(768,20): error TS2551: Property 'getMetrics' does not exist on type 'NeuralNetworkInstance'. Did you mean 'metrics'?
src/neural/core/neural-network-manager.ts(777,20): error TS2339: Property 'save' does not exist on type 'NeuralNetworkInstance'.
src/neural/core/neural-network-manager.ts(786,20): error TS2339: Property 'load' does not exist on type 'NeuralNetworkInstance'.
src/neural/core/neural-network-manager.ts(808,42): error TS2554: Expected 1 arguments, but got 2.
src/neural/core/neural-network-manager.ts(849,40): error TS2339: Property 'requiresCreativity' does not exist on type '{}'.
src/neural/core/neural-network-manager.ts(850,39): error TS2339: Property 'requiresPrecision' does not exist on type '{}'.
src/neural/core/neural-network-manager.ts(851,40): error TS2339: Property 'requiresAdaptation' does not exist on type '{}'.
src/neural/core/neural-network-manager.ts(852,32): error TS2339: Property 'complexity' does not exist on type '{}'.
src/neural/core/neural-network-manager.ts(853,41): error TS2339: Property 'cognitivePreference' does not exist on type '{}'.
src/neural/core/neural-network-manager.ts(856,61): error TS2339: Property 'selectPatternsForPreset' does not exist on type 'CognitivePatternSelector'.
src/neural/core/neural-network-manager.ts(938,19): error TS2339: Property 'category' does not exist on type '{ id: string; name: string; type: string; architecture: string; layers: number[]; activation: string; outputActivation: string; learningRate: number; batchSize: number; useCase: string[]; } | { id: string; ... 8 more ...; useCase: string[]; } | { ...; }'.
  Property 'category' does not exist on type '{ id: string; name: string; type: string; architecture: string; layers: number[]; activation: string; outputActivation: string; learningRate: number; batchSize: number; useCase: string[]; }'.
src/neural/core/neural-network-manager.ts(939,19): error TS2339: Property 'presetName' does not exist on type '{ id: string; name: string; type: string; architecture: string; layers: number[]; activation: string; outputActivation: string; learningRate: number; batchSize: number; useCase: string[]; } | { id: string; ... 8 more ...; useCase: string[]; } | { ...; }'.
  Property 'presetName' does not exist on type '{ id: string; name: string; type: string; architecture: string; layers: number[]; activation: string; outputActivation: string; learningRate: number; batchSize: number; useCase: string[]; }'.
src/neural/core/neural-network-manager.ts(946,25): error TS2339: Property 'category' does not exist on type '{ id: string; name: string; type: string; architecture: string; layers: number[]; activation: string; outputActivation: string; learningRate: number; batchSize: number; useCase: string[]; }'.
src/neural/core/neural-network-manager.ts(947,25): error TS2339: Property 'presetName' does not exist on type '{ id: string; name: string; type: string; architecture: string; layers: number[]; activation: string; outputActivation: string; learningRate: number; batchSize: number; useCase: string[]; }'.
src/neural/core/neural-network-manager.ts(980,40): error TS2554: Expected 1 arguments, but got 2.
src/neural/core/neural-network-manager.ts(1005,56): error TS2339: Property 'presetInfo' does not exist on type 'unknown'.
src/neural/core/neural-network-manager.ts(1008,27): error TS2339: Property 'presetInfo' does not exist on type 'unknown'.
src/neural/core/neural-network-manager.ts(1025,60): error TS2339: Property 'preserveHistory' does not exist on type 'CognitivePatternEvolution'.
src/neural/core/neural-network-manager.ts(1026,55): error TS2339: Property 'preserveState' does not exist on type 'MetaLearningFramework'.
src/neural/core/neural-network-manager.ts(1041,35): error TS2339: Property 'restoreHistory' does not exist on type 'CognitivePatternEvolution'.
src/neural/core/neural-network-manager.ts(1042,29): error TS2339: Property 'restoreState' does not exist on type 'MetaLearningFramework'.
src/neural/core/neural-network-manager.ts(1119,26): error TS2339: Property 'modelType' does not exist on type 'NeuralNetworkInstance'.
src/neural/core/neural-network-manager.ts(1121,47): error TS2339: Property 'extractPatterns' does not exist on type 'CognitivePatternEvolution'.
src/neural/core/neural-network-manager.ts(1122,44): error TS2339: Property 'extractExperiences' does not exist on type 'MetaLearningFramework'.
src/neural/core/neural-network-manager.ts(1123,28): error TS2551: Property 'getMetrics' does not exist on type 'NeuralNetworkInstance'. Did you mean 'metrics'?
src/neural/core/neural-network-manager.ts(1141,28): error TS2339: Property 'length' does not exist on type 'unknown'.
src/neural/core/neural-network-manager.ts(1143,35): error TS2339: Property 'map' does not exist on type 'unknown'.
src/neural/core/neural-network-manager.ts(1146,42): error TS2339: Property 'filter' does not exist on type 'unknown'.
src/neural/core/neural-network-manager.ts(1179,38): error TS2339: Property 'adaptationHistory' does not exist on type 'PerformanceMetrics'.
src/neural/core/neural-network-manager.ts(1292,21): error TS2362: The left-hand side of an arithmetic operation must be of type 'any', 'number', 'bigint' or an enum type.
src/neural/core/neural-network-manager.ts(1292,35): error TS2363: The right-hand side of an arithmetic operation must be of type 'any', 'number', 'bigint' or an enum type.
src/neural/core/neural-network-manager.ts(1293,16): error TS2362: The left-hand side of an arithmetic operation must be of type 'any', 'number', 'bigint' or an enum type.
src/neural/core/neural-network-manager.ts(1293,30): error TS2363: The right-hand side of an arithmetic operation must be of type 'any', 'number', 'bigint' or an enum type.
src/neural/core/neural-network-manager.ts(1294,16): error TS2362: The left-hand side of an arithmetic operation must be of type 'any', 'number', 'bigint' or an enum type.
src/neural/core/neural-network-manager.ts(1294,30): error TS2363: The right-hand side of an arithmetic operation must be of type 'any', 'number', 'bigint' or an enum type.
src/neural/core/neural-network-manager.ts(1382,33): error TS2551: Property 'getMetrics' does not exist on type 'NeuralNetworkInstance'. Did you mean 'metrics'?
src/neural/core/neural-network-manager.ts(1460,37): error TS2339: Property 'transferPatterns' does not exist on type 'CognitivePatternEvolution'.
src/neural/core/neural-network-manager.ts(1485,41): error TS2339: Property 'coordinate' does not exist on type 'NeuralCoordinationProtocol'.
src/neural/core/neural-network-manager.ts(1532,22): error TS2339: Property 'length' does not exist on type 'unknown'.
src/neural/core/neural-network-manager.ts(1541,31): error TS2488: Type 'unknown' must have a '[Symbol.iterator]()' method that returns an iterator.
src/neural/core/neural-network-manager.ts(1558,65): error TS2339: Property 'getResults' does not exist on type 'NeuralCoordinationProtocol'.
src/neural/core/neural-network-manager.ts(1576,39): error TS2339: Property 'applyPatternUpdates' does not exist on type 'CognitivePatternEvolution'.
src/neural/core/neural-network-manager.ts(1582,17): error TS2339: Property 'collaborationScore' does not exist on type 'PerformanceMetrics'.
src/neural/core/neural-network-manager.ts(1583,17): error TS2339: Property 'cognitivePatterns' does not exist on type 'PerformanceMetrics'.
src/neural/core/neural-network-manager.ts(1601,44): error TS2339: Property 'map' does not exist on type 'unknown'.
src/neural/core/neural-network-manager.ts(1631,48): error TS2339: Property 'push' does not exist on type 'unknown'.
src/neural/core/neural-network-manager.ts(1641,22): error TS2339: Property 'length' does not exist on type 'unknown'.
src/neural/core/neural-network-manager.ts(1642,20): error TS2339: Property 'splice' does not exist on type 'unknown'.
src/neural/core/neural-network-manager.ts(1642,43): error TS2339: Property 'length' does not exist on type 'unknown'.
src/neural/core/neural-network-manager.ts(1660,42): error TS2339: Property 'getPresetRecommendations' does not exist on type 'CognitivePatternSelector'.
src/neural/core/neural-network-manager.ts(1669,40): error TS2339: Property 'getAdaptationRecommendations' does not exist on type 'NeuralAdaptationEngine'.
src/neural/core/neural-network-manager.ts(1676,40): error TS2339: Property 'exportAdaptationInsights' does not exist on type 'NeuralAdaptationEngine'.
src/neural/core/neural-network-manager.ts(1690,49): error TS2339: Property 'description' does not exist on type 'string | number | number[]'.
  Property 'description' does not exist on type 'string'.
src/neural/core/neural-network-manager.ts(1704,51): error TS2339: Property 'getStatistics' does not exist on type 'CognitivePatternEvolution'.
src/neural/core/neural-network-manager.ts(1705,39): error TS2339: Property 'getStatistics' does not exist on type 'MetaLearningFramework'.
src/neural/core/neural-network-manager.ts(1706,47): error TS2339: Property 'getStatistics' does not exist on type 'NeuralCoordinationProtocol'.
src/neural/core/neural-network-manager.ts(1713,33): error TS2339: Property 'modelType' does not exist on type 'NeuralNetworkInstance'.
src/neural/core/neural-network-manager.ts(1730,37): error TS2551: Property 'getMetrics' does not exist on type 'NeuralNetworkInstance'. Did you mean 'metrics'?
src/neural/core/neural-network-manager.ts(1731,47): error TS2339: Property 'collaborationScore' does not exist on type 'PerformanceMetrics'.
src/neural/core/neural-network-manager.ts(1732,42): error TS2339: Property 'adaptationHistory' does not exist on type 'PerformanceMetrics'.
src/neural/core/neural-network-manager.ts(1738,16): error TS2339: Property 'count' does not exist on type 'unknown'.
src/neural/core/neural-network-manager.ts(1739,14): error TS2339: Property 'avgAccuracy' does not exist on type 'unknown'.
src/neural/core/neural-network-manager.ts(1739,34): error TS2339: Property 'count' does not exist on type 'unknown'.
src/neural/core/neural-network-manager.ts(1740,14): error TS2339: Property 'avgCollaborationScore' does not exist on type 'unknown'.
src/neural/core/neural-network-manager.ts(1740,44): error TS2339: Property 'count' does not exist on type 'unknown'.
src/neural/core/neural-network-manager.ts(1754,10): error TS2339: Property 'networkId' does not exist on type 'NeuralNetwork'.
src/neural/core/neural-network-manager.ts(1755,10): error TS2339: Property 'agentId' does not exist on type 'NeuralNetwork'.
src/neural/core/neural-network-manager.ts(1756,10): error TS2339: Property 'config' does not exist on type 'NeuralNetwork'.
src/neural/core/neural-network-manager.ts(1757,10): error TS2339: Property 'wasmModule' does not exist on type 'NeuralNetwork'.
src/neural/core/neural-network-manager.ts(1758,10): error TS2339: Property 'trainingHistory' does not exist on type 'NeuralNetwork'.
src/neural/core/neural-network-manager.ts(1759,10): error TS2339: Property 'metrics' does not exist on type 'NeuralNetwork'.
src/neural/core/neural-network-manager.ts(1769,27): error TS2339: Property 'wasmModule' does not exist on type 'NeuralNetwork'.
src/neural/core/neural-network-manager.ts(1769,64): error TS2339: Property 'networkId' does not exist on type 'NeuralNetwork'.
src/neural/core/neural-network-manager.ts(1773,36): error TS2339: Property 'config' does not exist on type 'NeuralNetwork'.
src/neural/core/neural-network-manager.ts(1773,55): error TS2339: Property 'config' does not exist on type 'NeuralNetwork'.
src/neural/core/neural-network-manager.ts(1789,29): error TS2339: Property 'wasmModule' does not exist on type 'NeuralNetwork'.
src/neural/core/neural-network-manager.ts(1790,18): error TS2339: Property 'networkId' does not exist on type 'NeuralNetwork'.
src/neural/core/neural-network-manager.ts(1804,12): error TS2339: Property 'metrics' does not exist on type 'NeuralNetwork'.
src/neural/core/neural-network-manager.ts(1805,12): error TS2339: Property 'metrics' does not exist on type 'NeuralNetwork'.
src/neural/core/neural-network-manager.ts(1806,12): error TS2339: Property 'trainingHistory' does not exist on type 'NeuralNetwork'.
src/neural/core/neural-network-manager.ts(1809,17): error TS2339: Property 'metrics' does not exist on type 'NeuralNetwork'.
src/neural/core/neural-network-manager.ts(1815,30): error TS2339: Property 'wasmModule' does not exist on type 'NeuralNetwork'.
src/neural/core/neural-network-manager.ts(1815,68): error TS2339: Property 'networkId' does not exist on type 'NeuralNetwork'.
src/neural/core/neural-network-manager.ts(1826,12): error TS2339: Property 'wasmModule' does not exist on type 'NeuralNetwork'.
src/neural/core/neural-network-manager.ts(1826,52): error TS2339: Property 'networkId' does not exist on type 'NeuralNetwork'.
src/neural/core/neural-network-manager.ts(1834,15): error TS2339: Property 'metrics' does not exist on type 'NeuralNetwork'.
src/neural/core/neural-network-manager.ts(1835,30): error TS2339: Property 'trainingHistory' does not exist on type 'NeuralNetwork'.
src/neural/core/neural-network-manager.ts(1837,22): error TS2339: Property 'config' does not exist on type 'NeuralNetwork'.
src/neural/core/neural-network-manager.ts(1838,26): error TS2339: Property 'config' does not exist on type 'NeuralNetwork'.
src/neural/core/neural-network-manager.ts(1840,31): error TS2339: Property 'config' does not exist on type 'NeuralNetwork'.
src/neural/core/neural-network-manager.ts(1850,26): error TS2339: Property 'wasmModule' does not exist on type 'NeuralNetwork'.
src/neural/core/neural-network-manager.ts(1850,68): error TS2339: Property 'networkId' does not exist on type 'NeuralNetwork'.
src/neural/core/neural-network-manager.ts(1870,12): error TS2339: Property 'wasmModule' does not exist on type 'NeuralNetwork'.
src/neural/core/neural-network-manager.ts(1870,56): error TS2339: Property 'networkId' does not exist on type 'NeuralNetwork'.
src/neural/core/neural-network-manager.ts(1882,10): error TS2339: Property 'agentId' does not exist on type 'SimulatedNeuralNetwork'.
src/neural/core/neural-network-manager.ts(1883,10): error TS2339: Property 'config' does not exist on type 'SimulatedNeuralNetwork'.
src/neural/core/neural-network-manager.ts(1884,10): error TS2339: Property 'weights' does not exist on type 'SimulatedNeuralNetwork'.
src/neural/core/neural-network-manager.ts(1885,10): error TS2339: Property 'trainingHistory' does not exist on type 'SimulatedNeuralNetwork'.
src/neural/core/neural-network-manager.ts(1886,10): error TS2339: Property 'metrics' does not exist on type 'SimulatedNeuralNetwork'.
src/neural/core/neural-network-manager.ts(1896,17): error TS2339: Property 'config' does not exist on type 'SimulatedNeuralNetwork'.
src/neural/core/neural-network-manager.ts(1901,29): error TS2339: Property 'config' does not exist on type 'SimulatedNeuralNetwork'.
src/neural/core/neural-network-manager.ts(1901,50): error TS2339: Property 'config' does not exist on type 'SimulatedNeuralNetwork'.
src/neural/core/neural-network-manager.ts(1915,40): error TS2339: Property 'metrics' does not exist on type 'SimulatedNeuralNetwork'.
src/neural/core/neural-network-manager.ts(1916,12): error TS2339: Property 'metrics' does not exist on type 'SimulatedNeuralNetwork'.
src/neural/core/neural-network-manager.ts(1917,12): error TS2339: Property 'metrics' does not exist on type 'SimulatedNeuralNetwork'.
src/neural/core/neural-network-manager.ts(1918,12): error TS2339: Property 'metrics' does not exist on type 'SimulatedNeuralNetwork'.
src/neural/core/neural-network-manager.ts(1918,51): error TS2339: Property 'metrics' does not exist on type 'SimulatedNeuralNetwork'.
src/neural/core/neural-network-manager.ts(1919,12): error TS2339: Property 'trainingHistory' does not exist on type 'SimulatedNeuralNetwork'.
src/neural/core/neural-network-manager.ts(1922,17): error TS2339: Property 'metrics' does not exist on type 'SimulatedNeuralNetwork'.
src/neural/core/neural-network-manager.ts(1937,15): error TS2339: Property 'metrics' does not exist on type 'SimulatedNeuralNetwork'.
src/neural/core/neural-network-manager.ts(1938,30): error TS2339: Property 'trainingHistory' does not exist on type 'SimulatedNeuralNetwork'.
src/neural/core/neural-network-manager.ts(1940,22): error TS2339: Property 'config' does not exist on type 'SimulatedNeuralNetwork'.
src/neural/core/neural-network-manager.ts(1986,10): error TS2339: Property 'agentId' does not exist on type 'AdvancedNeuralNetwork'.
src/neural/core/neural-network-manager.ts(1987,10): error TS2339: Property 'model' does not exist on type 'AdvancedNeuralNetwork'.
src/neural/core/neural-network-manager.ts(1988,10): error TS2339: Property 'config' does not exist on type 'AdvancedNeuralNetwork'.
src/neural/core/neural-network-manager.ts(1989,10): error TS2339: Property 'modelType' does not exist on type 'AdvancedNeuralNetwork'.
src/neural/core/neural-network-manager.ts(1990,10): error TS2339: Property 'isAdvanced' does not exist on type 'AdvancedNeuralNetwork'.
src/neural/core/neural-network-manager.ts(1998,16): error TS2339: Property 'modelType' does not exist on type 'AdvancedNeuralNetwork'.
src/neural/core/neural-network-manager.ts(1998,52): error TS2339: Property 'modelType' does not exist on type 'AdvancedNeuralNetwork'.
src/neural/core/neural-network-manager.ts(2004,23): error TS2339: Property 'modelType' does not exist on type 'AdvancedNeuralNetwork'.
src/neural/core/neural-network-manager.ts(2007,35): error TS2339: Property 'config' does not exist on type 'AdvancedNeuralNetwork'.
src/neural/core/neural-network-manager.ts(2011,23): error TS2339: Property 'modelType' does not exist on type 'AdvancedNeuralNetwork'.
src/neural/core/neural-network-manager.ts(2019,33): error TS2339: Property 'model' does not exist on type 'AdvancedNeuralNetwork'.
src/neural/core/neural-network-manager.ts(2022,16): error TS2339: Property 'modelType' does not exist on type 'AdvancedNeuralNetwork'.
src/neural/core/neural-network-manager.ts(2028,53): error TS2339: Property 'modelType' does not exist on type 'AdvancedNeuralNetwork'.
src/neural/core/neural-network-manager.ts(2029,36): error TS2339: Property 'config' does not exist on type 'AdvancedNeuralNetwork'.
src/neural/core/neural-network-manager.ts(2034,17): error TS2339: Property 'model' does not exist on type 'AdvancedNeuralNetwork'.
src/neural/core/neural-network-manager.ts(2045,17): error TS2339: Property 'model' does not exist on type 'AdvancedNeuralNetwork'.
src/neural/core/neural-network-manager.ts(2049,17): error TS2339: Property 'model' does not exist on type 'AdvancedNeuralNetwork'.
src/neural/core/neural-network-manager.ts(2053,17): error TS2339: Property 'model' does not exist on type 'AdvancedNeuralNetwork'.
src/neural/core/neural-network-manager.ts(2058,14): error TS2339: Property 'modelType' does not exist on type 'AdvancedNeuralNetwork'.
src/neural/core/neural-network-manager.ts(2059,34): error TS2339: Property 'model' does not exist on type 'AdvancedNeuralNetwork'.
src/neural/core/neural-network-manager.ts(2062,54): error TS2339: Property 'modelType' does not exist on type 'AdvancedNeuralNetwork'.
src/neural/core/neural-network-manager.ts(2066,14): error TS2339: Property 'modelType' does not exist on type 'AdvancedNeuralNetwork'.
src/neural/core/neural-network-manager.ts(2067,34): error TS2339: Property 'model' does not exist on type 'AdvancedNeuralNetwork'.
src/neural/core/neural-network-manager.ts(2070,54): error TS2339: Property 'modelType' does not exist on type 'AdvancedNeuralNetwork'.
src/neural/core/neural-network-manager.ts(2074,14): error TS2339: Property 'modelType' does not exist on type 'AdvancedNeuralNetwork'.
src/neural/core/neural-network-manager.ts(2074,50): error TS2339: Property 'config' does not exist on type 'AdvancedNeuralNetwork'.
src/neural/core/neural-network-manager.ts(2075,19): error TS2339: Property 'model' does not exist on type 'AdvancedNeuralNetwork'.
src/neural/core/neural-network-manager.ts(2077,58): error TS2339: Property 'modelType' does not exist on type 'AdvancedNeuralNetwork'.
src/neural/core/neural-network.ts(105,56): error TS2307: Cannot find module '../wasm/ruv_swarm_wasm.js' or its corresponding type declarations.
src/neural/core/neural.ts(8,26): error TS2307: Cannot find module './index-complete' or its corresponding type declarations.
src/neural/core/neural.ts(29,10): error TS2339: Property 'ruvSwarm' does not exist on type 'NeuralCLI'.
src/neural/core/neural.ts(30,10): error TS2339: Property 'activePatterns' does not exist on type 'NeuralCLI'.
src/neural/core/neural.ts(34,15): error TS2339: Property 'ruvSwarm' does not exist on type 'NeuralCLI'.
src/neural/core/neural.ts(35,12): error TS2339: Property 'ruvSwarm' does not exist on type 'NeuralCLI'.
src/neural/core/neural.ts(40,17): error TS2339: Property 'ruvSwarm' does not exist on type 'NeuralCLI'.
src/neural/core/neural.ts(197,16): error TS2339: Property 'convergent' does not exist on type '{ attention: { 'Focus Patterns': string[]; 'Learned Behaviors': string[]; Strengths: string[]; }; lstm: { 'Memory Patterns': string[]; 'Learned Behaviors': string[]; Strengths: string[]; }; transformer: { 'Attention Patterns': string[]; 'Learned Behaviors': string[]; Strengths: string[]; }; }'.
src/neural/core/neural.ts(206,16): error TS2339: Property 'divergent' does not exist on type '{ attention: { 'Focus Patterns': string[]; 'Learned Behaviors': string[]; Strengths: string[]; }; lstm: { 'Memory Patterns': string[]; 'Learned Behaviors': string[]; Strengths: string[]; }; transformer: { 'Attention Patterns': string[]; 'Learned Behaviors': string[]; Strengths: string[]; }; }'.
src/neural/core/neural.ts(211,16): error TS2339: Property 'lateral' does not exist on type '{ attention: { 'Focus Patterns': string[]; 'Learned Behaviors': string[]; Strengths: string[]; }; lstm: { 'Memory Patterns': string[]; 'Learned Behaviors': string[]; Strengths: string[]; }; transformer: { 'Attention Patterns': string[]; 'Learned Behaviors': string[]; Strengths: string[]; }; }'.
src/neural/core/neural.ts(220,16): error TS2339: Property 'systems' does not exist on type '{ attention: { 'Focus Patterns': string[]; 'Learned Behaviors': string[]; Strengths: string[]; }; lstm: { 'Memory Patterns': string[]; 'Learned Behaviors': string[]; Strengths: string[]; }; transformer: { 'Attention Patterns': string[]; 'Learned Behaviors': string[]; Strengths: string[]; }; }'.
src/neural/core/neural.ts(225,16): error TS2339: Property 'critical' does not exist on type '{ attention: { 'Focus Patterns': string[]; 'Learned Behaviors': string[]; Strengths: string[]; }; lstm: { 'Memory Patterns': string[]; 'Learned Behaviors': string[]; Strengths: string[]; }; transformer: { 'Attention Patterns': string[]; 'Learned Behaviors': string[]; Strengths: string[]; }; }'.
src/neural/core/neural.ts(230,16): error TS2339: Property 'abstract' does not exist on type '{ attention: { 'Focus Patterns': string[]; 'Learned Behaviors': string[]; Strengths: string[]; }; lstm: { 'Memory Patterns': string[]; 'Learned Behaviors': string[]; Strengths: string[]; }; transformer: { 'Attention Patterns': string[]; 'Learned Behaviors': string[]; Strengths: string[]; }; }'.
src/neural/core/neural.ts(250,19): error TS2339: Property 'forEach' does not exist on type 'unknown'.
src/neural/core/neural.ts(255,19): error TS2339: Property 'forEach' does not exist on type 'unknown'.
src/neural/core/neural.ts(267,17): error TS2339: Property 'forEach' does not exist on type 'unknown'.
src/neural/core/neural.ts(325,37): error TS2339: Property 'parameters' does not exist on type 'unknown'.
src/neural/core/neural.ts(427,50): error TS2322: Type 'string' is not assignable to type 'number'.
src/neural/dspy/dspy-agent-prompt-database.ts(108,24): error TS2315: Type 'Table' is not generic.
src/neural/dspy/dspy-agent-prompt-database.ts(109,23): error TS2315: Type 'Table' is not generic.
src/neural/dspy/dspy-agent-prompt-database.ts(468,31): error TS2362: The left-hand side of an arithmetic operation must be of type 'any', 'number', 'bigint' or an enum type.
src/neural/dspy/dspy-agent-prompt-database.ts(468,35): error TS2363: The right-hand side of an arithmetic operation must be of type 'any', 'number', 'bigint' or an enum type.
src/neural/dspy/dspy-core.ts(496,45): error TS2339: Property 'list' does not exist on type 'SessionMemoryStore'.
src/neural/dspy/dspy-swarm-coordinator.ts(112,10): error TS2339: Property 'swarmCoordinator' does not exist on type 'DSPySwarmCoordinator'.
src/neural/dspy/dspy-swarm-coordinator.ts(1186,15): error TS2484: Export declaration conflicts with exported declaration of 'DSPyAgent'.
src/neural/dspy/dspy-swarm-coordinator.ts(1186,26): error TS2484: Export declaration conflicts with exported declaration of 'DSPyAgentType'.
src/neural/dspy/dspy-swarm-coordinator.ts(1186,41): error TS2484: Export declaration conflicts with exported declaration of 'SwarmOptimizationTask'.
src/neural/dspy/dspy-swarm-coordinator.ts(1186,64): error TS2484: Export declaration conflicts with exported declaration of 'SwarmCoordinationResult'.
src/neural/dspy/dspy-workflows.ts(815,15): error TS2484: Export declaration conflicts with exported declaration of 'WorkflowConfig'.
src/neural/dspy/dspy-workflows.ts(815,31): error TS2484: Export declaration conflicts with exported declaration of 'WorkflowStep'.
src/neural/dspy/dspy-workflows.ts(815,45): error TS2484: Export declaration conflicts with exported declaration of 'WorkflowExecutionResult'.
src/neural/index.ts(20,3): error TS2614: Module '"./core/index"' has no exported member 'Neural'. Did you mean to use 'import Neural from "./core/index"' instead?
src/neural/index.ts(21,3): error TS2724: '"./core/index"' has no exported member named 'NeuralCore'. Did you mean 'NeuralCoreCLI'?
src/neural/index.ts(27,10): error TS2724: '"./models/index"' has no exported member named 'NeuralPresets'. Did you mean 'NEURAL_PRESETS'?
src/neural/index.ts(31,10): error TS2305: Module '"./public-api"' has no exported member 'createNeuralNetwork'.
src/neural/index.ts(31,31): error TS2305: Module '"./public-api"' has no exported member 'initializeWASM'.
src/neural/models/index.ts(5,10): error TS2305: Module '"./presets/neural-presets-complete"' has no exported member 'NEURAL_PRESETS'.
src/neural/public-api.ts(30,51): error TS2304: Cannot find name 'INeuralWASM'.
src/neural/public-api.ts(44,26): error TS2339: Property 'createNetwork' does not exist on type 'WasmNeuralAccelerator'.
src/neural/public-api.ts(48,26): error TS2339: Property 'train' does not exist on type 'WasmNeuralAccelerator'.
src/neural/public-api.ts(52,26): error TS2339: Property 'predict' does not exist on type 'WasmNeuralAccelerator'.
src/neural/public-api.ts(56,26): error TS2339: Property 'freeNetwork' does not exist on type 'WasmNeuralAccelerator'.
src/neural/safe-neural-network.ts(317,25): error TS2345: Argument of type 'number[][]' is not assignable to parameter of type 'number[]'.
  Type 'number[]' is not assignable to type 'number'.
src/neural/wasm/wasm-neural-accelerator.ts(33,10): error TS2339: Property 'options' does not exist on type 'WasmNeuralAccelerator'.
src/neural/wasm/wasm-neural-accelerator.ts(37,10): error TS2304: Cannot find name 'options'.
src/optimization/benchmarks/performance-benchmarks.ts(144,17): error TS2304: Cannot find name 'NEURAL_PERFORMANCE_TARGETS'.
src/optimization/benchmarks/performance-benchmarks.ts(170,17): error TS2304: Cannot find name 'NEURAL_PERFORMANCE_TARGETS'.
src/optimization/benchmarks/performance-benchmarks.ts(196,17): error TS2304: Cannot find name 'NEURAL_PERFORMANCE_TARGETS'.
src/optimization/benchmarks/performance-benchmarks.ts(222,17): error TS2304: Cannot find name 'NEURAL_PERFORMANCE_TARGETS'.
src/optimization/benchmarks/performance-benchmarks.ts(261,17): error TS2304: Cannot find name 'SWARM_PERFORMANCE_TARGETS'.
src/optimization/benchmarks/performance-benchmarks.ts(313,17): error TS2304: Cannot find name 'SWARM_PERFORMANCE_TARGETS'.
src/optimization/benchmarks/performance-benchmarks.ts(350,17): error TS2304: Cannot find name 'DATA_PERFORMANCE_TARGETS'.
src/optimization/benchmarks/performance-benchmarks.ts(376,17): error TS2304: Cannot find name 'DATA_PERFORMANCE_TARGETS'.
src/optimization/benchmarks/performance-benchmarks.ts(402,17): error TS2304: Cannot find name 'DATA_PERFORMANCE_TARGETS'.
src/optimization/benchmarks/performance-benchmarks.ts(440,17): error TS2304: Cannot find name 'WASM_PERFORMANCE_TARGETS'.
src/optimization/benchmarks/performance-benchmarks.ts(466,17): error TS2304: Cannot find name 'WASM_PERFORMANCE_TARGETS'.
src/optimization/swarm/swarm-optimizer.ts(261,9): error TS2322: Type '"adaptive" | "weighted" | "round_robin" | "least_connections"' is not assignable to type '"adaptive" | "round-robin" | "least-connections" | "weighted"'.
  Type '"round_robin"' is not assignable to type '"adaptive" | "round-robin" | "least-connections" | "weighted"'. Did you mean '"round-robin"'?
src/tests/unit/interfaces/http/middleware/auth.spec.ts(20,28): error TS2307: Cannot find module 'ts-auto-mock' or its corresponding type declarations.
src/tests/unit/interfaces/http/middleware/auth.spec.ts(22,28): error TS2307: Cannot find module '../../../../../../interfaces/api/http/middleware/auth' or its corresponding type declarations.
src/utils/type-guards.ts(485,19): error TS2339: Property 'error' does not exist on type '(MemoryNotFound | MemorySuccess<any> | QuerySuccess<any> | TrainingResult | InferenceResult | APISuccess<...> | WasmSuccess<...> | CoordinationSuccess<...>) & Record<...>'.
  Property 'error' does not exist on type 'MemoryNotFound & Record<"ok", unknown>'.
src/utils/type-guards.ts(485,51): error TS2339: Property 'error' does not exist on type '(MemoryNotFound | MemorySuccess<any> | QuerySuccess<any> | TrainingResult | InferenceResult | APISuccess<...> | WasmSuccess<...> | CoordinationSuccess<...>) & Record<...>'.
  Property 'error' does not exist on type 'MemoryNotFound & Record<"ok", unknown>'.
src/utils/type-guards.ts(485,81): error TS2339: Property 'error' does not exist on type '(MemoryNotFound | MemorySuccess<any> | QuerySuccess<any> | TrainingResult | InferenceResult | APISuccess<...> | WasmSuccess<...> | CoordinationSuccess<...>) & Record<...>'.
  Property 'error' does not exist on type 'MemoryNotFound & Record<"ok", unknown>'.
