
> claude-code-zen@2.0.0-alpha.73 build
> ./build.sh 2

🧹 Cleaning dist directory...
📝 Updating version...
🔨 Building TypeScript...
src/coordination/batch/batch-engine.ts(356,5): error TS2741: Property 'executionTime' is missing in type '{ totalOperations: number; successfulOperations: number; failedOperations: number; totalExecutionTime: number; averageExecutionTime: number; concurrencyAchieved: number; speedImprovement: number; tokenReduction: number; }' but required in type 'BatchExecutionSummary'.
src/coordination/mcp/tools/batch-tools.ts(172,46): error TS2345: Argument of type 'BatchOperation[]' is not assignable to parameter of type 'FileOperation[]'.
  Property 'path' is missing in type 'BatchOperation' but required in type 'FileOperation'.
src/coordination/mcp/tools/batch-tools.ts(177,50): error TS2345: Argument of type 'BatchOperation[]' is not assignable to parameter of type 'SwarmOperation[]'.
  Type 'BatchOperation' is not assignable to type 'SwarmOperation'.
    Types of property 'type' are incompatible.
      Type '"agent" | "swarm" | "file" | "tool"' is not assignable to type '"status" | "init" | "spawn" | "assign" | "coordinate" | "terminate"'.
        Type '"agent"' is not assignable to type '"status" | "init" | "spawn" | "assign" | "coordinate" | "terminate"'.
src/coordination/mcp/tools/fact-external-integration.ts(545,5): error TS2322: Type 'string | object' is not assignable to type 'string'.
  Type 'object' is not assignable to type 'string'.
src/coordination/mcp/tools/fact-external-integration.ts(561,5): error TS2322: Type 'string | object' is not assignable to type 'string'.
  Type 'object' is not assignable to type 'string'.
src/coordination/mcp/tools/fact-external-integration.ts(577,5): error TS2322: Type 'string | object' is not assignable to type 'string'.
  Type 'object' is not assignable to type 'string'.
src/coordination/mcp/tools/fact-storage-tools.ts(271,39): error TS2339: Property 'clearByQuality' does not exist on type 'FACTStorageSystem'.
src/coordination/mcp/tools/fact-storage-tools.ts(276,39): error TS2339: Property 'clearByAge' does not exist on type 'FACTStorageSystem'.
src/coordination/mcp/tools/fact-storage-tools.ts(281,39): error TS2339: Property 'clearMemoryCache' does not exist on type 'FACTStorageSystem'.
src/coordination/mcp/tools/fact-storage-tools.ts(403,48): error TS2339: Property 'optimize' does not exist on type 'FACTStorageSystem'.
src/coordination/persistent-learning-system.ts(219,7): error TS2739: Type 'SwarmMemory' is missing the following properties from type '{ readonly content: unknown; readonly metadata: { readonly source: string; readonly confidence: number; readonly expiry?: Date; readonly tags: readonly string[]; }; }': content, metadata
src/coordination/persistent-learning-system.ts(619,56): error TS2339: Property 'agentTypes' does not exist on type 'SwarmCreatedPayload'.
src/coordination/persistent-learning-system.ts(623,53): error TS2339: Property 'results' does not exist on type 'SwarmCompletedPayload'.
src/coordination/protocols/communication/communication-protocols.ts(400,32): error TS2339: Property 'initiateConsensus' does not exist on type 'ConsensusEngine'.
src/coordination/protocols/communication/communication-protocols.ts(724,32): error TS2339: Property 'processProposal' does not exist on type 'ConsensusEngine'.
src/coordination/protocols/distribution/task-distribution-engine.ts(437,9): error TS2322: Type 'string' is not assignable to type '"timeout" | "user-request" | "resource-unavailable" | "dependency-failure" | "priority-override"'.
src/coordination/protocols/distribution/task-distribution-engine.ts(642,7): error TS2353: Object literal may only specify known properties, and 'task' does not exist in type 'TaskAssignPayload'.
src/coordination/protocols/index.ts(42,8): error TS2300: Duplicate identifier 'PerformanceMetrics'.
src/coordination/protocols/index.ts(61,8): error TS2300: Duplicate identifier 'PerformanceMetrics'.
src/coordination/protocols/index.ts(112,11): error TS2304: Cannot find name 'TopologyType'.
src/coordination/protocols/optimization/performance-optimizer.ts(10,10): error TS2595: 'LRUCache' can only be imported by using a default import.
src/coordination/protocols/optimization/performance-optimizer.ts(226,11): error TS2300: Duplicate identifier 'cache'.
src/coordination/protocols/optimization/performance-optimizer.ts(311,9): error TS2300: Duplicate identifier 'cache'.
src/coordination/protocols/patterns/coordination-patterns.ts(942,7): error TS2353: Object literal may only specify known properties, and 'from' does not exist in type 'HeartbeatSentPayload'.
src/coordination/protocols/topology/topology-manager.ts(128,58): error TS2554: Expected 0 arguments, but got 1.
src/coordination/protocols/topology/topology-manager.ts(130,44): error TS2554: Expected 0 arguments, but got 1.
src/coordination/protocols/topology/topology-manager.ts(142,22): error TS2345: Argument of type '"connection:quality-changed"' is not assignable to parameter of type 'keyof SystemEvents | keyof WorkflowEvents | keyof CoordinationEvents | keyof NeuralEvents | keyof MemoryEvents'.
src/coordination/protocols/topology/topology-manager.ts(146,22): error TS2345: Argument of type '"network:fault-detected"' is not assignable to parameter of type 'keyof SystemEvents | keyof WorkflowEvents | keyof CoordinationEvents | keyof NeuralEvents | keyof MemoryEvents'.
src/coordination/protocols/topology/topology-manager.ts(150,22): error TS2345: Argument of type '"workload:pattern-changed"' is not assignable to parameter of type 'keyof SystemEvents | keyof WorkflowEvents | keyof CoordinationEvents | keyof NeuralEvents | keyof MemoryEvents'.
src/coordination/strategies/ruv-swarm.strategy.ts(17,5): error TS2739: Type '{ id: string; }' is missing the following properties from type 'Agent': capabilities, status
src/coordination/swarm-synchronization.ts(210,24): error TS2345: Argument of type '"swarm:sync:broadcast"' is not assignable to parameter of type 'keyof SystemEvents | keyof WorkflowEvents | keyof CoordinationEvents | keyof NeuralEvents | keyof MemoryEvents'.
src/coordination/swarm-synchronization.ts(238,25): error TS2345: Argument of type '"swarm:sync:response"' is not assignable to parameter of type 'keyof SystemEvents | keyof WorkflowEvents | keyof CoordinationEvents | keyof NeuralEvents | keyof MemoryEvents'.
src/coordination/swarm-synchronization.ts(242,28): error TS2345: Argument of type '"swarm:sync:response"' is not assignable to parameter of type 'keyof SystemEvents | keyof WorkflowEvents | keyof CoordinationEvents | keyof NeuralEvents | keyof MemoryEvents'.
src/coordination/swarm-synchronization.ts(384,22): error TS2345: Argument of type '"swarm:sync:broadcast"' is not assignable to parameter of type 'keyof SystemEvents | keyof WorkflowEvents | keyof CoordinationEvents | keyof NeuralEvents | keyof MemoryEvents'.
src/coordination/swarm-synchronization.ts(385,16): error TS2339: Property 'sourceSwarmId' does not exist on type 'SystemStartedPayload | SystemStoppedPayload | SystemErrorPayload | SystemHealthChangedPayload | ... 71 more ... | MemorySyncCompletedPayload'.
  Property 'sourceSwarmId' does not exist on type 'SystemStartedPayload'.
src/coordination/swarm-synchronization.ts(391,22): error TS2345: Argument of type '"agent:state:updated"' is not assignable to parameter of type 'keyof SystemEvents | keyof WorkflowEvents | keyof CoordinationEvents | keyof NeuralEvents | keyof MemoryEvents'.
src/coordination/swarm-synchronization.ts(392,16): error TS2339: Property 'swarmId' does not exist on type 'SystemStartedPayload | SystemStoppedPayload | SystemErrorPayload | SystemHealthChangedPayload | ... 71 more ... | MemorySyncCompletedPayload'.
  Property 'swarmId' does not exist on type 'SystemStartedPayload'.
src/coordination/swarm-synchronization.ts(393,36): error TS2339: Property 'agentId' does not exist on type 'SystemStartedPayload | SystemStoppedPayload | SystemErrorPayload | SystemHealthChangedPayload | ... 71 more ... | MemorySyncCompletedPayload'.
  Property 'agentId' does not exist on type 'SystemStartedPayload'.
src/coordination/swarm-synchronization.ts(393,50): error TS2339: Property 'state' does not exist on type 'SystemStartedPayload | SystemStoppedPayload | SystemErrorPayload | SystemHealthChangedPayload | ... 71 more ... | MemorySyncCompletedPayload'.
  Property 'state' does not exist on type 'SystemStartedPayload'.
src/coordination/swarm-synchronization.ts(404,26): error TS2345: Argument of type '"swarm:sync:response"' is not assignable to parameter of type 'keyof SystemEvents | keyof WorkflowEvents | keyof CoordinationEvents | keyof NeuralEvents | keyof MemoryEvents'.
src/coordination/swarm/chaos-engineering/chaos-engineering.ts(17,30): error TS2307: Cannot find module './errors.js' or its corresponding type declarations.
src/coordination/swarm/chaos-engineering/chaos-engineering.ts(18,24): error TS2307: Cannot find module './logger.js' or its corresponding type declarations.
src/coordination/swarm/chaos-engineering/chaos-engineering.ts(19,28): error TS2307: Cannot find module './utils.js' or its corresponding type declarations.
src/coordination/swarm/chaos-engineering/chaos-engineering.ts(25,10): error TS2339: Property 'options' does not exist on type 'ChaosEngineering'.
src/coordination/swarm/chaos-engineering/chaos-engineering.ts(26,28): error TS2339: Property 'enableChaos' does not exist on type '{}'.
src/coordination/swarm/chaos-engineering/chaos-engineering.ts(27,30): error TS2339: Property 'safetyEnabled' does not exist on type '{}'.
src/coordination/swarm/chaos-engineering/chaos-engineering.ts(28,41): error TS2339: Property 'maxConcurrentExperiments' does not exist on type '{}'.
src/coordination/swarm/chaos-engineering/chaos-engineering.ts(29,34): error TS2339: Property 'experimentTimeout' does not exist on type '{}'.
src/coordination/swarm/chaos-engineering/chaos-engineering.ts(30,32): error TS2339: Property 'recoveryTimeout' does not exist on type '{}'.
src/coordination/swarm/chaos-engineering/chaos-engineering.ts(31,33): error TS2339: Property 'blastRadiusLimit' does not exist on type '{}'.
src/coordination/swarm/chaos-engineering/chaos-engineering.ts(35,10): error TS2339: Property 'logger' does not exist on type 'ChaosEngineering'.
src/coordination/swarm/chaos-engineering/chaos-engineering.ts(42,10): error TS2551: Property 'experiments' does not exist on type 'ChaosEngineering'. Did you mean 'runExperiment'?
src/coordination/swarm/chaos-engineering/chaos-engineering.ts(43,10): error TS2339: Property 'activeExperiments' does not exist on type 'ChaosEngineering'.
src/coordination/swarm/chaos-engineering/chaos-engineering.ts(44,10): error TS2339: Property 'experimentHistory' does not exist on type 'ChaosEngineering'.
src/coordination/swarm/chaos-engineering/chaos-engineering.ts(45,10): error TS2339: Property 'failureInjectors' does not exist on type 'ChaosEngineering'.
src/coordination/swarm/chaos-engineering/chaos-engineering.ts(48,10): error TS2339: Property 'safetyChecks' does not exist on type 'ChaosEngineering'.
src/coordination/swarm/chaos-engineering/chaos-engineering.ts(49,5): error TS2322: Type 'boolean' is not assignable to type '(reason?: string) => Promise<void>'.
src/coordination/swarm/chaos-engineering/chaos-engineering.ts(50,10): error TS2339: Property 'resourceUsage' does not exist on type 'ChaosEngineering'.
src/coordination/swarm/chaos-engineering/chaos-engineering.ts(57,10): error TS2339: Property 'stats' does not exist on type 'ChaosEngineering'.
src/coordination/swarm/chaos-engineering/chaos-engineering.ts(66,10): error TS2551: Property 'healthMonitor' does not exist on type 'ChaosEngineering'. Did you mean 'setHealthMonitor'?
src/coordination/swarm/chaos-engineering/chaos-engineering.ts(67,10): error TS2551: Property 'recoveryWorkflows' does not exist on type 'ChaosEngineering'. Did you mean 'setRecoveryWorkflows'?
src/coordination/swarm/chaos-engineering/chaos-engineering.ts(68,10): error TS2551: Property 'connectionManager' does not exist on type 'ChaosEngineering'. Did you mean 'setConnectionManager'?
src/coordination/swarm/chaos-engineering/chaos-engineering.ts(69,10): error TS2339: Property 'mcpTools' does not exist on type 'ChaosEngineering'.
src/coordination/swarm/chaos-engineering/chaos-engineering.ts(78,15): error TS2339: Property 'options' does not exist on type 'ChaosEngineering'.
src/coordination/swarm/chaos-engineering/chaos-engineering.ts(79,12): error TS2339: Property 'logger' does not exist on type 'ChaosEngineering'.
src/coordination/swarm/chaos-engineering/chaos-engineering.ts(84,12): error TS2339: Property 'logger' does not exist on type 'ChaosEngineering'.
src/coordination/swarm/chaos-engineering/chaos-engineering.ts(95,12): error TS2339: Property 'logger' does not exist on type 'ChaosEngineering'.
src/coordination/swarm/chaos-engineering/chaos-engineering.ts(106,12): error TS2339: Property 'logger' does not exist on type 'ChaosEngineering'.
src/coordination/swarm/chaos-engineering/chaos-engineering.ts(133,39): error TS2339: Property 'options' does not exist on type 'ChaosEngineering'.
src/coordination/swarm/chaos-engineering/chaos-engineering.ts(136,84): error TS2339: Property 'options' does not exist on type 'ChaosEngineering'.
src/coordination/swarm/chaos-engineering/chaos-engineering.ts(140,10): error TS2551: Property 'experiments' does not exist on type 'ChaosEngineering'. Did you mean 'runExperiment'?
src/coordination/swarm/chaos-engineering/chaos-engineering.ts(141,10): error TS2339: Property 'experimentHistory' does not exist on type 'ChaosEngineering'.
src/coordination/swarm/chaos-engineering/chaos-engineering.ts(143,10): error TS2339: Property 'logger' does not exist on type 'ChaosEngineering'.
src/coordination/swarm/chaos-engineering/chaos-engineering.ts(156,15): error TS2339: Property 'options' does not exist on type 'ChaosEngineering'.
src/coordination/swarm/chaos-engineering/chaos-engineering.ts(167,29): error TS2551: Property 'experiments' does not exist on type 'ChaosEngineering'. Did you mean 'runExperiment'?
src/coordination/swarm/chaos-engineering/chaos-engineering.ts(177,14): error TS2339: Property 'activeExperiments' does not exist on type 'ChaosEngineering'.
src/coordination/swarm/chaos-engineering/chaos-engineering.ts(177,45): error TS2339: Property 'options' does not exist on type 'ChaosEngineering'.
src/coordination/swarm/chaos-engineering/chaos-engineering.ts(180,57): error TS2339: Property 'options' does not exist on type 'ChaosEngineering'.
src/coordination/swarm/chaos-engineering/chaos-engineering.ts(203,10): error TS2339: Property 'activeExperiments' does not exist on type 'ChaosEngineering'.
src/coordination/swarm/chaos-engineering/chaos-engineering.ts(204,10): error TS2339: Property 'stats' does not exist on type 'ChaosEngineering'.
src/coordination/swarm/chaos-engineering/chaos-engineering.ts(207,12): error TS2339: Property 'logger' does not exist on type 'ChaosEngineering'.
src/coordination/swarm/chaos-engineering/chaos-engineering.ts(252,17): error TS2339: Property 'endTime' does not exist on type '{ id: any; experimentName: any; experimentId: any; status: string; startTime: Date; parameters: any; phases: any[]; currentPhase: string; failureInjected: boolean; recoveryTriggered: boolean; recoveryCompleted: boolean; blastRadius: any; metadata: any; }'.
src/coordination/swarm/chaos-engineering/chaos-engineering.ts(253,17): error TS2339: Property 'duration' does not exist on type '{ id: any; experimentName: any; experimentId: any; status: string; startTime: Date; parameters: any; phases: any[]; currentPhase: string; failureInjected: boolean; recoveryTriggered: boolean; recoveryCompleted: boolean; blastRadius: any; metadata: any; }'.
src/coordination/swarm/chaos-engineering/chaos-engineering.ts(255,12): error TS2339: Property 'stats' does not exist on type 'ChaosEngineering'.
src/coordination/swarm/chaos-engineering/chaos-engineering.ts(256,12): error TS2339: Property 'stats' does not exist on type 'ChaosEngineering'.
src/coordination/swarm/chaos-engineering/chaos-engineering.ts(256,49): error TS2339: Property 'duration' does not exist on type '{ id: any; experimentName: any; experimentId: any; status: string; startTime: Date; parameters: any; phases: any[]; currentPhase: string; failureInjected: boolean; recoveryTriggered: boolean; recoveryCompleted: boolean; blastRadius: any; metadata: any; }'.
src/coordination/swarm/chaos-engineering/chaos-engineering.ts(257,12): error TS2339: Property 'stats' does not exist on type 'ChaosEngineering'.
src/coordination/swarm/chaos-engineering/chaos-engineering.ts(257,45): error TS2339: Property 'stats' does not exist on type 'ChaosEngineering'.
src/coordination/swarm/chaos-engineering/chaos-engineering.ts(257,76): error TS2339: Property 'stats' does not exist on type 'ChaosEngineering'.
src/coordination/swarm/chaos-engineering/chaos-engineering.ts(259,12): error TS2339: Property 'logger' does not exist on type 'ChaosEngineering'.
src/coordination/swarm/chaos-engineering/chaos-engineering.ts(261,29): error TS2339: Property 'duration' does not exist on type '{ id: any; experimentName: any; experimentId: any; status: string; startTime: Date; parameters: any; phases: any[]; currentPhase: string; failureInjected: boolean; recoveryTriggered: boolean; recoveryCompleted: boolean; blastRadius: any; metadata: any; }'.
src/coordination/swarm/chaos-engineering/chaos-engineering.ts(268,17): error TS2339: Property 'endTime' does not exist on type '{ id: any; experimentName: any; experimentId: any; status: string; startTime: Date; parameters: any; phases: any[]; currentPhase: string; failureInjected: boolean; recoveryTriggered: boolean; recoveryCompleted: boolean; blastRadius: any; metadata: any; }'.
src/coordination/swarm/chaos-engineering/chaos-engineering.ts(269,17): error TS2339: Property 'duration' does not exist on type '{ id: any; experimentName: any; experimentId: any; status: string; startTime: Date; parameters: any; phases: any[]; currentPhase: string; failureInjected: boolean; recoveryTriggered: boolean; recoveryCompleted: boolean; blastRadius: any; metadata: any; }'.
src/coordination/swarm/chaos-engineering/chaos-engineering.ts(270,17): error TS2339: Property 'error' does not exist on type '{ id: any; experimentName: any; experimentId: any; status: string; startTime: Date; parameters: any; phases: any[]; currentPhase: string; failureInjected: boolean; recoveryTriggered: boolean; recoveryCompleted: boolean; blastRadius: any; metadata: any; }'.
src/coordination/swarm/chaos-engineering/chaos-engineering.ts(272,12): error TS2339: Property 'stats' does not exist on type 'ChaosEngineering'.
src/coordination/swarm/chaos-engineering/chaos-engineering.ts(274,12): error TS2339: Property 'logger' does not exist on type 'ChaosEngineering'.
src/coordination/swarm/chaos-engineering/chaos-engineering.ts(284,14): error TS2339: Property 'logger' does not exist on type 'ChaosEngineering'.
src/coordination/swarm/chaos-engineering/chaos-engineering.ts(293,28): error TS2339: Property 'experimentHistory' does not exist on type 'ChaosEngineering'.
src/coordination/swarm/chaos-engineering/chaos-engineering.ts(304,12): error TS2339: Property 'activeExperiments' does not exist on type 'ChaosEngineering'.
src/coordination/swarm/chaos-engineering/chaos-engineering.ts(324,12): error TS2339: Property 'logger' does not exist on type 'ChaosEngineering'.
src/coordination/swarm/chaos-engineering/chaos-engineering.ts(331,13): error TS2339: Property 'endTime' does not exist on type '{ name: any; status: string; startTime: Date; }'.
src/coordination/swarm/chaos-engineering/chaos-engineering.ts(332,13): error TS2339: Property 'duration' does not exist on type '{ name: any; status: string; startTime: Date; }'.
src/coordination/swarm/chaos-engineering/chaos-engineering.ts(334,12): error TS2339: Property 'logger' does not exist on type 'ChaosEngineering'.
src/coordination/swarm/chaos-engineering/chaos-engineering.ts(336,25): error TS2339: Property 'duration' does not exist on type '{ name: any; status: string; startTime: Date; }'.
src/coordination/swarm/chaos-engineering/chaos-engineering.ts(340,13): error TS2339: Property 'error' does not exist on type '{ name: any; status: string; startTime: Date; }'.
src/coordination/swarm/chaos-engineering/chaos-engineering.ts(341,13): error TS2339: Property 'endTime' does not exist on type '{ name: any; status: string; startTime: Date; }'.
src/coordination/swarm/chaos-engineering/chaos-engineering.ts(342,13): error TS2339: Property 'duration' does not exist on type '{ name: any; status: string; startTime: Date; }'.
src/coordination/swarm/chaos-engineering/chaos-engineering.ts(344,12): error TS2339: Property 'logger' does not exist on type 'ChaosEngineering'.
src/coordination/swarm/chaos-engineering/chaos-engineering.ts(359,15): error TS2339: Property 'options' does not exist on type 'ChaosEngineering'.
src/coordination/swarm/chaos-engineering/chaos-engineering.ts(360,12): error TS2339: Property 'logger' does not exist on type 'ChaosEngineering'.
src/coordination/swarm/chaos-engineering/chaos-engineering.ts(365,14): error TS2551: Property 'healthMonitor' does not exist on type 'ChaosEngineering'. Did you mean 'setHealthMonitor'?
src/coordination/swarm/chaos-engineering/chaos-engineering.ts(366,33): error TS2551: Property 'healthMonitor' does not exist on type 'ChaosEngineering'. Did you mean 'setHealthMonitor'?
src/coordination/swarm/chaos-engineering/chaos-engineering.ts(379,14): error TS2339: Property 'activeExperiments' does not exist on type 'ChaosEngineering'.
src/coordination/swarm/chaos-engineering/chaos-engineering.ts(379,45): error TS2339: Property 'options' does not exist on type 'ChaosEngineering'.
src/coordination/swarm/chaos-engineering/chaos-engineering.ts(385,32): error TS2339: Property 'safetyChecks' does not exist on type 'ChaosEngineering'.
src/coordination/swarm/chaos-engineering/chaos-engineering.ts(394,10): error TS2339: Property 'logger' does not exist on type 'ChaosEngineering'.
src/coordination/swarm/chaos-engineering/chaos-engineering.ts(403,27): error TS2339: Property 'failureInjectors' does not exist on type 'ChaosEngineering'.
src/coordination/swarm/chaos-engineering/chaos-engineering.ts(408,10): error TS2339: Property 'logger' does not exist on type 'ChaosEngineering'.
src/coordination/swarm/chaos-engineering/chaos-engineering.ts(439,10): error TS2339: Property 'logger' does not exist on type 'ChaosEngineering'.
src/coordination/swarm/chaos-engineering/chaos-engineering.ts(461,18): error TS2551: Property 'healthMonitor' does not exist on type 'ChaosEngineering'. Did you mean 'setHealthMonitor'?
src/coordination/swarm/chaos-engineering/chaos-engineering.ts(462,37): error TS2551: Property 'healthMonitor' does not exist on type 'ChaosEngineering'. Did you mean 'setHealthMonitor'?
src/coordination/swarm/chaos-engineering/chaos-engineering.ts(473,18): error TS2551: Property 'recoveryWorkflows' does not exist on type 'ChaosEngineering'. Did you mean 'setRecoveryWorkflows'?
src/coordination/swarm/chaos-engineering/chaos-engineering.ts(474,41): error TS2551: Property 'recoveryWorkflows' does not exist on type 'ChaosEngineering'. Did you mean 'setRecoveryWorkflows'?
src/coordination/swarm/chaos-engineering/chaos-engineering.ts(483,14): error TS2339: Property 'logger' does not exist on type 'ChaosEngineering'.
src/coordination/swarm/chaos-engineering/chaos-engineering.ts(494,9): error TS2794: Expected 1 arguments, but got 0. Did you forget to include 'void' in your type argument to 'Promise'?
src/coordination/swarm/chaos-engineering/chaos-engineering.ts(498,19): error TS2339: Property 'endTime' does not exist on type '{ startTime: Date; metrics: any[]; alerts: any[]; recoveryAttempts: any[]; }'.
src/coordination/swarm/chaos-engineering/chaos-engineering.ts(501,10): error TS2339: Property 'logger' does not exist on type 'ChaosEngineering'.
src/coordination/swarm/chaos-engineering/chaos-engineering.ts(513,15): error TS2551: Property 'recoveryWorkflows' does not exist on type 'ChaosEngineering'. Did you mean 'setRecoveryWorkflows'?
src/coordination/swarm/chaos-engineering/chaos-engineering.ts(517,10): error TS2339: Property 'logger' does not exist on type 'ChaosEngineering'.
src/coordination/swarm/chaos-engineering/chaos-engineering.ts(522,29): error TS2551: Property 'experiments' does not exist on type 'ChaosEngineering'. Did you mean 'runExperiment'?
src/coordination/swarm/chaos-engineering/chaos-engineering.ts(525,42): error TS2551: Property 'recoveryWorkflows' does not exist on type 'ChaosEngineering'. Did you mean 'setRecoveryWorkflows'?
src/coordination/swarm/chaos-engineering/chaos-engineering.ts(546,12): error TS2339: Property 'logger' does not exist on type 'ChaosEngineering'.
src/coordination/swarm/chaos-engineering/chaos-engineering.ts(552,34): error TS2339: Property 'options' does not exist on type 'ChaosEngineering'.
src/coordination/swarm/chaos-engineering/chaos-engineering.ts(568,13): error TS2794: Expected 1 arguments, but got 0. Did you forget to include 'void' in your type argument to 'Promise'?
src/coordination/swarm/chaos-engineering/chaos-engineering.ts(588,10): error TS2339: Property 'logger' does not exist on type 'ChaosEngineering'.
src/coordination/swarm/chaos-engineering/chaos-engineering.ts(598,10): error TS2339: Property 'logger' does not exist on type 'ChaosEngineering'.
src/coordination/swarm/chaos-engineering/chaos-engineering.ts(604,31): error TS2551: Property 'experiments' does not exist on type 'ChaosEngineering'. Did you mean 'runExperiment'?
src/coordination/swarm/chaos-engineering/chaos-engineering.ts(605,29): error TS2339: Property 'failureInjectors' does not exist on type 'ChaosEngineering'.
src/coordination/swarm/chaos-engineering/chaos-engineering.ts(611,16): error TS2339: Property 'logger' does not exist on type 'ChaosEngineering'.
src/coordination/swarm/chaos-engineering/chaos-engineering.ts(620,29): error TS2551: Property 'experiments' does not exist on type 'ChaosEngineering'. Did you mean 'runExperiment'?
src/coordination/swarm/chaos-engineering/chaos-engineering.ts(622,12): error TS2339: Property 'logger' does not exist on type 'ChaosEngineering'.
src/coordination/swarm/chaos-engineering/chaos-engineering.ts(634,14): error TS2551: Property 'healthMonitor' does not exist on type 'ChaosEngineering'. Did you mean 'setHealthMonitor'?
src/coordination/swarm/chaos-engineering/chaos-engineering.ts(635,33): error TS2551: Property 'healthMonitor' does not exist on type 'ChaosEngineering'. Did you mean 'setHealthMonitor'?
src/coordination/swarm/chaos-engineering/chaos-engineering.ts(642,14): error TS2551: Property 'recoveryWorkflows' does not exist on type 'ChaosEngineering'. Did you mean 'setRecoveryWorkflows'?
src/coordination/swarm/chaos-engineering/chaos-engineering.ts(643,37): error TS2551: Property 'recoveryWorkflows' does not exist on type 'ChaosEngineering'. Did you mean 'setRecoveryWorkflows'?
src/coordination/swarm/chaos-engineering/chaos-engineering.ts(650,14): error TS2551: Property 'connectionManager' does not exist on type 'ChaosEngineering'. Did you mean 'setConnectionManager'?
src/coordination/swarm/chaos-engineering/chaos-engineering.ts(651,37): error TS2551: Property 'connectionManager' does not exist on type 'ChaosEngineering'. Did you mean 'setConnectionManager'?
src/coordination/swarm/chaos-engineering/chaos-engineering.ts(653,24): error TS2339: Property 'status' does not exist on type 'unknown'.
src/coordination/swarm/chaos-engineering/chaos-engineering.ts(747,18): error TS2551: Property 'connectionManager' does not exist on type 'ChaosEngineering'. Did you mean 'setConnectionManager'?
src/coordination/swarm/chaos-engineering/chaos-engineering.ts(748,36): error TS2551: Property 'connectionManager' does not exist on type 'ChaosEngineering'. Did you mean 'setConnectionManager'?
src/coordination/swarm/chaos-engineering/chaos-engineering.ts(753,28): error TS2551: Property 'connectionManager' does not exist on type 'ChaosEngineering'. Did you mean 'setConnectionManager'?
src/coordination/swarm/chaos-engineering/chaos-engineering.ts(779,29): error TS2339: Property 'failureInjectors' does not exist on type 'ChaosEngineering'.
src/coordination/swarm/chaos-engineering/chaos-engineering.ts(793,10): error TS2339: Property 'logger' does not exist on type 'ChaosEngineering'.
src/coordination/swarm/chaos-engineering/chaos-engineering.ts(794,27): error TS2339: Property 'failureInjectors' does not exist on type 'ChaosEngineering'.
src/coordination/swarm/chaos-engineering/chaos-engineering.ts(847,10): error TS2339: Property 'logger' does not exist on type 'ChaosEngineering'.
src/coordination/swarm/chaos-engineering/chaos-engineering.ts(848,29): error TS2551: Property 'experiments' does not exist on type 'ChaosEngineering'. Did you mean 'runExperiment'?
src/coordination/swarm/chaos-engineering/chaos-engineering.ts(856,10): error TS2339: Property 'failureInjectors' does not exist on type 'ChaosEngineering'.
src/coordination/swarm/chaos-engineering/chaos-engineering.ts(857,10): error TS2339: Property 'logger' does not exist on type 'ChaosEngineering'.
src/coordination/swarm/chaos-engineering/chaos-engineering.ts(865,10): error TS2339: Property 'safetyChecks' does not exist on type 'ChaosEngineering'.
src/coordination/swarm/chaos-engineering/chaos-engineering.ts(878,10): error TS2339: Property 'safetyChecks' does not exist on type 'ChaosEngineering'.
src/coordination/swarm/chaos-engineering/chaos-engineering.ts(891,10): error TS2339: Property 'safetyChecks' does not exist on type 'ChaosEngineering'.
src/coordination/swarm/chaos-engineering/chaos-engineering.ts(897,10): error TS2339: Property 'safetyChecks' does not exist on type 'ChaosEngineering'.
src/coordination/swarm/chaos-engineering/chaos-engineering.ts(915,14): error TS2339: Property 'logger' does not exist on type 'ChaosEngineering'.
src/coordination/swarm/chaos-engineering/chaos-engineering.ts(932,14): error TS2339: Property 'logger' does not exist on type 'ChaosEngineering'.
src/coordination/swarm/chaos-engineering/chaos-engineering.ts(954,10): error TS2339: Property 'resourceUsage' does not exist on type 'ChaosEngineering'.
src/coordination/swarm/chaos-engineering/chaos-engineering.ts(957,25): error TS2551: Property 'connectionManager' does not exist on type 'ChaosEngineering'. Did you mean 'setConnectionManager'?
src/coordination/swarm/chaos-engineering/chaos-engineering.ts(958,16): error TS2551: Property 'connectionManager' does not exist on type 'ChaosEngineering'. Did you mean 'setConnectionManager'?
src/coordination/swarm/chaos-engineering/chaos-engineering.ts(963,10): error TS2339: Property 'logger' does not exist on type 'ChaosEngineering'.
src/coordination/swarm/chaos-engineering/chaos-engineering.ts(982,17): error TS2339: Property 'resourceUsage' does not exist on type 'ChaosEngineering'.
src/coordination/swarm/chaos-engineering/chaos-engineering.ts(989,25): error TS2551: Property 'connectionManager' does not exist on type 'ChaosEngineering'. Did you mean 'setConnectionManager'?
src/coordination/swarm/chaos-engineering/chaos-engineering.ts(989,50): error TS2551: Property 'connectionManager' does not exist on type 'ChaosEngineering'. Did you mean 'setConnectionManager'?
src/coordination/swarm/chaos-engineering/chaos-engineering.ts(990,20): error TS2551: Property 'healthMonitor' does not exist on type 'ChaosEngineering'. Did you mean 'setHealthMonitor'?
src/coordination/swarm/chaos-engineering/chaos-engineering.ts(990,41): error TS2551: Property 'healthMonitor' does not exist on type 'ChaosEngineering'. Did you mean 'setHealthMonitor'?
src/coordination/swarm/chaos-engineering/chaos-engineering.ts(1009,10): error TS2339: Property 'logger' does not exist on type 'ChaosEngineering'.
src/coordination/swarm/chaos-engineering/chaos-engineering.ts(1010,5): error TS2322: Type 'boolean' is not assignable to type '(reason?: string) => Promise<void>'.
src/coordination/swarm/chaos-engineering/chaos-engineering.ts(1013,44): error TS2339: Property 'activeExperiments' does not exist on type 'ChaosEngineering'.
src/coordination/swarm/chaos-engineering/chaos-engineering.ts(1026,28): error TS2339: Property 'activeExperiments' does not exist on type 'ChaosEngineering'.
src/coordination/swarm/chaos-engineering/chaos-engineering.ts(1035,10): error TS2339: Property 'logger' does not exist on type 'ChaosEngineering'.
src/coordination/swarm/chaos-engineering/chaos-engineering.ts(1044,12): error TS2339: Property 'logger' does not exist on type 'ChaosEngineering'.
src/coordination/swarm/chaos-engineering/chaos-engineering.ts(1057,5): error TS2322: Type 'boolean' is not assignable to type '(reason?: string) => Promise<void>'.
src/coordination/swarm/chaos-engineering/chaos-engineering.ts(1058,10): error TS2339: Property 'logger' does not exist on type 'ChaosEngineering'.
src/coordination/swarm/chaos-engineering/chaos-engineering.ts(1067,30): error TS2339: Property 'activeExperiments' does not exist on type 'ChaosEngineering'.
src/coordination/swarm/chaos-engineering/chaos-engineering.ts(1070,36): error TS2339: Property 'experimentHistory' does not exist on type 'ChaosEngineering'.
src/coordination/swarm/chaos-engineering/chaos-engineering.ts(1080,28): error TS2339: Property 'activeExperiments' does not exist on type 'ChaosEngineering'.
src/coordination/swarm/chaos-engineering/chaos-engineering.ts(1088,15): error TS2339: Property 'stats' does not exist on type 'ChaosEngineering'.
src/coordination/swarm/chaos-engineering/chaos-engineering.ts(1089,31): error TS2339: Property 'activeExperiments' does not exist on type 'ChaosEngineering'.
src/coordination/swarm/chaos-engineering/chaos-engineering.ts(1090,35): error TS2551: Property 'experiments' does not exist on type 'ChaosEngineering'. Did you mean 'runExperiment'?
src/coordination/swarm/chaos-engineering/chaos-engineering.ts(1091,43): error TS2551: Property 'experiments' does not exist on type 'ChaosEngineering'. Did you mean 'runExperiment'?
src/coordination/swarm/chaos-engineering/chaos-engineering.ts(1091,81): error TS2339: Property 'enabled' does not exist on type 'unknown'.
src/coordination/swarm/chaos-engineering/chaos-engineering.ts(1092,30): error TS2339: Property 'failureInjectors' does not exist on type 'ChaosEngineering'.
src/coordination/swarm/chaos-engineering/chaos-engineering.ts(1101,10): error TS2551: Property 'healthMonitor' does not exist on type 'ChaosEngineering'. Did you mean 'setHealthMonitor'?
src/coordination/swarm/chaos-engineering/chaos-engineering.ts(1102,10): error TS2339: Property 'logger' does not exist on type 'ChaosEngineering'.
src/coordination/swarm/chaos-engineering/chaos-engineering.ts(1106,10): error TS2551: Property 'recoveryWorkflows' does not exist on type 'ChaosEngineering'. Did you mean 'setRecoveryWorkflows'?
src/coordination/swarm/chaos-engineering/chaos-engineering.ts(1107,10): error TS2339: Property 'logger' does not exist on type 'ChaosEngineering'.
src/coordination/swarm/chaos-engineering/chaos-engineering.ts(1111,10): error TS2551: Property 'connectionManager' does not exist on type 'ChaosEngineering'. Did you mean 'setConnectionManager'?
src/coordination/swarm/chaos-engineering/chaos-engineering.ts(1112,10): error TS2339: Property 'logger' does not exist on type 'ChaosEngineering'.
src/coordination/swarm/chaos-engineering/chaos-engineering.ts(1116,10): error TS2339: Property 'mcpTools' does not exist on type 'ChaosEngineering'.
src/coordination/swarm/chaos-engineering/chaos-engineering.ts(1117,10): error TS2339: Property 'logger' does not exist on type 'ChaosEngineering'.
src/coordination/swarm/chaos-engineering/chaos-engineering.ts(1127,36): error TS2551: Property 'experiments' does not exist on type 'ChaosEngineering'. Did you mean 'runExperiment'?
src/coordination/swarm/chaos-engineering/chaos-engineering.ts(1130,23): error TS2339: Property 'experimentHistory' does not exist on type 'ChaosEngineering'.
src/coordination/swarm/chaos-engineering/chaos-engineering.ts(1132,42): error TS2339: Property 'activeExperiments' does not exist on type 'ChaosEngineering'.
src/coordination/swarm/chaos-engineering/chaos-engineering.ts(1133,41): error TS2339: Property 'failureInjectors' does not exist on type 'ChaosEngineering'.
src/coordination/swarm/chaos-engineering/chaos-engineering.ts(1134,37): error TS2339: Property 'safetyChecks' does not exist on type 'ChaosEngineering'.
src/coordination/swarm/chaos-engineering/chaos-engineering.ts(1142,10): error TS2339: Property 'logger' does not exist on type 'ChaosEngineering'.
src/coordination/swarm/chaos-engineering/chaos-engineering.ts(1145,44): error TS2339: Property 'activeExperiments' does not exist on type 'ChaosEngineering'.
src/coordination/swarm/chaos-engineering/chaos-engineering.ts(1147,14): error TS2339: Property 'logger' does not exist on type 'ChaosEngineering'.
src/coordination/swarm/chaos-engineering/chaos-engineering.ts(1154,10): error TS2551: Property 'experiments' does not exist on type 'ChaosEngineering'. Did you mean 'runExperiment'?
src/coordination/swarm/chaos-engineering/chaos-engineering.ts(1155,10): error TS2339: Property 'activeExperiments' does not exist on type 'ChaosEngineering'.
src/coordination/swarm/chaos-engineering/chaos-engineering.ts(1156,10): error TS2339: Property 'experimentHistory' does not exist on type 'ChaosEngineering'.
src/coordination/swarm/chaos-engineering/chaos-engineering.ts(1157,10): error TS2339: Property 'failureInjectors' does not exist on type 'ChaosEngineering'.
src/coordination/swarm/chaos-engineering/chaos-engineering.ts(1158,10): error TS2339: Property 'safetyChecks' does not exist on type 'ChaosEngineering'.
src/coordination/swarm/cognitive-patterns/cognitive-pattern-evolution.ts(8,10): error TS2339: Property 'agentPatterns' does not exist on type 'CognitivePatternEvolution'.
src/coordination/swarm/cognitive-patterns/cognitive-pattern-evolution.ts(9,10): error TS2339: Property 'evolutionHistory' does not exist on type 'CognitivePatternEvolution'.
src/coordination/swarm/cognitive-patterns/cognitive-pattern-evolution.ts(10,10): error TS2339: Property 'patternTemplates' does not exist on type 'CognitivePatternEvolution'.
src/coordination/swarm/cognitive-patterns/cognitive-pattern-evolution.ts(11,10): error TS2339: Property 'crossAgentPatterns' does not exist on type 'CognitivePatternEvolution'.
src/coordination/swarm/cognitive-patterns/cognitive-pattern-evolution.ts(12,10): error TS2339: Property 'evolutionMetrics' does not exist on type 'CognitivePatternEvolution'.
src/coordination/swarm/cognitive-patterns/cognitive-pattern-evolution.ts(23,10): error TS2339: Property 'patternTemplates' does not exist on type 'CognitivePatternEvolution'.
src/coordination/swarm/cognitive-patterns/cognitive-pattern-evolution.ts(41,10): error TS2339: Property 'patternTemplates' does not exist on type 'CognitivePatternEvolution'.
src/coordination/swarm/cognitive-patterns/cognitive-pattern-evolution.ts(59,10): error TS2339: Property 'patternTemplates' does not exist on type 'CognitivePatternEvolution'.
src/coordination/swarm/cognitive-patterns/cognitive-pattern-evolution.ts(77,10): error TS2339: Property 'patternTemplates' does not exist on type 'CognitivePatternEvolution'.
src/coordination/swarm/cognitive-patterns/cognitive-pattern-evolution.ts(95,10): error TS2339: Property 'patternTemplates' does not exist on type 'CognitivePatternEvolution'.
src/coordination/swarm/cognitive-patterns/cognitive-pattern-evolution.ts(113,10): error TS2339: Property 'patternTemplates' does not exist on type 'CognitivePatternEvolution'.
src/coordination/swarm/cognitive-patterns/cognitive-pattern-evolution.ts(139,10): error TS2339: Property 'agentPatterns' does not exist on type 'CognitivePatternEvolution'.
src/coordination/swarm/cognitive-patterns/cognitive-pattern-evolution.ts(149,10): error TS2339: Property 'evolutionHistory' does not exist on type 'CognitivePatternEvolution'.
src/coordination/swarm/cognitive-patterns/cognitive-pattern-evolution.ts(150,10): error TS2339: Property 'evolutionMetrics' does not exist on type 'CognitivePatternEvolution'.
src/coordination/swarm/cognitive-patterns/cognitive-pattern-evolution.ts(225,28): error TS2339: Property 'agentPatterns' does not exist on type 'CognitivePatternEvolution'.
src/coordination/swarm/cognitive-patterns/cognitive-pattern-evolution.ts(498,28): error TS2339: Property 'agentPatterns' does not exist on type 'CognitivePatternEvolution'.
src/coordination/swarm/cognitive-patterns/cognitive-pattern-evolution.ts(506,29): error TS2339: Property 'patternTemplates' does not exist on type 'CognitivePatternEvolution'.
src/coordination/swarm/cognitive-patterns/cognitive-pattern-evolution.ts(626,26): error TS2339: Property 'evolutionHistory' does not exist on type 'CognitivePatternEvolution'.
src/coordination/swarm/cognitive-patterns/cognitive-pattern-evolution.ts(650,28): error TS2339: Property 'agentPatterns' does not exist on type 'CognitivePatternEvolution'.
src/coordination/swarm/cognitive-patterns/cognitive-pattern-evolution.ts(671,7): error TS2362: The left-hand side of an arithmetic operation must be of type 'any', 'number', 'bigint' or an enum type.
src/coordination/swarm/cognitive-patterns/cognitive-pattern-evolution.ts(671,63): error TS2339: Property 'overall' does not exist on type 'unknown'.
src/coordination/swarm/cognitive-patterns/cognitive-pattern-evolution.ts(741,28): error TS2339: Property 'agentPatterns' does not exist on type 'CognitivePatternEvolution'.
src/coordination/swarm/cognitive-patterns/cognitive-pattern-evolution.ts(777,26): error TS2339: Property 'evolutionMetrics' does not exist on type 'CognitivePatternEvolution'.
src/coordination/swarm/cognitive-patterns/cognitive-pattern-evolution.ts(795,47): error TS2339: Property 'patternTemplates' does not exist on type 'CognitivePatternEvolution'.
src/coordination/swarm/cognitive-patterns/cognitive-pattern-evolution.ts(807,29): error TS2339: Property 'patternTemplates' does not exist on type 'CognitivePatternEvolution'.
src/coordination/swarm/cognitive-patterns/cognitive-pattern-evolution.ts(839,29): error TS2339: Property 'patternTemplates' does not exist on type 'CognitivePatternEvolution'.
src/coordination/swarm/cognitive-patterns/cognitive-pattern-evolution.ts(866,29): error TS2339: Property 'patternTemplates' does not exist on type 'CognitivePatternEvolution'.
src/coordination/swarm/cognitive-patterns/cognitive-pattern-evolution.ts(875,12): error TS2339: Property 'patternTemplates' does not exist on type 'CognitivePatternEvolution'.
src/coordination/swarm/cognitive-patterns/cognitive-pattern-evolution.ts(931,29): error TS2339: Property 'patternTemplates' does not exist on type 'CognitivePatternEvolution'.
src/coordination/swarm/cognitive-patterns/cognitive-pattern-evolution.ts(955,28): error TS2339: Property 'patternTemplates' does not exist on type 'CognitivePatternEvolution'.
src/coordination/swarm/cognitive-patterns/cognitive-pattern-evolution.ts(956,28): error TS2339: Property 'patternTemplates' does not exist on type 'CognitivePatternEvolution'.
src/coordination/swarm/cognitive-patterns/cognitive-pattern-evolution.ts(963,10): error TS2339: Property 'patternTemplates' does not exist on type 'CognitivePatternEvolution'.
src/coordination/swarm/cognitive-patterns/cognitive-pattern-evolution.ts(1022,29): error TS2339: Property 'patternTemplates' does not exist on type 'CognitivePatternEvolution'.
src/coordination/swarm/cognitive-patterns/cognitive-pattern-evolution.ts(1043,26): error TS2339: Property 'evolutionHistory' does not exist on type 'CognitivePatternEvolution'.
src/coordination/swarm/cognitive-patterns/cognitive-pattern-evolution.ts(1051,10): error TS2339: Property 'evolutionHistory' does not exist on type 'CognitivePatternEvolution'.
src/coordination/swarm/cognitive-patterns/cognitive-pattern-evolution.ts(1079,10): error TS2339: Property 'crossAgentPatterns' does not exist on type 'CognitivePatternEvolution'.
src/coordination/swarm/cognitive-patterns/cognitive-pattern-evolution.ts(1088,29): error TS2339: Property 'agentPatterns' does not exist on type 'CognitivePatternEvolution'.
src/coordination/swarm/cognitive-patterns/cognitive-pattern-evolution.ts(1111,28): error TS2339: Property 'evolutionMetrics' does not exist on type 'CognitivePatternEvolution'.
src/coordination/swarm/cognitive-patterns/cognitive-pattern-evolution.ts(1124,28): error TS2339: Property 'agentPatterns' does not exist on type 'CognitivePatternEvolution'.
src/coordination/swarm/cognitive-patterns/cognitive-pattern-evolution.ts(1159,28): error TS2339: Property 'agentPatterns' does not exist on type 'CognitivePatternEvolution'.
src/coordination/swarm/cognitive-patterns/cognitive-pattern-evolution.ts(1167,29): error TS2339: Property 'patternTemplates' does not exist on type 'CognitivePatternEvolution'.
src/coordination/swarm/cognitive-patterns/cognitive-pattern-evolution.ts(1190,28): error TS2339: Property 'agentPatterns' does not exist on type 'CognitivePatternEvolution'.
src/coordination/swarm/cognitive-patterns/cognitive-pattern-evolution.ts(1204,31): error TS2339: Property 'patternTemplates' does not exist on type 'CognitivePatternEvolution'.
src/coordination/swarm/cognitive-patterns/cognitive-pattern-evolution.ts(1238,28): error TS2339: Property 'agentPatterns' does not exist on type 'CognitivePatternEvolution'.
src/coordination/swarm/cognitive-patterns/cognitive-pattern-evolution.ts(1239,26): error TS2339: Property 'evolutionMetrics' does not exist on type 'CognitivePatternEvolution'.
src/coordination/swarm/cognitive-patterns/cognitive-pattern-evolution.ts(1270,30): error TS2339: Property 'agentPatterns' does not exist on type 'CognitivePatternEvolution'.
src/coordination/swarm/cognitive-patterns/cognitive-pattern-evolution.ts(1276,43): error TS2339: Property 'evolutionMetrics' does not exist on type 'CognitivePatternEvolution'.
src/coordination/swarm/cognitive-patterns/cognitive-pattern-evolution.ts(1278,30): error TS2339: Property 'agentPatterns' does not exist on type 'CognitivePatternEvolution'.
src/coordination/swarm/cognitive-patterns/cognitive-pattern-evolution.ts(1299,35): error TS2339: Property 'patternTemplates' does not exist on type 'CognitivePatternEvolution'.
src/coordination/swarm/cognitive-patterns/cognitive-pattern-evolution.ts(1300,32): error TS2339: Property 'crossAgentPatterns' does not exist on type 'CognitivePatternEvolution'.
src/coordination/swarm/cognitive-patterns/cognitive-pattern-evolution.ts(1309,28): error TS2339: Property 'agentPatterns' does not exist on type 'CognitivePatternEvolution'.
src/coordination/swarm/cognitive-patterns/cognitive-pattern-evolution.ts(1310,26): error TS2339: Property 'evolutionHistory' does not exist on type 'CognitivePatternEvolution'.
src/coordination/swarm/cognitive-patterns/cognitive-pattern-evolution.ts(1311,26): error TS2339: Property 'evolutionMetrics' does not exist on type 'CognitivePatternEvolution'.
src/coordination/swarm/cognitive-patterns/cognitive-pattern-evolution.ts(1327,12): error TS2339: Property 'agentPatterns' does not exist on type 'CognitivePatternEvolution'.
src/coordination/swarm/cognitive-patterns/cognitive-pattern-evolution.ts(1331,12): error TS2339: Property 'evolutionHistory' does not exist on type 'CognitivePatternEvolution'.
src/coordination/swarm/cognitive-patterns/cognitive-pattern-evolution.ts(1335,12): error TS2339: Property 'evolutionMetrics' does not exist on type 'CognitivePatternEvolution'.
src/coordination/swarm/connection-management/connection-state-manager.ts(17,30): error TS2307: Cannot find module './errors.js' or its corresponding type declarations.
src/coordination/swarm/connection-management/connection-state-manager.ts(18,24): error TS2307: Cannot find module './logger.js' or its corresponding type declarations.
src/coordination/swarm/connection-management/connection-state-manager.ts(19,28): error TS2307: Cannot find module './utils.js' or its corresponding type declarations.
src/coordination/swarm/connection-management/connection-state-manager.ts(25,10): error TS2339: Property 'options' does not exist on type 'ConnectionStateManager'.
src/coordination/swarm/connection-management/connection-state-manager.ts(26,31): error TS2339: Property 'maxConnections' does not exist on type '{}'.
src/coordination/swarm/connection-management/connection-state-manager.ts(27,34): error TS2339: Property 'connectionTimeout' does not exist on type '{}'.
src/coordination/swarm/connection-management/connection-state-manager.ts(28,31): error TS2339: Property 'reconnectDelay' does not exist on type '{}'.
src/coordination/swarm/connection-management/connection-state-manager.ts(29,34): error TS2339: Property 'maxReconnectDelay' does not exist on type '{}'.
src/coordination/swarm/connection-management/connection-state-manager.ts(30,37): error TS2339: Property 'maxReconnectAttempts' does not exist on type '{}'.
src/coordination/swarm/connection-management/connection-state-manager.ts(31,36): error TS2339: Property 'healthCheckInterval' does not exist on type '{}'.
src/coordination/swarm/connection-management/connection-state-manager.ts(32,35): error TS2339: Property 'persistenceEnabled' does not exist on type '{}'.
src/coordination/swarm/connection-management/connection-state-manager.ts(33,31): error TS2339: Property 'enableFallback' does not exist on type '{}'.
src/coordination/swarm/connection-management/connection-state-manager.ts(37,10): error TS2339: Property 'logger' does not exist on type 'ConnectionStateManager'.
src/coordination/swarm/connection-management/connection-state-manager.ts(44,10): error TS2339: Property 'connections' does not exist on type 'ConnectionStateManager'.
src/coordination/swarm/connection-management/connection-state-manager.ts(45,10): error TS2339: Property 'connectionHealth' does not exist on type 'ConnectionStateManager'.
src/coordination/swarm/connection-management/connection-state-manager.ts(46,10): error TS2339: Property 'reconnectTimers' does not exist on type 'ConnectionStateManager'.
src/coordination/swarm/connection-management/connection-state-manager.ts(47,10): error TS2339: Property 'fallbackConnections' does not exist on type 'ConnectionStateManager'.
src/coordination/swarm/connection-management/connection-state-manager.ts(50,10): error TS2551: Property 'isInitialized' does not exist on type 'ConnectionStateManager'. Did you mean 'initialize'?
src/coordination/swarm/connection-management/connection-state-manager.ts(51,10): error TS2339: Property 'isShuttingDown' does not exist on type 'ConnectionStateManager'.
src/coordination/swarm/connection-management/connection-state-manager.ts(52,10): error TS2339: Property 'connectionPool' does not exist on type 'ConnectionStateManager'.
src/coordination/swarm/connection-management/connection-state-manager.ts(53,10): error TS2339: Property 'activeConnections' does not exist on type 'ConnectionStateManager'.
src/coordination/swarm/connection-management/connection-state-manager.ts(56,10): error TS2339: Property 'stats' does not exist on type 'ConnectionStateManager'.
src/coordination/swarm/connection-management/connection-state-manager.ts(66,10): error TS2551: Property 'persistence' does not exist on type 'ConnectionStateManager'. Did you mean 'setPersistence'?
src/coordination/swarm/connection-management/connection-state-manager.ts(67,10): error TS2551: Property 'healthMonitor' does not exist on type 'ConnectionStateManager'. Did you mean 'setHealthMonitor'?
src/coordination/swarm/connection-management/connection-state-manager.ts(68,10): error TS2551: Property 'recoveryWorkflows' does not exist on type 'ConnectionStateManager'. Did you mean 'setRecoveryWorkflows'?
src/coordination/swarm/connection-management/connection-state-manager.ts(78,12): error TS2339: Property 'logger' does not exist on type 'ConnectionStateManager'.
src/coordination/swarm/connection-management/connection-state-manager.ts(84,16): error TS2339: Property 'options' does not exist on type 'ConnectionStateManager'.
src/coordination/swarm/connection-management/connection-state-manager.ts(84,51): error TS2551: Property 'persistence' does not exist on type 'ConnectionStateManager'. Did you mean 'setPersistence'?
src/coordination/swarm/connection-management/connection-state-manager.ts(88,12): error TS2551: Property 'isInitialized' does not exist on type 'ConnectionStateManager'. Did you mean 'initialize'?
src/coordination/swarm/connection-management/connection-state-manager.ts(89,12): error TS2339: Property 'logger' does not exist on type 'ConnectionStateManager'.
src/coordination/swarm/connection-management/connection-state-manager.ts(100,12): error TS2339: Property 'logger' does not exist on type 'ConnectionStateManager'.
src/coordination/swarm/connection-management/connection-state-manager.ts(109,15): error TS2551: Property 'isInitialized' does not exist on type 'ConnectionStateManager'. Did you mean 'initialize'?
src/coordination/swarm/connection-management/connection-state-manager.ts(134,10): error TS2339: Property 'connections' does not exist on type 'ConnectionStateManager'.
src/coordination/swarm/connection-management/connection-state-manager.ts(135,10): error TS2339: Property 'connectionHealth' does not exist on type 'ConnectionStateManager'.
src/coordination/swarm/connection-management/connection-state-manager.ts(143,10): error TS2339: Property 'logger' does not exist on type 'ConnectionStateManager'.
src/coordination/swarm/connection-management/connection-state-manager.ts(154,12): error TS2339: Property 'activeConnections' does not exist on type 'ConnectionStateManager'.
src/coordination/swarm/connection-management/connection-state-manager.ts(155,12): error TS2339: Property 'stats' does not exist on type 'ConnectionStateManager'.
src/coordination/swarm/connection-management/connection-state-manager.ts(156,12): error TS2339: Property 'stats' does not exist on type 'ConnectionStateManager'.
src/coordination/swarm/connection-management/connection-state-manager.ts(159,12): error TS2339: Property 'stats' does not exist on type 'ConnectionStateManager'.
src/coordination/swarm/connection-management/connection-state-manager.ts(160,12): error TS2339: Property 'stats' does not exist on type 'ConnectionStateManager'.
src/coordination/swarm/connection-management/connection-state-manager.ts(161,14): error TS2339: Property 'stats' does not exist on type 'ConnectionStateManager'.
src/coordination/swarm/connection-management/connection-state-manager.ts(161,47): error TS2339: Property 'stats' does not exist on type 'ConnectionStateManager'.
src/coordination/swarm/connection-management/connection-state-manager.ts(164,16): error TS2339: Property 'options' does not exist on type 'ConnectionStateManager'.
src/coordination/swarm/connection-management/connection-state-manager.ts(168,12): error TS2339: Property 'logger' does not exist on type 'ConnectionStateManager'.
src/coordination/swarm/connection-management/connection-state-manager.ts(170,33): error TS2339: Property 'activeConnections' does not exist on type 'ConnectionStateManager'.
src/coordination/swarm/connection-management/connection-state-manager.ts(176,18): error TS2339: Property 'error' does not exist on type '{ id: any; type: any; config: any; status: string; createdAt: Date; lastConnected: any; lastDisconnected: any; reconnectAttempts: number; health: { status: string; lastCheck: any; latency: any; errors: any[]; }; metadata: any; }'.
src/coordination/swarm/connection-management/connection-state-manager.ts(177,12): error TS2339: Property 'stats' does not exist on type 'ConnectionStateManager'.
src/coordination/swarm/connection-management/connection-state-manager.ts(179,12): error TS2339: Property 'logger' does not exist on type 'ConnectionStateManager'.
src/coordination/swarm/connection-management/connection-state-manager.ts(196,29): error TS2339: Property 'connections' does not exist on type 'ConnectionStateManager'.
src/coordination/swarm/connection-management/connection-state-manager.ts(201,10): error TS2339: Property 'logger' does not exist on type 'ConnectionStateManager'.
src/coordination/swarm/connection-management/connection-state-manager.ts(225,27): error TS2339: Property 'connectionHealth' does not exist on type 'ConnectionStateManager'.
src/coordination/swarm/connection-management/connection-state-manager.ts(235,12): error TS2339: Property 'logger' does not exist on type 'ConnectionStateManager'.
src/coordination/swarm/connection-management/connection-state-manager.ts(240,27): error TS2339: Property 'connectionHealth' does not exist on type 'ConnectionStateManager'.
src/coordination/swarm/connection-management/connection-state-manager.ts(278,15): error TS2339: Property 'options' does not exist on type 'ConnectionStateManager'.
src/coordination/swarm/connection-management/connection-state-manager.ts(283,21): error TS2448: Block-scoped variable 'process' used before its declaration.
src/coordination/swarm/connection-management/connection-state-manager.ts(296,11): error TS2794: Expected 1 arguments, but got 0. Did you forget to include 'void' in your type argument to 'Promise'?
src/coordination/swarm/connection-management/connection-state-manager.ts(330,15): error TS2339: Property 'options' does not exist on type 'ConnectionStateManager'.
src/coordination/swarm/connection-management/connection-state-manager.ts(342,11): error TS2794: Expected 1 arguments, but got 0. Did you forget to include 'void' in your type argument to 'Promise'?
src/coordination/swarm/connection-management/connection-state-manager.ts(374,7): error TS2769: No overload matches this call.
  Overload 1 of 2, '(input: string | URL | Request, init?: RequestInit): Promise<Response>', gave the following error.
    Object literal may only specify known properties, and 'timeout' does not exist in type 'RequestInit'.
  Overload 2 of 2, '(input: URL | RequestInfo, init?: RequestInit): Promise<Response>', gave the following error.
    Object literal may only specify known properties, and 'timeout' does not exist in type 'RequestInit'.
src/coordination/swarm/connection-management/connection-state-manager.ts(374,21): error TS2339: Property 'options' does not exist on type 'ConnectionStateManager'.
src/coordination/swarm/connection-management/connection-state-manager.ts(388,61): error TS2339: Property 'headers' does not exist on type '{}'.
src/coordination/swarm/connection-management/connection-state-manager.ts(411,18): error TS2339: Property 'logger' does not exist on type 'ConnectionStateManager'.
src/coordination/swarm/connection-management/connection-state-manager.ts(421,12): error TS2339: Property 'logger' does not exist on type 'ConnectionStateManager'.
src/coordination/swarm/connection-management/connection-state-manager.ts(434,14): error TS2339: Property 'logger' does not exist on type 'ConnectionStateManager'.
src/coordination/swarm/connection-management/connection-state-manager.ts(446,10): error TS2339: Property 'logger' does not exist on type 'ConnectionStateManager'.
src/coordination/swarm/connection-management/connection-state-manager.ts(449,29): error TS2339: Property 'connections' does not exist on type 'ConnectionStateManager'.
src/coordination/swarm/connection-management/connection-state-manager.ts(462,29): error TS2339: Property 'connections' does not exist on type 'ConnectionStateManager'.
src/coordination/swarm/connection-management/connection-state-manager.ts(498,12): error TS2339: Property 'logger' does not exist on type 'ConnectionStateManager'.
src/coordination/swarm/connection-management/connection-state-manager.ts(501,12): error TS2339: Property 'logger' does not exist on type 'ConnectionStateManager'.
src/coordination/swarm/connection-management/connection-state-manager.ts(522,29): error TS2339: Property 'connections' does not exist on type 'ConnectionStateManager'.
src/coordination/swarm/connection-management/connection-state-manager.ts(527,10): error TS2339: Property 'activeConnections' does not exist on type 'ConnectionStateManager'.
src/coordination/swarm/connection-management/connection-state-manager.ts(527,47): error TS2339: Property 'activeConnections' does not exist on type 'ConnectionStateManager'.
src/coordination/swarm/connection-management/connection-state-manager.ts(528,10): error TS2339: Property 'stats' does not exist on type 'ConnectionStateManager'.
src/coordination/swarm/connection-management/connection-state-manager.ts(528,41): error TS2339: Property 'activeConnections' does not exist on type 'ConnectionStateManager'.
src/coordination/swarm/connection-management/connection-state-manager.ts(530,10): error TS2339: Property 'logger' does not exist on type 'ConnectionStateManager'.
src/coordination/swarm/connection-management/connection-state-manager.ts(539,15): error TS2339: Property 'isShuttingDown' does not exist on type 'ConnectionStateManager'.
src/coordination/swarm/connection-management/connection-state-manager.ts(548,29): error TS2339: Property 'connections' does not exist on type 'ConnectionStateManager'.
src/coordination/swarm/connection-management/connection-state-manager.ts(552,46): error TS2339: Property 'options' does not exist on type 'ConnectionStateManager'.
src/coordination/swarm/connection-management/connection-state-manager.ts(553,12): error TS2339: Property 'logger' does not exist on type 'ConnectionStateManager'.
src/coordination/swarm/connection-management/connection-state-manager.ts(561,16): error TS2551: Property 'recoveryWorkflows' does not exist on type 'ConnectionStateManager'. Did you mean 'setRecoveryWorkflows'?
src/coordination/swarm/connection-management/connection-state-manager.ts(562,14): error TS2551: Property 'recoveryWorkflows' does not exist on type 'ConnectionStateManager'. Did you mean 'setRecoveryWorkflows'?
src/coordination/swarm/connection-management/connection-state-manager.ts(573,12): error TS2339: Property 'options' does not exist on type 'ConnectionStateManager'.
src/coordination/swarm/connection-management/connection-state-manager.ts(574,12): error TS2339: Property 'options' does not exist on type 'ConnectionStateManager'.
src/coordination/swarm/connection-management/connection-state-manager.ts(577,10): error TS2339: Property 'logger' does not exist on type 'ConnectionStateManager'.
src/coordination/swarm/connection-management/connection-state-manager.ts(583,12): error TS2339: Property 'reconnectTimers' does not exist on type 'ConnectionStateManager'.
src/coordination/swarm/connection-management/connection-state-manager.ts(588,14): error TS2339: Property 'stats' does not exist on type 'ConnectionStateManager'.
src/coordination/swarm/connection-management/connection-state-manager.ts(597,14): error TS2339: Property 'activeConnections' does not exist on type 'ConnectionStateManager'.
src/coordination/swarm/connection-management/connection-state-manager.ts(598,14): error TS2339: Property 'stats' does not exist on type 'ConnectionStateManager'.
src/coordination/swarm/connection-management/connection-state-manager.ts(600,14): error TS2339: Property 'logger' does not exist on type 'ConnectionStateManager'.
src/coordination/swarm/connection-management/connection-state-manager.ts(604,18): error TS2339: Property 'options' does not exist on type 'ConnectionStateManager'.
src/coordination/swarm/connection-management/connection-state-manager.ts(608,14): error TS2339: Property 'logger' does not exist on type 'ConnectionStateManager'.
src/coordination/swarm/connection-management/connection-state-manager.ts(621,10): error TS2339: Property 'reconnectTimers' does not exist on type 'ConnectionStateManager'.
src/coordination/swarm/connection-management/connection-state-manager.ts(629,31): error TS2339: Property 'connections' does not exist on type 'ConnectionStateManager'.
src/coordination/swarm/connection-management/connection-state-manager.ts(634,22): error TS2339: Property 'connectionHealth' does not exist on type 'ConnectionStateManager'.
src/coordination/swarm/connection-management/connection-state-manager.ts(640,41): error TS2339: Property 'connections' does not exist on type 'ConnectionStateManager'.
src/coordination/swarm/connection-management/connection-state-manager.ts(643,22): error TS2339: Property 'connectionHealth' does not exist on type 'ConnectionStateManager'.
src/coordination/swarm/connection-management/connection-state-manager.ts(651,21): error TS2339: Property 'connections' does not exist on type 'ConnectionStateManager'.
src/coordination/swarm/connection-management/connection-state-manager.ts(652,22): error TS2339: Property 'activeConnections' does not exist on type 'ConnectionStateManager'.
src/coordination/swarm/connection-management/connection-state-manager.ts(653,33): error TS2339: Property 'connections' does not exist on type 'ConnectionStateManager'.
src/coordination/swarm/connection-management/connection-state-manager.ts(653,71): error TS2339: Property 'status' does not exist on type 'unknown'.
src/coordination/swarm/connection-management/connection-state-manager.ts(654,39): error TS2339: Property 'connections' does not exist on type 'ConnectionStateManager'.
src/coordination/swarm/connection-management/connection-state-manager.ts(655,20): error TS2339: Property 'status' does not exist on type 'unknown'.
src/coordination/swarm/connection-management/connection-state-manager.ts(666,15): error TS2339: Property 'stats' does not exist on type 'ConnectionStateManager'.
src/coordination/swarm/connection-management/connection-state-manager.ts(667,29): error TS2339: Property 'connections' does not exist on type 'ConnectionStateManager'.
src/coordination/swarm/connection-management/connection-state-manager.ts(668,43): error TS2339: Property 'connections' does not exist on type 'ConnectionStateManager'.
src/coordination/swarm/connection-management/connection-state-manager.ts(669,18): error TS2339: Property 'health' does not exist on type 'unknown'.
src/coordination/swarm/connection-management/connection-state-manager.ts(671,37): error TS2339: Property 'reconnectTimers' does not exist on type 'ConnectionStateManager'.
src/coordination/swarm/connection-management/connection-state-manager.ts(679,29): error TS2339: Property 'connections' does not exist on type 'ConnectionStateManager'.
src/coordination/swarm/connection-management/connection-state-manager.ts(684,10): error TS2339: Property 'logger' does not exist on type 'ConnectionStateManager'.
src/coordination/swarm/connection-management/connection-state-manager.ts(687,24): error TS2339: Property 'reconnectTimers' does not exist on type 'ConnectionStateManager'.
src/coordination/swarm/connection-management/connection-state-manager.ts(690,12): error TS2339: Property 'reconnectTimers' does not exist on type 'ConnectionStateManager'.
src/coordination/swarm/connection-management/connection-state-manager.ts(713,12): error TS2339: Property 'logger' does not exist on type 'ConnectionStateManager'.
src/coordination/swarm/connection-management/connection-state-manager.ts(721,14): error TS2339: Property 'activeConnections' does not exist on type 'ConnectionStateManager'.
src/coordination/swarm/connection-management/connection-state-manager.ts(722,12): error TS2339: Property 'activeConnections' does not exist on type 'ConnectionStateManager'.
src/coordination/swarm/connection-management/connection-state-manager.ts(723,12): error TS2339: Property 'stats' does not exist on type 'ConnectionStateManager'.
src/coordination/swarm/connection-management/connection-state-manager.ts(734,14): error TS2339: Property 'connections' does not exist on type 'ConnectionStateManager'.
src/coordination/swarm/connection-management/connection-state-manager.ts(738,14): error TS2339: Property 'logger' does not exist on type 'ConnectionStateManager'.
src/coordination/swarm/connection-management/connection-state-manager.ts(745,10): error TS2339: Property 'connections' does not exist on type 'ConnectionStateManager'.
src/coordination/swarm/connection-management/connection-state-manager.ts(746,10): error TS2339: Property 'connectionHealth' does not exist on type 'ConnectionStateManager'.
src/coordination/swarm/connection-management/connection-state-manager.ts(747,10): error TS2339: Property 'reconnectTimers' does not exist on type 'ConnectionStateManager'.
src/coordination/swarm/connection-management/connection-state-manager.ts(748,10): error TS2339: Property 'fallbackConnections' does not exist on type 'ConnectionStateManager'.
src/coordination/swarm/connection-management/connection-state-manager.ts(751,14): error TS2339: Property 'options' does not exist on type 'ConnectionStateManager'.
src/coordination/swarm/connection-management/connection-state-manager.ts(751,49): error TS2551: Property 'persistence' does not exist on type 'ConnectionStateManager'. Did you mean 'setPersistence'?
src/coordination/swarm/connection-management/connection-state-manager.ts(755,10): error TS2339: Property 'logger' does not exist on type 'ConnectionStateManager'.
src/coordination/swarm/connection-management/connection-state-manager.ts(763,10): error TS2339: Property 'healthMonitorInterval' does not exist on type 'ConnectionStateManager'.
src/coordination/swarm/connection-management/connection-state-manager.ts(767,14): error TS2339: Property 'logger' does not exist on type 'ConnectionStateManager'.
src/coordination/swarm/connection-management/connection-state-manager.ts(771,13): error TS2339: Property 'options' does not exist on type 'ConnectionStateManager'.
src/coordination/swarm/connection-management/connection-state-manager.ts(773,10): error TS2339: Property 'logger' does not exist on type 'ConnectionStateManager'.
src/coordination/swarm/connection-management/connection-state-manager.ts(780,42): error TS2339: Property 'connections' does not exist on type 'ConnectionStateManager'.
src/coordination/swarm/connection-management/connection-state-manager.ts(791,29): error TS2339: Property 'connections' does not exist on type 'ConnectionStateManager'.
src/coordination/swarm/connection-management/connection-state-manager.ts(812,27): error TS2339: Property 'connectionHealth' does not exist on type 'ConnectionStateManager'.
src/coordination/swarm/connection-management/connection-state-manager.ts(824,27): error TS2339: Property 'connectionHealth' does not exist on type 'ConnectionStateManager'.
src/coordination/swarm/connection-management/connection-state-manager.ts(828,12): error TS2339: Property 'logger' does not exist on type 'ConnectionStateManager'.
src/coordination/swarm/connection-management/connection-state-manager.ts(834,14): error TS2339: Property 'logger' does not exist on type 'ConnectionStateManager'.
src/coordination/swarm/connection-management/connection-state-manager.ts(838,18): error TS2551: Property 'recoveryWorkflows' does not exist on type 'ConnectionStateManager'. Did you mean 'setRecoveryWorkflows'?
src/coordination/swarm/connection-management/connection-state-manager.ts(839,22): error TS2551: Property 'recoveryWorkflows' does not exist on type 'ConnectionStateManager'. Did you mean 'setRecoveryWorkflows'?
src/coordination/swarm/connection-management/connection-state-manager.ts(853,15): error TS2551: Property 'persistence' does not exist on type 'ConnectionStateManager'. Did you mean 'setPersistence'?
src/coordination/swarm/connection-management/connection-state-manager.ts(856,18): error TS2551: Property 'persistence' does not exist on type 'ConnectionStateManager'. Did you mean 'setPersistence'?
src/coordination/swarm/connection-management/connection-state-manager.ts(875,12): error TS2339: Property 'logger' does not exist on type 'ConnectionStateManager'.
src/coordination/swarm/connection-management/connection-state-manager.ts(886,15): error TS2551: Property 'persistence' does not exist on type 'ConnectionStateManager'. Did you mean 'setPersistence'?
src/coordination/swarm/connection-management/connection-state-manager.ts(890,18): error TS2551: Property 'persistence' does not exist on type 'ConnectionStateManager'. Did you mean 'setPersistence'?
src/coordination/swarm/connection-management/connection-state-manager.ts(904,38): error TS2551: Property 'persistence' does not exist on type 'ConnectionStateManager'. Did you mean 'setPersistence'?
src/coordination/swarm/connection-management/connection-state-manager.ts(928,14): error TS2339: Property 'connections' does not exist on type 'ConnectionStateManager'.
src/coordination/swarm/connection-management/connection-state-manager.ts(929,14): error TS2339: Property 'connectionHealth' does not exist on type 'ConnectionStateManager'.
src/coordination/swarm/connection-management/connection-state-manager.ts(943,12): error TS2339: Property 'logger' does not exist on type 'ConnectionStateManager'.
src/coordination/swarm/connection-management/connection-state-manager.ts(947,12): error TS2339: Property 'logger' does not exist on type 'ConnectionStateManager'.
src/coordination/swarm/connection-management/connection-state-manager.ts(957,15): error TS2551: Property 'persistence' does not exist on type 'ConnectionStateManager'. Did you mean 'setPersistence'?
src/coordination/swarm/connection-management/connection-state-manager.ts(960,18): error TS2551: Property 'persistence' does not exist on type 'ConnectionStateManager'. Did you mean 'setPersistence'?
src/coordination/swarm/connection-management/connection-state-manager.ts(962,12): error TS2339: Property 'logger' does not exist on type 'ConnectionStateManager'.
src/coordination/swarm/connection-management/connection-state-manager.ts(973,10): error TS2551: Property 'persistence' does not exist on type 'ConnectionStateManager'. Did you mean 'setPersistence'?
src/coordination/swarm/connection-management/connection-state-manager.ts(974,10): error TS2339: Property 'logger' does not exist on type 'ConnectionStateManager'.
src/coordination/swarm/connection-management/connection-state-manager.ts(978,10): error TS2551: Property 'healthMonitor' does not exist on type 'ConnectionStateManager'. Did you mean 'setHealthMonitor'?
src/coordination/swarm/connection-management/connection-state-manager.ts(979,10): error TS2339: Property 'logger' does not exist on type 'ConnectionStateManager'.
src/coordination/swarm/connection-management/connection-state-manager.ts(983,10): error TS2551: Property 'recoveryWorkflows' does not exist on type 'ConnectionStateManager'. Did you mean 'setRecoveryWorkflows'?
src/coordination/swarm/connection-management/connection-state-manager.ts(984,10): error TS2339: Property 'logger' does not exist on type 'ConnectionStateManager'.
src/coordination/swarm/connection-management/connection-state-manager.ts(994,36): error TS2339: Property 'connections' does not exist on type 'ConnectionStateManager'.
src/coordination/swarm/connection-management/connection-state-manager.ts(997,22): error TS2339: Property 'connectionHealth' does not exist on type 'ConnectionStateManager'.
src/coordination/swarm/connection-management/connection-state-manager.ts(999,26): error TS2339: Property 'reconnectTimers' does not exist on type 'ConnectionStateManager'.
src/coordination/swarm/connection-management/connection-state-manager.ts(1007,10): error TS2339: Property 'logger' does not exist on type 'ConnectionStateManager'.
src/coordination/swarm/connection-management/connection-state-manager.ts(1008,10): error TS2339: Property 'isShuttingDown' does not exist on type 'ConnectionStateManager'.
src/coordination/swarm/connection-management/connection-state-manager.ts(1011,14): error TS2339: Property 'healthMonitorInterval' does not exist on type 'ConnectionStateManager'.
src/coordination/swarm/connection-management/connection-state-manager.ts(1012,26): error TS2339: Property 'healthMonitorInterval' does not exist on type 'ConnectionStateManager'.
src/coordination/swarm/connection-management/connection-state-manager.ts(1016,47): error TS2339: Property 'reconnectTimers' does not exist on type 'ConnectionStateManager'.
src/coordination/swarm/connection-management/connection-state-manager.ts(1019,10): error TS2339: Property 'reconnectTimers' does not exist on type 'ConnectionStateManager'.
src/coordination/swarm/connection-management/connection-state-manager.ts(1022,48): error TS2339: Property 'connections' does not exist on type 'ConnectionStateManager'.
src/coordination/swarm/connection-management/connection-state-manager.ts(1024,14): error TS2339: Property 'logger' does not exist on type 'ConnectionStateManager'.
src/coordination/swarm/connection-management/connection-state-manager.ts(1031,10): error TS2339: Property 'connections' does not exist on type 'ConnectionStateManager'.
src/coordination/swarm/connection-management/connection-state-manager.ts(1032,10): error TS2339: Property 'connectionHealth' does not exist on type 'ConnectionStateManager'.
src/coordination/swarm/connection-management/connection-state-manager.ts(1033,10): error TS2339: Property 'fallbackConnections' does not exist on type 'ConnectionStateManager'.
src/coordination/swarm/core/base-swarm.ts(10,34): error TS2307: Cannot find module '../../../neural/wasm/wasm-loader' or its corresponding type declarations.
src/coordination/swarm/core/base-swarm.ts(22,11): error TS2322: Type 'string' is not assignable to type 'SwarmState'.
src/coordination/swarm/core/base-swarm.ts(31,5): error TS2739: Type 'string[]' is missing the following properties from type 'Required<SwarmOptions>': topology, maxAgents, connectionDensity, syncInterval, wasmPath
src/coordination/swarm/core/base-swarm.ts(35,10): error TS2339: Property 'metrics' does not exist on type 'ZenSwarm'.
src/coordination/swarm/core/base-swarm.ts(55,22): error TS2339: Property 'persistence' does not exist on type 'Required<SwarmOptions>'.
src/coordination/swarm/core/base-swarm.ts(56,53): error TS2345: Argument of type '{ dbPath: any; checkpointInterval: any; compressionEnabled: any; usePooledConnections: boolean; maxConnections: any; }' is not assignable to parameter of type 'string'.
src/coordination/swarm/core/base-swarm.ts(57,30): error TS2339: Property 'persistence' does not exist on type 'Required<SwarmOptions>'.
src/coordination/swarm/core/base-swarm.ts(58,42): error TS2339: Property 'persistence' does not exist on type 'Required<SwarmOptions>'.
src/coordination/swarm/core/base-swarm.ts(59,42): error TS2339: Property 'persistence' does not exist on type 'Required<SwarmOptions>'.
src/coordination/swarm/core/base-swarm.ts(61,38): error TS2339: Property 'pooling' does not exist on type 'Required<SwarmOptions>'.
src/coordination/swarm/core/base-swarm.ts(69,12): error TS2339: Property 'neuralProcessor' does not exist on type 'ZenSwarm'.
src/coordination/swarm/core/base-swarm.ts(75,22): error TS2339: Property 'pooling' does not exist on type 'Required<SwarmOptions>'.
src/coordination/swarm/core/base-swarm.ts(76,38): error TS2554: Expected 0 arguments, but got 1.
src/coordination/swarm/core/base-swarm.ts(77,31): error TS2339: Property 'pooling' does not exist on type 'Required<SwarmOptions>'.
src/coordination/swarm/core/base-swarm.ts(78,31): error TS2339: Property 'pooling' does not exist on type 'Required<SwarmOptions>'.
src/coordination/swarm/core/base-swarm.ts(79,35): error TS2339: Property 'pooling' does not exist on type 'Required<SwarmOptions>'.
src/coordination/swarm/core/base-swarm.ts(83,5): error TS2322: Type 'string' is not assignable to type 'SwarmState'.
src/coordination/swarm/core/base-swarm.ts(96,10): error TS2339: Property 'isRunning' does not exist on type 'ZenSwarm'.
src/coordination/swarm/core/base-swarm.ts(97,5): error TS2322: Type 'string' is not assignable to type 'SwarmState'.
src/coordination/swarm/core/base-swarm.ts(107,30): error TS2339: Property 'shutdown' does not exist on type 'SwarmPersistencePooled'.
src/coordination/swarm/core/base-swarm.ts(112,28): error TS2339: Property 'shutdown' does not exist on type 'AgentPool'.
src/coordination/swarm/core/claude-integration/core.ts(12,10): error TS2339: Property 'autoSetup' does not exist on type 'ClaudeIntegrationCore'.
src/coordination/swarm/core/claude-integration/core.ts(12,30): error TS2339: Property 'autoSetup' does not exist on type '{}'.
src/coordination/swarm/core/claude-integration/core.ts(13,10): error TS2339: Property 'forceSetup' does not exist on type 'ClaudeIntegrationCore'.
src/coordination/swarm/core/claude-integration/core.ts(13,31): error TS2339: Property 'forceSetup' does not exist on type '{}'.
src/coordination/swarm/core/claude-integration/core.ts(14,10): error TS2339: Property 'workingDir' does not exist on type 'ClaudeIntegrationCore'.
src/coordination/swarm/core/claude-integration/core.ts(14,31): error TS2339: Property 'workingDir' does not exist on type '{}'.
src/coordination/swarm/core/claude-integration/core.ts(42,58): error TS2339: Property 'workingDir' does not exist on type 'ClaudeIntegrationCore'.
src/coordination/swarm/core/claude-integration/core.ts(54,38): error TS2339: Property 'workingDir' does not exist on type 'ClaudeIntegrationCore'.
src/coordination/swarm/core/claude-integration/core.ts(55,38): error TS2339: Property 'workingDir' does not exist on type 'ClaudeIntegrationCore'.
src/coordination/swarm/core/claude-integration/core.ts(67,15): error TS2339: Property 'forceSetup' does not exist on type 'ClaudeIntegrationCore'.
src/coordination/swarm/core/claude-integration/core.ts(96,36): error TS2339: Property 'secure' does not exist on type '{}'.
src/coordination/swarm/core/claude-integration/core.ts(101,61): error TS2339: Property 'workingDir' does not exist on type 'ClaudeIntegrationCore'.
src/coordination/swarm/core/claude-integration/docs.ts(8,43): error TS2307: Cannot find module './advanced-commands.js' or its corresponding type declarations.
src/coordination/swarm/core/claude-integration/docs.ts(12,10): error TS2339: Property 'workingDir' does not exist on type 'ClaudeDocsGenerator'.
src/coordination/swarm/core/claude-integration/docs.ts(12,31): error TS2339: Property 'workingDir' does not exist on type '{}'.
src/coordination/swarm/core/claude-integration/docs.ts(13,10): error TS2339: Property 'advancedGenerator' does not exist on type 'ClaudeDocsGenerator'.
src/coordination/swarm/core/claude-integration/docs.ts(21,7): error TS2339: Property 'force' does not exist on type '{}'.
src/coordination/swarm/core/claude-integration/docs.ts(22,7): error TS2339: Property 'merge' does not exist on type '{}'.
src/coordination/swarm/core/claude-integration/docs.ts(23,7): error TS2339: Property 'backup' does not exist on type '{}'.
src/coordination/swarm/core/claude-integration/docs.ts(24,7): error TS2339: Property 'noBackup' does not exist on type '{}'.
src/coordination/swarm/core/claude-integration/docs.ts(25,7): error TS2339: Property 'interactive' does not exist on type '{}'.
src/coordination/swarm/core/claude-integration/docs.ts(29,37): error TS2339: Property 'workingDir' does not exist on type 'ClaudeDocsGenerator'.
src/coordination/swarm/core/claude-integration/docs.ts(639,40): error TS2339: Property 'workingDir' does not exist on type 'ClaudeDocsGenerator'.
src/coordination/swarm/core/claude-integration/docs.ts(1016,18): error TS2339: Property 'content' does not exist on type '{ title: string; tool: string; params: string; description: string; details: string; } | { title: string; tool: string; params: string; description: string; details: string; } | { title: string; tool: string; params: string; description: string; details: string; } | ... 7 more ... | { ...; }'.
  Property 'content' does not exist on type '{ title: string; tool: string; params: string; description: string; details: string; }'.
src/coordination/swarm/core/claude-integration/docs.ts(1018,12): error TS2339: Property 'content' does not exist on type '{ title: string; tool: string; params: string; description: string; details: string; } | { title: string; tool: string; params: string; description: string; details: string; } | { title: string; tool: string; params: string; description: string; details: string; } | ... 7 more ... | { ...; }'.
src/coordination/swarm/core/claude-integration/docs.ts(1028,22): error TS2339: Property 'tool' does not exist on type '{ title: string; tool: string; params: string; description: string; details: string; } | { title: string; tool: string; params: string; description: string; details: string; } | { title: string; tool: string; params: string; description: string; details: string; } | ... 7 more ... | { ...; }'.
  Property 'tool' does not exist on type '{ title: string; content: string; }'.
src/coordination/swarm/core/claude-integration/docs.ts(1032,10): error TS2339: Property 'params' does not exist on type '{ title: string; tool: string; params: string; description: string; details: string; } | { title: string; tool: string; params: string; description: string; details: string; } | { title: string; tool: string; params: string; description: string; details: string; } | ... 7 more ... | { ...; }'.
  Property 'params' does not exist on type '{ title: string; content: string; }'.
src/coordination/swarm/core/claude-integration/docs.ts(1036,10): error TS2339: Property 'description' does not exist on type '{ title: string; tool: string; params: string; description: string; details: string; } | { title: string; tool: string; params: string; description: string; details: string; } | { title: string; tool: string; params: string; description: string; details: string; } | ... 7 more ... | { ...; }'.
  Property 'description' does not exist on type '{ title: string; content: string; }'.
src/coordination/swarm/core/claude-integration/docs.ts(1039,10): error TS2339: Property 'details' does not exist on type '{ title: string; tool: string; params: string; description: string; details: string; } | { title: string; tool: string; params: string; description: string; details: string; } | { title: string; tool: string; params: string; description: string; details: string; } | ... 7 more ... | { ...; }'.
  Property 'details' does not exist on type '{ title: string; content: string; }'.
src/coordination/swarm/core/claude-integration/docs.ts(1044,29): error TS2339: Property 'tool' does not exist on type '{ title: string; tool: string; params: string; description: string; details: string; } | { title: string; tool: string; params: string; description: string; details: string; } | { title: string; tool: string; params: string; description: string; details: string; } | ... 7 more ... | { ...; }'.
  Property 'tool' does not exist on type '{ title: string; content: string; }'.
src/coordination/swarm/core/claude-integration/docs.ts(1045,32): error TS2339: Property 'params' does not exist on type '{ title: string; tool: string; params: string; description: string; details: string; } | { title: string; tool: string; params: string; description: string; details: string; } | { title: string; tool: string; params: string; description: string; details: string; } | ... 7 more ... | { ...; }'.
  Property 'params' does not exist on type '{ title: string; content: string; }'.
src/coordination/swarm/core/claude-integration/docs.ts(1117,37): error TS2339: Property 'workingDir' does not exist on type 'ClaudeDocsGenerator'.
src/coordination/swarm/core/claude-integration/docs.ts(1520,43): error TS2339: Property 'advancedGenerator' does not exist on type 'ClaudeDocsGenerator'.
src/coordination/swarm/core/claude-integration/index.ts(12,10): error TS2339: Property 'options' does not exist on type 'ClaudeIntegrationOrchestrator'.
src/coordination/swarm/core/claude-integration/index.ts(13,26): error TS2339: Property 'autoSetup' does not exist on type '{}'.
src/coordination/swarm/core/claude-integration/index.ts(14,27): error TS2339: Property 'forceSetup' does not exist on type '{}'.
src/coordination/swarm/core/claude-integration/index.ts(15,27): error TS2339: Property 'mergeSetup' does not exist on type '{}'.
src/coordination/swarm/core/claude-integration/index.ts(16,28): error TS2339: Property 'backupSetup' does not exist on type '{}'.
src/coordination/swarm/core/claude-integration/index.ts(17,25): error TS2339: Property 'noBackup' does not exist on type '{}'.
src/coordination/swarm/core/claude-integration/index.ts(18,28): error TS2339: Property 'interactive' does not exist on type '{}'.
src/coordination/swarm/core/claude-integration/index.ts(19,27): error TS2339: Property 'workingDir' does not exist on type '{}'.
src/coordination/swarm/core/claude-integration/index.ts(20,28): error TS2339: Property 'packageName' does not exist on type '{}'.
src/coordination/swarm/core/claude-integration/index.ts(25,10): error TS2339: Property 'core' does not exist on type 'ClaudeIntegrationOrchestrator'.
src/coordination/swarm/core/claude-integration/index.ts(25,48): error TS2339: Property 'options' does not exist on type 'ClaudeIntegrationOrchestrator'.
src/coordination/swarm/core/claude-integration/index.ts(26,10): error TS2339: Property 'docs' does not exist on type 'ClaudeIntegrationOrchestrator'.
src/coordination/swarm/core/claude-integration/index.ts(26,46): error TS2339: Property 'options' does not exist on type 'ClaudeIntegrationOrchestrator'.
src/coordination/swarm/core/claude-integration/index.ts(27,10): error TS2339: Property 'remote' does not exist on type 'ClaudeIntegrationOrchestrator'.
src/coordination/swarm/core/claude-integration/index.ts(27,51): error TS2339: Property 'options' does not exist on type 'ClaudeIntegrationOrchestrator'.
src/coordination/swarm/core/claude-integration/index.ts(37,26): error TS2339: Property 'options' does not exist on type 'ClaudeIntegrationOrchestrator'.
src/coordination/swarm/core/claude-integration/index.ts(41,23): error TS2339: Property 'docs' does not exist on type '{}'.
src/coordination/swarm/core/claude-integration/index.ts(41,41): error TS2339: Property 'docs' does not exist on type 'ClaudeIntegrationOrchestrator'.
src/coordination/swarm/core/claude-integration/index.ts(42,21): error TS2339: Property 'options' does not exist on type 'ClaudeIntegrationOrchestrator'.
src/coordination/swarm/core/claude-integration/index.ts(43,21): error TS2339: Property 'options' does not exist on type 'ClaudeIntegrationOrchestrator'.
src/coordination/swarm/core/claude-integration/index.ts(44,22): error TS2339: Property 'options' does not exist on type 'ClaudeIntegrationOrchestrator'.
src/coordination/swarm/core/claude-integration/index.ts(45,24): error TS2339: Property 'options' does not exist on type 'ClaudeIntegrationOrchestrator'.
src/coordination/swarm/core/claude-integration/index.ts(46,27): error TS2339: Property 'options' does not exist on type 'ClaudeIntegrationOrchestrator'.
src/coordination/swarm/core/claude-integration/index.ts(48,23): error TS2339: Property 'remote' does not exist on type '{}'.
src/coordination/swarm/core/claude-integration/index.ts(48,43): error TS2339: Property 'remote' does not exist on type 'ClaudeIntegrationOrchestrator'.
src/coordination/swarm/core/claude-integration/index.ts(51,16): error TS2339: Property 'options' does not exist on type 'ClaudeIntegrationOrchestrator'.
src/coordination/swarm/core/claude-integration/index.ts(53,27): error TS2339: Property 'core' does not exist on type '{}'.
src/coordination/swarm/core/claude-integration/index.ts(53,45): error TS2339: Property 'core' does not exist on type 'ClaudeIntegrationOrchestrator'.
src/coordination/swarm/core/claude-integration/index.ts(55,27): error TS2339: Property 'core' does not exist on type '{}'.
src/coordination/swarm/core/claude-integration/index.ts(62,25): error TS2339: Property 'core' does not exist on type '{}'.
src/coordination/swarm/core/claude-integration/index.ts(71,27): error TS2339: Property 'core' does not exist on type '{}'.
src/coordination/swarm/core/claude-integration/index.ts(86,23): error TS2339: Property 'core' does not exist on type 'ClaudeIntegrationOrchestrator'.
src/coordination/swarm/core/claude-integration/index.ts(95,37): error TS2339: Property 'core' does not exist on type 'ClaudeIntegrationOrchestrator'.
src/coordination/swarm/core/claude-integration/index.ts(96,32): error TS2339: Property 'core' does not exist on type 'ClaudeIntegrationOrchestrator'.
src/coordination/swarm/core/claude-integration/index.ts(97,26): error TS2339: Property 'options' does not exist on type 'ClaudeIntegrationOrchestrator'.
src/coordination/swarm/core/claude-integration/index.ts(119,14): error TS2339: Property 'options' does not exist on type 'ClaudeIntegrationOrchestrator'.
src/coordination/swarm/core/claude-integration/index.ts(120,17): error TS2339: Property 'options' does not exist on type 'ClaudeIntegrationOrchestrator'.
src/coordination/swarm/core/claude-integration/index.ts(121,17): error TS2339: Property 'options' does not exist on type 'ClaudeIntegrationOrchestrator'.
src/coordination/swarm/core/claude-integration/index.ts(130,43): error TS2339: Property 'options' does not exist on type 'ClaudeIntegrationOrchestrator'.
src/coordination/swarm/core/claude-integration/remote.ts(11,10): error TS2339: Property 'workingDir' does not exist on type 'RemoteWrapperGenerator'.
src/coordination/swarm/core/claude-integration/remote.ts(11,31): error TS2339: Property 'workingDir' does not exist on type '{}'.
src/coordination/swarm/core/claude-integration/remote.ts(12,10): error TS2339: Property 'packageName' does not exist on type 'RemoteWrapperGenerator'.
src/coordination/swarm/core/claude-integration/remote.ts(12,32): error TS2339: Property 'packageName' does not exist on type '{}'.
src/coordination/swarm/core/claude-integration/remote.ts(20,10): error TS2339: Property 'packageName' does not exist on type 'RemoteWrapperGenerator'.
src/coordination/swarm/core/claude-integration/remote.ts(21,30): error TS2339: Property 'packageName' does not exist on type 'RemoteWrapperGenerator'.
src/coordination/swarm/core/claude-integration/remote.ts(30,39): error TS2339: Property 'packageName' does not exist on type 'RemoteWrapperGenerator'.
src/coordination/swarm/core/claude-integration/remote.ts(35,25): error TS2339: Property 'packageName' does not exist on type 'RemoteWrapperGenerator'.
src/coordination/swarm/core/claude-integration/remote.ts(38,57): error TS2339: Property 'packageName' does not exist on type 'RemoteWrapperGenerator'.
src/coordination/swarm/core/claude-integration/remote.ts(40,56): error TS2339: Property 'packageName' does not exist on type 'RemoteWrapperGenerator'.
src/coordination/swarm/core/claude-integration/remote.ts(43,28): error TS2339: Property 'packageName' does not exist on type 'RemoteWrapperGenerator'.
src/coordination/swarm/core/claude-integration/remote.ts(45,21): error TS2339: Property 'packageName' does not exist on type 'RemoteWrapperGenerator'.
src/coordination/swarm/core/claude-integration/remote.ts(50,25): error TS2339: Property 'packageName' does not exist on type 'RemoteWrapperGenerator'.
src/coordination/swarm/core/claude-integration/remote.ts(70,12): error TS2339: Property 'packageName' does not exist on type 'RemoteWrapperGenerator'.
src/coordination/swarm/core/claude-integration/remote.ts(71,32): error TS2339: Property 'packageName' does not exist on type 'RemoteWrapperGenerator'.
src/coordination/swarm/core/claude-integration/remote.ts(80,41): error TS2339: Property 'packageName' does not exist on type 'RemoteWrapperGenerator'.
src/coordination/swarm/core/claude-integration/remote.ts(89,20): error TS2339: Property 'packageName' does not exist on type 'RemoteWrapperGenerator'.
src/coordination/swarm/core/claude-integration/remote.ts(94,57): error TS2339: Property 'packageName' does not exist on type 'RemoteWrapperGenerator'.
src/coordination/swarm/core/claude-integration/remote.ts(96,52): error TS2339: Property 'packageName' does not exist on type 'RemoteWrapperGenerator'.
src/coordination/swarm/core/claude-integration/remote.ts(101,18): error TS2339: Property 'packageName' does not exist on type 'RemoteWrapperGenerator'.
src/coordination/swarm/core/claude-integration/remote.ts(104,16): error TS2339: Property 'packageName' does not exist on type 'RemoteWrapperGenerator'.
src/coordination/swarm/core/claude-integration/remote.ts(110,16): error TS2339: Property 'packageName' does not exist on type 'RemoteWrapperGenerator'.
src/coordination/swarm/core/claude-integration/remote.ts(120,10): error TS2339: Property 'packageName' does not exist on type 'RemoteWrapperGenerator'.
src/coordination/swarm/core/claude-integration/remote.ts(121,47): error TS2339: Property 'packageName' does not exist on type 'RemoteWrapperGenerator'.
src/coordination/swarm/core/claude-integration/remote.ts(136,39): error TS2339: Property 'packageName' does not exist on type 'RemoteWrapperGenerator'.
src/coordination/swarm/core/claude-integration/remote.ts(144,26): error TS2339: Property 'packageName' does not exist on type 'RemoteWrapperGenerator'.
src/coordination/swarm/core/claude-integration/remote.ts(149,73): error TS2339: Property 'packageName' does not exist on type 'RemoteWrapperGenerator'.
src/coordination/swarm/core/claude-integration/remote.ts(157,32): error TS2339: Property 'packageName' does not exist on type 'RemoteWrapperGenerator'.
src/coordination/swarm/core/claude-integration/remote.ts(159,22): error TS2339: Property 'packageName' does not exist on type 'RemoteWrapperGenerator'.
src/coordination/swarm/core/claude-integration/remote.ts(165,22): error TS2339: Property 'packageName' does not exist on type 'RemoteWrapperGenerator'.
src/coordination/swarm/core/claude-integration/remote.ts(168,47): error TS2339: Property 'packageName' does not exist on type 'RemoteWrapperGenerator'.
src/coordination/swarm/core/claude-integration/remote.ts(184,23): error TS2339: Property 'packageName' does not exist on type 'RemoteWrapperGenerator'.
src/coordination/swarm/core/claude-integration/remote.ts(192,29): error TS2339: Property 'packageName' does not exist on type 'RemoteWrapperGenerator'.
src/coordination/swarm/core/claude-integration/remote.ts(216,85): error TS2339: Property 'packageName' does not exist on type 'RemoteWrapperGenerator'.
src/coordination/swarm/core/claude-integration/remote.ts(219,88): error TS2339: Property 'packageName' does not exist on type 'RemoteWrapperGenerator'.
src/coordination/swarm/core/claude-integration/remote.ts(222,86): error TS2339: Property 'packageName' does not exist on type 'RemoteWrapperGenerator'.
src/coordination/swarm/core/claude-integration/remote.ts(225,90): error TS2339: Property 'packageName' does not exist on type 'RemoteWrapperGenerator'.
src/coordination/swarm/core/claude-integration/remote.ts(241,61): error TS2339: Property 'packageName' does not exist on type 'RemoteWrapperGenerator'.
src/coordination/swarm/core/claude-integration/remote.ts(254,25): error TS2339: Property 'packageName' does not exist on type 'RemoteWrapperGenerator'.
src/coordination/swarm/core/claude-integration/remote.ts(256,16): error TS2339: Property 'packageName' does not exist on type 'RemoteWrapperGenerator'.
src/coordination/swarm/core/claude-integration/remote.ts(263,72): error TS2339: Property 'packageName' does not exist on type 'RemoteWrapperGenerator'.
src/coordination/swarm/core/claude-integration/remote.ts(265,72): error TS2339: Property 'packageName' does not exist on type 'RemoteWrapperGenerator'.
src/coordination/swarm/core/claude-integration/remote.ts(270,75): error TS2339: Property 'packageName' does not exist on type 'RemoteWrapperGenerator'.
src/coordination/swarm/core/claude-integration/remote.ts(272,75): error TS2339: Property 'packageName' does not exist on type 'RemoteWrapperGenerator'.
src/coordination/swarm/core/claude-integration/remote.ts(308,25): error TS2339: Property 'packageName' does not exist on type 'RemoteWrapperGenerator'.
src/coordination/swarm/core/claude-integration/remote.ts(313,25): error TS2339: Property 'packageName' does not exist on type 'RemoteWrapperGenerator'.
src/coordination/swarm/core/claude-integration/remote.ts(318,25): error TS2339: Property 'packageName' does not exist on type 'RemoteWrapperGenerator'.
src/coordination/swarm/core/claude-integration/remote.ts(327,41): error TS2339: Property 'workingDir' does not exist on type 'RemoteWrapperGenerator'.
src/coordination/swarm/core/claude-integration/remote.ts(361,41): error TS2339: Property 'workingDir' does not exist on type 'RemoteWrapperGenerator'.
src/coordination/swarm/core/errors.ts(13,10): error TS2339: Property 'code' does not exist on type 'ZenSwarmError'.
src/coordination/swarm/core/errors.ts(14,10): error TS2339: Property 'details' does not exist on type 'ZenSwarmError'.
src/coordination/swarm/core/errors.ts(15,10): error TS2339: Property 'timestamp' does not exist on type 'ZenSwarmError'.
src/coordination/swarm/core/errors.ts(23,18): error TS2339: Property 'code' does not exist on type 'ZenSwarmError'.
src/coordination/swarm/core/errors.ts(24,21): error TS2339: Property 'details' does not exist on type 'ZenSwarmError'.
src/coordination/swarm/core/errors.ts(25,23): error TS2339: Property 'timestamp' does not exist on type 'ZenSwarmError'.
src/coordination/swarm/core/errors.ts(55,10): error TS2339: Property 'field' does not exist on type 'ValidationError'.
src/coordination/swarm/core/errors.ts(56,10): error TS2339: Property 'value' does not exist on type 'ValidationError'.
src/coordination/swarm/core/errors.ts(57,10): error TS2339: Property 'expectedType' does not exist on type 'ValidationError'.
src/coordination/swarm/core/errors.ts(62,26): error TS2339: Property 'field' does not exist on type 'ValidationError'.
src/coordination/swarm/core/errors.ts(63,30): error TS2339: Property 'expectedType' does not exist on type 'ValidationError'.
src/coordination/swarm/core/errors.ts(63,57): error TS2339: Property 'details' does not exist on type 'ValidationError'.
src/coordination/swarm/core/errors.ts(66,14): error TS2339: Property 'expectedType' does not exist on type 'ValidationError'.
src/coordination/swarm/core/errors.ts(69,21): error TS2339: Property 'expectedType' does not exist on type 'ValidationError'.
src/coordination/swarm/core/errors.ts(72,21): error TS2339: Property 'expectedType' does not exist on type 'ValidationError'.
src/coordination/swarm/core/errors.ts(75,21): error TS2339: Property 'expectedType' does not exist on type 'ValidationError'.
src/coordination/swarm/core/errors.ts(91,10): error TS2339: Property 'swarmId' does not exist on type 'SwarmError'.
src/coordination/swarm/core/errors.ts(92,10): error TS2339: Property 'operation' does not exist on type 'SwarmError'.
src/coordination/swarm/core/errors.ts(124,10): error TS2339: Property 'agentId' does not exist on type 'AgentError'.
src/coordination/swarm/core/errors.ts(125,10): error TS2339: Property 'agentType' does not exist on type 'AgentError'.
src/coordination/swarm/core/errors.ts(126,10): error TS2339: Property 'operation' does not exist on type 'AgentError'.
src/coordination/swarm/core/errors.ts(162,10): error TS2339: Property 'taskId' does not exist on type 'TaskError'.
src/coordination/swarm/core/errors.ts(163,10): error TS2339: Property 'taskType' does not exist on type 'TaskError'.
src/coordination/swarm/core/errors.ts(164,10): error TS2339: Property 'operation' does not exist on type 'TaskError'.
src/coordination/swarm/core/errors.ts(200,10): error TS2339: Property 'networkId' does not exist on type 'NeuralError'.
src/coordination/swarm/core/errors.ts(201,10): error TS2339: Property 'operation' does not exist on type 'NeuralError'.
src/coordination/swarm/core/errors.ts(202,10): error TS2339: Property 'modelType' does not exist on type 'NeuralError'.
src/coordination/swarm/core/errors.ts(238,10): error TS2339: Property 'module' does not exist on type 'WasmError'.
src/coordination/swarm/core/errors.ts(239,10): error TS2339: Property 'operation' does not exist on type 'WasmError'.
src/coordination/swarm/core/errors.ts(275,10): error TS2339: Property 'configKey' does not exist on type 'ConfigurationError'.
src/coordination/swarm/core/errors.ts(276,10): error TS2339: Property 'configValue' does not exist on type 'ConfigurationError'.
src/coordination/swarm/core/errors.ts(281,26): error TS2339: Property 'configKey' does not exist on type 'ConfigurationError'.
src/coordination/swarm/core/errors.ts(297,10): error TS2339: Property 'endpoint' does not exist on type 'NetworkError'.
src/coordination/swarm/core/errors.ts(298,10): error TS2339: Property 'statusCode' does not exist on type 'NetworkError'.
src/coordination/swarm/core/errors.ts(304,14): error TS2339: Property 'statusCode' does not exist on type 'NetworkError'.
src/coordination/swarm/core/errors.ts(307,21): error TS2339: Property 'statusCode' does not exist on type 'NetworkError'.
src/coordination/swarm/core/errors.ts(307,48): error TS2339: Property 'statusCode' does not exist on type 'NetworkError'.
src/coordination/swarm/core/errors.ts(310,21): error TS2339: Property 'statusCode' does not exist on type 'NetworkError'.
src/coordination/swarm/core/errors.ts(313,21): error TS2339: Property 'statusCode' does not exist on type 'NetworkError'.
src/coordination/swarm/core/errors.ts(331,10): error TS2339: Property 'operation' does not exist on type 'PersistenceError'.
src/coordination/swarm/core/errors.ts(332,10): error TS2339: Property 'table' does not exist on type 'PersistenceError'.
src/coordination/swarm/core/errors.ts(365,10): error TS2339: Property 'resourceType' does not exist on type 'ResourceError'.
src/coordination/swarm/core/errors.ts(366,10): error TS2339: Property 'currentUsage' does not exist on type 'ResourceError'.
src/coordination/swarm/core/errors.ts(367,10): error TS2339: Property 'limit' does not exist on type 'ResourceError'.
src/coordination/swarm/core/errors.ts(373,14): error TS2339: Property 'resourceType' does not exist on type 'ResourceError'.
src/coordination/swarm/core/errors.ts(378,21): error TS2339: Property 'resourceType' does not exist on type 'ResourceError'.
src/coordination/swarm/core/errors.ts(382,21): error TS2339: Property 'resourceType' does not exist on type 'ResourceError'.
src/coordination/swarm/core/errors.ts(401,10): error TS2339: Property 'operation' does not exist on type 'ConcurrencyError'.
src/coordination/swarm/core/errors.ts(402,10): error TS2339: Property 'conflictType' does not exist on type 'ConcurrencyError'.
src/coordination/swarm/core/errors.ts(427,53): error TS2339: Property 'field' does not exist on type '{}'.
src/coordination/swarm/core/errors.ts(427,68): error TS2339: Property 'value' does not exist on type '{}'.
src/coordination/swarm/core/errors.ts(427,83): error TS2339: Property 'expectedType' does not exist on type '{}'.
src/coordination/swarm/core/errors.ts(429,48): error TS2339: Property 'swarmId' does not exist on type '{}'.
src/coordination/swarm/core/errors.ts(429,65): error TS2339: Property 'operation' does not exist on type '{}'.
src/coordination/swarm/core/errors.ts(431,48): error TS2339: Property 'agentId' does not exist on type '{}'.
src/coordination/swarm/core/errors.ts(431,65): error TS2339: Property 'agentType' does not exist on type '{}'.
src/coordination/swarm/core/errors.ts(431,84): error TS2339: Property 'operation' does not exist on type '{}'.
src/coordination/swarm/core/errors.ts(433,47): error TS2339: Property 'taskId' does not exist on type '{}'.
src/coordination/swarm/core/errors.ts(433,63): error TS2339: Property 'taskType' does not exist on type '{}'.
src/coordination/swarm/core/errors.ts(433,81): error TS2339: Property 'operation' does not exist on type '{}'.
src/coordination/swarm/core/errors.ts(435,49): error TS2339: Property 'networkId' does not exist on type '{}'.
src/coordination/swarm/core/errors.ts(435,68): error TS2339: Property 'operation' does not exist on type '{}'.
src/coordination/swarm/core/errors.ts(435,87): error TS2339: Property 'modelType' does not exist on type '{}'.
src/coordination/swarm/core/errors.ts(437,47): error TS2339: Property 'module' does not exist on type '{}'.
src/coordination/swarm/core/errors.ts(437,63): error TS2339: Property 'operation' does not exist on type '{}'.
src/coordination/swarm/core/errors.ts(439,56): error TS2339: Property 'configKey' does not exist on type '{}'.
src/coordination/swarm/core/errors.ts(439,75): error TS2339: Property 'configValue' does not exist on type '{}'.
src/coordination/swarm/core/errors.ts(441,50): error TS2339: Property 'endpoint' does not exist on type '{}'.
src/coordination/swarm/core/errors.ts(441,68): error TS2339: Property 'statusCode' does not exist on type '{}'.
src/coordination/swarm/core/errors.ts(443,54): error TS2339: Property 'operation' does not exist on type '{}'.
src/coordination/swarm/core/errors.ts(443,73): error TS2339: Property 'table' does not exist on type '{}'.
src/coordination/swarm/core/errors.ts(447,19): error TS2339: Property 'resourceType' does not exist on type '{}'.
src/coordination/swarm/core/errors.ts(448,19): error TS2339: Property 'currentUsage' does not exist on type '{}'.
src/coordination/swarm/core/errors.ts(449,19): error TS2339: Property 'limit' does not exist on type '{}'.
src/coordination/swarm/core/errors.ts(452,54): error TS2339: Property 'operation' does not exist on type '{}'.
src/coordination/swarm/core/errors.ts(452,73): error TS2339: Property 'conflictType' does not exist on type '{}'.
src/coordination/swarm/core/errors.ts(481,10): error TS2339: Property 'context' does not exist on type 'ErrorContext'.
src/coordination/swarm/core/errors.ts(485,10): error TS2339: Property 'context' does not exist on type 'ErrorContext'.
src/coordination/swarm/core/errors.ts(489,17): error TS2339: Property 'context' does not exist on type 'ErrorContext'.
src/coordination/swarm/core/errors.ts(493,10): error TS2339: Property 'context' does not exist on type 'ErrorContext'.
src/coordination/swarm/core/errors.ts(497,36): error TS2339: Property 'context' does not exist on type 'ErrorContext'.
src/coordination/swarm/core/errors.ts(505,13): error TS2339: Property 'details' does not exist on type 'ZenSwarmError'.
src/coordination/swarm/core/errors.ts(506,18): error TS2339: Property 'details' does not exist on type 'ZenSwarmError'.
src/coordination/swarm/core/hooks/cli.ts(62,20): error TS2339: Property '_' does not exist on type '{}'.
src/coordination/swarm/core/hooks/cli.ts(63,17): error TS2339: Property '_' does not exist on type '{}'.
src/coordination/swarm/core/hooks/cli.ts(65,15): error TS2339: Property '_' does not exist on type '{}'.
src/coordination/swarm/core/hooks/index.ts(10,34): error TS2307: Cannot find module '../persistence.js' or its corresponding type declarations.
src/coordination/swarm/core/hooks/index.ts(17,10): error TS2339: Property 'sessionData' does not exist on type 'ZenSwarmHooks'.
src/coordination/swarm/core/hooks/index.ts(30,10): error TS2339: Property 'persistence' does not exist on type 'ZenSwarmHooks'.
src/coordination/swarm/core/hooks/index.ts(39,12): error TS2339: Property 'persistence' does not exist on type 'ZenSwarmHooks'.
src/coordination/swarm/core/hooks/index.ts(68,29): error TS2551: Property 'postBashHook' does not exist on type 'ZenSwarmHooks'. Did you mean 'postTaskHook'?
src/coordination/swarm/core/hooks/index.ts(72,29): error TS2551: Property 'postSearchHook' does not exist on type 'ZenSwarmHooks'. Did you mean 'postWebSearchHook'?
src/coordination/swarm/core/hooks/index.ts(118,15): error TS2339: Property 'sessionData' does not exist on type 'ZenSwarmHooks'.
src/coordination/swarm/core/hooks/index.ts(119,12): error TS2339: Property 'sessionData' does not exist on type 'ZenSwarmHooks'.
src/coordination/swarm/core/hooks/index.ts(123,31): error TS2339: Property 'sessionData' does not exist on type 'ZenSwarmHooks'.
src/coordination/swarm/core/hooks/index.ts(163,10): error TS2339: Property 'sessionData' does not exist on type 'ZenSwarmHooks'.
src/coordination/swarm/core/hooks/index.ts(201,10): error TS2339: Property 'sessionData' does not exist on type 'ZenSwarmHooks'.
src/coordination/swarm/core/hooks/index.ts(267,14): error TS2339: Property 'formatDetails' does not exist on type '{ continue: boolean; formatted: boolean; training: any; }'.
src/coordination/swarm/core/hooks/index.ts(274,12): error TS2339: Property 'sessionData' does not exist on type 'ZenSwarmHooks'.
src/coordination/swarm/core/hooks/index.ts(283,10): error TS2339: Property 'sessionData' does not exist on type 'ZenSwarmHooks'.
src/coordination/swarm/core/hooks/index.ts(296,42): error TS2339: Property 'sessionData' does not exist on type 'ZenSwarmHooks'.
src/coordination/swarm/core/hooks/index.ts(297,24): error TS2339: Property 'sessionData' does not exist on type 'ZenSwarmHooks'.
src/coordination/swarm/core/hooks/index.ts(303,19): error TS2339: Property 'analysis' does not exist on type '{ taskId: any; completionTime: number; agentsUsed: any; success: boolean; }'.
src/coordination/swarm/core/hooks/index.ts(315,10): error TS2339: Property 'sessionData' does not exist on type 'ZenSwarmHooks'.
src/coordination/swarm/core/hooks/index.ts(331,15): error TS2339: Property 'sessionData' does not exist on type 'ZenSwarmHooks'.
src/coordination/swarm/core/hooks/index.ts(332,12): error TS2339: Property 'sessionData' does not exist on type 'ZenSwarmHooks'.
src/coordination/swarm/core/hooks/index.ts(337,26): error TS2339: Property 'sessionData' does not exist on type 'ZenSwarmHooks'.
src/coordination/swarm/core/hooks/index.ts(338,12): error TS2339: Property 'sessionData' does not exist on type 'ZenSwarmHooks'.
src/coordination/swarm/core/hooks/index.ts(376,17): error TS2339: Property 'sessionData' does not exist on type 'ZenSwarmHooks'.
src/coordination/swarm/core/hooks/index.ts(377,14): error TS2339: Property 'sessionData' does not exist on type 'ZenSwarmHooks'.
src/coordination/swarm/core/hooks/index.ts(379,12): error TS2339: Property 'sessionData' does not exist on type 'ZenSwarmHooks'.
src/coordination/swarm/core/hooks/index.ts(407,20): error TS2339: Property 'swarmStatus' does not exist on type '{ message: any; level: any; type: any; context: any; agentId: any; timestamp: number; }'.
src/coordination/swarm/core/hooks/index.ts(420,15): error TS2339: Property 'sessionData' does not exist on type 'ZenSwarmHooks'.
src/coordination/swarm/core/hooks/index.ts(421,12): error TS2339: Property 'sessionData' does not exist on type 'ZenSwarmHooks'.
src/coordination/swarm/core/hooks/index.ts(423,10): error TS2339: Property 'sessionData' does not exist on type 'ZenSwarmHooks'.
src/coordination/swarm/core/hooks/index.ts(454,40): error TS2339: Property 'agentType' does not exist on type '{ duration: number; requiresAgent: boolean; }'.
src/coordination/swarm/core/hooks/index.ts(493,12): error TS2339: Property 'sessionData' does not exist on type 'ZenSwarmHooks'.
src/coordination/swarm/core/hooks/index.ts(523,12): error TS2339: Property 'sessionData' does not exist on type 'ZenSwarmHooks'.
src/coordination/swarm/core/hooks/index.ts(527,38): error TS2339: Property 'sessionData' does not exist on type 'ZenSwarmHooks'.
src/coordination/swarm/core/hooks/index.ts(540,12): error TS2339: Property 'sessionData' does not exist on type 'ZenSwarmHooks'.
src/coordination/swarm/core/hooks/index.ts(558,15): error TS2339: Property 'sessionData' does not exist on type 'ZenSwarmHooks'.
src/coordination/swarm/core/hooks/index.ts(559,12): error TS2339: Property 'sessionData' does not exist on type 'ZenSwarmHooks'.
src/coordination/swarm/core/hooks/index.ts(561,15): error TS2339: Property 'sessionData' does not exist on type 'ZenSwarmHooks'.
src/coordination/swarm/core/hooks/index.ts(562,12): error TS2339: Property 'sessionData' does not exist on type 'ZenSwarmHooks'.
src/coordination/swarm/core/hooks/index.ts(565,10): error TS2339: Property 'sessionData' does not exist on type 'ZenSwarmHooks'.
src/coordination/swarm/core/hooks/index.ts(569,12): error TS2339: Property 'sessionData' does not exist on type 'ZenSwarmHooks'.
src/coordination/swarm/core/hooks/index.ts(569,46): error TS2339: Property 'sessionData' does not exist on type 'ZenSwarmHooks'.
src/coordination/swarm/core/hooks/index.ts(570,12): error TS2339: Property 'sessionData' does not exist on type 'ZenSwarmHooks'.
src/coordination/swarm/core/hooks/index.ts(622,23): error TS2339: Property 'sessionData' does not exist on type 'ZenSwarmHooks'.
src/coordination/swarm/core/hooks/index.ts(635,12): error TS2339: Property 'sessionData' does not exist on type 'ZenSwarmHooks'.
src/coordination/swarm/core/hooks/index.ts(644,12): error TS2339: Property 'sessionData' does not exist on type 'ZenSwarmHooks'.
src/coordination/swarm/core/hooks/index.ts(654,9): error TS2393: Duplicate function implementation.
src/coordination/swarm/core/hooks/index.ts(676,23): error TS2339: Property 'sessionData' does not exist on type 'ZenSwarmHooks'.
src/coordination/swarm/core/hooks/index.ts(677,57): error TS2339: Property 'sessionData' does not exist on type 'ZenSwarmHooks'.
src/coordination/swarm/core/hooks/index.ts(688,32): error TS2339: Property 'sessionData' does not exist on type 'ZenSwarmHooks'.
src/coordination/swarm/core/hooks/index.ts(690,88): error TS2339: Property 'sessionData' does not exist on type 'ZenSwarmHooks'.
src/coordination/swarm/core/hooks/index.ts(691,28): error TS2339: Property 'sessionData' does not exist on type 'ZenSwarmHooks'.
src/coordination/swarm/core/hooks/index.ts(697,33): error TS2339: Property 'sessionData' does not exist on type 'ZenSwarmHooks'.
src/coordination/swarm/core/hooks/index.ts(698,31): error TS2339: Property 'sessionData' does not exist on type 'ZenSwarmHooks'.
src/coordination/swarm/core/hooks/index.ts(699,31): error TS2339: Property 'sessionData' does not exist on type 'ZenSwarmHooks'.
src/coordination/swarm/core/hooks/index.ts(702,8): error TS2339: Property 'sessionData' does not exist on type 'ZenSwarmHooks'.
src/coordination/swarm/core/hooks/index.ts(702,48): error TS2339: Property 'sessionData' does not exist on type 'ZenSwarmHooks'.
src/coordination/swarm/core/hooks/index.ts(737,22): error TS2339: Property 'sessionData' does not exist on type 'ZenSwarmHooks'.
src/coordination/swarm/core/hooks/index.ts(739,78): error TS2339: Property 'sessionData' does not exist on type 'ZenSwarmHooks'.
src/coordination/swarm/core/hooks/index.ts(771,30): error TS2339: Property 'sessionData' does not exist on type 'ZenSwarmHooks'.
src/coordination/swarm/core/hooks/index.ts(772,37): error TS2339: Property 'sessionData' does not exist on type 'ZenSwarmHooks'.
src/coordination/swarm/core/hooks/index.ts(781,57): error TS2339: Property 'sessionData' does not exist on type 'ZenSwarmHooks'.
src/coordination/swarm/core/hooks/index.ts(834,26): error TS2339: Property 'sessionData' does not exist on type 'ZenSwarmHooks'.
src/coordination/swarm/core/hooks/index.ts(846,26): error TS2339: Property 'sessionData' does not exist on type 'ZenSwarmHooks'.
src/coordination/swarm/core/hooks/index.ts(897,16): error TS2339: Property 'sessionData' does not exist on type 'ZenSwarmHooks'.
src/coordination/swarm/core/hooks/index.ts(897,40): error TS2339: Property 'sessionData' does not exist on type 'ZenSwarmHooks'.
src/coordination/swarm/core/hooks/index.ts(913,18): error TS2339: Property 'sessionData' does not exist on type 'ZenSwarmHooks'.
src/coordination/swarm/core/hooks/index.ts(928,14): error TS2339: Property 'sessionData' does not exist on type 'ZenSwarmHooks'.
src/coordination/swarm/core/hooks/index.ts(928,46): error TS2339: Property 'sessionData' does not exist on type 'ZenSwarmHooks'.
src/coordination/swarm/core/hooks/index.ts(954,15): error TS2339: Property 'summary' does not exist on type '{}'.
src/coordination/swarm/core/hooks/index.ts(962,15): error TS2339: Property 'state' does not exist on type '{}'.
src/coordination/swarm/core/hooks/index.ts(970,15): error TS2339: Property 'metrics' does not exist on type '{}'.
src/coordination/swarm/core/hooks/index.ts(977,37): error TS2339: Property 'sessionData' does not exist on type 'ZenSwarmHooks'.
src/coordination/swarm/core/hooks/index.ts(978,26): error TS2339: Property 'sessionData' does not exist on type 'ZenSwarmHooks'.
src/coordination/swarm/core/hooks/index.ts(979,28): error TS2339: Property 'sessionData' does not exist on type 'ZenSwarmHooks'.
src/coordination/swarm/core/hooks/index.ts(1028,22): error TS2339: Property 'sessionData' does not exist on type 'ZenSwarmHooks'.
src/coordination/swarm/core/hooks/index.ts(1039,12): error TS2339: Property 'sessionData' does not exist on type 'ZenSwarmHooks'.
src/coordination/swarm/core/hooks/index.ts(1089,10): error TS2339: Property 'sessionData' does not exist on type 'ZenSwarmHooks'.
src/coordination/swarm/core/hooks/index.ts(1101,28): error TS2339: Property 'sessionData' does not exist on type 'ZenSwarmHooks'.
src/coordination/swarm/core/hooks/index.ts(1145,40): error TS2339: Property 'sessionData' does not exist on type 'ZenSwarmHooks'.
src/coordination/swarm/core/hooks/index.ts(1146,39): error TS2339: Property 'sessionData' does not exist on type 'ZenSwarmHooks'.
src/coordination/swarm/core/hooks/index.ts(1151,25): error TS2339: Property 'sessionData' does not exist on type 'ZenSwarmHooks'.
src/coordination/swarm/core/hooks/index.ts(1154,64): error TS2339: Property 'type' does not exist on type 'unknown'.
src/coordination/swarm/core/hooks/index.ts(1155,32): error TS2339: Property 'sessionData' does not exist on type 'ZenSwarmHooks'.
src/coordination/swarm/core/hooks/index.ts(1156,34): error TS2339: Property 'sessionData' does not exist on type 'ZenSwarmHooks'.
src/coordination/swarm/core/hooks/index.ts(1157,31): error TS2339: Property 'sessionData' does not exist on type 'ZenSwarmHooks'.
src/coordination/swarm/core/hooks/index.ts(1160,8): error TS2339: Property 'sessionData' does not exist on type 'ZenSwarmHooks'.
src/coordination/swarm/core/hooks/index.ts(1169,8): error TS2339: Property 'sessionData' does not exist on type 'ZenSwarmHooks'.
src/coordination/swarm/core/hooks/index.ts(1178,46): error TS2339: Property 'sessionData' does not exist on type 'ZenSwarmHooks'.
src/coordination/swarm/core/hooks/index.ts(1179,29): error TS2339: Property 'sessionData' does not exist on type 'ZenSwarmHooks'.
src/coordination/swarm/core/hooks/index.ts(1179,68): error TS2339: Property 'sessionData' does not exist on type 'ZenSwarmHooks'.
src/coordination/swarm/core/hooks/index.ts(1180,26): error TS2339: Property 'sessionData' does not exist on type 'ZenSwarmHooks'.
src/coordination/swarm/core/hooks/index.ts(1180,70): error TS2339: Property 'sessionData' does not exist on type 'ZenSwarmHooks'.
src/coordination/swarm/core/hooks/index.ts(1187,39): error TS2339: Property 'sessionData' does not exist on type 'ZenSwarmHooks'.
src/coordination/swarm/core/hooks/index.ts(1188,24): error TS2339: Property 'sessionData' does not exist on type 'ZenSwarmHooks'.
src/coordination/swarm/core/hooks/index.ts(1189,23): error TS2339: Property 'sessionData' does not exist on type 'ZenSwarmHooks'.
src/coordination/swarm/core/hooks/index.ts(1190,21): error TS2339: Property 'sessionData' does not exist on type 'ZenSwarmHooks'.
src/coordination/swarm/core/hooks/index.ts(1196,40): error TS2339: Property 'sessionData' does not exist on type 'ZenSwarmHooks'.
src/coordination/swarm/core/hooks/index.ts(1200,38): error TS2339: Property 'sessionData' does not exist on type 'ZenSwarmHooks'.
src/coordination/swarm/core/hooks/index.ts(1201,28): error TS2339: Property 'sessionData' does not exist on type 'ZenSwarmHooks'.
src/coordination/swarm/core/hooks/index.ts(1203,16): error TS2339: Property 'sessionData' does not exist on type 'ZenSwarmHooks'.
src/coordination/swarm/core/hooks/index.ts(1203,55): error TS2339: Property 'sessionData' does not exist on type 'ZenSwarmHooks'.
src/coordination/swarm/core/hooks/index.ts(1207,33): error TS2339: Property 'sessionData' does not exist on type 'ZenSwarmHooks'.
src/coordination/swarm/core/hooks/index.ts(1209,16): error TS2339: Property 'sessionData' does not exist on type 'ZenSwarmHooks'.
src/coordination/swarm/core/hooks/index.ts(1210,16): error TS2339: Property 'sessionData' does not exist on type 'ZenSwarmHooks'.
src/coordination/swarm/core/hooks/index.ts(1213,16): error TS2339: Property 'sessionData' does not exist on type 'ZenSwarmHooks'.
src/coordination/swarm/core/hooks/index.ts(1214,16): error TS2339: Property 'sessionData' does not exist on type 'ZenSwarmHooks'.
src/coordination/swarm/core/hooks/index.ts(1218,29): error TS2339: Property 'sessionData' does not exist on type 'ZenSwarmHooks'.
src/coordination/swarm/core/hooks/index.ts(1220,11): error TS2769: No overload matches this call.
  Overload 1 of 2, '(entries: Iterable<readonly [PropertyKey, any]>): { [k: string]: any; }', gave the following error.
    Argument of type 'unknown' is not assignable to parameter of type 'Iterable<readonly [PropertyKey, any]>'.
      Property '[Symbol.iterator]' is missing in type '{}' but required in type 'Iterable<readonly [PropertyKey, any]>'.
  Overload 2 of 2, '(entries: Iterable<readonly any[]>): any', gave the following error.
    Argument of type 'unknown' is not assignable to parameter of type 'Iterable<readonly any[]>'.
      Property '[Symbol.iterator]' is missing in type '{}' but required in type 'Iterable<readonly any[]>'.
src/coordination/swarm/core/hooks/index.ts(1220,27): error TS2339: Property 'sessionData' does not exist on type 'ZenSwarmHooks'.
src/coordination/swarm/core/hooks/index.ts(1221,17): error TS2339: Property 'set' does not exist on type 'unknown'.
src/coordination/swarm/core/hooks/index.ts(1221,27): error TS2339: Property 'type' does not exist on type 'unknown'.
src/coordination/swarm/core/hooks/index.ts(1221,38): error TS2339: Property 'get' does not exist on type 'unknown'.
src/coordination/swarm/core/hooks/index.ts(1221,48): error TS2339: Property 'type' does not exist on type 'unknown'.
src/coordination/swarm/core/hooks/index.ts(1324,15): error TS2339: Property 'sessionData' does not exist on type 'ZenSwarmHooks'.
src/coordination/swarm/core/hooks/index.ts(1325,12): error TS2339: Property 'sessionData' does not exist on type 'ZenSwarmHooks'.
src/coordination/swarm/core/hooks/index.ts(1331,24): error TS2339: Property 'sessionData' does not exist on type 'ZenSwarmHooks'.
src/coordination/swarm/core/hooks/index.ts(1420,14): error TS2339: Property 'sessionData' does not exist on type 'ZenSwarmHooks'.
src/coordination/swarm/core/hooks/index.ts(1437,9): error TS2365: Operator '<' cannot be applied to types 'string' and 'number'.
src/coordination/swarm/core/hooks/index.ts(1446,9): error TS2365: Operator '<' cannot be applied to types 'string' and 'number'.
src/coordination/swarm/core/hooks/index.ts(1455,14): error TS2339: Property 'sessionData' does not exist on type 'ZenSwarmHooks'.
src/coordination/swarm/core/hooks/index.ts(1470,15): error TS2339: Property 'sessionData' does not exist on type 'ZenSwarmHooks'.
src/coordination/swarm/core/hooks/index.ts(1471,12): error TS2339: Property 'sessionData' does not exist on type 'ZenSwarmHooks'.
src/coordination/swarm/core/hooks/index.ts(1478,27): error TS2339: Property 'sessionData' does not exist on type 'ZenSwarmHooks'.
src/coordination/swarm/core/hooks/index.ts(1539,15): error TS2339: Property 'searches' does not exist on type '{}'.
src/coordination/swarm/core/hooks/index.ts(1540,12): error TS2339: Property 'searches' does not exist on type '{}'.
src/coordination/swarm/core/hooks/index.ts(1542,10): error TS2339: Property 'searches' does not exist on type '{}'.
src/coordination/swarm/core/hooks/index.ts(1549,15): error TS2339: Property 'patterns' does not exist on type '{}'.
src/coordination/swarm/core/hooks/index.ts(1550,12): error TS2339: Property 'patterns' does not exist on type '{}'.
src/coordination/swarm/core/hooks/index.ts(1553,12): error TS2339: Property 'patterns' does not exist on type '{}'.
src/coordination/swarm/core/hooks/index.ts(1553,36): error TS2339: Property 'patterns' does not exist on type '{}'.
src/coordination/swarm/core/hooks/index.ts(1558,12): error TS2339: Property 'searches' does not exist on type '{}'.
src/coordination/swarm/core/hooks/index.ts(1558,27): error TS2339: Property 'searches' does not exist on type '{}'.
src/coordination/swarm/core/hooks/index.ts(1559,10): error TS2339: Property 'searches' does not exist on type '{}'.
src/coordination/swarm/core/hooks/index.ts(1559,24): error TS2339: Property 'searches' does not exist on type '{}'.
src/coordination/swarm/core/hooks/index.ts(1623,20): error TS2339: Property 'sessionData' does not exist on type 'ZenSwarmHooks'.
src/coordination/swarm/core/hooks/index.ts(1624,25): error TS2339: Property 'sessionData' does not exist on type 'ZenSwarmHooks'.
src/coordination/swarm/core/hooks/index.ts(1640,23): error TS2339: Property 'sessionData' does not exist on type 'ZenSwarmHooks'.
src/coordination/swarm/core/hooks/index.ts(1707,36): error TS2339: Property 'sessionData' does not exist on type 'ZenSwarmHooks'.
src/coordination/swarm/core/hooks/index.ts(1712,25): error TS2339: Property 'sessionData' does not exist on type 'ZenSwarmHooks'.
src/coordination/swarm/core/hooks/index.ts(1713,36): error TS2339: Property 'id' does not exist on type 'unknown'.
src/coordination/swarm/core/hooks/index.ts(1716,24): error TS2339: Property 'id' does not exist on type 'unknown'.
src/coordination/swarm/core/hooks/index.ts(1717,22): error TS2339: Property 'id' does not exist on type 'unknown'.
src/coordination/swarm/core/hooks/index.ts(1718,21): error TS2339: Property 'type' does not exist on type 'unknown'.
src/coordination/swarm/core/hooks/index.ts(1730,29): error TS2339: Property 'sessionData' does not exist on type 'ZenSwarmHooks'.
src/coordination/swarm/core/hooks/index.ts(1731,29): error TS2339: Property 'sessionData' does not exist on type 'ZenSwarmHooks'.
src/coordination/swarm/core/hooks/index.ts(1759,28): error TS2339: Property 'sessionData' does not exist on type 'ZenSwarmHooks'.
src/coordination/swarm/core/hooks/index.ts(1768,63): error TS2362: The left-hand side of an arithmetic operation must be of type 'any', 'number', 'bigint' or an enum type.
src/coordination/swarm/core/hooks/index.ts(1768,70): error TS2363: The right-hand side of an arithmetic operation must be of type 'any', 'number', 'bigint' or an enum type.
src/coordination/swarm/core/hooks/index.ts(1803,15): error TS2339: Property 'persistence' does not exist on type 'ZenSwarmHooks'.
src/coordination/swarm/core/hooks/index.ts(1813,18): error TS2339: Property 'persistence' does not exist on type 'ZenSwarmHooks'.
src/coordination/swarm/core/hooks/index.ts(1830,15): error TS2339: Property 'persistence' does not exist on type 'ZenSwarmHooks'.
src/coordination/swarm/core/hooks/index.ts(1836,35): error TS2339: Property 'persistence' does not exist on type 'ZenSwarmHooks'.
src/coordination/swarm/core/hooks/index.ts(1852,9): error TS2393: Duplicate function implementation.
src/coordination/swarm/core/hooks/index.ts(1856,14): error TS2339: Property 'persistence' does not exist on type 'ZenSwarmHooks'.
src/coordination/swarm/core/hooks/index.ts(1858,20): error TS2339: Property 'persistence' does not exist on type 'ZenSwarmHooks'.
src/coordination/swarm/core/hooks/index.ts(1867,20): error TS2339: Property 'persistence' does not exist on type 'ZenSwarmHooks'.
src/coordination/swarm/core/hooks/index.ts(1874,24): error TS2339: Property 'sessionData' does not exist on type 'ZenSwarmHooks'.
src/coordination/swarm/core/hooks/index.ts(1896,15): error TS2551: Property '_sessionId' does not exist on type 'ZenSwarmHooks'. Did you mean 'getSessionId'?
src/coordination/swarm/core/hooks/index.ts(1897,12): error TS2551: Property '_sessionId' does not exist on type 'ZenSwarmHooks'. Did you mean 'getSessionId'?
src/coordination/swarm/core/hooks/index.ts(1899,17): error TS2551: Property '_sessionId' does not exist on type 'ZenSwarmHooks'. Did you mean 'getSessionId'?
src/coordination/swarm/core/hooks/index.ts(1907,31): error TS2339: Property 'sessionData' does not exist on type 'ZenSwarmHooks'.
src/coordination/swarm/core/hooks/index.ts(1910,14): error TS2339: Property 'persistence' does not exist on type 'ZenSwarmHooks'.
src/coordination/swarm/core/hooks/index.ts(1913,35): error TS2339: Property 'persistence' does not exist on type 'ZenSwarmHooks'.
src/coordination/swarm/core/hooks/index.ts(1931,10): error TS2339: Property 'sessionData' does not exist on type 'ZenSwarmHooks'.
src/coordination/swarm/core/hooks/index.ts(1934,14): error TS2339: Property 'persistence' does not exist on type 'ZenSwarmHooks'.
src/coordination/swarm/core/hooks/index.ts(1937,20): error TS2339: Property 'persistence' does not exist on type 'ZenSwarmHooks'.
src/coordination/swarm/core/index-backup.ts(15,34): error TS2307: Cannot find module '../../../neural/wasm/wasm-loader' or its corresponding type declarations.
src/coordination/swarm/core/index-backup.ts(33,15): error TS2307: Cannot find module '../../../neural/wasm/wasm-loader' or its corresponding type declarations.
src/coordination/swarm/core/index-backup.ts(340,31): error TS2345: Argument of type 'import("/home/mhugo/code/claude-code-zen/src/coordination/swarm/core/types").AgentConfig' is not assignable to parameter of type 'import("/home/mhugo/code/claude-code-zen/src/types/agent-types").AgentConfig'.
  Property 'name' is optional in type 'AgentConfig' but required in type 'AgentConfig'.
src/coordination/swarm/core/index-backup.ts(341,37): error TS2345: Argument of type 'import("/home/mhugo/code/claude-code-zen/src/types/agent-types").Agent' is not assignable to parameter of type 'import("/home/mhugo/code/claude-code-zen/src/coordination/swarm/core/types").Agent'.
  Type 'Agent' is missing the following properties from type 'Agent': connections, communicate, update
src/coordination/swarm/core/index-backup.ts(542,17): error TS2339: Property 'communicate' does not exist on type 'Agent'.
src/coordination/swarm/core/index-backup.ts(549,42): error TS2345: Argument of type 'import("/home/mhugo/code/claude-code-zen/src/coordination/swarm/core/types").Task' is not assignable to parameter of type 'import("/home/mhugo/code/claude-code-zen/src/types/agent-types").Task'.
  Type 'Task' is missing the following properties from type 'Task': swarmId, strategy, progress, requireConsensus, and 4 more.
src/coordination/swarm/core/index-complete.ts(15,34): error TS2307: Cannot find module '../../../neural/wasm/wasm-loader' or its corresponding type declarations.
src/coordination/swarm/core/index-complete.ts(33,15): error TS2307: Cannot find module '../../../neural/wasm/wasm-loader' or its corresponding type declarations.
src/coordination/swarm/core/index-complete.ts(93,11): error TS2353: Object literal may only specify known properties, and 'neuralProcessing' does not exist in type '{ success: boolean; result: string; agent: string; executionTime: number; cognitivePattern: string; }'.
src/coordination/swarm/core/index-complete.ts(522,31): error TS2345: Argument of type 'import("/home/mhugo/code/claude-code-zen/src/coordination/swarm/core/types").AgentConfig' is not assignable to parameter of type 'import("/home/mhugo/code/claude-code-zen/src/types/agent-types").AgentConfig'.
  Property 'name' is optional in type 'AgentConfig' but required in type 'AgentConfig'.
src/coordination/swarm/core/index-complete.ts(523,37): error TS2345: Argument of type 'import("/home/mhugo/code/claude-code-zen/src/types/agent-types").Agent' is not assignable to parameter of type 'import("/home/mhugo/code/claude-code-zen/src/coordination/swarm/core/types").Agent'.
  Type 'Agent' is missing the following properties from type 'Agent': connections, communicate, update
src/coordination/swarm/core/index-complete.ts(694,17): error TS2339: Property 'communicate' does not exist on type 'Agent'.
src/coordination/swarm/core/index-complete.ts(700,42): error TS2345: Argument of type 'import("/home/mhugo/code/claude-code-zen/src/coordination/swarm/core/types").Task' is not assignable to parameter of type 'import("/home/mhugo/code/claude-code-zen/src/types/agent-types").Task'.
  Type 'Task' is missing the following properties from type 'Task': swarmId, strategy, progress, requireConsensus, and 4 more.
src/coordination/swarm/core/index-complete.ts(863,10): error TS2339: Property 'wasmSwarm' does not exist on type 'SwarmWrapper'.
src/coordination/swarm/core/index-complete.ts(928,10): error TS2339: Property 'swarm' does not exist on type 'TaskWrapper'.
src/coordination/swarm/core/index.ts(15,15): error TS2307: Cannot find module '../../../neural/wasm/wasm-loader' or its corresponding type declarations.
src/coordination/swarm/core/index.ts(19,10): error TS2323: Cannot redeclare exported variable 'ZenSwarm'.
src/coordination/swarm/core/index.ts(19,10): error TS2484: Export declaration conflicts with exported declaration of 'ZenSwarm'.
src/coordination/swarm/core/index.ts(38,1): error TS2308: Module './topology-manager' has already exported a member named 'Connection'. Consider explicitly re-exporting to resolve the ambiguity.
src/coordination/swarm/core/index.ts(94,11): error TS2353: Object literal may only specify known properties, and 'neuralProcessing' does not exist in type '{ success: boolean; result: string; agent: string; executionTime: number; cognitivePattern: string; }'.
src/coordination/swarm/core/index.ts(123,31): error TS2304: Cannot find name 'Message'.
src/coordination/swarm/core/index.ts(132,14): error TS2323: Cannot redeclare exported variable 'ZenSwarm'.
src/coordination/swarm/core/index.ts(132,34): error TS2304: Cannot find name 'SwarmEventEmitter'.
src/coordination/swarm/core/index.ts(134,31): error TS2304: Cannot find name 'SwarmOptions'.
src/coordination/swarm/core/index.ts(135,18): error TS2304: Cannot find name 'SwarmState'.
src/coordination/swarm/core/index.ts(136,22): error TS2304: Cannot find name 'AgentPool'.
src/coordination/swarm/core/index.ts(137,30): error TS2304: Cannot find name 'SwarmEvent'.
src/coordination/swarm/core/index.ts(142,24): error TS2304: Cannot find name 'WasmModule'.
src/coordination/swarm/core/index.ts(143,22): error TS2304: Cannot find name 'WasmModuleLoader'.
src/coordination/swarm/core/index.ts(144,23): error TS2304: Cannot find name 'SwarmPersistencePooled'.
src/coordination/swarm/core/index.ts(164,24): error TS2304: Cannot find name 'SwarmOptions'.
src/coordination/swarm/core/index.ts(165,20): error TS2304: Cannot find name 'validateSwarmOptions'.
src/coordination/swarm/core/index.ts(168,27): error TS2304: Cannot find name 'WasmModuleLoader'.
src/coordination/swarm/core/index.ts(196,26): error TS2304: Cannot find name 'AgentPool'.
src/coordination/swarm/core/index.ts(251,33): error TS2304: Cannot find name 'SwarmOptions'.
src/coordination/swarm/core/index.ts(261,23): error TS2304: Cannot find name 'getContainer'.
src/coordination/swarm/core/index.ts(322,38): error TS2304: Cannot find name 'SwarmPersistencePooled'.
src/coordination/swarm/core/index.ts(514,20): error TS2304: Cannot find name 'AgentConfig'.
src/coordination/swarm/core/index.ts(523,19): error TS2304: Cannot find name 'createAgent'.
src/coordination/swarm/core/index.ts(530,17): error TS2304: Cannot find name 'BaseAgent'.
src/coordination/swarm/core/index.ts(559,31): error TS2304: Cannot find name 'Task'.
src/coordination/swarm/core/index.ts(564,21): error TS2304: Cannot find name 'Task'.
src/coordination/swarm/core/index.ts(566,11): error TS2304: Cannot find name 'generateId'.
src/coordination/swarm/core/index.ts(584,34): error TS2304: Cannot find name 'Task'.
src/coordination/swarm/core/index.ts(588,28): error TS2304: Cannot find name 'TaskStatus'.
src/coordination/swarm/core/index.ts(588,41): error TS2304: Cannot find name 'Task'.
src/coordination/swarm/core/index.ts(589,72): error TS2339: Property 'status' does not exist on type 'unknown'.
src/coordination/swarm/core/index.ts(592,17): error TS2304: Cannot find name 'SwarmMetrics'.
src/coordination/swarm/core/index.ts(597,12): error TS2304: Cannot find name 'formatMetrics'.
src/coordination/swarm/core/index.ts(601,13): error TS2304: Cannot find name 'SwarmEvent'.
src/coordination/swarm/core/index.ts(608,14): error TS2304: Cannot find name 'SwarmEvent'.
src/coordination/swarm/core/index.ts(615,15): error TS2304: Cannot find name 'SwarmEvent'.
src/coordination/swarm/core/index.ts(638,16): error TS2339: Property 'status' does not exist on type 'unknown'.
src/coordination/swarm/core/index.ts(638,45): error TS2339: Property 'status' does not exist on type 'unknown'.
src/coordination/swarm/core/index.ts(639,14): error TS2339: Property 'status' does not exist on type 'unknown'.
src/coordination/swarm/core/index.ts(640,14): error TS2339: Property 'error' does not exist on type 'unknown'.
src/coordination/swarm/core/index.ts(674,34): error TS2304: Cannot find name 'Task'.
src/coordination/swarm/core/index.ts(686,20): error TS2304: Cannot find name 'Message'.
src/coordination/swarm/core/index.ts(687,11): error TS2304: Cannot find name 'generateId'.
src/coordination/swarm/core/index.ts(722,37): error TS2304: Cannot find name 'priorityToNumber'.
src/coordination/swarm/core/index.ts(722,68): error TS2304: Cannot find name 'priorityToNumber'.
src/coordination/swarm/core/index.ts(804,55): error TS2339: Property 'id' does not exist on type 'unknown'.
src/coordination/swarm/core/index.ts(804,65): error TS2339: Property 'state' does not exist on type 'unknown'.
src/coordination/swarm/core/index.ts(864,10): error TS2339: Property 'wasmSwarm' does not exist on type 'SwarmWrapper'.
src/coordination/swarm/core/index.ts(929,10): error TS2339: Property 'swarm' does not exist on type 'TaskWrapper'.
src/coordination/swarm/core/logger.ts(9,10): error TS2339: Property 'name' does not exist on type 'Logger'.
src/coordination/swarm/core/logger.ts(9,25): error TS2339: Property 'name' does not exist on type '{}'.
src/coordination/swarm/core/logger.ts(10,10): error TS2339: Property 'level' does not exist on type 'Logger'.
src/coordination/swarm/core/logger.ts(10,26): error TS2339: Property 'level' does not exist on type '{}'.
src/coordination/swarm/core/logger.ts(11,10): error TS2339: Property 'enableStderr' does not exist on type 'Logger'.
src/coordination/swarm/core/logger.ts(11,33): error TS2339: Property 'enableStderr' does not exist on type '{}'.
src/coordination/swarm/core/logger.ts(12,10): error TS2339: Property 'enableFile' does not exist on type 'Logger'.
src/coordination/swarm/core/logger.ts(12,31): error TS2339: Property 'enableFile' does not exist on type '{}'.
src/coordination/swarm/core/logger.ts(13,10): error TS2339: Property 'formatJson' does not exist on type 'Logger'.
src/coordination/swarm/core/logger.ts(13,31): error TS2339: Property 'formatJson' does not exist on type '{}'.
src/coordination/swarm/core/logger.ts(14,10): error TS2339: Property 'logDir' does not exist on type 'Logger'.
src/coordination/swarm/core/logger.ts(14,27): error TS2339: Property 'logDir' does not exist on type '{}'.
src/coordination/swarm/core/logger.ts(15,10): error TS2339: Property 'metadata' does not exist on type 'Logger'.
src/coordination/swarm/core/logger.ts(15,29): error TS2339: Property 'metadata' does not exist on type '{}'.
src/coordination/swarm/core/logger.ts(16,10): error TS2551: Property 'correlationId' does not exist on type 'Logger'. Did you mean 'setCorrelationId'?
src/coordination/swarm/core/logger.ts(17,10): error TS2551: Property 'operations' does not exist on type 'Logger'. Did you mean 'endOperation'?
src/coordination/swarm/core/logger.ts(21,10): error TS2551: Property 'correlationId' does not exist on type 'Logger'. Did you mean 'setCorrelationId'?
src/coordination/swarm/core/logger.ts(22,17): error TS2551: Property 'correlationId' does not exist on type 'Logger'. Did you mean 'setCorrelationId'?
src/coordination/swarm/core/logger.ts(26,17): error TS2551: Property 'correlationId' does not exist on type 'Logger'. Did you mean 'setCorrelationId'?
src/coordination/swarm/core/logger.ts(31,25): error TS2551: Property 'correlationId' does not exist on type 'Logger'. Did you mean 'setCorrelationId'?
src/coordination/swarm/core/logger.ts(31,50): error TS2551: Property 'correlationId' does not exist on type 'Logger'. Did you mean 'setCorrelationId'?
src/coordination/swarm/core/logger.ts(36,18): error TS2339: Property 'name' does not exist on type 'Logger'.
src/coordination/swarm/core/logger.ts(38,27): error TS2551: Property 'correlationId' does not exist on type 'Logger'. Did you mean 'setCorrelationId'?
src/coordination/swarm/core/logger.ts(39,15): error TS2339: Property 'metadata' does not exist on type 'Logger'.
src/coordination/swarm/core/logger.ts(45,14): error TS2339: Property 'formatJson' does not exist on type 'Logger'.
src/coordination/swarm/core/logger.ts(67,14): error TS2339: Property 'level' does not exist on type 'Logger'.
src/coordination/swarm/core/logger.ts(73,14): error TS2339: Property 'level' does not exist on type 'Logger'.
src/coordination/swarm/core/logger.ts(88,10): error TS2551: Property 'operations' does not exist on type 'Logger'. Did you mean 'endOperation'?
src/coordination/swarm/core/logger.ts(97,28): error TS2551: Property 'operations' does not exist on type 'Logger'. Did you mean 'endOperation'?
src/coordination/swarm/core/logger.ts(106,12): error TS2551: Property 'operations' does not exist on type 'Logger'. Did you mean 'endOperation'?
src/coordination/swarm/core/logger.ts(138,27): error TS2551: Property 'correlationId' does not exist on type 'Logger'. Did you mean 'setCorrelationId'?
src/coordination/swarm/core/logger.ts(139,30): error TS2551: Property 'operations' does not exist on type 'Logger'. Did you mean 'endOperation'?
src/coordination/swarm/core/logging-config.ts(42,10): error TS2339: Property 'loggers' does not exist on type 'LoggingConfig'.
src/coordination/swarm/core/logging-config.ts(43,10): error TS2339: Property 'globalLevel' does not exist on type 'LoggingConfig'.
src/coordination/swarm/core/logging-config.ts(44,10): error TS2339: Property 'componentLevels' does not exist on type 'LoggingConfig'.
src/coordination/swarm/core/logging-config.ts(57,16): error TS2339: Property 'globalLevel' does not exist on type 'LoggingConfig'.
src/coordination/swarm/core/logging-config.ts(60,16): error TS2339: Property 'componentLevels' does not exist on type 'LoggingConfig'.
src/coordination/swarm/core/logging-config.ts(70,14): error TS2339: Property 'loggers' does not exist on type 'LoggingConfig'.
src/coordination/swarm/core/logging-config.ts(71,19): error TS2339: Property 'loggers' does not exist on type 'LoggingConfig'.
src/coordination/swarm/core/logging-config.ts(74,24): error TS2339: Property 'globalLevel' does not exist on type 'LoggingConfig'.
src/coordination/swarm/core/logging-config.ts(74,44): error TS2339: Property 'componentLevels' does not exist on type 'LoggingConfig'.
src/coordination/swarm/core/logging-config.ts(79,65): error TS2339: Property 'enableStderr' does not exist on type '{}'.
src/coordination/swarm/core/logging-config.ts(80,65): error TS2339: Property 'enableFile' does not exist on type '{}'.
src/coordination/swarm/core/logging-config.ts(81,64): error TS2339: Property 'formatJson' does not exist on type '{}'.
src/coordination/swarm/core/logging-config.ts(82,46): error TS2339: Property 'logDir' does not exist on type '{}'.
src/coordination/swarm/core/logging-config.ts(86,10): error TS2339: Property 'loggers' does not exist on type 'LoggingConfig'.
src/coordination/swarm/core/logging-config.ts(94,10): error TS2339: Property 'componentLevels' does not exist on type 'LoggingConfig'.
src/coordination/swarm/core/logging-config.ts(97,14): error TS2339: Property 'loggers' does not exist on type 'LoggingConfig'.
src/coordination/swarm/core/logging-config.ts(98,27): error TS2339: Property 'loggers' does not exist on type 'LoggingConfig'.
src/coordination/swarm/core/logging-config.ts(107,10): error TS2339: Property 'globalLevel' does not exist on type 'LoggingConfig'.
src/coordination/swarm/core/logging-config.ts(110,31): error TS2339: Property 'loggers' does not exist on type 'LoggingConfig'.
src/coordination/swarm/core/logging-config.ts(120,20): error TS2339: Property 'globalLevel' does not exist on type 'LoggingConfig'.
src/coordination/swarm/core/logging-config.ts(121,29): error TS2339: Property 'componentLevels' does not exist on type 'LoggingConfig'.
src/coordination/swarm/core/logging-config.ts(140,25): error TS2339: Property 'globalLevel' does not exist on type 'LoggingConfig'.
src/coordination/swarm/core/logging-config.ts(141,29): error TS2339: Property 'componentLevels' does not exist on type 'LoggingConfig'.
src/coordination/swarm/core/mcp-daa-tools.ts(6,28): error TS2307: Cannot find module './daa-service.js' or its corresponding type declarations.
src/coordination/swarm/core/mcp-daa-tools.ts(10,10): error TS2339: Property 'mcpTools' does not exist on type 'DAA_MCPTools'.
src/coordination/swarm/core/mcp-daa-tools.ts(11,10): error TS2339: Property 'daaInitialized' does not exist on type 'DAA_MCPTools'.
src/coordination/swarm/core/mcp-daa-tools.ts(15,15): error TS2339: Property 'daaInitialized' does not exist on type 'DAA_MCPTools'.
src/coordination/swarm/core/mcp-daa-tools.ts(17,12): error TS2339: Property 'daaInitialized' does not exist on type 'DAA_MCPTools'.
src/coordination/swarm/core/mcp-daa-tools.ts(46,16): error TS2339: Property 'mcpTools' does not exist on type 'DAA_MCPTools'.
src/coordination/swarm/core/mcp-daa-tools.ts(47,14): error TS2339: Property 'mcpTools' does not exist on type 'DAA_MCPTools'.
src/coordination/swarm/core/mcp-daa-tools.ts(51,16): error TS2339: Property 'mcpTools' does not exist on type 'DAA_MCPTools'.
src/coordination/swarm/core/mcp-daa-tools.ts(52,14): error TS2339: Property 'mcpTools' does not exist on type 'DAA_MCPTools'.
src/coordination/swarm/core/mcp-daa-tools.ts(92,16): error TS2339: Property 'mcpTools' does not exist on type 'DAA_MCPTools'.
src/coordination/swarm/core/mcp-daa-tools.ts(93,40): error TS2339: Property 'mcpTools' does not exist on type 'DAA_MCPTools'.
src/coordination/swarm/core/mcp-daa-tools.ts(106,16): error TS2339: Property 'mcpTools' does not exist on type 'DAA_MCPTools'.
src/coordination/swarm/core/mcp-daa-tools.ts(108,22): error TS2339: Property 'mcpTools' does not exist on type 'DAA_MCPTools'.
src/coordination/swarm/core/mcp-daa-tools.ts(126,16): error TS2339: Property 'mcpTools' does not exist on type 'DAA_MCPTools'.
src/coordination/swarm/core/mcp-daa-tools.ts(131,16): error TS2339: Property 'mcpTools' does not exist on type 'DAA_MCPTools'.
src/coordination/swarm/core/mcp-daa-tools.ts(152,16): error TS2339: Property 'mcpTools' does not exist on type 'DAA_MCPTools'.
src/coordination/swarm/core/mcp-daa-tools.ts(153,14): error TS2339: Property 'mcpTools' does not exist on type 'DAA_MCPTools'.
src/coordination/swarm/core/mcp-daa-tools.ts(157,16): error TS2339: Property 'mcpTools' does not exist on type 'DAA_MCPTools'.
src/coordination/swarm/core/mcp-daa-tools.ts(158,14): error TS2339: Property 'mcpTools' does not exist on type 'DAA_MCPTools'.
src/coordination/swarm/core/mcp-daa-tools.ts(197,16): error TS2339: Property 'mcpTools' does not exist on type 'DAA_MCPTools'.
src/coordination/swarm/core/mcp-daa-tools.ts(198,14): error TS2339: Property 'mcpTools' does not exist on type 'DAA_MCPTools'.
src/coordination/swarm/core/mcp-daa-tools.ts(202,16): error TS2339: Property 'mcpTools' does not exist on type 'DAA_MCPTools'.
src/coordination/swarm/core/mcp-daa-tools.ts(203,14): error TS2339: Property 'mcpTools' does not exist on type 'DAA_MCPTools'.
src/coordination/swarm/core/mcp-daa-tools.ts(236,16): error TS2339: Property 'mcpTools' does not exist on type 'DAA_MCPTools'.
src/coordination/swarm/core/mcp-daa-tools.ts(237,14): error TS2339: Property 'mcpTools' does not exist on type 'DAA_MCPTools'.
src/coordination/swarm/core/mcp-daa-tools.ts(241,16): error TS2339: Property 'mcpTools' does not exist on type 'DAA_MCPTools'.
src/coordination/swarm/core/mcp-daa-tools.ts(242,14): error TS2339: Property 'mcpTools' does not exist on type 'DAA_MCPTools'.
src/coordination/swarm/core/mcp-daa-tools.ts(282,16): error TS2339: Property 'mcpTools' does not exist on type 'DAA_MCPTools'.
src/coordination/swarm/core/mcp-daa-tools.ts(283,14): error TS2339: Property 'mcpTools' does not exist on type 'DAA_MCPTools'.
src/coordination/swarm/core/mcp-daa-tools.ts(287,16): error TS2339: Property 'mcpTools' does not exist on type 'DAA_MCPTools'.
src/coordination/swarm/core/mcp-daa-tools.ts(288,14): error TS2339: Property 'mcpTools' does not exist on type 'DAA_MCPTools'.
src/coordination/swarm/core/mcp-daa-tools.ts(342,16): error TS2339: Property 'mcpTools' does not exist on type 'DAA_MCPTools'.
src/coordination/swarm/core/mcp-daa-tools.ts(343,14): error TS2339: Property 'mcpTools' does not exist on type 'DAA_MCPTools'.
src/coordination/swarm/core/mcp-daa-tools.ts(347,16): error TS2339: Property 'mcpTools' does not exist on type 'DAA_MCPTools'.
src/coordination/swarm/core/mcp-daa-tools.ts(348,14): error TS2339: Property 'mcpTools' does not exist on type 'DAA_MCPTools'.
src/coordination/swarm/core/mcp-daa-tools.ts(387,16): error TS2339: Property 'detailed_metrics' does not exist on type '{ agent_id: any; total_learning_cycles: any; average_proficiency: any; knowledge_domains: any; adaptation_rate: any; neural_models_active: any; cross_session_memory: any; performance_trend: any; timestamp: string; }'.
src/coordination/swarm/core/mcp-daa-tools.ts(390,16): error TS2339: Property 'mcpTools' does not exist on type 'DAA_MCPTools'.
src/coordination/swarm/core/mcp-daa-tools.ts(391,14): error TS2339: Property 'mcpTools' does not exist on type 'DAA_MCPTools'.
src/coordination/swarm/core/mcp-daa-tools.ts(395,16): error TS2339: Property 'mcpTools' does not exist on type 'DAA_MCPTools'.
src/coordination/swarm/core/mcp-daa-tools.ts(396,14): error TS2339: Property 'mcpTools' does not exist on type 'DAA_MCPTools'.
src/coordination/swarm/core/mcp-daa-tools.ts(429,18): error TS2339: Property 'mcpTools' does not exist on type 'DAA_MCPTools'.
src/coordination/swarm/core/mcp-daa-tools.ts(430,16): error TS2339: Property 'mcpTools' does not exist on type 'DAA_MCPTools'.
src/coordination/swarm/core/mcp-daa-tools.ts(450,16): error TS2339: Property 'mcpTools' does not exist on type 'DAA_MCPTools'.
src/coordination/swarm/core/mcp-daa-tools.ts(451,14): error TS2339: Property 'mcpTools' does not exist on type 'DAA_MCPTools'.
src/coordination/swarm/core/mcp-daa-tools.ts(455,16): error TS2339: Property 'mcpTools' does not exist on type 'DAA_MCPTools'.
src/coordination/swarm/core/mcp-daa-tools.ts(456,14): error TS2339: Property 'mcpTools' does not exist on type 'DAA_MCPTools'.
src/coordination/swarm/core/mcp-daa-tools.ts(492,16): error TS2339: Property 'mcpTools' does not exist on type 'DAA_MCPTools'.
src/coordination/swarm/core/mcp-daa-tools.ts(493,14): error TS2339: Property 'mcpTools' does not exist on type 'DAA_MCPTools'.
src/coordination/swarm/core/mcp-daa-tools.ts(497,16): error TS2339: Property 'mcpTools' does not exist on type 'DAA_MCPTools'.
src/coordination/swarm/core/mcp-daa-tools.ts(498,14): error TS2339: Property 'mcpTools' does not exist on type 'DAA_MCPTools'.
src/coordination/swarm/core/mcp-daa-tools.ts(549,16): error TS2339: Property 'mcpTools' does not exist on type 'DAA_MCPTools'.
src/coordination/swarm/core/mcp-daa-tools.ts(550,14): error TS2339: Property 'mcpTools' does not exist on type 'DAA_MCPTools'.
src/coordination/swarm/core/mcp-daa-tools.ts(554,16): error TS2339: Property 'mcpTools' does not exist on type 'DAA_MCPTools'.
src/coordination/swarm/core/mcp-daa-tools.ts(555,14): error TS2339: Property 'mcpTools' does not exist on type 'DAA_MCPTools'.
src/coordination/swarm/core/mcp-tool-registry.ts(19,26): error TS2307: Cannot find module './index-enhanced.js' or its corresponding type declarations.
src/coordination/swarm/core/mcp-tool-registry.ts(22,40): error TS2307: Cannot find module './persistence-pooled.js' or its corresponding type declarations.
src/coordination/swarm/core/mcp-tool-registry.ts(31,10): error TS2339: Property 'ruvSwarm' does not exist on type 'EnhancedMCPTools'.
src/coordination/swarm/core/mcp-tool-registry.ts(32,10): error TS2339: Property 'activeSwarms' does not exist on type 'EnhancedMCPTools'.
src/coordination/swarm/core/mcp-tool-registry.ts(33,10): error TS2339: Property 'toolMetrics' does not exist on type 'EnhancedMCPTools'.
src/coordination/swarm/core/mcp-tool-registry.ts(43,10): error TS2339: Property 'persistence' does not exist on type 'EnhancedMCPTools'.
src/coordination/swarm/core/mcp-tool-registry.ts(44,10): error TS2339: Property 'persistenceReady' does not exist on type 'EnhancedMCPTools'.
src/coordination/swarm/core/mcp-tool-registry.ts(48,10): error TS2339: Property 'errorContext' does not exist on type 'EnhancedMCPTools'.
src/coordination/swarm/core/mcp-tool-registry.ts(49,10): error TS2339: Property 'errorLog' does not exist on type 'EnhancedMCPTools'.
src/coordination/swarm/core/mcp-tool-registry.ts(50,10): error TS2339: Property 'maxErrorLogSize' does not exist on type 'EnhancedMCPTools'.
src/coordination/swarm/core/mcp-tool-registry.ts(53,10): error TS2339: Property 'logger' does not exist on type 'EnhancedMCPTools'.
src/coordination/swarm/core/mcp-tool-registry.ts(63,10): error TS2339: Property 'daaTools' does not exist on type 'EnhancedMCPTools'.
src/coordination/swarm/core/mcp-tool-registry.ts(66,10): error TS2339: Property 'tools' does not exist on type 'EnhancedMCPTools'.
src/coordination/swarm/core/mcp-tool-registry.ts(90,22): error TS2339: Property 'daaTools' does not exist on type 'EnhancedMCPTools'.
src/coordination/swarm/core/mcp-tool-registry.ts(90,50): error TS2339: Property 'daaTools' does not exist on type 'EnhancedMCPTools'.
src/coordination/swarm/core/mcp-tool-registry.ts(91,30): error TS2339: Property 'daaTools' does not exist on type 'EnhancedMCPTools'.
src/coordination/swarm/core/mcp-tool-registry.ts(91,66): error TS2339: Property 'daaTools' does not exist on type 'EnhancedMCPTools'.
src/coordination/swarm/core/mcp-tool-registry.ts(92,29): error TS2339: Property 'daaTools' does not exist on type 'EnhancedMCPTools'.
src/coordination/swarm/core/mcp-tool-registry.ts(92,64): error TS2339: Property 'daaTools' does not exist on type 'EnhancedMCPTools'.
src/coordination/swarm/core/mcp-tool-registry.ts(93,33): error TS2339: Property 'daaTools' does not exist on type 'EnhancedMCPTools'.
src/coordination/swarm/core/mcp-tool-registry.ts(93,72): error TS2339: Property 'daaTools' does not exist on type 'EnhancedMCPTools'.
src/coordination/swarm/core/mcp-tool-registry.ts(94,34): error TS2339: Property 'daaTools' does not exist on type 'EnhancedMCPTools'.
src/coordination/swarm/core/mcp-tool-registry.ts(94,74): error TS2339: Property 'daaTools' does not exist on type 'EnhancedMCPTools'.
src/coordination/swarm/core/mcp-tool-registry.ts(95,33): error TS2339: Property 'daaTools' does not exist on type 'EnhancedMCPTools'.
src/coordination/swarm/core/mcp-tool-registry.ts(95,72): error TS2339: Property 'daaTools' does not exist on type 'EnhancedMCPTools'.
src/coordination/swarm/core/mcp-tool-registry.ts(96,33): error TS2339: Property 'daaTools' does not exist on type 'EnhancedMCPTools'.
src/coordination/swarm/core/mcp-tool-registry.ts(96,72): error TS2339: Property 'daaTools' does not exist on type 'EnhancedMCPTools'.
src/coordination/swarm/core/mcp-tool-registry.ts(97,35): error TS2339: Property 'daaTools' does not exist on type 'EnhancedMCPTools'.
src/coordination/swarm/core/mcp-tool-registry.ts(97,76): error TS2339: Property 'daaTools' does not exist on type 'EnhancedMCPTools'.
src/coordination/swarm/core/mcp-tool-registry.ts(98,31): error TS2339: Property 'daaTools' does not exist on type 'EnhancedMCPTools'.
src/coordination/swarm/core/mcp-tool-registry.ts(98,68): error TS2339: Property 'daaTools' does not exist on type 'EnhancedMCPTools'.
src/coordination/swarm/core/mcp-tool-registry.ts(99,37): error TS2339: Property 'daaTools' does not exist on type 'EnhancedMCPTools'.
src/coordination/swarm/core/mcp-tool-registry.ts(99,80): error TS2339: Property 'daaTools' does not exist on type 'EnhancedMCPTools'.
src/coordination/swarm/core/mcp-tool-registry.ts(108,18): error TS2339: Property 'persistence' does not exist on type 'EnhancedMCPTools'.
src/coordination/swarm/core/mcp-tool-registry.ts(109,12): error TS2339: Property 'persistenceReady' does not exist on type 'EnhancedMCPTools'.
src/coordination/swarm/core/mcp-tool-registry.ts(110,12): error TS2339: Property 'logger' does not exist on type 'EnhancedMCPTools'.
src/coordination/swarm/core/mcp-tool-registry.ts(112,12): error TS2339: Property 'persistenceReady' does not exist on type 'EnhancedMCPTools'.
src/coordination/swarm/core/mcp-tool-registry.ts(113,12): error TS2339: Property 'logger' does not exist on type 'EnhancedMCPTools'.
src/coordination/swarm/core/mcp-tool-registry.ts(121,15): error TS2339: Property 'persistenceReady' does not exist on type 'EnhancedMCPTools'.
src/coordination/swarm/core/mcp-tool-registry.ts(121,40): error TS2339: Property 'persistence' does not exist on type 'EnhancedMCPTools'.
src/coordination/swarm/core/mcp-tool-registry.ts(127,20): error TS2339: Property 'persistenceReady' does not exist on type 'EnhancedMCPTools'.
src/coordination/swarm/core/mcp-tool-registry.ts(132,17): error TS2339: Property 'persistenceReady' does not exist on type 'EnhancedMCPTools'.
src/coordination/swarm/core/mcp-tool-registry.ts(139,17): error TS2339: Property 'persistenceReady' does not exist on type 'EnhancedMCPTools'.
src/coordination/swarm/core/mcp-tool-registry.ts(147,10): error TS2339: Property 'errorContext' does not exist on type 'EnhancedMCPTools'.
src/coordination/swarm/core/mcp-tool-registry.ts(148,10): error TS2339: Property 'errorContext' does not exist on type 'EnhancedMCPTools'.
src/coordination/swarm/core/mcp-tool-registry.ts(149,10): error TS2339: Property 'errorContext' does not exist on type 'EnhancedMCPTools'.
src/coordination/swarm/core/mcp-tool-registry.ts(150,10): error TS2339: Property 'errorContext' does not exist on type 'EnhancedMCPTools'.
src/coordination/swarm/core/mcp-tool-registry.ts(151,10): error TS2339: Property 'errorContext' does not exist on type 'EnhancedMCPTools'.
src/coordination/swarm/core/mcp-tool-registry.ts(151,59): error TS2339: Property 'activeSwarms' does not exist on type 'EnhancedMCPTools'.
src/coordination/swarm/core/mcp-tool-registry.ts(154,32): error TS2339: Property 'errorContext' does not exist on type 'EnhancedMCPTools'.
src/coordination/swarm/core/mcp-tool-registry.ts(167,21): error TS2339: Property 'errorContext' does not exist on type 'EnhancedMCPTools'.
src/coordination/swarm/core/mcp-tool-registry.ts(174,10): error TS2339: Property 'errorLog' does not exist on type 'EnhancedMCPTools'.
src/coordination/swarm/core/mcp-tool-registry.ts(175,14): error TS2339: Property 'errorLog' does not exist on type 'EnhancedMCPTools'.
src/coordination/swarm/core/mcp-tool-registry.ts(175,37): error TS2339: Property 'maxErrorLogSize' does not exist on type 'EnhancedMCPTools'.
src/coordination/swarm/core/mcp-tool-registry.ts(176,12): error TS2339: Property 'errorLog' does not exist on type 'EnhancedMCPTools'.
src/coordination/swarm/core/mcp-tool-registry.ts(181,12): error TS2339: Property 'logger' does not exist on type 'EnhancedMCPTools'.
src/coordination/swarm/core/mcp-tool-registry.ts(183,12): error TS2339: Property 'logger' does not exist on type 'EnhancedMCPTools'.
src/coordination/swarm/core/mcp-tool-registry.ts(185,12): error TS2339: Property 'logger' does not exist on type 'EnhancedMCPTools'.
src/coordination/swarm/core/mcp-tool-registry.ts(187,12): error TS2339: Property 'logger' does not exist on type 'EnhancedMCPTools'.
src/coordination/swarm/core/mcp-tool-registry.ts(191,10): error TS2339: Property 'errorContext' does not exist on type 'EnhancedMCPTools'.
src/coordination/swarm/core/mcp-tool-registry.ts(242,12): error TS2339: Property 'errorContext' does not exist on type 'EnhancedMCPTools'.
src/coordination/swarm/core/mcp-tool-registry.ts(243,12): error TS2339: Property 'errorContext' does not exist on type 'EnhancedMCPTools'.
src/coordination/swarm/core/mcp-tool-registry.ts(272,17): error TS2339: Property 'errorLog' does not exist on type 'EnhancedMCPTools'.
src/coordination/swarm/core/mcp-tool-registry.ts(280,19): error TS2339: Property 'errorLog' does not exist on type 'EnhancedMCPTools'.
src/coordination/swarm/core/mcp-tool-registry.ts(284,26): error TS2339: Property 'errorLog' does not exist on type 'EnhancedMCPTools'.
src/coordination/swarm/core/mcp-tool-registry.ts(287,28): error TS2339: Property 'errorLog' does not exist on type 'EnhancedMCPTools'.
src/coordination/swarm/core/mcp-tool-registry.ts(302,32): error TS2339: Property 'persistence' does not exist on type 'EnhancedMCPTools'.
src/coordination/swarm/core/mcp-tool-registry.ts(316,20): error TS2339: Property 'persistence' does not exist on type 'EnhancedMCPTools'.
src/coordination/swarm/core/mcp-tool-registry.ts(337,15): error TS2339: Property 'persistence' does not exist on type 'EnhancedMCPTools'.
src/coordination/swarm/core/mcp-tool-registry.ts(347,37): error TS2339: Property 'persistence' does not exist on type 'EnhancedMCPTools'.
src/coordination/swarm/core/mcp-tool-registry.ts(382,33): error TS2339: Property 'persistence' does not exist on type 'EnhancedMCPTools'.
src/coordination/swarm/core/mcp-tool-registry.ts(388,35): error TS2339: Property 'persistence' does not exist on type 'EnhancedMCPTools'.
src/coordination/swarm/core/mcp-tool-registry.ts(405,12): error TS2339: Property 'ruvSwarm' does not exist on type 'EnhancedMCPTools'.
src/coordination/swarm/core/mcp-tool-registry.ts(408,19): error TS2339: Property 'ruvSwarm' does not exist on type 'EnhancedMCPTools'.
src/coordination/swarm/core/mcp-tool-registry.ts(412,14): error TS2339: Property 'ruvSwarm' does not exist on type 'EnhancedMCPTools'.
src/coordination/swarm/core/mcp-tool-registry.ts(413,19): error TS2339: Property 'ruvSwarm' does not exist on type 'EnhancedMCPTools'.
src/coordination/swarm/core/mcp-tool-registry.ts(417,10): error TS2339: Property 'ruvSwarm' does not exist on type 'EnhancedMCPTools'.
src/coordination/swarm/core/mcp-tool-registry.ts(428,17): error TS2339: Property 'ruvSwarm' does not exist on type 'EnhancedMCPTools'.
src/coordination/swarm/core/mcp-tool-registry.ts(433,17): error TS2339: Property 'persistence' does not exist on type 'EnhancedMCPTools'.
src/coordination/swarm/core/mcp-tool-registry.ts(438,41): error TS2339: Property 'persistence' does not exist on type 'EnhancedMCPTools'.
src/coordination/swarm/core/mcp-tool-registry.ts(445,36): error TS2339: Property 'ruvSwarm' does not exist on type 'EnhancedMCPTools'.
src/coordination/swarm/core/mcp-tool-registry.ts(452,16): error TS2339: Property 'activeSwarms' does not exist on type 'EnhancedMCPTools'.
src/coordination/swarm/core/mcp-tool-registry.ts(455,31): error TS2339: Property 'persistence' does not exist on type 'EnhancedMCPTools'.
src/coordination/swarm/core/mcp-tool-registry.ts(475,38): error TS2339: Property 'activeSwarms' does not exist on type 'EnhancedMCPTools'.
src/coordination/swarm/core/mcp-tool-registry.ts(485,30): error TS2339: Property 'logger' does not exist on type 'EnhancedMCPTools'.
src/coordination/swarm/core/mcp-tool-registry.ts(488,12): error TS2339: Property 'logger' does not exist on type 'EnhancedMCPTools'.
src/coordination/swarm/core/mcp-tool-registry.ts(492,12): error TS2339: Property 'logger' does not exist on type 'EnhancedMCPTools'.
src/coordination/swarm/core/mcp-tool-registry.ts(495,12): error TS2339: Property 'errorContext' does not exist on type 'EnhancedMCPTools'.
src/coordination/swarm/core/mcp-tool-registry.ts(496,12): error TS2339: Property 'errorContext' does not exist on type 'EnhancedMCPTools'.
src/coordination/swarm/core/mcp-tool-registry.ts(499,17): error TS2339: Property 'ruvSwarm' does not exist on type 'EnhancedMCPTools'.
src/coordination/swarm/core/mcp-tool-registry.ts(501,16): error TS2339: Property 'logger' does not exist on type 'EnhancedMCPTools'.
src/coordination/swarm/core/mcp-tool-registry.ts(503,16): error TS2339: Property 'logger' does not exist on type 'EnhancedMCPTools'.
src/coordination/swarm/core/mcp-tool-registry.ts(505,16): error TS2339: Property 'logger' does not exist on type 'EnhancedMCPTools'.
src/coordination/swarm/core/mcp-tool-registry.ts(514,9): error TS2339: Property 'topology' does not exist on type '{}'.
src/coordination/swarm/core/mcp-tool-registry.ts(515,9): error TS2339: Property 'maxAgents' does not exist on type '{}'.
src/coordination/swarm/core/mcp-tool-registry.ts(516,9): error TS2339: Property 'strategy' does not exist on type '{}'.
src/coordination/swarm/core/mcp-tool-registry.ts(517,9): error TS2339: Property 'enableCognitiveDiversity' does not exist on type '{}'.
src/coordination/swarm/core/mcp-tool-registry.ts(518,9): error TS2339: Property 'enableNeuralAgents' does not exist on type '{}'.
src/coordination/swarm/core/mcp-tool-registry.ts(519,9): error TS2339: Property 'enableForecasting' does not exist on type '{}'.
src/coordination/swarm/core/mcp-tool-registry.ts(522,12): error TS2339: Property 'logger' does not exist on type 'EnhancedMCPTools'.
src/coordination/swarm/core/mcp-tool-registry.ts(530,32): error TS2339: Property 'ruvSwarm' does not exist on type 'EnhancedMCPTools'.
src/coordination/swarm/core/mcp-tool-registry.ts(539,12): error TS2339: Property 'logger' does not exist on type 'EnhancedMCPTools'.
src/coordination/swarm/core/mcp-tool-registry.ts(542,37): error TS2339: Property 'ruvSwarm' does not exist on type 'EnhancedMCPTools'.
src/coordination/swarm/core/mcp-tool-registry.ts(543,20): error TS2339: Property 'ruvSwarm' does not exist on type 'EnhancedMCPTools'.
src/coordination/swarm/core/mcp-tool-registry.ts(554,46): error TS2339: Property 'ruvSwarm' does not exist on type 'EnhancedMCPTools'.
src/coordination/swarm/core/mcp-tool-registry.ts(555,55): error TS2339: Property 'ruvSwarm' does not exist on type 'EnhancedMCPTools'.
src/coordination/swarm/core/mcp-tool-registry.ts(556,50): error TS2339: Property 'ruvSwarm' does not exist on type 'EnhancedMCPTools'.
src/coordination/swarm/core/mcp-tool-registry.ts(557,30): error TS2339: Property 'ruvSwarm' does not exist on type 'EnhancedMCPTools'.
src/coordination/swarm/core/mcp-tool-registry.ts(562,33): error TS2339: Property 'ruvSwarm' does not exist on type 'EnhancedMCPTools'.
src/coordination/swarm/core/mcp-tool-registry.ts(567,12): error TS2339: Property 'activeSwarms' does not exist on type 'EnhancedMCPTools'.
src/coordination/swarm/core/mcp-tool-registry.ts(568,12): error TS2339: Property 'logger' does not exist on type 'EnhancedMCPTools'.
src/coordination/swarm/core/mcp-tool-registry.ts(570,28): error TS2339: Property 'activeSwarms' does not exist on type 'EnhancedMCPTools'.
src/coordination/swarm/core/mcp-tool-registry.ts(575,14): error TS2339: Property 'persistence' does not exist on type 'EnhancedMCPTools'.
src/coordination/swarm/core/mcp-tool-registry.ts(583,14): error TS2339: Property 'logger' does not exist on type 'EnhancedMCPTools'.
src/coordination/swarm/core/mcp-tool-registry.ts(586,16): error TS2339: Property 'logger' does not exist on type 'EnhancedMCPTools'.
src/coordination/swarm/core/mcp-tool-registry.ts(589,16): error TS2339: Property 'logger' does not exist on type 'EnhancedMCPTools'.
src/coordination/swarm/core/mcp-tool-registry.ts(593,12): error TS2339: Property 'logger' does not exist on type 'EnhancedMCPTools'.
src/coordination/swarm/core/mcp-tool-registry.ts(598,12): error TS2339: Property 'logger' does not exist on type 'EnhancedMCPTools'.
src/coordination/swarm/core/mcp-tool-registry.ts(599,12): error TS2339: Property 'logger' does not exist on type 'EnhancedMCPTools'.
src/coordination/swarm/core/mcp-tool-registry.ts(638,31): error TS2339: Property 'logger' does not exist on type 'EnhancedMCPTools'.
src/coordination/swarm/core/mcp-tool-registry.ts(641,12): error TS2339: Property 'logger' does not exist on type 'EnhancedMCPTools'.
src/coordination/swarm/core/mcp-tool-registry.ts(645,12): error TS2339: Property 'logger' does not exist on type 'EnhancedMCPTools'.
src/coordination/swarm/core/mcp-tool-registry.ts(648,12): error TS2339: Property 'errorContext' does not exist on type 'EnhancedMCPTools'.
src/coordination/swarm/core/mcp-tool-registry.ts(649,12): error TS2339: Property 'errorContext' does not exist on type 'EnhancedMCPTools'.
src/coordination/swarm/core/mcp-tool-registry.ts(651,15): error TS2339: Property 'type' does not exist on type '{}'.
src/coordination/swarm/core/mcp-tool-registry.ts(651,21): error TS2339: Property 'name' does not exist on type '{}'.
src/coordination/swarm/core/mcp-tool-registry.ts(651,27): error TS2339: Property 'capabilities' does not exist on type '{}'.
src/coordination/swarm/core/mcp-tool-registry.ts(651,41): error TS2339: Property 'swarmId' does not exist on type '{}'.
src/coordination/swarm/core/mcp-tool-registry.ts(655,16): error TS2339: Property 'activeSwarms' does not exist on type 'EnhancedMCPTools'.
src/coordination/swarm/core/mcp-tool-registry.ts(656,16): error TS2339: Property 'activeSwarms' does not exist on type 'EnhancedMCPTools'.
src/coordination/swarm/core/mcp-tool-registry.ts(711,20): error TS2339: Property 'persistence' does not exist on type 'EnhancedMCPTools'.
src/coordination/swarm/core/mcp-tool-registry.ts(721,16): error TS2339: Property 'logger' does not exist on type 'EnhancedMCPTools'.
src/coordination/swarm/core/mcp-tool-registry.ts(728,24): error TS2339: Property 'persistence' does not exist on type 'EnhancedMCPTools'.
src/coordination/swarm/core/mcp-tool-registry.ts(737,18): error TS2339: Property 'logger' does not exist on type 'EnhancedMCPTools'.
src/coordination/swarm/core/mcp-tool-registry.ts(743,16): error TS2339: Property 'logger' does not exist on type 'EnhancedMCPTools'.
src/coordination/swarm/core/mcp-tool-registry.ts(800,12): error TS2339: Property 'errorContext' does not exist on type 'EnhancedMCPTools'.
src/coordination/swarm/core/mcp-tool-registry.ts(801,12): error TS2339: Property 'errorContext' does not exist on type 'EnhancedMCPTools'.
src/coordination/swarm/core/mcp-tool-registry.ts(804,9): error TS2339: Property 'task' does not exist on type '{}'.
src/coordination/swarm/core/mcp-tool-registry.ts(805,9): error TS2339: Property 'priority' does not exist on type '{}'.
src/coordination/swarm/core/mcp-tool-registry.ts(806,9): error TS2339: Property 'strategy' does not exist on type '{}'.
src/coordination/swarm/core/mcp-tool-registry.ts(807,9): error TS2339: Property 'maxAgents' does not exist on type '{}'.
src/coordination/swarm/core/mcp-tool-registry.ts(808,9): error TS2339: Property 'swarmId' does not exist on type '{}'.
src/coordination/swarm/core/mcp-tool-registry.ts(809,9): error TS2339: Property 'requiredCapabilities' does not exist on type '{}'.
src/coordination/swarm/core/mcp-tool-registry.ts(810,9): error TS2339: Property 'estimatedDuration' does not exist on type '{}'.
src/coordination/swarm/core/mcp-tool-registry.ts(814,16): error TS2339: Property 'activeSwarms' does not exist on type 'EnhancedMCPTools'.
src/coordination/swarm/core/mcp-tool-registry.ts(815,16): error TS2339: Property 'activeSwarms' does not exist on type 'EnhancedMCPTools'.
src/coordination/swarm/core/mcp-tool-registry.ts(831,20): error TS2339: Property 'persistence' does not exist on type 'EnhancedMCPTools'.
src/coordination/swarm/core/mcp-tool-registry.ts(846,14): error TS2339: Property 'logger' does not exist on type 'EnhancedMCPTools'.
src/coordination/swarm/core/mcp-tool-registry.ts(862,76): error TS2339: Property 'status' does not exist on type 'unknown'.
src/coordination/swarm/core/mcp-tool-registry.ts(933,28): error TS2339: Property 'activeSwarms' does not exist on type 'EnhancedMCPTools'.
src/coordination/swarm/core/mcp-tool-registry.ts(940,33): error TS2339: Property 'ruvSwarm' does not exist on type 'EnhancedMCPTools'.
src/coordination/swarm/core/mcp-tool-registry.ts(941,32): error TS2339: Property 'ruvSwarm' does not exist on type 'EnhancedMCPTools'.
src/coordination/swarm/core/mcp-tool-registry.ts(942,26): error TS2339: Property 'ruvSwarm' does not exist on type 'EnhancedMCPTools'.
src/coordination/swarm/core/mcp-tool-registry.ts(949,40): error TS2339: Property 'ruvSwarm' does not exist on type 'EnhancedMCPTools'.
src/coordination/swarm/core/mcp-tool-registry.ts(950,36): error TS2339: Property 'ruvSwarm' does not exist on type 'EnhancedMCPTools'.
src/coordination/swarm/core/mcp-tool-registry.ts(957,26): error TS2339: Property 'ruvSwarm' does not exist on type 'EnhancedMCPTools'.
src/coordination/swarm/core/mcp-tool-registry.ts(958,30): error TS2339: Property 'ruvSwarm' does not exist on type 'EnhancedMCPTools'.
src/coordination/swarm/core/mcp-tool-registry.ts(959,49): error TS2339: Property 'toolMetrics' does not exist on type 'EnhancedMCPTools'.
src/coordination/swarm/core/mcp-tool-registry.ts(981,34): error TS2339: Property 'activeSwarms' does not exist on type 'EnhancedMCPTools'.
src/coordination/swarm/core/mcp-tool-registry.ts(997,32): error TS2339: Property 'activeSwarms' does not exist on type 'EnhancedMCPTools'.
src/coordination/swarm/core/mcp-tool-registry.ts(1037,23): error TS2339: Property 'persistence' does not exist on type 'EnhancedMCPTools'.
src/coordination/swarm/core/mcp-tool-registry.ts(1037,51): error TS2339: Property 'persistence' does not exist on type 'EnhancedMCPTools'.
src/coordination/swarm/core/mcp-tool-registry.ts(1062,32): error TS2339: Property 'activeSwarms' does not exist on type 'EnhancedMCPTools'.
src/coordination/swarm/core/mcp-tool-registry.ts(1090,18): error TS2339: Property 'persistence' does not exist on type 'EnhancedMCPTools'.
src/coordination/swarm/core/mcp-tool-registry.ts(1091,41): error TS2339: Property 'persistence' does not exist on type 'EnhancedMCPTools'.
src/coordination/swarm/core/mcp-tool-registry.ts(1157,17): error TS2339: Property 'agent_results' does not exist on type '{ task_id: string; task_description: any; status: any; priority: any; swarm_id: any; assigned_agents: any; created_at: any; completed_at: any; execution_time_ms: any; execution_summary: { status: any; ... 6 more ...; result_entries: number; }; final_result: any; error_details: { ...; }; }'.
src/coordination/swarm/core/mcp-tool-registry.ts(1175,38): error TS2339: Property 'agent_results' does not exist on type '{ task_id: string; task_description: any; status: any; priority: any; swarm_id: any; assigned_agents: any; created_at: any; completed_at: any; execution_time_ms: any; execution_summary: { status: any; ... 6 more ...; result_entries: number; }; final_result: any; error_details: { ...; }; }'.
src/coordination/swarm/core/mcp-tool-registry.ts(1176,17): error TS2339: Property 'aggregated_performance' does not exist on type '{ task_id: string; task_description: any; status: any; priority: any; swarm_id: any; assigned_agents: any; created_at: any; completed_at: any; execution_time_ms: any; execution_summary: { status: any; ... 6 more ...; result_entries: number; }; final_result: any; error_details: { ...; }; }'.
src/coordination/swarm/core/mcp-tool-registry.ts(1213,38): error TS2339: Property 'aggregated_performance' does not exist on type '{ task_id: string; task_description: any; status: any; priority: any; swarm_id: any; assigned_agents: any; created_at: any; completed_at: any; execution_time_ms: any; execution_summary: { status: any; ... 6 more ...; result_entries: number; }; final_result: any; error_details: { ...; }; }'.
src/coordination/swarm/core/mcp-tool-registry.ts(1215,37): error TS2339: Property 'aggregated_performance' does not exist on type '{ task_id: string; task_description: any; status: any; priority: any; swarm_id: any; assigned_agents: any; created_at: any; completed_at: any; execution_time_ms: any; execution_summary: { status: any; ... 6 more ...; result_entries: number; }; final_result: any; error_details: { ...; }; }'.
src/coordination/swarm/core/mcp-tool-registry.ts(1297,28): error TS2339: Property 'activeSwarms' does not exist on type 'EnhancedMCPTools'.
src/coordination/swarm/core/mcp-tool-registry.ts(1304,34): error TS2339: Property 'activeSwarms' does not exist on type 'EnhancedMCPTools'.
src/coordination/swarm/core/mcp-tool-registry.ts(1363,20): error TS2339: Property 'wasm' does not exist on type '{}'.
src/coordination/swarm/core/mcp-tool-registry.ts(1367,45): error TS2339: Property 'ruvSwarm' does not exist on type 'EnhancedMCPTools'.
src/coordination/swarm/core/mcp-tool-registry.ts(1368,22): error TS2339: Property 'neural' does not exist on type '{}'.
src/coordination/swarm/core/mcp-tool-registry.ts(1376,24): error TS2339: Property 'swarm' does not exist on type '{}'.
src/coordination/swarm/core/mcp-tool-registry.ts(1377,66): error TS2339: Property 'swarm' does not exist on type '{}'.
src/coordination/swarm/core/mcp-tool-registry.ts(1380,24): error TS2339: Property 'swarm' does not exist on type '{}'.
src/coordination/swarm/core/mcp-tool-registry.ts(1391,20): error TS2339: Property 'agent' does not exist on type '{}'.
src/coordination/swarm/core/mcp-tool-registry.ts(1395,20): error TS2339: Property 'task' does not exist on type '{}'.
src/coordination/swarm/core/mcp-tool-registry.ts(1403,26): error TS2339: Property 'ruvSwarm' does not exist on type 'EnhancedMCPTools'.
src/coordination/swarm/core/mcp-tool-registry.ts(1404,33): error TS2339: Property 'ruvSwarm' does not exist on type 'EnhancedMCPTools'.
src/coordination/swarm/core/mcp-tool-registry.ts(1433,32): error TS2339: Property 'ruvSwarm' does not exist on type 'EnhancedMCPTools'.
src/coordination/swarm/core/mcp-tool-registry.ts(1434,33): error TS2339: Property 'ruvSwarm' does not exist on type 'EnhancedMCPTools'.
src/coordination/swarm/core/mcp-tool-registry.ts(1435,30): error TS2339: Property 'ruvSwarm' does not exist on type 'EnhancedMCPTools'.
src/coordination/swarm/core/mcp-tool-registry.ts(1437,25): error TS2339: Property 'ruvSwarm' does not exist on type 'EnhancedMCPTools'.
src/coordination/swarm/core/mcp-tool-registry.ts(1439,27): error TS2339: Property 'ruvSwarm' does not exist on type 'EnhancedMCPTools'.
src/coordination/swarm/core/mcp-tool-registry.ts(1440,38): error TS2339: Property 'ruvSwarm' does not exist on type 'EnhancedMCPTools'.
src/coordination/swarm/core/mcp-tool-registry.ts(1441,37): error TS2339: Property 'ruvSwarm' does not exist on type 'EnhancedMCPTools'.
src/coordination/swarm/core/mcp-tool-registry.ts(1442,37): error TS2339: Property 'ruvSwarm' does not exist on type 'EnhancedMCPTools'.
src/coordination/swarm/core/mcp-tool-registry.ts(1445,27): error TS2339: Property 'ruvSwarm' does not exist on type 'EnhancedMCPTools'.
src/coordination/swarm/core/mcp-tool-registry.ts(1446,34): error TS2339: Property 'ruvSwarm' does not exist on type 'EnhancedMCPTools'.
src/coordination/swarm/core/mcp-tool-registry.ts(1447,34): error TS2339: Property 'ruvSwarm' does not exist on type 'EnhancedMCPTools'.
src/coordination/swarm/core/mcp-tool-registry.ts(1450,27): error TS2339: Property 'ruvSwarm' does not exist on type 'EnhancedMCPTools'.
src/coordination/swarm/core/mcp-tool-registry.ts(1451,36): error TS2339: Property 'ruvSwarm' does not exist on type 'EnhancedMCPTools'.
src/coordination/swarm/core/mcp-tool-registry.ts(1452,38): error TS2339: Property 'ruvSwarm' does not exist on type 'EnhancedMCPTools'.
src/coordination/swarm/core/mcp-tool-registry.ts(1479,31): error TS2339: Property 'ruvSwarm' does not exist on type 'EnhancedMCPTools'.
src/coordination/swarm/core/mcp-tool-registry.ts(1491,20): error TS2339: Property 'persistence' does not exist on type 'EnhancedMCPTools'.
src/coordination/swarm/core/mcp-tool-registry.ts(1492,20): error TS2339: Property 'persistence' does not exist on type 'EnhancedMCPTools'.
src/coordination/swarm/core/mcp-tool-registry.ts(1493,20): error TS2339: Property 'persistence' does not exist on type 'EnhancedMCPTools'.
src/coordination/swarm/core/mcp-tool-registry.ts(1499,20): error TS2339: Property 'persistence' does not exist on type 'EnhancedMCPTools'.
src/coordination/swarm/core/mcp-tool-registry.ts(1508,22): error TS2339: Property 'persistence' does not exist on type 'EnhancedMCPTools'.
src/coordination/swarm/core/mcp-tool-registry.ts(1514,22): error TS2339: Property 'persistence' does not exist on type 'EnhancedMCPTools'.
src/coordination/swarm/core/mcp-tool-registry.ts(1520,22): error TS2339: Property 'persistence' does not exist on type 'EnhancedMCPTools'.
src/coordination/swarm/core/mcp-tool-registry.ts(1528,14): error TS2339: Property 'logger' does not exist on type 'EnhancedMCPTools'.
src/coordination/swarm/core/mcp-tool-registry.ts(1533,14): error TS2339: Property 'logger' does not exist on type 'EnhancedMCPTools'.
src/coordination/swarm/core/mcp-tool-registry.ts(1552,35): error TS2339: Property 'ruvSwarm' does not exist on type 'EnhancedMCPTools'.
src/coordination/swarm/core/mcp-tool-registry.ts(1554,22): error TS2339: Property 'loaded' does not exist on type 'unknown'.
src/coordination/swarm/core/mcp-tool-registry.ts(1556,31): error TS2339: Property 'size' does not exist on type 'unknown'.
src/coordination/swarm/core/mcp-tool-registry.ts(1557,30): error TS2339: Property 'loaded' does not exist on type 'unknown'.
src/coordination/swarm/core/mcp-tool-registry.ts(1571,34): error TS2339: Property 'activeSwarms' does not exist on type 'EnhancedMCPTools'.
src/coordination/swarm/core/mcp-tool-registry.ts(1605,17): error TS2339: Property 'ruvSwarm' does not exist on type 'EnhancedMCPTools'.
src/coordination/swarm/core/mcp-tool-registry.ts(1617,33): error TS2339: Property 'ruvSwarm' does not exist on type 'EnhancedMCPTools'.
src/coordination/swarm/core/mcp-tool-registry.ts(1623,34): error TS2339: Property 'activeSwarms' does not exist on type 'EnhancedMCPTools'.
src/coordination/swarm/core/mcp-tool-registry.ts(1626,20): error TS2339: Property 'agent_network' does not exist on type '{ available: boolean; activation_functions: number; training_algorithms: number; cascade_correlation: boolean; simd_acceleration: any; memory_usage_mb: number; }'.
src/coordination/swarm/core/mcp-tool-registry.ts(1736,17): error TS2339: Property 'ruvSwarm' does not exist on type 'EnhancedMCPTools'.
src/coordination/swarm/core/mcp-tool-registry.ts(1742,32): error TS2339: Property 'activeSwarms' does not exist on type 'EnhancedMCPTools'.
src/coordination/swarm/core/mcp-tool-registry.ts(1756,31): error TS2339: Property 'persistence' does not exist on type 'EnhancedMCPTools'.
src/coordination/swarm/core/mcp-tool-registry.ts(1765,34): error TS2339: Property 'persistence' does not exist on type 'EnhancedMCPTools'.
src/coordination/swarm/core/mcp-tool-registry.ts(1804,18): error TS2339: Property 'ruvSwarm' does not exist on type 'EnhancedMCPTools'.
src/coordination/swarm/core/mcp-tool-registry.ts(1806,18): error TS2339: Property 'ruvSwarm' does not exist on type 'EnhancedMCPTools'.
src/coordination/swarm/core/mcp-tool-registry.ts(1831,20): error TS2339: Property 'persistence' does not exist on type 'EnhancedMCPTools'.
src/coordination/swarm/core/mcp-tool-registry.ts(1839,20): error TS2339: Property 'ruvSwarm' does not exist on type 'EnhancedMCPTools'.
src/coordination/swarm/core/mcp-tool-registry.ts(1846,14): error TS2339: Property 'logger' does not exist on type 'EnhancedMCPTools'.
src/coordination/swarm/core/mcp-tool-registry.ts(1853,14): error TS2339: Property 'logger' does not exist on type 'EnhancedMCPTools'.
src/coordination/swarm/core/mcp-tool-registry.ts(1863,20): error TS2339: Property 'persistence' does not exist on type 'EnhancedMCPTools'.
src/coordination/swarm/core/mcp-tool-registry.ts(1864,20): error TS2339: Property 'persistence' does not exist on type 'EnhancedMCPTools'.
src/coordination/swarm/core/mcp-tool-registry.ts(1870,20): error TS2339: Property 'persistence' does not exist on type 'EnhancedMCPTools'.
src/coordination/swarm/core/mcp-tool-registry.ts(1876,20): error TS2339: Property 'persistence' does not exist on type 'EnhancedMCPTools'.
src/coordination/swarm/core/mcp-tool-registry.ts(1883,14): error TS2339: Property 'logger' does not exist on type 'EnhancedMCPTools'.
src/coordination/swarm/core/mcp-tool-registry.ts(1892,14): error TS2339: Property 'logger' does not exist on type 'EnhancedMCPTools'.
src/coordination/swarm/core/mcp-tool-registry.ts(1924,18): error TS2339: Property 'code' does not exist on type 'Error'.
src/coordination/swarm/core/mcp-tool-registry.ts(1924,31): error TS2339: Property 'code' does not exist on type 'ValidationError'.
src/coordination/swarm/core/mcp-tool-registry.ts(1925,18): error TS2339: Property 'data' does not exist on type 'Error'.
src/coordination/swarm/core/mcp-tool-registry.ts(1925,44): error TS2339: Property 'context' does not exist on type 'ValidationError'.
src/coordination/swarm/core/mcp-tool-registry.ts(1968,9): error TS2739: Type '{ [x: number]: any; }' is missing the following properties from type '{ convergent: { description: string; strengths: string[]; best_for: string[]; }; divergent: { description: string; strengths: string[]; best_for: string[]; }; lateral: { description: string; strengths: string[]; best_for: string[]; }; systems: { ...; }; critical: { ...; }; }': convergent, divergent, lateral, systems, critical
src/coordination/swarm/core/mcp-tool-registry.ts(1995,39): error TS2339: Property 'ruvSwarm' does not exist on type 'EnhancedMCPTools'.
src/coordination/swarm/core/mcp-tool-registry.ts(2039,13): error TS2339: Property 'module_loading' does not exist on type '{}'.
src/coordination/swarm/core/mcp-tool-registry.ts(2045,13): error TS2339: Property 'neural_networks' does not exist on type '{}'.
src/coordination/swarm/core/mcp-tool-registry.ts(2056,13): error TS2339: Property 'forecasting' does not exist on type '{}'.
src/coordination/swarm/core/mcp-tool-registry.ts(2067,13): error TS2339: Property 'swarm_operations' does not exist on type '{}'.
src/coordination/swarm/core/mcp-tool-registry.ts(2079,13): error TS2339: Property 'overall' does not exist on type '{}'.
src/coordination/swarm/core/mcp-tool-registry.ts(2180,14): error TS2339: Property 'activeSwarms' does not exist on type 'EnhancedMCPTools'.
src/coordination/swarm/core/mcp-tool-registry.ts(2219,14): error TS2339: Property 'activeSwarms' does not exist on type 'EnhancedMCPTools'.
src/coordination/swarm/core/mcp-tool-registry.ts(2313,21): error TS2339: Property 'result' does not exist on type '{ input: string; context: number[]; requirements: string[]; }'.
src/coordination/swarm/core/mcp-tool-registry.ts(2593,34): error TS2339: Property 'activeSwarms' does not exist on type 'EnhancedMCPTools'.
src/coordination/swarm/core/mcp-tool-registry.ts(2604,28): error TS2339: Property 'activeSwarms' does not exist on type 'EnhancedMCPTools'.
src/coordination/swarm/core/mcp-tool-registry.ts(2611,34): error TS2339: Property 'activeSwarms' does not exist on type 'EnhancedMCPTools'.
src/coordination/swarm/core/mcp-tool-registry.ts(2620,32): error TS2339: Property 'persistence' does not exist on type 'EnhancedMCPTools'.
src/coordination/swarm/core/mcp-tool-registry.ts(2623,37): error TS2339: Property 'persistence' does not exist on type 'EnhancedMCPTools'.
src/coordination/swarm/core/mcp-tool-registry.ts(2719,17): error TS2339: Property 'activeSwarms' does not exist on type 'EnhancedMCPTools'.
src/coordination/swarm/core/mcp-tool-registry.ts(2720,27): error TS2339: Property 'activeSwarms' does not exist on type 'EnhancedMCPTools'.
src/coordination/swarm/core/mcp-tool-registry.ts(2749,28): error TS2339: Property 'agents' does not exist on type '{ swarm_id: any; swarm_name: any; topology: any; status: any; health_score: number; resource_utilization: { cpu_usage_percent: number; memory_usage_mb: number; network_throughput_mbps: number; active_connections: number; }; coordination_metrics: { ...; }; }'.
src/coordination/swarm/core/mcp-tool-registry.ts(2751,44): error TS2339: Property 'status' does not exist on type 'unknown'.
src/coordination/swarm/core/mcp-tool-registry.ts(2751,69): error TS2339: Property 'status' does not exist on type 'unknown'.
src/coordination/swarm/core/mcp-tool-registry.ts(2752,42): error TS2339: Property 'status' does not exist on type 'unknown'.
src/coordination/swarm/core/mcp-tool-registry.ts(2753,43): error TS2339: Property 'status' does not exist on type 'unknown'.
src/coordination/swarm/core/mcp-tool-registry.ts(2755,25): error TS2339: Property 'id' does not exist on type 'unknown'.
src/coordination/swarm/core/mcp-tool-registry.ts(2756,27): error TS2339: Property 'name' does not exist on type 'unknown'.
src/coordination/swarm/core/mcp-tool-registry.ts(2757,27): error TS2339: Property 'type' does not exist on type 'unknown'.
src/coordination/swarm/core/mcp-tool-registry.ts(2758,29): error TS2339: Property 'status' does not exist on type 'unknown'.
src/coordination/swarm/core/mcp-tool-registry.ts(2759,35): error TS2339: Property 'currentTask' does not exist on type 'unknown'.
src/coordination/swarm/core/mcp-tool-registry.ts(2760,40): error TS2339: Property 'cognitivePattern' does not exist on type 'unknown'.
src/coordination/swarm/core/mcp-tool-registry.ts(2769,28): error TS2339: Property 'tasks' does not exist on type '{ swarm_id: any; swarm_name: any; topology: any; status: any; health_score: number; resource_utilization: { cpu_usage_percent: number; memory_usage_mb: number; network_throughput_mbps: number; active_connections: number; }; coordination_metrics: { ...; }; }'.
src/coordination/swarm/core/mcp-tool-registry.ts(2771,44): error TS2339: Property 'status' does not exist on type 'unknown'.
src/coordination/swarm/core/mcp-tool-registry.ts(2772,44): error TS2339: Property 'status' does not exist on type 'unknown'.
src/coordination/swarm/core/mcp-tool-registry.ts(2773,46): error TS2339: Property 'status' does not exist on type 'unknown'.
src/coordination/swarm/core/mcp-tool-registry.ts(2774,43): error TS2339: Property 'status' does not exist on type 'unknown'.
src/coordination/swarm/core/mcp-tool-registry.ts(2775,47): error TS2339: Property 'status' does not exist on type 'unknown'.
src/coordination/swarm/core/mcp-tool-registry.ts(2778,19): error TS2362: The left-hand side of an arithmetic operation must be of type 'any', 'number', 'bigint' or an enum type.
src/coordination/swarm/core/mcp-tool-registry.ts(2778,53): error TS2339: Property 'executionTime' does not exist on type 'unknown'.
src/coordination/swarm/core/mcp-tool-registry.ts(2785,37): error TS2339: Property 'persistence' does not exist on type 'EnhancedMCPTools'.
src/coordination/swarm/core/mcp-tool-registry.ts(2786,28): error TS2339: Property 'recent_events' does not exist on type '{ swarm_id: any; swarm_name: any; topology: any; status: any; health_score: number; resource_utilization: { cpu_usage_percent: number; memory_usage_mb: number; network_throughput_mbps: number; active_connections: number; }; coordination_metrics: { ...; }; }'.
src/coordination/swarm/core/mcp-tool-registry.ts(2793,28): error TS2339: Property 'performance_trends' does not exist on type '{ swarm_id: any; swarm_name: any; topology: any; status: any; health_score: number; resource_utilization: { cpu_usage_percent: number; memory_usage_mb: number; network_throughput_mbps: number; active_connections: number; }; coordination_metrics: { ...; }; }'.
src/coordination/swarm/core/mcp-tool-registry.ts(2802,14): error TS2339: Property 'persistence' does not exist on type 'EnhancedMCPTools'.
src/coordination/swarm/core/mcp-tool-registry.ts(2805,43): error TS2339: Property 'agents' does not exist on type '{ swarm_id: any; swarm_name: any; topology: any; status: any; health_score: number; resource_utilization: { cpu_usage_percent: number; memory_usage_mb: number; network_throughput_mbps: number; active_connections: number; }; coordination_metrics: { ...; }; }'.
src/coordination/swarm/core/mcp-tool-registry.ts(2806,42): error TS2339: Property 'tasks' does not exist on type '{ swarm_id: any; swarm_name: any; topology: any; status: any; health_score: number; resource_utilization: { cpu_usage_percent: number; memory_usage_mb: number; network_throughput_mbps: number; active_connections: number; }; coordination_metrics: { ...; }; }'.
src/coordination/swarm/core/mcp-tool-registry.ts(2813,22): error TS2339: Property 'system_metrics' does not exist on type '{ timestamp: string; monitoring_session_id: string; swarms: any[]; }'.
src/coordination/swarm/core/mcp-tool-registry.ts(2814,28): error TS2339: Property 'activeSwarms' does not exist on type 'EnhancedMCPTools'.
src/coordination/swarm/core/mcp-tool-registry.ts(2815,39): error TS2339: Property 'activeSwarms' does not exist on type 'EnhancedMCPTools'.
src/coordination/swarm/core/mcp-tool-registry.ts(2816,39): error TS2339: Property 'agents' does not exist on type 'unknown'.
src/coordination/swarm/core/mcp-tool-registry.ts(2819,36): error TS2339: Property 'ruvSwarm' does not exist on type 'EnhancedMCPTools'.
src/coordination/swarm/core/mcp-tool-registry.ts(2820,46): error TS2339: Property 'systemStartTime' does not exist on type 'EnhancedMCPTools'.
src/coordination/swarm/core/mcp-tool-registry.ts(2821,46): error TS2339: Property 'ruvSwarm' does not exist on type 'EnhancedMCPTools'.
src/coordination/swarm/core/mcp-tool-registry.ts(2822,23): error TS2339: Property 'ruvSwarm' does not exist on type 'EnhancedMCPTools'.
src/coordination/swarm/core/mcp-tool-registry.ts(2828,24): error TS2339: Property 'real_time_session' does not exist on type '{ timestamp: string; monitoring_session_id: string; swarms: any[]; }'.
src/coordination/swarm/core/mcp-tool-registry.ts(2849,15): error TS2339: Property 'toolMetrics' does not exist on type 'EnhancedMCPTools'.
src/coordination/swarm/core/mcp-tool-registry.ts(2850,12): error TS2339: Property 'toolMetrics' does not exist on type 'EnhancedMCPTools'.
src/coordination/swarm/core/mcp-tool-registry.ts(2859,26): error TS2339: Property 'toolMetrics' does not exist on type 'EnhancedMCPTools'.
src/coordination/swarm/core/mcp-tool-registry.ts(2881,17): error TS2339: Property 'persistence' does not exist on type 'EnhancedMCPTools'.
src/coordination/swarm/core/mcp-tool-registry.ts(2881,38): error TS2339: Property 'persistence' does not exist on type 'EnhancedMCPTools'.
src/coordination/swarm/core/mcp-tool-registry.ts(2889,30): error TS2339: Property 'persistence' does not exist on type 'EnhancedMCPTools'.
src/coordination/swarm/core/mcp-tool-registry.ts(2890,30): error TS2339: Property 'persistence' does not exist on type 'EnhancedMCPTools'.
src/coordination/swarm/core/mcp-tool-registry.ts(2924,17): error TS2339: Property 'persistence' does not exist on type 'EnhancedMCPTools'.
src/coordination/swarm/core/mcp-tool-registry.ts(2924,38): error TS2339: Property 'persistence' does not exist on type 'EnhancedMCPTools'.
src/coordination/swarm/core/mcp-tool-registry.ts(2931,30): error TS2339: Property 'persistence' does not exist on type 'EnhancedMCPTools'.
src/coordination/swarm/core/mcp-tool-registry.ts(2932,37): error TS2339: Property 'persistence' does not exist on type 'EnhancedMCPTools'.
src/coordination/swarm/core/mcp-tool-registry.ts(2963,25): error TS2339: Property 'persistence' does not exist on type 'EnhancedMCPTools'.
src/coordination/swarm/core/mcp-tool-registry.ts(2984,17): error TS2339: Property 'persistence' does not exist on type 'EnhancedMCPTools'.
src/coordination/swarm/core/mcp-tool-registry.ts(2991,26): error TS2339: Property 'persistence' does not exist on type 'EnhancedMCPTools'.
src/coordination/swarm/core/mcp-tool-registry.ts(2992,30): error TS2339: Property 'persistence' does not exist on type 'EnhancedMCPTools'.
src/coordination/swarm/core/mcp-tool-registry.ts(2992,62): error TS2339: Property 'persistence' does not exist on type 'EnhancedMCPTools'.
src/coordination/swarm/core/mcp-tool-registry.ts(3014,25): error TS2339: Property 'persistence' does not exist on type 'EnhancedMCPTools'.
src/coordination/swarm/core/mcp-tool-registry.ts(3014,54): error TS2339: Property 'persistence' does not exist on type 'EnhancedMCPTools'.
src/coordination/swarm/core/mcp-tool-registry.ts(3058,27): error TS2339: Property 'daaTools' does not exist on type 'EnhancedMCPTools'.
src/coordination/swarm/core/monitoring-dashboard.ts(24,10): error TS2339: Property 'options' does not exist on type 'MonitoringDashboard'.
src/coordination/swarm/core/monitoring-dashboard.ts(25,39): error TS2339: Property 'metricsRetentionPeriod' does not exist on type '{}'.
src/coordination/swarm/core/monitoring-dashboard.ts(26,36): error TS2339: Property 'aggregationInterval' does not exist on type '{}'.
src/coordination/swarm/core/monitoring-dashboard.ts(27,40): error TS2339: Property 'enableRealTimeStreaming' does not exist on type '{}'.
src/coordination/swarm/core/monitoring-dashboard.ts(28,36): error TS2339: Property 'enableTrendAnalysis' does not exist on type '{}'.
src/coordination/swarm/core/monitoring-dashboard.ts(29,30): error TS2339: Property 'maxDataPoints' does not exist on type '{}'.
src/coordination/swarm/core/monitoring-dashboard.ts(30,30): error TS2339: Property 'exportFormats' does not exist on type '{}'.
src/coordination/swarm/core/monitoring-dashboard.ts(34,10): error TS2339: Property 'logger' does not exist on type 'MonitoringDashboard'.
src/coordination/swarm/core/monitoring-dashboard.ts(41,10): error TS2339: Property 'metrics' does not exist on type 'MonitoringDashboard'.
src/coordination/swarm/core/monitoring-dashboard.ts(42,10): error TS2551: Property 'aggregatedMetrics' does not exist on type 'MonitoringDashboard'. Did you mean 'aggregateMetrics'?
src/coordination/swarm/core/monitoring-dashboard.ts(43,10): error TS2339: Property 'alerts' does not exist on type 'MonitoringDashboard'.
src/coordination/swarm/core/monitoring-dashboard.ts(44,10): error TS2339: Property 'trends' does not exist on type 'MonitoringDashboard'.
src/coordination/swarm/core/monitoring-dashboard.ts(45,10): error TS2339: Property 'healthStatus' does not exist on type 'MonitoringDashboard'.
src/coordination/swarm/core/monitoring-dashboard.ts(48,10): error TS2551: Property 'streamingClients' does not exist on type 'MonitoringDashboard'. Did you mean 'addStreamingClient'?
src/coordination/swarm/core/monitoring-dashboard.ts(49,10): error TS2339: Property 'lastUpdate' does not exist on type 'MonitoringDashboard'.
src/coordination/swarm/core/monitoring-dashboard.ts(52,10): error TS2551: Property 'healthMonitor' does not exist on type 'MonitoringDashboard'. Did you mean 'setHealthMonitor'?
src/coordination/swarm/core/monitoring-dashboard.ts(53,10): error TS2551: Property 'recoveryWorkflows' does not exist on type 'MonitoringDashboard'. Did you mean 'setRecoveryWorkflows'?
src/coordination/swarm/core/monitoring-dashboard.ts(54,10): error TS2551: Property 'connectionManager' does not exist on type 'MonitoringDashboard'. Did you mean 'setConnectionManager'?
src/coordination/swarm/core/monitoring-dashboard.ts(55,10): error TS2339: Property 'mcpTools' does not exist on type 'MonitoringDashboard'.
src/coordination/swarm/core/monitoring-dashboard.ts(58,10): error TS2339: Property 'aggregationTimer' does not exist on type 'MonitoringDashboard'.
src/coordination/swarm/core/monitoring-dashboard.ts(68,12): error TS2339: Property 'logger' does not exist on type 'MonitoringDashboard'.
src/coordination/swarm/core/monitoring-dashboard.ts(76,12): error TS2339: Property 'logger' does not exist on type 'MonitoringDashboard'.
src/coordination/swarm/core/monitoring-dashboard.ts(87,12): error TS2339: Property 'logger' does not exist on type 'MonitoringDashboard'.
src/coordination/swarm/core/monitoring-dashboard.ts(96,10): error TS2551: Property 'healthMonitor' does not exist on type 'MonitoringDashboard'. Did you mean 'setHealthMonitor'?
src/coordination/swarm/core/monitoring-dashboard.ts(107,10): error TS2339: Property 'logger' does not exist on type 'MonitoringDashboard'.
src/coordination/swarm/core/monitoring-dashboard.ts(111,10): error TS2551: Property 'recoveryWorkflows' does not exist on type 'MonitoringDashboard'. Did you mean 'setRecoveryWorkflows'?
src/coordination/swarm/core/monitoring-dashboard.ts(126,10): error TS2339: Property 'logger' does not exist on type 'MonitoringDashboard'.
src/coordination/swarm/core/monitoring-dashboard.ts(130,10): error TS2551: Property 'connectionManager' does not exist on type 'MonitoringDashboard'. Did you mean 'setConnectionManager'?
src/coordination/swarm/core/monitoring-dashboard.ts(145,10): error TS2339: Property 'logger' does not exist on type 'MonitoringDashboard'.
src/coordination/swarm/core/monitoring-dashboard.ts(149,10): error TS2339: Property 'mcpTools' does not exist on type 'MonitoringDashboard'.
src/coordination/swarm/core/monitoring-dashboard.ts(150,10): error TS2339: Property 'logger' does not exist on type 'MonitoringDashboard'.
src/coordination/swarm/core/monitoring-dashboard.ts(173,10): error TS2339: Property 'healthStatus' does not exist on type 'MonitoringDashboard'.
src/coordination/swarm/core/monitoring-dashboard.ts(180,14): error TS2339: Property 'options' does not exist on type 'MonitoringDashboard'.
src/coordination/swarm/core/monitoring-dashboard.ts(203,10): error TS2339: Property 'alerts' does not exist on type 'MonitoringDashboard'.
src/coordination/swarm/core/monitoring-dashboard.ts(206,14): error TS2339: Property 'options' does not exist on type 'MonitoringDashboard'.
src/coordination/swarm/core/monitoring-dashboard.ts(231,14): error TS2339: Property 'options' does not exist on type 'MonitoringDashboard'.
src/coordination/swarm/core/monitoring-dashboard.ts(254,14): error TS2339: Property 'options' does not exist on type 'MonitoringDashboard'.
src/coordination/swarm/core/monitoring-dashboard.ts(263,15): error TS2339: Property 'metrics' does not exist on type 'MonitoringDashboard'.
src/coordination/swarm/core/monitoring-dashboard.ts(264,12): error TS2339: Property 'metrics' does not exist on type 'MonitoringDashboard'.
src/coordination/swarm/core/monitoring-dashboard.ts(267,26): error TS2339: Property 'metrics' does not exist on type 'MonitoringDashboard'.
src/coordination/swarm/core/monitoring-dashboard.ts(271,42): error TS2339: Property 'options' does not exist on type 'MonitoringDashboard'.
src/coordination/swarm/core/monitoring-dashboard.ts(274,20): error TS2339: Property 'options' does not exist on type 'MonitoringDashboard'.
src/coordination/swarm/core/monitoring-dashboard.ts(276,10): error TS2339: Property 'metrics' does not exist on type 'MonitoringDashboard'.
src/coordination/swarm/core/monitoring-dashboard.ts(283,10): error TS2339: Property 'aggregationTimer' does not exist on type 'MonitoringDashboard'.
src/coordination/swarm/core/monitoring-dashboard.ts(287,14): error TS2339: Property 'logger' does not exist on type 'MonitoringDashboard'.
src/coordination/swarm/core/monitoring-dashboard.ts(291,13): error TS2339: Property 'options' does not exist on type 'MonitoringDashboard'.
src/coordination/swarm/core/monitoring-dashboard.ts(293,10): error TS2339: Property 'logger' does not exist on type 'MonitoringDashboard'.
src/coordination/swarm/core/monitoring-dashboard.ts(316,10): error TS2551: Property 'aggregatedMetrics' does not exist on type 'MonitoringDashboard'. Did you mean 'aggregateMetrics'?
src/coordination/swarm/core/monitoring-dashboard.ts(319,42): error TS2339: Property 'options' does not exist on type 'MonitoringDashboard'.
src/coordination/swarm/core/monitoring-dashboard.ts(321,42): error TS2551: Property 'aggregatedMetrics' does not exist on type 'MonitoringDashboard'. Did you mean 'aggregateMetrics'?
src/coordination/swarm/core/monitoring-dashboard.ts(323,14): error TS2551: Property 'aggregatedMetrics' does not exist on type 'MonitoringDashboard'. Did you mean 'aggregateMetrics'?
src/coordination/swarm/core/monitoring-dashboard.ts(327,14): error TS2339: Property 'logger' does not exist on type 'MonitoringDashboard'.
src/coordination/swarm/core/monitoring-dashboard.ts(336,14): error TS2339: Property 'options' does not exist on type 'MonitoringDashboard'.
src/coordination/swarm/core/monitoring-dashboard.ts(341,14): error TS2339: Property 'options' does not exist on type 'MonitoringDashboard'.
src/coordination/swarm/core/monitoring-dashboard.ts(345,10): error TS2339: Property 'lastUpdate' does not exist on type 'MonitoringDashboard'.
src/coordination/swarm/core/monitoring-dashboard.ts(363,46): error TS2339: Property 'options' does not exist on type 'MonitoringDashboard'.
src/coordination/swarm/core/monitoring-dashboard.ts(365,39): error TS2339: Property 'metrics' does not exist on type 'MonitoringDashboard'.
src/coordination/swarm/core/monitoring-dashboard.ts(412,46): error TS2339: Property 'options' does not exist on type 'MonitoringDashboard'.
src/coordination/swarm/core/monitoring-dashboard.ts(414,39): error TS2339: Property 'metrics' does not exist on type 'MonitoringDashboard'.
src/coordination/swarm/core/monitoring-dashboard.ts(465,46): error TS2339: Property 'options' does not exist on type 'MonitoringDashboard'.
src/coordination/swarm/core/monitoring-dashboard.ts(467,39): error TS2339: Property 'metrics' does not exist on type 'MonitoringDashboard'.
src/coordination/swarm/core/monitoring-dashboard.ts(509,21): error TS2339: Property 'loadAverage' does not exist on type '{ memoryUsage: MemoryUsage; cpuUsage: CpuUsage; uptime: number; timestamp: any; }'.
src/coordination/swarm/core/monitoring-dashboard.ts(510,21): error TS2339: Property 'totalMemory' does not exist on type '{ memoryUsage: MemoryUsage; cpuUsage: CpuUsage; uptime: number; timestamp: any; }'.
src/coordination/swarm/core/monitoring-dashboard.ts(511,21): error TS2339: Property 'freeMemory' does not exist on type '{ memoryUsage: MemoryUsage; cpuUsage: CpuUsage; uptime: number; timestamp: any; }'.
src/coordination/swarm/core/monitoring-dashboard.ts(512,21): error TS2339: Property 'cpuCount' does not exist on type '{ memoryUsage: MemoryUsage; cpuUsage: CpuUsage; uptime: number; timestamp: any; }'.
src/coordination/swarm/core/monitoring-dashboard.ts(514,12): error TS2339: Property 'logger' does not exist on type 'MonitoringDashboard'.
src/coordination/swarm/core/monitoring-dashboard.ts(527,17): error TS2339: Property 'trends' does not exist on type 'MonitoringDashboard'.
src/coordination/swarm/core/monitoring-dashboard.ts(528,14): error TS2339: Property 'trends' does not exist on type 'MonitoringDashboard'.
src/coordination/swarm/core/monitoring-dashboard.ts(531,26): error TS2339: Property 'trends' does not exist on type 'MonitoringDashboard'.
src/coordination/swarm/core/monitoring-dashboard.ts(538,44): error TS2339: Property 'options' does not exist on type 'MonitoringDashboard'.
src/coordination/swarm/core/monitoring-dashboard.ts(539,12): error TS2339: Property 'trends' does not exist on type 'MonitoringDashboard'.
src/coordination/swarm/core/monitoring-dashboard.ts(556,13): error TS2339: Property 'options' does not exist on type 'MonitoringDashboard'.
src/coordination/swarm/core/monitoring-dashboard.ts(565,16): error TS2551: Property 'healthMonitor' does not exist on type 'MonitoringDashboard'. Did you mean 'setHealthMonitor'?
src/coordination/swarm/core/monitoring-dashboard.ts(566,33): error TS2551: Property 'healthMonitor' does not exist on type 'MonitoringDashboard'. Did you mean 'setHealthMonitor'?
src/coordination/swarm/core/monitoring-dashboard.ts(575,16): error TS2551: Property 'recoveryWorkflows' does not exist on type 'MonitoringDashboard'. Did you mean 'setRecoveryWorkflows'?
src/coordination/swarm/core/monitoring-dashboard.ts(576,35): error TS2551: Property 'recoveryWorkflows' does not exist on type 'MonitoringDashboard'. Did you mean 'setRecoveryWorkflows'?
src/coordination/swarm/core/monitoring-dashboard.ts(585,16): error TS2551: Property 'connectionManager' does not exist on type 'MonitoringDashboard'. Did you mean 'setConnectionManager'?
src/coordination/swarm/core/monitoring-dashboard.ts(586,37): error TS2551: Property 'connectionManager' does not exist on type 'MonitoringDashboard'. Did you mean 'setConnectionManager'?
src/coordination/swarm/core/monitoring-dashboard.ts(594,12): error TS2339: Property 'logger' does not exist on type 'MonitoringDashboard'.
src/coordination/swarm/core/monitoring-dashboard.ts(630,31): error TS2551: Property 'streamingClients' does not exist on type 'MonitoringDashboard'. Did you mean 'addStreamingClient'?
src/coordination/swarm/core/monitoring-dashboard.ts(637,14): error TS2339: Property 'logger' does not exist on type 'MonitoringDashboard'.
src/coordination/swarm/core/monitoring-dashboard.ts(640,14): error TS2551: Property 'streamingClients' does not exist on type 'MonitoringDashboard'. Did you mean 'addStreamingClient'?
src/coordination/swarm/core/monitoring-dashboard.ts(649,10): error TS2551: Property 'streamingClients' does not exist on type 'MonitoringDashboard'. Did you mean 'addStreamingClient'?
src/coordination/swarm/core/monitoring-dashboard.ts(662,12): error TS2339: Property 'logger' does not exist on type 'MonitoringDashboard'.
src/coordination/swarm/core/monitoring-dashboard.ts(669,12): error TS2551: Property 'streamingClients' does not exist on type 'MonitoringDashboard'. Did you mean 'addStreamingClient'?
src/coordination/swarm/core/monitoring-dashboard.ts(672,10): error TS2339: Property 'logger' does not exist on type 'MonitoringDashboard'.
src/coordination/swarm/core/monitoring-dashboard.ts(673,26): error TS2551: Property 'streamingClients' does not exist on type 'MonitoringDashboard'. Did you mean 'addStreamingClient'?
src/coordination/swarm/core/monitoring-dashboard.ts(683,24): error TS2339: Property 'lastUpdate' does not exist on type 'MonitoringDashboard'.
src/coordination/swarm/core/monitoring-dashboard.ts(708,37): error TS2339: Property 'options' does not exist on type 'MonitoringDashboard'.
src/coordination/swarm/core/monitoring-dashboard.ts(717,39): error TS2339: Property 'healthStatus' does not exist on type 'MonitoringDashboard'.
src/coordination/swarm/core/monitoring-dashboard.ts(724,12): error TS2339: Property 'logger' does not exist on type 'MonitoringDashboard'.
src/coordination/swarm/core/monitoring-dashboard.ts(733,36): error TS2339: Property 'alerts' does not exist on type 'MonitoringDashboard'.
src/coordination/swarm/core/monitoring-dashboard.ts(733,78): error TS2339: Property 'acknowledged' does not exist on type 'unknown'.
src/coordination/swarm/core/monitoring-dashboard.ts(736,14): error TS2551: Property 'recoveryWorkflows' does not exist on type 'MonitoringDashboard'. Did you mean 'setRecoveryWorkflows'?
src/coordination/swarm/core/monitoring-dashboard.ts(737,33): error TS2551: Property 'recoveryWorkflows' does not exist on type 'MonitoringDashboard'. Did you mean 'setRecoveryWorkflows'?
src/coordination/swarm/core/monitoring-dashboard.ts(742,14): error TS2551: Property 'connectionManager' does not exist on type 'MonitoringDashboard'. Did you mean 'setConnectionManager'?
src/coordination/swarm/core/monitoring-dashboard.ts(743,35): error TS2551: Property 'connectionManager' does not exist on type 'MonitoringDashboard'. Did you mean 'setConnectionManager'?
src/coordination/swarm/core/monitoring-dashboard.ts(754,24): error TS2339: Property 'lastUpdate' does not exist on type 'MonitoringDashboard'.
src/coordination/swarm/core/monitoring-dashboard.ts(763,46): error TS2339: Property 'healthStatus' does not exist on type 'MonitoringDashboard'.
src/coordination/swarm/core/monitoring-dashboard.ts(806,42): error TS2339: Property 'alerts' does not exist on type 'MonitoringDashboard'.
src/coordination/swarm/core/monitoring-dashboard.ts(808,45): error TS2339: Property 'timestamp' does not exist on type 'unknown'.
src/coordination/swarm/core/monitoring-dashboard.ts(809,32): error TS2339: Property 'options' does not exist on type 'MonitoringDashboard'.
src/coordination/swarm/core/monitoring-dashboard.ts(811,25): error TS2339: Property 'timestamp' does not exist on type 'unknown'.
src/coordination/swarm/core/monitoring-dashboard.ts(811,49): error TS2339: Property 'timestamp' does not exist on type 'unknown'.
src/coordination/swarm/core/monitoring-dashboard.ts(816,50): error TS2339: Property 'acknowledged' does not exist on type 'unknown'.
src/coordination/swarm/core/monitoring-dashboard.ts(817,53): error TS2339: Property 'acknowledged' does not exist on type 'unknown'.
src/coordination/swarm/core/monitoring-dashboard.ts(827,46): error TS2339: Property 'trends' does not exist on type 'MonitoringDashboard'.
src/coordination/swarm/core/monitoring-dashboard.ts(840,37): error TS2339: Property 'options' does not exist on type 'MonitoringDashboard'.
src/coordination/swarm/core/monitoring-dashboard.ts(842,39): error TS2339: Property 'metrics' does not exist on type 'MonitoringDashboard'.
src/coordination/swarm/core/monitoring-dashboard.ts(914,15): error TS2551: Property 'connectionManager' does not exist on type 'MonitoringDashboard'. Did you mean 'setConnectionManager'?
src/coordination/swarm/core/monitoring-dashboard.ts(916,33): error TS2551: Property 'connectionManager' does not exist on type 'MonitoringDashboard'. Did you mean 'setConnectionManager'?
src/coordination/swarm/core/monitoring-dashboard.ts(1022,24): error TS2339: Property 'alerts' does not exist on type 'MonitoringDashboard'.
src/coordination/swarm/core/monitoring-dashboard.ts(1031,10): error TS2339: Property 'logger' does not exist on type 'MonitoringDashboard'.
src/coordination/swarm/core/monitoring-dashboard.ts(1037,14): error TS2339: Property 'options' does not exist on type 'MonitoringDashboard'.
src/coordination/swarm/core/monitoring-dashboard.ts(1047,26): error TS2339: Property 'metrics' does not exist on type 'MonitoringDashboard'.
src/coordination/swarm/core/monitoring-dashboard.ts(1048,40): error TS2339: Property 'metrics' does not exist on type 'MonitoringDashboard'.
src/coordination/swarm/core/monitoring-dashboard.ts(1049,41): error TS2339: Property 'length' does not exist on type 'unknown'.
src/coordination/swarm/core/monitoring-dashboard.ts(1052,31): error TS2551: Property 'aggregatedMetrics' does not exist on type 'MonitoringDashboard'. Did you mean 'aggregateMetrics'?
src/coordination/swarm/core/monitoring-dashboard.ts(1053,26): error TS2339: Property 'alerts' does not exist on type 'MonitoringDashboard'.
src/coordination/swarm/core/monitoring-dashboard.ts(1054,30): error TS2551: Property 'streamingClients' does not exist on type 'MonitoringDashboard'. Did you mean 'addStreamingClient'?
src/coordination/swarm/core/monitoring-dashboard.ts(1055,25): error TS2339: Property 'trends' does not exist on type 'MonitoringDashboard'.
src/coordination/swarm/core/monitoring-dashboard.ts(1056,24): error TS2339: Property 'lastUpdate' does not exist on type 'MonitoringDashboard'.
src/coordination/swarm/core/monitoring-dashboard.ts(1057,29): error TS2339: Property 'options' does not exist on type 'MonitoringDashboard'.
src/coordination/swarm/core/monitoring-dashboard.ts(1058,33): error TS2339: Property 'options' does not exist on type 'MonitoringDashboard'.
src/coordination/swarm/core/monitoring-dashboard.ts(1066,10): error TS2339: Property 'logger' does not exist on type 'MonitoringDashboard'.
src/coordination/swarm/core/monitoring-dashboard.ts(1069,14): error TS2339: Property 'aggregationTimer' does not exist on type 'MonitoringDashboard'.
src/coordination/swarm/core/monitoring-dashboard.ts(1070,26): error TS2339: Property 'aggregationTimer' does not exist on type 'MonitoringDashboard'.
src/coordination/swarm/core/monitoring-dashboard.ts(1074,31): error TS2551: Property 'streamingClients' does not exist on type 'MonitoringDashboard'. Did you mean 'addStreamingClient'?
src/coordination/swarm/core/monitoring-dashboard.ts(1078,14): error TS2339: Property 'logger' does not exist on type 'MonitoringDashboard'.
src/coordination/swarm/core/monitoring-dashboard.ts(1083,10): error TS2551: Property 'streamingClients' does not exist on type 'MonitoringDashboard'. Did you mean 'addStreamingClient'?
src/coordination/swarm/core/monitoring-dashboard.ts(1086,10): error TS2339: Property 'metrics' does not exist on type 'MonitoringDashboard'.
src/coordination/swarm/core/monitoring-dashboard.ts(1087,10): error TS2551: Property 'aggregatedMetrics' does not exist on type 'MonitoringDashboard'. Did you mean 'aggregateMetrics'?
src/coordination/swarm/core/monitoring-dashboard.ts(1088,10): error TS2339: Property 'alerts' does not exist on type 'MonitoringDashboard'.
src/coordination/swarm/core/monitoring-dashboard.ts(1089,10): error TS2339: Property 'trends' does not exist on type 'MonitoringDashboard'.
src/coordination/swarm/core/monitoring-dashboard.ts(1090,10): error TS2339: Property 'healthStatus' does not exist on type 'MonitoringDashboard'.
src/coordination/swarm/core/native-hive-mind.ts(18,41): error TS2307: Cannot find module './unified-lance-persistence.js' or its corresponding type declarations.
src/coordination/swarm/core/native-hive-mind.ts(24,10): error TS2339: Property 'options' does not exist on type 'NativeHiveMind'.
src/coordination/swarm/core/native-hive-mind.ts(26,32): error TS2339: Property 'defaultTopology' does not exist on type '{}'.
src/coordination/swarm/core/native-hive-mind.ts(27,26): error TS2339: Property 'maxAgents' does not exist on type '{}'.
src/coordination/swarm/core/native-hive-mind.ts(30,37): error TS2339: Property 'enableSemanticMemory' does not exist on type '{}'.
src/coordination/swarm/core/native-hive-mind.ts(31,41): error TS2339: Property 'enableGraphRelationships' does not exist on type '{}'.
src/coordination/swarm/core/native-hive-mind.ts(32,37): error TS2339: Property 'enableNeuralLearning' does not exist on type '{}'.
src/coordination/swarm/core/native-hive-mind.ts(35,26): error TS2339: Property 'batchSize' does not exist on type '{}'.
src/coordination/swarm/core/native-hive-mind.ts(36,35): error TS2339: Property 'parallelOperations' does not exist on type '{}'.
src/coordination/swarm/core/native-hive-mind.ts(37,36): error TS2339: Property 'memoryRetentionDays' does not exist on type '{}'.
src/coordination/swarm/core/native-hive-mind.ts(43,10): error TS2339: Property 'ruvSwarm' does not exist on type 'NativeHiveMind'.
src/coordination/swarm/core/native-hive-mind.ts(44,10): error TS2339: Property 'unifiedPersistence' does not exist on type 'NativeHiveMind'.
src/coordination/swarm/core/native-hive-mind.ts(47,10): error TS2339: Property 'activeSessions' does not exist on type 'NativeHiveMind'.
src/coordination/swarm/core/native-hive-mind.ts(48,10): error TS2339: Property 'globalAgents' does not exist on type 'NativeHiveMind'.
src/coordination/swarm/core/native-hive-mind.ts(51,10): error TS2551: Property 'hiveMindState' does not exist on type 'NativeHiveMind'. Did you mean 'getHiveMindStats'?
src/coordination/swarm/core/native-hive-mind.ts(59,10): error TS2339: Property 'metrics' does not exist on type 'NativeHiveMind'.
src/coordination/swarm/core/native-hive-mind.ts(66,10): error TS2551: Property 'initialized' does not exist on type 'NativeHiveMind'. Did you mean 'initialize'?
src/coordination/swarm/core/native-hive-mind.ts(70,14): error TS2551: Property 'initialized' does not exist on type 'NativeHiveMind'. Did you mean 'initialize'?
src/coordination/swarm/core/native-hive-mind.ts(74,12): error TS2339: Property 'unifiedPersistence' does not exist on type 'NativeHiveMind'.
src/coordination/swarm/core/native-hive-mind.ts(77,34): error TS2339: Property 'options' does not exist on type 'NativeHiveMind'.
src/coordination/swarm/core/native-hive-mind.ts(78,36): error TS2339: Property 'options' does not exist on type 'NativeHiveMind'.
src/coordination/swarm/core/native-hive-mind.ts(79,36): error TS2339: Property 'options' does not exist on type 'NativeHiveMind'.
src/coordination/swarm/core/native-hive-mind.ts(84,18): error TS2339: Property 'unifiedPersistence' does not exist on type 'NativeHiveMind'.
src/coordination/swarm/core/native-hive-mind.ts(87,12): error TS2339: Property 'ruvSwarm' does not exist on type 'NativeHiveMind'.
src/coordination/swarm/core/native-hive-mind.ts(87,38): error TS2339: Property 'initialize' does not exist on type 'typeof ZenSwarm'.
src/coordination/swarm/core/native-hive-mind.ts(90,36): error TS2339: Property 'options' does not exist on type 'NativeHiveMind'.
src/coordination/swarm/core/native-hive-mind.ts(99,12): error TS2551: Property 'initialized' does not exist on type 'NativeHiveMind'. Did you mean 'initialize'?
src/coordination/swarm/core/native-hive-mind.ts(139,24): error TS2339: Property 'topology' does not exist on type '{}'.
src/coordination/swarm/core/native-hive-mind.ts(139,41): error TS2339: Property 'options' does not exist on type 'NativeHiveMind'.
src/coordination/swarm/core/native-hive-mind.ts(140,25): error TS2339: Property 'maxAgents' does not exist on type '{}'.
src/coordination/swarm/core/native-hive-mind.ts(140,43): error TS2339: Property 'options' does not exist on type 'NativeHiveMind'.
src/coordination/swarm/core/native-hive-mind.ts(141,24): error TS2339: Property 'strategy' does not exist on type '{}'.
src/coordination/swarm/core/native-hive-mind.ts(142,20): error TS2339: Property 'name' does not exist on type '{}'.
src/coordination/swarm/core/native-hive-mind.ts(147,30): error TS2339: Property 'ruvSwarm' does not exist on type 'NativeHiveMind'.
src/coordination/swarm/core/native-hive-mind.ts(150,16): error TS2339: Property 'unifiedPersistence' does not exist on type 'NativeHiveMind'.
src/coordination/swarm/core/native-hive-mind.ts(195,20): error TS2339: Property 'type' does not exist on type '{}'.
src/coordination/swarm/core/native-hive-mind.ts(196,20): error TS2339: Property 'name' does not exist on type '{}'.
src/coordination/swarm/core/native-hive-mind.ts(196,38): error TS2339: Property 'type' does not exist on type '{}'.
src/coordination/swarm/core/native-hive-mind.ts(197,28): error TS2339: Property 'capabilities' does not exist on type '{}'.
src/coordination/swarm/core/native-hive-mind.ts(198,35): error TS2339: Property 'enableNeuralNetwork' does not exist on type '{}'.
src/coordination/swarm/core/native-hive-mind.ts(199,32): error TS2339: Property 'cognitivePattern' does not exist on type '{}'.
src/coordination/swarm/core/native-hive-mind.ts(205,14): error TS2339: Property 'ruvSwarm' does not exist on type 'NativeHiveMind'.
src/coordination/swarm/core/native-hive-mind.ts(211,20): error TS2339: Property 'ruvSwarm' does not exist on type 'NativeHiveMind'.
src/coordination/swarm/core/native-hive-mind.ts(213,20): error TS2339: Property 'ruvSwarm' does not exist on type 'NativeHiveMind'.
src/coordination/swarm/core/native-hive-mind.ts(225,16): error TS2339: Property 'unifiedPersistence' does not exist on type 'NativeHiveMind'.
src/coordination/swarm/core/native-hive-mind.ts(259,10): error TS2339: Property 'globalAgents' does not exist on type 'NativeHiveMind'.
src/coordination/swarm/core/native-hive-mind.ts(287,20): error TS2339: Property 'task' does not exist on type '{}'.
src/coordination/swarm/core/native-hive-mind.ts(287,35): error TS2339: Property 'description' does not exist on type '{}'.
src/coordination/swarm/core/native-hive-mind.ts(288,24): error TS2339: Property 'strategy' does not exist on type '{}'.
src/coordination/swarm/core/native-hive-mind.ts(289,24): error TS2339: Property 'priority' does not exist on type '{}'.
src/coordination/swarm/core/native-hive-mind.ts(290,25): error TS2339: Property 'maxAgents' does not exist on type '{}'.
src/coordination/swarm/core/native-hive-mind.ts(291,33): error TS2339: Property 'estimatedDuration' does not exist on type '{}'.
src/coordination/swarm/core/native-hive-mind.ts(292,36): error TS2339: Property 'requiredCapabilities' does not exist on type '{}'.
src/coordination/swarm/core/native-hive-mind.ts(297,45): error TS2339: Property 'ruvSwarm' does not exist on type 'NativeHiveMind'.
src/coordination/swarm/core/native-hive-mind.ts(315,16): error TS2339: Property 'unifiedPersistence' does not exist on type 'NativeHiveMind'.
src/coordination/swarm/core/native-hive-mind.ts(349,14): error TS2339: Property 'options' does not exist on type 'NativeHiveMind'.
src/coordination/swarm/core/native-hive-mind.ts(374,26): error TS2339: Property 'ruvSwarm' does not exist on type 'NativeHiveMind'.
src/coordination/swarm/core/native-hive-mind.ts(380,43): error TS2339: Property 'unifiedPersistence' does not exist on type 'NativeHiveMind'.
src/coordination/swarm/core/native-hive-mind.ts(390,40): error TS2339: Property 'ruvSwarm' does not exist on type 'NativeHiveMind'.
src/coordination/swarm/core/native-hive-mind.ts(391,43): error TS2339: Property 'unifiedPersistence' does not exist on type 'NativeHiveMind'.
src/coordination/swarm/core/native-hive-mind.ts(398,29): error TS2551: Property 'hiveMindState' does not exist on type 'NativeHiveMind'. Did you mean 'getHiveMindStats'?
src/coordination/swarm/core/native-hive-mind.ts(413,28): error TS2339: Property 'vectorLimit' does not exist on type '{}'.
src/coordination/swarm/core/native-hive-mind.ts(414,32): error TS2339: Property 'relationalLimit' does not exist on type '{}'.
src/coordination/swarm/core/native-hive-mind.ts(415,25): error TS2339: Property 'maxDepth' does not exist on type '{}'.
src/coordination/swarm/core/native-hive-mind.ts(416,31): error TS2339: Property 'rankingWeights' does not exist on type '{}'.
src/coordination/swarm/core/native-hive-mind.ts(425,32): error TS2339: Property 'unifiedPersistence' does not exist on type 'NativeHiveMind'.
src/coordination/swarm/core/native-hive-mind.ts(429,31): error TS2339: Property 'entityType' does not exist on type '{}'.
src/coordination/swarm/core/native-hive-mind.ts(430,28): error TS2339: Property 'filters' does not exist on type '{}'.
src/coordination/swarm/core/native-hive-mind.ts(431,28): error TS2339: Property 'orderBy' does not exist on type '{}'.
src/coordination/swarm/core/native-hive-mind.ts(434,32): error TS2339: Property 'startEntity' does not exist on type '{}'.
src/coordination/swarm/core/native-hive-mind.ts(435,38): error TS2339: Property 'relationshipTypes' does not exist on type '{}'.
src/coordination/swarm/core/native-hive-mind.ts(459,15): error TS2339: Property 'options' does not exist on type 'NativeHiveMind'.
src/coordination/swarm/core/native-hive-mind.ts(464,16): error TS2339: Property 'unifiedPersistence' does not exist on type 'NativeHiveMind'.
src/coordination/swarm/core/native-hive-mind.ts(477,16): error TS2339: Property 'unifiedPersistence' does not exist on type 'NativeHiveMind'.
src/coordination/swarm/core/native-hive-mind.ts(483,10): error TS2551: Property 'hiveMindState' does not exist on type 'NativeHiveMind'. Did you mean 'getHiveMindStats'?
src/coordination/swarm/core/native-hive-mind.ts(490,15): error TS2339: Property 'options' does not exist on type 'NativeHiveMind'.
src/coordination/swarm/core/native-hive-mind.ts(492,16): error TS2339: Property 'unifiedPersistence' does not exist on type 'NativeHiveMind'.
src/coordination/swarm/core/native-hive-mind.ts(502,10): error TS2551: Property 'hiveMindState' does not exist on type 'NativeHiveMind'. Did you mean 'getHiveMindStats'?
src/coordination/swarm/core/native-hive-mind.ts(633,16): error TS2339: Property 'unifiedPersistence' does not exist on type 'NativeHiveMind'.
src/coordination/swarm/core/native-hive-mind.ts(644,10): error TS2551: Property 'hiveMindState' does not exist on type 'NativeHiveMind'. Did you mean 'getHiveMindStats'?
src/coordination/swarm/core/native-hive-mind.ts(675,16): error TS2339: Property 'unifiedPersistence' does not exist on type 'NativeHiveMind'.
src/coordination/swarm/core/native-hive-mind.ts(696,15): error TS2551: Property 'initialized' does not exist on type 'NativeHiveMind'. Did you mean 'initialize'?
src/coordination/swarm/core/native-hive-mind.ts(703,15): error TS2551: Property 'hiveMindState' does not exist on type 'NativeHiveMind'. Did you mean 'getHiveMindStats'?
src/coordination/swarm/core/native-hive-mind.ts(704,21): error TS2339: Property 'metrics' does not exist on type 'NativeHiveMind'.
src/coordination/swarm/core/native-hive-mind.ts(705,26): error TS2339: Property 'globalAgents' does not exist on type 'NativeHiveMind'.
src/coordination/swarm/core/native-hive-mind.ts(706,28): error TS2339: Property 'activeSessions' does not exist on type 'NativeHiveMind'.
src/coordination/swarm/core/native-hive-mind.ts(707,28): error TS2339: Property 'unifiedPersistence' does not exist on type 'NativeHiveMind'.
src/coordination/swarm/core/native-hive-mind.ts(714,14): error TS2339: Property 'unifiedPersistence' does not exist on type 'NativeHiveMind'.
src/coordination/swarm/core/native-hive-mind.ts(715,18): error TS2339: Property 'unifiedPersistence' does not exist on type 'NativeHiveMind'.
src/coordination/swarm/core/native-hive-mind.ts(718,14): error TS2339: Property 'ruvSwarm' does not exist on type 'NativeHiveMind'.
src/coordination/swarm/core/native-hive-mind.ts(719,12): error TS2339: Property 'ruvSwarm' does not exist on type 'NativeHiveMind'.
src/coordination/swarm/core/native-hive-mind.ts(722,10): error TS2339: Property 'globalAgents' does not exist on type 'NativeHiveMind'.
src/coordination/swarm/core/native-hive-mind.ts(723,10): error TS2339: Property 'activeSessions' does not exist on type 'NativeHiveMind'.
src/coordination/swarm/core/performance-benchmarks.ts(8,31): error TS2307: Cannot find module './claude-flow-enhanced.js' or its corresponding type declarations.
src/coordination/swarm/core/performance-benchmarks.ts(9,26): error TS2307: Cannot find module './index-enhanced.js' or its corresponding type declarations.
src/coordination/swarm/core/performance-benchmarks.ts(10,34): error TS2307: Cannot find module './wasm-loader.js' or its corresponding type declarations.
src/coordination/swarm/core/performance-benchmarks.ts(14,10): error TS2339: Property 'results' does not exist on type 'PerformanceBenchmarks'.
src/coordination/swarm/core/performance-benchmarks.ts(15,10): error TS2339: Property 'baselineResults' does not exist on type 'PerformanceBenchmarks'.
src/coordination/swarm/core/performance-benchmarks.ts(16,10): error TS2339: Property 'ruvSwarm' does not exist on type 'PerformanceBenchmarks'.
src/coordination/swarm/core/performance-benchmarks.ts(17,10): error TS2339: Property 'wasmLoader' does not exist on type 'PerformanceBenchmarks'.
src/coordination/swarm/core/performance-benchmarks.ts(18,10): error TS2339: Property 'claudeFlow' does not exist on type 'PerformanceBenchmarks'.
src/coordination/swarm/core/performance-benchmarks.ts(27,12): error TS2339: Property 'ruvSwarm' does not exist on type 'PerformanceBenchmarks'.
src/coordination/swarm/core/performance-benchmarks.ts(34,12): error TS2339: Property 'wasmLoader' does not exist on type 'PerformanceBenchmarks'.
src/coordination/swarm/core/performance-benchmarks.ts(35,18): error TS2339: Property 'wasmLoader' does not exist on type 'PerformanceBenchmarks'.
src/coordination/swarm/core/performance-benchmarks.ts(38,12): error TS2339: Property 'claudeFlow' does not exist on type 'PerformanceBenchmarks'.
src/coordination/swarm/core/performance-benchmarks.ts(60,26): error TS2339: Property 'simdOperations' does not exist on type '{}'.
src/coordination/swarm/core/performance-benchmarks.ts(61,26): error TS2339: Property 'wasmLoading' does not exist on type '{}'.
src/coordination/swarm/core/performance-benchmarks.ts(62,26): error TS2339: Property 'memoryManagement' does not exist on type '{}'.
src/coordination/swarm/core/performance-benchmarks.ts(63,26): error TS2339: Property 'neuralNetworks' does not exist on type '{}'.
src/coordination/swarm/core/performance-benchmarks.ts(64,26): error TS2339: Property 'claudeFlowCoordination' does not exist on type '{}'.
src/coordination/swarm/core/performance-benchmarks.ts(65,26): error TS2339: Property 'parallelExecution' does not exist on type '{}'.
src/coordination/swarm/core/performance-benchmarks.ts(66,26): error TS2339: Property 'browserCompatibility' does not exist on type '{}'.
src/coordination/swarm/core/performance-benchmarks.ts(69,15): error TS2339: Property 'totalBenchmarkTime' does not exist on type '{ timestamp: string; environment: { userAgent: string; platform: string; language: string; hardwareConcurrency: string | number; memory: any; connection: any; timestamp: number; timezone: string; }; benchmarks: {}; }'.
src/coordination/swarm/core/performance-benchmarks.ts(72,15): error TS2339: Property 'performanceScore' does not exist on type '{ timestamp: string; environment: { userAgent: string; platform: string; language: string; hardwareConcurrency: string | number; memory: any; connection: any; timestamp: number; timezone: string; }; benchmarks: {}; }'.
src/coordination/swarm/core/performance-benchmarks.ts(74,12): error TS2339: Property 'results' does not exist on type 'PerformanceBenchmarks'.
src/coordination/swarm/core/performance-benchmarks.ts(86,35): error TS2339: Property 'wasmLoader' does not exist on type 'PerformanceBenchmarks'.
src/coordination/swarm/core/performance-benchmarks.ts(150,23): error TS2339: Property 'averageSpeedup' does not exist on type 'unknown'.
src/coordination/swarm/core/performance-benchmarks.ts(153,13): error TS2339: Property 'averageSpeedup' does not exist on type '{ supported: boolean; capabilities: any; operations: {}; }'.
src/coordination/swarm/core/performance-benchmarks.ts(154,13): error TS2339: Property 'performanceScore' does not exist on type '{ supported: boolean; capabilities: any; operations: {}; }'.
src/coordination/swarm/core/performance-benchmarks.ts(154,55): error TS2339: Property 'averageSpeedup' does not exist on type '{ supported: boolean; capabilities: any; operations: {}; }'.
src/coordination/swarm/core/performance-benchmarks.ts(200,32): error TS2339: Property 'wasmLoader' does not exist on type 'PerformanceBenchmarks'.
src/coordination/swarm/core/performance-benchmarks.ts(203,48): error TS2339: Property 'progressive' does not exist on type '{}'.
src/coordination/swarm/core/performance-benchmarks.ts(204,42): error TS2339: Property 'eager' does not exist on type '{}'.
src/coordination/swarm/core/performance-benchmarks.ts(214,13): error TS2339: Property 'performanceScore' does not exist on type '{ strategies: {}; moduleStats: {}; recommendations: any[]; }'.
src/coordination/swarm/core/performance-benchmarks.ts(240,34): error TS2339: Property 'wasmLoader' does not exist on type 'PerformanceBenchmarks'.
src/coordination/swarm/core/performance-benchmarks.ts(253,32): error TS2339: Property 'wasmLoader' does not exist on type 'PerformanceBenchmarks'.
src/coordination/swarm/core/performance-benchmarks.ts(272,12): error TS2339: Property 'wasmLoader' does not exist on type 'PerformanceBenchmarks'.
src/coordination/swarm/core/performance-benchmarks.ts(283,32): error TS2339: Property 'wasmLoader' does not exist on type 'PerformanceBenchmarks'.
src/coordination/swarm/core/performance-benchmarks.ts(291,9): error TS2362: The left-hand side of an arithmetic operation must be of type 'any', 'number', 'bigint' or an enum type.
src/coordination/swarm/core/performance-benchmarks.ts(291,70): error TS2339: Property 'avgTimePerAllocation' does not exist on type 'unknown'.
src/coordination/swarm/core/performance-benchmarks.ts(296,15): error TS2339: Property 'error' does not exist on type '{ allocation: {}; garbageCollection: {}; fragmentation: {}; performanceScore: number; }'.
src/coordination/swarm/core/performance-benchmarks.ts(314,15): error TS2339: Property 'ruvSwarm' does not exist on type 'PerformanceBenchmarks'.
src/coordination/swarm/core/performance-benchmarks.ts(377,16): error TS2339: Property 'ruvSwarm' does not exist on type 'PerformanceBenchmarks'.
src/coordination/swarm/core/performance-benchmarks.ts(391,60): error TS2339: Property 'medium' does not exist on type '{}'.
src/coordination/swarm/core/performance-benchmarks.ts(394,15): error TS2339: Property 'error' does not exist on type '{ networkSizes: {}; activationFunctions: {}; simdComparison: {}; performanceScore: number; }'.
src/coordination/swarm/core/performance-benchmarks.ts(428,35): error TS2339: Property 'claudeFlow' does not exist on type 'PerformanceBenchmarks'.
src/coordination/swarm/core/performance-benchmarks.ts(431,33): error TS2339: Property 'creationTime' does not exist on type '{}'.
src/coordination/swarm/core/performance-benchmarks.ts(432,33): error TS2339: Property 'parallelizationRate' does not exist on type '{}'.
src/coordination/swarm/core/performance-benchmarks.ts(446,33): error TS2339: Property 'executionTime' does not exist on type '{}'.
src/coordination/swarm/core/performance-benchmarks.ts(447,33): error TS2339: Property 'stepsCompleted' does not exist on type '{}'.
src/coordination/swarm/core/performance-benchmarks.ts(461,35): error TS2339: Property 'claudeFlow' does not exist on type 'PerformanceBenchmarks'.
src/coordination/swarm/core/performance-benchmarks.ts(474,15): error TS2339: Property 'error' does not exist on type '{ workflowExecution: {}; batchingPerformance: {}; parallelization: {}; performanceScore: number; }'.
src/coordination/swarm/core/performance-benchmarks.ts(545,27): error TS2339: Property 'measurements' does not exist on type '{}'.
src/coordination/swarm/core/performance-benchmarks.ts(559,29): error TS2339: Property 'measurements' does not exist on type '{}'.
src/coordination/swarm/core/performance-benchmarks.ts(570,9): error TS2362: The left-hand side of an arithmetic operation must be of type 'any', 'number', 'bigint' or an enum type.
src/coordination/swarm/core/performance-benchmarks.ts(570,69): error TS2339: Property 'efficiency' does not exist on type 'unknown'.
src/coordination/swarm/core/performance-benchmarks.ts(575,15): error TS2339: Property 'error' does not exist on type '{ batchSizes: {}; taskTypes: {}; scalability: {}; performanceScore: number; }'.
src/coordination/swarm/core/performance-benchmarks.ts(597,20): error TS2339: Property 'ruvSwarm' does not exist on type 'PerformanceBenchmarks'.
src/coordination/swarm/core/performance-benchmarks.ts(608,40): error TS2339: Property 'memory' does not exist on type 'Performance'.
src/coordination/swarm/core/performance-benchmarks.ts(632,15): error TS2339: Property 'error' does not exist on type '{ features: {}; performance: {}; compatibility: {}; performanceScore: number; }'.
src/coordination/swarm/core/performance-benchmarks.ts(648,25): error TS2339: Property 'deviceMemory' does not exist on type 'Navigator'.
src/coordination/swarm/core/performance-benchmarks.ts(649,29): error TS2339: Property 'connection' does not exist on type 'Navigator'.
src/coordination/swarm/core/performance-benchmarks.ts(854,16): error TS2339: Property 'performanceScore' does not exist on type 'unknown'.
src/coordination/swarm/core/performance-benchmarks.ts(855,56): error TS2339: Property 'performanceScore' does not exist on type 'unknown'.
src/coordination/swarm/core/performance-benchmarks.ts(855,79): error TS2339: Property 'performanceScore' does not exist on type 'unknown'.
src/coordination/swarm/core/performance.ts(7,26): error TS2307: Cannot find module './index-enhanced.js' or its corresponding type declarations.
src/coordination/swarm/core/performance.ts(11,10): error TS2339: Property 'ruvSwarm' does not exist on type 'PerformanceCLI'.
src/coordination/swarm/core/performance.ts(15,15): error TS2339: Property 'ruvSwarm' does not exist on type 'PerformanceCLI'.
src/coordination/swarm/core/performance.ts(16,12): error TS2339: Property 'ruvSwarm' does not exist on type 'PerformanceCLI'.
src/coordination/swarm/core/performance.ts(22,17): error TS2339: Property 'ruvSwarm' does not exist on type 'PerformanceCLI'.
src/coordination/swarm/core/performance.ts(46,28): error TS2339: Property 'system' does not exist on type '{}'.
src/coordination/swarm/core/performance.ts(63,28): error TS2339: Property 'wasm' does not exist on type '{}'.
src/coordination/swarm/core/performance.ts(71,28): error TS2339: Property 'swarm' does not exist on type '{}'.
src/coordination/swarm/core/performance.ts(82,30): error TS2339: Property 'neural' does not exist on type '{}'.
src/coordination/swarm/core/performance.ts(86,32): error TS2339: Property 'system' does not exist on type '{}'.
src/coordination/swarm/core/performance.ts(136,32): error TS2339: Property 'system' does not exist on type '{}'.
src/coordination/swarm/core/performance.ts(145,63): error TS2339: Property 'neural' does not exist on type '{}'.
src/coordination/swarm/core/performance.ts(169,16): error TS2339: Property 'overallScore' does not exist on type '{ metadata: { timestamp: string; taskId: any; mode: string; }; performance: {}; bottlenecks: any[]; recommendations: any[]; }'.
src/coordination/swarm/core/performance.ts(347,19): error TS2339: Property 'length' does not exist on type 'unknown'.
src/coordination/swarm/core/performance.ts(350,29): error TS2488: Type 'unknown' must have a '[Symbol.iterator]()' method that returns an iterator.
src/coordination/swarm/core/recovery-integration.ts(17,30): error TS2307: Cannot find module './chaos-engineering.js' or its corresponding type declarations.
src/coordination/swarm/core/recovery-integration.ts(18,36): error TS2307: Cannot find module './connection-state-manager.js' or its corresponding type declarations.
src/coordination/swarm/core/recovery-integration.ts(21,27): error TS2307: Cannot find module './health-monitor.js' or its corresponding type declarations.
src/coordination/swarm/core/recovery-integration.ts(30,10): error TS2339: Property 'options' does not exist on type 'RecoveryIntegration'.
src/coordination/swarm/core/recovery-integration.ts(31,39): error TS2339: Property 'enableHealthMonitoring' does not exist on type '{}'.
src/coordination/swarm/core/recovery-integration.ts(32,40): error TS2339: Property 'enableRecoveryWorkflows' does not exist on type '{}'.
src/coordination/swarm/core/recovery-integration.ts(33,43): error TS2339: Property 'enableConnectionManagement' does not exist on type '{}'.
src/coordination/swarm/core/recovery-integration.ts(34,42): error TS2339: Property 'enableMonitoringDashboard' does not exist on type '{}'.
src/coordination/swarm/core/recovery-integration.ts(35,39): error TS2339: Property 'enableChaosEngineering' does not exist on type '{}'.
src/coordination/swarm/core/recovery-integration.ts(36,30): error TS2339: Property 'autoIntegrate' does not exist on type '{}'.
src/coordination/swarm/core/recovery-integration.ts(37,33): error TS2339: Property 'configValidation' does not exist on type '{}'.
src/coordination/swarm/core/recovery-integration.ts(38,40): error TS2339: Property 'performanceOptimization' does not exist on type '{}'.
src/coordination/swarm/core/recovery-integration.ts(42,10): error TS2339: Property 'logger' does not exist on type 'RecoveryIntegration'.
src/coordination/swarm/core/recovery-integration.ts(49,10): error TS2339: Property 'healthMonitor' does not exist on type 'RecoveryIntegration'.
src/coordination/swarm/core/recovery-integration.ts(50,10): error TS2339: Property 'recoveryWorkflows' does not exist on type 'RecoveryIntegration'.
src/coordination/swarm/core/recovery-integration.ts(51,10): error TS2339: Property 'connectionManager' does not exist on type 'RecoveryIntegration'.
src/coordination/swarm/core/recovery-integration.ts(52,10): error TS2339: Property 'monitoringDashboard' does not exist on type 'RecoveryIntegration'.
src/coordination/swarm/core/recovery-integration.ts(53,10): error TS2339: Property 'chaosEngineering' does not exist on type 'RecoveryIntegration'.
src/coordination/swarm/core/recovery-integration.ts(56,10): error TS2339: Property 'mcpTools' does not exist on type 'RecoveryIntegration'.
src/coordination/swarm/core/recovery-integration.ts(57,10): error TS2551: Property 'persistence' does not exist on type 'RecoveryIntegration'. Did you mean 'setPersistence'?
src/coordination/swarm/core/recovery-integration.ts(60,10): error TS2551: Property 'isInitialized' does not exist on type 'RecoveryIntegration'. Did you mean 'initialize'?
src/coordination/swarm/core/recovery-integration.ts(61,10): error TS2339: Property 'isRunning' does not exist on type 'RecoveryIntegration'.
src/coordination/swarm/core/recovery-integration.ts(62,10): error TS2339: Property 'components' does not exist on type 'RecoveryIntegration'.
src/coordination/swarm/core/recovery-integration.ts(63,10): error TS2339: Property 'integrationStatus' does not exist on type 'RecoveryIntegration'.
src/coordination/swarm/core/recovery-integration.ts(66,10): error TS2551: Property 'performanceMetrics' does not exist on type 'RecoveryIntegration'. Did you mean 'getPerformanceMetrics'?
src/coordination/swarm/core/recovery-integration.ts(83,12): error TS2339: Property 'logger' does not exist on type 'RecoveryIntegration'.
src/coordination/swarm/core/recovery-integration.ts(86,16): error TS2339: Property 'options' does not exist on type 'RecoveryIntegration'.
src/coordination/swarm/core/recovery-integration.ts(94,16): error TS2339: Property 'options' does not exist on type 'RecoveryIntegration'.
src/coordination/swarm/core/recovery-integration.ts(99,16): error TS2339: Property 'options' does not exist on type 'RecoveryIntegration'.
src/coordination/swarm/core/recovery-integration.ts(103,12): error TS2551: Property 'isInitialized' does not exist on type 'RecoveryIntegration'. Did you mean 'initialize'?
src/coordination/swarm/core/recovery-integration.ts(104,12): error TS2551: Property 'performanceMetrics' does not exist on type 'RecoveryIntegration'. Did you mean 'getPerformanceMetrics'?
src/coordination/swarm/core/recovery-integration.ts(106,12): error TS2339: Property 'logger' does not exist on type 'RecoveryIntegration'.
src/coordination/swarm/core/recovery-integration.ts(107,34): error TS2551: Property 'performanceMetrics' does not exist on type 'RecoveryIntegration'. Did you mean 'getPerformanceMetrics'?
src/coordination/swarm/core/recovery-integration.ts(108,37): error TS2339: Property 'components' does not exist on type 'RecoveryIntegration'.
src/coordination/swarm/core/recovery-integration.ts(121,12): error TS2339: Property 'logger' does not exist on type 'RecoveryIntegration'.
src/coordination/swarm/core/recovery-integration.ts(131,14): error TS2339: Property 'options' does not exist on type 'RecoveryIntegration'.
src/coordination/swarm/core/recovery-integration.ts(141,14): error TS2339: Property 'options' does not exist on type 'RecoveryIntegration'.
src/coordination/swarm/core/recovery-integration.ts(151,14): error TS2339: Property 'options' does not exist on type 'RecoveryIntegration'.
src/coordination/swarm/core/recovery-integration.ts(161,14): error TS2339: Property 'options' does not exist on type 'RecoveryIntegration'.
src/coordination/swarm/core/recovery-integration.ts(171,14): error TS2339: Property 'options' does not exist on type 'RecoveryIntegration'.
src/coordination/swarm/core/recovery-integration.ts(188,12): error TS2339: Property 'logger' does not exist on type 'RecoveryIntegration'.
src/coordination/swarm/core/recovery-integration.ts(191,18): error TS2339: Property 'options' does not exist on type 'RecoveryIntegration'.
src/coordination/swarm/core/recovery-integration.ts(199,12): error TS2339: Property 'components' does not exist on type 'RecoveryIntegration'.
src/coordination/swarm/core/recovery-integration.ts(206,12): error TS2551: Property 'performanceMetrics' does not exist on type 'RecoveryIntegration'. Did you mean 'getPerformanceMetrics'?
src/coordination/swarm/core/recovery-integration.ts(208,12): error TS2339: Property 'logger' does not exist on type 'RecoveryIntegration'.
src/coordination/swarm/core/recovery-integration.ts(214,12): error TS2339: Property 'logger' does not exist on type 'RecoveryIntegration'.
src/coordination/swarm/core/recovery-integration.ts(218,12): error TS2339: Property 'components' does not exist on type 'RecoveryIntegration'.
src/coordination/swarm/core/recovery-integration.ts(233,10): error TS2339: Property 'logger' does not exist on type 'RecoveryIntegration'.
src/coordination/swarm/core/recovery-integration.ts(326,10): error TS2339: Property 'logger' does not exist on type 'RecoveryIntegration'.
src/coordination/swarm/core/recovery-integration.ts(328,47): error TS2339: Property 'integrationStatus' does not exist on type 'RecoveryIntegration'.
src/coordination/swarm/core/recovery-integration.ts(329,28): error TS2339: Property 'status' does not exist on type 'unknown'.
src/coordination/swarm/core/recovery-integration.ts(344,18): error TS2339: Property 'mcpTools' does not exist on type 'RecoveryIntegration'.
src/coordination/swarm/core/recovery-integration.ts(346,20): error TS2551: Property 'persistence' does not exist on type 'RecoveryIntegration'. Did you mean 'setPersistence'?
src/coordination/swarm/core/recovery-integration.ts(351,14): error TS2339: Property 'integrationStatus' does not exist on type 'RecoveryIntegration'.
src/coordination/swarm/core/recovery-integration.ts(363,14): error TS2551: Property 'performanceMetrics' does not exist on type 'RecoveryIntegration'. Did you mean 'getPerformanceMetrics'?
src/coordination/swarm/core/recovery-integration.ts(365,14): error TS2339: Property 'integrationStatus' does not exist on type 'RecoveryIntegration'.
src/coordination/swarm/core/recovery-integration.ts(370,14): error TS2339: Property 'logger' does not exist on type 'RecoveryIntegration'.
src/coordination/swarm/core/recovery-integration.ts(372,14): error TS2339: Property 'integrationStatus' does not exist on type 'RecoveryIntegration'.
src/coordination/swarm/core/recovery-integration.ts(378,12): error TS2339: Property 'integrationStatus' does not exist on type 'RecoveryIntegration'.
src/coordination/swarm/core/recovery-integration.ts(383,12): error TS2339: Property 'logger' does not exist on type 'RecoveryIntegration'.
src/coordination/swarm/core/recovery-integration.ts(393,15): error TS2551: Property 'isInitialized' does not exist on type 'RecoveryIntegration'. Did you mean 'initialize'?
src/coordination/swarm/core/recovery-integration.ts(397,14): error TS2339: Property 'isRunning' does not exist on type 'RecoveryIntegration'.
src/coordination/swarm/core/recovery-integration.ts(398,12): error TS2339: Property 'logger' does not exist on type 'RecoveryIntegration'.
src/coordination/swarm/core/recovery-integration.ts(403,12): error TS2339: Property 'logger' does not exist on type 'RecoveryIntegration'.
src/coordination/swarm/core/recovery-integration.ts(406,16): error TS2339: Property 'healthMonitor' does not exist on type 'RecoveryIntegration'.
src/coordination/swarm/core/recovery-integration.ts(407,20): error TS2339: Property 'healthMonitor' does not exist on type 'RecoveryIntegration'.
src/coordination/swarm/core/recovery-integration.ts(410,12): error TS2339: Property 'isRunning' does not exist on type 'RecoveryIntegration'.
src/coordination/swarm/core/recovery-integration.ts(412,12): error TS2339: Property 'logger' does not exist on type 'RecoveryIntegration'.
src/coordination/swarm/core/recovery-integration.ts(422,12): error TS2339: Property 'logger' does not exist on type 'RecoveryIntegration'.
src/coordination/swarm/core/recovery-integration.ts(431,15): error TS2339: Property 'isRunning' does not exist on type 'RecoveryIntegration'.
src/coordination/swarm/core/recovery-integration.ts(432,12): error TS2339: Property 'logger' does not exist on type 'RecoveryIntegration'.
src/coordination/swarm/core/recovery-integration.ts(437,12): error TS2339: Property 'logger' does not exist on type 'RecoveryIntegration'.
src/coordination/swarm/core/recovery-integration.ts(440,16): error TS2339: Property 'healthMonitor' does not exist on type 'RecoveryIntegration'.
src/coordination/swarm/core/recovery-integration.ts(441,20): error TS2339: Property 'healthMonitor' does not exist on type 'RecoveryIntegration'.
src/coordination/swarm/core/recovery-integration.ts(444,12): error TS2339: Property 'isRunning' does not exist on type 'RecoveryIntegration'.
src/coordination/swarm/core/recovery-integration.ts(446,12): error TS2339: Property 'logger' does not exist on type 'RecoveryIntegration'.
src/coordination/swarm/core/recovery-integration.ts(449,12): error TS2339: Property 'logger' does not exist on type 'RecoveryIntegration'.
src/coordination/swarm/core/recovery-integration.ts(460,10): error TS2339: Property 'mcpTools' does not exist on type 'RecoveryIntegration'.
src/coordination/swarm/core/recovery-integration.ts(461,10): error TS2339: Property 'logger' does not exist on type 'RecoveryIntegration'.
src/coordination/swarm/core/recovery-integration.ts(464,14): error TS2551: Property 'isInitialized' does not exist on type 'RecoveryIntegration'. Did you mean 'initialize'?
src/coordination/swarm/core/recovery-integration.ts(464,36): error TS2339: Property 'options' does not exist on type 'RecoveryIntegration'.
src/coordination/swarm/core/recovery-integration.ts(470,10): error TS2551: Property 'persistence' does not exist on type 'RecoveryIntegration'. Did you mean 'setPersistence'?
src/coordination/swarm/core/recovery-integration.ts(471,10): error TS2339: Property 'logger' does not exist on type 'RecoveryIntegration'.
src/coordination/swarm/core/recovery-integration.ts(474,14): error TS2551: Property 'isInitialized' does not exist on type 'RecoveryIntegration'. Did you mean 'initialize'?
src/coordination/swarm/core/recovery-integration.ts(474,36): error TS2339: Property 'options' does not exist on type 'RecoveryIntegration'.
src/coordination/swarm/core/recovery-integration.ts(491,46): error TS2339: Property 'components' does not exist on type 'RecoveryIntegration'.
src/coordination/swarm/core/recovery-integration.ts(495,16): error TS2339: Property 'logger' does not exist on type 'RecoveryIntegration'.
src/coordination/swarm/core/recovery-integration.ts(497,16): error TS2339: Property 'logger' does not exist on type 'RecoveryIntegration'.
src/coordination/swarm/core/recovery-integration.ts(509,10): error TS2339: Property 'logger' does not exist on type 'RecoveryIntegration'.
src/coordination/swarm/core/recovery-integration.ts(512,14): error TS2339: Property 'healthMonitor' does not exist on type 'RecoveryIntegration'.
src/coordination/swarm/core/recovery-integration.ts(513,12): error TS2339: Property 'healthMonitor' does not exist on type 'RecoveryIntegration'.
src/coordination/swarm/core/recovery-integration.ts(517,14): error TS2339: Property 'connectionManager' does not exist on type 'RecoveryIntegration'.
src/coordination/swarm/core/recovery-integration.ts(519,20): error TS2339: Property 'connectionManager' does not exist on type 'RecoveryIntegration'.
src/coordination/swarm/core/recovery-integration.ts(521,11): error TS2698: Spread types may only be created from object types.
src/coordination/swarm/core/recovery-integration.ts(534,10): error TS2339: Property 'logger' does not exist on type 'RecoveryIntegration'.
src/coordination/swarm/core/recovery-integration.ts(537,14): error TS2339: Property 'healthMonitor' does not exist on type 'RecoveryIntegration'.
src/coordination/swarm/core/recovery-integration.ts(538,12): error TS2339: Property 'healthMonitor' does not exist on type 'RecoveryIntegration'.
src/coordination/swarm/core/recovery-integration.ts(542,14): error TS2339: Property 'connectionManager' does not exist on type 'RecoveryIntegration'.
src/coordination/swarm/core/recovery-integration.ts(543,37): error TS2339: Property 'connectionManager' does not exist on type 'RecoveryIntegration'.
src/coordination/swarm/core/recovery-integration.ts(545,24): error TS2339: Property 'metadata' does not exist on type 'unknown'.
src/coordination/swarm/core/recovery-integration.ts(546,22): error TS2339: Property 'connectionManager' does not exist on type 'RecoveryIntegration'.
src/coordination/swarm/core/recovery-integration.ts(559,27): error TS2551: Property 'isInitialized' does not exist on type 'RecoveryIntegration'. Did you mean 'initialize'?
src/coordination/swarm/core/recovery-integration.ts(560,23): error TS2339: Property 'isRunning' does not exist on type 'RecoveryIntegration'.
src/coordination/swarm/core/recovery-integration.ts(562,45): error TS2339: Property 'integrationStatus' does not exist on type 'RecoveryIntegration'.
src/coordination/swarm/core/recovery-integration.ts(572,46): error TS2339: Property 'components' does not exist on type 'RecoveryIntegration'.
src/coordination/swarm/core/recovery-integration.ts(581,14): error TS2339: Property 'healthMonitor' does not exist on type 'RecoveryIntegration'.
src/coordination/swarm/core/recovery-integration.ts(582,28): error TS2339: Property 'healthMonitor' does not exist on type 'RecoveryIntegration'.
src/coordination/swarm/core/recovery-integration.ts(585,14): error TS2339: Property 'recoveryWorkflows' does not exist on type 'RecoveryIntegration'.
src/coordination/swarm/core/recovery-integration.ts(586,30): error TS2339: Property 'recoveryWorkflows' does not exist on type 'RecoveryIntegration'.
src/coordination/swarm/core/recovery-integration.ts(589,14): error TS2339: Property 'connectionManager' does not exist on type 'RecoveryIntegration'.
src/coordination/swarm/core/recovery-integration.ts(590,33): error TS2339: Property 'connectionManager' does not exist on type 'RecoveryIntegration'.
src/coordination/swarm/core/recovery-integration.ts(593,14): error TS2339: Property 'monitoringDashboard' does not exist on type 'RecoveryIntegration'.
src/coordination/swarm/core/recovery-integration.ts(594,32): error TS2339: Property 'monitoringDashboard' does not exist on type 'RecoveryIntegration'.
src/coordination/swarm/core/recovery-integration.ts(597,14): error TS2339: Property 'chaosEngineering' does not exist on type 'RecoveryIntegration'.
src/coordination/swarm/core/recovery-integration.ts(598,27): error TS2339: Property 'chaosEngineering' does not exist on type 'RecoveryIntegration'.
src/coordination/swarm/core/recovery-integration.ts(610,10): error TS2551: Property 'performanceMetrics' does not exist on type 'RecoveryIntegration'. Did you mean 'getPerformanceMetrics'?
src/coordination/swarm/core/recovery-integration.ts(613,15): error TS2551: Property 'performanceMetrics' does not exist on type 'RecoveryIntegration'. Did you mean 'getPerformanceMetrics'?
src/coordination/swarm/core/recovery-integration.ts(614,54): error TS2551: Property 'performanceMetrics' does not exist on type 'RecoveryIntegration'. Did you mean 'getPerformanceMetrics'?
src/coordination/swarm/core/recovery-integration.ts(615,51): error TS2551: Property 'performanceMetrics' does not exist on type 'RecoveryIntegration'. Did you mean 'getPerformanceMetrics'?
src/coordination/swarm/core/recovery-integration.ts(625,10): error TS2339: Property 'logger' does not exist on type 'RecoveryIntegration'.
src/coordination/swarm/core/recovery-integration.ts(632,14): error TS2339: Property 'logger' does not exist on type 'RecoveryIntegration'.
src/coordination/swarm/core/recovery-integration.ts(638,10): error TS2339: Property 'optimizationInterval' does not exist on type 'RecoveryIntegration'.
src/coordination/swarm/core/recovery-integration.ts(650,12): error TS2339: Property 'logger' does not exist on type 'RecoveryIntegration'.
src/coordination/swarm/core/recovery-integration.ts(671,14): error TS2339: Property 'healthMonitor' does not exist on type 'RecoveryIntegration'.
src/coordination/swarm/core/recovery-integration.ts(676,14): error TS2339: Property 'monitoringDashboard' does not exist on type 'RecoveryIntegration'.
src/coordination/swarm/core/recovery-integration.ts(680,10): error TS2339: Property 'logger' does not exist on type 'RecoveryIntegration'.
src/coordination/swarm/core/recovery-integration.ts(687,10): error TS2339: Property 'logger' does not exist on type 'RecoveryIntegration'.
src/coordination/swarm/core/recovery-integration.ts(692,14): error TS2339: Property 'options' does not exist on type 'RecoveryIntegration'.
src/coordination/swarm/core/recovery-integration.ts(692,53): error TS2339: Property 'options' does not exist on type 'RecoveryIntegration'.
src/coordination/swarm/core/recovery-integration.ts(693,33): error TS2339: Property 'options' does not exist on type 'RecoveryIntegration'.
src/coordination/swarm/core/recovery-integration.ts(699,14): error TS2339: Property 'options' does not exist on type 'RecoveryIntegration'.
src/coordination/swarm/core/recovery-integration.ts(699,54): error TS2339: Property 'options' does not exist on type 'RecoveryIntegration'.
src/coordination/swarm/core/recovery-integration.ts(700,35): error TS2339: Property 'options' does not exist on type 'RecoveryIntegration'.
src/coordination/swarm/core/recovery-integration.ts(706,14): error TS2339: Property 'options' does not exist on type 'RecoveryIntegration'.
src/coordination/swarm/core/recovery-integration.ts(706,53): error TS2339: Property 'options' does not exist on type 'RecoveryIntegration'.
src/coordination/swarm/core/recovery-integration.ts(707,32): error TS2339: Property 'options' does not exist on type 'RecoveryIntegration'.
src/coordination/swarm/core/recovery-integration.ts(720,10): error TS2339: Property 'logger' does not exist on type 'RecoveryIntegration'.
src/coordination/swarm/core/recovery-integration.ts(734,46): error TS2339: Property 'components' does not exist on type 'RecoveryIntegration'.
src/coordination/swarm/core/recovery-integration.ts(746,38): error TS2339: Property 'integrationStatus' does not exist on type 'RecoveryIntegration'.
src/coordination/swarm/core/recovery-integration.ts(758,14): error TS2339: Property 'healthMonitor' does not exist on type 'RecoveryIntegration'.
src/coordination/swarm/core/recovery-integration.ts(759,33): error TS2339: Property 'healthMonitor' does not exist on type 'RecoveryIntegration'.
src/coordination/swarm/core/recovery-integration.ts(776,20): error TS2339: Property 'healthMonitor' does not exist on type 'RecoveryIntegration'.
src/coordination/swarm/core/recovery-integration.ts(776,41): error TS2339: Property 'healthMonitor' does not exist on type 'RecoveryIntegration'.
src/coordination/swarm/core/recovery-integration.ts(777,22): error TS2339: Property 'recoveryWorkflows' does not exist on type 'RecoveryIntegration'.
src/coordination/swarm/core/recovery-integration.ts(777,47): error TS2339: Property 'recoveryWorkflows' does not exist on type 'RecoveryIntegration'.
src/coordination/swarm/core/recovery-integration.ts(778,25): error TS2339: Property 'connectionManager' does not exist on type 'RecoveryIntegration'.
src/coordination/swarm/core/recovery-integration.ts(778,50): error TS2339: Property 'connectionManager' does not exist on type 'RecoveryIntegration'.
src/coordination/swarm/core/recovery-integration.ts(779,24): error TS2339: Property 'monitoringDashboard' does not exist on type 'RecoveryIntegration'.
src/coordination/swarm/core/recovery-integration.ts(779,51): error TS2339: Property 'monitoringDashboard' does not exist on type 'RecoveryIntegration'.
src/coordination/swarm/core/recovery-integration.ts(780,19): error TS2339: Property 'chaosEngineering' does not exist on type 'RecoveryIntegration'.
src/coordination/swarm/core/recovery-integration.ts(780,43): error TS2339: Property 'chaosEngineering' does not exist on type 'RecoveryIntegration'.
src/coordination/swarm/core/recovery-integration.ts(788,10): error TS2339: Property 'logger' does not exist on type 'RecoveryIntegration'.
src/coordination/swarm/core/recovery-integration.ts(792,16): error TS2339: Property 'chaosEngineering' does not exist on type 'RecoveryIntegration'.
src/coordination/swarm/core/recovery-integration.ts(793,20): error TS2339: Property 'chaosEngineering' does not exist on type 'RecoveryIntegration'.
src/coordination/swarm/core/recovery-integration.ts(801,12): error TS2339: Property 'logger' does not exist on type 'RecoveryIntegration'.
src/coordination/swarm/core/recovery-integration.ts(811,10): error TS2339: Property 'logger' does not exist on type 'RecoveryIntegration'.
src/coordination/swarm/core/recovery-integration.ts(814,14): error TS2339: Property 'optimizationInterval' does not exist on type 'RecoveryIntegration'.
src/coordination/swarm/core/recovery-integration.ts(815,26): error TS2339: Property 'optimizationInterval' does not exist on type 'RecoveryIntegration'.
src/coordination/swarm/core/recovery-integration.ts(832,16): error TS2339: Property 'logger' does not exist on type 'RecoveryIntegration'.
src/coordination/swarm/core/recovery-integration.ts(834,16): error TS2339: Property 'logger' does not exist on type 'RecoveryIntegration'.
src/coordination/swarm/core/recovery-integration.ts(842,10): error TS2339: Property 'components' does not exist on type 'RecoveryIntegration'.
src/coordination/swarm/core/recovery-integration.ts(843,10): error TS2339: Property 'integrationStatus' does not exist on type 'RecoveryIntegration'.
src/coordination/swarm/core/recovery-integration.ts(844,10): error TS2551: Property 'isInitialized' does not exist on type 'RecoveryIntegration'. Did you mean 'initialize'?
src/coordination/swarm/core/recovery-integration.ts(845,10): error TS2339: Property 'isRunning' does not exist on type 'RecoveryIntegration'.
src/coordination/swarm/core/recovery-workflows.ts(25,10): error TS2339: Property 'options' does not exist on type 'RecoveryWorkflows'.
src/coordination/swarm/core/recovery-workflows.ts(26,27): error TS2339: Property 'maxRetries' does not exist on type '{}'.
src/coordination/swarm/core/recovery-workflows.ts(27,27): error TS2339: Property 'retryDelay' does not exist on type '{}'.
src/coordination/swarm/core/recovery-workflows.ts(28,40): error TS2339: Property 'maxConcurrentRecoveries' does not exist on type '{}'.
src/coordination/swarm/core/recovery-workflows.ts(29,39): error TS2339: Property 'enableChaosEngineering' does not exist on type '{}'.
src/coordination/swarm/core/recovery-workflows.ts(30,32): error TS2339: Property 'recoveryTimeout' does not exist on type '{}'.
src/coordination/swarm/core/recovery-workflows.ts(34,10): error TS2339: Property 'logger' does not exist on type 'RecoveryWorkflows'.
src/coordination/swarm/core/recovery-workflows.ts(41,10): error TS2339: Property 'workflows' does not exist on type 'RecoveryWorkflows'.
src/coordination/swarm/core/recovery-workflows.ts(42,10): error TS2339: Property 'activeRecoveries' does not exist on type 'RecoveryWorkflows'.
src/coordination/swarm/core/recovery-workflows.ts(43,10): error TS2339: Property 'recoveryHistory' does not exist on type 'RecoveryWorkflows'.
src/coordination/swarm/core/recovery-workflows.ts(46,10): error TS2551: Property 'healthMonitor' does not exist on type 'RecoveryWorkflows'. Did you mean 'setHealthMonitor'?
src/coordination/swarm/core/recovery-workflows.ts(47,10): error TS2339: Property 'mcpTools' does not exist on type 'RecoveryWorkflows'.
src/coordination/swarm/core/recovery-workflows.ts(48,10): error TS2551: Property 'connectionManager' does not exist on type 'RecoveryWorkflows'. Did you mean 'setConnectionManager'?
src/coordination/swarm/core/recovery-workflows.ts(51,10): error TS2339: Property 'stats' does not exist on type 'RecoveryWorkflows'.
src/coordination/swarm/core/recovery-workflows.ts(67,12): error TS2339: Property 'logger' does not exist on type 'RecoveryWorkflows'.
src/coordination/swarm/core/recovery-workflows.ts(72,12): error TS2339: Property 'logger' does not exist on type 'RecoveryWorkflows'.
src/coordination/swarm/core/recovery-workflows.ts(83,12): error TS2339: Property 'logger' does not exist on type 'RecoveryWorkflows'.
src/coordination/swarm/core/recovery-workflows.ts(99,51): error TS2339: Property 'options' does not exist on type 'RecoveryWorkflows'.
src/coordination/swarm/core/recovery-workflows.ts(100,57): error TS2339: Property 'options' does not exist on type 'RecoveryWorkflows'.
src/coordination/swarm/core/recovery-workflows.ts(108,10): error TS2339: Property 'workflows' does not exist on type 'RecoveryWorkflows'.
src/coordination/swarm/core/recovery-workflows.ts(109,10): error TS2339: Property 'recoveryHistory' does not exist on type 'RecoveryWorkflows'.
src/coordination/swarm/core/recovery-workflows.ts(111,10): error TS2339: Property 'logger' does not exist on type 'RecoveryWorkflows'.
src/coordination/swarm/core/recovery-workflows.ts(126,16): error TS2339: Property 'activeRecoveries' does not exist on type 'RecoveryWorkflows'.
src/coordination/swarm/core/recovery-workflows.ts(126,46): error TS2339: Property 'options' does not exist on type 'RecoveryWorkflows'.
src/coordination/swarm/core/recovery-workflows.ts(129,58): error TS2339: Property 'options' does not exist on type 'RecoveryWorkflows'.
src/coordination/swarm/core/recovery-workflows.ts(137,14): error TS2339: Property 'logger' does not exist on type 'RecoveryWorkflows'.
src/coordination/swarm/core/recovery-workflows.ts(147,12): error TS2339: Property 'logger' does not exist on type 'RecoveryWorkflows'.
src/coordination/swarm/core/recovery-workflows.ts(160,12): error TS2339: Property 'logger' does not exist on type 'RecoveryWorkflows'.
src/coordination/swarm/core/recovery-workflows.ts(188,10): error TS2339: Property 'activeRecoveries' does not exist on type 'RecoveryWorkflows'.
src/coordination/swarm/core/recovery-workflows.ts(189,10): error TS2339: Property 'stats' does not exist on type 'RecoveryWorkflows'.
src/coordination/swarm/core/recovery-workflows.ts(192,12): error TS2339: Property 'logger' does not exist on type 'RecoveryWorkflows'.
src/coordination/swarm/core/recovery-workflows.ts(204,14): error TS2339: Property 'logger' does not exist on type 'RecoveryWorkflows'.
src/coordination/swarm/core/recovery-workflows.ts(214,18): error TS2339: Property 'logger' does not exist on type 'RecoveryWorkflows'.
src/coordination/swarm/core/recovery-workflows.ts(216,33): error TS2339: Property 'error' does not exist on type '{ name: any; status: string; startTime: Date; context: any; }'.
src/coordination/swarm/core/recovery-workflows.ts(220,80): error TS2339: Property 'error' does not exist on type '{ name: any; status: string; startTime: Date; context: any; }'.
src/coordination/swarm/core/recovery-workflows.ts(233,17): error TS2339: Property 'endTime' does not exist on type '{ id: string; workflowName: any; workflowId: any; status: string; startTime: Date; context: {}; steps: any[]; currentStep: number; retryCount: number; rollbackRequired: boolean; }'.
src/coordination/swarm/core/recovery-workflows.ts(234,17): error TS2339: Property 'duration' does not exist on type '{ id: string; workflowName: any; workflowId: any; status: string; startTime: Date; context: {}; steps: any[]; currentStep: number; retryCount: number; rollbackRequired: boolean; }'.
src/coordination/swarm/core/recovery-workflows.ts(236,12): error TS2339: Property 'stats' does not exist on type 'RecoveryWorkflows'.
src/coordination/swarm/core/recovery-workflows.ts(237,12): error TS2339: Property 'stats' does not exist on type 'RecoveryWorkflows'.
src/coordination/swarm/core/recovery-workflows.ts(237,49): error TS2339: Property 'duration' does not exist on type '{ id: string; workflowName: any; workflowId: any; status: string; startTime: Date; context: {}; steps: any[]; currentStep: number; retryCount: number; rollbackRequired: boolean; }'.
src/coordination/swarm/core/recovery-workflows.ts(238,12): error TS2339: Property 'stats' does not exist on type 'RecoveryWorkflows'.
src/coordination/swarm/core/recovery-workflows.ts(238,45): error TS2339: Property 'stats' does not exist on type 'RecoveryWorkflows'.
src/coordination/swarm/core/recovery-workflows.ts(238,76): error TS2339: Property 'stats' does not exist on type 'RecoveryWorkflows'.
src/coordination/swarm/core/recovery-workflows.ts(240,12): error TS2339: Property 'logger' does not exist on type 'RecoveryWorkflows'.
src/coordination/swarm/core/recovery-workflows.ts(242,29): error TS2339: Property 'duration' does not exist on type '{ id: string; workflowName: any; workflowId: any; status: string; startTime: Date; context: {}; steps: any[]; currentStep: number; retryCount: number; rollbackRequired: boolean; }'.
src/coordination/swarm/core/recovery-workflows.ts(249,17): error TS2339: Property 'endTime' does not exist on type '{ id: string; workflowName: any; workflowId: any; status: string; startTime: Date; context: {}; steps: any[]; currentStep: number; retryCount: number; rollbackRequired: boolean; }'.
src/coordination/swarm/core/recovery-workflows.ts(250,17): error TS2339: Property 'duration' does not exist on type '{ id: string; workflowName: any; workflowId: any; status: string; startTime: Date; context: {}; steps: any[]; currentStep: number; retryCount: number; rollbackRequired: boolean; }'.
src/coordination/swarm/core/recovery-workflows.ts(251,17): error TS2339: Property 'error' does not exist on type '{ id: string; workflowName: any; workflowId: any; status: string; startTime: Date; context: {}; steps: any[]; currentStep: number; retryCount: number; rollbackRequired: boolean; }'.
src/coordination/swarm/core/recovery-workflows.ts(253,12): error TS2339: Property 'stats' does not exist on type 'RecoveryWorkflows'.
src/coordination/swarm/core/recovery-workflows.ts(255,12): error TS2339: Property 'logger' does not exist on type 'RecoveryWorkflows'.
src/coordination/swarm/core/recovery-workflows.ts(266,16): error TS2339: Property 'logger' does not exist on type 'RecoveryWorkflows'.
src/coordination/swarm/core/recovery-workflows.ts(276,28): error TS2339: Property 'recoveryHistory' does not exist on type 'RecoveryWorkflows'.
src/coordination/swarm/core/recovery-workflows.ts(287,12): error TS2339: Property 'activeRecoveries' does not exist on type 'RecoveryWorkflows'.
src/coordination/swarm/core/recovery-workflows.ts(316,18): error TS2339: Property 'result' does not exist on type '{ name: any; status: string; startTime: Date; context: any; }'.
src/coordination/swarm/core/recovery-workflows.ts(317,18): error TS2339: Property 'endTime' does not exist on type '{ name: any; status: string; startTime: Date; context: any; }'.
src/coordination/swarm/core/recovery-workflows.ts(318,18): error TS2339: Property 'duration' does not exist on type '{ name: any; status: string; startTime: Date; context: any; }'.
src/coordination/swarm/core/recovery-workflows.ts(320,12): error TS2339: Property 'logger' does not exist on type 'RecoveryWorkflows'.
src/coordination/swarm/core/recovery-workflows.ts(322,30): error TS2339: Property 'duration' does not exist on type '{ name: any; status: string; startTime: Date; context: any; }'.
src/coordination/swarm/core/recovery-workflows.ts(326,18): error TS2339: Property 'error' does not exist on type '{ name: any; status: string; startTime: Date; context: any; }'.
src/coordination/swarm/core/recovery-workflows.ts(327,18): error TS2339: Property 'endTime' does not exist on type '{ name: any; status: string; startTime: Date; context: any; }'.
src/coordination/swarm/core/recovery-workflows.ts(328,18): error TS2339: Property 'duration' does not exist on type '{ name: any; status: string; startTime: Date; context: any; }'.
src/coordination/swarm/core/recovery-workflows.ts(330,12): error TS2339: Property 'logger' does not exist on type 'RecoveryWorkflows'.
src/coordination/swarm/core/recovery-workflows.ts(357,10): error TS2339: Property 'logger' does not exist on type 'RecoveryWorkflows'.
src/coordination/swarm/core/recovery-workflows.ts(370,14): error TS2339: Property 'logger' does not exist on type 'RecoveryWorkflows'.
src/coordination/swarm/core/recovery-workflows.ts(415,14): error TS2339: Property 'logger' does not exist on type 'RecoveryWorkflows'.
src/coordination/swarm/core/recovery-workflows.ts(429,42): error TS2339: Property 'workflows' does not exist on type 'RecoveryWorkflows'.
src/coordination/swarm/core/recovery-workflows.ts(471,28): error TS2339: Property 'activeRecoveries' does not exist on type 'RecoveryWorkflows'.
src/coordination/swarm/core/recovery-workflows.ts(480,10): error TS2339: Property 'logger' does not exist on type 'RecoveryWorkflows'.
src/coordination/swarm/core/recovery-workflows.ts(493,30): error TS2339: Property 'activeRecoveries' does not exist on type 'RecoveryWorkflows'.
src/coordination/swarm/core/recovery-workflows.ts(496,36): error TS2339: Property 'recoveryHistory' does not exist on type 'RecoveryWorkflows'.
src/coordination/swarm/core/recovery-workflows.ts(506,28): error TS2339: Property 'activeRecoveries' does not exist on type 'RecoveryWorkflows'.
src/coordination/swarm/core/recovery-workflows.ts(514,15): error TS2339: Property 'stats' does not exist on type 'RecoveryWorkflows'.
src/coordination/swarm/core/recovery-workflows.ts(515,30): error TS2339: Property 'activeRecoveries' does not exist on type 'RecoveryWorkflows'.
src/coordination/swarm/core/recovery-workflows.ts(516,33): error TS2339: Property 'workflows' does not exist on type 'RecoveryWorkflows'.
src/coordination/swarm/core/recovery-workflows.ts(517,41): error TS2339: Property 'workflows' does not exist on type 'RecoveryWorkflows'.
src/coordination/swarm/core/recovery-workflows.ts(517,77): error TS2339: Property 'enabled' does not exist on type 'unknown'.
src/coordination/swarm/core/recovery-workflows.ts(525,10): error TS2551: Property 'healthMonitor' does not exist on type 'RecoveryWorkflows'. Did you mean 'setHealthMonitor'?
src/coordination/swarm/core/recovery-workflows.ts(526,10): error TS2339: Property 'logger' does not exist on type 'RecoveryWorkflows'.
src/coordination/swarm/core/recovery-workflows.ts(530,10): error TS2339: Property 'mcpTools' does not exist on type 'RecoveryWorkflows'.
src/coordination/swarm/core/recovery-workflows.ts(531,10): error TS2339: Property 'logger' does not exist on type 'RecoveryWorkflows'.
src/coordination/swarm/core/recovery-workflows.ts(535,10): error TS2551: Property 'connectionManager' does not exist on type 'RecoveryWorkflows'. Did you mean 'setConnectionManager'?
src/coordination/swarm/core/recovery-workflows.ts(536,10): error TS2339: Property 'logger' does not exist on type 'RecoveryWorkflows'.
src/coordination/swarm/core/recovery-workflows.ts(562,23): error TS2339: Property 'mcpTools' does not exist on type 'RecoveryWorkflows'.
src/coordination/swarm/core/recovery-workflows.ts(563,31): error TS2339: Property 'mcpTools' does not exist on type 'RecoveryWorkflows'.
src/coordination/swarm/core/recovery-workflows.ts(719,10): error TS2339: Property 'logger' does not exist on type 'RecoveryWorkflows'.
src/coordination/swarm/core/recovery-workflows.ts(720,27): error TS2339: Property 'workflows' does not exist on type 'RecoveryWorkflows'.
src/coordination/swarm/core/recovery-workflows.ts(729,10): error TS2339: Property 'logger' does not exist on type 'RecoveryWorkflows'.
src/coordination/swarm/core/recovery-workflows.ts(731,15): error TS2339: Property 'mcpTools' does not exist on type 'RecoveryWorkflows'.
src/coordination/swarm/core/recovery-workflows.ts(737,39): error TS2339: Property 'mcpTools' does not exist on type 'RecoveryWorkflows'.
src/coordination/swarm/core/recovery-workflows.ts(740,18): error TS2339: Property 'mcpTools' does not exist on type 'RecoveryWorkflows'.
src/coordination/swarm/core/recovery-workflows.ts(746,40): error TS2339: Property 'mcpTools' does not exist on type 'RecoveryWorkflows'.
src/coordination/swarm/core/recovery-workflows.ts(758,10): error TS2339: Property 'logger' does not exist on type 'RecoveryWorkflows'.
src/coordination/swarm/core/recovery-workflows.ts(760,15): error TS2339: Property 'mcpTools' does not exist on type 'RecoveryWorkflows'.
src/coordination/swarm/core/recovery-workflows.ts(766,33): error TS2339: Property 'mcpTools' does not exist on type 'RecoveryWorkflows'.
src/coordination/swarm/core/recovery-workflows.ts(774,35): error TS2339: Property 'mcpTools' does not exist on type 'RecoveryWorkflows'.
src/coordination/swarm/core/recovery-workflows.ts(787,10): error TS2339: Property 'logger' does not exist on type 'RecoveryWorkflows'.
src/coordination/swarm/core/recovery-workflows.ts(806,10): error TS2339: Property 'logger' does not exist on type 'RecoveryWorkflows'.
src/coordination/swarm/core/recovery-workflows.ts(808,15): error TS2551: Property 'connectionManager' does not exist on type 'RecoveryWorkflows'. Did you mean 'setConnectionManager'?
src/coordination/swarm/core/recovery-workflows.ts(822,10): error TS2339: Property 'logger' does not exist on type 'RecoveryWorkflows'.
src/coordination/swarm/core/recovery-workflows.ts(824,15): error TS2339: Property 'mcpTools' does not exist on type 'RecoveryWorkflows'.
src/coordination/swarm/core/recovery-workflows.ts(829,39): error TS2339: Property 'mcpTools' does not exist on type 'RecoveryWorkflows'.
src/coordination/swarm/core/recovery-workflows.ts(838,36): error TS2339: Property 'mcpTools' does not exist on type 'RecoveryWorkflows'.
src/coordination/swarm/core/recovery-workflows.ts(859,10): error TS2339: Property 'logger' does not exist on type 'RecoveryWorkflows'.
src/coordination/swarm/core/recovery-workflows.ts(885,10): error TS2339: Property 'logger' does not exist on type 'RecoveryWorkflows'.
src/coordination/swarm/core/recovery-workflows.ts(887,15): error TS2339: Property 'mcpTools' does not exist on type 'RecoveryWorkflows'.
src/coordination/swarm/core/recovery-workflows.ts(893,38): error TS2339: Property 'mcpTools' does not exist on type 'RecoveryWorkflows'.
src/coordination/swarm/core/recovery-workflows.ts(911,34): error TS2339: Property 'workflows' does not exist on type 'RecoveryWorkflows'.
src/coordination/swarm/core/recovery-workflows.ts(914,23): error TS2339: Property 'recoveryHistory' does not exist on type 'RecoveryWorkflows'.
src/coordination/swarm/core/recovery-workflows.ts(916,41): error TS2339: Property 'activeRecoveries' does not exist on type 'RecoveryWorkflows'.
src/coordination/swarm/core/recovery-workflows.ts(924,15): error TS2339: Property 'options' does not exist on type 'RecoveryWorkflows'.
src/coordination/swarm/core/recovery-workflows.ts(928,10): error TS2339: Property 'logger' does not exist on type 'RecoveryWorkflows'.
src/coordination/swarm/core/recovery-workflows.ts(988,10): error TS2339: Property 'logger' does not exist on type 'RecoveryWorkflows'.
src/coordination/swarm/core/recovery-workflows.ts(991,50): error TS2339: Property 'activeRecoveries' does not exist on type 'RecoveryWorkflows'.
src/coordination/swarm/core/recovery-workflows.ts(995,14): error TS2339: Property 'logger' does not exist on type 'RecoveryWorkflows'.
src/coordination/swarm/core/recovery-workflows.ts(1002,10): error TS2339: Property 'workflows' does not exist on type 'RecoveryWorkflows'.
src/coordination/swarm/core/recovery-workflows.ts(1003,10): error TS2339: Property 'activeRecoveries' does not exist on type 'RecoveryWorkflows'.
src/coordination/swarm/core/recovery-workflows.ts(1004,10): error TS2339: Property 'recoveryHistory' does not exist on type 'RecoveryWorkflows'.
src/coordination/swarm/core/schemas.ts(124,31): error TS2339: Property 'required' does not exist on type 'unknown'.
src/coordination/swarm/core/schemas.ts(129,24): error TS2339: Property 'type' does not exist on type 'unknown'.
src/coordination/swarm/core/schemas.ts(772,17): error TS2339: Property 'details' does not exist on type 'ValidationError'.
src/coordination/swarm/core/schemas.ts(773,17): error TS2339: Property 'details' does not exist on type 'ValidationError'.
src/coordination/swarm/core/schemas.ts(808,27): error TS2339: Property 'type' does not exist on type 'unknown'.
src/coordination/swarm/core/schemas.ts(809,31): error TS2339: Property 'required' does not exist on type 'unknown'.
src/coordination/swarm/core/schemas.ts(810,30): error TS2339: Property 'default' does not exist on type 'unknown'.
src/coordination/swarm/core/schemas.ts(814,23): error TS2339: Property 'enum' does not exist on type 'unknown'.
src/coordination/swarm/core/schemas.ts(815,63): error TS2339: Property 'enum' does not exist on type 'unknown'.
src/coordination/swarm/core/schemas.ts(817,23): error TS2339: Property 'min' does not exist on type 'unknown'.
src/coordination/swarm/core/schemas.ts(817,56): error TS2339: Property 'max' does not exist on type 'unknown'.
src/coordination/swarm/core/schemas.ts(819,28): error TS2339: Property 'min' does not exist on type 'unknown'.
src/coordination/swarm/core/schemas.ts(820,28): error TS2339: Property 'max' does not exist on type 'unknown'.
src/coordination/swarm/core/schemas.ts(823,23): error TS2339: Property 'minLength' does not exist on type 'unknown'.
src/coordination/swarm/core/schemas.ts(823,62): error TS2339: Property 'maxLength' does not exist on type 'unknown'.
src/coordination/swarm/core/schemas.ts(825,28): error TS2339: Property 'minLength' does not exist on type 'unknown'.
src/coordination/swarm/core/schemas.ts(826,28): error TS2339: Property 'maxLength' does not exist on type 'unknown'.
src/coordination/swarm/core/security/command-sanitizer.ts(18,24): error TS2339: Property 'stdio' does not exist on type '{}'.
src/coordination/swarm/core/security/security-tests.ts(12,10): error TS2339: Property 'testResults' does not exist on type 'SecurityTester'.
src/coordination/swarm/core/security/security-tests.ts(13,10): error TS2339: Property 'failedTests' does not exist on type 'SecurityTester'.
src/coordination/swarm/core/security/security-tests.ts(21,10): error TS2339: Property 'testResults' does not exist on type 'SecurityTester'.
src/coordination/swarm/core/security/security-tests.ts(28,12): error TS2339: Property 'failedTests' does not exist on type 'SecurityTester'.
src/coordination/swarm/core/security/security-tests.ts(327,14): error TS2339: Property 'failedTests' does not exist on type 'SecurityTester'.
src/coordination/swarm/core/security/security-tests.ts(328,12): error TS2339: Property 'failedTests' does not exist on type 'SecurityTester'.
src/coordination/swarm/core/security/security-tests.ts(341,24): error TS2339: Property 'testResults' does not exist on type 'SecurityTester'.
src/coordination/swarm/core/security/security-tests.ts(342,25): error TS2339: Property 'testResults' does not exist on type 'SecurityTester'.
src/coordination/swarm/core/security/security-tests.ts(342,51): error TS2339: Property 'failedTests' does not exist on type 'SecurityTester'.
src/coordination/swarm/core/security/security-tests.ts(343,25): error TS2339: Property 'failedTests' does not exist on type 'SecurityTester'.
src/coordination/swarm/core/security/security-tests.ts(344,28): error TS2339: Property 'failedTests' does not exist on type 'SecurityTester'.
src/coordination/swarm/core/security/security-tests.ts(345,25): error TS2339: Property 'testResults' does not exist on type 'SecurityTester'.
src/coordination/swarm/core/security/security-tests.ts(347,14): error TS2339: Property 'failedTests' does not exist on type 'SecurityTester'.
src/coordination/swarm/core/session-example.ts(311,59): error TS2345: Argument of type '{ id: string; type: string; capabilities: string[]; }' is not assignable to parameter of type 'AgentConfig'.
  Types of property 'type' are incompatible.
    Type 'string' is not assignable to type 'AgentType'.
src/coordination/swarm/core/session-integration.ts(41,18): error TS4113: This member cannot have an 'override' modifier because it is not declared in the base class 'ZenSwarm'.
src/coordination/swarm/core/session-integration.ts(43,17): error TS2339: Property 'init' does not exist on type 'ZenSwarm'.
src/coordination/swarm/core/session-integration.ts(63,12): error TS2341: Property 'options' is private and only accessible within class 'ZenSwarm'.
src/coordination/swarm/core/session-integration.ts(240,12): error TS4113: This member cannot have an 'override' modifier because it is not declared in the base class 'ZenSwarm'.
src/coordination/swarm/core/session-integration.ts(241,27): error TS2339: Property 'addAgent' does not exist on type 'ZenSwarm'.
src/coordination/swarm/core/session-integration.ts(262,18): error TS4113: This member cannot have an 'override' modifier because it is not declared in the base class 'ZenSwarm'.
src/coordination/swarm/core/session-integration.ts(263,32): error TS2339: Property 'submitTask' does not exist on type 'ZenSwarm'.
src/coordination/swarm/core/session-integration.ts(284,18): error TS4113: This member cannot have an 'override' modifier because it is not declared in the base class 'ZenSwarm'.
src/coordination/swarm/core/session-integration.ts(301,17): error TS2339: Property 'destroy' does not exist on type 'ZenSwarm'.
src/coordination/swarm/core/session-manager.test.ts(27,12): error TS2416: Property 'pool' in type 'MockPersistence' is not assignable to the same property in base type 'SwarmPersistencePooled'.
  Type '{ read: Mock<(sql: string, _params?: any[]) => Promise<any[]>>; write: Mock<(sql: string, params?: any[]) => Promise<{ changes: number; lastInsertRowid: number; }>>; }' is missing the following properties from type 'SQLiteConnectionPool': dbPath, options, pool, createPool, and 4 more.
src/coordination/swarm/core/session-manager.test.ts(112,41): error TS2345: Argument of type 'MockPersistence' is not assignable to parameter of type 'SwarmPersistencePooled'.
  Types of property 'pool' are incompatible.
    Type '{ read: Mock<(sql: string, _params?: any[]) => Promise<any[]>>; write: Mock<(sql: string, params?: any[]) => Promise<{ changes: number; lastInsertRowid: number; }>>; }' is missing the following properties from type 'SQLiteConnectionPool': dbPath, options, pool, createPool, and 4 more.
src/coordination/swarm/core/session-manager.test.ts(324,7): error TS2345: Argument of type 'MockPersistence' is not assignable to parameter of type 'SwarmPersistencePooled'.
  Types of property 'pool' are incompatible.
    Type '{ read: Mock<(sql: string, _params?: any[]) => Promise<any[]>>; write: Mock<(sql: string, params?: any[]) => Promise<{ changes: number; lastInsertRowid: number; }>>; }' is missing the following properties from type 'SQLiteConnectionPool': dbPath, options, pool, createPool, and 4 more.
src/coordination/swarm/core/session-manager.test.ts(562,41): error TS2345: Argument of type 'MockPersistence' is not assignable to parameter of type 'SwarmPersistencePooled'.
  Types of property 'pool' are incompatible.
    Type '{ read: Mock<(sql: string, _params?: any[]) => Promise<any[]>>; write: Mock<(sql: string, params?: any[]) => Promise<{ changes: number; lastInsertRowid: number; }>>; }' is missing the following properties from type 'SQLiteConnectionPool': dbPath, options, pool, createPool, and 4 more.
src/coordination/swarm/core/session-manager.test.ts(600,7): error TS2345: Argument of type 'MockPersistence' is not assignable to parameter of type 'SwarmPersistencePooled'.
  Types of property 'pool' are incompatible.
    Type '{ read: Mock<(sql: string, _params?: any[]) => Promise<any[]>>; write: Mock<(sql: string, params?: any[]) => Promise<{ changes: number; lastInsertRowid: number; }>>; }' is missing the following properties from type 'SQLiteConnectionPool': dbPath, options, pool, createPool, and 4 more.
src/coordination/swarm/core/singleton-container.ts(8,10): error TS2339: Property 'instances' does not exist on type 'SingletonContainer'.
src/coordination/swarm/core/singleton-container.ts(9,10): error TS2339: Property 'factories' does not exist on type 'SingletonContainer'.
src/coordination/swarm/core/singleton-container.ts(10,10): error TS2339: Property 'isDestroying' does not exist on type 'SingletonContainer'.
src/coordination/swarm/core/singleton-container.ts(24,10): error TS2339: Property 'factories' does not exist on type 'SingletonContainer'.
src/coordination/swarm/core/singleton-container.ts(26,21): error TS2339: Property 'lazy' does not exist on type '{}'.
src/coordination/swarm/core/singleton-container.ts(27,26): error TS2339: Property 'singleton' does not exist on type '{}'.
src/coordination/swarm/core/singleton-container.ts(28,29): error TS2339: Property 'dependencies' does not exist on type '{}'.
src/coordination/swarm/core/singleton-container.ts(38,14): error TS2339: Property 'isDestroying' does not exist on type 'SingletonContainer'.
src/coordination/swarm/core/singleton-container.ts(43,14): error TS2339: Property 'instances' does not exist on type 'SingletonContainer'.
src/coordination/swarm/core/singleton-container.ts(44,19): error TS2339: Property 'instances' does not exist on type 'SingletonContainer'.
src/coordination/swarm/core/singleton-container.ts(48,25): error TS2339: Property 'factories' does not exist on type 'SingletonContainer'.
src/coordination/swarm/core/singleton-container.ts(62,14): error TS2339: Property 'instances' does not exist on type 'SingletonContainer'.
src/coordination/swarm/core/singleton-container.ts(77,17): error TS2339: Property 'factories' does not exist on type 'SingletonContainer'.
src/coordination/swarm/core/singleton-container.ts(77,44): error TS2339: Property 'instances' does not exist on type 'SingletonContainer'.
src/coordination/swarm/core/singleton-container.ts(85,27): error TS2339: Property 'instances' does not exist on type 'SingletonContainer'.
src/coordination/swarm/core/singleton-container.ts(89,10): error TS2339: Property 'instances' does not exist on type 'SingletonContainer'.
src/coordination/swarm/core/singleton-container.ts(96,10): error TS2339: Property 'isDestroying' does not exist on type 'SingletonContainer'.
src/coordination/swarm/core/singleton-container.ts(99,39): error TS2339: Property 'instances' does not exist on type 'SingletonContainer'.
src/coordination/swarm/core/singleton-container.ts(101,16): error TS2488: Type 'unknown' must have a '[Symbol.iterator]()' method that returns an iterator.
src/coordination/swarm/core/singleton-container.ts(111,10): error TS2339: Property 'instances' does not exist on type 'SingletonContainer'.
src/coordination/swarm/core/singleton-container.ts(112,10): error TS2339: Property 'factories' does not exist on type 'SingletonContainer'.
src/coordination/swarm/core/singleton-container.ts(123,10): error TS2339: Property 'isDestroying' does not exist on type 'SingletonContainer'.
src/coordination/swarm/core/singleton-container.ts(132,32): error TS2339: Property 'factories' does not exist on type 'SingletonContainer'.
src/coordination/swarm/core/singleton-container.ts(133,29): error TS2339: Property 'instances' does not exist on type 'SingletonContainer'.
src/coordination/swarm/core/singleton-container.ts(134,33): error TS2339: Property 'factories' does not exist on type 'SingletonContainer'.
src/coordination/swarm/core/singleton-container.ts(135,34): error TS2339: Property 'instances' does not exist on type 'SingletonContainer'.
src/coordination/swarm/index.ts(5,15): error TS2307: Cannot find module './claude-zen/claude-zen-enhanced' or its corresponding type declarations.
src/coordination/swarm/index.ts(6,47): error TS2307: Cannot find module './claude-zen/claude-zen-enhanced' or its corresponding type declarations.
src/coordination/swarm/index.ts(8,10): error TS2305: Module '"./cognitive-patterns/cognitive-pattern-evolution"' has no exported member 'default'.
src/coordination/swarm/knowledge-sync.ts(14,41): error TS2307: Cannot find module '@memory/stores/session-memory-store' or its corresponding type declarations.
src/coordination/swarm/knowledge-sync.ts(225,61): error TS2345: Argument of type 'Omit<SwarmLearning, "id" | "timestamp">' is not assignable to parameter of type 'SwarmLearning'.
  Type 'Omit<SwarmLearning, "id" | "timestamp">' is missing the following properties from type 'SwarmLearning': id, timestamp
src/coordination/swarm/knowledge-sync.ts(226,61): error TS2345: Argument of type 'Omit<SwarmLearning, "id" | "timestamp">' is not assignable to parameter of type 'SwarmLearning'.
  Type 'Omit<SwarmLearning, "id" | "timestamp">' is missing the following properties from type 'SwarmLearning': id, timestamp
src/coordination/swarm/knowledge-sync.ts(227,40): error TS2345: Argument of type 'Omit<SwarmLearning, "id" | "timestamp">' is not assignable to parameter of type 'SwarmLearning'.
  Type 'Omit<SwarmLearning, "id" | "timestamp">' is missing the following properties from type 'SwarmLearning': id, timestamp
src/coordination/swarm/knowledge-sync.ts(419,28): error TS2339: Property 'timestamp' does not exist on type 'LocalKnowledgeEntry'.
src/coordination/swarm/knowledge-sync.ts(546,35): error TS2339: Property 'timestamp' does not exist on type 'LocalKnowledgeEntry'.
src/coordination/swarm/knowledge-sync.ts(643,23): error TS2339: Property 'timestamp' does not exist on type 'LocalKnowledgeEntry'.
src/core/application-coordinator.ts(16,31): error TS2307: Cannot find module '../memory/manager' or its corresponding type declarations.
src/core/application-coordinator.ts(17,10): error TS2305: Module '"../memory/memory"' has no exported member 'EnhancedMemory'.
src/core/application-coordinator.ts(19,10): error TS2724: '"./documentation-linker"' has no exported member named 'DocumentationLinker'. Did you mean 'DocumentationIndex'?
src/core/application-coordinator.ts(20,10): error TS2305: Module '"./export-manager"' has no exported member 'ExportManager'.
src/core/application-coordinator.ts(25,29): error TS2559: Type '"ApplicationCoordinator"' has no properties in common with type 'Partial<LoggerConfig>'.
src/core/application-coordinator.ts(135,7): error TS2353: Object literal may only specify known properties, and 'maxConcurrentWorkflows' does not exist in type 'DocumentService'.
src/core/application-coordinator.ts(173,11): error TS2554: Expected 2-3 arguments, but got 4.
src/core/application-coordinator.ts(343,11): error TS2353: Object literal may only specify known properties, and 'totalExports' does not exist in type '{ status: string; availableFormats: number; }'.
src/core/core-system.ts(73,10): error TS2305: Module '"./export-manager"' has no exported member 'ExportManager'.
src/core/core-system.ts(79,29): error TS2559: Type '"CoreSystem"' has no properties in common with type 'Partial<LoggerConfig>'.
src/core/core-system.ts(181,7): error TS2353: Object literal may only specify known properties, and 'maxConcurrentWorkflows' does not exist in type 'DocumentService'.
src/core/core-system.ts(309,55): error TS2339: Property 'getMetrics' does not exist on type 'WorkflowEngine'.
src/core/core-system.ts(414,34): error TS2339: Property 'shutdown' does not exist on type 'WorkflowEngine'.
src/core/database-driven-system.ts(26,29): error TS2559: Type '"DatabaseDriven"' has no properties in common with type 'Partial<LoggerConfig>'.
src/core/database-driven-system.ts(88,62): error TS2345: Argument of type '{ name: string; domain: string; description: string; complexity: "moderate" | "enterprise" | "simple" | "complex"; vision_document_ids: undefined[]; adr_document_ids: undefined[]; prd_document_ids: undefined[]; ... 7 more ...; author: string; }' is not assignable to parameter of type 'Omit<ProjectEntity, "id" | "created_at" | "updated_at">'.
  Property 'sparc_integration' is missing in type '{ name: string; domain: string; description: string; complexity: "moderate" | "enterprise" | "simple" | "complex"; vision_document_ids: undefined[]; adr_document_ids: undefined[]; prd_document_ids: undefined[]; ... 7 more ...; author: string; }' but required in type 'Omit<ProjectEntity, "id" | "created_at" | "updated_at">'.
src/core/database-driven-system.ts(196,24): error TS2353: Object literal may only specify known properties, and 'projectId' does not exist in type 'Partial<WorkflowContext>'.
src/core/database-driven-system.ts(933,19): error TS2304: Cannot find name 'UnifiedWorkflowEngine'.
src/core/document-processor.ts(27,29): error TS2559: Type '"DocumentProcessor"' has no properties in common with type 'Partial<LoggerConfig>'.
src/core/document-processor.ts(316,76): error TS2345: Argument of type 'Document' is not assignable to parameter of type 'BaseDocumentEntity'.
  Type 'Document' is missing the following properties from type 'BaseDocumentEntity': title, status, priority, tags, and 9 more.
src/core/documentation-linker.ts(14,29): error TS2559: Type '"UnifiedDocLinker"' has no properties in common with type 'Partial<LoggerConfig>'.
src/core/documentation-manager.ts(23,29): error TS2559: Type '"DocumentationManager"' has no properties in common with type 'Partial<LoggerConfig>'.
src/core/error-monitoring.ts(344,7): error TS2353: Object literal may only specify known properties, and 'averageResponseTime' does not exist in type 'SystemHealthMetrics'.
src/core/error-recovery.ts(72,15): error TS2511: Cannot create an instance of an abstract class.
src/core/error-recovery.ts(156,33): error TS2339: Property 'failureHistory' does not exist on type 'CircuitBreaker'.
src/core/error-recovery.ts(159,30): error TS2339: Property 'callHistory' does not exist on type 'CircuitBreaker'.
src/core/error-system-integration.ts(176,58): error TS2341: Property 'emergencyShutdown' is private and only accessible within class 'SystemResilienceOrchestrator'.
src/core/export-manager.ts(13,29): error TS2559: Type '"UnifiedExport"' has no properties in common with type 'Partial<LoggerConfig>'.
src/core/exporters.ts(288,19): error TS2341: Property 'convertToCSV' is private and only accessible within class 'ExportSystem'.
src/core/exporters.ts(296,19): error TS2341: Property 'convertToYAML' is private and only accessible within class 'ExportSystem'.
src/core/exporters.ts(304,19): error TS2341: Property 'convertToXML' is private and only accessible within class 'ExportSystem'.
src/core/exporters.ts(312,19): error TS2341: Property 'convertToMarkdown' is private and only accessible within class 'ExportSystem'.
src/core/index.ts(24,15): error TS2305: Module '"./export-manager"' has no exported member 'ExportManagerConfig'.
src/core/index.ts(24,36): error TS2300: Duplicate identifier 'ExportResult'.
src/core/index.ts(24,50): error TS2305: Module '"./export-manager"' has no exported member 'ExportStats'.
src/core/index.ts(26,10): error TS2300: Duplicate identifier 'ExportManager'.
src/core/index.ts(26,10): error TS2305: Module '"./export-manager"' has no exported member 'ExportManager'.
src/core/index.ts(38,3): error TS2305: Module '"./workflow-engine"' has no exported member 'DocumentType'.
src/core/index.ts(39,3): error TS2459: Module '"./workflow-engine"' declares 'WorkflowDefinition' locally, but it is not exported.
src/core/index.ts(40,3): error TS2724: '"./workflow-engine"' has no exported member named 'WorkflowEngineConfig'. Did you mean 'WorkflowEngine'?
src/core/index.ts(41,3): error TS2459: Module '"./workflow-engine"' declares 'WorkflowState' locally, but it is not exported.
src/core/index.ts(44,10): error TS2300: Duplicate identifier 'WorkflowEngine'.
src/core/index.ts(51,10): error TS2305: Module '"./memory-coordinator"' has no exported member 'MemoryCoordinator'.
src/core/index.ts(52,10): error TS2300: Duplicate identifier 'WorkflowEngine'.
src/core/index.ts(61,3): error TS2305: Module '"./documentation-linker"' has no exported member 'DocumentIndex'.
src/core/index.ts(62,3): error TS2305: Module '"./documentation-linker"' has no exported member 'DocumentLink'.
src/core/index.ts(65,10): error TS2300: Duplicate identifier 'DocumentationLinker'.
src/core/index.ts(65,10): error TS2724: '"./documentation-linker"' has no exported member named 'DocumentationLinker'. Did you mean 'DocumentationIndex'?
src/core/index.ts(65,31): error TS2300: Duplicate identifier 'DocumentationLinker'.
src/core/index.ts(65,31): error TS2724: '"./documentation-linker"' has no exported member named 'DocumentationLinker'. Did you mean 'DocumentationIndex'?
src/core/index.ts(79,10): error TS2300: Duplicate identifier 'ExportManager'.
src/core/index.ts(79,10): error TS2305: Module '"./export-manager"' has no exported member 'ExportManager'.
src/core/index.ts(83,3): error TS2300: Duplicate identifier 'ExportResult'.
src/core/index.ts(96,1): error TS2308: Module '../types/shared-types' has already exported a member named 'ComponentHealth'. Consider explicitly re-exporting to resolve the ambiguity.
src/core/index.ts(96,1): error TS2308: Module '../types/shared-types' has already exported a member named 'MemoryEntry'. Consider explicitly re-exporting to resolve the ambiguity.
src/core/index.ts(96,1): error TS2308: Module '../types/shared-types' has already exported a member named 'Message'. Consider explicitly re-exporting to resolve the ambiguity.
src/core/index.ts(96,1): error TS2308: Module '../types/shared-types' has already exported a member named 'Task'. Consider explicitly re-exporting to resolve the ambiguity.
src/core/index.ts(96,1): error TS2308: Module '../types/shared-types' has already exported a member named 'TaskStatus'. Consider explicitly re-exporting to resolve the ambiguity.
src/core/init.ts(29,31): error TS2345: Argument of type '{ prefix: string; }' is not assignable to parameter of type 'string'.
src/core/interface-launcher.ts(16,29): error TS2559: Type '"InterfaceLauncher"' has no properties in common with type 'Partial<LoggerConfig>'.
src/core/interface-launcher.ts(236,9): error TS2353: Object literal may only specify known properties, and 'coreSystem' does not exist in type 'WebConfig'.
src/core/interface-launcher.ts(239,17): error TS2339: Property 'initialize' does not exist on type 'WebInterface'.
src/core/interface-launcher.ts(240,32): error TS2339: Property 'start' does not exist on type 'WebInterface'.
src/core/interface-launcher.ts(396,67): error TS2554: Expected 1-3 arguments, but got 4.
src/core/interface-manager.ts(23,29): error TS2559: Type '"InterfaceManager"' has no properties in common with type 'Partial<LoggerConfig>'.
src/core/memory-coordinator.ts(12,29): error TS2559: Type '"UnifiedMemory"' has no properties in common with type 'Partial<LoggerConfig>'.
src/core/memory-system.ts(272,21): error TS2351: This expression is not constructable.
  Not all constituents of type 'DatabaseConstructor | { default: DatabaseConstructor; prototype: Database; SqliteError: typeof SqliteErrorClass; }' are constructable.
    Type '{ default: DatabaseConstructor; prototype: Database; SqliteError: typeof SqliteErrorClass; }' has no construct signatures.
src/core/orchestrator-provider.ts(4,31): error TS2307: Cannot find module '../memory/manager' or its corresponding type declarations.
src/core/orchestrator.ts(184,24): error TS2345: Argument of type '"system:shutdown"' is not assignable to parameter of type 'keyof SystemEvents | keyof WorkflowEvents | keyof CoordinationEvents | keyof NeuralEvents | keyof MemoryEvents'.
src/core/product-flow-system.ts(16,29): error TS2559: Type '"ProductFlowSystem"' has no properties in common with type 'Partial<LoggerConfig>'.
src/core/workflow-engine.ts(25,29): error TS2559: Type '"WorkflowEngine"' has no properties in common with type 'Partial<LoggerConfig>'.
src/core/workflow-engine.ts(265,13): error TS2304: Cannot find name 'UnifiedMemorySystem'.
src/core/workflow-engine.ts(468,55): error TS2345: Argument of type 'WorkflowState' is not assignable to parameter of type 'JSONValue'.
  Type 'WorkflowState' is not assignable to type '{ [key: string]: JSONValue; }'.
    Index signature for type 'string' is missing in type 'WorkflowState'.
src/core/workflow-engine.ts(503,19): error TS2353: Object literal may only specify known properties, and 'documentType' does not exist in type 'WorkflowContext'.
src/core/workflow-engine.ts(518,15): error TS2353: Object literal may only specify known properties, and 'documentType' does not exist in type 'Partial<WorkflowContext>'.
src/core/workflow-engine.ts(564,16): error TS2540: Cannot assign to 'status' because it is a read-only property.
src/core/workflow-engine.ts(567,29): error TS2339: Property 'currentStep' does not exist on type 'WorkflowState'.
src/core/workflow-engine.ts(573,18): error TS2339: Property 'currentStep' does not exist on type 'WorkflowState'.
src/core/workflow-engine.ts(574,18): error TS2540: Cannot assign to 'progress' because it is a read-only property.
src/core/workflow-engine.ts(576,50): error TS2345: Argument of type 'WorkflowStepState' is not assignable to parameter of type 'WorkflowStep'.
  Property 'type' is missing in type 'WorkflowStepState' but required in type 'WorkflowStep'.
src/core/workflow-engine.ts(581,18): error TS2540: Cannot assign to 'status' because it is a read-only property.
src/core/workflow-engine.ts(582,18): error TS2540: Cannot assign to 'progress' because it is a read-only property.
src/core/workflow-engine.ts(583,18): error TS2540: Cannot assign to 'endTime' because it is a read-only property.
src/core/workflow-engine.ts(588,16): error TS2540: Cannot assign to 'status' because it is a read-only property.
src/core/workflow-engine.ts(589,16): error TS2540: Cannot assign to 'error' because it is a read-only property.
src/core/workflow-engine.ts(590,16): error TS2540: Cannot assign to 'endTime' because it is a read-only property.
src/core/workflow-engine.ts(648,9): error TS2739: Type '{}' is missing the following properties from type 'StepExecutionResult': success, duration, timestamp
src/core/workflow-engine.ts(648,9): error TS2542: Index signature in type 'WorkflowStepResults' only permits reading.
src/core/workflow-engine.ts(650,33): error TS2339: Property 'push' does not exist on type 'readonly CompletedStepInfo[]'.
src/core/workflow-engine.ts(671,13): error TS2542: Index signature in type 'WorkflowStepResults' only permits reading.
src/core/workflow-engine.ts(671,46): error TS2322: Type 'string' is not assignable to type 'WorkflowError'.
src/core/workflow-engine.ts(675,13): error TS2542: Index signature in type 'WorkflowStepResults' only permits reading.
src/core/workflow-engine.ts(675,46): error TS2353: Object literal may only specify known properties, and 'skipped' does not exist in type 'StepExecutionResult'.
src/core/workflow-engine.ts(739,35): error TS2339: Property 'name' does not exist on type 'DocumentContent'.
src/core/workflow-engine.ts(752,34): error TS2339: Property 'architectural_requirements' does not exist on type 'WorkflowContext'.
src/core/workflow-engine.ts(753,31): error TS2339: Property 'decision_points' does not exist on type 'WorkflowContext'.
src/core/workflow-engine.ts(786,60): error TS2339: Property 'generated_docs' does not exist on type 'WorkflowContext'.
src/core/workflow-engine.ts(824,58): error TS2345: Argument of type 'BaseDocumentEntity' is not assignable to parameter of type 'JSONValue'.
  Type 'BaseDocumentEntity' is not assignable to type '{ [key: string]: JSONValue; }'.
    Index signature for type 'string' is missing in type 'BaseDocumentEntity'.
src/core/workflow-engine.ts(948,58): error TS2345: Argument of type 'WorkflowState' is not assignable to parameter of type 'JSONValue'.
  Type 'WorkflowState' is not assignable to type '{ [key: string]: JSONValue; }'.
    Index signature for type 'string' is missing in type 'WorkflowState'.
src/core/workflow-engine.ts(953,9): error TS2345: Argument of type '{ id: string; status: WorkflowStatus; progress: WorkflowProgress; metrics: WorkflowMetrics; currentStep: number; lastUpdated: string; }' is not assignable to parameter of type 'JSONValue'.
  Types of property 'progress' are incompatible.
    Type 'WorkflowProgress' is not assignable to type 'JSONValue'.
      Type 'WorkflowProgress' is not assignable to type '{ [key: string]: JSONValue; }'.
        Index signature for type 'string' is missing in type 'WorkflowProgress'.
src/core/workflow-engine.ts(976,33): error TS2352: Conversion of type 'string | number | boolean | JSONValue[] | { [key: string]: JSONValue; }' to type 'WorkflowState' may be a mistake because neither type sufficiently overlaps with the other. If this was intentional, convert the expression to 'unknown' first.
  Type '{ [key: string]: JSONValue; }' is missing the following properties from type 'WorkflowState': id, definition, status, context, and 7 more.
src/core/workflow-engine.ts(1039,5): error TS2322: Type 'JSONValue[]' is not assignable to type 'WorkflowState[]'.
  Type 'JSONValue' is not assignable to type 'WorkflowState'.
    Type 'string' is not assignable to type 'WorkflowState'.
src/core/workflow-engine.ts(1065,16): error TS2540: Cannot assign to 'status' because it is a read-only property.
src/core/workflow-engine.ts(1066,16): error TS2540: Cannot assign to 'pausedAt' because it is a read-only property.
src/core/workflow-engine.ts(1077,16): error TS2540: Cannot assign to 'status' because it is a read-only property.
src/core/workflow-engine.ts(1078,14): error TS2704: The operand of a 'delete' operator cannot be a read-only property.
src/core/workflow-engine.ts(1094,16): error TS2540: Cannot assign to 'status' because it is a read-only property.
src/core/workflow-engine.ts(1095,16): error TS2540: Cannot assign to 'endTime' because it is a read-only property.
src/database/controllers/database-controller.ts(9,10): error TS2305: Module '"../../di/decorators/injectable"' has no exported member 'Inject'.
src/database/controllers/database-controller.ts(9,18): error TS2724: '"../../di/decorators/injectable"' has no exported member named 'Injectable'. Did you mean 'injectable'?
src/database/controllers/database-controller.ts(169,12): error TS2551: Property 'logger' does not exist on type 'DatabaseController'. Did you mean '_logger'?
src/database/controllers/database-controller.ts(181,23): error TS2551: Property 'config' does not exist on type 'DatabaseController'. Did you mean '_config'?
src/database/controllers/database-controller.ts(196,25): error TS2551: Property 'config' does not exist on type 'DatabaseController'. Did you mean '_config'?
src/database/controllers/database-controller.ts(203,12): error TS2551: Property 'logger' does not exist on type 'DatabaseController'. Did you mean '_logger'?
src/database/controllers/database-controller.ts(212,25): error TS2551: Property 'config' does not exist on type 'DatabaseController'. Did you mean '_config'?
src/database/controllers/database-controller.ts(226,12): error TS2551: Property 'logger' does not exist on type 'DatabaseController'. Did you mean '_logger'?
src/database/controllers/database-controller.ts(243,12): error TS2551: Property 'logger' does not exist on type 'DatabaseController'. Did you mean '_logger'?
src/database/controllers/database-controller.ts(262,25): error TS2551: Property 'config' does not exist on type 'DatabaseController'. Did you mean '_config'?
src/database/controllers/database-controller.ts(269,12): error TS2551: Property 'logger' does not exist on type 'DatabaseController'. Did you mean '_logger'?
src/database/controllers/database-controller.ts(278,25): error TS2551: Property 'config' does not exist on type 'DatabaseController'. Did you mean '_config'?
src/database/controllers/database-controller.ts(292,12): error TS2551: Property 'logger' does not exist on type 'DatabaseController'. Did you mean '_logger'?
src/database/controllers/database-controller.ts(304,12): error TS2551: Property 'logger' does not exist on type 'DatabaseController'. Did you mean '_logger'?
src/database/controllers/database-controller.ts(329,25): error TS2551: Property 'config' does not exist on type 'DatabaseController'. Did you mean '_config'?
src/database/controllers/database-controller.ts(336,12): error TS2551: Property 'logger' does not exist on type 'DatabaseController'. Did you mean '_logger'?
src/database/controllers/database-controller.ts(345,25): error TS2551: Property 'config' does not exist on type 'DatabaseController'. Did you mean '_config'?
src/database/controllers/database-controller.ts(359,12): error TS2551: Property 'logger' does not exist on type 'DatabaseController'. Did you mean '_logger'?
src/database/controllers/database-controller.ts(422,12): error TS2551: Property 'logger' does not exist on type 'DatabaseController'. Did you mean '_logger'?
src/database/controllers/database-controller.ts(441,25): error TS2551: Property 'config' does not exist on type 'DatabaseController'. Did you mean '_config'?
src/database/controllers/database-controller.ts(448,12): error TS2551: Property 'logger' does not exist on type 'DatabaseController'. Did you mean '_logger'?
src/database/controllers/database-controller.ts(457,25): error TS2551: Property 'config' does not exist on type 'DatabaseController'. Did you mean '_config'?
src/database/controllers/database-controller.ts(475,12): error TS2551: Property 'logger' does not exist on type 'DatabaseController'. Did you mean '_logger'?
src/database/controllers/database-controller.ts(551,12): error TS2551: Property 'logger' does not exist on type 'DatabaseController'. Did you mean '_logger'?
src/database/controllers/database-controller.ts(570,25): error TS2551: Property 'config' does not exist on type 'DatabaseController'. Did you mean '_config'?
src/database/controllers/database-controller.ts(577,12): error TS2551: Property 'logger' does not exist on type 'DatabaseController'. Did you mean '_logger'?
src/database/controllers/database-controller.ts(586,25): error TS2551: Property 'config' does not exist on type 'DatabaseController'. Did you mean '_config'?
src/database/controllers/database-controller.ts(600,12): error TS2551: Property 'logger' does not exist on type 'DatabaseController'. Did you mean '_logger'?
src/database/controllers/database-controller.ts(615,12): error TS2551: Property 'logger' does not exist on type 'DatabaseController'. Did you mean '_logger'?
src/database/controllers/database-controller.ts(623,25): error TS2551: Property 'config' does not exist on type 'DatabaseController'. Did you mean '_config'?
src/database/controllers/database-controller.ts(629,25): error TS2551: Property 'config' does not exist on type 'DatabaseController'. Did you mean '_config'?
src/database/controllers/database-controller.ts(636,12): error TS2551: Property 'logger' does not exist on type 'DatabaseController'. Did you mean '_logger'?
src/database/controllers/database-controller.ts(645,25): error TS2551: Property 'config' does not exist on type 'DatabaseController'. Did you mean '_config'?
src/database/controllers/database-controller.ts(659,12): error TS2551: Property 'logger' does not exist on type 'DatabaseController'. Did you mean '_logger'?
src/database/controllers/database-controller.ts(668,14): error TS2551: Property 'logger' does not exist on type 'DatabaseController'. Did you mean '_logger'?
src/database/controllers/database-controller.ts(705,27): error TS2551: Property 'config' does not exist on type 'DatabaseController'. Did you mean '_config'?
src/database/controllers/database-controller.ts(740,12): error TS2551: Property 'logger' does not exist on type 'DatabaseController'. Did you mean '_logger'?
src/database/controllers/database-controller.ts(755,25): error TS2551: Property 'config' does not exist on type 'DatabaseController'. Did you mean '_config'?
src/database/controllers/database-controller.ts(762,12): error TS2551: Property 'logger' does not exist on type 'DatabaseController'. Did you mean '_logger'?
src/database/controllers/database-controller.ts(771,25): error TS2551: Property 'config' does not exist on type 'DatabaseController'. Did you mean '_config'?
src/database/controllers/database-controller.ts(785,12): error TS2551: Property 'logger' does not exist on type 'DatabaseController'. Did you mean '_logger'?
src/database/controllers/database-controller.ts(793,23): error TS2551: Property 'config' does not exist on type 'DatabaseController'. Did you mean '_config'?
src/database/controllers/database-controller.ts(819,22): error TS2551: Property 'config' does not exist on type 'DatabaseController'. Did you mean '_config'?
src/database/controllers/database-controller.ts(820,22): error TS2551: Property 'config' does not exist on type 'DatabaseController'. Did you mean '_config'?
src/database/controllers/database-controller.ts(821,22): error TS2551: Property 'config' does not exist on type 'DatabaseController'. Did you mean '_config'?
src/database/controllers/database-controller.ts(822,26): error TS2551: Property 'config' does not exist on type 'DatabaseController'. Did you mean '_config'?
src/database/controllers/database-controller.ts(823,28): error TS2551: Property 'config' does not exist on type 'DatabaseController'. Did you mean '_config'?
src/database/controllers/database-controller.ts(824,28): error TS2551: Property 'config' does not exist on type 'DatabaseController'. Did you mean '_config'?
src/database/controllers/database-controller.ts(838,25): error TS2551: Property 'config' does not exist on type 'DatabaseController'. Did you mean '_config'?
src/database/controllers/database-controller.ts(845,12): error TS2551: Property 'logger' does not exist on type 'DatabaseController'. Did you mean '_logger'?
src/database/controllers/database-controller.ts(854,25): error TS2551: Property 'config' does not exist on type 'DatabaseController'. Did you mean '_config'?
src/database/controllers/database-controller.ts(865,27): error TS2551: Property 'factory' does not exist on type 'DatabaseController'. Did you mean '_factory'?
src/database/controllers/database-controller.ts(865,54): error TS2551: Property 'config' does not exist on type 'DatabaseController'. Did you mean '_config'?
src/database/controllers/database-controller.ts(867,12): error TS2551: Property 'logger' does not exist on type 'DatabaseController'. Did you mean '_logger'?
src/database/controllers/database-controller.ts(867,69): error TS2551: Property 'config' does not exist on type 'DatabaseController'. Did you mean '_config'?
src/database/controllers/database-controller.ts(869,12): error TS2551: Property 'logger' does not exist on type 'DatabaseController'. Did you mean '_logger'?
src/database/controllers/database-controller.ts(909,20): error TS2551: Property 'config' does not exist on type 'DatabaseController'. Did you mean '_config'?
src/database/controllers/database-controller.ts(920,12): error TS2551: Property 'logger' does not exist on type 'DatabaseController'. Did you mean '_logger'?
src/database/controllers/database-controller.ts(933,12): error TS2551: Property 'logger' does not exist on type 'DatabaseController'. Did you mean '_logger'?
src/database/index.ts(32,8): error TS2307: Cannot find module './kuzu-advanced-interface' or its corresponding type declarations.
src/database/index.ts(33,39): error TS2307: Cannot find module './kuzu-advanced-interface' or its corresponding type declarations.
src/database/index.ts(35,3): error TS2614: Module '"./lancedb-interface"' has no exported member 'ClusteringOptions'. Did you mean to use 'import ClusteringOptions from "./lancedb-interface"' instead?
src/database/index.ts(36,3): error TS2614: Module '"./lancedb-interface"' has no exported member 'ClusterResult'. Did you mean to use 'import ClusterResult from "./lancedb-interface"' instead?
src/database/index.ts(37,3): error TS2614: Module '"./lancedb-interface"' has no exported member 'LanceDBConfig'. Did you mean to use 'import LanceDBConfig from "./lancedb-interface"' instead?
src/database/index.ts(38,3): error TS2614: Module '"./lancedb-interface"' has no exported member 'LanceDBStats'. Did you mean to use 'import LanceDBStats from "./lancedb-interface"' instead?
src/database/index.ts(39,3): error TS2614: Module '"./lancedb-interface"' has no exported member 'SearchResult'. Did you mean to use 'import SearchResult from "./lancedb-interface"' instead?
src/database/index.ts(40,3): error TS2614: Module '"./lancedb-interface"' has no exported member 'VectorDocument'. Did you mean to use 'import VectorDocument from "./lancedb-interface"' instead?
src/database/index.ts(61,3): error TS2724: '"./swarm-database"' has no exported member named 'SwarmDatabaseConfig'. Did you mean 'SwarmDatabase'?
src/database/index.ts(62,3): error TS2614: Module '"./swarm-database"' has no exported member 'SwarmQuery'. Did you mean to use 'import SwarmQuery from "./swarm-database"' instead?
src/database/index.ts(63,3): error TS2614: Module '"./swarm-database"' has no exported member 'SwarmRecord'. Did you mean to use 'import SwarmRecord from "./swarm-database"' instead?
src/database/index.ts(75,20): error TS2304: Cannot find name 'LanceDBInterface'.
src/database/index.ts(77,20): error TS2304: Cannot find name 'KuzuAdvancedInterface'.
src/database/index.ts(79,20): error TS2304: Cannot find name 'SwarmDatabase'.
src/database/index.ts(123,6): error TS2304: Cannot find name 'DatabaseEngine'.
src/database/index.ts(149,31): error TS2304: Cannot find name 'DatabaseCoordinator'.
src/database/index.ts(150,29): error TS2304: Cannot find name 'QueryOptimizer'.
src/database/index.ts(191,39): error TS2304: Cannot find name 'DatabaseCoordinator'.
src/database/index.ts(192,37): error TS2304: Cannot find name 'QueryOptimizer'.
src/database/index.ts(194,37): error TS2304: Cannot find name 'DatabaseEngine'.
src/database/index.ts(217,26): error TS2304: Cannot find name 'DatabaseQuery'.
src/database/lancedb-interface.ts(63,10): error TS2339: Property 'maxCacheSize' does not exist on type 'LanceDBInterface'.
src/database/lancedb-interface.ts(171,27): error TS2345: Argument of type 'VectorDocument[]' is not assignable to parameter of type 'Data'.
  Type 'VectorDocument[]' is not assignable to type 'Record<string, unknown>[]'.
    Type 'VectorDocument' is not assignable to type 'Record<string, unknown>'.
      Index signature for type 'string' is missing in type 'VectorDocument'.
src/database/mcp/database-tools.ts(598,29): error TS2339: Property 'coordinator' does not exist on type '{}'.
src/database/mcp/database-tools.ts(603,29): error TS2339: Property 'optimizer' does not exist on type '{}'.
src/database/mcp/database-tools.ts(604,29): error TS2339: Property 'cache' does not exist on type '{}'.
src/database/mcp/database-tools.ts(685,29): error TS2339: Property 'health' does not exist on type '{}'.
src/database/mcp/database-tools.ts(760,35): error TS2339: Property 'coordinator' does not exist on type '{}'.
src/database/mcp/database-tools.ts(774,35): error TS2339: Property 'coordinator' does not exist on type '{}'.
src/database/mcp/database-tools.ts(787,35): error TS2339: Property 'optimizer' does not exist on type '{}'.
src/database/mcp/database-tools.ts(798,35): error TS2339: Property 'optimizer' does not exist on type '{}'.
src/database/mcp/database-tools.ts(835,33): error TS2339: Property 'engines' does not exist on type '{}'.
src/database/mcp/database-tools.ts(851,35): error TS2339: Property 'cache' does not exist on type '{}'.
src/database/persistence/index.ts(5,10): error TS2305: Module '"./persistence"' has no exported member 'default'.
src/database/persistence/index.ts(7,10): error TS2305: Module '"./persistence-pooled"' has no exported member 'default'.
src/database/persistence/index.ts(8,15): error TS2307: Cannot find module './unified-lance-persistence' or its corresponding type declarations.
src/database/persistence/index.ts(9,52): error TS2307: Cannot find module './unified-lance-persistence' or its corresponding type declarations.
src/database/providers/database-providers.ts(9,10): error TS2305: Module '"../../di/decorators/injectable"' has no exported member 'Inject'.
src/database/providers/database-providers.ts(9,18): error TS2724: '"../../di/decorators/injectable"' has no exported member named 'Injectable'. Did you mean 'injectable'?
src/database/services/document-service.ts(183,16): error TS2339: Property 'relationships' does not exist on type 'T'.
src/database/services/document-service.ts(188,16): error TS2551: Property 'workflowState' does not exist on type 'T'. Did you mean 'workflow_stage'?
src/database/system-integration.ts(10,37): error TS2307: Cannot find module '../core/unified-memory-system' or its corresponding type declarations.
src/database/system-integration.ts(11,39): error TS2307: Cannot find module '../core/unified-workflow-engine' or its corresponding type declarations.
src/database/system-integration.ts(12,48): error TS2307: Cannot find module '../interfaces/mcp/advanced-tools-registry' or its corresponding type declarations.
src/database/system-integration.ts(20,29): error TS2559: Type '"SystemIntegration"' has no properties in common with type 'Partial<LoggerConfig>'.
src/di/container/di-container.ts(53,14): error TS2339: Property 'recordResolutionMetric' does not exist on type 'DIContainer'.
src/di/examples/complete-system-integration.ts(26,7): error TS2420: Class 'ProductionLogger' incorrectly implements interface 'ILogger'.
  Property 'debug' is missing in type 'ProductionLogger' but required in type 'ILogger'.
src/di/examples/complete-system-integration.ts(67,7): error TS2420: Class 'EnhancedEventBus' incorrectly implements interface 'IEventBus'.
  Type 'EnhancedEventBus' is missing the following properties from type 'IEventBus': emit, on, off
src/di/examples/complete-system-integration.ts(73,10): error TS2551: Property 'logger' does not exist on type 'EnhancedEventBus'. Did you mean '_logger'?
src/di/examples/complete-system-integration.ts(80,16): error TS2551: Property 'logger' does not exist on type 'EnhancedEventBus'. Did you mean '_logger'?
src/di/examples/complete-system-integration.ts(91,10): error TS2551: Property 'logger' does not exist on type 'EnhancedEventBus'. Did you mean '_logger'?
src/di/examples/complete-system-integration.ts(103,7): error TS2420: Class 'SwarmDatabase' incorrectly implements interface 'IDatabase'.
  Type 'SwarmDatabase' is missing the following properties from type 'IDatabase': execute, transaction, createTask, updateTask, and 3 more.
src/di/examples/complete-system-integration.ts(109,10): error TS2551: Property 'logger' does not exist on type 'SwarmDatabase'. Did you mean '_logger'?
src/di/examples/complete-system-integration.ts(113,10): error TS2551: Property 'logger' does not exist on type 'SwarmDatabase'. Did you mean '_logger'?
src/di/examples/complete-system-integration.ts(120,10): error TS2551: Property 'logger' does not exist on type 'SwarmDatabase'. Did you mean '_logger'?
src/di/examples/complete-system-integration.ts(126,10): error TS2551: Property 'logger' does not exist on type 'SwarmDatabase'. Did you mean '_logger'?
src/di/examples/complete-system-integration.ts(140,9): error TS2416: Property 'registerAgent' in type 'AgentRegistry' is not assignable to the same property in base type 'IAgentRegistry'.
  Type '(id: string, agent: any) => Promise<void>' is not assignable to type '(agent: any) => Promise<void>'.
    Target signature provides too few arguments. Expected 2 or more, but got 1.
src/di/examples/complete-system-integration.ts(142,10): error TS2551: Property 'logger' does not exist on type 'AgentRegistry'. Did you mean '_logger'?
src/di/examples/complete-system-integration.ts(143,10): error TS2551: Property 'eventBus' does not exist on type 'AgentRegistry'. Did you mean '_eventBus'?
src/di/examples/complete-system-integration.ts(150,12): error TS2551: Property 'logger' does not exist on type 'AgentRegistry'. Did you mean '_logger'?
src/di/examples/complete-system-integration.ts(151,12): error TS2551: Property 'eventBus' does not exist on type 'AgentRegistry'. Did you mean '_eventBus'?
src/di/examples/complete-system-integration.ts(165,7): error TS2420: Class 'SwarmCoordinatorImplementation' incorrectly implements interface 'ISwarmCoordinator'.
  Type 'SwarmCoordinatorImplementation' is missing the following properties from type 'ISwarmCoordinator': assignTask, getMetrics, shutdown
src/di/examples/complete-system-integration.ts(176,10): error TS2551: Property 'logger' does not exist on type 'SwarmCoordinatorImplementation'. Did you mean '_logger'?
src/di/examples/complete-system-integration.ts(178,28): error TS2551: Property 'config' does not exist on type 'SwarmCoordinatorImplementation'. Did you mean '_config'?
src/di/examples/complete-system-integration.ts(179,27): error TS2551: Property 'config' does not exist on type 'SwarmCoordinatorImplementation'. Did you mean '_config'?
src/di/examples/complete-system-integration.ts(181,10): error TS2551: Property 'logger' does not exist on type 'SwarmCoordinatorImplementation'. Did you mean '_logger'?
src/di/examples/complete-system-integration.ts(184,10): error TS2551: Property 'eventBus' does not exist on type 'SwarmCoordinatorImplementation'. Did you mean '_eventBus'?
src/di/examples/complete-system-integration.ts(185,12): error TS2551: Property 'logger' does not exist on type 'SwarmCoordinatorImplementation'. Did you mean '_logger'?
src/di/examples/complete-system-integration.ts(189,10): error TS2551: Property 'eventBus' does not exist on type 'SwarmCoordinatorImplementation'. Did you mean '_eventBus'?
src/di/examples/complete-system-integration.ts(194,16): error TS2551: Property 'agentRegistry' does not exist on type 'SwarmCoordinatorImplementation'. Did you mean '_agentRegistry'?
src/di/examples/complete-system-integration.ts(195,10): error TS2551: Property 'logger' does not exist on type 'SwarmCoordinatorImplementation'. Did you mean '_logger'?
src/di/examples/complete-system-integration.ts(200,16): error TS2551: Property 'agentRegistry' does not exist on type 'SwarmCoordinatorImplementation'. Did you mean '_agentRegistry'?
src/di/examples/complete-system-integration.ts(201,10): error TS2551: Property 'logger' does not exist on type 'SwarmCoordinatorImplementation'. Did you mean '_logger'?
src/di/examples/complete-system-integration.ts(207,24): error TS2551: Property 'agentRegistry' does not exist on type 'SwarmCoordinatorImplementation'. Did you mean '_agentRegistry'?
src/di/examples/complete-system-integration.ts(214,7): error TS2420: Class 'NeuralNetworkTrainer' incorrectly implements interface 'INeuralNetworkTrainer'.
  Type 'NeuralNetworkTrainer' is missing the following properties from type 'INeuralNetworkTrainer': createNetwork, trainNetwork, evaluateNetwork, saveModel, loadModel
src/di/examples/complete-system-integration.ts(221,31): error TS2551: Property 'config' does not exist on type 'NeuralNetworkTrainer'. Did you mean '_config'?
src/di/examples/complete-system-integration.ts(222,10): error TS2551: Property 'logger' does not exist on type 'NeuralNetworkTrainer'. Did you mean '_logger'?
src/di/examples/complete-system-integration.ts(234,10): error TS2551: Property 'logger' does not exist on type 'NeuralNetworkTrainer'. Did you mean '_logger'?
src/di/examples/complete-system-integration.ts(239,10): error TS2551: Property 'logger' does not exist on type 'NeuralNetworkTrainer'. Did you mean '_logger'?
src/di/examples/complete-system-integration.ts(251,10): error TS2551: Property 'logger' does not exist on type 'NeuralNetworkTrainer'. Did you mean '_logger'?
src/di/examples/complete-system-integration.ts(270,46): error TS2741: Property 'debug' is missing in type 'ProductionLogger' but required in type 'ILogger'.
src/di/examples/complete-system-integration.ts(272,49): error TS2739: Type 'EnhancedEventBus' is missing the following properties from type 'IEventBus': emit, on, off
src/di/examples/complete-system-integration.ts(273,49): error TS2740: Type 'SwarmDatabase' is missing the following properties from type 'IDatabase': execute, transaction, createTask, updateTask, and 3 more.
src/di/examples/complete-system-integration.ts(278,18): error TS2739: Type 'AgentRegistry' is missing the following properties from type 'IAgentRegistry': getActiveAgents, findAvailableAgents
src/di/examples/complete-system-integration.ts(283,13): error TS2739: Type 'SwarmCoordinatorImplementation' is missing the following properties from type 'ISwarmCoordinator': assignTask, getMetrics, shutdown
src/di/examples/complete-system-integration.ts(295,13): error TS2739: Type 'NeuralNetworkTrainer' is missing the following properties from type 'INeuralNetworkTrainer': createNetwork, trainNetwork, evaluateNetwork, saveModel, loadModel
src/di/examples/complete-system-integration.ts(333,44): error TS2339: Property 'getSwarmStatus' does not exist on type 'ISwarmCoordinator'.
src/di/examples/complete-system-integration.ts(345,41): error TS2339: Property 'trainModel' does not exist on type 'INeuralNetworkTrainer'.
src/di/examples/complete-system-integration.ts(346,47): error TS2339: Property 'evaluateModel' does not exist on type 'INeuralNetworkTrainer'.
src/di/examples/swarm-integration.ts(27,14): error TS2323: Cannot redeclare exported variable 'EnhancedSwarmCoordinator'.
src/di/examples/swarm-integration.ts(38,10): error TS2551: Property 'logger' does not exist on type 'EnhancedSwarmCoordinator'. Did you mean '_logger'?
src/di/examples/swarm-integration.ts(42,10): error TS2551: Property 'logger' does not exist on type 'EnhancedSwarmCoordinator'. Did you mean '_logger'?
src/di/examples/swarm-integration.ts(44,28): error TS2551: Property 'config' does not exist on type 'EnhancedSwarmCoordinator'. Did you mean '_config'?
src/di/examples/swarm-integration.ts(45,27): error TS2551: Property 'config' does not exist on type 'EnhancedSwarmCoordinator'. Did you mean '_config'?
src/di/examples/swarm-integration.ts(47,10): error TS2551: Property 'logger' does not exist on type 'EnhancedSwarmCoordinator'. Did you mean '_logger'?
src/di/examples/swarm-integration.ts(50,10): error TS2551: Property 'logger' does not exist on type 'EnhancedSwarmCoordinator'. Did you mean '_logger'?
src/di/examples/swarm-integration.ts(60,10): error TS2551: Property 'logger' does not exist on type 'EnhancedSwarmCoordinator'. Did you mean '_logger'?
src/di/examples/swarm-integration.ts(63,16): error TS2551: Property 'agentRegistry' does not exist on type 'EnhancedSwarmCoordinator'. Did you mean '_agentRegistry'?
src/di/examples/swarm-integration.ts(69,16): error TS2551: Property 'messageBroker' does not exist on type 'EnhancedSwarmCoordinator'. Did you mean '_messageBroker'?
src/di/examples/swarm-integration.ts(75,10): error TS2551: Property 'logger' does not exist on type 'EnhancedSwarmCoordinator'. Did you mean '_logger'?
src/di/examples/swarm-integration.ts(80,10): error TS2551: Property 'logger' does not exist on type 'EnhancedSwarmCoordinator'. Did you mean '_logger'?
src/di/examples/swarm-integration.ts(87,16): error TS2551: Property 'agentRegistry' does not exist on type 'EnhancedSwarmCoordinator'. Did you mean '_agentRegistry'?
src/di/examples/swarm-integration.ts(93,16): error TS2551: Property 'messageBroker' does not exist on type 'EnhancedSwarmCoordinator'. Did you mean '_messageBroker'?
src/di/examples/swarm-integration.ts(99,10): error TS2551: Property 'logger' does not exist on type 'EnhancedSwarmCoordinator'. Did you mean '_logger'?
src/di/examples/swarm-integration.ts(105,10): error TS2551: Property 'logger' does not exist on type 'EnhancedSwarmCoordinator'. Did you mean '_logger'?
src/di/examples/swarm-integration.ts(108,40): error TS2551: Property 'agentRegistry' does not exist on type 'EnhancedSwarmCoordinator'. Did you mean '_agentRegistry'?
src/di/examples/swarm-integration.ts(130,16): error TS2551: Property 'messageBroker' does not exist on type 'EnhancedSwarmCoordinator'. Did you mean '_messageBroker'?
src/di/examples/swarm-integration.ts(137,10): error TS2551: Property 'logger' does not exist on type 'EnhancedSwarmCoordinator'. Did you mean '_logger'?
src/di/examples/swarm-integration.ts(158,10): error TS2551: Property 'logger' does not exist on type 'EnhancedSwarmCoordinator'. Did you mean '_logger'?
src/di/examples/swarm-integration.ts(163,10): error TS2551: Property 'logger' does not exist on type 'EnhancedSwarmCoordinator'. Did you mean '_logger'?
src/di/examples/swarm-integration.ts(175,10): error TS2551: Property 'logger' does not exist on type 'EnhancedSwarmCoordinator'. Did you mean '_logger'?
src/di/examples/swarm-integration.ts(384,10): error TS2323: Cannot redeclare exported variable 'EnhancedSwarmCoordinator'.
src/di/examples/swarm-integration.ts(384,10): error TS2484: Export declaration conflicts with exported declaration of 'EnhancedSwarmCoordinator'.
src/di/index.ts(57,22): error TS2304: Cannot find name 'DIContainer'.
src/di/index.ts(62,39): error TS2304: Cannot find name 'DIContainer'.
src/di/index.ts(64,27): error TS2304: Cannot find name 'DIContainer'.
src/di/index.ts(72,47): error TS2304: Cannot find name 'DIContainer'.
src/di/index.ts(87,27): error TS2304: Cannot find name 'DIContainer'.
src/di/index.ts(94,26): error TS2304: Cannot find name 'DIContainer'.
src/di/index.ts(96,40): error TS2304: Cannot find name 'SingletonProvider'.
src/di/index.ts(105,26): error TS2304: Cannot find name 'DIContainer'.
src/di/index.ts(107,40): error TS2304: Cannot find name 'TransientProvider'.
src/di/index.ts(116,26): error TS2304: Cannot find name 'DIContainer'.
src/di/index.ts(118,40): error TS2304: Cannot find name 'ScopedProvider'.
src/di/index.ts(125,12): error TS2304: Cannot find name 'DIContainer'.
src/examples/claude-zen-examples.ts(124,14): error TS2339: Property 'performance' does not exist on type 'MCPToolResult'.
src/examples/claude-zen-examples.ts(127,14): error TS2339: Property 'performance' does not exist on type 'MCPToolResult'.
src/index.ts(41,22): error TS2307: Cannot find module './api/index' or its corresponding type declarations.
src/index.ts(86,15): error TS2307: Cannot find module './coordination/hive-mind/core/Agent' or its corresponding type declarations.
src/index.ts(87,15): error TS2307: Cannot find module './coordination/hive-mind/core/HiveMind' or its corresponding type declarations.
src/index.ts(88,15): error TS2307: Cannot find module './coordination/hive-mind/integration/ConsensusEngine' or its corresponding type declarations.
src/index.ts(89,15): error TS2307: Cannot find module './coordination/hive-mind/integration/SwarmOrchestrator' or its corresponding type declarations.
src/index.ts(91,15): error TS2307: Cannot find module './coordination/maestro/maestro-orchestrator' or its corresponding type declarations.
src/index.ts(92,15): error TS2307: Cannot find module './coordination/maestro/maestro-swarm-coordinator' or its corresponding type declarations.
src/index.ts(102,1): error TS2308: Module './coordination/mcp/types/mcp-types' has already exported a member named 'SwarmAgent'. Consider explicitly re-exporting to resolve the ambiguity.
src/index.ts(102,1): error TS2308: Module './coordination/mcp/types/mcp-types' has already exported a member named 'SwarmStatus'. Consider explicitly re-exporting to resolve the ambiguity.
src/index.ts(102,1): error TS2308: Module './coordination/mcp/types/mcp-types' has already exported a member named 'SwarmTask'. Consider explicitly re-exporting to resolve the ambiguity.
src/index.ts(102,1): error TS2308: Module './coordination/public-api' has already exported a member named 'SwarmState'. Consider explicitly re-exporting to resolve the ambiguity.
src/index.ts(105,1): error TS2308: Module './neural/agents/neural-agent' has already exported a member named 'NeuralNetwork'. Consider explicitly re-exporting to resolve the ambiguity.
src/index.ts(106,1): error TS2308: Module './coordination/mcp/types/mcp-types' has already exported a member named 'SwarmAgent'. Consider explicitly re-exporting to resolve the ambiguity.
src/index.ts(106,1): error TS2308: Module './coordination/mcp/types/mcp-types' has already exported a member named 'SwarmStatus'. Consider explicitly re-exporting to resolve the ambiguity.
src/index.ts(106,1): error TS2308: Module './coordination/public-api' has already exported a member named 'SwarmConfig'. Consider explicitly re-exporting to resolve the ambiguity.
src/index.ts(106,1): error TS2308: Module './neural/agents/neural-agent' has already exported a member named 'Task'. Consider explicitly re-exporting to resolve the ambiguity.
src/index.ts(217,13): error TS2339: Property 'StdioMcpServer' does not exist on type 'typeof import("/home/mhugo/code/claude-code-zen/src/coordination/mcp/mcp-server")'.
src/index.ts(224,5): error TS2307: Cannot find module './coordination/hive-mind/integration/SwarmOrchestrator' or its corresponding type declarations.
src/index.ts(256,5): error TS2307: Cannot find module './coordination/hive-mind/integration/SwarmOrchestrator' or its corresponding type declarations.
src/index.ts(299,3): error TS18004: No value exists in scope for the shorthand property 'initialize'. Either declare one or provide an initializer.
src/index.ts(302,3): error TS18004: No value exists in scope for the shorthand property 'Core'. Either declare one or provide an initializer.
src/index.ts(303,3): error TS18004: No value exists in scope for the shorthand property 'Memory'. Either declare one or provide an initializer.
src/index.ts(304,3): error TS18004: No value exists in scope for the shorthand property 'Neural'. Either declare one or provide an initializer.
src/index.ts(305,3): error TS18004: No value exists in scope for the shorthand property 'Database'. Either declare one or provide an initializer.
src/index.ts(306,3): error TS18004: No value exists in scope for the shorthand property 'Coordination'. Either declare one or provide an initializer.
src/index.ts(307,3): error TS18004: No value exists in scope for the shorthand property 'SPARC'. Either declare one or provide an initializer.
src/index.ts(308,3): error TS18004: No value exists in scope for the shorthand property 'Interfaces'. Either declare one or provide an initializer.
src/index.ts(309,3): error TS18004: No value exists in scope for the shorthand property 'Integration'. Either declare one or provide an initializer.
src/index.ts(310,3): error TS18004: No value exists in scope for the shorthand property 'Bindings'. Either declare one or provide an initializer.
src/index.ts(311,3): error TS18004: No value exists in scope for the shorthand property 'Workflows'. Either declare one or provide an initializer.
src/index.ts(312,3): error TS18004: No value exists in scope for the shorthand property 'Optimization'. Either declare one or provide an initializer.
src/index.ts(313,3): error TS18004: No value exists in scope for the shorthand property 'Utils'. Either declare one or provide an initializer.
src/index.ts(314,3): error TS18004: No value exists in scope for the shorthand property 'Types'. Either declare one or provide an initializer.
src/index.ts(315,3): error TS18004: No value exists in scope for the shorthand property 'Config'. Either declare one or provide an initializer.
src/integration/index.ts(94,54): error TS2345: Argument of type 'string[]' is not assignable to parameter of type 'ILogger'.
  Type 'string[]' is missing the following properties from type 'ILogger': debug, info, warn, error
src/integration/memory-database-integration.ts(201,36): error TS2339: Property 'metrics' does not exist on type '{ monitoring: { enabled: boolean; collecting: boolean; metricsCollected: number; operationsTracked: number; }; current: MemoryMetrics; alerts: { total: number; active: number; bySeverity: Record<...>; }; components: { ...; }; }'.
src/integration/multi-system-coordinator.ts(22,10): error TS2551: Property 'logger' does not exist on type 'MultiSystemCoordinator'. Did you mean '_logger'?
src/integration/multi-system-coordinator.ts(29,10): error TS2551: Property 'logger' does not exist on type 'MultiSystemCoordinator'. Did you mean '_logger'?
src/integration/multi-system-coordinator.ts(34,12): error TS2551: Property 'logger' does not exist on type 'MultiSystemCoordinator'. Did you mean '_logger'?
src/integration/multi-system-coordinator.ts(36,12): error TS2551: Property 'logger' does not exist on type 'MultiSystemCoordinator'. Did you mean '_logger'?
src/integration/multi-system-coordinator.ts(53,12): error TS2551: Property 'logger' does not exist on type 'MultiSystemCoordinator'. Did you mean '_logger'?
src/integration/multi-system-coordinator.ts(62,12): error TS2551: Property 'logger' does not exist on type 'MultiSystemCoordinator'. Did you mean '_logger'?
src/integration/multi-system-coordinator.ts(82,10): error TS2551: Property 'logger' does not exist on type 'MultiSystemCoordinator'. Did you mean '_logger'?
src/integration/multi-system-coordinator.ts(86,10): error TS2551: Property 'logger' does not exist on type 'MultiSystemCoordinator'. Did you mean '_logger'?
src/intelligence/adaptive-learning/__tests__/adaptive-learning.test.ts(103,3): error TS2322: Type '"test"' is not assignable to type '"development" | "staging" | "production"'.
src/intelligence/adaptive-learning/__tests__/adaptive-learning.test.ts(117,24): error TS2694: Namespace 'jest' has no exported member 'SpyInstance'.
src/intelligence/adaptive-learning/__tests__/adaptive-learning.test.ts(218,24): error TS2694: Namespace 'jest' has no exported member 'SpyInstance'.
src/intelligence/adaptive-learning/__tests__/adaptive-learning.test.ts(221,21): error TS2554: Expected 3 arguments, but got 2.
src/intelligence/adaptive-learning/__tests__/adaptive-learning.test.ts(346,24): error TS2694: Namespace 'jest' has no exported member 'SpyInstance'.
src/intelligence/adaptive-learning/__tests__/adaptive-learning.test.ts(508,64): error TS2345: Argument of type 'number[]' is not assignable to parameter of type 'never'.
src/intelligence/adaptive-learning/__tests__/adaptive-learning.test.ts(809,61): error TS2345: Argument of type 'number[]' is not assignable to parameter of type 'never'.
src/intelligence/adaptive-learning/__tests__/adaptive-learning.test.ts(810,61): error TS2345: Argument of type 'number[]' is not assignable to parameter of type 'never'.
src/intelligence/adaptive-learning/__tests__/adaptive-learning.test.ts(811,61): error TS2345: Argument of type 'number[]' is not assignable to parameter of type 'never'.
src/intelligence/adaptive-learning/__tests__/adaptive-learning.test.ts(863,25): error TS2554: Expected 3 arguments, but got 2.
src/intelligence/adaptive-learning/behavioral-optimization.ts(257,70): error TS2339: Property 'success' does not exist on type 'PatternMetadata'.
src/intelligence/adaptive-learning/behavioral-optimization.ts(269,72): error TS2339: Property 'taskType' does not exist on type 'PatternMetadata'.
src/intelligence/adaptive-learning/behavioral-optimization.ts(272,72): error TS2339: Property 'taskType' does not exist on type 'PatternMetadata'.
src/intelligence/adaptive-learning/behavioral-optimization.ts(315,66): error TS2339: Property 'effective' does not exist on type 'PatternMetadata'.
src/intelligence/adaptive-learning/behavioral-optimization.ts(317,59): error TS2339: Property 'latency' does not exist on type 'PatternMetadata'.
src/intelligence/adaptive-learning/behavioral-optimization.ts(349,74): error TS2339: Property 'resourceType' does not exist on type 'PatternMetadata'.
src/intelligence/adaptive-learning/behavioral-optimization.ts(352,70): error TS2339: Property 'resourceType' does not exist on type 'PatternMetadata'.
src/intelligence/adaptive-learning/behavioral-optimization.ts(354,59): error TS2339: Property 'utilization' does not exist on type 'PatternMetadata'.
src/intelligence/adaptive-learning/behavioral-optimization.ts(356,78): error TS2339: Property 'utilization' does not exist on type 'PatternMetadata'.
src/intelligence/adaptive-learning/behavioral-optimization.ts(397,74): error TS2339: Property 'effective' does not exist on type 'PatternMetadata'.
src/intelligence/adaptive-learning/behavioral-optimization.ts(402,32): error TS2339: Property 'leadershipStyle' does not exist on type 'PatternMetadata'.
src/intelligence/adaptive-learning/behavioral-optimization.ts(408,32): error TS2339: Property 'decisionTime' does not exist on type 'PatternMetadata'.
src/intelligence/adaptive-learning/behavioral-optimization.ts(555,46): error TS2339: Property 'success_rate' does not exist on type 'BehaviorPerformance'.
src/intelligence/adaptive-learning/behavioral-optimization.ts(555,81): error TS2339: Property 'success_rate' does not exist on type '{ efficiency: number; accuracy: number; reliability: number; collaboration: number; adaptability: number; resourceUtilization: number; taskCompletionRate: number; errorRate: number; }'.
src/intelligence/adaptive-learning/behavioral-optimization.ts(565,47): error TS2339: Property 'response_time' does not exist on type 'BehaviorPerformance'.
src/intelligence/adaptive-learning/behavioral-optimization.ts(565,83): error TS2339: Property 'response_time' does not exist on type '{ efficiency: number; accuracy: number; reliability: number; collaboration: number; adaptability: number; resourceUtilization: number; taskCompletionRate: number; errorRate: number; }'.
src/intelligence/adaptive-learning/behavioral-optimization.ts(567,32): error TS2551: Property 'collaboration_score' does not exist on type 'BehaviorPerformance'. Did you mean 'collaboration'?
src/intelligence/adaptive-learning/behavioral-optimization.ts(567,74): error TS2551: Property 'collaboration_score' does not exist on type '{ efficiency: number; accuracy: number; reliability: number; collaboration: number; adaptability: number; resourceUtilization: number; taskCompletionRate: number; errorRate: number; }'. Did you mean 'collaboration'?
src/intelligence/adaptive-learning/behavioral-optimization.ts(570,7): error TS2353: Object literal may only specify known properties, and 'originalPerformance' does not exist in type 'Omit<Adaptation, "timestamp" | "id">'.
src/intelligence/adaptive-learning/behavioral-optimization.ts(810,55): error TS2339: Property 'agentId' does not exist on type 'ExecutionPattern'.
src/intelligence/adaptive-learning/behavioral-optimization.ts(1247,64): error TS2339: Property 'success' does not exist on type 'PatternMetadata'.
src/intelligence/adaptive-learning/behavioral-optimization.ts(1247,86): error TS2339: Property 'agentId' does not exist on type 'ExecutionPattern'.
src/intelligence/adaptive-learning/behavioral-optimization.ts(1252,75): error TS2339: Property 'experience' does not exist on type 'PatternMetadata'.
src/intelligence/adaptive-learning/behavioral-optimization.ts(1263,28): error TS2339: Property 'skills' does not exist on type 'PatternMetadata'.
src/intelligence/adaptive-learning/behavioral-optimization.ts(1263,69): error TS2339: Property 'skills' does not exist on type 'PatternMetadata'.
src/intelligence/adaptive-learning/behavioral-optimization.ts(1264,26): error TS2339: Property 'skills' does not exist on type 'PatternMetadata'.
src/intelligence/adaptive-learning/behavioral-optimization.ts(1275,59): error TS2339: Property 'memoryUsage' does not exist on type 'PatternMetadata'.
src/intelligence/adaptive-learning/behavioral-optimization.ts(1276,56): error TS2339: Property 'cpuUsage' does not exist on type 'PatternMetadata'.
src/intelligence/adaptive-learning/behavioral-optimization.ts(1294,65): error TS2339: Property 'messageType' does not exist on type 'PatternMetadata'.
src/intelligence/adaptive-learning/behavioral-optimization.ts(1297,62): error TS2339: Property 'messageType' does not exist on type 'PatternMetadata'.
src/intelligence/adaptive-learning/behavioral-optimization.ts(1299,59): error TS2339: Property 'interval' does not exist on type 'PatternMetadata'.
src/intelligence/adaptive-learning/behavioral-optimization.ts(1311,40): error TS2339: Property 'messageType' does not exist on type 'PatternMetadata'.
src/intelligence/adaptive-learning/behavioral-optimization.ts(1323,59): error TS2339: Property 'messageSize' does not exist on type 'PatternMetadata'.
src/intelligence/adaptive-learning/behavioral-optimization.ts(1324,62): error TS2339: Property 'latency' does not exist on type 'PatternMetadata'.
src/intelligence/adaptive-learning/behavioral-optimization.ts(1347,28): error TS2339: Property 'communicationPattern' does not exist on type 'PatternMetadata'.
src/intelligence/adaptive-learning/behavioral-optimization.ts(1348,47): error TS2339: Property 'communicationPattern' does not exist on type 'PatternMetadata'.
src/intelligence/adaptive-learning/behavioral-optimization.ts(1365,30): error TS2339: Property 'syncInterval' does not exist on type 'PatternMetadata'.
src/intelligence/adaptive-learning/knowledge-evolution.ts(10,33): error TS2459: Module '"./pattern-recognition-engine"' declares 'PatternCluster' locally, but it is not exported.
src/intelligence/adaptive-learning/knowledge-evolution.ts(281,24): error TS2339: Property 'agentId' does not exist on type 'ExecutionPattern'.
src/intelligence/adaptive-learning/knowledge-evolution.ts(327,25): error TS2339: Property 'success' does not exist on type 'PatternMetadata'.
src/intelligence/adaptive-learning/knowledge-evolution.ts(356,25): error TS2339: Property 'success' does not exist on type 'PatternMetadata'.
src/intelligence/adaptive-learning/knowledge-evolution.ts(548,73): error TS2339: Property 'success' does not exist on type 'PatternMetadata'.
src/intelligence/adaptive-learning/knowledge-evolution.ts(616,78): error TS2339: Property 'success' does not exist on type 'PatternMetadata'.
src/intelligence/adaptive-learning/knowledge-evolution.ts(953,53): error TS2339: Property 'complexity' does not exist on type 'ExecutionContext'.
src/intelligence/adaptive-learning/knowledge-evolution.ts(958,70): error TS2339: Property 'agentCount' does not exist on type 'ExecutionContext'.
src/intelligence/adaptive-learning/knowledge-evolution.ts(1159,35): error TS2339: Property 'complexity' does not exist on type 'ExecutionContext'.
src/intelligence/adaptive-learning/knowledge-evolution.ts(1160,35): error TS2339: Property 'agentCount' does not exist on type 'ExecutionContext'.
src/intelligence/adaptive-learning/knowledge-evolution.ts(1162,33): error TS2339: Property 'success' does not exist on type 'PatternMetadata'.
src/intelligence/adaptive-learning/knowledge-evolution.ts(1173,43): error TS2339: Property 'complexity' does not exist on type 'ExecutionContext'.
src/intelligence/adaptive-learning/knowledge-evolution.ts(1173,67): error TS2339: Property 'complexity' does not exist on type 'ExecutionContext'.
src/intelligence/adaptive-learning/knowledge-evolution.ts(1312,34): error TS2339: Property 'duration' does not exist on type 'ExecutionPattern'.
src/intelligence/adaptive-learning/knowledge-evolution.ts(1312,72): error TS2339: Property 'duration' does not exist on type 'ExecutionPattern'.
src/intelligence/adaptive-learning/knowledge-evolution.ts(1343,23): error TS2339: Property 'agentId' does not exist on type 'ExecutionPattern'.
src/intelligence/adaptive-learning/knowledge-evolution.ts(1358,26): error TS2339: Property 'errorType' does not exist on type 'PatternMetadata'.
src/intelligence/adaptive-learning/knowledge-evolution.ts(1359,26): error TS2339: Property 'impactLevel' does not exist on type 'PatternMetadata'.
src/intelligence/adaptive-learning/knowledge-evolution.ts(1360,26): error TS2339: Property 'recoverable' does not exist on type 'PatternMetadata'.
src/intelligence/adaptive-learning/knowledge-evolution.ts(1370,21): error TS2339: Property 'errorType' does not exist on type 'PatternMetadata'.
src/intelligence/adaptive-learning/knowledge-evolution.ts(1370,47): error TS2339: Property 'errorType' does not exist on type 'PatternMetadata'.
src/intelligence/adaptive-learning/knowledge-evolution.ts(1398,26): error TS2339: Property 'errorType' does not exist on type 'PatternMetadata'.
src/intelligence/adaptive-learning/knowledge-evolution.ts(1398,66): error TS2339: Property 'errorType' does not exist on type 'PatternMetadata'.
src/intelligence/adaptive-learning/knowledge-evolution.ts(1399,26): error TS2339: Property 'rootCause' does not exist on type 'PatternMetadata'.
src/intelligence/adaptive-learning/knowledge-evolution.ts(1399,66): error TS2339: Property 'rootCause' does not exist on type 'PatternMetadata'.
src/intelligence/adaptive-learning/knowledge-evolution.ts(1400,26): error TS2339: Property 'contributingFactors' does not exist on type 'PatternMetadata'.
src/intelligence/adaptive-learning/knowledge-evolution.ts(1401,39): error TS2339: Property 'contributingFactors' does not exist on type 'PatternMetadata'.
src/intelligence/adaptive-learning/knowledge-evolution.ts(1417,51): error TS2339: Property 'complexity' does not exist on type 'ExecutionContext'.
src/intelligence/adaptive-learning/knowledge-evolution.ts(1449,22): error TS2339: Property 'impacts' does not exist on type 'PatternMetadata'.
src/intelligence/adaptive-learning/knowledge-evolution.ts(1450,20): error TS2339: Property 'impacts' does not exist on type 'PatternMetadata'.
src/intelligence/adaptive-learning/pattern-recognition-engine.ts(21,3): error TS2440: Import declaration conflicts with local declaration of 'ResourceUsage'.
src/intelligence/adaptive-learning/pattern-recognition-engine.ts(207,7): error TS2322: Type 'unknown' is not assignable to type 'string'.
src/intelligence/adaptive-learning/pattern-recognition-engine.ts(730,5): error TS2739: Type '{ cpu: number; memory: number; network: number; diskIO: number; }' is missing the following properties from type 'ResourceUsage': timestamp, duration, context
src/intelligence/adaptive-learning/pattern-recognition-engine.ts(777,11): error TS2393: Duplicate function implementation.
src/intelligence/adaptive-learning/pattern-recognition-engine.ts(792,11): error TS2393: Duplicate function implementation.
src/intelligence/adaptive-learning/pattern-recognition-engine.ts(819,11): error TS2393: Duplicate function implementation.
src/intelligence/adaptive-learning/pattern-recognition-engine.ts(846,11): error TS2393: Duplicate function implementation.
src/intelligence/adaptive-learning/pattern-recognition-engine.ts(995,7): error TS2322: Type 'unknown' is not assignable to type 'string'.
src/intelligence/adaptive-learning/pattern-recognition-engine.ts(1002,7): error TS2739: Type 'ResourceMetrics' is missing the following properties from type 'ResourceUsage': timestamp, duration, context
src/intelligence/adaptive-learning/pattern-recognition-engine.ts(1045,65): error TS2345: Argument of type 'ResourceMetrics[]' is not assignable to parameter of type 'ResourceUsage[]'.
  Type 'ResourceMetrics' is missing the following properties from type 'ResourceUsage': timestamp, duration, context
src/intelligence/adaptive-learning/pattern-recognition-engine.ts(1055,11): error TS2393: Duplicate function implementation.
src/intelligence/adaptive-learning/pattern-recognition-engine.ts(1173,11): error TS2393: Duplicate function implementation.
src/intelligence/adaptive-learning/pattern-recognition-engine.ts(1193,11): error TS2393: Duplicate function implementation.
src/intelligence/adaptive-learning/pattern-recognition-engine.ts(1203,11): error TS2393: Duplicate function implementation.
src/intelligence/adaptive-learning/performance-optimizer.ts(42,10): error TS2339: Property 'config' does not exist on type 'PerformanceOptimizer'.
src/intelligence/conversation-demo.ts(135,5): error TS2322: Type '{ type: string; content: MessageContent; confidence: number; contributors: AgentId[]; timestamp: Date; }[]' is not assignable to type 'ConversationOutcome[]'.
  Type '{ type: string; content: MessageContent; confidence: number; contributors: AgentId[]; timestamp: Date; }' is not assignable to type 'ConversationOutcome'.
    Types of property 'type' are incompatible.
      Type 'string' is not assignable to type '"code" | "analysis" | "plan" | "decision" | "recommendation" | "solution"'.
src/intelligence/conversation-framework/__tests__/orchestrator.test.ts(224,9): error TS2322: Type '"hacker"' is not assignable to type 'AgentType'.
src/intelligence/conversation-framework/mcp-tools.ts(7,27): error TS2307: Cannot find module '@modelcontextprotocol/sdk/types' or its corresponding type declarations.
src/intelligence/conversation-framework/types.ts(7,27): error TS2307: Cannot find module '@modelcontextprotocol/sdk/types' or its corresponding type declarations.
src/intelligence/index.ts(22,1): error TS2308: Module './adaptive-learning/knowledge-evolution' has already exported a member named 'AntiPattern'. Consider explicitly re-exporting to resolve the ambiguity.
src/intelligence/index.ts(22,1): error TS2308: Module './adaptive-learning/knowledge-evolution' has already exported a member named 'BestPractice'. Consider explicitly re-exporting to resolve the ambiguity.
src/intelligence/index.ts(134,28): error TS2554: Expected 3 arguments, but got 2.
src/intelligence/index.ts(192,20): error TS2554: Expected 3 arguments, but got 2.
src/intelligence/mcp-integration.ts(7,27): error TS2307: Cannot find module '@modelcontextprotocol/sdk/types' or its corresponding type declarations.
src/intelligence/mcp-integration.ts(125,10): error TS2304: Cannot find name 'ConversationMCPTools'.
src/intelligence/mcp-integration.ts(250,16): error TS2339: Property 'metrics' does not exist on type '{ agentId: any; timeframe: any; analysisperiod: { start: string; end: string; }; patterns: { participationRate: number; averageResponseTime: number; preferredMessageTypes: string[]; collaborationStyle: string; expertise: string[]; strongestPartnerships: { ...; }[]; }; insights: string[]; recommendations: string[]; }'.
src/intelligence/mcp-integration.ts(497,18): error TS2339: Property 'recommendations' does not exist on type '{ conversationId: any; predictionTimestamp: string; predictionHorizon: string; currentStatus: { phase: string; participantCount: number; messageCount: number; consensusLevel: number; energyLevel: number; }; predictions: { ...; }; }'.
src/interfaces/agui/agui-adapter.ts(183,15): error TS2484: Export declaration conflicts with exported declaration of 'AGUIInterface'.
src/interfaces/agui/agui-adapter.ts(183,30): error TS2484: Export declaration conflicts with exported declaration of 'ValidationQuestion'.
src/interfaces/api/http/client.ts(18,8): error TS2307: Cannot find module '../coordination/schemas' or its corresponding type declarations.
src/interfaces/api/http/client.ts(690,3): error TS2484: Export declaration conflicts with exported declaration of 'APIClientConfig'.
src/interfaces/api/http/client.ts(691,3): error TS2484: Export declaration conflicts with exported declaration of 'RequestOptions'.
src/interfaces/api/http/client.ts(692,3): error TS2484: Export declaration conflicts with exported declaration of 'PaginationOptions'.
src/interfaces/api/http/index.ts(51,3): error TS2305: Module '"./schemas/index"' has no exported member 'Agent'.
src/interfaces/api/http/index.ts(53,3): error TS2305: Module '"./schemas/index"' has no exported member 'CoordinationError'.
src/interfaces/api/http/index.ts(56,3): error TS2305: Module '"./schemas/index"' has no exported member 'HealthStatus'.
src/interfaces/api/http/index.ts(65,3): error TS2305: Module '"./schemas/index"' has no exported member 'PerformanceMetrics'.
src/interfaces/api/http/index.ts(69,3): error TS2305: Module '"./schemas/index"' has no exported member 'SwarmConfig'.
src/interfaces/api/http/index.ts(70,3): error TS2305: Module '"./schemas/index"' has no exported member 'Task'.
src/interfaces/api/http/index.ts(96,20): error TS2304: Cannot find name 'APIServerConfig'.
src/interfaces/api/http/index.ts(97,20): error TS2304: Cannot find name 'APIClientConfig'.
src/interfaces/api/http/index.ts(136,19): error TS2304: Cannot find name 'APIServer'.
src/interfaces/api/http/index.ts(137,19): error TS2304: Cannot find name 'APIClient'.
src/interfaces/api/http/index.ts(142,23): error TS2304: Cannot find name 'APIServer'.
src/interfaces/api/http/index.ts(143,23): error TS2304: Cannot find name 'APIClient'.
src/interfaces/api/http/index.ts(163,23): error TS2304: Cannot find name 'APIServer'.
src/interfaces/api/http/index.ts(170,23): error TS2304: Cannot find name 'APIClient'.
src/interfaces/api/http/schemas/index.ts(11,15): error TS2307: Cannot find module '../../coordination/schemas' or its corresponding type declarations.
src/interfaces/api/http/server.ts(11,25): error TS2307: Cannot find module 'compression' or its corresponding type declarations.
src/interfaces/api/http/server.ts(14,34): error TS2307: Cannot find module 'express-openapi-validator' or its corresponding type declarations.
src/interfaces/api/http/server.ts(17,26): error TS2307: Cannot find module 'swagger-jsdoc' or its corresponding type declarations.
src/interfaces/api/http/server.ts(161,9): error TS2322: Type 'readonly string[]' is not assignable to type 'StaticOrigin | CustomOrigin'.
  The type 'readonly string[]' is 'readonly' and cannot be assigned to the mutable type '(string | boolean | RegExp)[]'.
src/interfaces/api/http/v1/coordination.ts(12,33): error TS2307: Cannot find module '../../coordination/api' or its corresponding type declarations.
src/interfaces/api/http/v1/neural.ts(12,33): error TS2307: Cannot find module '../../neural/api' or its corresponding type declarations.
src/interfaces/api/index.ts(72,46): error TS2304: Cannot find name 'WebSocketClient'.
src/interfaces/api/index.ts(77,68): error TS2304: Cannot find name 'WebSocketClient'.
src/interfaces/api/index.ts(81,26): error TS2304: Cannot find name 'WebSocketClient'.
src/interfaces/cli/EnhancedTerminalRouter.tsx(13,42): error TS2307: Cannot find module './CommandExecutionRenderer' or its corresponding type declarations.
src/interfaces/cli/EnhancedTerminalRouter.tsx(14,48): error TS2307: Cannot find module './InteractiveTerminalApplication' or its corresponding type declarations.
src/interfaces/cli/EnhancedTerminalRouter.tsx(15,47): error TS2307: Cannot find module './utils/mode-detector' or its corresponding type declarations.
src/interfaces/cli/EnhancedTerminalRouter.tsx(67,7): error TS2448: Block-scoped variable 'initializeEnhancedCLI' used before its declaration.
src/interfaces/cli/commands/discover.ts(200,58): error TS2345: Argument of type 'string' is not assignable to parameter of type 'ProjectAnalyzerConfig'.
src/interfaces/cli/commands/discover.ts(201,52): error TS2339: Property 'analyzeProject' does not exist on type 'ProjectContextAnalyzer'.
src/interfaces/cli/commands/discover.ts(214,55): error TS2554: Expected 0 arguments, but got 1.
src/interfaces/cli/commands/discover.ts(215,28): error TS2554: Expected 4-5 arguments, but got 3.
src/interfaces/cli/commands/discover.ts(257,9): error TS2322: Type '{ name: string; path: any; files: any; confidence: number; suggestedConcepts: any; technologies: any; relatedDomains: string[]; validations: any[]; research: any[]; refinementHistory: any[]; }[]' is not assignable to type 'DiscoveredDomain[]'.
  Type '{ name: string; path: any; files: any; confidence: number; suggestedConcepts: any; technologies: any; relatedDomains: string[]; validations: any[]; research: any[]; refinementHistory: any[]; }' is missing the following properties from type 'DiscoveredDomain': id, description, documents, codeFiles, and 4 more.
src/interfaces/cli/commands/discover.ts(259,19): error TS2339: Property 'path' does not exist on type 'DiscoveredDomain'.
src/interfaces/cli/commands/discover.ts(260,20): error TS2339: Property 'files' does not exist on type 'DiscoveredDomain'.
src/interfaces/cli/commands/discover.ts(262,32): error TS2339: Property 'suggestedConcepts' does not exist on type 'DiscoveredDomain'.
src/interfaces/cli/commands/discover.ts(263,27): error TS2339: Property 'technologies' does not exist on type 'DiscoveredDomain'.
src/interfaces/cli/commands/discover.ts(293,26): error TS2554: Expected 1-2 arguments, but got 0.
src/interfaces/cli/commands/discover.ts(295,51): error TS2345: Argument of type 'PublicSwarmCoordinator' is not assignable to parameter of type 'SwarmCoordinator'.
  Type 'PublicSwarmCoordinator' is missing the following properties from type 'SwarmCoordinator': agents, tasks, metrics, startTime, and 32 more.
src/interfaces/cli/commands/discover.ts(314,72): error TS2345: Argument of type 'Map<string, import("/home/mhugo/code/claude-code-zen/src/coordination/discovery/progressive-confidence-builder").ConfidentDomain>' is not assignable to parameter of type 'Map<string, import("/home/mhugo/code/claude-code-zen/src/coordination/discovery/auto-swarm-factory").ConfidentDomain>'.
  Type 'import("/home/mhugo/code/claude-code-zen/src/coordination/discovery/progressive-confidence-builder").ConfidentDomain' is not assignable to type 'import("/home/mhugo/code/claude-code-zen/src/coordination/discovery/auto-swarm-factory").ConfidentDomain'.
    Types of property 'confidence' are incompatible.
      Type 'number' is not assignable to type '{ overall: number; domainClarity: number; consistency: number; }'.
src/interfaces/cli/index.ts(31,12): error TS2304: Cannot find name 'AdvancedCLIEngine'.
src/interfaces/cli/index.ts(40,22): error TS2304: Cannot find name 'AdvancedCLIEngine'.
src/interfaces/cli/index.ts(61,77): error TS2304: Cannot find name 'AdvancedCLIEngine'.
src/interfaces/cli/index.ts(62,14): error TS2304: Cannot find name 'AdvancedCLIEngine'.
src/interfaces/cli/index.ts(91,3): error TS18004: No value exists in scope for the shorthand property 'AdvancedCLIEngine'. Either declare one or provide an initializer.
src/interfaces/cli/index.ts(92,3): error TS18004: No value exists in scope for the shorthand property 'AdvancedCommandRegistry'. Either declare one or provide an initializer.
src/interfaces/cli/index.ts(93,3): error TS18004: No value exists in scope for the shorthand property 'EnhancedTerminalRouter'. Either declare one or provide an initializer.
src/interfaces/index.ts(15,1): error TS2308: Module './api' has already exported a member named 'PerformanceMetrics'. Consider explicitly re-exporting to resolve the ambiguity.
src/interfaces/index.ts(17,1): error TS2308: Module './cli' has already exported a member named 'SwarmMetrics'. Consider explicitly re-exporting to resolve the ambiguity.
src/interfaces/mcp/http-mcp-server.ts(16,27): error TS2307: Cannot find module '@modelcontextprotocol/sdk/server/mcp' or its corresponding type declarations.
src/interfaces/mcp/http-mcp-server.ts(17,47): error TS2307: Cannot find module '@modelcontextprotocol/sdk/server/streamableHttp' or its corresponding type declarations.
src/interfaces/mcp/http-mcp-server.ts(20,41): error TS2307: Cannot find module './advanced-tools-registry' or its corresponding type declarations.
src/interfaces/mcp/http-mcp-server.ts(21,30): error TS2307: Cannot find module './simple-logger' or its corresponding type declarations.
src/interfaces/mcp/request-handler.ts(8,30): error TS2307: Cannot find module './simple-logger' or its corresponding type declarations.
src/interfaces/mcp/request-handler.ts(9,15): error TS2724: '"./tool-registry"' has no exported member named 'MCPToolRegistry'. Did you mean 'toolRegistry'?
src/interfaces/mcp/start-server.ts(11,30): error TS2307: Cannot find module './simple-logger' or its corresponding type declarations.
src/interfaces/mcp/test-external-servers.ts(9,30): error TS2307: Cannot find module './simple-logger' or its corresponding type declarations.
src/interfaces/mcp/test-external-servers.ts(21,42): error TS2554: Expected 0 arguments, but got 1.
src/interfaces/mcp/test-external-servers.ts(48,57): error TS2339: Property 'serverName' does not exist on type 'ConnectionResult'.
src/interfaces/mcp/test-external-servers.ts(50,53): error TS2339: Property 'serverName' does not exist on type 'ConnectionResult'.
src/interfaces/mcp/tool-registry.ts(131,28): error TS2554: Expected 2 arguments, but got 1.
src/interfaces/mcp/tool-registry.ts(226,27): error TS2304: Cannot find name 'advancedToolRegistry'.
src/interfaces/mcp/tool-registry.ts(253,31): error TS2304: Cannot find name 'AdvancedMCPTool'.
src/interfaces/mcp/tool-registry.ts(255,12): error TS2304: Cannot find name 'advancedToolRegistry'.
src/interfaces/mcp/tool-registry.ts(269,12): error TS2304: Cannot find name 'advancedToolRegistry'.
src/interfaces/mcp/tool-registry.ts(276,12): error TS2304: Cannot find name 'advancedToolRegistry'.
src/interfaces/mcp/tool-registry.ts(282,68): error TS2304: Cannot find name 'AdvancedMCPTool'.
src/interfaces/mcp/tool-registry.ts(283,12): error TS2304: Cannot find name 'advancedToolRegistry'.
src/interfaces/mcp/tool-registry.ts(315,44): error TS2552: Cannot find name 'AdvancedMCPToolsManager'. Did you mean 'advancedMCPToolsManager'?
src/interfaces/mcp/tool-registry.ts(322,19): error TS2304: Cannot find name 'UnifiedWorkflowEngine'.
src/interfaces/mcp/tool-registry.ts(323,4): error TS2304: Cannot find name 'AdvancedMCPToolsManager'.
src/interfaces/mcp/tool-registry.ts(325,31): error TS2304: Cannot find name 'AdvancedMCPToolsManager'.
src/interfaces/mcp/tool-registry.ts(337,19): error TS2304: Cannot find name 'advancedToolRegistry'.
src/interfaces/mcp/tool-registry.ts(362,19): error TS2304: Cannot find name 'advancedToolRegistry'.
src/interfaces/mcp/tools/coordination-tools.ts(12,8): error TS2307: Cannot find module '../advanced-tools' or its corresponding type declarations.
src/interfaces/mcp/tools/coordination-tools.ts(24,10): error TS2339: Property 'validateParams' does not exist on type 'SwarmInitHandler'.
src/interfaces/mcp/tools/coordination-tools.ts(45,17): error TS2339: Property 'createResult' does not exist on type 'SwarmInitHandler'.
src/interfaces/mcp/tools/coordination-tools.ts(65,10): error TS2339: Property 'validateParams' does not exist on type 'AgentSpawnHandler'.
src/interfaces/mcp/tools/coordination-tools.ts(89,17): error TS2339: Property 'createResult' does not exist on type 'AgentSpawnHandler'.
src/interfaces/mcp/tools/coordination-tools.ts(109,10): error TS2339: Property 'validateParams' does not exist on type 'TaskOrchestrateHandler'.
src/interfaces/mcp/tools/coordination-tools.ts(134,17): error TS2339: Property 'createResult' does not exist on type 'TaskOrchestrateHandler'.
src/interfaces/mcp/tools/coordination-tools.ts(184,17): error TS2339: Property 'createResult' does not exist on type 'SwarmCoordinationHandler'.
src/interfaces/mcp/tools/github-integration-tools.ts(12,8): error TS2307: Cannot find module '../advanced-tools' or its corresponding type declarations.
src/interfaces/mcp/tools/github-integration-tools.ts(19,10): error TS2339: Property 'validateParams' does not exist on type 'GitHubSwarmHandler'.
src/interfaces/mcp/tools/github-integration-tools.ts(43,17): error TS2339: Property 'createResult' does not exist on type 'GitHubSwarmHandler'.
src/interfaces/mcp/tools/github-integration-tools.ts(61,10): error TS2339: Property 'validateParams' does not exist on type 'RepoAnalyzeHandler'.
src/interfaces/mcp/tools/github-integration-tools.ts(101,17): error TS2339: Property 'createResult' does not exist on type 'RepoAnalyzeHandler'.
src/interfaces/mcp/tools/github-integration-tools.ts(109,10): error TS2339: Property 'validateParams' does not exist on type 'PREnhanceHandler'.
src/interfaces/mcp/tools/github-integration-tools.ts(145,17): error TS2339: Property 'createResult' does not exist on type 'PREnhanceHandler'.
src/interfaces/mcp/tools/github-integration-tools.ts(153,10): error TS2339: Property 'validateParams' does not exist on type 'IssueTriageHandler'.
src/interfaces/mcp/tools/github-integration-tools.ts(179,17): error TS2339: Property 'createResult' does not exist on type 'IssueTriageHandler'.
src/interfaces/mcp/tools/github-integration-tools.ts(187,10): error TS2339: Property 'validateParams' does not exist on type 'CodeReviewHandler'.
src/interfaces/mcp/tools/github-integration-tools.ts(217,17): error TS2339: Property 'createResult' does not exist on type 'CodeReviewHandler'.
src/interfaces/mcp/tools/memory-neural-tools.ts(12,8): error TS2307: Cannot find module '../advanced-tools' or its corresponding type declarations.
src/interfaces/mcp/tools/memory-neural-tools.ts(39,17): error TS2339: Property 'createResult' does not exist on type 'MemoryUsageHandler'.
src/interfaces/mcp/tools/memory-neural-tools.ts(52,17): error TS2339: Property 'createResult' does not exist on type 'MemoryUsageHandler'.
src/interfaces/mcp/tools/memory-neural-tools.ts(72,17): error TS2339: Property 'createResult' does not exist on type 'MemoryUsageHandler'.
src/interfaces/mcp/tools/memory-neural-tools.ts(83,17): error TS2339: Property 'createResult' does not exist on type 'MemoryUsageHandler'.
src/interfaces/mcp/tools/memory-neural-tools.ts(102,17): error TS2339: Property 'createResult' does not exist on type 'MemoryUsageHandler'.
src/interfaces/mcp/tools/memory-neural-tools.ts(151,14): error TS2339: Property 'networkDetails' does not exist on type '{ networkId: any; timestamp: string; networks: { active: number; training: number; idle: number; }; performance: { avgAccuracy: string; avgLoss: string; throughput: string; latency: string; }; training: { ...; }; resources: { ...; }; }'.
src/interfaces/mcp/tools/memory-neural-tools.ts(161,14): error TS2339: Property 'weights' does not exist on type '{ networkId: any; timestamp: string; networks: { active: number; training: number; idle: number; }; performance: { avgAccuracy: string; avgLoss: string; throughput: string; latency: string; }; training: { ...; }; resources: { ...; }; }'.
src/interfaces/mcp/tools/memory-neural-tools.ts(169,17): error TS2339: Property 'createResult' does not exist on type 'NeuralStatusHandler'.
src/interfaces/mcp/tools/memory-neural-tools.ts(177,10): error TS2339: Property 'validateParams' does not exist on type 'NeuralTrainHandler'.
src/interfaces/mcp/tools/memory-neural-tools.ts(217,14): error TS2339: Property 'dataInfo' does not exist on type '{ trainingId: string; networkId: any; operation: any; timestamp: string; config: { learningRate: any; batchSize: any; epochs: any; optimizer: any; lossFunction: any; }; progress: { currentEpoch: number; totalEpochs: any; currentLoss: string; currentAccuracy: string; estimatedTimeRemaining: string; }; performance: { ...'.
src/interfaces/mcp/tools/memory-neural-tools.ts(225,17): error TS2339: Property 'createResult' does not exist on type 'NeuralTrainHandler'.
src/interfaces/mcp/tools/memory-neural-tools.ts(295,17): error TS2339: Property 'createResult' does not exist on type 'NeuralPatternsHandler'.
src/interfaces/mcp/tools/memory-neural-tools.ts(347,17): error TS2339: Property 'createResult' does not exist on type 'MemoryBankHandler'.
src/interfaces/mcp/tools/memory-neural-tools.ts(422,17): error TS2339: Property 'createResult' does not exist on type 'PatternRecognitionHandler'.
src/interfaces/mcp/tools/monitoring-tools.ts(12,8): error TS2307: Cannot find module '../advanced-tools' or its corresponding type declarations.
src/interfaces/mcp/tools/monitoring-tools.ts(50,9): error TS2353: Object literal may only specify known properties, and 'details' does not exist in type '{ total: number; active: number; idle: number; busy: number; }'.
src/interfaces/mcp/tools/monitoring-tools.ts(60,14): error TS2339: Property 'history' does not exist on type '{ swarmId: any; timestamp: string; status: string; agents: { total: number; active: number; idle: number; busy: number; }; performance: { avgResponseTime: string; throughput: string; successRate: string; errorRate: string; }; resources: { ...; }; coordination: { ...; }; }'.
src/interfaces/mcp/tools/monitoring-tools.ts(69,17): error TS2339: Property 'createResult' does not exist on type 'SwarmStatusHandler'.
src/interfaces/mcp/tools/monitoring-tools.ts(77,10): error TS2339: Property 'validateParams' does not exist on type 'AgentMetricsHandler'.
src/interfaces/mcp/tools/monitoring-tools.ts(120,17): error TS2339: Property 'createResult' does not exist on type 'AgentMetricsHandler'.
src/interfaces/mcp/tools/monitoring-tools.ts(169,14): error TS2339: Property 'alerts' does not exist on type '{ dashboardId: string; view: any; refreshRate: any; timestamp: string; overview: { systemHealth: string; totalThroughput: string; activeComponents: number; errorRate: string; }; components: { swarms: { ...; }; agents: { ...; }; resources: { ...; }; }; realTimeMetrics: { ...; }; }'.
src/interfaces/mcp/tools/monitoring-tools.ts(179,17): error TS2339: Property 'createResult' does not exist on type 'PerformanceReportHandler'.
src/interfaces/mcp/tools/monitoring-tools.ts(238,14): error TS2339: Property 'autoFixResults' does not exist on type '{ healthCheckId: string; component: any; checkType: any; timestamp: string; overall: { status: string; score: string; issues: number; criticalIssues: number; }; components: { swarmCoordination: { status: string; latency: string; connectivity: string; }; agentHealth: { ...; }; resourceHealth: { ...; }; networkHealth:...'.
src/interfaces/mcp/tools/monitoring-tools.ts(249,17): error TS2339: Property 'createResult' does not exist on type 'HealthMonitorHandler'.
src/interfaces/mcp/tools/monitoring-tools.ts(306,14): error TS2339: Property 'optimizations' does not exist on type '{ analysisId: string; scope: any; analysisDepth: any; timestamp: string; bottlenecks: ({ component: string; severity: string; impact: string; description: string; metrics: { queueLength: number; ... 4 more ...; bandwidthUtilization?: undefined; }; } | { ...; })[]; performance: { ...; }; }'.
src/interfaces/mcp/tools/monitoring-tools.ts(324,17): error TS2339: Property 'createResult' does not exist on type 'BottleneckAnalyzerHandler'.
src/interfaces/mcp/tools/orchestration-tools.ts(12,8): error TS2307: Cannot find module '../advanced-tools' or its corresponding type declarations.
src/interfaces/mcp/tools/orchestration-tools.ts(19,10): error TS2339: Property 'validateParams' does not exist on type 'WorkflowConfigGeneratorHandler'.
src/interfaces/mcp/tools/orchestration-tools.ts(50,17): error TS2339: Property 'createResult' does not exist on type 'WorkflowConfigGeneratorHandler'.
src/interfaces/mcp/tools/orchestration-tools.ts(85,10): error TS2339: Property 'validateParams' does not exist on type 'PipelineManagerHandler'.
src/interfaces/mcp/tools/orchestration-tools.ts(121,17): error TS2339: Property 'createResult' does not exist on type 'PipelineManagerHandler'.
src/interfaces/mcp/tools/orchestration-tools.ts(134,10): error TS2339: Property 'validateParams' does not exist on type 'DeploymentCoordinatorHandler'.
src/interfaces/mcp/tools/orchestration-tools.ts(174,17): error TS2339: Property 'createResult' does not exist on type 'DeploymentCoordinatorHandler'.
src/interfaces/mcp/tools/orchestration-tools.ts(182,10): error TS2339: Property 'validateParams' does not exist on type 'EnvironmentManagerHandler'.
src/interfaces/mcp/tools/orchestration-tools.ts(225,17): error TS2339: Property 'createResult' does not exist on type 'EnvironmentManagerHandler'.
src/interfaces/mcp/tools/orchestration-tools.ts(233,10): error TS2339: Property 'validateParams' does not exist on type 'ServiceMeshHandler'.
src/interfaces/mcp/tools/orchestration-tools.ts(292,17): error TS2339: Property 'createResult' does not exist on type 'ServiceMeshHandler'.
src/interfaces/mcp/tools/sparc-integration-tools.ts(9,44): error TS2307: Cannot find module '../../../core/unified-workflow-engine' or its corresponding type declarations.
src/interfaces/mcp/tools/sparc-integration-tools.ts(16,38): error TS2307: Cannot find module '../advanced-tools' or its corresponding type declarations.
src/interfaces/mcp/tools/sparc-integration-tools.ts(114,17): error TS2741: Property 'sparc_integration' is missing in type '{ name: any; domain: any; description: any; complexity: any; vision_document_ids: undefined[]; adr_document_ids: undefined[]; prd_document_ids: undefined[]; epic_document_ids: undefined[]; feature_document_ids: undefined[]; ... 5 more ...; author: string; }' but required in type 'Omit<ProjectEntity, "id" | "created_at" | "updated_at">'.
src/interfaces/mcp/tools/sparc-integration-tools.ts(491,32): error TS2339: Property 'sparc_phase' does not exist on type 'ProjectEntity'.
src/interfaces/mcp/tools/sparc-integration-tools.ts(492,58): error TS2339: Property 'sparc_phase' does not exist on type 'ProjectEntity'.
src/interfaces/mcp/tools/system-tools.ts(12,8): error TS2307: Cannot find module '../advanced-tools' or its corresponding type declarations.
src/interfaces/mcp/tools/system-tools.ts(19,10): error TS2339: Property 'validateParams' does not exist on type 'BenchmarkRunHandler'.
src/interfaces/mcp/tools/system-tools.ts(61,17): error TS2339: Property 'createResult' does not exist on type 'BenchmarkRunHandler'.
src/interfaces/mcp/tools/system-tools.ts(121,17): error TS2339: Property 'createResult' does not exist on type 'FeaturesDetectHandler'.
src/interfaces/mcp/tools/system-tools.ts(129,10): error TS2339: Property 'validateParams' does not exist on type 'SystemOptimizerHandler'.
src/interfaces/mcp/tools/system-tools.ts(169,17): error TS2339: Property 'createResult' does not exist on type 'SystemOptimizerHandler'.
src/interfaces/mcp/tools/system-tools.ts(209,17): error TS2339: Property 'createResult' does not exist on type 'DiagnosticSuiteHandler'.
src/interfaces/mcp/tools/system-tools.ts(217,10): error TS2339: Property 'validateParams' does not exist on type 'ConfigurationManagerHandler'.
src/interfaces/mcp/tools/system-tools.ts(258,17): error TS2339: Property 'createResult' does not exist on type 'ConfigurationManagerHandler'.
src/interfaces/shared/config.ts(169,21): error TS2322: Type '{ primary: "#00D9FF"; secondary: "#FF6B35"; success: "#28A745"; warning: "#FFC107"; error: "#DC3545"; background: "#1A1A1A"; surface: "#2D2D2D"; text: "#FFFFFF"; textSecondary: "#CCCCCC"; } | { ...; }' is not assignable to type '{ readonly primary: "#00D9FF"; readonly secondary: "#FF6B35"; readonly success: "#28A745"; readonly warning: "#FFC107"; readonly error: "#DC3545"; readonly background: "#1A1A1A"; readonly surface: "#2D2D2D"; readonly text: "#FFFFFF"; readonly textSecondary: "#CCCCCC"; }'.
  Type '{ primary: "#007BFF"; secondary: "#6C757D"; success: "#28A745"; warning: "#FFC107"; error: "#DC3545"; background: "#FFFFFF"; surface: "#F8F9FA"; text: "#212529"; textSecondary: "#6C757D"; }' is not assignable to type '{ readonly primary: "#00D9FF"; readonly secondary: "#FF6B35"; readonly success: "#28A745"; readonly warning: "#FFC107"; readonly error: "#DC3545"; readonly background: "#1A1A1A"; readonly surface: "#2D2D2D"; readonly text: "#FFFFFF"; readonly textSecondary: "#CCCCCC"; }'.
    Types of property 'primary' are incompatible.
      Type '"#007BFF"' is not assignable to type '"#00D9FF"'.
src/interfaces/terminal/ProcessOrchestrator.ts(312,24): error TS2345: Argument of type '"system:shutdown"' is not assignable to parameter of type 'keyof SystemEvents | keyof WorkflowEvents | keyof CoordinationEvents | keyof NeuralEvents | keyof MemoryEvents'.
src/interfaces/terminal/TerminalInterfaceRouter.tsx(119,48): error TS2307: Cannot find module '../../core/unified-interface-launcher.js' or its corresponding type declarations.
src/interfaces/terminal/components/spinner.tsx(61,56): error TS2339: Property 'length' does not exist on type 'never'.
src/interfaces/terminal/components/spinner.tsx(65,14): error TS2339: Property 'length' does not exist on type 'never'.
src/interfaces/terminal/index.ts(28,1): error TS2308: Module './ProcessOrchestrator' has already exported a member named 'TerminalConfig'. Consider explicitly re-exporting to resolve the ambiguity.
src/interfaces/terminal/index.ts(28,1): error TS2308: Module './components/index' has already exported a member named 'SwarmStatus'. Consider explicitly re-exporting to resolve the ambiguity.
src/interfaces/terminal/index.ts(97,11): error TS2304: Cannot find name 'detectMode'.
src/interfaces/terminal/index.ts(98,32): error TS2304: Cannot find name 'TerminalMode'.
src/interfaces/terminal/index.ts(102,21): error TS2339: Property 'debug' does not exist on type 'TerminalInterfaceConfig'.
src/interfaces/terminal/screens/main-menu.tsx(134,22): error TS2322: Type '{ children: string; bold: true; marginBottom: number; }' is not assignable to type 'IntrinsicAttributes & Props'.
  Property 'marginBottom' does not exist on type 'IntrinsicAttributes & Props'.
src/interfaces/terminal/state-hooks/use-swarm-status.ts(385,46): error TS2554: Expected 1-2 arguments, but got 3.
src/interfaces/tui/components/deployment-progress.tsx(18,20): error TS2339: Property 'status' does not exist on type '"pending" | "failed" | "success" | "deploying"'.
  Property 'status' does not exist on type '"pending"'.
src/interfaces/tui/components/deployment-progress.tsx(33,20): error TS2339: Property 'status' does not exist on type '"pending" | "failed" | "success" | "deploying"'.
  Property 'status' does not exist on type '"pending"'.
src/interfaces/tui/components/deployment-progress.tsx(55,39): error TS2345: Argument of type 'DeploymentStatus' is not assignable to parameter of type '"pending" | "failed" | "success" | "deploying"'.
src/interfaces/tui/components/deployment-progress.tsx(99,8): error TS2367: This comparison appears to be unintentional because the types '"pending" | "failed" | "success" | "deploying"' and '"deployed"' have no overlap.
src/interfaces/tui/components/status-dashboard.tsx(24,17): error TS2367: This comparison appears to be unintentional because the types '"pending" | "failed" | "success" | "deploying"' and '"deployed"' have no overlap.
src/interfaces/tui/components/status-dashboard.tsx(96,22): error TS2322: Type '{ children: string; bold: true; marginBottom: number; }' is not assignable to type 'IntrinsicAttributes & Props'.
  Property 'marginBottom' does not exist on type 'IntrinsicAttributes & Props'.
src/interfaces/tui/components/swarm-config-panel.tsx(56,9): error TS2322: Type 'string' is not assignable to type 'boolean'.
  Type 'string' is not assignable to type 'boolean'.
src/interfaces/tui/components/swarm-config-panel.tsx(88,40): error TS2345: Argument of type 'boolean' is not assignable to parameter of type 'string | number'.
src/interfaces/tui/components/swarm-config-panel.tsx(90,26): error TS2353: Object literal may only specify known properties, and 'enableAutoScaling' does not exist in type 'Partial<SwarmConfig>'.
src/interfaces/tui/components/swarm-config-panel.tsx(90,53): error TS2339: Property 'enableAutoScaling' does not exist on type 'SwarmConfig'.
src/interfaces/tui/components/swarm-config-panel.tsx(241,33): error TS2339: Property 'enableAutoScaling' does not exist on type 'SwarmConfig'.
src/interfaces/tui/components/swarm-config-panel.tsx(242,23): error TS2339: Property 'enableAutoScaling' does not exist on type 'SwarmConfig'.
src/interfaces/tui/components/swarm-config-panel.tsx(245,23): error TS2339: Property 'enableAutoScaling' does not exist on type 'SwarmConfig'.
src/interfaces/tui/components/swarm-config-panel.tsx(275,18): error TS2367: This comparison appears to be unintentional because the types 'boolean' and 'string' have no overlap.
src/interfaces/tui/components/swarm-config-panel.tsx(276,18): error TS2367: This comparison appears to be unintentional because the types 'boolean' and 'string' have no overlap.
src/interfaces/tui/components/swarm-config-panel.tsx(277,18): error TS2367: This comparison appears to be unintentional because the types 'boolean' and 'string' have no overlap.
src/interfaces/tui/components/swarm-config-panel.tsx(280,18): error TS2367: This comparison appears to be unintentional because the types 'boolean' and 'string' have no overlap.
src/interfaces/tui/components/swarm-config-panel.tsx(281,18): error TS2367: This comparison appears to be unintentional because the types 'boolean' and 'string' have no overlap.
src/interfaces/tui/components/swarm-config-panel.tsx(282,18): error TS2367: This comparison appears to be unintentional because the types 'boolean' and 'string' have no overlap.
src/interfaces/tui/discovery-tui.tsx(86,7): error TS2448: Block-scoped variable 'startAnalysis' used before its declaration.
src/interfaces/tui/discovery-tui.tsx(174,7): error TS2448: Block-scoped variable 'simulateAnalysisPhase' used before its declaration.
src/interfaces/tui/discovery-tui.tsx(204,13): error TS2322: Type 'string' is not assignable to type 'boolean'.
src/interfaces/tui/discovery-tui.tsx(225,32): error TS2345: Argument of type '{ topology: "mesh" | "hierarchical" | "star" | "ring"; maxAgents: number; resourceLimits: { memory: string; cpu: number; }; enableAutoScaling?: boolean; persistence: boolean | ... 2 more ... | "lancedb"; autoScaling: boolean; }' is not assignable to parameter of type 'SwarmConfig'.
  Types of property 'persistence' are incompatible.
    Type 'string | boolean' is not assignable to type 'boolean'.
      Type 'string' is not assignable to type 'boolean'.
src/interfaces/tui/discovery-tui.tsx(253,14): error TS2345: Argument of type '(prev: DiscoveryState) => { deploymentStatus: Map<string, DeploymentStatus>; phase: "error" | "completed" | "analyzing" | "deploying" | "reviewing" | "configuring"; ... 4 more ...; error?: string; }' is not assignable to parameter of type 'SetStateAction<DiscoveryState>'.
  Type '(prev: DiscoveryState) => { deploymentStatus: Map<string, DeploymentStatus>; phase: "error" | "completed" | "analyzing" | "deploying" | "reviewing" | "configuring"; ... 4 more ...; error?: string; }' is not assignable to type '(prevState: DiscoveryState) => DiscoveryState'.
    Call signature return types '{ deploymentStatus: Map<string, DeploymentStatus>; phase: "error" | "completed" | "analyzing" | "deploying" | "reviewing" | "configuring"; progress: { current: number; total: number; message: string; }; domains: DiscoveredDomain[]; selectedDomains: Set<...>; swarmConfigs: Map<...>; error?: string; }' and 'DiscoveryState' are incompatible.
      The types of 'deploymentStatus' are incompatible between these types.
        Type 'Map<string, import("/home/mhugo/code/claude-code-zen/src/interfaces/tui/discovery-tui").DeploymentStatus>' is not assignable to type 'Map<string, import("/home/mhugo/code/claude-code-zen/src/interfaces/tui/types").DeploymentStatus>'.
          Type 'import("/home/mhugo/code/claude-code-zen/src/interfaces/tui/discovery-tui").DeploymentStatus' is not assignable to type 'import("/home/mhugo/code/claude-code-zen/src/interfaces/tui/types").DeploymentStatus'.
            Types of property 'status' are incompatible.
              Type '"pending" | "failed" | "deployed" | "deploying"' is not assignable to type '"pending" | "failed" | "success" | "deploying"'.
                Type '"deployed"' is not assignable to type '"pending" | "failed" | "success" | "deploying"'.
src/interfaces/tui/discovery-tui.tsx(285,68): error TS2448: Block-scoped variable 'deployDomain' used before its declaration.
src/interfaces/tui/discovery-tui.tsx(338,11): error TS2322: Type '"deployed"' is not assignable to type '"pending" | "failed" | "success" | "deploying"'.
src/interfaces/tui/discovery-tui.tsx(515,72): error TS2345: Argument of type 'Partial<import("/home/mhugo/code/claude-code-zen/src/interfaces/tui/types").SwarmConfig>' is not assignable to parameter of type 'Partial<import("/home/mhugo/code/claude-code-zen/src/interfaces/tui/discovery-tui").SwarmConfig>'.
  Types of property 'persistence' are incompatible.
    Type 'boolean' is not assignable to type '"json" | "sqlite" | "lancedb"'.
src/interfaces/tui/index.ts(6,36): error TS5097: An import path can only end with a '.tsx' extension when 'allowImportingTsExtensions' is enabled.
src/interfaces/tui/index.ts(8,28): error TS5097: An import path can only end with a '.tsx' extension when 'allowImportingTsExtensions' is enabled.
src/interfaces/tui/index.ts(10,29): error TS5097: An import path can only end with a '.tsx' extension when 'allowImportingTsExtensions' is enabled.
src/interfaces/tui/index.ts(12,33): error TS5097: An import path can only end with a '.tsx' extension when 'allowImportingTsExtensions' is enabled.
src/interfaces/tui/index.ts(14,34): error TS5097: An import path can only end with a '.tsx' extension when 'allowImportingTsExtensions' is enabled.
src/interfaces/tui/index.ts(18,3): error TS2614: Module '"./discovery-tui.tsx"' has no exported member 'DiscoveredDomain'. Did you mean to use 'import DiscoveredDomain from "./discovery-tui.tsx"' instead?
src/interfaces/tui/index.ts(19,3): error TS2614: Module '"./discovery-tui.tsx"' has no exported member 'DiscoveryState'. Did you mean to use 'import DiscoveryState from "./discovery-tui.tsx"' instead?
src/interfaces/tui/index.ts(23,41): error TS5097: An import path can only end with a '.tsx' extension when 'allowImportingTsExtensions' is enabled.
src/interfaces/web/DaemonProcessManager.ts(100,10): error TS2339: Property 'currentProcess' does not exist on type 'DaemonProcessManager'.
src/interfaces/web/SystemMetricsDashboard.ts(5,35): error TS2307: Cannot find module '../database/lancedb-interface' or its corresponding type declarations.
src/interfaces/web/SystemMetricsDashboard.ts(6,40): error TS2307: Cannot find module '../mcp/performance-metrics' or its corresponding type declarations.
src/interfaces/web/SystemMetricsDashboard.ts(7,33): error TS2307: Cannot find module '../memory/memory' or its corresponding type declarations.
src/interfaces/web/WebInterfaceServer.ts(101,10): error TS2339: Property 'apiRouteHandler' does not exist on type 'WebInterfaceServer'.
src/interfaces/web/index.ts(26,42): error TS2304: Cannot find name 'WebConfig'.
src/interfaces/web/index.ts(27,14): error TS2304: Cannot find name 'WebInterfaceServer'.
src/interfaces/web/index.ts(30,47): error TS2304: Cannot find name 'WebConfig'.
src/interfaces/web/index.ts(31,22): error TS2304: Cannot find name 'WebInterfaceServer'.
src/interfaces/web/index.ts(44,16): error TS2304: Cannot find name 'WebInterfaceServer'.
src/knowledge/collaborative-reasoning-engine.ts(23,21): error TS2304: Cannot find name 'DependencyMapper'.
src/knowledge/collaborative-reasoning-engine.ts(24,26): error TS2304: Cannot find name 'ParallelizationEngine'.
src/knowledge/collaborative-reasoning-engine.ts(25,21): error TS2304: Cannot find name 'WorkloadBalancer'.
src/knowledge/collaborative-reasoning-engine.ts(30,18): error TS2304: Cannot find name 'ApplicabilityCondition'.
src/knowledge/collaborative-reasoning-engine.ts(32,19): error TS2304: Cannot find name 'QualityMetric'.
src/knowledge/collaborative-reasoning-engine.ts(33,16): error TS2304: Cannot find name 'PerformanceCharacteristics'.
src/knowledge/collaborative-reasoning-engine.ts(42,18): error TS2304: Cannot find name 'ExecutionPlan'.
src/knowledge/collaborative-reasoning-engine.ts(43,25): error TS2304: Cannot find name 'ResourceRequirements'.
src/knowledge/collaborative-reasoning-engine.ts(44,21): error TS2304: Cannot find name 'QualityAssuranceConfig'.
src/knowledge/collaborative-reasoning-engine.ts(52,15): error TS2304: Cannot find name 'ComplexityMetrics'.
src/knowledge/collaborative-reasoning-engine.ts(53,17): error TS2304: Cannot find name 'ProblemRequirements'.
src/knowledge/collaborative-reasoning-engine.ts(54,16): error TS2304: Cannot find name 'ProblemConstraint'.
src/knowledge/collaborative-reasoning-engine.ts(55,19): error TS2304: Cannot find name 'OutputSpecification'.
src/knowledge/collaborative-reasoning-engine.ts(67,15): error TS2304: Cannot find name 'DependencyResolution'.
src/knowledge/collaborative-reasoning-engine.ts(71,22): error TS2304: Cannot find name 'ComplexityMetric'.
src/knowledge/collaborative-reasoning-engine.ts(72,23): error TS2304: Cannot find name 'ComplexityAnalysisAlgorithm'.
src/knowledge/collaborative-reasoning-engine.ts(73,25): error TS2304: Cannot find name 'ScalabilityPredictor'.
src/knowledge/collaborative-reasoning-engine.ts(74,22): error TS2304: Cannot find name 'ResourceEstimator'.
src/knowledge/collaborative-reasoning-engine.ts(117,19): error TS2304: Cannot find name 'ReasoningContextManager'.
src/knowledge/collaborative-reasoning-engine.ts(122,37): error TS2304: Cannot find name 'ReasoningSpecialization'.
src/knowledge/collaborative-reasoning-engine.ts(123,26): error TS2304: Cannot find name 'CoordinationProtocol'.
src/knowledge/collaborative-reasoning-engine.ts(124,18): error TS2304: Cannot find name 'ReasoningLoadBalancer'.
src/knowledge/collaborative-reasoning-engine.ts(125,19): error TS2304: Cannot find name 'ReasoningQualityController'.
src/knowledge/collaborative-reasoning-engine.ts(133,12): error TS2304: Cannot find name 'ReasoningContext'.
src/knowledge/collaborative-reasoning-engine.ts(135,15): error TS2304: Cannot find name 'Inference'.
src/knowledge/collaborative-reasoning-engine.ts(136,16): error TS2304: Cannot find name 'Conclusion'.
src/knowledge/collaborative-reasoning-engine.ts(143,12): error TS2304: Cannot find name 'AttackRelation'.
src/knowledge/collaborative-reasoning-engine.ts(144,13): error TS2304: Cannot find name 'SupportRelation'.
src/knowledge/collaborative-reasoning-engine.ts(145,15): error TS2304: Cannot find name 'ArgumentExtension'.
src/knowledge/collaborative-reasoning-engine.ts(146,23): error TS2304: Cannot find name 'EvaluationCriteria'.
src/knowledge/collaborative-reasoning-engine.ts(147,20): error TS2304: Cannot find name 'DialecticalTree'.
src/knowledge/collaborative-reasoning-engine.ts(152,10): error TS2304: Cannot find name 'Claim'.
src/knowledge/collaborative-reasoning-engine.ts(153,13): error TS2304: Cannot find name 'Premise'.
src/knowledge/collaborative-reasoning-engine.ts(154,13): error TS2304: Cannot find name 'Evidence'.
src/knowledge/collaborative-reasoning-engine.ts(155,14): error TS2304: Cannot find name 'ReasoningChain'.
src/knowledge/collaborative-reasoning-engine.ts(163,19): error TS2304: Cannot find name 'InferenceRule'.
src/knowledge/collaborative-reasoning-engine.ts(164,18): error TS2304: Cannot find name 'LogicalKnowledgeBase'.
src/knowledge/collaborative-reasoning-engine.ts(165,16): error TS2304: Cannot find name 'ProofSystem'.
src/knowledge/collaborative-reasoning-engine.ts(166,23): error TS2304: Cannot find name 'ConsistencyChecker'.
src/knowledge/collaborative-reasoning-engine.ts(167,25): error TS2304: Cannot find name 'CompletenessVerifier'.
src/knowledge/collaborative-reasoning-engine.ts(171,33): error TS2304: Cannot find name 'BayesianNetwork'.
src/knowledge/collaborative-reasoning-engine.ts(172,29): error TS2304: Cannot find name 'MarkovModel'.
src/knowledge/collaborative-reasoning-engine.ts(173,30): error TS2304: Cannot find name 'UncertaintyQuantifier'.
src/knowledge/collaborative-reasoning-engine.ts(174,27): error TS2304: Cannot find name 'ProbabilisticInferenceEngine'.
src/knowledge/collaborative-reasoning-engine.ts(175,19): error TS2304: Cannot find name 'BeliefRevisionSystem'.
src/knowledge/collaborative-reasoning-engine.ts(206,21): error TS2304: Cannot find name 'AgreementTracker'.
src/knowledge/collaborative-reasoning-engine.ts(211,18): error TS2304: Cannot find name 'ConsensusApplicability'.
src/knowledge/collaborative-reasoning-engine.ts(213,26): error TS2304: Cannot find name 'TerminationCondition'.
src/knowledge/collaborative-reasoning-engine.ts(214,21): error TS2304: Cannot find name 'ConsensusQualityAssurance'.
src/knowledge/collaborative-reasoning-engine.ts(220,17): error TS2304: Cannot find name 'ParticipantRole'.
src/knowledge/collaborative-reasoning-engine.ts(221,13): error TS2304: Cannot find name 'PhaseDuration'.
src/knowledge/collaborative-reasoning-engine.ts(222,20): error TS2304: Cannot find name 'SuccessCriteria'.
src/knowledge/collaborative-reasoning-engine.ts(223,23): error TS2304: Cannot find name 'FallbackStrategy'.
src/knowledge/collaborative-reasoning-engine.ts(227,32): error TS2304: Cannot find name 'Dialogue'.
src/knowledge/collaborative-reasoning-engine.ts(228,22): error TS2304: Cannot find name 'DialogueProtocol'.
src/knowledge/collaborative-reasoning-engine.ts(229,15): error TS2304: Cannot find name 'TurnTakingSystem'.
src/knowledge/collaborative-reasoning-engine.ts(230,22): error TS2304: Cannot find name 'MessageValidationSystem'.
src/knowledge/collaborative-reasoning-engine.ts(231,23): error TS2304: Cannot find name 'DialogueContextManager'.
src/knowledge/collaborative-reasoning-engine.ts(236,21): error TS2304: Cannot find name 'EligibilityRule'.
src/knowledge/collaborative-reasoning-engine.ts(237,20): error TS2304: Cannot find name 'WeightingScheme'.
src/knowledge/collaborative-reasoning-engine.ts(238,24): error TS2304: Cannot find name 'AggregationFunction'.
src/knowledge/collaborative-reasoning-engine.ts(239,26): error TS2304: Cannot find name 'OutcomeInterpretation'.
src/knowledge/collaborative-reasoning-engine.ts(243,22): error TS2304: Cannot find name 'ConflictDetectionSystem'.
src/knowledge/collaborative-reasoning-engine.ts(244,24): error TS2304: Cannot find name 'MediationStrategy'.
src/knowledge/collaborative-reasoning-engine.ts(245,26): error TS2304: Cannot find name 'ArbitrationProcedure'.
src/knowledge/collaborative-reasoning-engine.ts(246,25): error TS2304: Cannot find name 'CompromiseGenerator'.
src/knowledge/collaborative-reasoning-engine.ts(247,23): error TS2304: Cannot find name 'ResolutionTracker'.
src/knowledge/collaborative-reasoning-engine.ts(273,21): error TS2304: Cannot find name 'SolutionQualityAssurance'.
src/knowledge/collaborative-reasoning-engine.ts(275,23): error TS2304: Cannot find name 'SolutionOptimizationEngine'.
src/knowledge/collaborative-reasoning-engine.ts(280,18): error TS2304: Cannot find name 'SynthesisApplicability'.
src/knowledge/collaborative-reasoning-engine.ts(282,23): error TS2304: Cannot find name 'SynthesisConflictResolution'.
src/knowledge/collaborative-reasoning-engine.ts(283,19): error TS2304: Cannot find name 'SynthesisQualityMetric'.
src/knowledge/collaborative-reasoning-engine.ts(288,24): error TS2304: Cannot find name 'IntegrationPattern'.
src/knowledge/collaborative-reasoning-engine.ts(289,23): error TS2304: Cannot find name 'IntegrationDependencyResolver'.
src/knowledge/collaborative-reasoning-engine.ts(290,26): error TS2304: Cannot find name 'ConsistencyMaintainer'.
src/knowledge/collaborative-reasoning-engine.ts(291,22): error TS2304: Cannot find name 'EmergenceDetector'.
src/knowledge/collaborative-reasoning-engine.ts(297,13): error TS2304: Cannot find name 'Solution'.
src/knowledge/collaborative-reasoning-engine.ts(298,12): error TS2304: Cannot find name 'SolutionQuality'.
src/knowledge/collaborative-reasoning-engine.ts(299,17): error TS2304: Cannot find name 'SolutionDependency'.
src/knowledge/collaborative-reasoning-engine.ts(300,16): error TS2304: Cannot find name 'SolutionConstraint'.
src/knowledge/collaborative-reasoning-engine.ts(306,23): error TS2304: Cannot find name 'ValidationCriterion'.
src/knowledge/collaborative-reasoning-engine.ts(307,17): error TS2304: Cannot find name 'TestCase'.
src/knowledge/collaborative-reasoning-engine.ts(308,26): error TS2304: Cannot find name 'PerformanceEvaluator'.
src/knowledge/collaborative-reasoning-engine.ts(309,23): error TS2304: Cannot find name 'RobustnessAnalyzer'.
src/knowledge/collaborative-reasoning-engine.ts(310,24): error TS2304: Cannot find name 'UsabilityAssessor'.
src/knowledge/collaborative-reasoning-engine.ts(327,21): error TS2304: Cannot find name 'ContextEvolutionTracker'.
src/knowledge/collaborative-reasoning-engine.ts(328,18): error TS2304: Cannot find name 'ContextAccessController'.
src/knowledge/collaborative-reasoning-engine.ts(329,23): error TS2304: Cannot find name 'ContextPersistenceManager'.
src/knowledge/collaborative-reasoning-engine.ts(337,16): error TS2304: Cannot find name 'SharedAssumption'.
src/knowledge/collaborative-reasoning-engine.ts(338,16): error TS2304: Cannot find name 'SharedConstraint'.
src/knowledge/collaborative-reasoning-engine.ts(339,10): error TS2304: Cannot find name 'SharedGoal'.
src/knowledge/collaborative-reasoning-engine.ts(340,13): error TS2304: Cannot find name 'ContextProgress'.
src/knowledge/collaborative-reasoning-engine.ts(344,28): error TS2304: Cannot find name 'SynchronizationProtocol'.
src/knowledge/collaborative-reasoning-engine.ts(345,22): error TS2304: Cannot find name 'ContextConflictDetector'.
src/knowledge/collaborative-reasoning-engine.ts(346,20): error TS2304: Cannot find name 'ContextMergeStrategy'.
src/knowledge/collaborative-reasoning-engine.ts(347,19): error TS2304: Cannot find name 'ContextVersionControl'.
src/knowledge/collaborative-reasoning-engine.ts(348,26): error TS2304: Cannot find name 'ContextDistributionMechanism'.
src/knowledge/collaborative-reasoning-engine.ts(352,10): error TS2304: Cannot find name 'SharedFact'.
src/knowledge/collaborative-reasoning-engine.ts(353,10): error TS2304: Cannot find name 'SharedRule'.
src/knowledge/collaborative-reasoning-engine.ts(354,13): error TS2304: Cannot find name 'SharedPattern'.
src/knowledge/collaborative-reasoning-engine.ts(355,16): error TS2304: Cannot find name 'SharedExperience'.
src/knowledge/collaborative-reasoning-engine.ts(356,13): error TS2304: Cannot find name 'SharedInsight'.
src/knowledge/collaborative-reasoning-engine.ts(362,16): error TS2304: Cannot find name 'ContextPermission'.
src/knowledge/collaborative-reasoning-engine.ts(363,18): error TS2304: Cannot find name 'ContextContribution'.
src/knowledge/collaborative-reasoning-engine.ts(364,18): error TS2304: Cannot find name 'ContextAccessRecord'.
src/knowledge/collaborative-reasoning-engine.ts(394,48): error TS2304: Cannot find name 'ConsensusProcess'.
src/knowledge/collaborative-reasoning-engine.ts(410,34): error TS2304: Cannot find name 'ProblemDecompositionSystem'.
src/knowledge/collaborative-reasoning-engine.ts(416,37): error TS2304: Cannot find name 'DistributedReasoningSystem'.
src/knowledge/collaborative-reasoning-engine.ts(422,33): error TS2304: Cannot find name 'ConsensusBuilderSystem'.
src/knowledge/collaborative-reasoning-engine.ts(428,36): error TS2304: Cannot find name 'SolutionSynthesisSystem'.
src/knowledge/collaborative-reasoning-engine.ts(434,31): error TS2304: Cannot find name 'ContextSharingSystem'.
src/knowledge/collaborative-reasoning-engine.ts(448,28): error TS2339: Property 'on' does not exist on type 'ProblemDecomposer'.
src/knowledge/collaborative-reasoning-engine.ts(449,39): error TS2339: Property 'assignReasoningTasks' does not exist on type 'DistributedReasoningEngine'.
src/knowledge/collaborative-reasoning-engine.ts(454,31): error TS2339: Property 'on' does not exist on type 'DistributedReasoningEngine'.
src/knowledge/collaborative-reasoning-engine.ts(456,37): error TS2339: Property 'initiateConsensus' does not exist on type 'ConsensusBuilder'.
src/knowledge/collaborative-reasoning-engine.ts(462,27): error TS2339: Property 'on' does not exist on type 'ConsensusBuilder'.
src/knowledge/collaborative-reasoning-engine.ts(463,38): error TS2339: Property 'synthesizeSolution' does not exist on type 'SolutionSynthesizer'.
src/knowledge/collaborative-reasoning-engine.ts(468,30): error TS2339: Property 'on' does not exist on type 'SolutionSynthesizer'.
src/knowledge/collaborative-reasoning-engine.ts(469,33): error TS2551: Property 'updateSharedContext' does not exist on type 'ContextSharingManager'. Did you mean 'sharedContext'?
src/knowledge/collaborative-reasoning-engine.ts(474,25): error TS2339: Property 'on' does not exist on type 'ContextSharingManager'.
src/knowledge/collaborative-reasoning-engine.ts(475,12): error TS2339: Property 'propagateContextUpdate' does not exist on type 'CollaborativeReasoningEngine'.
src/knowledge/collaborative-reasoning-engine.ts(484,19): error TS2304: Cannot find name 'CollaborativeParticipant'.
src/knowledge/collaborative-reasoning-engine.ts(524,44): error TS2339: Property 'validateAndOptimizeSolution' does not exist on type 'CollaborativeReasoningEngine'.
src/knowledge/collaborative-reasoning-engine.ts(535,40): error TS2339: Property 'getConsensusProcessCount' does not exist on type 'CollaborativeReasoningEngine'.
src/knowledge/collaborative-reasoning-engine.ts(537,36): error TS2339: Property 'calculateSolutionQuality' does not exist on type 'CollaborativeReasoningEngine'.
src/knowledge/collaborative-reasoning-engine.ts(538,42): error TS2339: Property 'calculateCollaborationMetrics' does not exist on type 'CollaborativeReasoningEngine'.
src/knowledge/collaborative-reasoning-engine.ts(544,18): error TS2339: Property 'storeSolutionForLearning' does not exist on type 'CollaborativeReasoningEngine'.
src/knowledge/collaborative-reasoning-engine.ts(565,19): error TS2304: Cannot find name 'CollaborativeParticipant'.
src/knowledge/collaborative-reasoning-engine.ts(577,45): error TS2339: Property 'analyzeProblemComplexity' does not exist on type 'CollaborativeReasoningEngine'.
src/knowledge/collaborative-reasoning-engine.ts(580,35): error TS2339: Property 'selectDecompositionStrategy' does not exist on type 'CollaborativeReasoningEngine'.
src/knowledge/collaborative-reasoning-engine.ts(583,38): error TS2339: Property 'applyDecompositionAlgorithm' does not exist on type 'CollaborativeReasoningEngine'.
src/knowledge/collaborative-reasoning-engine.ts(586,39): error TS2339: Property 'analyzeProblemDependencies' does not exist on type 'CollaborativeReasoningEngine'.
src/knowledge/collaborative-reasoning-engine.ts(589,40): error TS2339: Property 'createExecutionPlan' does not exist on type 'CollaborativeReasoningEngine'.
src/knowledge/collaborative-reasoning-engine.ts(598,42): error TS2339: Property 'calculateResourceRequirements' does not exist on type 'CollaborativeReasoningEngine'.
src/knowledge/collaborative-reasoning-engine.ts(635,43): error TS2339: Property 'createReasoningCoordinationPlan' does not exist on type 'CollaborativeReasoningEngine'.
src/knowledge/collaborative-reasoning-engine.ts(642,14): error TS2551: Property 'executeReasoningTask' does not exist on type 'CollaborativeReasoningEngine'. Did you mean 'reasoningTasks'?
src/knowledge/collaborative-reasoning-engine.ts(646,43): error TS2339: Property 'monitorReasoningProgress' does not exist on type 'CollaborativeReasoningEngine'.
src/knowledge/collaborative-reasoning-engine.ts(652,44): error TS2339: Property 'aggregateReasoningResults' does not exist on type 'CollaborativeReasoningEngine'.
src/knowledge/collaborative-reasoning-engine.ts(658,43): error TS2339: Property 'analyzeResultConflicts' does not exist on type 'CollaborativeReasoningEngine'.
src/knowledge/collaborative-reasoning-engine.ts(685,19): error TS2304: Cannot find name 'CollaborativeParticipant'.
src/knowledge/collaborative-reasoning-engine.ts(698,16): error TS2339: Property 'initializeConsensusProcess' does not exist on type 'CollaborativeReasoningEngine'.
src/knowledge/collaborative-reasoning-engine.ts(704,50): error TS2339: Property 'conductStructuredDialogue' does not exist on type 'CollaborativeReasoningEngine'.
src/knowledge/collaborative-reasoning-engine.ts(708,40): error TS2339: Property 'applyVotingMechanisms' does not exist on type 'CollaborativeReasoningEngine'.
src/knowledge/collaborative-reasoning-engine.ts(713,43): error TS2339: Property 'mediateRemainingConflicts' does not exist on type 'CollaborativeReasoningEngine'.
src/knowledge/collaborative-reasoning-engine.ts(718,42): error TS2339: Property 'combineConsensusResults' does not exist on type 'CollaborativeReasoningEngine'.
src/knowledge/collaborative-reasoning-engine.ts(728,38): error TS2339: Property 'calculateConsensusQuality' does not exist on type 'CollaborativeReasoningEngine'.
src/knowledge/collaborative-reasoning-engine.ts(729,45): error TS2339: Property 'calculateParticipantSatisfaction' does not exist on type 'CollaborativeReasoningEngine'.
src/knowledge/collaborative-reasoning-engine.ts(759,43): error TS2339: Property 'extractPartialSolutions' does not exist on type 'CollaborativeReasoningEngine'.
src/knowledge/collaborative-reasoning-engine.ts(765,44): error TS2339: Property 'selectSynthesisStrategy' does not exist on type 'CollaborativeReasoningEngine'.
src/knowledge/collaborative-reasoning-engine.ts(771,45): error TS2339: Property 'integratePartialSolutions' does not exist on type 'CollaborativeReasoningEngine'.
src/knowledge/collaborative-reasoning-engine.ts(777,43): error TS2339: Property 'resolveIntegrationConflicts' does not exist on type 'CollaborativeReasoningEngine'.
src/knowledge/collaborative-reasoning-engine.ts(783,44): error TS2339: Property 'optimizeSynthesizedSolution' does not exist on type 'CollaborativeReasoningEngine'.
src/knowledge/collaborative-reasoning-engine.ts(794,37): error TS2339: Property 'assessSolutionQuality' does not exist on type 'CollaborativeReasoningEngine'.
src/knowledge/collaborative-reasoning-engine.ts(795,34): error TS2339: Property 'assessSolutionCompleteness' does not exist on type 'CollaborativeReasoningEngine'.
src/knowledge/collaborative-reasoning-engine.ts(815,40): error TS2339: Property 'getAverageSubproblems' does not exist on type 'CollaborativeReasoningEngine'.
src/knowledge/collaborative-reasoning-engine.ts(816,45): error TS2339: Property 'getDecompositionEfficiency' does not exist on type 'CollaborativeReasoningEngine'.
src/knowledge/collaborative-reasoning-engine.ts(817,41): error TS2339: Property 'getComplexityReduction' does not exist on type 'CollaborativeReasoningEngine'.
src/knowledge/collaborative-reasoning-engine.ts(821,39): error TS2339: Property 'getReasoningAccuracy' does not exist on type 'CollaborativeReasoningEngine'.
src/knowledge/collaborative-reasoning-engine.ts(822,47): error TS2339: Property 'getParallelizationEfficiency' does not exist on type 'CollaborativeReasoningEngine'.
src/knowledge/collaborative-reasoning-engine.ts(823,37): error TS2339: Property 'getArgumentQuality' does not exist on type 'CollaborativeReasoningEngine'.
src/knowledge/collaborative-reasoning-engine.ts(827,42): error TS2339: Property 'getConsensusSuccessRate' does not exist on type 'CollaborativeReasoningEngine'.
src/knowledge/collaborative-reasoning-engine.ts(828,42): error TS2339: Property 'getAverageConsensusTime' does not exist on type 'CollaborativeReasoningEngine'.
src/knowledge/collaborative-reasoning-engine.ts(829,45): error TS2339: Property 'getOverallParticipantSatisfaction' does not exist on type 'CollaborativeReasoningEngine'.
src/knowledge/collaborative-reasoning-engine.ts(832,42): error TS2339: Property 'getSynthesizedSolutionCount' does not exist on type 'CollaborativeReasoningEngine'.
src/knowledge/collaborative-reasoning-engine.ts(833,44): error TS2339: Property 'getIntegrationSuccessRate' does not exist on type 'CollaborativeReasoningEngine'.
src/knowledge/collaborative-reasoning-engine.ts(834,37): error TS2339: Property 'getAverageSolutionQuality' does not exist on type 'CollaborativeReasoningEngine'.
src/knowledge/collaborative-reasoning-engine.ts(835,39): error TS2339: Property 'getAverageCompletenessScore' does not exist on type 'CollaborativeReasoningEngine'.
src/knowledge/collaborative-reasoning-engine.ts(839,48): error TS2339: Property 'getContextSynchronizationRate' does not exist on type 'CollaborativeReasoningEngine'.
src/knowledge/collaborative-reasoning-engine.ts(840,46): error TS2339: Property 'getKnowledgeShareEfficiency' does not exist on type 'CollaborativeReasoningEngine'.
src/knowledge/collaborative-reasoning-engine.ts(841,42): error TS2339: Property 'getContextEvolutionRate' does not exist on type 'CollaborativeReasoningEngine'.
src/knowledge/collaborative-reasoning-engine.ts(854,29): error TS2339: Property 'shutdown' does not exist on type 'ContextSharingManager'.
src/knowledge/collaborative-reasoning-engine.ts(855,34): error TS2339: Property 'shutdown' does not exist on type 'SolutionSynthesizer'.
src/knowledge/collaborative-reasoning-engine.ts(856,31): error TS2339: Property 'shutdown' does not exist on type 'ConsensusBuilder'.
src/knowledge/collaborative-reasoning-engine.ts(857,35): error TS2339: Property 'shutdown' does not exist on type 'DistributedReasoningEngine'.
src/knowledge/collaborative-reasoning-engine.ts(858,32): error TS2339: Property 'shutdown' does not exist on type 'ProblemDecomposer'.
src/knowledge/collaborative-reasoning-engine.ts(879,20): error TS2304: Cannot find name 'CollaborativeParticipant'.
src/knowledge/collaborative-reasoning-engine.ts(887,20): error TS2304: Cannot find name 'CollaborativeParticipant'.
src/knowledge/collaborative-reasoning-engine.ts(900,18): error TS2304: Cannot find name 'DecompositionConfig'.
src/knowledge/collaborative-reasoning-engine.ts(901,14): error TS2304: Cannot find name 'ReasoningConfig'.
src/knowledge/collaborative-reasoning-engine.ts(902,14): error TS2304: Cannot find name 'ConsensusConfig'.
src/knowledge/collaborative-reasoning-engine.ts(903,14): error TS2304: Cannot find name 'SynthesisConfig'.
src/knowledge/collaborative-reasoning-engine.ts(904,19): error TS2304: Cannot find name 'ContextSharingConfig'.
src/knowledge/collaborative-reasoning-engine.ts(911,15): error TS2304: Cannot find name 'ComplexityMetrics'.
src/knowledge/collaborative-reasoning-engine.ts(912,16): error TS2304: Cannot find name 'ProblemConstraint'.
src/knowledge/collaborative-reasoning-engine.ts(913,10): error TS2304: Cannot find name 'ProblemGoal'.
src/knowledge/collaborative-reasoning-engine.ts(914,12): error TS2304: Cannot find name 'ProblemContext'.
src/knowledge/collective-intelligence-coordinator.ts(28,15): error TS2304: Cannot find name 'ValidationConfig'.
src/knowledge/collective-intelligence-coordinator.ts(71,18): error TS2304: Cannot find name 'PerformanceMetrics'.
src/knowledge/collective-intelligence-coordinator.ts(148,24): error TS2304: Cannot find name 'PrivacyConfig'.
src/knowledge/collective-intelligence-coordinator.ts(166,21): error TS2304: Cannot find name 'TransferLearningConfig'.
src/knowledge/collective-intelligence-coordinator.ts(180,20): error TS2304: Cannot find name 'ForgettingCurveConfig'.
src/knowledge/collective-intelligence-coordinator.ts(181,24): error TS2304: Cannot find name 'ImportanceWeightingConfig'.
src/knowledge/collective-intelligence-coordinator.ts(182,20): error TS2304: Cannot find name 'LongTermStorageConfig'.
src/knowledge/collective-intelligence-coordinator.ts(229,19): error TS2304: Cannot find name 'ContextSharingMechanism'.
src/knowledge/collective-intelligence-coordinator.ts(235,17): error TS2304: Cannot find name 'ContributionMetrics'.
src/knowledge/collective-intelligence-coordinator.ts(236,16): error TS2304: Cannot find name 'ReliabilityMetrics'.
src/knowledge/collective-intelligence-coordinator.ts(237,23): error TS2304: Cannot find name 'ResourceProfile'.
src/knowledge/collective-intelligence-coordinator.ts(242,16): error TS2304: Cannot find name 'SubProblem'.
src/knowledge/collective-intelligence-coordinator.ts(243,17): error TS2304: Cannot find name 'ProblemDependency'.
src/knowledge/collective-intelligence-coordinator.ts(244,15): error TS2304: Cannot find name 'ComplexityMetrics'.
src/knowledge/collective-intelligence-coordinator.ts(250,21): error TS2304: Cannot find name 'PartialSolution'.
src/knowledge/collective-intelligence-coordinator.ts(251,20): error TS2304: Cannot find name 'IntegrationPlan'.
src/knowledge/collective-intelligence-coordinator.ts(252,21): error TS2304: Cannot find name 'QualityAssuranceConfig'.
src/knowledge/collective-intelligence-coordinator.ts(258,20): error TS2304: Cannot find name 'VotingMechanism'.
src/knowledge/collective-intelligence-coordinator.ts(259,23): error TS2304: Cannot find name 'ConflictResolutionMechanism'.
src/knowledge/collective-intelligence-coordinator.ts(260,24): error TS2304: Cannot find name 'ConvergenceCriteria'.
src/knowledge/collective-intelligence-coordinator.ts(261,20): error TS2304: Cannot find name 'DecisionHistory'.
src/knowledge/collective-intelligence-coordinator.ts(293,24): error TS2304: Cannot find name 'CrossDomainTransferSystem'.
src/knowledge/collective-intelligence-coordinator.ts(294,21): error TS2304: Cannot find name 'CollectiveMemoryManager'.
src/knowledge/collective-intelligence-coordinator.ts(299,24): error TS2304: Cannot find name 'DiscoveryMechanism'.
src/knowledge/collective-intelligence-coordinator.ts(300,23): error TS2304: Cannot find name 'ExpertiseEvolutionTracker'.
src/knowledge/collective-intelligence-coordinator.ts(301,22): error TS2304: Cannot find name 'CompetencyMappingSystem'.
src/knowledge/collective-intelligence-coordinator.ts(307,12): error TS2304: Cannot find name 'DomainExpertise'.
src/knowledge/collective-intelligence-coordinator.ts(308,11): error TS2304: Cannot find name 'SkillProfile'.
src/knowledge/collective-intelligence-coordinator.ts(309,15): error TS2304: Cannot find name 'ExperienceProfile'.
src/knowledge/collective-intelligence-coordinator.ts(310,15): error TS2304: Cannot find name 'ReputationScore'.
src/knowledge/collective-intelligence-coordinator.ts(311,17): error TS2304: Cannot find name 'AvailabilityProfile'.
src/knowledge/collective-intelligence-coordinator.ts(312,16): error TS2304: Cannot find name 'CollaborationPreferences'.
src/knowledge/collective-intelligence-coordinator.ts(316,29): error TS2304: Cannot find name 'RoutingEntry'.
src/knowledge/collective-intelligence-coordinator.ts(317,22): error TS2304: Cannot find name 'RoutingStrategy'.
src/knowledge/collective-intelligence-coordinator.ts(318,18): error TS2304: Cannot find name 'LoadBalancingConfig'.
src/knowledge/collective-intelligence-coordinator.ts(319,21): error TS2304: Cannot find name 'QoSConfig'.
src/knowledge/collective-intelligence-coordinator.ts(320,20): error TS2304: Cannot find name 'AdaptiveRoutingConfig'.
src/knowledge/collective-intelligence-coordinator.ts(324,22): error TS2304: Cannot find name 'EmergencePattern'.
src/knowledge/collective-intelligence-coordinator.ts(325,24): error TS2304: Cannot find name 'EmergenceDetectionAlgorithm'.
src/knowledge/collective-intelligence-coordinator.ts(326,19): error TS2304: Cannot find name 'SpecializationTracker'.
src/knowledge/collective-intelligence-coordinator.ts(327,25): error TS2304: Cannot find name 'AdaptationMechanism'.
src/knowledge/collective-intelligence-coordinator.ts(328,18): error TS2304: Cannot find name 'FeedbackLoop'.
src/knowledge/collective-intelligence-coordinator.ts(338,23): error TS2304: Cannot find name 'TemporalKnowledgeManager'.
src/knowledge/collective-intelligence-coordinator.ts(339,21): error TS2304: Cannot find name 'PeerReviewSystem'.
src/knowledge/collective-intelligence-coordinator.ts(343,20): error TS2304: Cannot find name 'ReputationModel'.
src/knowledge/collective-intelligence-coordinator.ts(344,22): error TS2304: Cannot find name 'ScoringAlgorithm'.
src/knowledge/collective-intelligence-coordinator.ts(345,23): error TS2304: Cannot find name 'ConsensusWeightingConfig'.
src/knowledge/collective-intelligence-coordinator.ts(346,19): error TS2304: Cannot find name 'DecayFunction'.
src/knowledge/collective-intelligence-coordinator.ts(347,18): error TS2304: Cannot find name 'BootstrappingConfig'.
src/knowledge/collective-intelligence-coordinator.ts(352,15): error TS2304: Cannot find name 'ValidatorConfig'.
src/knowledge/collective-intelligence-coordinator.ts(353,15): error TS2304: Cannot find name 'ValidationThresholds'.
src/knowledge/collective-intelligence-coordinator.ts(354,25): error TS2304: Cannot find name 'EvidenceRequirements'.
src/knowledge/collective-intelligence-coordinator.ts(355,20): error TS2304: Cannot find name 'CrossValidationConfig'.
src/knowledge/collective-intelligence-coordinator.ts(359,19): error TS2304: Cannot find name 'QualityMetricDefinition'.
src/knowledge/collective-intelligence-coordinator.ts(360,24): error TS2304: Cannot find name 'AssessmentProtocol'.
src/knowledge/collective-intelligence-coordinator.ts(361,25): error TS2304: Cannot find name 'MonitoringConfig'.
src/knowledge/collective-intelligence-coordinator.ts(362,23): error TS2304: Cannot find name 'ImprovementMechanism'.
src/knowledge/collective-intelligence-coordinator.ts(363,17): error TS2304: Cannot find name 'BenchmarkingConfig'.
src/knowledge/collective-intelligence-coordinator.ts(379,23): error TS2304: Cannot find name 'PriorityManagementConfig'.
src/knowledge/collective-intelligence-coordinator.ts(380,18): error TS2304: Cannot find name 'LoadBalancingConfig'.
src/knowledge/collective-intelligence-coordinator.ts(381,15): error TS2304: Cannot find name 'MonitoringConfig'.
src/knowledge/collective-intelligence-coordinator.ts(387,24): error TS2304: Cannot find name 'ReplicationStrategy'.
src/knowledge/collective-intelligence-coordinator.ts(388,16): error TS2304: Cannot find name 'ConsistencyModel'.
src/knowledge/collective-intelligence-coordinator.ts(389,16): error TS2304: Cannot find name 'PrefetchingConfig'.
src/knowledge/collective-intelligence-coordinator.ts(393,26): error TS2304: Cannot find name 'CompressionAlgorithm'.
src/knowledge/collective-intelligence-coordinator.ts(394,18): error TS2304: Cannot find name 'DeltaEncodingConfig'.
src/knowledge/collective-intelligence-coordinator.ts(395,21): error TS2304: Cannot find name 'BatchingStrategy'.
src/knowledge/collective-intelligence-coordinator.ts(396,22): error TS2304: Cannot find name 'AdaptiveStreamingConfig'.
src/knowledge/collective-intelligence-coordinator.ts(397,20): error TS2304: Cannot find name 'PriorityQueuingConfig'.
src/knowledge/collective-intelligence-coordinator.ts(427,43): error TS2304: Cannot find name 'KnowledgeEntry'.
src/knowledge/collective-intelligence-coordinator.ts(429,45): error TS2304: Cannot find name 'ConsensusState'.
src/knowledge/collective-intelligence-coordinator.ts(430,44): error TS2304: Cannot find name 'CollectiveLearningModel'.
src/knowledge/collective-intelligence-coordinator.ts(445,34): error TS2693: 'KnowledgeExchangeSystem' only refers to a type, but is being used as a value here.
src/knowledge/collective-intelligence-coordinator.ts(451,36): error TS2693: 'DistributedLearningSystem' only refers to a type, but is being used as a value here.
src/knowledge/collective-intelligence-coordinator.ts(457,36): error TS2693: 'CollaborativeProblemSolvingSystem' only refers to a type, but is being used as a value here.
src/knowledge/collective-intelligence-coordinator.ts(463,41): error TS2693: 'IntelligenceCoordinationSystem' only refers to a type, but is being used as a value here.
src/knowledge/collective-intelligence-coordinator.ts(469,34): error TS2693: 'KnowledgeQualityManagementSystem' only refers to a type, but is being used as a value here.
src/knowledge/collective-intelligence-coordinator.ts(475,40): error TS2693: 'PerformanceOptimizationSystem' only refers to a type, but is being used as a value here.
src/knowledge/collective-intelligence-coordinator.ts(492,20): error TS2339: Property 'storeKnowledge' does not exist on type 'CollectiveIntelligenceCoordinator'.
src/knowledge/collective-intelligence-coordinator.ts(505,36): error TS2339: Property 'extractKnowledgeFromSolution' does not exist on type 'CollectiveIntelligenceCoordinator'.
src/knowledge/collective-intelligence-coordinator.ts(511,12): error TS2339: Property 'applyOptimizationToSystems' does not exist on type 'CollectiveIntelligenceCoordinator'.
src/knowledge/collective-intelligence-coordinator.ts(534,36): error TS2339: Property 'validateThroughConsensus' does not exist on type 'CollectiveIntelligenceCoordinator'.
src/knowledge/collective-intelligence-coordinator.ts(540,43): error TS2339: Property 'detectEmergentIntelligence' does not exist on type 'CollectiveIntelligenceCoordinator'.
src/knowledge/collective-intelligence-coordinator.ts(575,39): error TS2339: Property 'generateAlternatives' does not exist on type 'CollectiveIntelligenceCoordinator'.
src/knowledge/collective-intelligence-coordinator.ts(578,43): error TS2339: Property 'collectPreferences' does not exist on type 'CollectiveIntelligenceCoordinator'.
src/knowledge/collective-intelligence-coordinator.ts(584,42): error TS2339: Property 'reachConsensus' does not exist on type 'CollectiveIntelligenceCoordinator'.
src/knowledge/collective-intelligence-coordinator.ts(590,44): error TS2339: Property 'optimizeDecision' does not exist on type 'CollectiveIntelligenceCoordinator'.
src/knowledge/collective-intelligence-coordinator.ts(596,36): error TS2339: Property 'validateDecision' does not exist on type 'CollectiveIntelligenceCoordinator'.
src/knowledge/collective-intelligence-coordinator.ts(622,31): error TS2304: Cannot find name 'TaskDefinition'.
src/knowledge/collective-intelligence-coordinator.ts(632,39): error TS2339: Property 'analyzeTasks' does not exist on type 'CollectiveIntelligenceCoordinator'.
src/knowledge/collective-intelligence-coordinator.ts(633,44): error TS2339: Property 'assessAgentCapabilities' does not exist on type 'CollectiveIntelligenceCoordinator'.
src/knowledge/collective-intelligence-coordinator.ts(636,38): error TS2339: Property 'performOptimalMatching' does not exist on type 'CollectiveIntelligenceCoordinator'.
src/knowledge/collective-intelligence-coordinator.ts(640,20): error TS2339: Property 'assignTask' does not exist on type 'CollectiveIntelligenceCoordinator'.
src/knowledge/collective-intelligence-coordinator.ts(644,18): error TS2339: Property 'initiateWorkStealingCoordination' does not exist on type 'CollectiveIntelligenceCoordinator'.
src/knowledge/collective-intelligence-coordinator.ts(647,37): error TS2339: Property 'setupProgressMonitoring' does not exist on type 'CollectiveIntelligenceCoordinator'.
src/knowledge/collective-intelligence-coordinator.ts(652,33): error TS2339: Property 'calculateLoadBalance' does not exist on type 'CollectiveIntelligenceCoordinator'.
src/knowledge/collective-intelligence-coordinator.ts(653,41): error TS2339: Property 'estimateCompletionTime' does not exist on type 'CollectiveIntelligenceCoordinator'.
src/knowledge/collective-intelligence-coordinator.ts(704,14): error TS2304: Cannot find name 'SynthesizedKnowledge'.
src/knowledge/collective-intelligence-coordinator.ts(722,42): error TS2339: Property 'detectCrossTypePatterns' does not exist on type 'CollectiveIntelligenceCoordinator'.
src/knowledge/collective-intelligence-coordinator.ts(725,37): error TS2339: Property 'generateMetaInsights' does not exist on type 'CollectiveIntelligenceCoordinator'.
src/knowledge/collective-intelligence-coordinator.ts(731,31): error TS2339: Property 'calculateOverallConfidence' does not exist on type 'CollectiveIntelligenceCoordinator'.
src/knowledge/collective-intelligence-coordinator.ts(740,25): error TS2304: Cannot find name 'ValidatedKnowledge'.
src/knowledge/collective-intelligence-coordinator.ts(741,14): error TS2304: Cannot find name 'KnowledgeGraphUpdate'.
src/knowledge/collective-intelligence-coordinator.ts(743,33): error TS2339: Property 'extractEntities' does not exist on type 'CollectiveIntelligenceCoordinator'.
src/knowledge/collective-intelligence-coordinator.ts(744,38): error TS2339: Property 'extractRelationships' does not exist on type 'CollectiveIntelligenceCoordinator'.
src/knowledge/collective-intelligence-coordinator.ts(745,33): error TS2339: Property 'extractConcepts' does not exist on type 'CollectiveIntelligenceCoordinator'.
src/knowledge/collective-intelligence-coordinator.ts(748,36): error TS2339: Property 'performGraphUpdate' does not exist on type 'CollectiveIntelligenceCoordinator'.
src/knowledge/collective-intelligence-coordinator.ts(756,34): error TS2339: Property 'computeGraphAnalytics' does not exist on type 'CollectiveIntelligenceCoordinator'.
src/knowledge/collective-intelligence-coordinator.ts(759,29): error TS2339: Property 'detectKnowledgeGaps' does not exist on type 'CollectiveIntelligenceCoordinator'.
src/knowledge/collective-intelligence-coordinator.ts(765,35): error TS2339: Property 'generateRecommendations' does not exist on type 'CollectiveIntelligenceCoordinator'.
src/knowledge/collective-intelligence-coordinator.ts(782,34): error TS2339: Property 'calculateCollectiveIQ' does not exist on type 'CollectiveIntelligenceCoordinator'.
src/knowledge/collective-intelligence-coordinator.ts(783,39): error TS2339: Property 'calculateKnowledgeVelocity' does not exist on type 'CollectiveIntelligenceCoordinator'.
src/knowledge/collective-intelligence-coordinator.ts(784,41): error TS2339: Property 'calculateConsensusEfficiency' does not exist on type 'CollectiveIntelligenceCoordinator'.
src/knowledge/collective-intelligence-coordinator.ts(785,34): error TS2339: Property 'calculateLearningRate' does not exist on type 'CollectiveIntelligenceCoordinator'.
src/knowledge/collective-intelligence-coordinator.ts(786,36): error TS2339: Property 'calculateEmergenceIndex' does not exist on type 'CollectiveIntelligenceCoordinator'.
src/knowledge/collective-intelligence-coordinator.ts(861,25): error TS2304: Cannot find name 'CollaborativeSolvingConfig'.
src/knowledge/collective-intelligence-coordinator.ts(862,29): error TS2304: Cannot find name 'IntelligenceCoordinationConfig'.
src/knowledge/collective-intelligence-coordinator.ts(863,22): error TS2304: Cannot find name 'QualityManagementConfig'.
src/knowledge/collective-intelligence-coordinator.ts(872,20): error TS2304: Cannot find name 'RoutingStrategy'.
src/knowledge/cross-agent-knowledge-integration.ts(28,27): error TS2304: Cannot find name 'CollectiveIntelligenceConfig'.
src/knowledge/cross-agent-knowledge-integration.ts(29,24): error TS2304: Cannot find name 'DistributedLearningConfig'.
src/knowledge/cross-agent-knowledge-integration.ts(30,27): error TS2304: Cannot find name 'CollaborativeReasoningConfig'.
src/knowledge/cross-agent-knowledge-integration.ts(31,29): error TS2304: Cannot find name 'IntelligenceCoordinationConfig'.
src/knowledge/cross-agent-knowledge-integration.ts(32,22): error TS2304: Cannot find name 'KnowledgeQualityConfig'.
src/knowledge/cross-agent-knowledge-integration.ts(33,28): error TS2304: Cannot find name 'PerformanceOptimizationConfig'.
src/knowledge/cross-agent-knowledge-integration.ts(40,24): error TS2304: Cannot find name 'PerformanceTrackingConfig'.
src/knowledge/cross-agent-knowledge-integration.ts(41,18): error TS2304: Cannot find name 'ErrorHandlingConfig'.
src/knowledge/cross-agent-knowledge-integration.ts(42,15): error TS2304: Cannot find name 'MonitoringConfig'.
src/knowledge/cross-agent-knowledge-integration.ts(177,34): error TS2339: Property 'getSystemHealth' does not exist on type 'CrossAgentKnowledgeIntegration'.
src/knowledge/cross-agent-knowledge-integration.ts(218,43): error TS2551: Property 'applyCollaborativeReasoning' does not exist on type 'CrossAgentKnowledgeIntegration'. Did you mean 'collaborativeReasoning'?
src/knowledge/cross-agent-knowledge-integration.ts(225,43): error TS2339: Property 'validateKnowledgeQuality' does not exist on type 'CrossAgentKnowledgeIntegration'.
src/knowledge/cross-agent-knowledge-integration.ts(228,45): error TS2339: Property 'generateCollectiveResponse' does not exist on type 'CrossAgentKnowledgeIntegration'.
src/knowledge/cross-agent-knowledge-integration.ts(231,44): error TS2339: Property 'applyResponseOptimizations' does not exist on type 'CrossAgentKnowledgeIntegration'.
src/knowledge/cross-agent-knowledge-integration.ts(242,41): error TS2339: Property 'getOptimizationSummary' does not exist on type 'CrossAgentKnowledgeIntegration'.
src/knowledge/cross-agent-knowledge-integration.ts(247,18): error TS2339: Property 'storeProcessingResult' does not exist on type 'CrossAgentKnowledgeIntegration'.
src/knowledge/cross-agent-knowledge-integration.ts(291,9): error TS2345: Argument of type 'string' is not assignable to parameter of type 'SyncProtocol'.
src/knowledge/cross-agent-knowledge-integration.ts(304,40): error TS2339: Property 'calculateLearningImprovement' does not exist on type 'CrossAgentKnowledgeIntegration'.
src/knowledge/cross-agent-knowledge-integration.ts(340,11): error TS2345: Argument of type 'string' is not assignable to parameter of type 'TransferType'.
src/knowledge/cross-agent-knowledge-integration.ts(344,68): error TS2339: Property 'validateTransferApplicability' does not exist on type 'CollaborativeReasoningEngine'.
src/knowledge/cross-agent-knowledge-integration.ts(351,38): error TS2339: Property 'validateTransferQuality' does not exist on type 'KnowledgeQualityManagementSystem'.
src/knowledge/cross-agent-knowledge-integration.ts(386,32): error TS2339: Property 'getSystemHealth' does not exist on type 'CrossAgentKnowledgeIntegration'.
src/knowledge/cross-agent-knowledge-integration.ts(387,36): error TS2339: Property 'getComponentMetrics' does not exist on type 'CrossAgentKnowledgeIntegration'.
src/knowledge/cross-agent-knowledge-integration.ts(388,31): error TS2339: Property 'getPerformanceMetrics' does not exist on type 'CrossAgentKnowledgeIntegration'.
src/knowledge/cross-agent-knowledge-integration.ts(389,31): error TS2551: Property 'getIntegrationSpecificMetrics' does not exist on type 'CrossAgentKnowledgeIntegration'. Did you mean 'getIntegrationMetrics'?
src/knowledge/cross-agent-knowledge-integration.ts(390,30): error TS2551: Property 'getCollectiveIntelligenceMetrics' does not exist on type 'CrossAgentKnowledgeIntegration'. Did you mean 'collectiveIntelligence'?
src/knowledge/cross-agent-knowledge-integration.ts(398,37): error TS2339: Property 'getSystemHealth' does not exist on type 'CrossAgentKnowledgeIntegration'.
src/knowledge/cross-agent-knowledge-integration.ts(400,43): error TS2339: Property 'getPerformanceMetrics' does not exist on type 'CrossAgentKnowledgeIntegration'.
src/knowledge/cross-agent-knowledge-integration.ts(414,37): error TS2339: Property 'getActiveConnections' does not exist on type 'CrossAgentKnowledgeIntegration'.
src/knowledge/cross-agent-knowledge-integration.ts(415,30): error TS2339: Property 'getErrorCount' does not exist on type 'CrossAgentKnowledgeIntegration'.
src/knowledge/cross-agent-knowledge-integration.ts(524,43): error TS2339: Property 'distributeModel' does not exist on type 'IntelligenceCoordinationSystem'.
src/knowledge/distributed-learning-system.ts(26,23): error TS2304: Cannot find name 'ConvergenceMetrics'.
src/knowledge/distributed-learning-system.ts(38,25): error TS2304: Cannot find name 'ParticipationRecord'.
src/knowledge/distributed-learning-system.ts(39,17): error TS2304: Cannot find name 'ContributionMetrics'.
src/knowledge/distributed-learning-system.ts(46,17): error TS2304: Cannot find name 'ModelArchitecture'.
src/knowledge/distributed-learning-system.ts(47,13): error TS2304: Cannot find name 'ModelMetadata'.
src/knowledge/distributed-learning-system.ts(56,19): error TS2304: Cannot find name 'OptimizerState'.
src/knowledge/distributed-learning-system.ts(57,19): error TS2304: Cannot find name 'RegularizationConfig'.
src/knowledge/distributed-learning-system.ts(63,14): error TS2304: Cannot find name 'GradientUpdate'.
src/knowledge/distributed-learning-system.ts(64,20): error TS2304: Cannot find name 'TrainingMetrics'.
src/knowledge/distributed-learning-system.ts(73,18): error TS2304: Cannot find name 'NormalizationConfig'.
src/knowledge/distributed-learning-system.ts(74,16): error TS2304: Cannot find name 'CompressionMetadata'.
src/knowledge/distributed-learning-system.ts(75,15): error TS2304: Cannot find name 'EncryptionMetadata'.
src/knowledge/distributed-learning-system.ts(83,19): error TS2304: Cannot find name 'AggregationQualityMetrics'.
src/knowledge/distributed-learning-system.ts(84,24): error TS2304: Cannot find name 'ByzantineResistanceMetrics'.
src/knowledge/distributed-learning-system.ts(110,24): error TS2304: Cannot find name 'KnowledgeExtractionEngine'.
src/knowledge/distributed-learning-system.ts(116,12): error TS2304: Cannot find name 'ExperienceContext'.
src/knowledge/distributed-learning-system.ts(117,12): error TS2304: Cannot find name 'Action'.
src/knowledge/distributed-learning-system.ts(118,13): error TS2304: Cannot find name 'Outcome'.
src/knowledge/distributed-learning-system.ts(119,16): error TS2304: Cannot find name 'PerformanceMetrics'.
src/knowledge/distributed-learning-system.ts(120,13): error TS2304: Cannot find name 'LearningMetrics'.
src/knowledge/distributed-learning-system.ts(128,13): error TS2304: Cannot find name 'ExperienceContext'.
src/knowledge/distributed-learning-system.ts(129,15): error TS2304: Cannot find name 'PatternCondition'.
src/knowledge/distributed-learning-system.ts(130,13): error TS2304: Cannot find name 'OutcomeDistribution'.
src/knowledge/distributed-learning-system.ts(137,23): error TS2304: Cannot find name 'ConsolidationRule'.
src/knowledge/distributed-learning-system.ts(138,19): error TS2304: Cannot find name 'MemoryPressureConfig'.
src/knowledge/distributed-learning-system.ts(139,20): error TS2304: Cannot find name 'ForgettingCurveConfig'.
src/knowledge/distributed-learning-system.ts(140,24): error TS2304: Cannot find name 'ImportanceWeightingConfig'.
src/knowledge/distributed-learning-system.ts(141,23): error TS2304: Cannot find name 'ConflictResolutionStrategy'.
src/knowledge/distributed-learning-system.ts(145,15): error TS2304: Cannot find name 'PatternAlgorithm'.
src/knowledge/distributed-learning-system.ts(146,24): error TS2304: Cannot find name 'DetectionThresholds'.
src/knowledge/distributed-learning-system.ts(148,20): error TS2304: Cannot find name 'BatchProcessingConfig'.
src/knowledge/distributed-learning-system.ts(149,21): error TS2304: Cannot find name 'AnomalyDetectionConfig'.
src/knowledge/distributed-learning-system.ts(176,25): error TS2304: Cannot find name 'DistributionStrategy'.
src/knowledge/distributed-learning-system.ts(177,23): error TS2304: Cannot find name 'ConsistencyManager'.
src/knowledge/distributed-learning-system.ts(182,25): error TS2304: Cannot find name 'ModelBranch'.
src/knowledge/distributed-learning-system.ts(183,17): error TS2304: Cannot find name 'MergeRecord'.
src/knowledge/distributed-learning-system.ts(184,23): error TS2304: Cannot find name 'VersioningStrategy'.
src/knowledge/distributed-learning-system.ts(185,23): error TS2304: Cannot find name 'RollbackConfig'.
src/knowledge/distributed-learning-system.ts(192,12): error TS2304: Cannot find name 'ModelChangeset'.
src/knowledge/distributed-learning-system.ts(195,13): error TS2304: Cannot find name 'VersionMetadata'.
src/knowledge/distributed-learning-system.ts(202,14): error TS2304: Cannot find name 'BandwidthConfig'.
src/knowledge/distributed-learning-system.ts(203,13): error TS2304: Cannot find name 'PriorityConfig'.
src/knowledge/distributed-learning-system.ts(204,18): error TS2304: Cannot find name 'ErrorHandlingConfig'.
src/knowledge/distributed-learning-system.ts(208,25): error TS2304: Cannot find name 'ConflictResolutionStrategy'.
src/knowledge/distributed-learning-system.ts(211,25): error TS2304: Cannot find name 'ConsensusConfig'.
src/knowledge/distributed-learning-system.ts(212,21): error TS2304: Cannot find name 'FallbackStrategy'.
src/knowledge/distributed-learning-system.ts(236,17): error TS2304: Cannot find name 'TaskTransferEngine'.
src/knowledge/distributed-learning-system.ts(237,17): error TS2304: Cannot find name 'MetaLearningEngine'.
src/knowledge/distributed-learning-system.ts(238,23): error TS2304: Cannot find name 'TransferEvaluationSystem'.
src/knowledge/distributed-learning-system.ts(244,18): error TS2304: Cannot find name 'TransferPath'.
src/knowledge/distributed-learning-system.ts(245,15): error TS2304: Cannot find name 'SimilarityMatrix'.
src/knowledge/distributed-learning-system.ts(246,20): error TS2304: Cannot find name 'TransferabilityMatrix'.
src/knowledge/distributed-learning-system.ts(251,20): error TS2304: Cannot find name 'DomainCharacteristics'.
src/knowledge/distributed-learning-system.ts(254,20): error TS2304: Cannot find name 'TransferRecord'.
src/knowledge/distributed-learning-system.ts(255,16): error TS2304: Cannot find name 'DomainPerformance'.
src/knowledge/distributed-learning-system.ts(264,19): error TS2304: Cannot find name 'TransferSuccessMetrics'.
src/knowledge/distributed-learning-system.ts(269,21): error TS2304: Cannot find name 'FeatureAlignmentConfig'.
src/knowledge/distributed-learning-system.ts(270,25): error TS2304: Cannot find name 'DistributionMatchingConfig'.
src/knowledge/distributed-learning-system.ts(271,24): error TS2304: Cannot find name 'AdversarialTrainingConfig'.
src/knowledge/distributed-learning-system.ts(272,22): error TS2304: Cannot find name 'GradualAdaptationConfig'.
src/knowledge/distributed-learning-system.ts(296,14): error TS2304: Cannot find name 'MemoryRetrievalSystem'.
src/knowledge/distributed-learning-system.ts(297,15): error TS2304: Cannot find name 'ForgettingMechanism'.
src/knowledge/distributed-learning-system.ts(298,19): error TS2304: Cannot find name 'EpisodicMemorySystem'.
src/knowledge/distributed-learning-system.ts(299,19): error TS2304: Cannot find name 'SemanticMemorySystem'.
src/knowledge/distributed-learning-system.ts(304,16): error TS2304: Cannot find name 'MemoryGraph'.
src/knowledge/distributed-learning-system.ts(305,19): error TS2304: Cannot find name 'AccessPattern'.
src/knowledge/distributed-learning-system.ts(306,20): error TS2304: Cannot find name 'MemoryHierarchy'.
src/knowledge/distributed-learning-system.ts(307,25): error TS2304: Cannot find name 'MemoryDistributionStrategy'.
src/knowledge/distributed-learning-system.ts(313,12): error TS2304: Cannot find name 'MemoryContent'.
src/knowledge/distributed-learning-system.ts(314,13): error TS2304: Cannot find name 'MemoryMetadata'.
src/knowledge/distributed-learning-system.ts(315,18): error TS2304: Cannot find name 'AccessibilityConfig'.
src/knowledge/distributed-learning-system.ts(316,16): error TS2304: Cannot find name 'PersistenceConfig'.
src/knowledge/distributed-learning-system.ts(317,17): error TS2304: Cannot find name 'MemoryAssociation'.
src/knowledge/distributed-learning-system.ts(322,28): error TS2304: Cannot find name 'ConsolidationAlgorithm'.
src/knowledge/distributed-learning-system.ts(323,22): error TS2304: Cannot find name 'ImportanceScoringSystem'.
src/knowledge/distributed-learning-system.ts(324,23): error TS2304: Cannot find name 'MemoryConflictResolver'.
src/knowledge/distributed-learning-system.ts(325,21): error TS2304: Cannot find name 'MemoryQualityAssurance'.
src/knowledge/distributed-learning-system.ts(363,47): error TS2304: Cannot find name 'TransferKnowledge'.
src/knowledge/distributed-learning-system.ts(378,34): error TS2693: 'FederatedLearningCoordinator' only refers to a type, but is being used as a value here.
src/knowledge/distributed-learning-system.ts(384,37): error TS2304: Cannot find name 'ExperienceAggregationSystem'.
src/knowledge/distributed-learning-system.ts(390,34): error TS2304: Cannot find name 'ModelSynchronizationSystem'.
src/knowledge/distributed-learning-system.ts(396,33): error TS2304: Cannot find name 'TransferLearningSystem'.
src/knowledge/distributed-learning-system.ts(402,33): error TS2304: Cannot find name 'CollectiveMemorySystem'.
src/knowledge/distributed-learning-system.ts(417,39): error TS2339: Property 'aggregateRoundExperience' does not exist on type 'ExperienceAggregator'.
src/knowledge/distributed-learning-system.ts(422,31): error TS2339: Property 'on' does not exist on type 'ExperienceAggregator'.
src/knowledge/distributed-learning-system.ts(423,35): error TS2339: Property 'incorporatePattern' does not exist on type 'TransferLearningEngine'.
src/knowledge/distributed-learning-system.ts(428,28): error TS2339: Property 'on' does not exist on type 'ModelSynchronizer'.
src/knowledge/distributed-learning-system.ts(429,35): error TS2339: Property 'storeModelMemory' does not exist on type 'CollectiveMemoryManager'.
src/knowledge/distributed-learning-system.ts(434,27): error TS2339: Property 'on' does not exist on type 'TransferLearningEngine'.
src/knowledge/distributed-learning-system.ts(470,41): error TS2339: Property 'validateAggregatedModel' does not exist on type 'DistributedLearningSystem'.
src/knowledge/distributed-learning-system.ts(473,45): error TS2339: Property 'calculateConvergence' does not exist on type 'DistributedLearningSystem'.
src/knowledge/distributed-learning-system.ts(525,39): error TS2339: Property 'groupExperiencesByContext' does not exist on type 'DistributedLearningSystem'.
src/knowledge/distributed-learning-system.ts(528,43): error TS2339: Property 'detectExperiencePatterns' does not exist on type 'DistributedLearningSystem'.
src/knowledge/distributed-learning-system.ts(531,44): error TS2339: Property 'extractCollectiveInsights' does not exist on type 'DistributedLearningSystem'.
src/knowledge/distributed-learning-system.ts(537,47): error TS2339: Property 'consolidateExperiences' does not exist on type 'DistributedLearningSystem'.
src/knowledge/distributed-learning-system.ts(544,18): error TS2551: Property 'updateTransferKnowledge' does not exist on type 'DistributedLearningSystem'. Did you mean 'transferKnowledge'?
src/knowledge/distributed-learning-system.ts(552,46): error TS2339: Property 'getTransferUpdates' does not exist on type 'DistributedLearningSystem'.
src/knowledge/distributed-learning-system.ts(581,48): error TS2339: Property 'analyzeModelCompatibility' does not exist on type 'DistributedLearningSystem'.
src/knowledge/distributed-learning-system.ts(584,41): error TS2339: Property 'resolveModelConflicts' does not exist on type 'DistributedLearningSystem'.
src/knowledge/distributed-learning-system.ts(591,45): error TS2339: Property 'createSynchronizedModels' does not exist on type 'DistributedLearningSystem'.
src/knowledge/distributed-learning-system.ts(597,44): error TS2339: Property 'validateSynchronizedModels' does not exist on type 'DistributedLearningSystem'.
src/knowledge/distributed-learning-system.ts(600,18): error TS2339: Property 'distributeSynchronizedModels' does not exist on type 'DistributedLearningSystem'.
src/knowledge/distributed-learning-system.ts(639,41): error TS2339: Property 'analyzeDomainSimilarity' does not exist on type 'DistributedLearningSystem'.
src/knowledge/distributed-learning-system.ts(642,43): error TS2339: Property 'selectTransferStrategy' does not exist on type 'DistributedLearningSystem'.
src/knowledge/distributed-learning-system.ts(645,48): error TS2339: Property 'extractTransferableKnowledge' does not exist on type 'DistributedLearningSystem'.
src/knowledge/distributed-learning-system.ts(651,43): error TS2339: Property 'adaptKnowledgeForDomain' does not exist on type 'DistributedLearningSystem'.
src/knowledge/distributed-learning-system.ts(658,45): error TS2551: Property 'applyTransferredKnowledge' does not exist on type 'DistributedLearningSystem'. Did you mean 'transferKnowledge'?
src/knowledge/distributed-learning-system.ts(664,44): error TS2339: Property 'evaluateTransferEffectiveness' does not exist on type 'DistributedLearningSystem'.
src/knowledge/distributed-learning-system.ts(699,33): error TS2339: Property 'getTotalRounds' does not exist on type 'DistributedLearningSystem'.
src/knowledge/distributed-learning-system.ts(700,40): error TS2339: Property 'getAverageConvergence' does not exist on type 'DistributedLearningSystem'.
src/knowledge/distributed-learning-system.ts(701,39): error TS2339: Property 'getParticipationRate' does not exist on type 'DistributedLearningSystem'.
src/knowledge/distributed-learning-system.ts(702,34): error TS2339: Property 'getModelQuality' does not exist on type 'DistributedLearningSystem'.
src/knowledge/distributed-learning-system.ts(705,38): error TS2551: Property 'getTotalExperiences' does not exist on type 'DistributedLearningSystem'. Did you mean 'agentExperiences'?
src/knowledge/distributed-learning-system.ts(707,39): error TS2339: Property 'getExtractedInsights' does not exist on type 'DistributedLearningSystem'.
src/knowledge/distributed-learning-system.ts(708,39): error TS2339: Property 'getConsolidationRate' does not exist on type 'DistributedLearningSystem'.
src/knowledge/distributed-learning-system.ts(712,44): error TS2339: Property 'getConflictResolutionRate' does not exist on type 'DistributedLearningSystem'.
src/knowledge/distributed-learning-system.ts(713,44): error TS2339: Property 'getSynchronizationLatency' does not exist on type 'DistributedLearningSystem'.
src/knowledge/distributed-learning-system.ts(714,44): error TS2339: Property 'getDistributionEfficiency' does not exist on type 'DistributedLearningSystem'.
src/knowledge/distributed-learning-system.ts(718,37): error TS2339: Property 'getTransferSuccessRate' does not exist on type 'DistributedLearningSystem'.
src/knowledge/distributed-learning-system.ts(719,36): error TS2339: Property 'getDomainCoverage' does not exist on type 'DistributedLearningSystem'.
src/knowledge/distributed-learning-system.ts(720,42): error TS2339: Property 'getAdaptationEfficiency' does not exist on type 'DistributedLearningSystem'.
src/knowledge/distributed-learning-system.ts(723,36): error TS2339: Property 'getSharedMemoryCount' does not exist on type 'DistributedLearningSystem'.
src/knowledge/distributed-learning-system.ts(724,39): error TS2339: Property 'getMemoryUtilization' does not exist on type 'DistributedLearningSystem'.
src/knowledge/distributed-learning-system.ts(725,41): error TS2339: Property 'getRetrievalEfficiency' does not exist on type 'DistributedLearningSystem'.
src/knowledge/distributed-learning-system.ts(726,39): error TS2339: Property 'getMemoryConsolidationRate' does not exist on type 'DistributedLearningSystem'.
src/knowledge/distributed-learning-system.ts(739,31): error TS2339: Property 'shutdown' does not exist on type 'CollectiveMemoryManager'.
src/knowledge/distributed-learning-system.ts(740,31): error TS2339: Property 'shutdown' does not exist on type 'TransferLearningEngine'.
src/knowledge/distributed-learning-system.ts(741,32): error TS2339: Property 'shutdown' does not exist on type 'ModelSynchronizer'.
src/knowledge/distributed-learning-system.ts(742,35): error TS2339: Property 'shutdown' does not exist on type 'ExperienceAggregator'.
src/knowledge/distributed-learning-system.ts(791,20): error TS2304: Cannot find name 'FederatedLearningConfig'.
src/knowledge/distributed-learning-system.ts(792,22): error TS2304: Cannot find name 'ExperienceSharingConfig'.
src/knowledge/distributed-learning-system.ts(793,14): error TS2304: Cannot find name 'ModelSyncConfig'.
src/knowledge/distributed-learning-system.ts(794,21): error TS2304: Cannot find name 'TransferLearningConfig'.
src/knowledge/distributed-learning-system.ts(795,21): error TS2304: Cannot find name 'CollectiveMemoryConfig'.
src/knowledge/distributed-learning-system.ts(797,24): error TS2304: Cannot find name 'PrivacyConfig'.
src/knowledge/index.ts(32,3): error TS2614: Module '"./cross-agent-knowledge-integration"' has no exported member 'CollaborativeReasoningConfig'. Did you mean to use 'import CollaborativeReasoningConfig from "./cross-agent-knowledge-integration"' instead?
src/knowledge/index.ts(33,3): error TS2614: Module '"./cross-agent-knowledge-integration"' has no exported member 'CollectiveIntelligenceConfig'. Did you mean to use 'import CollectiveIntelligenceConfig from "./cross-agent-knowledge-integration"' instead?
src/knowledge/index.ts(40,3): error TS2614: Module '"./cross-agent-knowledge-integration"' has no exported member 'DistributedLearningConfig'. Did you mean to use 'import DistributedLearningConfig from "./cross-agent-knowledge-integration"' instead?
src/knowledge/index.ts(47,3): error TS2614: Module '"./cross-agent-knowledge-integration"' has no exported member 'IntelligenceCoordinationConfig'. Did you mean to use 'import IntelligenceCoordinationConfig from "./cross-agent-knowledge-integration"' instead?
src/knowledge/index.ts(49,3): error TS2614: Module '"./cross-agent-knowledge-integration"' has no exported member 'KnowledgeQualityConfig'. Did you mean to use 'import KnowledgeQualityConfig from "./cross-agent-knowledge-integration"' instead?
src/knowledge/index.ts(51,3): error TS2614: Module '"./cross-agent-knowledge-integration"' has no exported member 'PerformanceOptimizationConfig'. Did you mean to use 'import PerformanceOptimizationConfig from "./cross-agent-knowledge-integration"' instead?
src/knowledge/index.ts(79,10): error TS2614: Module '"./knowledge-client"' has no exported member 'KnowledgeClient'. Did you mean to use 'import KnowledgeClient from "./knowledge-client"' instead?
src/knowledge/index.ts(80,10): error TS2614: Module '"./knowledge-processor"' has no exported member 'KnowledgeProcessor'. Did you mean to use 'import KnowledgeProcessor from "./knowledge-processor"' instead?
src/knowledge/index.ts(91,10): error TS2614: Module '"./knowledge-storage"' has no exported member 'KnowledgeStorage'. Did you mean to use 'import KnowledgeStorage from "./knowledge-storage"' instead?
src/knowledge/index.ts(94,3): error TS2614: Module '"./knowledge-swarm"' has no exported member 'FACTResult'. Did you mean to use 'import FACTResult from "./knowledge-swarm"' instead?
src/knowledge/index.ts(95,3): error TS2724: '"./knowledge-swarm"' has no exported member named 'KnowledgeSwarmConfig'. Did you mean 'KnowledgeSwarm'?
src/knowledge/index.ts(96,3): error TS2614: Module '"./knowledge-swarm"' has no exported member 'SwarmAgent'. Did you mean to use 'import SwarmAgent from "./knowledge-swarm"' instead?
src/knowledge/index.ts(97,3): error TS2614: Module '"./knowledge-swarm"' has no exported member 'SwarmQuery'. Did you mean to use 'import SwarmQuery from "./knowledge-swarm"' instead?
src/knowledge/index.ts(98,3): error TS2614: Module '"./knowledge-swarm"' has no exported member 'SwarmResult'. Did you mean to use 'import SwarmResult from "./knowledge-swarm"' instead?
src/knowledge/index.ts(114,10): error TS2305: Module '"./storage-interface"' has no exported member 'StorageInterface'.
src/knowledge/index.ts(124,20): error TS2304: Cannot find name 'CrossAgentKnowledgeConfig'.
src/knowledge/index.ts(127,12): error TS2749: 'CrossAgentKnowledgeIntegration' refers to a value, but is being used as a type here. Did you mean 'typeof CrossAgentKnowledgeIntegration'?
src/knowledge/index.ts(160,49): error TS2304: Cannot find name 'CrossAgentKnowledgeConfig'.
src/knowledge/index.ts(210,47): error TS2304: Cannot find name 'CrossAgentKnowledgeConfig'.
src/knowledge/index.ts(235,37): error TS2304: Cannot find name 'CrossAgentKnowledgeConfig'.
src/knowledge/index.ts(236,25): error TS2304: Cannot find name 'getDefaultConfig'.
src/knowledge/index.ts(315,15): error TS2304: Cannot find name 'CrossAgentKnowledgeIntegration'.
src/knowledge/intelligence-coordination-system.ts(24,22): error TS2304: Cannot find name 'CompetencyMappingSystem'.
src/knowledge/intelligence-coordination-system.ts(25,21): error TS2304: Cannot find name 'ReputationSystem'.
src/knowledge/intelligence-coordination-system.ts(33,15): error TS2304: Cannot find name 'ReputationScore'.
src/knowledge/intelligence-coordination-system.ts(34,17): error TS2304: Cannot find name 'AvailabilityProfile'.
src/knowledge/intelligence-coordination-system.ts(35,16): error TS2304: Cannot find name 'CollaborationPreferences'.
src/knowledge/intelligence-coordination-system.ts(36,20): error TS2304: Cannot find name 'LearningRecord'.
src/knowledge/intelligence-coordination-system.ts(37,23): error TS2304: Cannot find name 'ExpertisePerformanceMetrics'.
src/knowledge/intelligence-coordination-system.ts(46,15): error TS2304: Cannot find name 'SubdomainExpertise'.
src/knowledge/intelligence-coordination-system.ts(47,19): error TS2304: Cannot find name 'RelatedDomainMapping'.
src/knowledge/intelligence-coordination-system.ts(48,20): error TS2304: Cannot find name 'Specialization'.
src/knowledge/intelligence-coordination-system.ts(55,19): error TS2304: Cannot find name 'Certification'.
src/knowledge/intelligence-coordination-system.ts(56,22): error TS2304: Cannot find name 'UsageRecord'.
src/knowledge/intelligence-coordination-system.ts(57,17): error TS2304: Cannot find name 'LearningPath'.
src/knowledge/intelligence-coordination-system.ts(58,20): error TS2304: Cannot find name 'TransferabilityScore'.
src/knowledge/intelligence-coordination-system.ts(64,19): error TS2304: Cannot find name 'ProblemSolvingRecord'.
src/knowledge/intelligence-coordination-system.ts(65,25): error TS2304: Cannot find name 'CollaborationRecord'.
src/knowledge/intelligence-coordination-system.ts(66,17): error TS2304: Cannot find name 'LearningRateMetrics'.
src/knowledge/intelligence-coordination-system.ts(73,18): error TS2304: Cannot find name 'DiscoveryApplicability'.
src/knowledge/intelligence-coordination-system.ts(74,14): error TS2304: Cannot find name 'DiscoveryAlgorithm'.
src/knowledge/intelligence-coordination-system.ts(75,13): error TS2304: Cannot find name 'AccuracyMetrics'.
src/knowledge/intelligence-coordination-system.ts(76,16): error TS2304: Cannot find name 'DiscoveryPerformanceMetrics'.
src/knowledge/intelligence-coordination-system.ts(80,33): error TS2304: Cannot find name 'ExpertiseEvolution'.
src/knowledge/intelligence-coordination-system.ts(81,19): error TS2304: Cannot find name 'GrowthPattern'.
src/knowledge/intelligence-coordination-system.ts(82,25): error TS2304: Cannot find name 'SpecializationTrend'.
src/knowledge/intelligence-coordination-system.ts(83,21): error TS2304: Cannot find name 'TransferPattern'.
src/knowledge/intelligence-coordination-system.ts(84,22): error TS2304: Cannot find name 'EmergenceDetector'.
src/knowledge/intelligence-coordination-system.ts(119,14): error TS2304: Cannot find name 'ExpertiseRequirement'.
src/knowledge/intelligence-coordination-system.ts(120,13): error TS2304: Cannot find name 'CapacityInfo'.
src/knowledge/intelligence-coordination-system.ts(121,12): error TS2304: Cannot find name 'LatencyMetrics'.
src/knowledge/intelligence-coordination-system.ts(122,16): error TS2304: Cannot find name 'ReliabilityMetrics'.
src/knowledge/intelligence-coordination-system.ts(123,9): error TS2304: Cannot find name 'CostMetrics'.
src/knowledge/intelligence-coordination-system.ts(128,18): error TS2304: Cannot find name 'RoutingApplicability'.
src/knowledge/intelligence-coordination-system.ts(131,16): error TS2304: Cannot find name 'RoutingConstraint'.
src/knowledge/intelligence-coordination-system.ts(132,16): error TS2304: Cannot find name 'RoutingPerformanceMetrics'.
src/knowledge/intelligence-coordination-system.ts(137,12): error TS2304: Cannot find name 'LoadBalancingWeights'.
src/knowledge/intelligence-coordination-system.ts(138,15): error TS2304: Cannot find name 'LoadBalancingThresholds'.
src/knowledge/intelligence-coordination-system.ts(139,15): error TS2304: Cannot find name 'LoadMonitoringConfig'.
src/knowledge/intelligence-coordination-system.ts(140,15): error TS2304: Cannot find name 'LoadAdaptationConfig'.
src/knowledge/intelligence-coordination-system.ts(144,19): error TS2304: Cannot find name 'QualityMetric'.
src/knowledge/intelligence-coordination-system.ts(145,19): error TS2304: Cannot find name 'ServiceClass'.
src/knowledge/intelligence-coordination-system.ts(146,19): error TS2304: Cannot find name 'PrioritizationRules'.
src/knowledge/intelligence-coordination-system.ts(147,15): error TS2304: Cannot find name 'QoSGuarantee'.
src/knowledge/intelligence-coordination-system.ts(148,15): error TS2304: Cannot find name 'QoSMonitoring'.
src/knowledge/intelligence-coordination-system.ts(152,23): error TS2304: Cannot find name 'AdaptationTrigger'.
src/knowledge/intelligence-coordination-system.ts(153,22): error TS2304: Cannot find name 'RoutingLearningAlgorithm'.
src/knowledge/intelligence-coordination-system.ts(156,22): error TS2304: Cannot find name 'FeedbackMechanism'.
src/knowledge/intelligence-coordination-system.ts(191,18): error TS2304: Cannot find name 'FeedbackLoop'.
src/knowledge/intelligence-coordination-system.ts(197,15): error TS2304: Cannot find name 'EmergenceCondition'.
src/knowledge/intelligence-coordination-system.ts(198,15): error TS2304: Cannot find name 'EmergenceIndicator'.
src/knowledge/intelligence-coordination-system.ts(199,14): error TS2304: Cannot find name 'EmergenceLifecycle'.
src/knowledge/intelligence-coordination-system.ts(200,11): error TS2304: Cannot find name 'EmergenceImpact'.
src/knowledge/intelligence-coordination-system.ts(207,13): error TS2304: Cannot find name 'DetectionAccuracy'.
src/knowledge/intelligence-coordination-system.ts(208,16): error TS2304: Cannot find name 'DetectionPerformance'.
src/knowledge/intelligence-coordination-system.ts(209,15): error TS2304: Cannot find name 'AlgorithmParameters'.
src/knowledge/intelligence-coordination-system.ts(213,32): error TS2304: Cannot find name 'SpecializationRecord'.
src/knowledge/intelligence-coordination-system.ts(214,21): error TS2304: Cannot find name 'EmergenceEvent'.
src/knowledge/intelligence-coordination-system.ts(215,11): error TS2304: Cannot find name 'SpecializationTrend'.
src/knowledge/intelligence-coordination-system.ts(216,16): error TS2304: Cannot find name 'SpecializationPrediction'.
src/knowledge/intelligence-coordination-system.ts(217,18): error TS2304: Cannot find name 'SpecializationIntervention'.
src/knowledge/intelligence-coordination-system.ts(223,13): error TS2304: Cannot find name 'AdaptationTrigger'.
src/knowledge/intelligence-coordination-system.ts(224,12): error TS2304: Cannot find name 'AdaptationAction'.
src/knowledge/intelligence-coordination-system.ts(225,18): error TS2304: Cannot find name 'AdaptationEffectiveness'.
src/knowledge/intelligence-coordination-system.ts(259,25): error TS2304: Cannot find name 'TransferOptimizationEngine'.
src/knowledge/intelligence-coordination-system.ts(264,26): error TS2304: Cannot find name 'TransferRelationship'.
src/knowledge/intelligence-coordination-system.ts(265,20): error TS2304: Cannot find name 'AnalogyMapping'.
src/knowledge/intelligence-coordination-system.ts(266,27): error TS2304: Cannot find name 'AbstractionHierarchy'.
src/knowledge/intelligence-coordination-system.ts(267,18): error TS2304: Cannot find name 'TransferPath'.
src/knowledge/intelligence-coordination-system.ts(272,20): error TS2304: Cannot find name 'DomainCharacteristics'.
src/knowledge/intelligence-coordination-system.ts(273,15): error TS2304: Cannot find name 'DomainOntology'.
src/knowledge/intelligence-coordination-system.ts(274,12): error TS2304: Cannot find name 'ExpertReference'.
src/knowledge/intelligence-coordination-system.ts(275,14): error TS2304: Cannot find name 'DomainKnowledge'.
src/knowledge/intelligence-coordination-system.ts(276,20): error TS2304: Cannot find name 'DomainTransferHistory'.
src/knowledge/intelligence-coordination-system.ts(281,22): error TS2304: Cannot find name 'AnalogyMappingAlgorithm'.
src/knowledge/intelligence-coordination-system.ts(282,25): error TS2304: Cannot find name 'AnalogyValidationMechanism'.
src/knowledge/intelligence-coordination-system.ts(283,20): error TS2304: Cannot find name 'AnalogyDatabase'.
src/knowledge/intelligence-coordination-system.ts(284,21): error TS2304: Cannot find name 'CreativityEngine'.
src/knowledge/intelligence-coordination-system.ts(289,29): error TS2304: Cannot find name 'GeneralizationAlgorithm'.
src/knowledge/intelligence-coordination-system.ts(290,25): error TS2304: Cannot find name 'ConceptualFramework'.
src/knowledge/intelligence-coordination-system.ts(291,22): error TS2304: Cannot find name 'PatternExtractionEngine'.
src/knowledge/intelligence-coordination-system.ts(292,26): error TS2304: Cannot find name 'KnowledgeDistillationEngine'.
src/knowledge/intelligence-coordination-system.ts(296,23): error TS2304: Cannot find name 'TransferValidationCriteria'.
src/knowledge/intelligence-coordination-system.ts(297,21): error TS2304: Cannot find name 'TransferTestingFramework'.
src/knowledge/intelligence-coordination-system.ts(298,26): error TS2304: Cannot find name 'TransferPerformanceEvaluation'.
src/knowledge/intelligence-coordination-system.ts(299,21): error TS2304: Cannot find name 'TransferQualityAssurance'.
src/knowledge/intelligence-coordination-system.ts(300,19): error TS2304: Cannot find name 'TransferRiskAssessment'.
src/knowledge/intelligence-coordination-system.ts(324,24): error TS2304: Cannot find name 'MemoryConsolidationEngine'.
src/knowledge/intelligence-coordination-system.ts(327,19): error TS2304: Cannot find name 'EpisodicMemorySystem'.
src/knowledge/intelligence-coordination-system.ts(328,19): error TS2304: Cannot find name 'SemanticMemorySystem'.
src/knowledge/intelligence-coordination-system.ts(333,16): error TS2304: Cannot find name 'MemoryGraph'.
src/knowledge/intelligence-coordination-system.ts(334,19): error TS2304: Cannot find name 'AccessPattern'.
src/knowledge/intelligence-coordination-system.ts(335,20): error TS2304: Cannot find name 'MemoryHierarchy'.
src/knowledge/intelligence-coordination-system.ts(336,25): error TS2304: Cannot find name 'MemoryDistributionStrategy'.
src/knowledge/intelligence-coordination-system.ts(342,12): error TS2304: Cannot find name 'MemoryContent'.
src/knowledge/intelligence-coordination-system.ts(343,13): error TS2304: Cannot find name 'MemoryMetadata'.
src/knowledge/intelligence-coordination-system.ts(344,18): error TS2304: Cannot find name 'AccessibilityConfig'.
src/knowledge/intelligence-coordination-system.ts(345,16): error TS2304: Cannot find name 'PersistenceConfig'.
src/knowledge/intelligence-coordination-system.ts(346,17): error TS2304: Cannot find name 'MemoryAssociation'.
src/knowledge/intelligence-coordination-system.ts(351,20): error TS2304: Cannot find name 'IndexingSystem'.
src/knowledge/intelligence-coordination-system.ts(352,21): error TS2304: Cannot find name 'SearchAlgorithm'.
src/knowledge/intelligence-coordination-system.ts(353,22): error TS2304: Cannot find name 'RankingMechanism'.
src/knowledge/intelligence-coordination-system.ts(354,24): error TS2304: Cannot find name 'ContextualRetrievalEngine'.
src/knowledge/intelligence-coordination-system.ts(358,21): error TS2304: Cannot find name 'ForgettingCurve'.
src/knowledge/intelligence-coordination-system.ts(359,22): error TS2304: Cannot find name 'RetentionPolicy'.
src/knowledge/intelligence-coordination-system.ts(360,24): error TS2304: Cannot find name 'ImportanceWeighting'.
src/knowledge/intelligence-coordination-system.ts(361,24): error TS2304: Cannot find name 'SelectiveForgettingEngine'.
src/knowledge/intelligence-coordination-system.ts(362,24): error TS2304: Cannot find name 'ConsolidationTrigger'.
src/knowledge/intelligence-coordination-system.ts(399,53): error TS2304: Cannot find name 'SpecializationRecord'.
src/knowledge/intelligence-coordination-system.ts(400,47): error TS2304: Cannot find name 'TransferKnowledge'.
src/knowledge/intelligence-coordination-system.ts(401,49): error TS2304: Cannot find name 'CoordinationEvent'.
src/knowledge/intelligence-coordination-system.ts(416,35): error TS2693: 'ExpertiseDiscoverySystem' only refers to a type, but is being used as a value here.
src/knowledge/intelligence-coordination-system.ts(422,33): error TS2304: Cannot find name 'KnowledgeRoutingEngineSystem'.
src/knowledge/intelligence-coordination-system.ts(428,39): error TS2304: Cannot find name 'SpecializationDetectionSystem'.
src/knowledge/intelligence-coordination-system.ts(434,36): error TS2304: Cannot find name 'CrossDomainTransferEngineSystem'.
src/knowledge/intelligence-coordination-system.ts(440,33): error TS2304: Cannot find name 'CollectiveMemorySystem'.
src/knowledge/intelligence-coordination-system.ts(454,29): error TS2339: Property 'on' does not exist on type 'ExpertiseDiscoveryEngine'.
src/knowledge/intelligence-coordination-system.ts(455,35): error TS2551: Property 'updateRoutingTable' does not exist on type 'KnowledgeRoutingSystem'. Did you mean 'routingTable'?
src/knowledge/intelligence-coordination-system.ts(460,33): error TS2339: Property 'on' does not exist on type 'SpecializationEmergenceDetector'.
src/knowledge/intelligence-coordination-system.ts(461,37): error TS2339: Property 'incorporateSpecialization' does not exist on type 'ExpertiseDiscoveryEngine'.
src/knowledge/intelligence-coordination-system.ts(466,30): error TS2339: Property 'on' does not exist on type 'CrossDomainTransferSystem'.
src/knowledge/intelligence-coordination-system.ts(467,35): error TS2339: Property 'storeTransferExperience' does not exist on type 'CollectiveMemoryManager'.
src/knowledge/intelligence-coordination-system.ts(472,27): error TS2339: Property 'on' does not exist on type 'KnowledgeRoutingSystem'.
src/knowledge/intelligence-coordination-system.ts(473,35): error TS2339: Property 'recordRoutingSuccess' does not exist on type 'CollectiveMemoryManager'.
src/knowledge/intelligence-coordination-system.ts(478,27): error TS2339: Property 'on' does not exist on type 'CollectiveMemoryManager'.
src/knowledge/intelligence-coordination-system.ts(479,12): error TS2339: Property 'propagateMemoryInsights' does not exist on type 'IntelligenceCoordinationSystem'.
src/knowledge/intelligence-coordination-system.ts(503,38): error TS2339: Property 'identifyExpertiseGaps' does not exist on type 'IntelligenceCoordinationSystem'.
src/knowledge/intelligence-coordination-system.ts(506,43): error TS2339: Property 'buildExpertiseNetwork' does not exist on type 'IntelligenceCoordinationSystem'.
src/knowledge/intelligence-coordination-system.ts(509,56): error TS2339: Property 'generateSpecializationRecommendations' does not exist on type 'IntelligenceCoordinationSystem'.
src/knowledge/intelligence-coordination-system.ts(562,40): error TS2339: Property 'analyzeQueryRequirements' does not exist on type 'IntelligenceCoordinationSystem'.
src/knowledge/intelligence-coordination-system.ts(565,43): error TS2339: Property 'identifyCandidateExperts' does not exist on type 'IntelligenceCoordinationSystem'.
src/knowledge/intelligence-coordination-system.ts(571,42): error TS2339: Property 'selectRoutingStrategy' does not exist on type 'IntelligenceCoordinationSystem'.
src/knowledge/intelligence-coordination-system.ts(577,42): error TS2339: Property 'applyRoutingStrategy' does not exist on type 'IntelligenceCoordinationSystem'.
src/knowledge/intelligence-coordination-system.ts(584,43): error TS2339: Property 'executeRouting' does not exist on type 'IntelligenceCoordinationSystem'.
src/knowledge/intelligence-coordination-system.ts(587,45): error TS2339: Property 'monitorRoutingPerformance' does not exist on type 'IntelligenceCoordinationSystem'.
src/knowledge/intelligence-coordination-system.ts(602,18): error TS2551: Property 'updateRoutingTable' does not exist on type 'IntelligenceCoordinationSystem'. Did you mean 'routingTable'?
src/knowledge/intelligence-coordination-system.ts(627,39): error TS2339: Property 'collectBehaviorData' does not exist on type 'IntelligenceCoordinationSystem'.
src/knowledge/intelligence-coordination-system.ts(632,16): error TS2339: Property 'applyEmergenceDetection' does not exist on type 'IntelligenceCoordinationSystem'.
src/knowledge/intelligence-coordination-system.ts(637,46): error TS2339: Property 'consolidateDetectionResults' does not exist on type 'IntelligenceCoordinationSystem'.
src/knowledge/intelligence-coordination-system.ts(640,44): error TS2339: Property 'validateEmergencePatterns' does not exist on type 'IntelligenceCoordinationSystem'.
src/knowledge/intelligence-coordination-system.ts(644,20): error TS2339: Property 'generateAdaptationRecommendations' does not exist on type 'IntelligenceCoordinationSystem'.
src/knowledge/intelligence-coordination-system.ts(647,45): error TS2339: Property 'applyAutomaticAdaptations' does not exist on type 'IntelligenceCoordinationSystem'.
src/knowledge/intelligence-coordination-system.ts(656,36): error TS2339: Property 'calculateEmergenceScore' does not exist on type 'IntelligenceCoordinationSystem'.
src/knowledge/intelligence-coordination-system.ts(692,41): error TS2339: Property 'analyzeDomainCompatibility' does not exist on type 'IntelligenceCoordinationSystem'.
src/knowledge/intelligence-coordination-system.ts(695,44): error TS2339: Property 'selectTransferMechanism' does not exist on type 'IntelligenceCoordinationSystem'.
src/knowledge/intelligence-coordination-system.ts(698,45): error TS2339: Property 'extractTransferableKnowledge' does not exist on type 'IntelligenceCoordinationSystem'.
src/knowledge/intelligence-coordination-system.ts(704,43): error TS2339: Property 'adaptKnowledge' does not exist on type 'IntelligenceCoordinationSystem'.
src/knowledge/intelligence-coordination-system.ts(711,44): error TS2339: Property 'validateTransfer' does not exist on type 'IntelligenceCoordinationSystem'.
src/knowledge/intelligence-coordination-system.ts(714,45): error TS2551: Property 'applyTransferredKnowledge' does not exist on type 'IntelligenceCoordinationSystem'. Did you mean 'transferKnowledge'?
src/knowledge/intelligence-coordination-system.ts(715,9): error TS2304: Cannot find name 'validatedResults'.
src/knowledge/intelligence-coordination-system.ts(720,50): error TS2339: Property 'evaluateTransferEffectiveness' does not exist on type 'IntelligenceCoordinationSystem'.
src/knowledge/intelligence-coordination-system.ts(756,43): error TS2339: Property 'getAverageExpertiseLevel' does not exist on type 'IntelligenceCoordinationSystem'.
src/knowledge/intelligence-coordination-system.ts(757,39): error TS2339: Property 'getExpertiseCoverage' does not exist on type 'IntelligenceCoordinationSystem'.
src/knowledge/intelligence-coordination-system.ts(758,39): error TS2339: Property 'getDiscoveryAccuracy' does not exist on type 'IntelligenceCoordinationSystem'.
src/knowledge/intelligence-coordination-system.ts(762,36): error TS2339: Property 'getRoutingSuccessRate' does not exist on type 'IntelligenceCoordinationSystem'.
src/knowledge/intelligence-coordination-system.ts(763,43): error TS2339: Property 'getAverageRoutingLatency' does not exist on type 'IntelligenceCoordinationSystem'.
src/knowledge/intelligence-coordination-system.ts(764,43): error TS2339: Property 'getLoadBalanceEfficiency' does not exist on type 'IntelligenceCoordinationSystem'.
src/knowledge/intelligence-coordination-system.ts(768,35): error TS2339: Property 'getEmergenceRate' does not exist on type 'IntelligenceCoordinationSystem'.
src/knowledge/intelligence-coordination-system.ts(769,43): error TS2339: Property 'getAdaptationSuccessRate' does not exist on type 'IntelligenceCoordinationSystem'.
src/knowledge/intelligence-coordination-system.ts(770,45): error TS2339: Property 'getSpecializationDiversity' does not exist on type 'IntelligenceCoordinationSystem'.
src/knowledge/intelligence-coordination-system.ts(774,41): error TS2339: Property 'getTransferSuccessRate' does not exist on type 'IntelligenceCoordinationSystem'.
src/knowledge/intelligence-coordination-system.ts(775,50): error TS2339: Property 'getAverageTransferEffectiveness' does not exist on type 'IntelligenceCoordinationSystem'.
src/knowledge/intelligence-coordination-system.ts(776,36): error TS2339: Property 'getDomainCoverage' does not exist on type 'IntelligenceCoordinationSystem'.
src/knowledge/intelligence-coordination-system.ts(779,36): error TS2339: Property 'getStoredMemoryCount' does not exist on type 'IntelligenceCoordinationSystem'.
src/knowledge/intelligence-coordination-system.ts(780,39): error TS2339: Property 'getMemoryUtilization' does not exist on type 'IntelligenceCoordinationSystem'.
src/knowledge/intelligence-coordination-system.ts(781,41): error TS2339: Property 'getRetrievalEfficiency' does not exist on type 'IntelligenceCoordinationSystem'.
src/knowledge/intelligence-coordination-system.ts(782,41): error TS2339: Property 'getKnowledgeGrowthRate' does not exist on type 'IntelligenceCoordinationSystem'.
src/knowledge/intelligence-coordination-system.ts(795,31): error TS2339: Property 'shutdown' does not exist on type 'CollectiveMemoryManager'.
src/knowledge/intelligence-coordination-system.ts(796,34): error TS2339: Property 'shutdown' does not exist on type 'CrossDomainTransferSystem'.
src/knowledge/intelligence-coordination-system.ts(797,37): error TS2339: Property 'shutdown' does not exist on type 'SpecializationEmergenceDetector'.
src/knowledge/intelligence-coordination-system.ts(798,31): error TS2339: Property 'shutdown' does not exist on type 'KnowledgeRoutingSystem'.
src/knowledge/intelligence-coordination-system.ts(799,33): error TS2339: Property 'shutdown' does not exist on type 'ExpertiseDiscoveryEngine'.
src/knowledge/intelligence-coordination-system.ts(824,14): error TS2304: Cannot find name 'ExpertiseDistribution'.
src/knowledge/intelligence-coordination-system.ts(826,18): error TS2304: Cannot find name 'ExpertiseDistribution'.
src/knowledge/intelligence-coordination-system.ts(836,23): error TS2304: Cannot find name 'ExpertiseDiscoveryConfig'.
src/knowledge/intelligence-coordination-system.ts(837,21): error TS2304: Cannot find name 'KnowledgeRoutingConfig'.
src/knowledge/intelligence-coordination-system.ts(838,28): error TS2304: Cannot find name 'SpecializationDetectionConfig'.
src/knowledge/intelligence-coordination-system.ts(839,24): error TS2304: Cannot find name 'CrossDomainTransferConfig'.
src/knowledge/intelligence-coordination-system.ts(840,21): error TS2304: Cannot find name 'CollectiveMemoryConfig'.
src/knowledge/intelligence-coordination-system.ts(847,26): error TS2304: Cannot find name 'ExpertiseDistribution'.
src/knowledge/intelligence-coordination-system.ts(848,16): error TS2304: Cannot find name 'ExpertiseGapAnalysis'.
src/knowledge/intelligence-coordination-system.ts(849,21): error TS2304: Cannot find name 'ExpertiseNetwork'.
src/knowledge/intelligence-coordination-system.ts(850,34): error TS2304: Cannot find name 'SpecializationRecommendation'.
src/knowledge/intelligence-coordination-system.ts(861,21): error TS2304: Cannot find name 'RoutingExecution'.
src/knowledge/intelligence-coordination-system.ts(862,23): error TS2304: Cannot find name 'RoutingPerformanceMetrics'.
src/knowledge/intelligence-coordination-system.ts(909,17): error TS2304: Cannot find name 'QueryRequirements'.
src/knowledge/intelligence-coordination-system.ts(914,17): error TS2304: Cannot find name 'RoutingConstraint'.
src/knowledge/intelligence-coordination-system.ts(915,17): error TS2304: Cannot find name 'RoutingPreference'.
src/knowledge/knowledge-client.ts(120,36): error TS2339: Property 'queryCounter' does not exist on type 'FACTIntegration'.
src/knowledge/knowledge-processor.ts(20,34): error TS2307: Cannot find module './knowledge-cache-system' or its corresponding type declarations.
src/knowledge/knowledge-processor.ts(22,3): error TS2614: Module '"./project-context-analyzer"' has no exported member 'KnowledgeGatheringMission'. Did you mean to use 'import KnowledgeGatheringMission from "./project-context-analyzer"' instead?
src/knowledge/knowledge-processor.ts(162,10): error TS2339: Property 'contextAnalyzer' does not exist on type 'WASMFactIntegration'.
src/knowledge/knowledge-processor.ts(173,10): error TS2339: Property 'knowledgeCache' does not exist on type 'WASMFactIntegration'.
src/knowledge/knowledge-processor.ts(211,18): error TS2339: Property 'factStorage' does not exist on type 'WASMFactIntegration'.
src/knowledge/knowledge-processor.ts(214,18): error TS2339: Property 'hiveSystem' does not exist on type 'WASMFactIntegration'.
src/knowledge/knowledge-processor.ts(267,18): error TS2339: Property 'storeInFACTStorage' does not exist on type 'WASMFactIntegration'.
src/knowledge/knowledge-processor.ts(303,29): error TS2339: Property 'hiveSystem' does not exist on type 'WASMFactIntegration'.
src/knowledge/knowledge-processor.ts(492,25): error TS2352: Conversion of type '{ FastCache: typeof MockFastCache; QueryProcessor: typeof MockQueryProcessor; CognitiveEngine: typeof MockCognitiveEngine; }' to type 'WASMFact' may be a mistake because neither type sufficiently overlaps with the other. If this was intentional, convert the expression to 'unknown' first.
  Types of property 'FastCache' are incompatible.
    Types of construct signatures are incompatible.
      Type 'new (size: number) => MockFastCache' is not assignable to type 'new (size: number) => { set(key: string, value: string, ttl: bigint): boolean; get(key: string): string; clear(): void; size(): number; stats(): { hits: number; misses: number; hit_rate: number; }; }'.
        Type 'MockFastCache' is not comparable to type '{ set(key: string, value: string, ttl: bigint): boolean; get(key: string): string; clear(): void; size(): number; stats(): { hits: number; misses: number; hit_rate: number; }; }'.
          Property 'size' is private in type 'MockFastCache' but not in type '{ set(key: string, value: string, ttl: bigint): boolean; get(key: string): string; clear(): void; size(): number; stats(): { hits: number; misses: number; hit_rate: number; }; }'.
src/knowledge/knowledge-processor.ts(498,31): error TS2300: Duplicate identifier 'size'.
src/knowledge/knowledge-processor.ts(527,11): error TS2300: Duplicate identifier 'size'.
src/knowledge/knowledge-processor.ts(751,16): error TS2339: Property 'hiveSystem' does not exist on type 'WASMFactIntegration'.
src/knowledge/knowledge-quality-management.ts(25,18): error TS2304: Cannot find name 'BootstrappingConfig'.
src/knowledge/knowledge-quality-management.ts(30,15): error TS2304: Cannot find name 'ReputationParameters'.
src/knowledge/knowledge-quality-management.ts(31,15): error TS2304: Cannot find name 'ReputationComponent'.
src/knowledge/knowledge-quality-management.ts(32,16): error TS2304: Cannot find name 'ReputationAggregation'.
src/knowledge/knowledge-quality-management.ts(33,18): error TS2304: Cannot find name 'NormalizationConfig'.
src/knowledge/knowledge-quality-management.ts(39,20): error TS2304: Cannot find name 'ComponentScore'.
src/knowledge/knowledge-quality-management.ts(42,10): error TS2304: Cannot find name 'ScoreTrend'.
src/knowledge/knowledge-quality-management.ts(50,12): error TS2304: Cannot find name 'AlgorithmWeights'.
src/knowledge/knowledge-quality-management.ts(51,15): error TS2304: Cannot find name 'AlgorithmParameters'.
src/knowledge/knowledge-quality-management.ts(52,16): error TS2304: Cannot find name 'AlgorithmPerformance'.
src/knowledge/knowledge-quality-management.ts(53,18): error TS2304: Cannot find name 'ScoringApplicability'.
src/knowledge/knowledge-quality-management.ts(58,15): error TS2304: Cannot find name 'ConsensusThreshold'.
src/knowledge/knowledge-quality-management.ts(59,18): error TS2304: Cannot find name 'DecisionRule'.
src/knowledge/knowledge-quality-management.ts(60,16): error TS2304: Cannot find name 'TieBreakingRule'.
src/knowledge/knowledge-quality-management.ts(61,22): error TS2304: Cannot find name 'AdaptiveWeightingConfig'.
src/knowledge/knowledge-quality-management.ts(66,15): error TS2304: Cannot find name 'DecayParameters'.
src/knowledge/knowledge-quality-management.ts(119,17): error TS2304: Cannot find name 'ValidationCapability'.
src/knowledge/knowledge-quality-management.ts(120,16): error TS2304: Cannot find name 'ValidatorReliability'.
src/knowledge/knowledge-quality-management.ts(121,19): error TS2304: Cannot find name 'ValidationSpecialization'.
src/knowledge/knowledge-quality-management.ts(122,16): error TS2304: Cannot find name 'ValidatorPerformance'.
src/knowledge/knowledge-quality-management.ts(136,18): error TS2304: Cannot find name 'EvidenceType'.
src/knowledge/knowledge-quality-management.ts(137,22): error TS2304: Cannot find name 'SourceReliabilityRequirement'.
src/knowledge/knowledge-quality-management.ts(139,32): error TS2304: Cannot find name 'CrossReferencingConfig'.
src/knowledge/knowledge-quality-management.ts(143,23): error TS2304: Cannot find name 'ValidatorSelectionStrategy'.
src/knowledge/knowledge-quality-management.ts(146,27): error TS2304: Cannot find name 'DisagreementResolutionStrategy'.
src/knowledge/knowledge-quality-management.ts(147,22): error TS2304: Cannot find name 'ConsensusConfiguration'.
src/knowledge/knowledge-quality-management.ts(159,13): error TS2304: Cannot find name 'ValidationEvidence'.
src/knowledge/knowledge-quality-management.ts(160,11): error TS2304: Cannot find name 'ValidationIssue'.
src/knowledge/knowledge-quality-management.ts(161,20): error TS2304: Cannot find name 'ValidationRecommendation'.
src/knowledge/knowledge-quality-management.ts(197,16): error TS2304: Cannot find name 'MeasurementMethod'.
src/knowledge/knowledge-quality-management.ts(198,16): error TS2304: Cannot find name 'AggregationMethod'.
src/knowledge/knowledge-quality-management.ts(199,19): error TS2304: Cannot find name 'InterpretationRules'.
src/knowledge/knowledge-quality-management.ts(200,15): error TS2304: Cannot find name 'QualityBenchmark'.
src/knowledge/knowledge-quality-management.ts(205,20): error TS2304: Cannot find name 'AssessmentScope'.
src/knowledge/knowledge-quality-management.ts(207,14): error TS2304: Cannot find name 'AssessmentFrequency'.
src/knowledge/knowledge-quality-management.ts(208,13): error TS2304: Cannot find name 'AssessmentCriteria'.
src/knowledge/knowledge-quality-management.ts(209,12): error TS2304: Cannot find name 'ScoringRubric'.
src/knowledge/knowledge-quality-management.ts(213,20): error TS2304: Cannot find name 'MonitoringScope'.
src/knowledge/knowledge-quality-management.ts(215,20): error TS2304: Cannot find name 'AlertCondition'.
src/knowledge/knowledge-quality-management.ts(216,15): error TS2304: Cannot find name 'DashboardConfig'.
src/knowledge/knowledge-quality-management.ts(217,14): error TS2304: Cannot find name 'ReportingConfig'.
src/knowledge/knowledge-quality-management.ts(223,13): error TS2304: Cannot find name 'ImprovementTrigger'.
src/knowledge/knowledge-quality-management.ts(224,12): error TS2304: Cannot find name 'ImprovementAction'.
src/knowledge/knowledge-quality-management.ts(225,15): error TS2304: Cannot find name 'ImprovementEvaluation'.
src/knowledge/knowledge-quality-management.ts(229,19): error TS2304: Cannot find name 'BenchmarkType'.
src/knowledge/knowledge-quality-management.ts(230,24): error TS2304: Cannot find name 'ComparisonBaseline'.
src/knowledge/knowledge-quality-management.ts(231,25): error TS2304: Cannot find name 'PerformanceStandard'.
src/knowledge/knowledge-quality-management.ts(233,20): error TS2304: Cannot find name 'BenchmarkReportFormat'.
src/knowledge/knowledge-quality-management.ts(269,20): error TS2304: Cannot find name 'TemporalQueryEngine'.
src/knowledge/knowledge-quality-management.ts(273,25): error TS2304: Cannot find name 'KnowledgeVersion'.
src/knowledge/knowledge-quality-management.ts(274,19): error TS2304: Cannot find name 'VersionHistory'.
src/knowledge/knowledge-quality-management.ts(276,23): error TS2304: Cannot find name 'VersionConflictResolver'.
src/knowledge/knowledge-quality-management.ts(277,21): error TS2304: Cannot find name 'BranchManager'.
src/knowledge/knowledge-quality-management.ts(282,25): error TS2304: Cannot find name 'TimeSeriesValidator'.
src/knowledge/knowledge-quality-management.ts(283,22): error TS2304: Cannot find name 'CausalityChecker'.
src/knowledge/knowledge-quality-management.ts(284,27): error TS2304: Cannot find name 'TemporalConsistencyMaintainer'.
src/knowledge/knowledge-quality-management.ts(285,26): error TS2304: Cannot find name 'InvalidationDetector'.
src/knowledge/knowledge-quality-management.ts(289,16): error TS2304: Cannot find name 'DecayModel'.
src/knowledge/knowledge-quality-management.ts(290,22): error TS2304: Cannot find name 'FreshnessCriteria'.
src/knowledge/knowledge-quality-management.ts(291,20): error TS2304: Cannot find name 'DecayPredictor'.
src/knowledge/knowledge-quality-management.ts(292,22): error TS2304: Cannot find name 'RefreshStrategy'.
src/knowledge/knowledge-quality-management.ts(293,22): error TS2304: Cannot find name 'RetentionPolicy'.
src/knowledge/knowledge-quality-management.ts(297,21): error TS2304: Cannot find name 'PropagationGraph'.
src/knowledge/knowledge-quality-management.ts(298,21): error TS2304: Cannot find name 'UpdateStrategy'.
src/knowledge/knowledge-quality-management.ts(299,23): error TS2304: Cannot find name 'DependencyTracker'.
src/knowledge/knowledge-quality-management.ts(300,19): error TS2304: Cannot find name 'ImpactAnalyzer'.
src/knowledge/knowledge-quality-management.ts(301,21): error TS2304: Cannot find name 'CascadingUpdateManager'.
src/knowledge/knowledge-quality-management.ts(327,18): error TS2304: Cannot find name 'ReviewQualityAssurance'.
src/knowledge/knowledge-quality-management.ts(328,23): error TS2304: Cannot find name 'IncentiveSystem'.
src/knowledge/knowledge-quality-management.ts(334,11): error TS2304: Cannot find name 'ReviewPhase'.
src/knowledge/knowledge-quality-management.ts(335,13): error TS2304: Cannot find name 'ReviewCriteria'.
src/knowledge/knowledge-quality-management.ts(336,13): error TS2304: Cannot find name 'ReviewWorkflow'.
src/knowledge/knowledge-quality-management.ts(337,19): error TS2304: Cannot find name 'ReviewQualityControl'.
src/knowledge/knowledge-quality-management.ts(341,22): error TS2304: Cannot find name 'ReviewerSelectionCriteria'.
src/knowledge/knowledge-quality-management.ts(342,22): error TS2304: Cannot find name 'ReviewerMatchingAlgorithm'.
src/knowledge/knowledge-quality-management.ts(343,25): error TS2304: Cannot find name 'AvailabilityTracker'.
src/knowledge/knowledge-quality-management.ts(344,18): error TS2304: Cannot find name 'ReviewerLoadBalancer'.
src/knowledge/knowledge-quality-management.ts(345,23): error TS2304: Cannot find name 'ConflictOfInterestDetector'.
src/knowledge/knowledge-quality-management.ts(349,22): error TS2304: Cannot find name 'WorkflowTemplate'.
src/knowledge/knowledge-quality-management.ts(350,20): error TS2304: Cannot find name 'ReviewStateManager'.
src/knowledge/knowledge-quality-management.ts(351,21): error TS2304: Cannot find name 'ProgressTracker'.
src/knowledge/knowledge-quality-management.ts(352,23): error TS2304: Cannot find name 'DeadlineManager'.
src/knowledge/knowledge-quality-management.ts(353,25): error TS2304: Cannot find name 'EscalationProcedure'.
src/knowledge/knowledge-quality-management.ts(363,13): error TS2304: Cannot find name 'ReviewComment'.
src/knowledge/knowledge-quality-management.ts(364,22): error TS2304: Cannot find name 'ReviewQualityAssessment'.
src/knowledge/knowledge-quality-management.ts(402,44): error TS2304: Cannot find name 'QualityMetrics'.
src/knowledge/knowledge-quality-management.ts(404,44): error TS2304: Cannot find name 'QualityHistoryRecord'.
src/knowledge/knowledge-quality-management.ts(419,33): error TS2693: 'ReputationManagementSystem' only refers to a type, but is being used as a value here.
src/knowledge/knowledge-quality-management.ts(430,33): error TS2304: Cannot find name 'QualityAssuranceEngine'.
src/knowledge/knowledge-quality-management.ts(436,32): error TS2304: Cannot find name 'TemporalKnowledgeSystem'.
src/knowledge/knowledge-quality-management.ts(442,33): error TS2304: Cannot find name 'PeerReviewEngine'.
src/knowledge/knowledge-quality-management.ts(456,27): error TS2339: Property 'on' does not exist on type 'ReputationSystem'.
src/knowledge/knowledge-quality-management.ts(457,18): error TS2339: Property 'updateValidationWeights' does not exist on type 'KnowledgeQualityManagementSystem'.
src/knowledge/knowledge-quality-management.ts(462,22): error TS2345: Argument of type '"validation:completed"' is not assignable to parameter of type 'keyof SystemEvents | keyof WorkflowEvents | keyof CoordinationEvents | keyof NeuralEvents | keyof MemoryEvents'.
src/knowledge/knowledge-quality-management.ts(463,35): error TS2339: Property 'updateFromValidation' does not exist on type 'ReputationSystem'.
src/knowledge/knowledge-quality-management.ts(468,27): error TS2339: Property 'on' does not exist on type 'QualityAssuranceSystem'.
src/knowledge/knowledge-quality-management.ts(469,34): error TS2339: Property 'handleQualityDegradation' does not exist on type 'TemporalKnowledgeManager'.
src/knowledge/knowledge-quality-management.ts(474,27): error TS2339: Property 'on' does not exist on type 'PeerReviewSystem'.
src/knowledge/knowledge-quality-management.ts(475,18): error TS2339: Property 'integrateReviewResults' does not exist on type 'KnowledgeQualityManagementSystem'.
src/knowledge/knowledge-quality-management.ts(480,26): error TS2339: Property 'on' does not exist on type 'TemporalKnowledgeManager'.
src/knowledge/knowledge-quality-management.ts(481,35): error TS2339: Property 'handleExpiredKnowledge' does not exist on type 'QualityAssuranceSystem'.
src/knowledge/knowledge-quality-management.ts(491,5): error TS2322: Type '"comprehensive"' is not assignable to type 'ValidationType'.
src/knowledge/knowledge-quality-management.ts(509,43): error TS2339: Property 'executeValidation' does not exist on type 'KnowledgeQualityManagementSystem'.
src/knowledge/knowledge-quality-management.ts(512,43): error TS2339: Property 'aggregateValidationResults' does not exist on type 'KnowledgeQualityManagementSystem'.
src/knowledge/knowledge-quality-management.ts(515,40): error TS2339: Property 'applyValidationDecision' does not exist on type 'KnowledgeQualityManagementSystem'.
src/knowledge/knowledge-quality-management.ts(518,35): error TS2339: Property 'generateValidationEvidence' does not exist on type 'KnowledgeQualityManagementSystem'.
src/knowledge/knowledge-quality-management.ts(543,18): error TS2339: Property 'updateReputationFromValidation' does not exist on type 'KnowledgeQualityManagementSystem'.
src/knowledge/knowledge-quality-management.ts(546,18): error TS2551: Property 'updateQualityMetrics' does not exist on type 'KnowledgeQualityManagementSystem'. Did you mean 'qualityMetrics'?
src/knowledge/knowledge-quality-management.ts(581,59): error TS2339: Property 'initializeReputationScore' does not exist on type 'KnowledgeQualityManagementSystem'.
src/knowledge/knowledge-quality-management.ts(586,16): error TS2339: Property 'applyReputationAlgorithm' does not exist on type 'KnowledgeQualityManagementSystem'.
src/knowledge/knowledge-quality-management.ts(591,42): error TS2551: Property 'aggregateReputationScores' does not exist on type 'KnowledgeQualityManagementSystem'. Did you mean 'updateReputationScore'?
src/knowledge/knowledge-quality-management.ts(597,39): error TS2339: Property 'applyDecayFunctions' does not exist on type 'KnowledgeQualityManagementSystem'.
src/knowledge/knowledge-quality-management.ts(603,42): error TS2339: Property 'normalizeReputationScore' does not exist on type 'KnowledgeQualityManagementSystem'.
src/knowledge/knowledge-quality-management.ts(609,39): error TS2339: Property 'calculateScoreTrend' does not exist on type 'KnowledgeQualityManagementSystem'.
src/knowledge/knowledge-quality-management.ts(615,18): error TS2339: Property 'updateGlobalRankings' does not exist on type 'KnowledgeQualityManagementSystem'.
src/knowledge/knowledge-quality-management.ts(649,40): error TS2339: Property 'selectReviewProcess' does not exist on type 'KnowledgeQualityManagementSystem'.
src/knowledge/knowledge-quality-management.ts(652,36): error TS2339: Property 'selectReviewers' does not exist on type 'KnowledgeQualityManagementSystem'.
src/knowledge/knowledge-quality-management.ts(655,35): error TS2339: Property 'initializeReviewWorkflow' does not exist on type 'KnowledgeQualityManagementSystem'.
src/knowledge/knowledge-quality-management.ts(658,39): error TS2339: Property 'executeReviewPhases' does not exist on type 'KnowledgeQualityManagementSystem'.
src/knowledge/knowledge-quality-management.ts(661,43): error TS2339: Property 'aggregateReviewResults' does not exist on type 'KnowledgeQualityManagementSystem'.
src/knowledge/knowledge-quality-management.ts(664,41): error TS2339: Property 'generateReviewRecommendation' does not exist on type 'KnowledgeQualityManagementSystem'.
src/knowledge/knowledge-quality-management.ts(670,35): error TS2339: Property 'collectReviewComments' does not exist on type 'KnowledgeQualityManagementSystem'.
src/knowledge/knowledge-quality-management.ts(673,44): error TS2339: Property 'assessReviewQuality' does not exist on type 'KnowledgeQualityManagementSystem'.
src/knowledge/knowledge-quality-management.ts(698,18): error TS2339: Property 'updateReviewerReputations' does not exist on type 'KnowledgeQualityManagementSystem'.
src/knowledge/knowledge-quality-management.ts(701,18): error TS2339: Property 'applyReviewOutcome' does not exist on type 'KnowledgeQualityManagementSystem'.
src/knowledge/knowledge-quality-management.ts(728,41): error TS2551: Property 'collectQualityMetrics' does not exist on type 'KnowledgeQualityManagementSystem'. Did you mean 'qualityMetrics'?
src/knowledge/knowledge-quality-management.ts(731,40): error TS2339: Property 'analyzeQualityTrends' does not exist on type 'KnowledgeQualityManagementSystem'.
src/knowledge/knowledge-quality-management.ts(734,40): error TS2339: Property 'detectQualityIssues' does not exist on type 'KnowledgeQualityManagementSystem'.
src/knowledge/knowledge-quality-management.ts(737,53): error TS2339: Property 'generateImprovementRecommendations' does not exist on type 'KnowledgeQualityManagementSystem'.
src/knowledge/knowledge-quality-management.ts(743,46): error TS2339: Property 'applyAutomaticImprovements' does not exist on type 'KnowledgeQualityManagementSystem'.
src/knowledge/knowledge-quality-management.ts(746,44): error TS2339: Property 'updateQualityBenchmarks' does not exist on type 'KnowledgeQualityManagementSystem'.
src/knowledge/knowledge-quality-management.ts(776,39): error TS2339: Property 'getAverageReputation' does not exist on type 'KnowledgeQualityManagementSystem'.
src/knowledge/knowledge-quality-management.ts(777,44): error TS2339: Property 'getReputationDistribution' does not exist on type 'KnowledgeQualityManagementSystem'.
src/knowledge/knowledge-quality-management.ts(778,35): error TS2339: Property 'getTopPerformers' does not exist on type 'KnowledgeQualityManagementSystem'.
src/knowledge/knowledge-quality-management.ts(782,43): error TS2339: Property 'getValidationSuccessRate' does not exist on type 'KnowledgeQualityManagementSystem'.
src/knowledge/knowledge-quality-management.ts(783,43): error TS2339: Property 'getAverageValidationTime' does not exist on type 'KnowledgeQualityManagementSystem'.
src/knowledge/knowledge-quality-management.ts(784,40): error TS2339: Property 'getValidationAccuracy' does not exist on type 'KnowledgeQualityManagementSystem'.
src/knowledge/knowledge-quality-management.ts(787,41): error TS2339: Property 'getOverallQualityScore' does not exist on type 'KnowledgeQualityManagementSystem'.
src/knowledge/knowledge-quality-management.ts(788,35): error TS2339: Property 'getQualityTrends' does not exist on type 'KnowledgeQualityManagementSystem'.
src/knowledge/knowledge-quality-management.ts(789,41): error TS2339: Property 'getIssueResolutionRate' does not exist on type 'KnowledgeQualityManagementSystem'.
src/knowledge/knowledge-quality-management.ts(790,46): error TS2339: Property 'getImprovementEffectiveness' does not exist on type 'KnowledgeQualityManagementSystem'.
src/knowledge/knowledge-quality-management.ts(794,39): error TS2339: Property 'getAverageReviewTime' does not exist on type 'KnowledgeQualityManagementSystem'.
src/knowledge/knowledge-quality-management.ts(795,42): error TS2339: Property 'getReviewerSatisfaction' does not exist on type 'KnowledgeQualityManagementSystem'.
src/knowledge/knowledge-quality-management.ts(796,35): error TS2339: Property 'getAverageReviewQuality' does not exist on type 'KnowledgeQualityManagementSystem'.
src/knowledge/knowledge-quality-management.ts(799,40): error TS2339: Property 'getKnowledgeFreshness' does not exist on type 'KnowledgeQualityManagementSystem'.
src/knowledge/knowledge-quality-management.ts(800,37): error TS2339: Property 'getUpdateFrequency' does not exist on type 'KnowledgeQualityManagementSystem'.
src/knowledge/knowledge-quality-management.ts(801,31): error TS2339: Property 'getDecayRate' does not exist on type 'KnowledgeQualityManagementSystem'.
src/knowledge/knowledge-quality-management.ts(802,39): error TS2339: Property 'getRefreshEfficiency' does not exist on type 'KnowledgeQualityManagementSystem'.
src/knowledge/knowledge-quality-management.ts(815,31): error TS2339: Property 'shutdown' does not exist on type 'PeerReviewSystem'.
src/knowledge/knowledge-quality-management.ts(816,30): error TS2339: Property 'shutdown' does not exist on type 'TemporalKnowledgeManager'.
src/knowledge/knowledge-quality-management.ts(817,31): error TS2339: Property 'shutdown' does not exist on type 'QualityAssuranceSystem'.
src/knowledge/knowledge-quality-management.ts(818,31): error TS2339: Property 'shutdown' does not exist on type 'ReputationSystem'.
src/knowledge/knowledge-quality-management.ts(859,15): error TS2304: Cannot find name 'ReputationConfig'.
src/knowledge/knowledge-quality-management.ts(860,15): error TS2304: Cannot find name 'ValidationConfig'.
src/knowledge/knowledge-quality-management.ts(861,21): error TS2304: Cannot find name 'QualityAssuranceConfig'.
src/knowledge/knowledge-quality-management.ts(862,23): error TS2304: Cannot find name 'TemporalManagementConfig'.
src/knowledge/knowledge-quality-management.ts(863,15): error TS2304: Cannot find name 'PeerReviewConfig'.
src/knowledge/knowledge-storage.ts(21,27): error TS2307: Cannot find module './knowledge-cache-backends/sqlite-backend' or its corresponding type declarations.
src/knowledge/knowledge-storage.ts(27,19): error TS2304: Cannot find name 'FACTStorageConfig'.
src/knowledge/knowledge-storage.ts(28,20): error TS2304: Cannot find name 'FACTStorageBackend'.
src/knowledge/knowledge-storage.ts(29,41): error TS2304: Cannot find name 'FACTKnowledgeEntry'.
src/knowledge/knowledge-storage.ts(40,31): error TS2304: Cannot find name 'FACTStorageConfig'.
src/knowledge/knowledge-storage.ts(81,17): error TS2304: Cannot find name 'FACTKnowledgeEntry'.
src/knowledge/knowledge-storage.ts(86,27): error TS2304: Cannot find name 'FACTKnowledgeEntry'.
src/knowledge/knowledge-storage.ts(114,43): error TS2304: Cannot find name 'FACTKnowledgeEntry'.
src/knowledge/knowledge-storage.ts(151,32): error TS2304: Cannot find name 'FACTSearchQuery'.
src/knowledge/knowledge-storage.ts(151,58): error TS2304: Cannot find name 'FACTKnowledgeEntry'.
src/knowledge/knowledge-storage.ts(173,36): error TS2304: Cannot find name 'FACTStorageStats'.
src/knowledge/knowledge-storage.ts(285,28): error TS2304: Cannot find name 'FACTStorageBackend'.
src/knowledge/knowledge-storage.ts(313,38): error TS2304: Cannot find name 'FACTKnowledgeEntry'.
src/knowledge/knowledge-storage.ts(322,31): error TS2304: Cannot find name 'FACTKnowledgeEntry'.
src/knowledge/knowledge-storage.ts(327,22): error TS2304: Cannot find name 'FACTKnowledgeEntry'.
src/knowledge/knowledge-swarm.ts(13,15): error TS2614: Module '"./knowledge-client"' has no exported member 'KnowledgeClient'. Did you mean to use 'import KnowledgeClient from "./knowledge-client"' instead?
src/knowledge/knowledge-swarm.ts(13,32): error TS2614: Module '"./knowledge-client"' has no exported member 'KnowledgeClientConfig'. Did you mean to use 'import KnowledgeClientConfig from "./knowledge-client"' instead?
src/knowledge/knowledge-swarm.ts(13,55): error TS2614: Module '"./knowledge-client"' has no exported member 'KnowledgeResult'. Did you mean to use 'import KnowledgeResult from "./knowledge-client"' instead?
src/knowledge/knowledge-swarm.ts(137,23): error TS2339: Property 'persistentStorage' does not exist on type 'KnowledgeSwarmConfig'.
src/knowledge/knowledge-swarm.ts(138,20): error TS2339: Property 'vectorDb' does not exist on type 'KnowledgeSwarm'.
src/knowledge/knowledge-swarm.ts(157,27): error TS2304: Cannot find name 'SwarmQuery'.
src/knowledge/knowledge-swarm.ts(157,48): error TS2304: Cannot find name 'SwarmResult'.
src/knowledge/knowledge-swarm.ts(171,23): error TS2339: Property 'persistentStorage' does not exist on type 'KnowledgeSwarmConfig'.
src/knowledge/knowledge-swarm.ts(182,26): error TS2304: Cannot find name 'SwarmResult'.
src/knowledge/knowledge-swarm.ts(208,74): error TS2304: Cannot find name 'SwarmResult'.
src/knowledge/knowledge-swarm.ts(209,18): error TS2304: Cannot find name 'SwarmQuery'.
src/knowledge/knowledge-swarm.ts(224,71): error TS2304: Cannot find name 'SwarmResult'.
src/knowledge/knowledge-swarm.ts(225,18): error TS2304: Cannot find name 'SwarmQuery'.
src/knowledge/knowledge-swarm.ts(240,68): error TS2304: Cannot find name 'SwarmResult'.
src/knowledge/knowledge-swarm.ts(241,18): error TS2304: Cannot find name 'SwarmQuery'.
src/knowledge/knowledge-swarm.ts(256,62): error TS2304: Cannot find name 'SwarmResult'.
src/knowledge/knowledge-swarm.ts(257,18): error TS2304: Cannot find name 'SwarmQuery'.
src/knowledge/knowledge-swarm.ts(272,76): error TS2304: Cannot find name 'SwarmResult'.
src/knowledge/knowledge-swarm.ts(273,18): error TS2304: Cannot find name 'SwarmQuery'.
src/knowledge/knowledge-swarm.ts(295,27): error TS2304: Cannot find name 'FACTConfig'.
src/knowledge/knowledge-swarm.ts(298,28): error TS2339: Property 'cacheConfig' does not exist on type 'KnowledgeSwarmConfig'.
src/knowledge/knowledge-swarm.ts(299,36): error TS2339: Property 'cacheConfig' does not exist on type 'KnowledgeSwarmConfig'.
src/knowledge/knowledge-swarm.ts(307,22): error TS2304: Cannot find name 'SwarmAgent'.
src/knowledge/knowledge-swarm.ts(327,44): error TS2304: Cannot find name 'SwarmQuery'.
src/knowledge/knowledge-swarm.ts(327,65): error TS2304: Cannot find name 'SwarmAgent'.
src/knowledge/knowledge-swarm.ts(345,41): error TS2304: Cannot find name 'SwarmAgent'.
src/knowledge/knowledge-swarm.ts(345,62): error TS2304: Cannot find name 'SwarmQuery'.
src/knowledge/knowledge-swarm.ts(345,75): error TS2304: Cannot find name 'SwarmAgent'.
src/knowledge/knowledge-swarm.ts(390,46): error TS2304: Cannot find name 'SwarmAgent'.
src/knowledge/knowledge-swarm.ts(390,67): error TS2304: Cannot find name 'SwarmQuery'.
src/knowledge/knowledge-swarm.ts(390,80): error TS2304: Cannot find name 'SwarmAgent'.
src/knowledge/knowledge-swarm.ts(407,41): error TS2304: Cannot find name 'SwarmAgent'.
src/knowledge/knowledge-swarm.ts(407,62): error TS2304: Cannot find name 'SwarmQuery'.
src/knowledge/knowledge-swarm.ts(407,75): error TS2304: Cannot find name 'SwarmAgent'.
src/knowledge/knowledge-swarm.ts(415,40): error TS2304: Cannot find name 'SwarmAgent'.
src/knowledge/knowledge-swarm.ts(415,62): error TS2304: Cannot find name 'SwarmQuery'.
src/knowledge/knowledge-swarm.ts(415,75): error TS2304: Cannot find name 'SwarmAgent'.
src/knowledge/knowledge-swarm.ts(424,12): error TS2304: Cannot find name 'SwarmQuery'.
src/knowledge/knowledge-swarm.ts(425,13): error TS2304: Cannot find name 'SwarmAgent'.
src/knowledge/knowledge-swarm.ts(426,14): error TS2304: Cannot find name 'FACTResult'.
src/knowledge/knowledge-swarm.ts(461,52): error TS2304: Cannot find name 'FACTResult'.
src/knowledge/knowledge-swarm.ts(469,45): error TS2304: Cannot find name 'FACTResult'.
src/knowledge/knowledge-swarm.ts(499,39): error TS2304: Cannot find name 'FACTResult'.
src/knowledge/knowledge-swarm.ts(499,54): error TS2304: Cannot find name 'FACTResult'.
src/knowledge/knowledge-swarm.ts(501,19): error TS2304: Cannot find name 'FACTResult'.
src/knowledge/knowledge-swarm.ts(533,39): error TS2304: Cannot find name 'SwarmQuery'.
src/knowledge/knowledge-swarm.ts(533,60): error TS2304: Cannot find name 'FACTResult'.
src/knowledge/knowledge-swarm.ts(551,18): error TS2339: Property 'vectorDb' does not exist on type 'KnowledgeSwarm'.
src/knowledge/knowledge-swarm.ts(560,41): error TS2304: Cannot find name 'SwarmAgent'.
src/knowledge/knowledge-swarm.ts(560,64): error TS2304: Cannot find name 'FACTResult'.
src/knowledge/knowledge-swarm.ts(581,40): error TS2304: Cannot find name 'FACTResult'.
src/knowledge/knowledge-swarm.ts(611,39): error TS2304: Cannot find name 'FACTResult'.
src/knowledge/knowledge-swarm.ts(636,18): error TS2339: Property 'vectorDb' does not exist on type 'KnowledgeSwarm'.
src/knowledge/knowledge-swarm.ts(681,13): error TS2339: Property 'factInstance' does not exist on type 'KnowledgeAgent'.
src/knowledge/knowledge-swarm.ts(697,22): error TS2304: Cannot find name 'FACTSwarmSystem'.
src/knowledge/knowledge-swarm.ts(703,11): error TS2304: Cannot find name 'FACTSwarmConfig'.
src/knowledge/knowledge-swarm.ts(704,13): error TS2304: Cannot find name 'LanceDBInterface'.
src/knowledge/knowledge-swarm.ts(705,12): error TS2304: Cannot find name 'FACTSwarmSystem'.
src/knowledge/knowledge-swarm.ts(710,25): error TS2304: Cannot find name 'FACTSwarmSystem'.
src/knowledge/knowledge-swarm.ts(719,33): error TS2304: Cannot find name 'FACTSwarmSystem'.
src/knowledge/performance-optimization-system.ts(24,23): error TS2304: Cannot find name 'ConsistencyManager'.
src/knowledge/performance-optimization-system.ts(31,13): error TS2304: Cannot find name 'CacheIndexing'.
src/knowledge/performance-optimization-system.ts(32,12): error TS2304: Cannot find name 'CacheMetrics'.
src/knowledge/performance-optimization-system.ts(33,18): error TS2304: Cannot find name 'CacheConfiguration'.
src/knowledge/performance-optimization-system.ts(37,15): error TS2304: Cannot find name 'LocalCacheStorage'.
src/knowledge/performance-optimization-system.ts(38,21): error TS2304: Cannot find name 'DistributedCacheStorage'.
src/knowledge/performance-optimization-system.ts(39,20): error TS2304: Cannot find name 'PersistentCacheStorage'.
src/knowledge/performance-optimization-system.ts(40,22): error TS2304: Cannot find name 'HierarchicalCacheStorage'.
src/knowledge/performance-optimization-system.ts(47,18): error TS2304: Cannot find name 'AccessPattern'.
src/knowledge/performance-optimization-system.ts(48,12): error TS2304: Cannot find name 'CacheQuality'.
src/knowledge/performance-optimization-system.ts(49,17): error TS2304: Cannot find name 'CacheDependency'.
src/knowledge/performance-optimization-system.ts(58,13): error TS2304: Cannot find name 'CachePriority'.
src/knowledge/performance-optimization-system.ts(65,20): error TS2304: Cannot find name 'PolicySelector'.
src/knowledge/performance-optimization-system.ts(66,21): error TS2304: Cannot find name 'AdaptiveEvictionEngine'.
src/knowledge/performance-optimization-system.ts(67,23): error TS2304: Cannot find name 'EvictionPerformanceTracker'.
src/knowledge/performance-optimization-system.ts(73,23): error TS2304: Cannot find name 'ConflictResolutionStrategy'.
src/knowledge/performance-optimization-system.ts(74,17): error TS2304: Cannot find name 'SynchronizationProtocol'.
src/knowledge/performance-optimization-system.ts(75,21): error TS2304: Cannot find name 'ReplicationHealthMonitor'.
src/knowledge/performance-optimization-system.ts(79,21): error TS2304: Cannot find name 'PredictionModel'.
src/knowledge/performance-optimization-system.ts(80,26): error TS2304: Cannot find name 'PrefetchingStrategy'.
src/knowledge/performance-optimization-system.ts(81,21): error TS2304: Cannot find name 'WorkloadAnalyzer'.
src/knowledge/performance-optimization-system.ts(82,22): error TS2304: Cannot find name 'PrefetchScheduler'.
src/knowledge/performance-optimization-system.ts(83,24): error TS2304: Cannot find name 'CostBenefitAnalyzer'.
src/knowledge/performance-optimization-system.ts(133,23): error TS2304: Cannot find name 'AlgorithmSelector'.
src/knowledge/performance-optimization-system.ts(134,24): error TS2304: Cannot find name 'AdaptiveCompressionEngine'.
src/knowledge/performance-optimization-system.ts(135,25): error TS2304: Cannot find name 'CompressionOptimizer'.
src/knowledge/performance-optimization-system.ts(141,18): error TS2304: Cannot find name 'CompressionConfig'.
src/knowledge/performance-optimization-system.ts(142,16): error TS2304: Cannot find name 'CompressionPerformance'.
src/knowledge/performance-optimization-system.ts(143,18): error TS2304: Cannot find name 'CompressionApplicability'.
src/knowledge/performance-optimization-system.ts(147,21): error TS2304: Cannot find name 'DeltaComputationEngine'.
src/knowledge/performance-optimization-system.ts(149,20): error TS2304: Cannot find name 'ChangeDetectionSystem'.
src/knowledge/performance-optimization-system.ts(150,25): error TS2304: Cannot find name 'ReconstructionEngine'.
src/knowledge/performance-optimization-system.ts(151,22): error TS2304: Cannot find name 'DeltaVersionManager'.
src/knowledge/performance-optimization-system.ts(155,35): error TS2304: Cannot find name 'BatchingStrategy'.
src/knowledge/performance-optimization-system.ts(156,19): error TS2304: Cannot find name 'BatchOptimizer'.
src/knowledge/performance-optimization-system.ts(157,21): error TS2304: Cannot find name 'AggregationRule'.
src/knowledge/performance-optimization-system.ts(158,19): error TS2304: Cannot find name 'BatchScheduler'.
src/knowledge/performance-optimization-system.ts(159,23): error TS2304: Cannot find name 'BatchingPerformanceTracker'.
src/knowledge/performance-optimization-system.ts(164,21): error TS2304: Cannot find name 'StreamAdaptationEngine'.
src/knowledge/performance-optimization-system.ts(165,22): error TS2304: Cannot find name 'StreamQualityManager'.
src/knowledge/performance-optimization-system.ts(166,22): error TS2304: Cannot find name 'BufferingStrategy'.
src/knowledge/performance-optimization-system.ts(167,16): error TS2304: Cannot find name 'FlowControlManager'.
src/knowledge/performance-optimization-system.ts(171,31): error TS2304: Cannot find name 'PriorityQueue'.
src/knowledge/performance-optimization-system.ts(172,23): error TS2304: Cannot find name 'PriorityCalculator'.
src/knowledge/performance-optimization-system.ts(173,20): error TS2304: Cannot find name 'QueueManager'.
src/knowledge/performance-optimization-system.ts(174,23): error TS2304: Cannot find name 'FairnessController'.
src/knowledge/performance-optimization-system.ts(175,23): error TS2304: Cannot find name 'QueuePerformanceMonitor'.
src/knowledge/performance-optimization-system.ts(210,24): error TS2304: Cannot find name 'FairnessEnforcementSystem'.
src/knowledge/performance-optimization-system.ts(215,21): error TS2304: Cannot find name 'WeightingScheme'.
src/knowledge/performance-optimization-system.ts(216,26): error TS2304: Cannot find name 'PriorityAlgorithm'.
src/knowledge/performance-optimization-system.ts(217,27): error TS2304: Cannot find name 'AdaptivePrioritizationEngine'.
src/knowledge/performance-optimization-system.ts(218,29): error TS2304: Cannot find name 'ContextualPrioritizationSystem'.
src/knowledge/performance-optimization-system.ts(222,23): error TS2304: Cannot find name 'PriorityAdjustmentEngine'.
src/knowledge/performance-optimization-system.ts(223,27): error TS2304: Cannot find name 'TemporalPrioritizationSystem'.
src/knowledge/performance-optimization-system.ts(224,28): error TS2304: Cannot find name 'LoadBasedPrioritizationEngine'.
src/knowledge/performance-optimization-system.ts(225,28): error TS2304: Cannot find name 'UserFeedbackIntegrator'.
src/knowledge/performance-optimization-system.ts(226,28): error TS2304: Cannot find name 'EmergencyPrioritizationHandler'.
src/knowledge/performance-optimization-system.ts(231,30): error TS2304: Cannot find name 'ResourcePool'.
src/knowledge/performance-optimization-system.ts(232,25): error TS2304: Cannot find name 'UtilizationOptimizer'.
src/knowledge/performance-optimization-system.ts(233,21): error TS2304: Cannot find name 'CapacityPlanningEngine'.
src/knowledge/performance-optimization-system.ts(234,19): error TS2304: Cannot find name 'ElasticScalingManager'.
src/knowledge/performance-optimization-system.ts(238,19): error TS2304: Cannot find name 'ServiceClass'.
src/knowledge/performance-optimization-system.ts(239,18): error TS2304: Cannot find name 'SLAManager'.
src/knowledge/performance-optimization-system.ts(240,26): error TS2304: Cannot find name 'PerformanceGuarantee'.
src/knowledge/performance-optimization-system.ts(241,23): error TS2304: Cannot find name 'ViolationDetectionSystem'.
src/knowledge/performance-optimization-system.ts(242,20): error TS2304: Cannot find name 'RemedialActionEngine'.
src/knowledge/performance-optimization-system.ts(270,22): error TS2304: Cannot find name 'AdaptiveBalancingEngine'.
src/knowledge/performance-optimization-system.ts(276,17): error TS2304: Cannot find name 'HealthStatus'.
src/knowledge/performance-optimization-system.ts(277,23): error TS2304: Cannot find name 'LoadBalancerMetrics'.
src/knowledge/performance-optimization-system.ts(278,18): error TS2304: Cannot find name 'LoadBalancerConfig'.
src/knowledge/performance-optimization-system.ts(284,18): error TS2304: Cannot find name 'BalancingApplicability'.
src/knowledge/performance-optimization-system.ts(285,16): error TS2304: Cannot find name 'BalancingPerformance'.
src/knowledge/performance-optimization-system.ts(286,17): error TS2304: Cannot find name 'AdaptabilityConfig'.
src/knowledge/performance-optimization-system.ts(290,31): error TS2304: Cannot find name 'HealthChecker'.
src/knowledge/performance-optimization-system.ts(291,22): error TS2304: Cannot find name 'HealthCheckProtocol'.
src/knowledge/performance-optimization-system.ts(292,21): error TS2304: Cannot find name 'FailureDetectionSystem'.
src/knowledge/performance-optimization-system.ts(293,23): error TS2304: Cannot find name 'RecoveryManager'.
src/knowledge/performance-optimization-system.ts(294,19): error TS2304: Cannot find name 'HealthAlertingSystem'.
src/knowledge/performance-optimization-system.ts(298,20): error TS2304: Cannot find name 'TrafficShapingPolicy'.
src/knowledge/performance-optimization-system.ts(299,17): error TS2304: Cannot find name 'RateLimitingSystem'.
src/knowledge/performance-optimization-system.ts(300,22): error TS2304: Cannot find name 'CongestionControlSystem'.
src/knowledge/performance-optimization-system.ts(301,20): error TS2304: Cannot find name 'AdaptiveShapingEngine'.
src/knowledge/performance-optimization-system.ts(302,23): error TS2304: Cannot find name 'FlowClassificationSystem'.
src/knowledge/performance-optimization-system.ts(330,20): error TS2304: Cannot find name 'DashboardSystem'.
src/knowledge/performance-optimization-system.ts(334,27): error TS2304: Cannot find name 'MetricsCollector'.
src/knowledge/performance-optimization-system.ts(335,21): error TS2304: Cannot find name 'MetricsAggregationRule'.
src/knowledge/performance-optimization-system.ts(336,23): error TS2304: Cannot find name 'SamplingStrategy'.
src/knowledge/performance-optimization-system.ts(337,18): error TS2304: Cannot find name 'MetricsStorageSystem'.
src/knowledge/performance-optimization-system.ts(338,22): error TS2304: Cannot find name 'RetentionPolicy'.
src/knowledge/performance-optimization-system.ts(342,20): error TS2304: Cannot find name 'AnalyticsModel'.
src/knowledge/performance-optimization-system.ts(343,18): error TS2304: Cannot find name 'TrendAnalysisEngine'.
src/knowledge/performance-optimization-system.ts(344,23): error TS2304: Cannot find name 'PatternRecognitionSystem'.
src/knowledge/performance-optimization-system.ts(345,24): error TS2304: Cannot find name 'PredictiveAnalyticsEngine'.
src/knowledge/performance-optimization-system.ts(346,21): error TS2304: Cannot find name 'ReportGenerationSystem'.
src/knowledge/performance-optimization-system.ts(351,23): error TS2304: Cannot find name 'BaselineManager'.
src/knowledge/performance-optimization-system.ts(352,24): error TS2304: Cannot find name 'ThresholdManager'.
src/knowledge/performance-optimization-system.ts(353,24): error TS2304: Cannot find name 'CorrelationAnalysisEngine'.
src/knowledge/performance-optimization-system.ts(354,22): error TS2304: Cannot find name 'RootCauseAnalysisSystem'.
src/knowledge/performance-optimization-system.ts(358,15): error TS2304: Cannot find name 'AlertRule'.
src/knowledge/performance-optimization-system.ts(359,25): error TS2304: Cannot find name 'NotificationChannel'.
src/knowledge/performance-optimization-system.ts(360,23): error TS2304: Cannot find name 'EscalationPolicy'.
src/knowledge/performance-optimization-system.ts(361,21): error TS2304: Cannot find name 'AlertCorrelationEngine'.
src/knowledge/performance-optimization-system.ts(362,21): error TS2304: Cannot find name 'SuppressionRule'.
src/knowledge/performance-optimization-system.ts(399,48): error TS2304: Cannot find name 'PerformanceMetric'.
src/knowledge/performance-optimization-system.ts(400,47): error TS2304: Cannot find name 'OptimizationRule'.
src/knowledge/performance-optimization-system.ts(401,43): error TS2304: Cannot find name 'ResourcePool'.
src/knowledge/performance-optimization-system.ts(402,49): error TS2304: Cannot find name 'ActiveOptimization'.
src/knowledge/performance-optimization-system.ts(417,30): error TS2693: 'IntelligentCachingEngine' only refers to a type, but is being used as a value here.
src/knowledge/performance-optimization-system.ts(423,38): error TS2304: Cannot find name 'BandwidthOptimizationEngine'.
src/knowledge/performance-optimization-system.ts(429,35): error TS2304: Cannot find name 'PriorityManagementEngine'.
src/knowledge/performance-optimization-system.ts(435,30): error TS2304: Cannot find name 'LoadBalancingEngine'.
src/knowledge/performance-optimization-system.ts(441,27): error TS2304: Cannot find name 'RealTimeMonitoringEngine'.
src/knowledge/performance-optimization-system.ts(455,21): error TS2339: Property 'on' does not exist on type 'RealTimeMonitoringSystem'.
src/knowledge/performance-optimization-system.ts(456,18): error TS2339: Property 'applyPerformanceOptimizations' does not exist on type 'PerformanceOptimizationSystem'.
src/knowledge/performance-optimization-system.ts(461,24): error TS2339: Property 'on' does not exist on type 'IntelligentCachingSystem'.
src/knowledge/performance-optimization-system.ts(462,40): error TS2339: Property 'optimizeTransfer' does not exist on type 'BandwidthOptimizationSystem'.
src/knowledge/performance-optimization-system.ts(467,29): error TS2339: Property 'on' does not exist on type 'PriorityManagementSystem'.
src/knowledge/performance-optimization-system.ts(468,32): error TS2339: Property 'adjustLoadDistribution' does not exist on type 'LoadBalancingSystem'.
src/knowledge/performance-optimization-system.ts(473,24): error TS2339: Property 'on' does not exist on type 'LoadBalancingSystem'.
src/knowledge/performance-optimization-system.ts(474,29): error TS2339: Property 'trackLoadImbalance' does not exist on type 'RealTimeMonitoringSystem'.
src/knowledge/performance-optimization-system.ts(479,32): error TS2339: Property 'on' does not exist on type 'BandwidthOptimizationSystem'.
src/knowledge/performance-optimization-system.ts(480,32): error TS2339: Property 'updateCacheStrategy' does not exist on type 'IntelligentCachingSystem'.
src/knowledge/performance-optimization-system.ts(501,21): error TS2339: Property 'createOptimizedResponse' does not exist on type 'PerformanceOptimizationSystem'.
src/knowledge/performance-optimization-system.ts(511,43): error TS2551: Property 'applyBandwidthOptimization' does not exist on type 'PerformanceOptimizationSystem'. Did you mean 'bandwidthOptimization'?
src/knowledge/performance-optimization-system.ts(514,40): error TS2339: Property 'routeThroughLoadBalancer' does not exist on type 'PerformanceOptimizationSystem'.
src/knowledge/performance-optimization-system.ts(517,44): error TS2339: Property 'processWithMonitoring' does not exist on type 'PerformanceOptimizationSystem'.
src/knowledge/performance-optimization-system.ts(520,18): error TS2339: Property 'cacheProcessedResult' does not exist on type 'PerformanceOptimizationSystem'.
src/knowledge/performance-optimization-system.ts(523,44): error TS2339: Property 'applyPostProcessingOptimizations' does not exist on type 'PerformanceOptimizationSystem'.
src/knowledge/performance-optimization-system.ts(533,40): error TS2339: Property 'getCompressionRatio' does not exist on type 'PerformanceOptimizationSystem'.
src/knowledge/performance-optimization-system.ts(536,38): error TS2339: Property 'getBandwidthSavings' does not exist on type 'PerformanceOptimizationSystem'.
src/knowledge/performance-optimization-system.ts(537,43): error TS2339: Property 'getResourceUtilization' does not exist on type 'PerformanceOptimizationSystem'.
src/knowledge/performance-optimization-system.ts(539,40): error TS2339: Property 'getRequestPerformanceMetrics' does not exist on type 'PerformanceOptimizationSystem'.
src/knowledge/performance-optimization-system.ts(573,47): error TS2339: Property 'analyzeDistributionPatterns' does not exist on type 'PerformanceOptimizationSystem'.
src/knowledge/performance-optimization-system.ts(576,42): error TS2339: Property 'selectSharingStrategy' does not exist on type 'PerformanceOptimizationSystem'.
src/knowledge/performance-optimization-system.ts(582,43): error TS2339: Property 'optimizeContentForSharing' does not exist on type 'PerformanceOptimizationSystem'.
src/knowledge/performance-optimization-system.ts(588,46): error TS2339: Property 'optimizeRoutingAndBatching' does not exist on type 'PerformanceOptimizationSystem'.
src/knowledge/performance-optimization-system.ts(594,48): error TS2339: Property 'applyAdaptiveStreaming' does not exist on type 'PerformanceOptimizationSystem'.
src/knowledge/performance-optimization-system.ts(600,41): error TS2339: Property 'executeOptimizedSharing' does not exist on type 'PerformanceOptimizationSystem'.
src/knowledge/performance-optimization-system.ts(603,44): error TS2339: Property 'monitorSharingPerformance' does not exist on type 'PerformanceOptimizationSystem'.
src/knowledge/performance-optimization-system.ts(611,42): error TS2339: Property 'calculateBandwidthReduction' does not exist on type 'PerformanceOptimizationSystem'.
src/knowledge/performance-optimization-system.ts(615,42): error TS2339: Property 'calculateLatencyImprovement' does not exist on type 'PerformanceOptimizationSystem'.
src/knowledge/performance-optimization-system.ts(616,42): error TS2339: Property 'calculateThroughputIncrease' does not exist on type 'PerformanceOptimizationSystem'.
src/knowledge/performance-optimization-system.ts(617,42): error TS2339: Property 'calculateResourceEfficiency' does not exist on type 'PerformanceOptimizationSystem'.
src/knowledge/performance-optimization-system.ts(643,40): error TS2339: Property 'analyzeCachePerformance' does not exist on type 'PerformanceOptimizationSystem'.
src/knowledge/performance-optimization-system.ts(646,52): error TS2339: Property 'identifyCacheOptimizations' does not exist on type 'PerformanceOptimizationSystem'.
src/knowledge/performance-optimization-system.ts(650,61): error TS2339: Property 'applyCacheOptimization' does not exist on type 'PerformanceOptimizationSystem'.
src/knowledge/performance-optimization-system.ts(654,42): error TS2339: Property 'updateEvictionPolicies' does not exist on type 'PerformanceOptimizationSystem'.
src/knowledge/performance-optimization-system.ts(660,51): error TS2339: Property 'optimizePrefetchingStrategies' does not exist on type 'PerformanceOptimizationSystem'.
src/knowledge/performance-optimization-system.ts(663,51): error TS2339: Property 'optimizeReplicationStrategies' does not exist on type 'PerformanceOptimizationSystem'.
src/knowledge/performance-optimization-system.ts(673,42): error TS2339: Property 'calculateHitRateImprovement' does not exist on type 'PerformanceOptimizationSystem'.
src/knowledge/performance-optimization-system.ts(677,40): error TS2339: Property 'calculateLatencyReduction' does not exist on type 'PerformanceOptimizationSystem'.
src/knowledge/performance-optimization-system.ts(681,40): error TS2339: Property 'calculateMemoryEfficiency' does not exist on type 'PerformanceOptimizationSystem'.
src/knowledge/performance-optimization-system.ts(685,40): error TS2339: Property 'calculateNetworkReduction' does not exist on type 'PerformanceOptimizationSystem'.
src/knowledge/performance-optimization-system.ts(708,29): error TS2339: Property 'getCacheHitRate' does not exist on type 'PerformanceOptimizationSystem'.
src/knowledge/performance-optimization-system.ts(709,30): error TS2339: Property 'getCacheMissRate' does not exist on type 'PerformanceOptimizationSystem'.
src/knowledge/performance-optimization-system.ts(710,34): error TS2339: Property 'getCacheEvictionRate' does not exist on type 'PerformanceOptimizationSystem'.
src/knowledge/performance-optimization-system.ts(711,39): error TS2339: Property 'getCacheMemoryUtilization' does not exist on type 'PerformanceOptimizationSystem'.
src/knowledge/performance-optimization-system.ts(712,36): error TS2339: Property 'getCacheAverageLatency' does not exist on type 'PerformanceOptimizationSystem'.
src/knowledge/performance-optimization-system.ts(715,38): error TS2339: Property 'getAverageCompressionRatio' does not exist on type 'PerformanceOptimizationSystem'.
src/knowledge/performance-optimization-system.ts(716,38): error TS2339: Property 'getTotalBandwidthSavings' does not exist on type 'PerformanceOptimizationSystem'.
src/knowledge/performance-optimization-system.ts(717,40): error TS2339: Property 'getTransferEfficiency' does not exist on type 'PerformanceOptimizationSystem'.
src/knowledge/performance-optimization-system.ts(718,50): error TS2339: Property 'getStreamingUtilization' does not exist on type 'PerformanceOptimizationSystem'.
src/knowledge/performance-optimization-system.ts(721,41): error TS2339: Property 'getAverageResponseTime' does not exist on type 'PerformanceOptimizationSystem'.
src/knowledge/performance-optimization-system.ts(722,42): error TS2339: Property 'getPriorityDistribution' does not exist on type 'PerformanceOptimizationSystem'.
src/knowledge/performance-optimization-system.ts(723,35): error TS2339: Property 'getQoSViolations' does not exist on type 'PerformanceOptimizationSystem'.
src/knowledge/performance-optimization-system.ts(724,35): error TS2339: Property 'getFairnessIndex' does not exist on type 'PerformanceOptimizationSystem'.
src/knowledge/performance-optimization-system.ts(727,38): error TS2339: Property 'getLoadDistribution' does not exist on type 'PerformanceOptimizationSystem'.
src/knowledge/performance-optimization-system.ts(728,34): error TS2339: Property 'getHealthyNodeCount' does not exist on type 'PerformanceOptimizationSystem'.
src/knowledge/performance-optimization-system.ts(729,40): error TS2339: Property 'getAverageUtilization' does not exist on type 'PerformanceOptimizationSystem'.
src/knowledge/performance-optimization-system.ts(730,34): error TS2339: Property 'getFailoverRate' does not exist on type 'PerformanceOptimizationSystem'.
src/knowledge/performance-optimization-system.ts(733,43): error TS2339: Property 'getMetricsCollectionRate' does not exist on type 'PerformanceOptimizationSystem'.
src/knowledge/performance-optimization-system.ts(734,39): error TS2339: Property 'getAnomaliesDetected' does not exist on type 'PerformanceOptimizationSystem'.
src/knowledge/performance-optimization-system.ts(735,37): error TS2339: Property 'getAlertsGenerated' does not exist on type 'PerformanceOptimizationSystem'.
src/knowledge/performance-optimization-system.ts(736,34): error TS2339: Property 'getSystemHealth' does not exist on type 'PerformanceOptimizationSystem'.
src/knowledge/performance-optimization-system.ts(740,45): error TS2339: Property 'getAverageOptimizationGain' does not exist on type 'PerformanceOptimizationSystem'.
src/knowledge/performance-optimization-system.ts(741,40): error TS2339: Property 'getOverallResourceEfficiency' does not exist on type 'PerformanceOptimizationSystem'.
src/knowledge/performance-optimization-system.ts(742,43): error TS2339: Property 'getUserSatisfactionScore' does not exist on type 'PerformanceOptimizationSystem'.
src/knowledge/performance-optimization-system.ts(755,25): error TS2339: Property 'shutdown' does not exist on type 'RealTimeMonitoringSystem'.
src/knowledge/performance-optimization-system.ts(756,28): error TS2339: Property 'shutdown' does not exist on type 'LoadBalancingSystem'.
src/knowledge/performance-optimization-system.ts(757,33): error TS2339: Property 'shutdown' does not exist on type 'PriorityManagementSystem'.
src/knowledge/performance-optimization-system.ts(758,36): error TS2339: Property 'shutdown' does not exist on type 'BandwidthOptimizationSystem'.
src/knowledge/performance-optimization-system.ts(759,28): error TS2339: Property 'shutdown' does not exist on type 'IntelligentCachingSystem'.
src/knowledge/performance-optimization-system.ts(802,12): error TS2304: Cannot find name 'CachingConfig'.
src/knowledge/performance-optimization-system.ts(803,14): error TS2304: Cannot find name 'BandwidthConfig'.
src/knowledge/performance-optimization-system.ts(804,13): error TS2304: Cannot find name 'PriorityConfig'.
src/knowledge/performance-optimization-system.ts(805,18): error TS2304: Cannot find name 'LoadBalancingConfig'.
src/knowledge/performance-optimization-system.ts(806,15): error TS2304: Cannot find name 'MonitoringConfig'.
src/knowledge/project-context-analyzer.ts(23,31): error TS2724: '"./knowledge-swarm"' has no exported member named 'KnowledgeSwarmConfig'. Did you mean 'KnowledgeSwarm'?
src/knowledge/storage-backends/sqlite-backend.ts(15,8): error TS2307: Cannot find module '../fact-storage-interface' or its corresponding type declarations.
src/knowledge/test-monorepo-detection.ts(10,47): error TS2345: Argument of type '{ projectRoot: string; swarmConfig: { name: string; type: string; maxAgents: number; }; analysisDepth: "shallow"; autoUpdate: false; cacheDuration: number; }' is not assignable to parameter of type 'ProjectAnalyzerConfig'.
  Property 'priorityThresholds' is missing in type '{ projectRoot: string; swarmConfig: { name: string; type: string; maxAgents: number; }; analysisDepth: "shallow"; autoUpdate: false; cacheDuration: number; }' but required in type 'ProjectAnalyzerConfig'.
src/memory/controllers/memory-controller.ts(9,10): error TS2305: Module '"../../di/decorators/injectable"' has no exported member 'Inject'.
src/memory/controllers/memory-controller.ts(9,18): error TS2724: '"../../di/decorators/injectable"' has no exported member named 'Injectable'. Did you mean 'injectable'?
src/memory/controllers/memory-controller.ts(147,12): error TS2551: Property 'logger' does not exist on type 'MemoryController'. Did you mean '_logger'?
src/memory/controllers/memory-controller.ts(159,25): error TS2551: Property 'config' does not exist on type 'MemoryController'. Did you mean '_config'?
src/memory/controllers/memory-controller.ts(162,24): error TS2551: Property 'config' does not exist on type 'MemoryController'. Did you mean '_config'?
src/memory/controllers/memory-controller.ts(163,27): error TS2551: Property 'config' does not exist on type 'MemoryController'. Did you mean '_config'?
src/memory/controllers/memory-controller.ts(164,23): error TS2551: Property 'config' does not exist on type 'MemoryController'. Did you mean '_config'?
src/memory/controllers/memory-controller.ts(165,31): error TS2551: Property 'config' does not exist on type 'MemoryController'. Did you mean '_config'?
src/memory/controllers/memory-controller.ts(172,25): error TS2551: Property 'config' does not exist on type 'MemoryController'. Did you mean '_config'?
src/memory/controllers/memory-controller.ts(178,12): error TS2551: Property 'logger' does not exist on type 'MemoryController'. Did you mean '_logger'?
src/memory/controllers/memory-controller.ts(187,25): error TS2551: Property 'config' does not exist on type 'MemoryController'. Did you mean '_config'?
src/memory/controllers/memory-controller.ts(201,12): error TS2551: Property 'logger' does not exist on type 'MemoryController'. Did you mean '_logger'?
src/memory/controllers/memory-controller.ts(220,12): error TS2551: Property 'logger' does not exist on type 'MemoryController'. Did you mean '_logger'?
src/memory/controllers/memory-controller.ts(234,25): error TS2551: Property 'config' does not exist on type 'MemoryController'. Did you mean '_config'?
src/memory/controllers/memory-controller.ts(240,12): error TS2551: Property 'logger' does not exist on type 'MemoryController'. Did you mean '_logger'?
src/memory/controllers/memory-controller.ts(249,25): error TS2551: Property 'config' does not exist on type 'MemoryController'. Did you mean '_config'?
src/memory/controllers/memory-controller.ts(263,12): error TS2551: Property 'logger' does not exist on type 'MemoryController'. Did you mean '_logger'?
src/memory/controllers/memory-controller.ts(276,12): error TS2551: Property 'logger' does not exist on type 'MemoryController'. Did you mean '_logger'?
src/memory/controllers/memory-controller.ts(291,25): error TS2551: Property 'config' does not exist on type 'MemoryController'. Did you mean '_config'?
src/memory/controllers/memory-controller.ts(297,12): error TS2551: Property 'logger' does not exist on type 'MemoryController'. Did you mean '_logger'?
src/memory/controllers/memory-controller.ts(306,25): error TS2551: Property 'config' does not exist on type 'MemoryController'. Did you mean '_config'?
src/memory/controllers/memory-controller.ts(320,12): error TS2551: Property 'logger' does not exist on type 'MemoryController'. Did you mean '_logger'?
src/memory/controllers/memory-controller.ts(332,12): error TS2551: Property 'logger' does not exist on type 'MemoryController'. Did you mean '_logger'?
src/memory/controllers/memory-controller.ts(344,25): error TS2551: Property 'config' does not exist on type 'MemoryController'. Did you mean '_config'?
src/memory/controllers/memory-controller.ts(350,12): error TS2551: Property 'logger' does not exist on type 'MemoryController'. Did you mean '_logger'?
src/memory/controllers/memory-controller.ts(359,25): error TS2551: Property 'config' does not exist on type 'MemoryController'. Did you mean '_config'?
src/memory/controllers/memory-controller.ts(373,12): error TS2551: Property 'logger' does not exist on type 'MemoryController'. Did you mean '_logger'?
src/memory/controllers/memory-controller.ts(380,12): error TS2551: Property 'logger' does not exist on type 'MemoryController'. Did you mean '_logger'?
src/memory/controllers/memory-controller.ts(392,25): error TS2551: Property 'config' does not exist on type 'MemoryController'. Did you mean '_config'?
src/memory/controllers/memory-controller.ts(398,12): error TS2551: Property 'logger' does not exist on type 'MemoryController'. Did you mean '_logger'?
src/memory/controllers/memory-controller.ts(407,25): error TS2551: Property 'config' does not exist on type 'MemoryController'. Did you mean '_config'?
src/memory/controllers/memory-controller.ts(421,12): error TS2551: Property 'logger' does not exist on type 'MemoryController'. Did you mean '_logger'?
src/memory/controllers/memory-controller.ts(481,12): error TS2551: Property 'logger' does not exist on type 'MemoryController'. Did you mean '_logger'?
src/memory/controllers/memory-controller.ts(497,25): error TS2551: Property 'config' does not exist on type 'MemoryController'. Did you mean '_config'?
src/memory/controllers/memory-controller.ts(503,12): error TS2551: Property 'logger' does not exist on type 'MemoryController'. Did you mean '_logger'?
src/memory/controllers/memory-controller.ts(512,25): error TS2551: Property 'config' does not exist on type 'MemoryController'. Did you mean '_config'?
src/memory/controllers/memory-controller.ts(526,12): error TS2551: Property 'logger' does not exist on type 'MemoryController'. Did you mean '_logger'?
src/memory/controllers/memory-controller.ts(533,23): error TS2551: Property 'config' does not exist on type 'MemoryController'. Did you mean '_config'?
src/memory/controllers/memory-controller.ts(553,27): error TS2551: Property 'config' does not exist on type 'MemoryController'. Did you mean '_config'?
src/memory/controllers/memory-controller.ts(554,36): error TS2551: Property 'config' does not exist on type 'MemoryController'. Did you mean '_config'?
src/memory/controllers/memory-controller.ts(554,66): error TS2551: Property 'config' does not exist on type 'MemoryController'. Did you mean '_config'?
src/memory/controllers/memory-controller.ts(573,25): error TS2551: Property 'config' does not exist on type 'MemoryController'. Did you mean '_config'?
src/memory/controllers/memory-controller.ts(579,12): error TS2551: Property 'logger' does not exist on type 'MemoryController'. Did you mean '_logger'?
src/memory/controllers/memory-controller.ts(588,25): error TS2551: Property 'config' does not exist on type 'MemoryController'. Did you mean '_config'?
src/memory/controllers/memory-controller.ts(599,27): error TS2551: Property 'factory' does not exist on type 'MemoryController'. Did you mean '_factory'?
src/memory/controllers/memory-controller.ts(599,55): error TS2551: Property 'config' does not exist on type 'MemoryController'. Did you mean '_config'?
src/memory/controllers/memory-controller.ts(600,12): error TS2551: Property 'logger' does not exist on type 'MemoryController'. Did you mean '_logger'?
src/memory/controllers/memory-controller.ts(600,67): error TS2551: Property 'config' does not exist on type 'MemoryController'. Did you mean '_config'?
src/memory/controllers/memory-controller.ts(602,12): error TS2551: Property 'logger' does not exist on type 'MemoryController'. Did you mean '_logger'?
src/memory/controllers/memory-controller.ts(624,26): error TS2339: Property 'originalSize' does not exist on type '{ storedAt: number; ttl: number; compressed: boolean; }'.
src/memory/index.ts(66,20): error TS2304: Cannot find name 'MemoryCoordinationConfig'.
src/memory/index.ts(67,20): error TS2304: Cannot find name 'OptimizationConfig'.
src/memory/index.ts(68,18): error TS2304: Cannot find name 'MonitoringConfig'.
src/memory/index.ts(92,40): error TS2339: Property 'createBackend' does not exist on type 'typeof BackendFactory'.
src/memory/mcp/memory-tools.ts(171,42): error TS2339: Property 'createBackend' does not exist on type 'typeof BackendFactory'.
src/memory/mcp/memory-tools.ts(362,32): error TS2339: Property 'coordinator' does not exist on type '{}'.
src/memory/mcp/memory-tools.ts(368,32): error TS2339: Property 'optimizer' does not exist on type '{}'.
src/memory/mcp/memory-tools.ts(440,30): error TS2339: Property 'backends' does not exist on type '{}'.
src/memory/mcp/memory-tools.ts(582,35): error TS2339: Property 'coordinator' does not exist on type '{}'.
src/memory/mcp/memory-tools.ts(592,35): error TS2339: Property 'coordinator' does not exist on type '{}'.
src/memory/mcp/memory-tools.ts(603,35): error TS2339: Property 'optimizer' does not exist on type '{}'.
src/memory/mcp/memory-tools.ts(611,35): error TS2339: Property 'optimizer' does not exist on type '{}'.
src/memory/mcp/memory-tools.ts(636,33): error TS2339: Property 'backends' does not exist on type '{}'.
src/memory/memory.ts(225,11): error TS2300: Duplicate identifier 'store'.
src/memory/memory.ts(235,9): error TS2300: Duplicate identifier 'store'.
src/memory/providers/memory-providers.ts(9,10): error TS2305: Module '"../../di/decorators/injectable"' has no exported member 'Inject'.
src/memory/providers/memory-providers.ts(9,18): error TS2724: '"../../di/decorators/injectable"' has no exported member named 'Injectable'. Did you mean 'injectable'?
src/monitoring/index.ts(7,3): error TS1205: Re-exporting a type when 'isolatedModules' is enabled requires using 'export type'.
src/monitoring/index.ts(8,3): error TS1205: Re-exporting a type when 'isolatedModules' is enabled requires using 'export type'.
src/monitoring/index.ts(10,3): error TS1205: Re-exporting a type when 'isolatedModules' is enabled requires using 'export type'.
src/monitoring/index.ts(11,3): error TS1205: Re-exporting a type when 'isolatedModules' is enabled requires using 'export type'.
src/monitoring/index.ts(14,3): error TS1205: Re-exporting a type when 'isolatedModules' is enabled requires using 'export type'.
src/monitoring/index.ts(15,3): error TS1205: Re-exporting a type when 'isolatedModules' is enabled requires using 'export type'.
src/monitoring/index.ts(16,3): error TS1205: Re-exporting a type when 'isolatedModules' is enabled requires using 'export type'.
src/monitoring/index.ts(18,3): error TS1205: Re-exporting a type when 'isolatedModules' is enabled requires using 'export type'.
src/monitoring/index.ts(19,3): error TS1205: Re-exporting a type when 'isolatedModules' is enabled requires using 'export type'.
src/monitoring/index.ts(20,3): error TS1205: Re-exporting a type when 'isolatedModules' is enabled requires using 'export type'.
src/monitoring/index.ts(22,10): error TS1205: Re-exporting a type when 'isolatedModules' is enabled requires using 'export type'.
src/monitoring/index.ts(22,27): error TS1205: Re-exporting a type when 'isolatedModules' is enabled requires using 'export type'.
src/monitoring/index.ts(24,3): error TS1205: Re-exporting a type when 'isolatedModules' is enabled requires using 'export type'.
src/monitoring/index.ts(25,3): error TS1205: Re-exporting a type when 'isolatedModules' is enabled requires using 'export type'.
src/monitoring/index.ts(29,3): error TS1205: Re-exporting a type when 'isolatedModules' is enabled requires using 'export type'.
src/monitoring/index.ts(31,3): error TS1205: Re-exporting a type when 'isolatedModules' is enabled requires using 'export type'.
src/monitoring/index.ts(32,3): error TS1205: Re-exporting a type when 'isolatedModules' is enabled requires using 'export type'.
src/monitoring/optimization/optimization-engine.ts(568,13): error TS2322: Type '{ actionId: string; executionTime: number; success?: boolean; beforeMetrics?: CompositeMetrics; afterMetrics?: CompositeMetrics; impact?: { performance: number; efficiency: number; cost: number; }; error?: string; }' is not assignable to type 'OptimizationResult'.
  Property 'success' is optional in type '{ actionId: string; executionTime: number; success?: boolean; beforeMetrics?: CompositeMetrics; afterMetrics?: CompositeMetrics; impact?: { performance: number; efficiency: number; cost: number; }; error?: string; }' but required in type 'OptimizationResult'.
src/monitoring/performance/real-time-monitor.ts(384,15): error TS2484: Export declaration conflicts with exported declaration of 'PerformanceMetric'.
src/monitoring/performance/real-time-monitor.ts(384,34): error TS2484: Export declaration conflicts with exported declaration of 'PerformanceBounds'.
src/monitoring/performance/real-time-monitor.ts(384,53): error TS2484: Export declaration conflicts with exported declaration of 'AlertConfig'.
src/neural/agents/neural-agent.ts(511,42): error TS2341: Property 'layers' is private and only accessible within class 'NeuralNetwork'.
src/neural/agents/neural-agent.ts(923,10): error TS2307: Cannot find module './neural' or its corresponding type declarations.
src/neural/core/cognitive-pattern-evolution.ts(8,10): error TS2339: Property 'patterns' does not exist on type 'CognitivePatternEvolution'.
src/neural/core/cognitive-pattern-evolution.ts(9,10): error TS2339: Property 'evolutionHistory' does not exist on type 'CognitivePatternEvolution'.
src/neural/core/cognitive-pattern-evolution.ts(10,10): error TS2339: Property 'options' does not exist on type 'CognitivePatternEvolution'.
src/neural/core/cognitive-pattern-evolution.ts(22,29): error TS2339: Property 'evolutionHistory' does not exist on type 'CognitivePatternEvolution'.
src/neural/core/cognitive-pattern-evolution.ts(33,10): error TS2339: Property 'evolutionHistory' does not exist on type 'CognitivePatternEvolution'.
src/neural/core/cognitive-pattern-evolution.ts(47,10): error TS2339: Property 'patterns' does not exist on type 'CognitivePatternEvolution'.
src/neural/core/cognitive-pattern-evolution.ts(50,24): error TS2339: Property 'evolutionHistory' does not exist on type 'CognitivePatternEvolution'.
src/neural/core/cognitive-pattern-evolution.ts(59,17): error TS2339: Property 'patterns' does not exist on type 'CognitivePatternEvolution'.
src/neural/core/cognitive-pattern-evolution.ts(66,28): error TS2339: Property 'patterns' does not exist on type 'CognitivePatternEvolution'.
src/neural/core/cognitive-pattern-evolution.ts(71,28): error TS2339: Property 'patterns' does not exist on type 'CognitivePatternEvolution'.
src/neural/core/cognitive-pattern-evolution.ts(72,25): error TS2339: Property 'fitness' does not exist on type 'unknown'.
src/neural/core/cognitive-pattern-evolution.ts(72,37): error TS2339: Property 'fitness' does not exist on type 'unknown'.
src/neural/core/cognitive-pattern-evolution.ts(73,32): error TS2339: Property 'patterns' does not exist on type 'CognitivePatternEvolution'.
src/neural/core/cognitive-pattern-evolution.ts(73,53): error TS2339: Property 'options' does not exist on type 'CognitivePatternEvolution'.
src/neural/core/cognitive-pattern-evolution.ts(80,63): error TS2339: Property 'options' does not exist on type 'CognitivePatternEvolution'.
src/neural/core/cognitive-pattern-evolution.ts(81,24): error TS2339: Property 'evolutionHistory' does not exist on type 'CognitivePatternEvolution'.
src/neural/core/cognitive-pattern-evolution.ts(88,16): error TS2339: Property 'patterns' does not exist on type 'CognitivePatternEvolution'.
src/neural/core/cognitive-pattern-evolution.ts(89,14): error TS2339: Property 'patterns' does not exist on type 'CognitivePatternEvolution'.
src/neural/core/daa-cognition.ts(8,10): error TS2339: Property 'decisions' does not exist on type 'DAACognition'.
src/neural/core/daa-cognition.ts(9,10): error TS2339: Property 'actions' does not exist on type 'DAACognition'.
src/neural/core/daa-cognition.ts(10,10): error TS2339: Property 'adaptations' does not exist on type 'DAACognition'.
src/neural/core/daa-cognition.ts(11,10): error TS2339: Property 'options' does not exist on type 'DAACognition'.
src/neural/core/daa-cognition.ts(17,10): error TS2339: Property 'history' does not exist on type 'DAACognition'.
src/neural/core/daa-cognition.ts(38,10): error TS2339: Property 'decisions' does not exist on type 'DAACognition'.
src/neural/core/daa-cognition.ts(39,10): error TS2339: Property 'history' does not exist on type 'DAACognition'.
src/neural/core/daa-cognition.ts(42,14): error TS2339: Property 'history' does not exist on type 'DAACognition'.
src/neural/core/daa-cognition.ts(42,36): error TS2339: Property 'options' does not exist on type 'DAACognition'.
src/neural/core/daa-cognition.ts(43,12): error TS2339: Property 'history' does not exist on type 'DAACognition'.
src/neural/core/daa-cognition.ts(43,27): error TS2339: Property 'history' does not exist on type 'DAACognition'.
src/neural/core/daa-cognition.ts(43,47): error TS2339: Property 'options' does not exist on type 'DAACognition'.
src/neural/core/daa-cognition.ts(53,27): error TS2339: Property 'decisions' does not exist on type 'DAACognition'.
src/neural/core/daa-cognition.ts(71,10): error TS2339: Property 'actions' does not exist on type 'DAACognition'.
src/neural/core/daa-cognition.ts(91,10): error TS2339: Property 'adaptations' does not exist on type 'DAACognition'.
src/neural/core/daa-cognition.ts(99,17): error TS2339: Property 'history' does not exist on type 'DAACognition'.
src/neural/core/daa-cognition.ts(107,28): error TS2339: Property 'decisions' does not exist on type 'DAACognition'.
src/neural/core/daa-cognition.ts(108,26): error TS2339: Property 'actions' does not exist on type 'DAACognition'.
src/neural/core/daa-cognition.ts(109,30): error TS2339: Property 'adaptations' does not exist on type 'DAACognition'.
src/neural/core/daa-cognition.ts(111,28): error TS2339: Property 'options' does not exist on type 'DAACognition'.
src/neural/core/daa-cognition.ts(112,29): error TS2339: Property 'history' does not exist on type 'DAACognition'.
src/neural/core/daa-cognition.ts(120,32): error TS2339: Property 'history' does not exist on type 'DAACognition'.
src/neural/core/daa-cognition.ts(130,36): error TS2339: Property 'options' does not exist on type 'DAACognition'.
src/neural/core/daa-cognition.ts(157,23): error TS2339: Property 'options' does not exist on type 'DAACognition'.
src/neural/core/daa-cognition.ts(162,24): error TS2339: Property 'options' does not exist on type 'DAACognition'.
src/neural/core/daa-cognition.ts(171,44): error TS2339: Property 'options' does not exist on type 'DAACognition'.
src/neural/core/daa-cognition.ts(182,16): error TS2339: Property 'options' does not exist on type 'DAACognition'.
src/neural/core/daa-cognition.ts(184,32): error TS2339: Property 'options' does not exist on type 'DAACognition'.
src/neural/core/daa-cognition.ts(188,16): error TS2339: Property 'options' does not exist on type 'DAACognition'.
src/neural/core/daa-cognition.ts(190,32): error TS2339: Property 'options' does not exist on type 'DAACognition'.
src/neural/core/daa-cognition.ts(198,14): error TS2339: Property 'history' does not exist on type 'DAACognition'.
src/neural/core/daa-cognition.ts(200,24): error TS2339: Property 'history' does not exist on type 'DAACognition'.
src/neural/core/daa-cognition.ts(201,25): error TS2339: Property 'history' does not exist on type 'DAACognition'.
src/neural/core/index.ts(10,1): error TS2308: Module './neural' has already exported a member named 'NeuralCLI'. Consider explicitly re-exporting to resolve the ambiguity.
src/neural/core/index.ts(10,1): error TS2308: Module './neural' has already exported a member named 'PATTERN_MEMORY_CONFIG'. Consider explicitly re-exporting to resolve the ambiguity.
src/neural/core/index.ts(10,1): error TS2308: Module './neural' has already exported a member named 'neuralCLI'. Consider explicitly re-exporting to resolve the ambiguity.
src/neural/core/index.ts(11,1): error TS2308: Module './network' has already exported a member named 'ACTIVATION_FUNCTIONS'. Consider explicitly re-exporting to resolve the ambiguity.
src/neural/core/index.ts(11,1): error TS2308: Module './network' has already exported a member named 'ActivationFunctions'. Consider explicitly re-exporting to resolve the ambiguity.
src/neural/core/index.ts(11,1): error TS2308: Module './network' has already exported a member named 'AgentNetworkConfig'. Consider explicitly re-exporting to resolve the ambiguity.
src/neural/core/index.ts(11,1): error TS2308: Module './network' has already exported a member named 'AgentNeuralManager'. Consider explicitly re-exporting to resolve the ambiguity.
src/neural/core/index.ts(11,1): error TS2308: Module './network' has already exported a member named 'COGNITIVE_PATTERNS'. Consider explicitly re-exporting to resolve the ambiguity.
src/neural/core/index.ts(11,1): error TS2308: Module './network' has already exported a member named 'CascadeConfig'. Consider explicitly re-exporting to resolve the ambiguity.
src/neural/core/index.ts(11,1): error TS2308: Module './network' has already exported a member named 'CascadeTrainer'. Consider explicitly re-exporting to resolve the ambiguity.
src/neural/core/index.ts(11,1): error TS2308: Module './network' has already exported a member named 'CognitiveState'. Consider explicitly re-exporting to resolve the ambiguity.
src/neural/core/index.ts(11,1): error TS2308: Module './network' has already exported a member named 'LayerConfig'. Consider explicitly re-exporting to resolve the ambiguity.
src/neural/core/index.ts(11,1): error TS2308: Module './network' has already exported a member named 'NetworkConfig'. Consider explicitly re-exporting to resolve the ambiguity.
src/neural/core/index.ts(11,1): error TS2308: Module './network' has already exported a member named 'NetworkInfo'. Consider explicitly re-exporting to resolve the ambiguity.
src/neural/core/index.ts(11,1): error TS2308: Module './network' has already exported a member named 'NeuralNetwork'. Consider explicitly re-exporting to resolve the ambiguity.
src/neural/core/index.ts(11,1): error TS2308: Module './network' has already exported a member named 'NeuralTrainer'. Consider explicitly re-exporting to resolve the ambiguity.
src/neural/core/index.ts(11,1): error TS2308: Module './network' has already exported a member named 'TRAINING_ALGORITHMS'. Consider explicitly re-exporting to resolve the ambiguity.
src/neural/core/index.ts(11,1): error TS2308: Module './network' has already exported a member named 'TrainingConfig'. Consider explicitly re-exporting to resolve the ambiguity.
src/neural/core/index.ts(11,1): error TS2308: Module './network' has already exported a member named 'TrainingDataConfig'. Consider explicitly re-exporting to resolve the ambiguity.
src/neural/core/index.ts(11,1): error TS2308: Module './network' has already exported a member named 'TrainingResult'. Consider explicitly re-exporting to resolve the ambiguity.
src/neural/core/index.ts(11,1): error TS2308: Module './network' has already exported a member named 'createAgentNeuralManager'. Consider explicitly re-exporting to resolve the ambiguity.
src/neural/core/index.ts(11,1): error TS2308: Module './network' has already exported a member named 'createNeuralNetwork'. Consider explicitly re-exporting to resolve the ambiguity.
src/neural/core/index.ts(11,1): error TS2308: Module './network' has already exported a member named 'createTrainer'. Consider explicitly re-exporting to resolve the ambiguity.
src/neural/core/index.ts(11,1): error TS2308: Module './network' has already exported a member named 'initializeNeuralWasm'. Consider explicitly re-exporting to resolve the ambiguity.
src/neural/core/meta-learning-framework.ts(8,10): error TS2339: Property 'learningStrategies' does not exist on type 'MetaLearningFramework'.
src/neural/core/meta-learning-framework.ts(9,10): error TS2339: Property 'performanceHistory' does not exist on type 'MetaLearningFramework'.
src/neural/core/meta-learning-framework.ts(10,10): error TS2339: Property 'options' does not exist on type 'MetaLearningFramework'.
src/neural/core/meta-learning-framework.ts(21,10): error TS2339: Property 'learningStrategies' does not exist on type 'MetaLearningFramework'.
src/neural/core/meta-learning-framework.ts(33,40): error TS2339: Property 'learningStrategies' does not exist on type 'MetaLearningFramework'.
src/neural/core/meta-learning-framework.ts(34,24): error TS2339: Property 'applicableTasks' does not exist on type 'unknown'.
src/neural/core/meta-learning-framework.ts(34,66): error TS2339: Property 'applicableTasks' does not exist on type 'unknown'.
src/neural/core/meta-learning-framework.ts(35,25): error TS2339: Property 'performance' does not exist on type 'unknown'.
src/neural/core/meta-learning-framework.ts(35,41): error TS2339: Property 'performance' does not exist on type 'unknown'.
src/neural/core/meta-learning-framework.ts(44,27): error TS2339: Property 'learningStrategies' does not exist on type 'MetaLearningFramework'.
src/neural/core/meta-learning-framework.ts(50,12): error TS2339: Property 'performanceHistory' does not exist on type 'MetaLearningFramework'.
src/neural/core/meta-learning-framework.ts(57,16): error TS2339: Property 'performanceHistory' does not exist on type 'MetaLearningFramework'.
src/neural/core/meta-learning-framework.ts(57,49): error TS2339: Property 'options' does not exist on type 'MetaLearningFramework'.
src/neural/core/meta-learning-framework.ts(58,14): error TS2339: Property 'performanceHistory' does not exist on type 'MetaLearningFramework'.
src/neural/core/meta-learning-framework.ts(58,40): error TS2339: Property 'performanceHistory' does not exist on type 'MetaLearningFramework'.
src/neural/core/meta-learning-framework.ts(58,71): error TS2339: Property 'options' does not exist on type 'MetaLearningFramework'.
src/neural/core/meta-learning-framework.ts(68,29): error TS2339: Property 'learningStrategies' does not exist on type 'MetaLearningFramework'.
src/neural/core/meta-learning-framework.ts(71,31): error TS2339: Property 'performanceHistory' does not exist on type 'MetaLearningFramework'.
src/neural/core/meta-learning-framework.ts(76,40): error TS2339: Property 'learningStrategies' does not exist on type 'MetaLearningFramework'.
src/neural/core/meta-learning-framework.ts(79,57): error TS2339: Property 'performance' does not exist on type 'unknown'.
src/neural/core/meta-learning-framework.ts(80,12): error TS2362: The left-hand side of an arithmetic operation must be of type 'any', 'number', 'bigint' or an enum type.
src/neural/core/meta-learning-framework.ts(84,40): error TS2339: Property 'learningStrategies' does not exist on type 'MetaLearningFramework'.
src/neural/core/meta-learning-framework.ts(86,35): error TS2339: Property 'performance' does not exist on type 'unknown'.
src/neural/core/meta-learning-framework.ts(86,54): error TS2339: Property 'performance' does not exist on type 'unknown'.
src/neural/core/network.ts(163,56): error TS2307: Cannot find module '../../wasm/ruv_swarm_wasm.js' or its corresponding type declarations.
src/neural/core/network.ts(520,10): error TS2678: Type '"convergent"' is not comparable to type '"CRITICAL" | "CONVERGENT" | "DIVERGENT" | "LATERAL" | "SYSTEMS" | "ABSTRACT"'.
src/neural/core/network.ts(523,10): error TS2678: Type '"divergent"' is not comparable to type '"CRITICAL" | "CONVERGENT" | "DIVERGENT" | "LATERAL" | "SYSTEMS" | "ABSTRACT"'.
src/neural/core/network.ts(529,10): error TS2678: Type '"lateral"' is not comparable to type '"CRITICAL" | "CONVERGENT" | "DIVERGENT" | "LATERAL" | "SYSTEMS" | "ABSTRACT"'.
src/neural/core/network.ts(535,10): error TS2678: Type '"systems"' is not comparable to type '"CRITICAL" | "CONVERGENT" | "DIVERGENT" | "LATERAL" | "SYSTEMS" | "ABSTRACT"'.
src/neural/core/network.ts(542,10): error TS2678: Type '"critical"' is not comparable to type '"CRITICAL" | "CONVERGENT" | "DIVERGENT" | "LATERAL" | "SYSTEMS" | "ABSTRACT"'.
src/neural/core/network.ts(547,10): error TS2678: Type '"abstract"' is not comparable to type '"CRITICAL" | "CONVERGENT" | "DIVERGENT" | "LATERAL" | "SYSTEMS" | "ABSTRACT"'.
src/neural/core/network.ts(563,3): error TS2484: Export declaration conflicts with exported declaration of 'NetworkConfig'.
src/neural/core/network.ts(564,3): error TS2484: Export declaration conflicts with exported declaration of 'LayerConfig'.
src/neural/core/network.ts(565,3): error TS2484: Export declaration conflicts with exported declaration of 'TrainingDataConfig'.
src/neural/core/network.ts(566,3): error TS2484: Export declaration conflicts with exported declaration of 'TrainingConfig'.
src/neural/core/network.ts(567,3): error TS2484: Export declaration conflicts with exported declaration of 'AgentNetworkConfig'.
src/neural/core/network.ts(568,3): error TS2484: Export declaration conflicts with exported declaration of 'CascadeConfig'.
src/neural/core/network.ts(569,3): error TS2484: Export declaration conflicts with exported declaration of 'NetworkInfo'.
src/neural/core/network.ts(570,3): error TS2484: Export declaration conflicts with exported declaration of 'TrainingResult'.
src/neural/core/network.ts(571,3): error TS2484: Export declaration conflicts with exported declaration of 'CognitiveState'.
src/neural/core/neural-coordination-protocol.ts(8,10): error TS2339: Property 'nodes' does not exist on type 'NeuralCoordinationProtocol'.
src/neural/core/neural-coordination-protocol.ts(9,10): error TS2339: Property 'messages' does not exist on type 'NeuralCoordinationProtocol'.
src/neural/core/neural-coordination-protocol.ts(10,10): error TS2339: Property 'options' does not exist on type 'NeuralCoordinationProtocol'.
src/neural/core/neural-coordination-protocol.ts(22,10): error TS2339: Property 'nodes' does not exist on type 'NeuralCoordinationProtocol'.
src/neural/core/neural-coordination-protocol.ts(43,10): error TS2339: Property 'messages' does not exist on type 'NeuralCoordinationProtocol'.
src/neural/core/neural-coordination-protocol.ts(46,23): error TS2339: Property 'nodes' does not exist on type 'NeuralCoordinationProtocol'.
src/neural/core/neural-coordination-protocol.ts(53,14): error TS2339: Property 'messages' does not exist on type 'NeuralCoordinationProtocol'.
src/neural/core/neural-coordination-protocol.ts(53,37): error TS2339: Property 'options' does not exist on type 'NeuralCoordinationProtocol'.
src/neural/core/neural-coordination-protocol.ts(54,12): error TS2339: Property 'messages' does not exist on type 'NeuralCoordinationProtocol'.
src/neural/core/neural-coordination-protocol.ts(54,28): error TS2339: Property 'messages' does not exist on type 'NeuralCoordinationProtocol'.
src/neural/core/neural-coordination-protocol.ts(54,49): error TS2339: Property 'options' does not exist on type 'NeuralCoordinationProtocol'.
src/neural/core/neural-coordination-protocol.ts(64,23): error TS2339: Property 'nodes' does not exist on type 'NeuralCoordinationProtocol'.
src/neural/core/neural-coordination-protocol.ts(81,34): error TS2339: Property 'nodes' does not exist on type 'NeuralCoordinationProtocol'.
src/neural/core/neural-coordination-protocol.ts(87,47): error TS2339: Property 'nodes' does not exist on type 'NeuralCoordinationProtocol'.
src/neural/core/neural-coordination-protocol.ts(94,35): error TS2339: Property 'nodes' does not exist on type 'NeuralCoordinationProtocol'.
src/neural/core/neural-coordination-protocol.ts(97,42): error TS2339: Property 'status' does not exist on type 'unknown'.
src/neural/core/neural-coordination-protocol.ts(98,27): error TS2339: Property 'messages' does not exist on type 'NeuralCoordinationProtocol'.
src/neural/core/neural-coordination-protocol.ts(100,28): error TS2362: The left-hand side of an arithmetic operation must be of type 'any', 'number', 'bigint' or an enum type.
src/neural/core/neural-coordination-protocol.ts(100,61): error TS2339: Property 'messageCount' does not exist on type 'unknown'.
src/neural/core/neural-coordination-protocol.ts(102,14): error TS2339: Property 'messages' does not exist on type 'NeuralCoordinationProtocol'.
src/neural/core/neural-coordination-protocol.ts(102,41): error TS2339: Property 'messages' does not exist on type 'NeuralCoordinationProtocol'.
src/neural/core/neural-coordination-protocol.ts(102,55): error TS2339: Property 'messages' does not exist on type 'NeuralCoordinationProtocol'.
src/neural/core/neural-coordination-protocol.ts(110,17): error TS2339: Property 'messages' does not exist on type 'NeuralCoordinationProtocol'.
src/neural/core/neural-core.ts(177,14): error TS2323: Cannot redeclare exported variable 'NeuralCLI'.
src/neural/core/neural-core.ts(186,41): error TS2307: Cannot find module '../../swarm-zen/index-enhanced.js' or its corresponding type declarations.
src/neural/core/neural-core.ts(724,10): error TS2323: Cannot redeclare exported variable 'NeuralCLI'.
src/neural/core/neural-core.ts(724,10): error TS2484: Export declaration conflicts with exported declaration of 'NeuralCLI'.
src/neural/core/neural-models/neural-presets-complete.ts(53,10): error TS2339: Property 'patterns' does not exist on type 'CognitivePatternSelector'.
src/neural/core/neural-models/neural-presets-complete.ts(54,10): error TS2339: Property 'selectionHistory' does not exist on type 'CognitivePatternSelector'.
src/neural/core/neural-models/neural-presets-complete.ts(64,10): error TS2339: Property 'selectionHistory' does not exist on type 'CognitivePatternSelector'.
src/neural/core/neural-models/neural-presets-complete.ts(78,10): error TS2339: Property 'patterns' does not exist on type 'CognitivePatternSelector'.
src/neural/core/neural-models/neural-presets-complete.ts(83,36): error TS2339: Property 'patterns' does not exist on type 'CognitivePatternSelector'.
src/neural/core/neural-models/neural-presets-complete.ts(87,48): error TS2339: Property 'architecture' does not exist on type 'unknown'.
src/neural/core/neural-models/neural-presets-complete.ts(131,10): error TS2339: Property 'adaptations' does not exist on type 'NeuralAdaptationEngine'.
src/neural/core/neural-models/neural-presets-complete.ts(132,10): error TS2339: Property 'performanceHistory' does not exist on type 'NeuralAdaptationEngine'.
src/neural/core/neural-models/neural-presets-complete.ts(141,10): error TS2339: Property 'adaptations' does not exist on type 'NeuralAdaptationEngine'.
src/neural/core/neural-models/neural-presets-complete.ts(147,10): error TS2339: Property 'performanceHistory' does not exist on type 'NeuralAdaptationEngine'.
src/neural/core/neural-models/neural-presets-complete.ts(159,36): error TS2339: Property 'performanceHistory' does not exist on type 'NeuralAdaptationEngine'.
src/neural/core/neural-network-manager.ts(27,10): error TS2339: Property 'wasmLoader' does not exist on type 'NeuralNetworkManager'.
src/neural/core/neural-network-manager.ts(28,10): error TS2339: Property 'neuralNetworks' does not exist on type 'NeuralNetworkManager'.
src/neural/core/neural-network-manager.ts(31,10): error TS2339: Property 'cognitiveEvolution' does not exist on type 'NeuralNetworkManager'.
src/neural/core/neural-network-manager.ts(32,10): error TS2339: Property 'metaLearning' does not exist on type 'NeuralNetworkManager'.
src/neural/core/neural-network-manager.ts(33,10): error TS2339: Property 'coordinationProtocol' does not exist on type 'NeuralNetworkManager'.
src/neural/core/neural-network-manager.ts(34,10): error TS2339: Property 'daaCognition' does not exist on type 'NeuralNetworkManager'.
src/neural/core/neural-network-manager.ts(37,10): error TS2339: Property 'cognitivePatternSelector' does not exist on type 'NeuralNetworkManager'.
src/neural/core/neural-network-manager.ts(38,10): error TS2339: Property 'neuralAdaptationEngine' does not exist on type 'NeuralNetworkManager'.
src/neural/core/neural-network-manager.ts(41,10): error TS2339: Property 'sharedKnowledge' does not exist on type 'NeuralNetworkManager'.
src/neural/core/neural-network-manager.ts(42,10): error TS2339: Property 'agentInteractions' does not exist on type 'NeuralNetworkManager'.
src/neural/core/neural-network-manager.ts(43,10): error TS2339: Property 'collaborativeMemory' does not exist on type 'NeuralNetworkManager'.
src/neural/core/neural-network-manager.ts(46,10): error TS2339: Property 'performanceMetrics' does not exist on type 'NeuralNetworkManager'.
src/neural/core/neural-network-manager.ts(47,10): error TS2339: Property 'adaptiveOptimization' does not exist on type 'NeuralNetworkManager'.
src/neural/core/neural-network-manager.ts(48,10): error TS2339: Property 'federatedLearningEnabled' does not exist on type 'NeuralNetworkManager'.
src/neural/core/neural-network-manager.ts(50,10): error TS2339: Property 'templates' does not exist on type 'NeuralNetworkManager'.
src/neural/core/neural-network-manager.ts(306,10): error TS2339: Property 'neuralModels' does not exist on type 'NeuralNetworkManager'.
src/neural/core/neural-network-manager.ts(311,16): error TS2339: Property 'cognitiveEvolution' does not exist on type 'NeuralNetworkManager'.
src/neural/core/neural-network-manager.ts(314,16): error TS2339: Property 'enableMetaLearning' does not exist on type '{}'.
src/neural/core/neural-network-manager.ts(315,27): error TS2339: Property 'metaLearning' does not exist on type 'NeuralNetworkManager'.
src/neural/core/neural-network-manager.ts(319,29): error TS2339: Property 'template' does not exist on type '{}'.
src/neural/core/neural-network-manager.ts(320,33): error TS2339: Property 'templates' does not exist on type 'NeuralNetworkManager'.
src/neural/core/neural-network-manager.ts(328,37): error TS2339: Property 'wasmLoader' does not exist on type 'NeuralNetworkManager'.
src/neural/core/neural-network-manager.ts(335,13): error TS2339: Property 'layers' does not exist on type '{}'.
src/neural/core/neural-network-manager.ts(335,28): error TS2339: Property 'activation' does not exist on type '{}'.
src/neural/core/neural-network-manager.ts(335,49): error TS2339: Property 'learningRate' does not exist on type '{}'.
src/neural/core/neural-network-manager.ts(335,71): error TS2339: Property 'optimizer' does not exist on type '{}'.
src/neural/core/neural-network-manager.ts(338,66): error TS2339: Property 'templates' does not exist on type 'NeuralNetworkManager'.
src/neural/core/neural-network-manager.ts(353,12): error TS2339: Property 'neuralNetworks' does not exist on type 'NeuralNetworkManager'.
src/neural/core/neural-network-manager.ts(364,10): error TS2339: Property 'neuralNetworks' does not exist on type 'NeuralNetworkManager'.
src/neural/core/neural-network-manager.ts(369,33): error TS2339: Property 'templates' does not exist on type 'NeuralNetworkManager'.
src/neural/core/neural-network-manager.ts(383,40): error TS2339: Property 'requiresCreativity' does not exist on type '{}'.
src/neural/core/neural-network-manager.ts(384,39): error TS2339: Property 'requiresPrecision' does not exist on type '{}'.
src/neural/core/neural-network-manager.ts(385,40): error TS2339: Property 'requiresAdaptation' does not exist on type '{}'.
src/neural/core/neural-network-manager.ts(386,32): error TS2339: Property 'complexity' does not exist on type '{}'.
src/neural/core/neural-network-manager.ts(389,36): error TS2339: Property 'cognitivePatternSelector' does not exist on type 'NeuralNetworkManager'.
src/neural/core/neural-network-manager.ts(405,63): error TS2554: Expected 1 arguments, but got 2.
src/neural/core/neural-network-manager.ts(411,12): error TS2339: Property 'neuralNetworks' does not exist on type 'NeuralNetworkManager'.
src/neural/core/neural-network-manager.ts(412,12): error TS2339: Property 'neuralModels' does not exist on type 'NeuralNetworkManager'.
src/neural/core/neural-network-manager.ts(415,18): error TS2339: Property 'coordinationProtocol' does not exist on type 'NeuralNetworkManager'.
src/neural/core/neural-network-manager.ts(418,18): error TS2339: Property 'neuralAdaptationEngine' does not exist on type 'NeuralNetworkManager'.
src/neural/core/neural-network-manager.ts(421,12): error TS2339: Property 'performanceMetrics' does not exist on type 'NeuralNetworkManager'.
src/neural/core/neural-network-manager.ts(437,26): error TS2339: Property 'neuralNetworks' does not exist on type 'NeuralNetworkManager'.
src/neural/core/neural-network-manager.ts(443,7): error TS2339: Property 'epochs' does not exist on type '{}'.
src/neural/core/neural-network-manager.ts(444,7): error TS2339: Property 'batchSize' does not exist on type '{}'.
src/neural/core/neural-network-manager.ts(445,7): error TS2339: Property 'learningRate' does not exist on type '{}'.
src/neural/core/neural-network-manager.ts(446,7): error TS2339: Property 'freezeLayers' does not exist on type '{}'.
src/neural/core/neural-network-manager.ts(447,7): error TS2339: Property 'enableCognitiveEvolution' does not exist on type '{}'.
src/neural/core/neural-network-manager.ts(448,7): error TS2339: Property 'enableMetaLearning' does not exist on type '{}'.
src/neural/core/neural-network-manager.ts(453,18): error TS2339: Property 'cognitiveEvolution' does not exist on type 'NeuralNetworkManager'.
src/neural/core/neural-network-manager.ts(458,43): error TS2339: Property 'metaLearning' does not exist on type 'NeuralNetworkManager'.
src/neural/core/neural-network-manager.ts(471,26): error TS2339: Property 'performanceMetrics' does not exist on type 'NeuralNetworkManager'.
src/neural/core/neural-network-manager.ts(476,37): error TS2339: Property 'cognitiveEvolution' does not exist on type 'NeuralNetworkManager'.
src/neural/core/neural-network-manager.ts(486,18): error TS2339: Property 'neuralAdaptationEngine' does not exist on type 'NeuralNetworkManager'.
src/neural/core/neural-network-manager.ts(494,7): error TS2339: Property 'strategy' does not exist on type '{}'.
src/neural/core/neural-network-manager.ts(495,7): error TS2339: Property 'syncInterval' does not exist on type '{}'.
src/neural/core/neural-network-manager.ts(496,7): error TS2339: Property 'privacyLevel' does not exist on type '{}'.
src/neural/core/neural-network-manager.ts(497,7): error TS2339: Property 'enableKnowledgeSharing' does not exist on type '{}'.
src/neural/core/neural-network-manager.ts(498,7): error TS2339: Property 'enableCrossAgentEvolution' does not exist on type '{}'.
src/neural/core/neural-network-manager.ts(501,48): error TS2339: Property 'neuralNetworks' does not exist on type 'NeuralNetworkManager'.
src/neural/core/neural-network-manager.ts(524,16): error TS2339: Property 'coordinationProtocol' does not exist on type 'NeuralNetworkManager'.
src/neural/core/neural-network-manager.ts(533,18): error TS2339: Property 'cognitiveEvolution' does not exist on type 'NeuralNetworkManager'.
src/neural/core/neural-network-manager.ts(574,35): error TS2339: Property 'cognitiveEvolution' does not exist on type 'NeuralNetworkManager'.
src/neural/core/neural-network-manager.ts(602,31): error TS2362: The left-hand side of an arithmetic operation must be of type 'any', 'number', 'bigint' or an enum type.
src/neural/core/neural-network-manager.ts(641,26): error TS2339: Property 'neuralNetworks' does not exist on type 'NeuralNetworkManager'.
src/neural/core/neural-network-manager.ts(650,26): error TS2339: Property 'neuralNetworks' does not exist on type 'NeuralNetworkManager'.
src/neural/core/neural-network-manager.ts(659,26): error TS2339: Property 'neuralNetworks' does not exist on type 'NeuralNetworkManager'.
src/neural/core/neural-network-manager.ts(685,42): error TS2554: Expected 1 arguments, but got 2.
src/neural/core/neural-network-manager.ts(725,40): error TS2339: Property 'requiresCreativity' does not exist on type '{}'.
src/neural/core/neural-network-manager.ts(726,39): error TS2339: Property 'requiresPrecision' does not exist on type '{}'.
src/neural/core/neural-network-manager.ts(727,40): error TS2339: Property 'requiresAdaptation' does not exist on type '{}'.
src/neural/core/neural-network-manager.ts(728,32): error TS2339: Property 'complexity' does not exist on type '{}'.
src/neural/core/neural-network-manager.ts(729,41): error TS2339: Property 'cognitivePreference' does not exist on type '{}'.
src/neural/core/neural-network-manager.ts(732,36): error TS2339: Property 'cognitivePatternSelector' does not exist on type 'NeuralNetworkManager'.
src/neural/core/neural-network-manager.ts(813,19): error TS2339: Property 'category' does not exist on type '{ id: string; name: string; type: string; architecture: string; layers: number[]; activation: string; outputActivation: string; learningRate: number; batchSize: number; useCase: string[]; } | { id: string; ... 8 more ...; useCase: string[]; } | { ...; }'.
  Property 'category' does not exist on type '{ id: string; name: string; type: string; architecture: string; layers: number[]; activation: string; outputActivation: string; learningRate: number; batchSize: number; useCase: string[]; }'.
src/neural/core/neural-network-manager.ts(814,19): error TS2339: Property 'presetName' does not exist on type '{ id: string; name: string; type: string; architecture: string; layers: number[]; activation: string; outputActivation: string; learningRate: number; batchSize: number; useCase: string[]; } | { id: string; ... 8 more ...; useCase: string[]; } | { ...; }'.
  Property 'presetName' does not exist on type '{ id: string; name: string; type: string; architecture: string; layers: number[]; activation: string; outputActivation: string; learningRate: number; batchSize: number; useCase: string[]; }'.
src/neural/core/neural-network-manager.ts(821,25): error TS2339: Property 'category' does not exist on type '{ id: string; name: string; type: string; architecture: string; layers: number[]; activation: string; outputActivation: string; learningRate: number; batchSize: number; useCase: string[]; }'.
src/neural/core/neural-network-manager.ts(822,25): error TS2339: Property 'presetName' does not exist on type '{ id: string; name: string; type: string; architecture: string; layers: number[]; activation: string; outputActivation: string; learningRate: number; batchSize: number; useCase: string[]; }'.
src/neural/core/neural-network-manager.ts(852,40): error TS2554: Expected 1 arguments, but got 2.
src/neural/core/neural-network-manager.ts(875,26): error TS2339: Property 'neuralNetworks' does not exist on type 'NeuralNetworkManager'.
src/neural/core/neural-network-manager.ts(890,34): error TS2339: Property 'neuralNetworks' does not exist on type 'NeuralNetworkManager'.
src/neural/core/neural-network-manager.ts(895,41): error TS2339: Property 'cognitiveEvolution' does not exist on type 'NeuralNetworkManager'.
src/neural/core/neural-network-manager.ts(896,42): error TS2339: Property 'metaLearning' does not exist on type 'NeuralNetworkManager'.
src/neural/core/neural-network-manager.ts(899,10): error TS2339: Property 'neuralNetworks' does not exist on type 'NeuralNetworkManager'.
src/neural/core/neural-network-manager.ts(900,10): error TS2339: Property 'neuralModels' does not exist on type 'NeuralNetworkManager'.
src/neural/core/neural-network-manager.ts(911,16): error TS2339: Property 'cognitiveEvolution' does not exist on type 'NeuralNetworkManager'.
src/neural/core/neural-network-manager.ts(912,16): error TS2339: Property 'metaLearning' does not exist on type 'NeuralNetworkManager'.
src/neural/core/neural-network-manager.ts(955,26): error TS2339: Property 'neuralNetworks' does not exist on type 'NeuralNetworkManager'.
src/neural/core/neural-network-manager.ts(965,12): error TS2339: Property 'sharedKnowledge' does not exist on type 'NeuralNetworkManager'.
src/neural/core/neural-network-manager.ts(978,26): error TS2339: Property 'neuralNetworks' does not exist on type 'NeuralNetworkManager'.
src/neural/core/neural-network-manager.ts(988,28): error TS2339: Property 'cognitiveEvolution' does not exist on type 'NeuralNetworkManager'.
src/neural/core/neural-network-manager.ts(989,31): error TS2339: Property 'metaLearning' does not exist on type 'NeuralNetworkManager'.
src/neural/core/neural-network-manager.ts(1007,28): error TS2339: Property 'length' does not exist on type 'unknown'.
src/neural/core/neural-network-manager.ts(1009,35): error TS2339: Property 'map' does not exist on type 'unknown'.
src/neural/core/neural-network-manager.ts(1012,42): error TS2339: Property 'filter' does not exist on type 'unknown'.
src/neural/core/neural-network-manager.ts(1035,26): error TS2339: Property 'performanceMetrics' does not exist on type 'NeuralNetworkManager'.
src/neural/core/neural-network-manager.ts(1110,29): error TS2339: Property 'sharedKnowledge' does not exist on type 'NeuralNetworkManager'.
src/neural/core/neural-network-manager.ts(1111,29): error TS2339: Property 'sharedKnowledge' does not exist on type 'NeuralNetworkManager'.
src/neural/core/neural-network-manager.ts(1152,21): error TS2362: The left-hand side of an arithmetic operation must be of type 'any', 'number', 'bigint' or an enum type.
src/neural/core/neural-network-manager.ts(1152,35): error TS2363: The right-hand side of an arithmetic operation must be of type 'any', 'number', 'bigint' or an enum type.
src/neural/core/neural-network-manager.ts(1153,16): error TS2362: The left-hand side of an arithmetic operation must be of type 'any', 'number', 'bigint' or an enum type.
src/neural/core/neural-network-manager.ts(1153,30): error TS2363: The right-hand side of an arithmetic operation must be of type 'any', 'number', 'bigint' or an enum type.
src/neural/core/neural-network-manager.ts(1154,16): error TS2362: The left-hand side of an arithmetic operation must be of type 'any', 'number', 'bigint' or an enum type.
src/neural/core/neural-network-manager.ts(1154,30): error TS2363: The right-hand side of an arithmetic operation must be of type 'any', 'number', 'bigint' or an enum type.
src/neural/core/neural-network-manager.ts(1236,28): error TS2339: Property 'neuralNetworks' does not exist on type 'NeuralNetworkManager'.
src/neural/core/neural-network-manager.ts(1260,26): error TS2339: Property 'neuralNetworks' does not exist on type 'NeuralNetworkManager'.
src/neural/core/neural-network-manager.ts(1261,26): error TS2339: Property 'neuralNetworks' does not exist on type 'NeuralNetworkManager'.
src/neural/core/neural-network-manager.ts(1269,37): error TS2339: Property 'sharedKnowledge' does not exist on type 'NeuralNetworkManager'.
src/neural/core/neural-network-manager.ts(1314,18): error TS2339: Property 'cognitiveEvolution' does not exist on type 'NeuralNetworkManager'.
src/neural/core/neural-network-manager.ts(1338,20): error TS2339: Property 'coordinationProtocol' does not exist on type 'NeuralNetworkManager'.
src/neural/core/neural-network-manager.ts(1381,31): error TS2339: Property 'agentInteractions' does not exist on type 'NeuralNetworkManager'.
src/neural/core/neural-network-manager.ts(1408,44): error TS2339: Property 'coordinationProtocol' does not exist on type 'NeuralNetworkManager'.
src/neural/core/neural-network-manager.ts(1414,26): error TS2339: Property 'neuralNetworks' does not exist on type 'NeuralNetworkManager'.
src/neural/core/neural-network-manager.ts(1426,20): error TS2339: Property 'cognitiveEvolution' does not exist on type 'NeuralNetworkManager'.
src/neural/core/neural-network-manager.ts(1430,28): error TS2339: Property 'performanceMetrics' does not exist on type 'NeuralNetworkManager'.
src/neural/core/neural-network-manager.ts(1450,44): error TS2339: Property 'map' does not exist on type 'unknown'.
src/neural/core/neural-network-manager.ts(1475,15): error TS2339: Property 'agentInteractions' does not exist on type 'NeuralNetworkManager'.
src/neural/core/neural-network-manager.ts(1476,12): error TS2339: Property 'agentInteractions' does not exist on type 'NeuralNetworkManager'.
src/neural/core/neural-network-manager.ts(1479,10): error TS2339: Property 'agentInteractions' does not exist on type 'NeuralNetworkManager'.
src/neural/core/neural-network-manager.ts(1488,31): error TS2339: Property 'agentInteractions' does not exist on type 'NeuralNetworkManager'.
src/neural/core/neural-network-manager.ts(1507,17): error TS2339: Property 'cognitivePatternSelector' does not exist on type 'NeuralNetworkManager'.
src/neural/core/neural-network-manager.ts(1515,17): error TS2339: Property 'neuralAdaptationEngine' does not exist on type 'NeuralNetworkManager'.
src/neural/core/neural-network-manager.ts(1522,17): error TS2339: Property 'neuralAdaptationEngine' does not exist on type 'NeuralNetworkManager'.
src/neural/core/neural-network-manager.ts(1536,49): error TS2339: Property 'description' does not exist on type 'string | number | number[]'.
  Property 'description' does not exist on type 'string'.
src/neural/core/neural-network-manager.ts(1548,25): error TS2339: Property 'neuralNetworks' does not exist on type 'NeuralNetworkManager'.
src/neural/core/neural-network-manager.ts(1550,32): error TS2339: Property 'cognitiveEvolution' does not exist on type 'NeuralNetworkManager'.
src/neural/core/neural-network-manager.ts(1551,26): error TS2339: Property 'metaLearning' does not exist on type 'NeuralNetworkManager'.
src/neural/core/neural-network-manager.ts(1552,26): error TS2339: Property 'coordinationProtocol' does not exist on type 'NeuralNetworkManager'.
src/neural/core/neural-network-manager.ts(1558,43): error TS2339: Property 'neuralNetworks' does not exist on type 'NeuralNetworkManager'.
src/neural/core/neural-network-manager.ts(1563,28): error TS2339: Property 'performanceMetrics' does not exist on type 'NeuralNetworkManager'.
src/neural/core/neural-network-manager.ts(1584,16): error TS2339: Property 'count' does not exist on type 'unknown'.
src/neural/core/neural-network-manager.ts(1585,14): error TS2339: Property 'avgAccuracy' does not exist on type 'unknown'.
src/neural/core/neural-network-manager.ts(1585,34): error TS2339: Property 'count' does not exist on type 'unknown'.
src/neural/core/neural-network-manager.ts(1586,14): error TS2339: Property 'avgCollaborationScore' does not exist on type 'unknown'.
src/neural/core/neural-network-manager.ts(1586,44): error TS2339: Property 'count' does not exist on type 'unknown'.
src/neural/core/neural-network-manager.ts(1591,33): error TS2339: Property 'sharedKnowledge' does not exist on type 'NeuralNetworkManager'.
src/neural/core/neural-network-manager.ts(1600,10): error TS2339: Property 'networkId' does not exist on type 'NeuralNetwork'.
src/neural/core/neural-network-manager.ts(1601,10): error TS2339: Property 'agentId' does not exist on type 'NeuralNetwork'.
src/neural/core/neural-network-manager.ts(1602,10): error TS2339: Property 'config' does not exist on type 'NeuralNetwork'.
src/neural/core/neural-network-manager.ts(1603,10): error TS2339: Property 'wasmModule' does not exist on type 'NeuralNetwork'.
src/neural/core/neural-network-manager.ts(1604,10): error TS2339: Property 'trainingHistory' does not exist on type 'NeuralNetwork'.
src/neural/core/neural-network-manager.ts(1605,10): error TS2339: Property 'metrics' does not exist on type 'NeuralNetwork'.
src/neural/core/neural-network-manager.ts(1615,27): error TS2339: Property 'wasmModule' does not exist on type 'NeuralNetwork'.
src/neural/core/neural-network-manager.ts(1615,64): error TS2339: Property 'networkId' does not exist on type 'NeuralNetwork'.
src/neural/core/neural-network-manager.ts(1619,36): error TS2339: Property 'config' does not exist on type 'NeuralNetwork'.
src/neural/core/neural-network-manager.ts(1619,55): error TS2339: Property 'config' does not exist on type 'NeuralNetwork'.
src/neural/core/neural-network-manager.ts(1635,29): error TS2339: Property 'wasmModule' does not exist on type 'NeuralNetwork'.
src/neural/core/neural-network-manager.ts(1636,18): error TS2339: Property 'networkId' does not exist on type 'NeuralNetwork'.
src/neural/core/neural-network-manager.ts(1650,12): error TS2339: Property 'metrics' does not exist on type 'NeuralNetwork'.
src/neural/core/neural-network-manager.ts(1651,12): error TS2339: Property 'metrics' does not exist on type 'NeuralNetwork'.
src/neural/core/neural-network-manager.ts(1652,12): error TS2339: Property 'trainingHistory' does not exist on type 'NeuralNetwork'.
src/neural/core/neural-network-manager.ts(1655,17): error TS2339: Property 'metrics' does not exist on type 'NeuralNetwork'.
src/neural/core/neural-network-manager.ts(1661,30): error TS2339: Property 'wasmModule' does not exist on type 'NeuralNetwork'.
src/neural/core/neural-network-manager.ts(1661,68): error TS2339: Property 'networkId' does not exist on type 'NeuralNetwork'.
src/neural/core/neural-network-manager.ts(1672,12): error TS2339: Property 'wasmModule' does not exist on type 'NeuralNetwork'.
src/neural/core/neural-network-manager.ts(1672,52): error TS2339: Property 'networkId' does not exist on type 'NeuralNetwork'.
src/neural/core/neural-network-manager.ts(1680,15): error TS2339: Property 'metrics' does not exist on type 'NeuralNetwork'.
src/neural/core/neural-network-manager.ts(1681,30): error TS2339: Property 'trainingHistory' does not exist on type 'NeuralNetwork'.
src/neural/core/neural-network-manager.ts(1683,22): error TS2339: Property 'config' does not exist on type 'NeuralNetwork'.
src/neural/core/neural-network-manager.ts(1684,26): error TS2339: Property 'config' does not exist on type 'NeuralNetwork'.
src/neural/core/neural-network-manager.ts(1686,31): error TS2339: Property 'config' does not exist on type 'NeuralNetwork'.
src/neural/core/neural-network-manager.ts(1696,26): error TS2339: Property 'wasmModule' does not exist on type 'NeuralNetwork'.
src/neural/core/neural-network-manager.ts(1696,68): error TS2339: Property 'networkId' does not exist on type 'NeuralNetwork'.
src/neural/core/neural-network-manager.ts(1716,12): error TS2339: Property 'wasmModule' does not exist on type 'NeuralNetwork'.
src/neural/core/neural-network-manager.ts(1716,56): error TS2339: Property 'networkId' does not exist on type 'NeuralNetwork'.
src/neural/core/neural-network-manager.ts(1728,10): error TS2339: Property 'agentId' does not exist on type 'SimulatedNeuralNetwork'.
src/neural/core/neural-network-manager.ts(1729,10): error TS2339: Property 'config' does not exist on type 'SimulatedNeuralNetwork'.
src/neural/core/neural-network-manager.ts(1730,10): error TS2339: Property 'weights' does not exist on type 'SimulatedNeuralNetwork'.
src/neural/core/neural-network-manager.ts(1731,10): error TS2339: Property 'trainingHistory' does not exist on type 'SimulatedNeuralNetwork'.
src/neural/core/neural-network-manager.ts(1732,10): error TS2339: Property 'metrics' does not exist on type 'SimulatedNeuralNetwork'.
src/neural/core/neural-network-manager.ts(1742,17): error TS2339: Property 'config' does not exist on type 'SimulatedNeuralNetwork'.
src/neural/core/neural-network-manager.ts(1747,29): error TS2339: Property 'config' does not exist on type 'SimulatedNeuralNetwork'.
src/neural/core/neural-network-manager.ts(1747,50): error TS2339: Property 'config' does not exist on type 'SimulatedNeuralNetwork'.
src/neural/core/neural-network-manager.ts(1761,40): error TS2339: Property 'metrics' does not exist on type 'SimulatedNeuralNetwork'.
src/neural/core/neural-network-manager.ts(1762,12): error TS2339: Property 'metrics' does not exist on type 'SimulatedNeuralNetwork'.
src/neural/core/neural-network-manager.ts(1763,12): error TS2339: Property 'metrics' does not exist on type 'SimulatedNeuralNetwork'.
src/neural/core/neural-network-manager.ts(1764,12): error TS2339: Property 'metrics' does not exist on type 'SimulatedNeuralNetwork'.
src/neural/core/neural-network-manager.ts(1764,51): error TS2339: Property 'metrics' does not exist on type 'SimulatedNeuralNetwork'.
src/neural/core/neural-network-manager.ts(1765,12): error TS2339: Property 'trainingHistory' does not exist on type 'SimulatedNeuralNetwork'.
src/neural/core/neural-network-manager.ts(1768,17): error TS2339: Property 'metrics' does not exist on type 'SimulatedNeuralNetwork'.
src/neural/core/neural-network-manager.ts(1783,15): error TS2339: Property 'metrics' does not exist on type 'SimulatedNeuralNetwork'.
src/neural/core/neural-network-manager.ts(1784,30): error TS2339: Property 'trainingHistory' does not exist on type 'SimulatedNeuralNetwork'.
src/neural/core/neural-network-manager.ts(1786,22): error TS2339: Property 'config' does not exist on type 'SimulatedNeuralNetwork'.
src/neural/core/neural-network-manager.ts(1832,10): error TS2339: Property 'agentId' does not exist on type 'AdvancedNeuralNetwork'.
src/neural/core/neural-network-manager.ts(1833,10): error TS2339: Property 'model' does not exist on type 'AdvancedNeuralNetwork'.
src/neural/core/neural-network-manager.ts(1834,10): error TS2339: Property 'config' does not exist on type 'AdvancedNeuralNetwork'.
src/neural/core/neural-network-manager.ts(1835,10): error TS2339: Property 'modelType' does not exist on type 'AdvancedNeuralNetwork'.
src/neural/core/neural-network-manager.ts(1836,10): error TS2339: Property 'isAdvanced' does not exist on type 'AdvancedNeuralNetwork'.
src/neural/core/neural-network-manager.ts(1844,16): error TS2339: Property 'modelType' does not exist on type 'AdvancedNeuralNetwork'.
src/neural/core/neural-network-manager.ts(1844,52): error TS2339: Property 'modelType' does not exist on type 'AdvancedNeuralNetwork'.
src/neural/core/neural-network-manager.ts(1850,23): error TS2339: Property 'modelType' does not exist on type 'AdvancedNeuralNetwork'.
src/neural/core/neural-network-manager.ts(1853,35): error TS2339: Property 'config' does not exist on type 'AdvancedNeuralNetwork'.
src/neural/core/neural-network-manager.ts(1857,23): error TS2339: Property 'modelType' does not exist on type 'AdvancedNeuralNetwork'.
src/neural/core/neural-network-manager.ts(1865,33): error TS2339: Property 'model' does not exist on type 'AdvancedNeuralNetwork'.
src/neural/core/neural-network-manager.ts(1868,16): error TS2339: Property 'modelType' does not exist on type 'AdvancedNeuralNetwork'.
src/neural/core/neural-network-manager.ts(1874,53): error TS2339: Property 'modelType' does not exist on type 'AdvancedNeuralNetwork'.
src/neural/core/neural-network-manager.ts(1875,36): error TS2339: Property 'config' does not exist on type 'AdvancedNeuralNetwork'.
src/neural/core/neural-network-manager.ts(1880,17): error TS2339: Property 'model' does not exist on type 'AdvancedNeuralNetwork'.
src/neural/core/neural-network-manager.ts(1891,17): error TS2339: Property 'model' does not exist on type 'AdvancedNeuralNetwork'.
src/neural/core/neural-network-manager.ts(1895,17): error TS2339: Property 'model' does not exist on type 'AdvancedNeuralNetwork'.
src/neural/core/neural-network-manager.ts(1899,17): error TS2339: Property 'model' does not exist on type 'AdvancedNeuralNetwork'.
src/neural/core/neural-network-manager.ts(1904,14): error TS2339: Property 'modelType' does not exist on type 'AdvancedNeuralNetwork'.
src/neural/core/neural-network-manager.ts(1905,34): error TS2339: Property 'model' does not exist on type 'AdvancedNeuralNetwork'.
src/neural/core/neural-network-manager.ts(1908,54): error TS2339: Property 'modelType' does not exist on type 'AdvancedNeuralNetwork'.
src/neural/core/neural-network-manager.ts(1912,14): error TS2339: Property 'modelType' does not exist on type 'AdvancedNeuralNetwork'.
src/neural/core/neural-network-manager.ts(1913,34): error TS2339: Property 'model' does not exist on type 'AdvancedNeuralNetwork'.
src/neural/core/neural-network-manager.ts(1916,54): error TS2339: Property 'modelType' does not exist on type 'AdvancedNeuralNetwork'.
src/neural/core/neural-network-manager.ts(1920,14): error TS2339: Property 'modelType' does not exist on type 'AdvancedNeuralNetwork'.
src/neural/core/neural-network-manager.ts(1920,50): error TS2339: Property 'config' does not exist on type 'AdvancedNeuralNetwork'.
src/neural/core/neural-network-manager.ts(1921,19): error TS2339: Property 'model' does not exist on type 'AdvancedNeuralNetwork'.
src/neural/core/neural-network-manager.ts(1923,58): error TS2339: Property 'modelType' does not exist on type 'AdvancedNeuralNetwork'.
src/neural/core/neural-network.ts(105,56): error TS2307: Cannot find module '../wasm/ruv_swarm_wasm.js' or its corresponding type declarations.
src/neural/core/neural.ts(8,26): error TS2307: Cannot find module './index-enhanced' or its corresponding type declarations.
src/neural/core/neural.ts(29,10): error TS2339: Property 'ruvSwarm' does not exist on type 'NeuralCLI'.
src/neural/core/neural.ts(30,10): error TS2339: Property 'activePatterns' does not exist on type 'NeuralCLI'.
src/neural/core/neural.ts(34,15): error TS2339: Property 'ruvSwarm' does not exist on type 'NeuralCLI'.
src/neural/core/neural.ts(35,12): error TS2339: Property 'ruvSwarm' does not exist on type 'NeuralCLI'.
src/neural/core/neural.ts(40,17): error TS2339: Property 'ruvSwarm' does not exist on type 'NeuralCLI'.
src/neural/core/neural.ts(197,16): error TS2339: Property 'convergent' does not exist on type '{ attention: { 'Focus Patterns': string[]; 'Learned Behaviors': string[]; Strengths: string[]; }; lstm: { 'Memory Patterns': string[]; 'Learned Behaviors': string[]; Strengths: string[]; }; transformer: { 'Attention Patterns': string[]; 'Learned Behaviors': string[]; Strengths: string[]; }; }'.
src/neural/core/neural.ts(206,16): error TS2339: Property 'divergent' does not exist on type '{ attention: { 'Focus Patterns': string[]; 'Learned Behaviors': string[]; Strengths: string[]; }; lstm: { 'Memory Patterns': string[]; 'Learned Behaviors': string[]; Strengths: string[]; }; transformer: { 'Attention Patterns': string[]; 'Learned Behaviors': string[]; Strengths: string[]; }; }'.
src/neural/core/neural.ts(211,16): error TS2339: Property 'lateral' does not exist on type '{ attention: { 'Focus Patterns': string[]; 'Learned Behaviors': string[]; Strengths: string[]; }; lstm: { 'Memory Patterns': string[]; 'Learned Behaviors': string[]; Strengths: string[]; }; transformer: { 'Attention Patterns': string[]; 'Learned Behaviors': string[]; Strengths: string[]; }; }'.
src/neural/core/neural.ts(220,16): error TS2339: Property 'systems' does not exist on type '{ attention: { 'Focus Patterns': string[]; 'Learned Behaviors': string[]; Strengths: string[]; }; lstm: { 'Memory Patterns': string[]; 'Learned Behaviors': string[]; Strengths: string[]; }; transformer: { 'Attention Patterns': string[]; 'Learned Behaviors': string[]; Strengths: string[]; }; }'.
src/neural/core/neural.ts(225,16): error TS2339: Property 'critical' does not exist on type '{ attention: { 'Focus Patterns': string[]; 'Learned Behaviors': string[]; Strengths: string[]; }; lstm: { 'Memory Patterns': string[]; 'Learned Behaviors': string[]; Strengths: string[]; }; transformer: { 'Attention Patterns': string[]; 'Learned Behaviors': string[]; Strengths: string[]; }; }'.
src/neural/core/neural.ts(230,16): error TS2339: Property 'abstract' does not exist on type '{ attention: { 'Focus Patterns': string[]; 'Learned Behaviors': string[]; Strengths: string[]; }; lstm: { 'Memory Patterns': string[]; 'Learned Behaviors': string[]; Strengths: string[]; }; transformer: { 'Attention Patterns': string[]; 'Learned Behaviors': string[]; Strengths: string[]; }; }'.
src/neural/core/neural.ts(250,19): error TS2339: Property 'forEach' does not exist on type 'unknown'.
src/neural/core/neural.ts(255,19): error TS2339: Property 'forEach' does not exist on type 'unknown'.
src/neural/core/neural.ts(267,17): error TS2339: Property 'forEach' does not exist on type 'unknown'.
src/neural/core/neural.ts(325,37): error TS2339: Property 'parameters' does not exist on type 'unknown'.
src/neural/core/neural.ts(427,50): error TS2322: Type 'string' is not assignable to type 'number'.
src/neural/index.ts(19,1): error TS2308: Module './agents/index' has already exported a member named 'COGNITIVE_PATTERNS'. Consider explicitly re-exporting to resolve the ambiguity.
src/neural/index.ts(19,1): error TS2308: Module './agents/index' has already exported a member named 'CognitiveState'. Consider explicitly re-exporting to resolve the ambiguity.
src/neural/index.ts(19,1): error TS2308: Module './agents/index' has already exported a member named 'NeuralNetwork'. Consider explicitly re-exporting to resolve the ambiguity.
src/neural/index.ts(23,1): error TS2308: Module './agents/index' has already exported a member named 'NeuralNetwork'. Consider explicitly re-exporting to resolve the ambiguity.
src/neural/index.ts(23,1): error TS2308: Module './core/index' has already exported a member named 'NeuralConfig'. Consider explicitly re-exporting to resolve the ambiguity.
src/neural/index.ts(23,1): error TS2308: Module './core/index' has already exported a member named 'createNeuralNetwork'. Consider explicitly re-exporting to resolve the ambiguity.
src/neural/models/index.ts(5,10): error TS2305: Module '"./presets/neural-presets-complete"' has no exported member 'NEURAL_PRESETS'.
src/neural/public-api.ts(28,51): error TS2552: Cannot find name 'INeuralWASM'. Did you mean 'NeuralWASM'?
src/neural/public-api.ts(42,26): error TS2339: Property 'createNetwork' does not exist on type 'WasmNeuralAccelerator'.
src/neural/public-api.ts(46,26): error TS2339: Property 'train' does not exist on type 'WasmNeuralAccelerator'.
src/neural/public-api.ts(50,26): error TS2339: Property 'predict' does not exist on type 'WasmNeuralAccelerator'.
src/neural/public-api.ts(54,26): error TS2339: Property 'freeNetwork' does not exist on type 'WasmNeuralAccelerator'.
src/neural/wasm/index.ts(12,15): error TS2307: Cannot find module './wasm-loader' or its corresponding type declarations.
src/neural/wasm/index.ts(13,39): error TS2307: Cannot find module './wasm-loader' or its corresponding type declarations.
src/neural/wasm/index.ts(14,15): error TS2307: Cannot find module './wasm-loader2' or its corresponding type declarations.
src/neural/wasm/index.ts(15,40): error TS2307: Cannot find module './wasm-loader2' or its corresponding type declarations.
src/neural/wasm/wasm-neural-accelerator.ts(31,10): error TS2339: Property 'options' does not exist on type 'WasmNeuralAccelerator'.
src/neural/wasm/wasm-neural-accelerator.ts(35,10): error TS2304: Cannot find name 'options'.
src/optimization/benchmarks/performance-benchmarks.ts(144,17): error TS2304: Cannot find name 'NEURAL_PERFORMANCE_TARGETS'.
src/optimization/benchmarks/performance-benchmarks.ts(170,17): error TS2304: Cannot find name 'NEURAL_PERFORMANCE_TARGETS'.
src/optimization/benchmarks/performance-benchmarks.ts(196,17): error TS2304: Cannot find name 'NEURAL_PERFORMANCE_TARGETS'.
src/optimization/benchmarks/performance-benchmarks.ts(222,17): error TS2304: Cannot find name 'NEURAL_PERFORMANCE_TARGETS'.
src/optimization/benchmarks/performance-benchmarks.ts(261,17): error TS2304: Cannot find name 'SWARM_PERFORMANCE_TARGETS'.
src/optimization/benchmarks/performance-benchmarks.ts(313,17): error TS2304: Cannot find name 'SWARM_PERFORMANCE_TARGETS'.
src/optimization/benchmarks/performance-benchmarks.ts(350,17): error TS2304: Cannot find name 'DATA_PERFORMANCE_TARGETS'.
src/optimization/benchmarks/performance-benchmarks.ts(376,17): error TS2304: Cannot find name 'DATA_PERFORMANCE_TARGETS'.
src/optimization/benchmarks/performance-benchmarks.ts(402,17): error TS2304: Cannot find name 'DATA_PERFORMANCE_TARGETS'.
src/optimization/benchmarks/performance-benchmarks.ts(440,17): error TS2304: Cannot find name 'WASM_PERFORMANCE_TARGETS'.
src/optimization/benchmarks/performance-benchmarks.ts(466,17): error TS2304: Cannot find name 'WASM_PERFORMANCE_TARGETS'.
src/optimization/data/data-optimizer.ts(103,12): error TS2339: Property 'logger' does not exist on type 'DataPerformanceOptimizer'.
src/optimization/data/data-optimizer.ts(117,9): error TS2353: Object literal may only specify known properties, and 'performanceImprovement' does not exist in type 'QueryOptimization'.
src/optimization/data/data-optimizer.ts(213,12): error TS2339: Property 'logger' does not exist on type 'DataPerformanceOptimizer'.
src/optimization/data/data-optimizer.ts(226,9): error TS2353: Object literal may only specify known properties, and 'cachingStrategy' does not exist in type 'CacheOptimization'.
src/optimization/swarm/swarm-optimizer.ts(105,12): error TS2339: Property 'logger' does not exist on type 'SwarmCoordinationOptimizer'.
src/optimization/swarm/swarm-optimizer.ts(242,12): error TS2339: Property 'logger' does not exist on type 'SwarmCoordinationOptimizer'.
src/optimization/swarm/swarm-optimizer.ts(245,54): error TS2339: Property 'type' does not exist on type '"adaptive" | "round_robin" | "weighted" | "least_connections"'.
  Property 'type' does not exist on type '"adaptive"'.
src/optimization/swarm/swarm-optimizer.ts(251,9): error TS2322: Type '"adaptive" | "round_robin" | "weighted" | "least_connections"' is not assignable to type '"adaptive" | "round-robin" | "least-connections" | "weighted"'.
  Type '"round_robin"' is not assignable to type '"adaptive" | "round-robin" | "least-connections" | "weighted"'. Did you mean '"round-robin"'?
src/optimization/wasm/wasm-optimizer.ts(100,12): error TS2339: Property 'logger' does not exist on type 'WasmPerformanceOptimizer'.
src/sparc/core/sparc-engine.ts(16,34): error TS2307: Cannot find module '../../coordination/enhanced-task-tool' or its corresponding type declarations.
src/sparc/core/sparc-engine.ts(18,37): error TS2307: Cannot find module '../../core/unified-memory-system' or its corresponding type declarations.
src/sparc/core/sparc-engine.ts(19,39): error TS2307: Cannot find module '../../core/unified-workflow-engine' or its corresponding type declarations.
src/sparc/core/sparc-engine.ts(69,10): error TS2339: Property 'memorySystem' does not exist on type 'SPARCEngineCore'.
src/sparc/core/sparc-engine.ts(71,10): error TS2339: Property 'taskTool' does not exist on type 'SPARCEngineCore'.
src/sparc/core/sparc-engine.ts(747,71): error TS2339: Property 'id' does not exist on type 'Component'.
src/sparc/core/sparc-engine.ts(761,73): error TS2339: Property 'id' does not exist on type 'Component'.
src/sparc/core/sparc-engine.ts(1061,41): error TS2576: Property 'createTask' does not exist on type 'TaskAPI'. Did you mean to access the static member 'TaskAPI.createTask' instead?
src/sparc/index.ts(24,28): error TS2304: Cannot find name 'SPARCEngineCore'.
src/sparc/index.ts(29,23): error TS2304: Cannot find name 'SPARCEngineCore'.
src/sparc/index.ts(31,28): error TS2304: Cannot find name 'SPARCEngineCore'.
src/sparc/integrations/project-management-integration.ts(14,59): error TS2307: Cannot find module '../../coordination/enhanced-task-tool' or its corresponding type declarations.
src/sparc/integrations/project-management-integration.ts(16,37): error TS2307: Cannot find module '../../core/unified-memory-system' or its corresponding type declarations.
src/sparc/integrations/project-management-integration.ts(17,39): error TS2307: Cannot find module '../../core/unified-workflow-engine' or its corresponding type declarations.
src/sparc/integrations/project-management-integration.ts(160,10): error TS2339: Property 'roadmapFile' does not exist on type 'ProjectManagementIntegration'.
src/sparc/integrations/project-management-integration.ts(165,10): error TS2339: Property 'taskDistributor' does not exist on type 'ProjectManagementIntegration'.
src/sparc/integrations/project-management-integration.ts(185,9): error TS2393: Duplicate function implementation.
src/sparc/integrations/project-management-integration.ts(230,33): error TS2345: Argument of type 'any[]' is not assignable to parameter of type 'SPARCProject'.
  Type 'any[]' is missing the following properties from type 'SPARCProject': id, name, domain, specification, and 7 more.
src/sparc/integrations/project-management-integration.ts(235,32): error TS2345: Argument of type 'PRD' is not assignable to parameter of type 'SPARCProject'.
  Type 'PRD' is missing the following properties from type 'SPARCProject': name, domain, specification, pseudocode, and 6 more.
src/sparc/integrations/project-management-integration.ts(281,73): error TS2339: Property 'description' does not exist on type 'ExternalDependency'.
src/sparc/integrations/project-management-integration.ts(463,14): error TS2339: Property 'logger' does not exist on type 'ProjectManagementIntegration'.
src/sparc/integrations/project-management-integration.ts(897,9): error TS2393: Duplicate function implementation.
src/sparc/integrations/roadmap-integration.ts(29,10): error TS2339: Property 'projectRoot' does not exist on type 'SPARCRoadmapManager'.
src/sparc/integrations/swarm-coordination-integration.ts(17,3): error TS2820: Type '"requirements-analyst"' is not assignable to type 'AgentType'. Did you mean '"requirements_analyst"'?
src/sparc/integrations/swarm-coordination-integration.ts(19,3): error TS2820: Type '"performance-engineer"' is not assignable to type 'AgentType'. Did you mean '"performance-tester"'?
src/sparc/integrations/swarm-coordination-integration.ts(20,3): error TS2322: Type '"test-engineer"' is not assignable to type 'AgentType'.
src/sparc/integrations/swarm-coordination-integration.ts(21,3): error TS2322: Type '"security-engineer"' is not assignable to type 'AgentType'.
src/sparc/integrations/swarm-coordination-integration.ts(22,3): error TS2322: Type '"documentation-specialist"' is not assignable to type 'AgentType'.
src/sparc/integrations/swarm-coordination-integration.ts(73,41): error TS2576: Property 'createTask' does not exist on type 'TaskAPI'. Did you mean to access the static member 'TaskAPI.createTask' instead?
src/sparc/integrations/swarm-coordination-integration.ts(100,10): error TS2339: Property 'logger' does not exist on type 'SPARCSwarmCoordinator'.
src/sparc/integrations/swarm-coordination-integration.ts(140,23): error TS2820: Type '"requirements-analyst"' is not assignable to type 'AgentType'. Did you mean '"requirements_analyst"'?
src/sparc/integrations/swarm-coordination-integration.ts(140,68): error TS2322: Type '"documentation-specialist"' is not assignable to type 'AgentType'.
src/sparc/integrations/swarm-coordination-integration.ts(144,9): error TS2820: Type '"performance-engineer"' is not assignable to type 'AgentType'. Did you mean '"performance-tester"'?
src/sparc/integrations/swarm-coordination-integration.ts(145,9): error TS2322: Type '"security-engineer"' is not assignable to type 'AgentType'.
src/sparc/integrations/swarm-coordination-integration.ts(149,9): error TS2820: Type '"performance-engineer"' is not assignable to type 'AgentType'. Did you mean '"performance-tester"'?
src/sparc/integrations/swarm-coordination-integration.ts(150,9): error TS2322: Type '"security-engineer"' is not assignable to type 'AgentType'.
src/sparc/integrations/swarm-coordination-integration.ts(151,9): error TS2322: Type '"test-engineer"' is not assignable to type 'AgentType'.
src/sparc/integrations/swarm-coordination-integration.ts(156,9): error TS2322: Type '"test-engineer"' is not assignable to type 'AgentType'.
src/sparc/integrations/swarm-coordination-integration.ts(157,9): error TS2322: Type '"documentation-specialist"' is not assignable to type 'AgentType'.
src/sparc/integrations/swarm-coordination-integration.ts(234,7): error TS2353: Object literal may only specify known properties, and ''performance-engineer'' does not exist in type 'Record<AgentType, string[]>'.
src/sparc/integrations/swarm-coordination-integration.ts(283,14): error TS2339: Property 'logger' does not exist on type 'SPARCSwarmCoordinator'.
src/sparc/integrations/swarm-coordination-integration.ts(308,16): error TS2339: Property 'logger' does not exist on type 'SPARCSwarmCoordinator'.
src/sparc/integrations/swarm-coordination-integration.ts(310,16): error TS2339: Property 'logger' does not exist on type 'SPARCSwarmCoordinator'.
src/sparc/integrations/swarm-coordination-integration.ts(334,10): error TS2339: Property 'logger' does not exist on type 'SPARCSwarmCoordinator'.
src/sparc/phases/architecture/architecture-engine.ts(12,3): error TS2724: '"../../types/sparc-types"' has no exported member named 'ArchitecturePattern'. Did you mean 'ArchitecturalPattern'?
src/sparc/phases/architecture/architecture-engine.ts(13,3): error TS2724: '"../../types/sparc-types"' has no exported member named 'ArchitectureValidation'. Did you mean 'ArchitecturalValidation'?
src/sparc/phases/architecture/architecture-engine.ts(14,3): error TS2305: Module '"../../types/sparc-types"' has no exported member 'ComponentInterface'.
src/sparc/phases/architecture/architecture-engine.ts(15,3): error TS2305: Module '"../../types/sparc-types"' has no exported member 'ComponentRelationship'.
src/sparc/phases/architecture/architecture-engine.ts(16,3): error TS2305: Module '"../../types/sparc-types"' has no exported member 'DataFlow'.
src/sparc/phases/architecture/architecture-engine.ts(17,3): error TS2305: Module '"../../types/sparc-types"' has no exported member 'DeploymentStrategy'.
src/sparc/phases/architecture/architecture-engine.ts(18,3): error TS2305: Module '"../../types/sparc-types"' has no exported member 'IntegrationPoint'.
src/sparc/phases/architecture/architecture-engine.ts(19,3): error TS2305: Module '"../../types/sparc-types"' has no exported member 'PerformanceRequirement'.
src/sparc/phases/architecture/architecture-engine.ts(22,3): error TS2305: Module '"../../types/sparc-types"' has no exported member 'ScalabilityRequirement'.
src/sparc/phases/architecture/architecture-engine.ts(23,3): error TS2305: Module '"../../types/sparc-types"' has no exported member 'SecurityRequirement'.
src/sparc/phases/architecture/architecture-engine.ts(24,3): error TS2305: Module '"../../types/sparc-types"' has no exported member 'SystemComponent'.
src/sparc/phases/architecture/architecture-engine.ts(28,14): error TS2420: Class 'ArchitecturePhaseEngine' incorrectly implements interface 'ArchitectureEngine'.
  Type 'ArchitecturePhaseEngine' is missing the following properties from type 'ArchitectureEngine': designSystemArchitecture, generateComponentDiagrams, designDataFlow, planDeploymentArchitecture, validateArchitecturalConsistency
src/sparc/phases/architecture/architecture-engine.ts(40,7): error TS2353: Object literal may only specify known properties, and 'id' does not exist in type 'ArchitectureDesign'.
src/sparc/phases/architecture/architecture-engine.ts(41,32): error TS2339: Property 'id' does not exist on type 'PseudocodeStructure'.
src/sparc/phases/architecture/architecture-engine.ts(67,40): error TS2551: Property 'coreAlgorithms' does not exist on type 'PseudocodeStructure'. Did you mean 'algorithms'?
src/sparc/phases/architecture/architecture-engine.ts(394,9): error TS2353: Object literal may only specify known properties, and 'id' does not exist in type 'QualityAttribute'.
src/sparc/phases/architecture/architecture-engine.ts(407,9): error TS2353: Object literal may only specify known properties, and 'id' does not exist in type 'QualityAttribute'.
src/sparc/phases/architecture/architecture-engine.ts(420,9): error TS2353: Object literal may only specify known properties, and 'id' does not exist in type 'QualityAttribute'.
src/sparc/phases/architecture/architecture-engine.ts(433,9): error TS2353: Object literal may only specify known properties, and 'id' does not exist in type 'QualityAttribute'.
src/sparc/phases/architecture/architecture-engine.ts(446,9): error TS2353: Object literal may only specify known properties, and 'id' does not exist in type 'QualityAttribute'.
src/sparc/phases/architecture/architecture-engine.ts(750,23): error TS2339: Property 'estimatedPerformance' does not exist on type 'PseudocodeStructure'.
src/sparc/phases/architecture/architecture-engine.ts(819,28): error TS2339: Property 'components' does not exist on type 'ArchitectureDesign'.
src/sparc/phases/architecture/architecture-engine.ts(820,27): error TS2339: Property 'components' does not exist on type 'ArchitectureDesign'.
src/sparc/phases/architecture/architecture-engine.ts(821,7): error TS2353: Object literal may only specify known properties, and 'feedback' does not exist in type 'ValidationResult'.
src/sparc/phases/architecture/architecture-engine.ts(822,22): error TS2339: Property 'components' does not exist on type 'ArchitectureDesign'.
src/sparc/phases/architecture/architecture-engine.ts(830,28): error TS2339: Property 'relationships' does not exist on type 'ArchitectureDesign'.
src/sparc/phases/architecture/architecture-engine.ts(831,27): error TS2339: Property 'relationships' does not exist on type 'ArchitectureDesign'.
src/sparc/phases/architecture/architecture-engine.ts(832,7): error TS2353: Object literal may only specify known properties, and 'feedback' does not exist in type 'ValidationResult'.
src/sparc/phases/architecture/architecture-engine.ts(833,22): error TS2339: Property 'relationships' does not exist on type 'ArchitectureDesign'.
src/sparc/phases/architecture/architecture-engine.ts(841,28): error TS2339: Property 'patterns' does not exist on type 'ArchitectureDesign'.
src/sparc/phases/architecture/architecture-engine.ts(842,27): error TS2339: Property 'patterns' does not exist on type 'ArchitectureDesign'.
src/sparc/phases/architecture/architecture-engine.ts(843,7): error TS2353: Object literal may only specify known properties, and 'feedback' does not exist in type 'ValidationResult'.
src/sparc/phases/architecture/architecture-engine.ts(844,22): error TS2339: Property 'patterns' does not exist on type 'ArchitectureDesign'.
src/sparc/phases/architecture/architecture-engine.ts(852,28): error TS2339: Property 'qualityAttributes' does not exist on type 'ArchitectureDesign'.
src/sparc/phases/architecture/architecture-engine.ts(853,27): error TS2339: Property 'qualityAttributes' does not exist on type 'ArchitectureDesign'.
src/sparc/phases/architecture/architecture-engine.ts(854,7): error TS2353: Object literal may only specify known properties, and 'feedback' does not exist in type 'ValidationResult'.
src/sparc/phases/architecture/architecture-engine.ts(855,22): error TS2339: Property 'qualityAttributes' does not exist on type 'ArchitectureDesign'.
src/sparc/phases/completion/completion-engine.ts(10,3): error TS2724: '"../../types/sparc-types"' has no exported member named 'CodeArtifact'. Did you mean 'CodeArtifacts'?
src/sparc/phases/completion/completion-engine.ts(11,3): error TS2305: Module '"../../types/sparc-types"' has no exported member 'CodeGeneration'.
src/sparc/phases/completion/completion-engine.ts(14,3): error TS2305: Module '"../../types/sparc-types"' has no exported member 'ComplianceCheck'.
src/sparc/phases/completion/completion-engine.ts(15,3): error TS2305: Module '"../../types/sparc-types"' has no exported member 'DeploymentArtifact'.
src/sparc/phases/completion/completion-engine.ts(16,3): error TS2305: Module '"../../types/sparc-types"' has no exported member 'DeploymentArtifacts'.
src/sparc/phases/completion/completion-engine.ts(18,3): error TS2724: '"../../types/sparc-types"' has no exported member named 'DocumentationGeneration'. Did you mean 'DocumentationSet'?
src/sparc/phases/completion/completion-engine.ts(20,3): error TS2724: '"../../types/sparc-types"' has no exported member named 'ProductionReadinessCheck'. Did you mean 'ProductionReadinessReport'?
src/sparc/phases/completion/completion-engine.ts(21,3): error TS2305: Module '"../../types/sparc-types"' has no exported member 'QualityGate'.
src/sparc/phases/completion/completion-engine.ts(23,3): error TS2305: Module '"../../types/sparc-types"' has no exported member 'TestArtifact'.
src/sparc/phases/completion/completion-engine.ts(24,3): error TS2305: Module '"../../types/sparc-types"' has no exported member 'TestGeneration'.
src/sparc/phases/completion/completion-engine.ts(47,7): error TS2353: Object literal may only specify known properties, and 'id' does not exist in type 'ImplementationArtifacts'.
src/sparc/phases/completion/completion-engine.ts(48,32): error TS2339: Property 'id' does not exist on type 'ImpactPrediction'.
src/sparc/phases/completion/completion-engine.ts(71,40): error TS2339: Property 'refinedArchitecture' does not exist on type 'ImpactPrediction'.
src/sparc/phases/completion/completion-engine.ts(80,39): error TS2339: Property 'refinedArchitecture' does not exist on type 'ImpactPrediction'.
src/sparc/phases/completion/completion-engine.ts(90,65): error TS2339: Property 'refinedArchitecture' does not exist on type 'ImpactPrediction'.
src/sparc/phases/completion/completion-engine.ts(91,60): error TS2339: Property 'refinedArchitecture' does not exist on type 'ImpactPrediction'.
src/sparc/phases/completion/completion-engine.ts(92,64): error TS2339: Property 'refinedArchitecture' does not exist on type 'ImpactPrediction'.
src/sparc/phases/completion/completion-engine.ts(98,68): error TS2339: Property 'securityOptimizations' does not exist on type 'ImpactPrediction'.
src/sparc/phases/completion/completion-engine.ts(105,57): error TS2339: Property 'refinedArchitecture' does not exist on type 'ImpactPrediction'.
src/sparc/phases/completion/completion-engine.ts(117,40): error TS2339: Property 'refinedArchitecture' does not exist on type 'ImpactPrediction'.
src/sparc/phases/completion/completion-engine.ts(122,67): error TS2339: Property 'refinedArchitecture' does not exist on type 'ImpactPrediction'.
src/sparc/phases/completion/completion-engine.ts(125,59): error TS2339: Property 'refinedArchitecture' does not exist on type 'ImpactPrediction'.
src/sparc/phases/completion/completion-engine.ts(128,67): error TS2339: Property 'performanceOptimizations' does not exist on type 'ImpactPrediction'.
src/sparc/phases/completion/completion-engine.ts(131,64): error TS2339: Property 'securityOptimizations' does not exist on type 'ImpactPrediction'.
src/sparc/phases/completion/completion-engine.ts(134,60): error TS2339: Property 'scalabilityOptimizations' does not exist on type 'ImpactPrediction'.
src/sparc/phases/completion/completion-engine.ts(149,17): error TS2416: Property 'generateDocumentation' in type 'CompletionPhaseEngine' is not assignable to the same property in base type 'CompletionEngine'.
  Type '(refinement: ImpactPrediction) => Promise<DocumentationGeneration>' is not assignable to type '(project: SPARCProject) => Promise<DocumentationSet>'.
    Types of parameters 'refinement' and 'project' are incompatible.
      Type 'SPARCProject' is missing the following properties from type 'ImpactPrediction': performanceGain, resourceReduction, scalabilityIncrease, maintainabilityImprovement
src/sparc/phases/completion/completion-engine.ts(155,67): error TS2339: Property 'refinedArchitecture' does not exist on type 'ImpactPrediction'.
src/sparc/phases/completion/completion-engine.ts(158,76): error TS2339: Property 'refinedArchitecture' does not exist on type 'ImpactPrediction'.
src/sparc/phases/completion/completion-engine.ts(161,68): error TS2339: Property 'refinedArchitecture' does not exist on type 'ImpactPrediction'.
src/sparc/phases/completion/completion-engine.ts(173,72): error TS2339: Property 'securityOptimizations' does not exist on type 'ImpactPrediction'.
src/sparc/phases/completion/completion-engine.ts(193,62): error TS2339: Property 'refinedArchitecture' does not exist on type 'ImpactPrediction'.
src/sparc/phases/completion/completion-engine.ts(194,64): error TS2339: Property 'refinedArchitecture' does not exist on type 'ImpactPrediction'.
src/sparc/phases/completion/completion-engine.ts(197,70): error TS2339: Property 'refinedArchitecture' does not exist on type 'ImpactPrediction'.
src/sparc/phases/completion/completion-engine.ts(198,71): error TS2339: Property 'refinedArchitecture' does not exist on type 'ImpactPrediction'.
src/sparc/phases/completion/completion-engine.ts(199,68): error TS2339: Property 'securityOptimizations' does not exist on type 'ImpactPrediction'.
src/sparc/phases/completion/completion-engine.ts(206,67): error TS2339: Property 'refinedArchitecture' does not exist on type 'ImpactPrediction'.
src/sparc/phases/completion/completion-engine.ts(207,67): error TS2339: Property 'refinedArchitecture' does not exist on type 'ImpactPrediction'.
src/sparc/phases/completion/completion-engine.ts(210,67): error TS2339: Property 'refinedArchitecture' does not exist on type 'ImpactPrediction'.
src/sparc/phases/completion/completion-engine.ts(211,68): error TS2339: Property 'refinedArchitecture' does not exist on type 'ImpactPrediction'.
src/sparc/phases/completion/completion-engine.ts(212,64): error TS2339: Property 'refinedArchitecture' does not exist on type 'ImpactPrediction'.
src/sparc/phases/completion/completion-engine.ts(217,38): error TS2339: Property 'refinedArchitecture' does not exist on type 'ImpactPrediction'.
src/sparc/phases/completion/completion-engine.ts(640,7): error TS2353: Object literal may only specify known properties, and 'format' does not exist in type 'ArtifactReference'.
src/sparc/phases/completion/completion-engine.ts(654,7): error TS2353: Object literal may only specify known properties, and 'format' does not exist in type 'ArtifactReference'.
src/sparc/phases/completion/completion-engine.ts(666,7): error TS2353: Object literal may only specify known properties, and 'format' does not exist in type 'ArtifactReference'.
src/sparc/phases/completion/completion-engine.ts(678,7): error TS2353: Object literal may only specify known properties, and 'format' does not exist in type 'ArtifactReference'.
src/sparc/phases/completion/completion-engine.ts(690,7): error TS2353: Object literal may only specify known properties, and 'format' does not exist in type 'ArtifactReference'.
src/sparc/phases/completion/completion-engine.ts(702,7): error TS2353: Object literal may only specify known properties, and 'format' does not exist in type 'ArtifactReference'.
src/sparc/phases/completion/completion-engine.ts(714,7): error TS2353: Object literal may only specify known properties, and 'format' does not exist in type 'ArtifactReference'.
src/sparc/phases/completion/completion-engine.ts(1405,30): error TS2339: Property 'codeGeneration' does not exist on type 'ImplementationArtifacts'.
src/sparc/phases/completion/completion-engine.ts(1406,29): error TS2339: Property 'codeGeneration' does not exist on type 'ImplementationArtifacts'.
src/sparc/phases/completion/completion-engine.ts(1407,7): error TS2353: Object literal may only specify known properties, and 'feedback' does not exist in type 'ValidationResult'.
src/sparc/phases/completion/completion-engine.ts(1408,24): error TS2339: Property 'codeGeneration' does not exist on type 'ImplementationArtifacts'.
src/sparc/phases/completion/completion-engine.ts(1416,30): error TS2339: Property 'testGeneration' does not exist on type 'ImplementationArtifacts'.
src/sparc/phases/completion/completion-engine.ts(1417,29): error TS2339: Property 'testGeneration' does not exist on type 'ImplementationArtifacts'.
src/sparc/phases/completion/completion-engine.ts(1418,7): error TS2353: Object literal may only specify known properties, and 'feedback' does not exist in type 'ValidationResult'.
src/sparc/phases/completion/completion-engine.ts(1419,24): error TS2339: Property 'testGeneration' does not exist on type 'ImplementationArtifacts'.
src/sparc/phases/completion/completion-engine.ts(1427,30): error TS2339: Property 'documentationGeneration' does not exist on type 'ImplementationArtifacts'.
src/sparc/phases/completion/completion-engine.ts(1428,29): error TS2339: Property 'documentationGeneration' does not exist on type 'ImplementationArtifacts'.
src/sparc/phases/completion/completion-engine.ts(1429,7): error TS2353: Object literal may only specify known properties, and 'feedback' does not exist in type 'ValidationResult'.
src/sparc/phases/completion/completion-engine.ts(1430,24): error TS2339: Property 'documentationGeneration' does not exist on type 'ImplementationArtifacts'.
src/sparc/phases/completion/completion-engine.ts(1437,22): error TS2339: Property 'productionReadinessChecks' does not exist on type 'ImplementationArtifacts'.
src/sparc/phases/completion/completion-engine.ts(1438,22): error TS2339: Property 'productionReadinessChecks' does not exist on type 'ImplementationArtifacts'.
src/sparc/phases/completion/completion-engine.ts(1443,7): error TS2353: Object literal may only specify known properties, and 'feedback' does not exist in type 'ValidationResult'.
src/sparc/phases/completion/completion-engine.ts(1453,7): error TS2353: Object literal may only specify known properties, and 'overallScore' does not exist in type 'CompletionValidation'.
src/sparc/phases/pseudocode/pseudocode-engine.ts(11,3): error TS2305: Module '"../../types/sparc-types"' has no exported member 'ComplexityClass'.
src/sparc/phases/pseudocode/pseudocode-engine.ts(12,3): error TS2305: Module '"../../types/sparc-types"' has no exported member 'CoreAlgorithm'.
src/sparc/phases/pseudocode/pseudocode-engine.ts(13,3): error TS2305: Module '"../../types/sparc-types"' has no exported member 'DataStructureSpec'.
src/sparc/phases/pseudocode/pseudocode-engine.ts(17,3): error TS2305: Module '"../../types/sparc-types"' has no exported member 'ProcessFlow'.
src/sparc/phases/pseudocode/pseudocode-engine.ts(20,3): error TS2305: Module '"../../types/sparc-types"' has no exported member 'PseudocodeValidation'.
src/sparc/phases/pseudocode/pseudocode-engine.ts(35,7): error TS2353: Object literal may only specify known properties, and 'id' does not exist in type 'PseudocodeStructure'.
src/sparc/phases/pseudocode/pseudocode-engine.ts(36,38): error TS2339: Property 'id' does not exist on type 'DetailedSpecification'.
src/sparc/phases/pseudocode/pseudocode-engine.ts(57,23): error TS2339: Property 'type' does not exist on type 'FunctionalRequirement'.
src/sparc/phases/pseudocode/pseudocode-engine.ts(60,25): error TS2339: Property 'domain' does not exist on type 'DetailedSpecification'.
src/sparc/phases/pseudocode/pseudocode-engine.ts(67,27): error TS2339: Property 'domain' does not exist on type 'DetailedSpecification'.
src/sparc/phases/pseudocode/pseudocode-engine.ts(366,27): error TS2339: Property 'domain' does not exist on type 'DetailedSpecification'.
src/sparc/phases/pseudocode/pseudocode-engine.ts(467,7): error TS2353: Object literal may only specify known properties, and 'worstCase' does not exist in type 'ComplexityAnalysis'.
src/sparc/phases/pseudocode/pseudocode-engine.ts(528,9): error TS2322: Type '"algorithmic"' is not assignable to type '"memory" | "performance" | "readability" | "maintainability"'.
src/sparc/phases/pseudocode/pseudocode-engine.ts(536,9): error TS2322: Type '"caching"' is not assignable to type '"memory" | "performance" | "readability" | "maintainability"'.
src/sparc/phases/pseudocode/pseudocode-engine.ts(544,9): error TS2322: Type '"parallelization"' is not assignable to type '"memory" | "performance" | "readability" | "maintainability"'.
src/sparc/phases/pseudocode/pseudocode-engine.ts(563,9): error TS2322: Type 'string' is not assignable to type 'number'.
src/sparc/phases/pseudocode/pseudocode-engine.ts(568,9): error TS2322: Type 'string' is not assignable to type 'number'.
src/sparc/phases/pseudocode/pseudocode-engine.ts(573,9): error TS2322: Type 'string' is not assignable to type 'number'.
src/sparc/phases/pseudocode/pseudocode-engine.ts(582,17): error TS2416: Property 'generateAlgorithmPseudocode' in type 'PseudocodePhaseEngine' is not assignable to the same property in base type 'PseudocodeEngine'.
  Type '(requirement: any, _domain: string) => Promise<string>' is not assignable to type '(spec: DetailedSpecification) => Promise<AlgorithmPseudocode[]>'.
    Target signature provides too few arguments. Expected 2 or more, but got 1.
src/sparc/phases/pseudocode/pseudocode-engine.ts(633,26): error TS2551: Property 'coreAlgorithms' does not exist on type 'PseudocodeStructure'. Did you mean 'algorithms'?
src/sparc/phases/pseudocode/pseudocode-engine.ts(634,25): error TS2551: Property 'coreAlgorithms' does not exist on type 'PseudocodeStructure'. Did you mean 'algorithms'?
src/sparc/phases/pseudocode/pseudocode-engine.ts(635,7): error TS2353: Object literal may only specify known properties, and 'feedback' does not exist in type 'ValidationResult'.
src/sparc/phases/pseudocode/pseudocode-engine.ts(636,20): error TS2551: Property 'coreAlgorithms' does not exist on type 'PseudocodeStructure'. Did you mean 'algorithms'?
src/sparc/phases/pseudocode/pseudocode-engine.ts(644,28): error TS2339: Property 'complexityAnalysis' does not exist on type 'PseudocodeStructure'.
src/sparc/phases/pseudocode/pseudocode-engine.ts(645,25): error TS2339: Property 'complexityAnalysis' does not exist on type 'PseudocodeStructure'.
src/sparc/phases/pseudocode/pseudocode-engine.ts(646,7): error TS2353: Object literal may only specify known properties, and 'feedback' does not exist in type 'ValidationResult'.
src/sparc/phases/pseudocode/pseudocode-engine.ts(646,28): error TS2339: Property 'complexityAnalysis' does not exist on type 'PseudocodeStructure'.
src/sparc/phases/pseudocode/pseudocode-engine.ts(656,7): error TS2353: Object literal may only specify known properties, and 'feedback' does not exist in type 'ValidationResult'.
src/sparc/phases/refinement/refinement-engine.ts(11,3): error TS2305: Module '"../../types/sparc-types"' has no exported member 'BenchmarkResult'.
src/sparc/phases/refinement/refinement-engine.ts(12,3): error TS2305: Module '"../../types/sparc-types"' has no exported member 'CodeQualityOptimization'.
src/sparc/phases/refinement/refinement-engine.ts(13,3): error TS2305: Module '"../../types/sparc-types"' has no exported member 'ImprovementMetric'.
src/sparc/phases/refinement/refinement-engine.ts(14,3): error TS2724: '"../../types/sparc-types"' has no exported member named 'OptimizationStrategy'. Did you mean 'MitigationStrategy'?
src/sparc/phases/refinement/refinement-engine.ts(15,3): error TS2305: Module '"../../types/sparc-types"' has no exported member 'PerformanceOptimization'.
src/sparc/phases/refinement/refinement-engine.ts(16,3): error TS2305: Module '"../../types/sparc-types"' has no exported member 'RefactoringOpportunity'.
src/sparc/phases/refinement/refinement-engine.ts(20,3): error TS2724: '"../../types/sparc-types"' has no exported member named 'RefinementValidation'. Did you mean 'RefinementPlan'?
src/sparc/phases/refinement/refinement-engine.ts(21,3): error TS2305: Module '"../../types/sparc-types"' has no exported member 'ScalabilityOptimization'.
src/sparc/phases/refinement/refinement-engine.ts(22,3): error TS2305: Module '"../../types/sparc-types"' has no exported member 'SecurityOptimization'.
src/sparc/phases/refinement/refinement-engine.ts(23,3): error TS2305: Module '"../../types/sparc-types"' has no exported member 'TechnicalDebtAnalysis'.
src/sparc/phases/refinement/refinement-engine.ts(27,14): error TS2420: Class 'RefinementPhaseEngine' incorrectly implements interface 'RefinementEngine'.
  Type 'RefinementPhaseEngine' is missing the following properties from type 'RefinementEngine': analyzeImplementationGaps, generateOptimizationSuggestions, refineAlgorithms, updateArchitecture, validateRefinementImpact
src/sparc/phases/refinement/refinement-engine.ts(66,7): error TS2353: Object literal may only specify known properties, and 'id' does not exist in type 'ImpactPrediction'.
src/sparc/phases/refinement/refinement-engine.ts(67,36): error TS2339: Property 'id' does not exist on type 'ArchitectureDesign'.
src/sparc/phases/refinement/refinement-engine.ts(68,28): error TS2339: Property 'id' does not exist on type 'PerformanceFeedback'.
src/sparc/phases/refinement/refinement-engine.ts(95,18): error TS2339: Property 'performanceIssues' does not exist on type 'PerformanceFeedback'.
src/sparc/phases/refinement/refinement-engine.ts(101,28): error TS2339: Property 'priority' does not exist on type 'PerformanceFeedback'.
src/sparc/phases/refinement/refinement-engine.ts(104,27): error TS2339: Property 'performanceIssues' does not exist on type 'PerformanceFeedback'.
src/sparc/phases/refinement/refinement-engine.ts(121,18): error TS2339: Property 'securityConcerns' does not exist on type 'PerformanceFeedback'.
src/sparc/phases/refinement/refinement-engine.ts(130,27): error TS2339: Property 'securityConcerns' does not exist on type 'PerformanceFeedback'.
src/sparc/phases/refinement/refinement-engine.ts(147,18): error TS2339: Property 'scalabilityRequirements' does not exist on type 'PerformanceFeedback'.
src/sparc/phases/refinement/refinement-engine.ts(156,27): error TS2339: Property 'scalabilityRequirements' does not exist on type 'PerformanceFeedback'.
src/sparc/phases/refinement/refinement-engine.ts(173,18): error TS2339: Property 'codeQualityIssues' does not exist on type 'PerformanceFeedback'.
src/sparc/phases/refinement/refinement-engine.ts(182,27): error TS2339: Property 'codeQualityIssues' does not exist on type 'PerformanceFeedback'.
src/sparc/phases/refinement/refinement-engine.ts(211,42): error TS2339: Property 'components' does not exist on type 'ArchitectureDesign'.
src/sparc/phases/refinement/refinement-engine.ts(547,7): error TS2353: Object literal may only specify known properties, and 'id' does not exist in type 'ArchitectureDesign'.
src/sparc/phases/refinement/refinement-engine.ts(558,47): error TS2339: Property 'components' does not exist on type 'ArchitectureDesign'.
src/sparc/phases/refinement/refinement-engine.ts(571,27): error TS2339: Property 'securityRequirements' does not exist on type 'ArchitectureDesign'.
src/sparc/phases/refinement/refinement-engine.ts(582,27): error TS2339: Property 'scalabilityRequirements' does not exist on type 'ArchitectureDesign'.
src/sparc/phases/refinement/refinement-engine.ts(593,25): error TS2339: Property 'qualityAttributes' does not exist on type 'ArchitectureDesign'.
src/sparc/phases/refinement/refinement-engine.ts(593,65): error TS2339: Property 'qualityAttributes' does not exist on type 'ArchitectureDesign'.
src/sparc/phases/refinement/refinement-engine.ts(730,36): error TS2339: Property 'id' does not exist on type 'ArchitectureDesign'.
src/sparc/phases/refinement/refinement-engine.ts(846,26): error TS2339: Property 'optimizationStrategies' does not exist on type 'ImpactPrediction'.
src/sparc/phases/refinement/refinement-engine.ts(847,25): error TS2339: Property 'optimizationStrategies' does not exist on type 'ImpactPrediction'.
src/sparc/phases/refinement/refinement-engine.ts(848,7): error TS2353: Object literal may only specify known properties, and 'feedback' does not exist in type 'ValidationResult'.
src/sparc/phases/refinement/refinement-engine.ts(849,20): error TS2339: Property 'optimizationStrategies' does not exist on type 'ImpactPrediction'.
src/sparc/phases/refinement/refinement-engine.ts(855,47): error TS2339: Property 'improvementMetrics' does not exist on type 'ImpactPrediction'.
src/sparc/phases/refinement/refinement-engine.ts(863,7): error TS2353: Object literal may only specify known properties, and 'feedback' does not exist in type 'ValidationResult'.
src/sparc/phases/refinement/refinement-engine.ts(870,44): error TS2339: Property 'improvementMetrics' does not exist on type 'ImpactPrediction'.
src/sparc/phases/refinement/refinement-engine.ts(877,7): error TS2353: Object literal may only specify known properties, and 'feedback' does not exist in type 'ValidationResult'.
src/sparc/phases/refinement/refinement-engine.ts(887,22): error TS2339: Property 'technicalDebtAnalysis' does not exist on type 'ImpactPrediction'.
src/sparc/phases/refinement/refinement-engine.ts(887,58): error TS2339: Property 'technicalDebtAnalysis' does not exist on type 'ImpactPrediction'.
src/sparc/phases/refinement/refinement-engine.ts(889,22): error TS2339: Property 'technicalDebtAnalysis' does not exist on type 'ImpactPrediction'.
src/sparc/phases/refinement/refinement-engine.ts(889,58): error TS2339: Property 'technicalDebtAnalysis' does not exist on type 'ImpactPrediction'.
src/sparc/phases/refinement/refinement-engine.ts(892,7): error TS2353: Object literal may only specify known properties, and 'feedback' does not exist in type 'ValidationResult'.
src/sparc/phases/refinement/refinement-engine.ts(893,22): error TS2339: Property 'technicalDebtAnalysis' does not exist on type 'ImpactPrediction'.
src/sparc/phases/refinement/refinement-engine.ts(893,58): error TS2339: Property 'technicalDebtAnalysis' does not exist on type 'ImpactPrediction'.
src/sparc/phases/specification/specification-engine.ts(71,36): error TS2339: Property 'id' does not exist on type 'never'.
src/sparc/phases/specification/specification-engine.ts(73,41): error TS2339: Property 'title' does not exist on type 'never'.
src/sparc/phases/specification/specification-engine.ts(74,43): error TS2339: Property 'metrics' does not exist on type 'never'.
src/sparc/phases/specification/specification-engine.ts(567,5): error TS2322: Type 'SystemConstraint[]' is not assignable to type 'ProjectAssumption[]'.
  Type 'SystemConstraint' is missing the following properties from type 'ProjectAssumption': confidence, riskIfIncorrect
src/sparc/phases/specification/specification-engine.ts(567,44): error TS2677: A type predicate's type must be assignable to its parameter's type.
  Type 'ProjectAssumption' is missing the following properties from type 'SystemConstraint': type, impact
