src/coordination/batch/batch-engine.ts(356,5): error TS2741: Property 'executionTime' is missing in type '{ totalOperations: number; successfulOperations: number; failedOperations: number; totalExecutionTime: number; averageExecutionTime: number; concurrencyAchieved: number; speedImprovement: number; tokenReduction: number; }' but required in type 'BatchExecutionSummary'.
src/coordination/mcp/tools/batch-tools.ts(172,46): error TS2345: Argument of type 'BatchOperation[]' is not assignable to parameter of type 'FileOperation[]'.
src/coordination/mcp/tools/batch-tools.ts(177,50): error TS2345: Argument of type 'BatchOperation[]' is not assignable to parameter of type 'SwarmOperation[]'.
src/coordination/mcp/tools/fact-external-integration.ts(545,5): error TS2322: Type 'string | object' is not assignable to type 'string'.
src/coordination/mcp/tools/fact-external-integration.ts(561,5): error TS2322: Type 'string | object' is not assignable to type 'string'.
src/coordination/mcp/tools/fact-external-integration.ts(577,5): error TS2322: Type 'string | object' is not assignable to type 'string'.
src/coordination/mcp/tools/fact-storage-tools.ts(271,39): error TS2339: Property 'clearByQuality' does not exist on type 'FACTStorageSystem'.
src/coordination/mcp/tools/fact-storage-tools.ts(276,39): error TS2339: Property 'clearByAge' does not exist on type 'FACTStorageSystem'.
src/coordination/mcp/tools/fact-storage-tools.ts(281,39): error TS2339: Property 'clearMemoryCache' does not exist on type 'FACTStorageSystem'.
src/coordination/mcp/tools/fact-storage-tools.ts(403,48): error TS2339: Property 'optimize' does not exist on type 'FACTStorageSystem'.
src/coordination/persistent-learning-system.ts(219,7): error TS2739: Type 'SwarmMemory' is missing the following properties from type '{ readonly content: unknown; readonly metadata: { readonly source: string; readonly confidence: number; readonly expiry?: Date; readonly tags: readonly string[]; }; }': content, metadata
src/coordination/persistent-learning-system.ts(619,56): error TS2339: Property 'agentTypes' does not exist on type 'SwarmCreatedPayload'.
src/coordination/persistent-learning-system.ts(623,53): error TS2339: Property 'results' does not exist on type 'SwarmCompletedPayload'.
src/coordination/protocols/communication/communication-protocols.ts(400,32): error TS2339: Property 'initiateConsensus' does not exist on type 'ConsensusEngine'.
src/coordination/protocols/communication/communication-protocols.ts(724,32): error TS2339: Property 'processProposal' does not exist on type 'ConsensusEngine'.
src/coordination/protocols/distribution/task-distribution-engine.ts(437,9): error TS2322: Type 'string' is not assignable to type '"timeout" | "user-request" | "resource-unavailable" | "dependency-failure" | "priority-override"'.
src/coordination/protocols/distribution/task-distribution-engine.ts(642,7): error TS2353: Object literal may only specify known properties, and 'task' does not exist in type 'TaskAssignPayload'.
src/coordination/protocols/index.ts(42,8): error TS2300: Duplicate identifier 'PerformanceMetrics'.
src/coordination/protocols/index.ts(61,8): error TS2300: Duplicate identifier 'PerformanceMetrics'.
src/coordination/protocols/index.ts(112,11): error TS2304: Cannot find name 'TopologyType'.
src/coordination/protocols/optimization/performance-optimizer.ts(10,10): error TS2595: 'LRUCache' can only be imported by using a default import.
src/coordination/protocols/optimization/performance-optimizer.ts(226,11): error TS2300: Duplicate identifier 'cache'.
src/coordination/protocols/optimization/performance-optimizer.ts(311,9): error TS2300: Duplicate identifier 'cache'.
src/coordination/protocols/patterns/coordination-patterns.ts(942,7): error TS2353: Object literal may only specify known properties, and 'from' does not exist in type 'HeartbeatSentPayload'.
src/coordination/protocols/topology/topology-manager.ts(128,58): error TS2554: Expected 0 arguments, but got 1.
src/coordination/protocols/topology/topology-manager.ts(130,44): error TS2554: Expected 0 arguments, but got 1.
src/coordination/protocols/topology/topology-manager.ts(142,22): error TS2345: Argument of type '"connection:quality-changed"' is not assignable to parameter of type 'keyof SystemEvents | keyof WorkflowEvents | keyof CoordinationEvents | keyof NeuralEvents | keyof MemoryEvents'.
src/coordination/protocols/topology/topology-manager.ts(146,22): error TS2345: Argument of type '"network:fault-detected"' is not assignable to parameter of type 'keyof SystemEvents | keyof WorkflowEvents | keyof CoordinationEvents | keyof NeuralEvents | keyof MemoryEvents'.
src/coordination/protocols/topology/topology-manager.ts(150,22): error TS2345: Argument of type '"workload:pattern-changed"' is not assignable to parameter of type 'keyof SystemEvents | keyof WorkflowEvents | keyof CoordinationEvents | keyof NeuralEvents | keyof MemoryEvents'.
src/coordination/strategies/ruv-swarm.strategy.ts(17,5): error TS2739: Type '{ id: string; }' is missing the following properties from type 'Agent': capabilities, status
src/coordination/swarm-synchronization.ts(210,24): error TS2345: Argument of type '"swarm:sync:broadcast"' is not assignable to parameter of type 'keyof SystemEvents | keyof WorkflowEvents | keyof CoordinationEvents | keyof NeuralEvents | keyof MemoryEvents'.
src/coordination/swarm-synchronization.ts(238,25): error TS2345: Argument of type '"swarm:sync:response"' is not assignable to parameter of type 'keyof SystemEvents | keyof WorkflowEvents | keyof CoordinationEvents | keyof NeuralEvents | keyof MemoryEvents'.
src/coordination/swarm-synchronization.ts(242,28): error TS2345: Argument of type '"swarm:sync:response"' is not assignable to parameter of type 'keyof SystemEvents | keyof WorkflowEvents | keyof CoordinationEvents | keyof NeuralEvents | keyof MemoryEvents'.
src/coordination/swarm-synchronization.ts(384,22): error TS2345: Argument of type '"swarm:sync:broadcast"' is not assignable to parameter of type 'keyof SystemEvents | keyof WorkflowEvents | keyof CoordinationEvents | keyof NeuralEvents | keyof MemoryEvents'.
src/coordination/swarm-synchronization.ts(385,16): error TS2339: Property 'sourceSwarmId' does not exist on type 'SystemStartedPayload | SystemStoppedPayload | SystemErrorPayload | SystemHealthChangedPayload | ... 71 more ... | MemorySyncCompletedPayload'.
src/coordination/swarm-synchronization.ts(391,22): error TS2345: Argument of type '"agent:state:updated"' is not assignable to parameter of type 'keyof SystemEvents | keyof WorkflowEvents | keyof CoordinationEvents | keyof NeuralEvents | keyof MemoryEvents'.
src/coordination/swarm-synchronization.ts(392,16): error TS2339: Property 'swarmId' does not exist on type 'SystemStartedPayload | SystemStoppedPayload | SystemErrorPayload | SystemHealthChangedPayload | ... 71 more ... | MemorySyncCompletedPayload'.
src/coordination/swarm-synchronization.ts(393,36): error TS2339: Property 'agentId' does not exist on type 'SystemStartedPayload | SystemStoppedPayload | SystemErrorPayload | SystemHealthChangedPayload | ... 71 more ... | MemorySyncCompletedPayload'.
src/coordination/swarm-synchronization.ts(393,50): error TS2339: Property 'state' does not exist on type 'SystemStartedPayload | SystemStoppedPayload | SystemErrorPayload | SystemHealthChangedPayload | ... 71 more ... | MemorySyncCompletedPayload'.
src/coordination/swarm-synchronization.ts(404,26): error TS2345: Argument of type '"swarm:sync:response"' is not assignable to parameter of type 'keyof SystemEvents | keyof WorkflowEvents | keyof CoordinationEvents | keyof NeuralEvents | keyof MemoryEvents'.
src/coordination/swarm/chaos-engineering/chaos-engineering.ts(17,30): error TS2307: Cannot find module './errors.js' or its corresponding type declarations.
src/coordination/swarm/chaos-engineering/chaos-engineering.ts(18,24): error TS2307: Cannot find module './logger.js' or its corresponding type declarations.
src/coordination/swarm/chaos-engineering/chaos-engineering.ts(19,28): error TS2307: Cannot find module './utils.js' or its corresponding type declarations.
src/coordination/swarm/chaos-engineering/chaos-engineering.ts(25,10): error TS2339: Property 'options' does not exist on type 'ChaosEngineering'.
src/coordination/swarm/chaos-engineering/chaos-engineering.ts(26,28): error TS2339: Property 'enableChaos' does not exist on type '{}'.
src/coordination/swarm/chaos-engineering/chaos-engineering.ts(27,30): error TS2339: Property 'safetyEnabled' does not exist on type '{}'.
src/coordination/swarm/chaos-engineering/chaos-engineering.ts(28,41): error TS2339: Property 'maxConcurrentExperiments' does not exist on type '{}'.
src/coordination/swarm/chaos-engineering/chaos-engineering.ts(29,34): error TS2339: Property 'experimentTimeout' does not exist on type '{}'.
src/coordination/swarm/chaos-engineering/chaos-engineering.ts(30,32): error TS2339: Property 'recoveryTimeout' does not exist on type '{}'.
src/coordination/swarm/chaos-engineering/chaos-engineering.ts(31,33): error TS2339: Property 'blastRadiusLimit' does not exist on type '{}'.
