
> claude-code-zen@2.0.0-alpha.73 build:check
> tsc --noEmit --skipLibCheck

src/coordination/diagnostics/cli-diagnostics.ts(218,10): error TS6133: 'formatReportForConsole' is declared but its value is never read.
src/coordination/discovery/domain-discovery-bridge.ts(189,13): error TS6138: Property '_intelligenceCoordinator' is declared but its value is never read.
src/coordination/discovery/progressive-confidence-builder.ts(196,13): error TS6138: Property '_discoveryBridge' is declared but its value is never read.
src/coordination/discovery/progressive-confidence-builder.ts(820,33): error TS6133: 'path' is declared but its value is never read.
src/coordination/hooks/auto-agent-assignment.ts(28,20): error TS6133: 'agentPerformanceHistory' is declared but its value is never read.
src/coordination/hooks/hook-manager.ts(35,11): error TS6133: 'performanceOptimizer' is declared but its value is never read.
src/coordination/hooks/performance-tracker.ts(46,11): error TS2375: Type '{ operationId: string; type: string; startTime: Date; endTime: Date; duration: number; success: boolean; errorType: string; resourceUsage: ResourceUsage; agentPerformance: AgentPerformanceSnapshot | undefined; qualityScore: number; userSatisfaction: number; }' is not assignable to type 'OperationMetrics' with 'exactOptionalPropertyTypes: true'. Consider adding 'undefined' to the types of the target's properties.
  Types of property 'agentPerformance' are incompatible.
    Type 'AgentPerformanceSnapshot | undefined' is not assignable to type 'AgentPerformanceSnapshot'.
      Type 'undefined' is not assignable to type 'AgentPerformanceSnapshot'.
src/coordination/orchestration/product-workflow-engine.ts(219,11): error TS2375: Type '{ workspaceId: string; workspacePath?: string; userId?: string; sessionId: string; documents: WorkflowDocumentRegistry; currentDocument: DocumentContent; variables: WorkflowData; environment: WorkflowEnvironment; permissions: WorkflowPermissions; }' is not assignable to type 'WorkflowContext' with 'exactOptionalPropertyTypes: true'. Consider adding 'undefined' to the types of the target's properties.
  Types of property 'currentDocument' are incompatible.
    Type 'DocumentContent | undefined' is not assignable to type 'DocumentContent'.
      Type 'undefined' is not assignable to type 'DocumentContent'.
src/coordination/orchestration/product-workflow-engine.ts(521,11): error TS2375: Type '{ status: "not_started"; deliverables: never[]; completion_date: undefined; }' is not assignable to type '{ status: "completed" | "failed" | "in_progress" | "not_started"; deliverables: string[]; completion_date?: Date; quality_score?: number; }' with 'exactOptionalPropertyTypes: true'. Consider adding 'undefined' to the types of the target's properties.
  Types of property 'completion_date' are incompatible.
    Type 'undefined' is not assignable to type 'Date'.
src/coordination/protocols/communication/communication-protocols.ts(996,34): error TS6133: 'proposal' is declared but its value is never read.
src/coordination/protocols/communication/communication-protocols.ts(1105,46): error TS4111: Property 'compressed' comes from an index signature, so it must be accessed with ['compressed'].
src/coordination/protocols/communication/communication-protocols.ts(1135,13): error TS6138: Property 'logger' is declared but its value is never read.
src/coordination/protocols/communication/communication-protocols.ts(1150,63): error TS4111: Property 'encrypted' comes from an index signature, so it must be accessed with ['encrypted'].
src/coordination/protocols/communication/communication-protocols.ts(1172,44): error TS2345: Argument of type 'string | undefined' is not assignable to parameter of type 'string'.
  Type 'undefined' is not assignable to type 'string'.
src/coordination/protocols/communication/communication-protocols.ts(1206,36): error TS2345: Argument of type 'string | undefined' is not assignable to parameter of type 'string'.
  Type 'undefined' is not assignable to type 'string'.
src/coordination/protocols/communication/communication-protocols.ts(1209,42): error TS2345: Argument of type 'string | undefined' is not assignable to parameter of type 'string'.
  Type 'undefined' is not assignable to type 'string'.
src/coordination/protocols/communication/communication-protocols.ts(1265,13): error TS6138: Property 'nodeId' is declared but its value is never read.
src/coordination/protocols/communication/communication-protocols.ts(1306,13): error TS6138: Property 'nodeId' is declared but its value is never read.
src/coordination/protocols/communication/communication-protocols.ts(1313,5): error TS6133: 'nodes' is declared but its value is never read.
src/coordination/protocols/communication/communication-protocols.ts(1319,15): error TS6133: 'message' is declared but its value is never read.
src/coordination/protocols/communication/communication-protocols.ts(1319,33): error TS6133: 'nodes' is declared but its value is never read.
src/coordination/protocols/distribution/task-distribution-engine.ts(295,11): error TS6133: 'scheduler' is declared but its value is never read.
src/coordination/protocols/distribution/task-distribution-engine.ts(777,5): error TS6133: 'agent' is declared but its value is never read.
src/coordination/protocols/distribution/task-distribution-engine.ts(779,5): error TS2375: Type '{ cpu: number; memory: number; network: number; storage: number; gpu: number | undefined; priority: number; }' is not assignable to type 'ResourceAllocation' with 'exactOptionalPropertyTypes: true'. Consider adding 'undefined' to the types of the target's properties.
  Types of property 'gpu' are incompatible.
    Type 'number | undefined' is not assignable to type 'number'.
      Type 'undefined' is not assignable to type 'number'.
src/coordination/protocols/distribution/task-distribution-engine.ts(804,54): error TS6133: 'agent' is declared but its value is never read.
src/coordination/protocols/distribution/task-distribution-engine.ts(1105,23): error TS6138: Property 'logger' is declared but its value is never read.
src/coordination/protocols/distribution/task-distribution-engine.ts(1141,13): error TS6138: Property 'config' is declared but its value is never read.
src/coordination/protocols/distribution/task-distribution-engine.ts(1142,13): error TS6138: Property 'logger' is declared but its value is never read.
src/coordination/protocols/distribution/task-distribution-engine.ts(1149,23): error TS6138: Property 'logger' is declared but its value is never read.
src/coordination/protocols/distribution/task-distribution-engine.ts(1175,13): error TS6138: Property 'config' is declared but its value is never read.
src/coordination/protocols/distribution/task-distribution-engine.ts(1176,13): error TS6138: Property 'logger' is declared but its value is never read.
src/coordination/protocols/distribution/task-distribution-engine.ts(1183,5): error TS6133: 'metrics' is declared but its value is never read.
src/coordination/protocols/distribution/task-distribution-engine.ts(1195,12): error TS2532: Object is possibly 'undefined'.
src/coordination/protocols/distribution/task-distribution-engine.ts(1201,5): error TS6133: 'assignments' is declared but its value is never read.
src/coordination/protocols/distribution/task-distribution-engine.ts(1219,13): error TS6138: Property 'config' is declared but its value is never read.
src/coordination/protocols/distribution/task-distribution-engine.ts(1224,5): error TS6133: 'agents' is declared but its value is never read.
src/coordination/protocols/distribution/task-distribution-engine.ts(1225,5): error TS6133: 'assignments' is declared but its value is never read.
src/coordination/protocols/distribution/task-distribution-engine.ts(1234,23): error TS6138: Property 'logger' is declared but its value is never read.
src/coordination/protocols/lifecycle/agent-lifecycle-manager.ts(605,7): error TS2412: Type 'number | undefined' is not assignable to type 'number' with 'exactOptionalPropertyTypes: true'. Consider adding 'undefined' to the type of the target.
  Type 'undefined' is not assignable to type 'number'.
src/coordination/protocols/lifecycle/agent-lifecycle-manager.ts(771,32): error TS6133: 'agent' is declared but its value is never read.
src/coordination/protocols/lifecycle/agent-lifecycle-manager.ts(776,31): error TS6133: 'agent' is declared but its value is never read.
src/coordination/protocols/lifecycle/agent-lifecycle-manager.ts(1164,31): error TS2379: Argument of type '{ timestamp: Date; type: "runtime"; severity: "critical"; message: string; stack: string | undefined; context: { error: string; }; recovered: false; }' is not assignable to parameter of type 'AgentError' with 'exactOptionalPropertyTypes: true'. Consider adding 'undefined' to the types of the target's properties.
  Types of property 'stack' are incompatible.
    Type 'string | undefined' is not assignable to type 'string'.
      Type 'undefined' is not assignable to type 'string'.
src/coordination/protocols/lifecycle/agent-lifecycle-manager.ts(1318,13): error TS6138: Property 'config' is declared but its value is never read.
src/coordination/protocols/lifecycle/agent-lifecycle-manager.ts(1319,13): error TS6138: Property 'logger' is declared but its value is never read.
src/coordination/protocols/lifecycle/agent-lifecycle-manager.ts(1375,13): error TS6138: Property 'config' is declared but its value is never read.
src/coordination/protocols/lifecycle/agent-lifecycle-manager.ts(1376,13): error TS6138: Property 'logger' is declared but its value is never read.
src/coordination/protocols/lifecycle/agent-lifecycle-manager.ts(1410,7): error TS6196: 'ResourceMonitor' is declared but never used.
src/coordination/protocols/lifecycle/agent-lifecycle-manager.ts(1412,13): error TS6138: Property 'config' is declared but its value is never read.
src/coordination/protocols/lifecycle/agent-lifecycle-manager.ts(1413,13): error TS6138: Property 'logger' is declared but its value is never read.
src/coordination/protocols/lifecycle/agent-lifecycle-manager.ts(1420,23): error TS6138: Property 'logger' is declared but its value is never read.
src/coordination/protocols/lifecycle/agent-lifecycle-manager.ts(1422,17): error TS6133: 'agent' is declared but its value is never read.
src/coordination/protocols/lifecycle/agent-lifecycle-manager.ts(1422,39): error TS6133: 'data' is declared but its value is never read.
src/coordination/protocols/lifecycle/agent-lifecycle-manager.ts(1422,53): error TS6133: 'stream' is declared but its value is never read.
src/coordination/protocols/lifecycle/agent-lifecycle-manager.ts(1431,13): error TS6138: Property 'logger' is declared but its value is never read.
src/coordination/protocols/lifecycle/agent-lifecycle-manager.ts(1436,5): error TS6133: 'templates' is declared but its value is never read.
src/coordination/protocols/lifecycle/agent-lifecycle-manager.ts(1488,13): error TS6138: Property 'config' is declared but its value is never read.
src/coordination/protocols/lifecycle/agent-lifecycle-manager.ts(1492,44): error TS6133: 'template' is declared but its value is never read.
src/coordination/protocols/optimization/performance-optimizer.ts(397,11): error TS2532: Object is possibly 'undefined'.
src/coordination/protocols/optimization/performance-optimizer.ts(526,43): error TS6133: 'action' is declared but its value is never read.
src/coordination/protocols/optimization/performance-optimizer.ts(825,32): error TS6133: 'processingTime' is declared but its value is never read.
src/coordination/protocols/optimization/performance-optimizer.ts(1015,13): error TS6133: 'connectionTime' is declared but its value is never read.
src/coordination/protocols/optimization/performance-optimizer.ts(1052,39): error TS6133: 'connection' is declared but its value is never read.
src/coordination/protocols/optimization/performance-optimizer.ts(1107,13): error TS6138: Property 'logger' is declared but its value is never read.
src/coordination/protocols/optimization/performance-optimizer.ts(1134,11): error TS2375: Type '{ key: string; value: T; timestamp: Date; accessCount: number; lastAccessed: Date; ttl: number; compressed: true | undefined; }' is not assignable to type 'CacheEntry<T>' with 'exactOptionalPropertyTypes: true'. Consider adding 'undefined' to the types of the target's properties.
  Types of property 'compressed' are incompatible.
    Type 'boolean | undefined' is not assignable to type 'boolean'.
      Type 'undefined' is not assignable to type 'boolean'.
src/coordination/protocols/optimization/performance-optimizer.ts(1284,26): error TS6133: 'key' is declared but its value is never read.
src/coordination/protocols/optimization/performance-optimizer.ts(1284,39): error TS6133: 'value' is declared but its value is never read.
src/coordination/protocols/optimization/performance-optimizer.ts(1302,11): error TS6133: 'compress' is declared but its value is never read.
src/coordination/protocols/optimization/performance-optimizer.ts(1334,13): error TS6138: Property 'logger' is declared but its value is never read.
src/coordination/protocols/optimization/performance-optimizer.ts(1335,13): error TS6138: Property 'eventBus' is declared but its value is never read.
src/coordination/protocols/optimization/performance-optimizer.ts(1525,5): error TS6133: 'alertName' is declared but its value is never read.
src/coordination/protocols/optimization/performance-optimizer.ts(1581,9): error TS2322: Type 'number | undefined' is not assignable to type 'number'.
  Type 'undefined' is not assignable to type 'number'.
src/coordination/protocols/optimization/performance-optimizer.ts(1582,9): error TS2322: Type 'number | undefined' is not assignable to type 'number'.
  Type 'undefined' is not assignable to type 'number'.
src/coordination/protocols/optimization/performance-optimizer.ts(1583,9): error TS2322: Type 'number | undefined' is not assignable to type 'number'.
  Type 'undefined' is not assignable to type 'number'.
src/coordination/protocols/optimization/performance-optimizer.ts(1649,21): error TS2532: Object is possibly 'undefined'.
src/coordination/protocols/optimization/performance-optimizer.ts(1649,35): error TS2532: Object is possibly 'undefined'.
src/coordination/protocols/optimization/performance-optimizer.ts(1659,25): error TS2532: Object is possibly 'undefined'.
src/coordination/protocols/optimization/performance-optimizer.ts(1666,24): error TS2532: Object is possibly 'undefined'.
src/coordination/protocols/optimization/performance-optimizer.ts(1666,24): error TS2532: Object is possibly 'undefined'.
src/coordination/protocols/optimization/performance-optimizer.ts(1666,41): error TS2532: Object is possibly 'undefined'.
src/coordination/protocols/optimization/performance-optimizer.ts(1674,38): error TS2345: Argument of type 'number[] | undefined' is not assignable to parameter of type 'number[]'.
  Type 'undefined' is not assignable to type 'number[]'.
src/coordination/protocols/optimization/performance-optimizer.ts(1675,42): error TS2532: Object is possibly 'undefined'.
src/coordination/protocols/optimization/performance-optimizer.ts(1690,11): error TS6133: 'learningHistory' is declared but its value is never read.
src/coordination/protocols/optimization/performance-optimizer.ts(1693,13): error TS6138: Property 'config' is declared but its value is never read.
src/coordination/protocols/optimization/performance-optimizer.ts(1694,13): error TS6138: Property 'logger' is declared but its value is never read.
src/coordination/protocols/optimization/performance-optimizer.ts(1699,5): error TS6133: 'history' is declared but its value is never read.
src/coordination/protocols/patterns/coordination-patterns.ts(234,13): error TS6138: Property 'nodeId' is declared but its value is never read.
src/coordination/protocols/patterns/coordination-patterns.ts(235,13): error TS6138: Property 'config' is declared but its value is never read.
src/coordination/protocols/patterns/coordination-patterns.ts(890,33): error TS6133: 'nodeId' is declared but its value is never read.
src/coordination/protocols/patterns/coordination-patterns.ts(910,40): error TS6133: 'nodeId' is declared but its value is never read.
src/coordination/protocols/patterns/coordination-patterns.ts(1031,13): error TS6138: Property 'eventBus' is declared but its value is never read.
src/coordination/protocols/patterns/coordination-patterns.ts(1181,45): error TS2532: Object is possibly 'undefined'.
src/coordination/protocols/patterns/coordination-patterns.ts(1183,11): error TS6133: '_request' is declared but its value is never read.
src/coordination/protocols/patterns/coordination-patterns.ts(1248,33): error TS6133: 'nodeId' is declared but its value is never read.
src/coordination/protocols/patterns/coordination-patterns.ts(1250,45): error TS2532: Object is possibly 'undefined'.
src/coordination/protocols/patterns/coordination-patterns.ts(1252,11): error TS6133: 'request' is declared but its value is never read.
src/coordination/protocols/patterns/coordination-patterns.ts(1326,13): error TS6138: Property 'eventBus' is declared but its value is never read.
src/coordination/protocols/patterns/coordination-patterns.ts(1677,7): error TS18048: 'targetQueue' is possibly 'undefined'.
src/coordination/protocols/patterns/coordination-patterns.ts(1715,13): error TS6138: Property 'eventBus' is declared but its value is never read.
src/coordination/protocols/topology/topology-manager.ts(465,15): error TS2532: Object is possibly 'undefined'.
src/coordination/protocols/topology/topology-manager.ts(465,28): error TS2532: Object is possibly 'undefined'.
src/coordination/protocols/topology/topology-manager.ts(465,41): error TS2532: Object is possibly 'undefined'.
src/coordination/protocols/topology/topology-manager.ts(466,13): error TS2532: Object is possibly 'undefined'.
src/coordination/protocols/topology/topology-manager.ts(466,26): error TS2532: Object is possibly 'undefined'.
src/coordination/protocols/topology/topology-manager.ts(466,39): error TS2532: Object is possibly 'undefined'.
src/coordination/protocols/topology/topology-manager.ts(476,13): error TS2532: Object is possibly 'undefined'.
src/coordination/protocols/topology/topology-manager.ts(477,28): error TS2532: Object is possibly 'undefined'.
src/coordination/protocols/topology/topology-manager.ts(500,47): error TS2345: Argument of type 'string | undefined' is not assignable to parameter of type 'string'.
  Type 'undefined' is not assignable to type 'string'.
src/coordination/protocols/topology/topology-manager.ts(501,45): error TS2345: Argument of type 'string | undefined' is not assignable to parameter of type 'string'.
  Type 'undefined' is not assignable to type 'string'.
src/coordination/protocols/topology/topology-manager.ts(571,59): error TS18048: 'nodeToRemove' is possibly 'undefined'.
src/coordination/swarm-synchronization.ts(11,27): error TS6196: 'AgentType' is declared but never used.
src/coordination/swarm-synchronization.ts(66,11): error TS6133: 'distributedLocks' is declared but its value is never read.
src/coordination/swarm-synchronization.ts(127,7): error TS2412: Type 'undefined' is not assignable to type 'Timeout' with 'exactOptionalPropertyTypes: true'. Consider adding 'undefined' to the type of the target.
src/coordination/swarm-synchronization.ts(132,7): error TS2412: Type 'undefined' is not assignable to type 'Timeout' with 'exactOptionalPropertyTypes: true'. Consider adding 'undefined' to the type of the target.
src/coordination/swarm-synchronization.ts(147,7): error TS2532: Object is possibly 'undefined'.
src/coordination/swarm-synchronization.ts(178,16): error TS18046: 'error' is of type 'unknown'.
src/coordination/swarm-synchronization.ts(184,16): error TS18046: 'error' is of type 'unknown'.
src/coordination/swarm-synchronization.ts(415,45): error TS2345: Argument of type 'unknown' is not assignable to parameter of type 'Partial<AgentState>'.
src/coordination/swarm-synchronization.ts(457,7): error TS2532: Object is possibly 'undefined'.
src/coordination/swarm-synchronization.ts(465,5): error TS2375: Type '{ swarmId: string; isActive: boolean; lastSyncTime: Date | undefined; agentCount: number; activeAgents: number; vectorClock: { [agentId: string]: number; }; syncHistory: number; }' is not assignable to type 'SwarmSyncStatus' with 'exactOptionalPropertyTypes: true'. Consider adding 'undefined' to the types of the target's properties.
  Types of property 'lastSyncTime' are incompatible.
    Type 'Date | undefined' is not assignable to type 'Date'.
      Type 'undefined' is not assignable to type 'Date'.
src/coordination/swarm-synchronization.ts(501,77): error TS18046: 'error' is of type 'unknown'.
src/coordination/swarm-synchronization.ts(558,13): error TS6138: Property 'config' is declared but its value is never read.
src/coordination/swarm-synchronization.ts(559,13): error TS6138: Property 'logger' is declared but its value is never read.
src/coordination/swarm/chaos-engineering/chaos-engineering.ts(132,10): error TS2339: Property 'mcpTools' does not exist on type 'ChaosEngineering'.
src/coordination/swarm/chaos-engineering/chaos-engineering.ts(162,52): error TS18046: 'error' is of type 'unknown'.
src/coordination/swarm/chaos-engineering/chaos-engineering.ts(167,38): error TS18046: 'error' is of type 'unknown'.
src/coordination/swarm/chaos-engineering/chaos-engineering.ts(182,11): error TS2375: Type '{ id: string; name: string; description: string; type: string; category: string; failureType: string | undefined; parameters: any; expectedRecovery: string[]; blastRadius: number; duration: number; ... 4 more ...; createdAt: Date; }' is not assignable to type 'ChaosExperiment' with 'exactOptionalPropertyTypes: true'. Consider adding 'undefined' to the types of the target's properties.
  Types of property 'failureType' are incompatible.
    Type 'string | undefined' is not assignable to type 'string'.
      Type 'undefined' is not assignable to type 'string'.
src/coordination/swarm/chaos-engineering/chaos-engineering.ts(358,25): error TS18046: 'error' is of type 'unknown'.
src/coordination/swarm/chaos-engineering/chaos-engineering.ts(364,16): error TS18046: 'error' is of type 'unknown'.
src/coordination/swarm/chaos-engineering/chaos-engineering.ts(374,18): error TS18046: 'cleanupError' is of type 'unknown'.
src/coordination/swarm/chaos-engineering/chaos-engineering.ts(382,7): error TS18048: 'history' is possibly 'undefined'.
src/coordination/swarm/chaos-engineering/chaos-engineering.ts(388,11): error TS18048: 'history' is possibly 'undefined'.
src/coordination/swarm/chaos-engineering/chaos-engineering.ts(389,9): error TS18048: 'history' is possibly 'undefined'.
src/coordination/swarm/chaos-engineering/chaos-engineering.ts(389,27): error TS18048: 'history' is possibly 'undefined'.
src/coordination/swarm/chaos-engineering/chaos-engineering.ts(405,28): error TS7006: Parameter 'execution' implicitly has an 'any' type.
src/coordination/swarm/chaos-engineering/chaos-engineering.ts(405,39): error TS7006: Parameter 'phaseName' implicitly has an 'any' type.
src/coordination/swarm/chaos-engineering/chaos-engineering.ts(405,50): error TS7006: Parameter 'phaseFunction' implicitly has an 'any' type.
src/coordination/swarm/chaos-engineering/chaos-engineering.ts(435,21): error TS18046: 'error' is of type 'unknown'.
src/coordination/swarm/chaos-engineering/chaos-engineering.ts(441,16): error TS18046: 'error' is of type 'unknown'.
src/coordination/swarm/chaos-engineering/chaos-engineering.ts(455,29): error TS7006: Parameter 'experiment' implicitly has an 'any' type.
src/coordination/swarm/chaos-engineering/chaos-engineering.ts(503,48): error TS2345: Argument of type 'string | undefined' is not assignable to parameter of type 'string'.
  Type 'undefined' is not assignable to type 'string'.
src/coordination/swarm/chaos-engineering/chaos-engineering.ts(531,30): error TS7006: Parameter 'execution' implicitly has an 'any' type.
src/coordination/swarm/chaos-engineering/chaos-engineering.ts(531,41): error TS7006: Parameter 'duration' implicitly has an 'any' type.
src/coordination/swarm/chaos-engineering/chaos-engineering.ts(559,36): error TS2345: Argument of type '{ memory: NodeJS.MemoryUsage; cpu: NodeJS.CpuUsage; connections: any; health: any; timestamp: Date; }' is not assignable to parameter of type 'never'.
src/coordination/swarm/chaos-engineering/chaos-engineering.ts(568,39): error TS2345: Argument of type '{ timestamp: Date; status: any; details: any; }' is not assignable to parameter of type 'never'.
src/coordination/swarm/chaos-engineering/chaos-engineering.ts(580,49): error TS2345: Argument of type '{ timestamp: Date; recoveries: any; }' is not assignable to parameter of type 'never'.
src/coordination/swarm/chaos-engineering/chaos-engineering.ts(589,18): error TS18046: 'error' is of type 'unknown'.
src/coordination/swarm/chaos-engineering/chaos-engineering.ts(618,25): error TS7006: Parameter 'execution' implicitly has an 'any' type.
src/coordination/swarm/chaos-engineering/chaos-engineering.ts(629,53): error TS18048: 'experiment' is possibly 'undefined'.
src/coordination/swarm/chaos-engineering/chaos-engineering.ts(633,20): error TS18048: 'experiment' is possibly 'undefined'.
src/coordination/swarm/chaos-engineering/chaos-engineering.ts(651,25): error TS7006: Parameter 'execution' implicitly has an 'any' type.
src/coordination/swarm/chaos-engineering/chaos-engineering.ts(707,27): error TS7006: Parameter 'execution' implicitly has an 'any' type.
src/coordination/swarm/chaos-engineering/chaos-engineering.ts(715,50): error TS18048: 'experiment' is possibly 'undefined'.
src/coordination/swarm/chaos-engineering/chaos-engineering.ts(715,50): error TS2345: Argument of type 'string | undefined' is not assignable to parameter of type 'string'.
  Type 'undefined' is not assignable to type 'string'.
src/coordination/swarm/chaos-engineering/chaos-engineering.ts(723,20): error TS18046: 'error' is of type 'unknown'.
src/coordination/swarm/chaos-engineering/chaos-engineering.ts(731,9): error TS18048: 'experiment' is possibly 'undefined'.
src/coordination/swarm/chaos-engineering/chaos-engineering.ts(731,9): error TS18048: 'experiment.cooldown' is possibly 'undefined'.
src/coordination/swarm/chaos-engineering/chaos-engineering.ts(732,57): error TS18048: 'experiment' is possibly 'undefined'.
src/coordination/swarm/chaos-engineering/chaos-engineering.ts(735,64): error TS18048: 'experiment' is possibly 'undefined'.
src/coordination/swarm/chaos-engineering/chaos-engineering.ts(744,29): error TS7006: Parameter '_execution' implicitly has an 'any' type.
src/coordination/swarm/chaos-engineering/chaos-engineering.ts(782,22): error TS7006: Parameter 'params' implicitly has an 'any' type.
src/coordination/swarm/chaos-engineering/chaos-engineering.ts(801,23): error TS7006: Parameter 'injectionResult' implicitly has an 'any' type.
src/coordination/swarm/chaos-engineering/chaos-engineering.ts(813,22): error TS7006: Parameter 'params' implicitly has an 'any' type.
src/coordination/swarm/chaos-engineering/chaos-engineering.ts(817,15): error TS7034: Variable 'workers' implicitly has type 'any[]' in some locations where its type cannot be determined.
src/coordination/swarm/chaos-engineering/chaos-engineering.ts(831,13): error TS7005: Variable 'workers' implicitly has an 'any[]' type.
src/coordination/swarm/chaos-engineering/chaos-engineering.ts(835,23): error TS7006: Parameter 'injectionResult' implicitly has an 'any' type.
src/coordination/swarm/chaos-engineering/chaos-engineering.ts(840,44): error TS7006: Parameter 'worker' implicitly has an 'any' type.
src/coordination/swarm/chaos-engineering/chaos-engineering.ts(853,22): error TS7006: Parameter 'params' implicitly has an 'any' type.
src/coordination/swarm/chaos-engineering/chaos-engineering.ts(878,23): error TS7006: Parameter '_injectionResult' implicitly has an 'any' type.
src/coordination/swarm/chaos-engineering/chaos-engineering.ts(886,22): error TS7006: Parameter 'params' implicitly has an 'any' type.
src/coordination/swarm/chaos-engineering/chaos-engineering.ts(970,27): error TS7006: Parameter 'name' implicitly has an 'any' type.
src/coordination/swarm/chaos-engineering/chaos-engineering.ts(970,33): error TS7006: Parameter 'injector' implicitly has an 'any' type.
src/coordination/swarm/chaos-engineering/chaos-engineering.ts(1109,22): error TS7006: Parameter 'failureType' implicitly has an 'any' type.
src/coordination/swarm/chaos-engineering/chaos-engineering.ts(1117,12): error TS7053: Element implicitly has an 'any' type because expression of type 'any' can't be used to index type '{ memory_pressure: string; cpu_stress: string; network_failure: string; process_crash: string; }'.
src/coordination/swarm/chaos-engineering/chaos-engineering.ts(1145,26): error TS7006: Parameter 'executionId' implicitly has an 'any' type.
src/coordination/swarm/chaos-engineering/chaos-engineering.ts(1171,16): error TS18046: 'error' is of type 'unknown'.
src/coordination/swarm/chaos-engineering/chaos-engineering.ts(1229,20): error TS7006: Parameter 'healthMonitor' implicitly has an 'any' type.
src/coordination/swarm/chaos-engineering/chaos-engineering.ts(1234,24): error TS7006: Parameter 'recoveryWorkflows' implicitly has an 'any' type.
src/coordination/swarm/chaos-engineering/chaos-engineering.ts(1239,24): error TS7006: Parameter 'connectionManager' implicitly has an 'any' type.
src/coordination/swarm/chaos-engineering/chaos-engineering.ts(1244,15): error TS7006: Parameter 'mcpTools' implicitly has an 'any' type.
src/coordination/swarm/chaos-engineering/chaos-engineering.ts(1245,10): error TS2339: Property 'mcpTools' does not exist on type 'ChaosEngineering'.
src/coordination/swarm/chaos-engineering/chaos-engineering.ts(1257,9): error TS2783: 'name' is specified more than once, so this usage will be overwritten.
src/coordination/swarm/cognitive-patterns/cognitive-pattern-evolution.ts(191,25): error TS7006: Parameter 'agentId' implicitly has an 'any' type.
src/coordination/swarm/cognitive-patterns/cognitive-pattern-evolution.ts(191,34): error TS7006: Parameter 'config' implicitly has an 'any' type.
src/coordination/swarm/cognitive-patterns/cognitive-pattern-evolution.ts(219,25): error TS7006: Parameter 'config' implicitly has an 'any' type.
src/coordination/swarm/cognitive-patterns/cognitive-pattern-evolution.ts(281,24): error TS7006: Parameter 'agentId' implicitly has an 'any' type.
src/coordination/swarm/cognitive-patterns/cognitive-pattern-evolution.ts(281,33): error TS7006: Parameter 'trainingData' implicitly has an 'any' type.
src/coordination/swarm/cognitive-patterns/cognitive-pattern-evolution.ts(318,26): error TS7006: Parameter 'trainingData' implicitly has an 'any' type.
src/coordination/swarm/cognitive-patterns/cognitive-pattern-evolution.ts(338,27): error TS7006: Parameter 'trainingData' implicitly has an 'any' type.
src/coordination/swarm/cognitive-patterns/cognitive-pattern-evolution.ts(360,28): error TS7006: Parameter 'samples' implicitly has an 'any' type.
src/coordination/swarm/cognitive-patterns/cognitive-pattern-evolution.ts(372,15): error TS7006: Parameter 's' implicitly has an 'any' type.
src/coordination/swarm/cognitive-patterns/cognitive-pattern-evolution.ts(373,18): error TS7006: Parameter 'v' implicitly has an 'any' type.
src/coordination/swarm/cognitive-patterns/cognitive-pattern-evolution.ts(378,35): error TS7006: Parameter 'sum' implicitly has an 'any' type.
src/coordination/swarm/cognitive-patterns/cognitive-pattern-evolution.ts(378,40): error TS7006: Parameter 'v' implicitly has an 'any' type.
src/coordination/swarm/cognitive-patterns/cognitive-pattern-evolution.ts(379,39): error TS7006: Parameter 'sum' implicitly has an 'any' type.
src/coordination/swarm/cognitive-patterns/cognitive-pattern-evolution.ts(379,44): error TS7006: Parameter 'v' implicitly has an 'any' type.
src/coordination/swarm/cognitive-patterns/cognitive-pattern-evolution.ts(391,30): error TS7006: Parameter 'samples' implicitly has an 'any' type.
src/coordination/swarm/cognitive-patterns/cognitive-pattern-evolution.ts(394,22): error TS7006: Parameter 'sample' implicitly has an 'any' type.
src/coordination/swarm/cognitive-patterns/cognitive-pattern-evolution.ts(417,17): error TS7006: Parameter 'trainingData' implicitly has an 'any' type.
src/coordination/swarm/cognitive-patterns/cognitive-pattern-evolution.ts(448,22): error TS7006: Parameter 'trainingData' implicitly has an 'any' type.
src/coordination/swarm/cognitive-patterns/cognitive-pattern-evolution.ts(454,46): error TS7006: Parameter 's' implicitly has an 'any' type.
src/coordination/swarm/cognitive-patterns/cognitive-pattern-evolution.ts(464,33): error TS7006: Parameter 'sum' implicitly has an 'any' type.
src/coordination/swarm/cognitive-patterns/cognitive-pattern-evolution.ts(464,38): error TS7006: Parameter 'v' implicitly has an 'any' type.
src/coordination/swarm/cognitive-patterns/cognitive-pattern-evolution.ts(465,37): error TS7006: Parameter 'sum' implicitly has an 'any' type.
src/coordination/swarm/cognitive-patterns/cognitive-pattern-evolution.ts(465,42): error TS7006: Parameter 'v' implicitly has an 'any' type.
src/coordination/swarm/cognitive-patterns/cognitive-pattern-evolution.ts(476,27): error TS7006: Parameter 'trainingData' implicitly has an 'any' type.
src/coordination/swarm/cognitive-patterns/cognitive-pattern-evolution.ts(483,53): error TS7006: Parameter 's' implicitly has an 'any' type.
src/coordination/swarm/cognitive-patterns/cognitive-pattern-evolution.ts(496,27): error TS7006: Parameter 'trainingData' implicitly has an 'any' type.
src/coordination/swarm/cognitive-patterns/cognitive-pattern-evolution.ts(514,28): error TS7006: Parameter 'trainingData' implicitly has an 'any' type.
src/coordination/swarm/cognitive-patterns/cognitive-pattern-evolution.ts(516,55): error TS7006: Parameter 's' implicitly has an 'any' type.
src/coordination/swarm/cognitive-patterns/cognitive-pattern-evolution.ts(517,53): error TS7006: Parameter 's' implicitly has an 'any' type.
src/coordination/swarm/cognitive-patterns/cognitive-pattern-evolution.ts(533,28): error TS7006: Parameter 'trainingData' implicitly has an 'any' type.
src/coordination/swarm/cognitive-patterns/cognitive-pattern-evolution.ts(546,31): error TS7006: Parameter 'trainingData' implicitly has an 'any' type.
src/coordination/swarm/cognitive-patterns/cognitive-pattern-evolution.ts(566,38): error TS7006: Parameter 'agentId' implicitly has an 'any' type.
src/coordination/swarm/cognitive-patterns/cognitive-pattern-evolution.ts(566,47): error TS7006: Parameter 'context' implicitly has an 'any' type.
src/coordination/swarm/cognitive-patterns/cognitive-pattern-evolution.ts(585,7): error TS7053: Element implicitly has an 'any' type because expression of type 'string' can't be used to index type '{}'.
  No index signature with a parameter of type 'string' was found on type '{}'.
src/coordination/swarm/cognitive-patterns/cognitive-pattern-evolution.ts(602,25): error TS7006: Parameter 'template' implicitly has an 'any' type.
src/coordination/swarm/cognitive-patterns/cognitive-pattern-evolution.ts(602,35): error TS7006: Parameter 'context' implicitly has an 'any' type.
src/coordination/swarm/cognitive-patterns/cognitive-pattern-evolution.ts(641,22): error TS7006: Parameter 'style' implicitly has an 'any' type.
src/coordination/swarm/cognitive-patterns/cognitive-pattern-evolution.ts(641,29): error TS7006: Parameter 'systematicNeed' implicitly has an 'any' type.
src/coordination/swarm/cognitive-patterns/cognitive-pattern-evolution.ts(651,24): error TS7053: Element implicitly has an 'any' type because expression of type 'any' can't be used to index type '{ decisive: number; analytical: number; systematic: number; principled: number; exploratory: number; innovative: number; }'.
src/coordination/swarm/cognitive-patterns/cognitive-pattern-evolution.ts(661,27): error TS7006: Parameter 'approach' implicitly has an 'any' type.
src/coordination/swarm/cognitive-patterns/cognitive-pattern-evolution.ts(661,37): error TS7006: Parameter 'context' implicitly has an 'any' type.
src/coordination/swarm/cognitive-patterns/cognitive-pattern-evolution.ts(671,12): error TS7053: Element implicitly has an 'any' type because expression of type 'any' can't be used to index type '{ exact_match: any; flexible_match: number; analogical: any; pattern_networks: any; evidence_based: number; abstraction_layers: any; }'.
src/coordination/swarm/cognitive-patterns/cognitive-pattern-evolution.ts(680,23): error TS7006: Parameter 'strategy' implicitly has an 'any' type.
src/coordination/swarm/cognitive-patterns/cognitive-pattern-evolution.ts(680,33): error TS7006: Parameter 'context' implicitly has an 'any' type.
src/coordination/swarm/cognitive-patterns/cognitive-pattern-evolution.ts(690,24): error TS7053: Element implicitly has an 'any' type because expression of type 'any' can't be used to index type '{ directed: number; random: any; lateral: any; holistic: any; systematic: any; conceptual: any; }'.
src/coordination/swarm/cognitive-patterns/cognitive-pattern-evolution.ts(699,28): error TS7006: Parameter 'agentId' implicitly has an 'any' type.
src/coordination/swarm/cognitive-patterns/cognitive-pattern-evolution.ts(699,37): error TS7006: Parameter 'patternType' implicitly has an 'any' type.
src/coordination/swarm/cognitive-patterns/cognitive-pattern-evolution.ts(724,24): error TS7006: Parameter 'agentId' implicitly has an 'any' type.
src/coordination/swarm/cognitive-patterns/cognitive-pattern-evolution.ts(724,33): error TS7006: Parameter 'patternType' implicitly has an 'any' type.
src/coordination/swarm/cognitive-patterns/cognitive-pattern-evolution.ts(777,27): error TS7006: Parameter 'evolutionNeed' implicitly has an 'any' type.
src/coordination/swarm/cognitive-patterns/cognitive-pattern-evolution.ts(777,42): error TS7006: Parameter 'context' implicitly has an 'any' type.
src/coordination/swarm/cognitive-patterns/cognitive-pattern-evolution.ts(821,24): error TS7006: Parameter 'agentId' implicitly has an 'any' type.
src/coordination/swarm/cognitive-patterns/cognitive-pattern-evolution.ts(821,33): error TS7006: Parameter 'strategy' implicitly has an 'any' type.
src/coordination/swarm/cognitive-patterns/cognitive-pattern-evolution.ts(821,43): error TS7006: Parameter 'context' implicitly has an 'any' type.
src/coordination/swarm/cognitive-patterns/cognitive-pattern-evolution.ts(877,21): error TS7006: Parameter '_agentId' implicitly has an 'any' type.
src/coordination/swarm/cognitive-patterns/cognitive-pattern-evolution.ts(877,31): error TS7006: Parameter 'currentPatterns' implicitly has an 'any' type.
src/coordination/swarm/cognitive-patterns/cognitive-pattern-evolution.ts(877,48): error TS7006: Parameter 'context' implicitly has an 'any' type.
src/coordination/swarm/cognitive-patterns/cognitive-pattern-evolution.ts(914,24): error TS7006: Parameter '_agentId' implicitly has an 'any' type.
src/coordination/swarm/cognitive-patterns/cognitive-pattern-evolution.ts(914,34): error TS7006: Parameter 'currentPatterns' implicitly has an 'any' type.
src/coordination/swarm/cognitive-patterns/cognitive-pattern-evolution.ts(914,51): error TS7006: Parameter 'context' implicitly has an 'any' type.
src/coordination/swarm/cognitive-patterns/cognitive-pattern-evolution.ts(934,38): error TS7006: Parameter 'p' implicitly has an 'any' type.
src/coordination/swarm/cognitive-patterns/cognitive-pattern-evolution.ts(948,24): error TS7006: Parameter '_agentId' implicitly has an 'any' type.
src/coordination/swarm/cognitive-patterns/cognitive-pattern-evolution.ts(948,34): error TS7006: Parameter 'currentPatterns' implicitly has an 'any' type.
src/coordination/swarm/cognitive-patterns/cognitive-pattern-evolution.ts(948,51): error TS7006: Parameter 'context' implicitly has an 'any' type.
src/coordination/swarm/cognitive-patterns/cognitive-pattern-evolution.ts(975,25): error TS7006: Parameter 'template' implicitly has an 'any' type.
src/coordination/swarm/cognitive-patterns/cognitive-pattern-evolution.ts(975,35): error TS7006: Parameter 'context' implicitly has an 'any' type.
src/coordination/swarm/cognitive-patterns/cognitive-pattern-evolution.ts(1013,27): error TS7006: Parameter '_agentId' implicitly has an 'any' type.
src/coordination/swarm/cognitive-patterns/cognitive-pattern-evolution.ts(1013,37): error TS7006: Parameter 'currentPatterns' implicitly has an 'any' type.
src/coordination/swarm/cognitive-patterns/cognitive-pattern-evolution.ts(1013,54): error TS7006: Parameter 'context' implicitly has an 'any' type.
src/coordination/swarm/cognitive-patterns/cognitive-pattern-evolution.ts(1040,27): error TS7006: Parameter '_agentId' implicitly has an 'any' type.
src/coordination/swarm/cognitive-patterns/cognitive-pattern-evolution.ts(1040,37): error TS7006: Parameter 'currentPatterns' implicitly has an 'any' type.
src/coordination/swarm/cognitive-patterns/cognitive-pattern-evolution.ts(1040,54): error TS7006: Parameter 'context' implicitly has an 'any' type.
src/coordination/swarm/cognitive-patterns/cognitive-pattern-evolution.ts(1067,24): error TS7006: Parameter 'template1' implicitly has an 'any' type.
src/coordination/swarm/cognitive-patterns/cognitive-pattern-evolution.ts(1067,35): error TS7006: Parameter 'template2' implicitly has an 'any' type.
src/coordination/swarm/cognitive-patterns/cognitive-pattern-evolution.ts(1067,46): error TS7006: Parameter 'context' implicitly has an 'any' type.
src/coordination/swarm/cognitive-patterns/cognitive-pattern-evolution.ts(1103,25): error TS7006: Parameter 'patterns' implicitly has an 'any' type.
src/coordination/swarm/cognitive-patterns/cognitive-pattern-evolution.ts(1103,35): error TS7006: Parameter 'context' implicitly has an 'any' type.
src/coordination/swarm/cognitive-patterns/cognitive-pattern-evolution.ts(1137,19): error TS7006: Parameter 'agentId' implicitly has an 'any' type.
src/coordination/swarm/cognitive-patterns/cognitive-pattern-evolution.ts(1137,28): error TS7006: Parameter 'evolution' implicitly has an 'any' type.
src/coordination/swarm/cognitive-patterns/cognitive-pattern-evolution.ts(1155,35): error TS7006: Parameter 'agentIds' implicitly has an 'any' type.
src/coordination/swarm/cognitive-patterns/cognitive-pattern-evolution.ts(1155,45): error TS7006: Parameter 'session' implicitly has an 'any' type.
src/coordination/swarm/cognitive-patterns/cognitive-pattern-evolution.ts(1160,7): error TS7053: Element implicitly has an 'any' type because expression of type 'any' can't be used to index type '{}'.
src/coordination/swarm/cognitive-patterns/cognitive-pattern-evolution.ts(1165,11): error TS7053: Element implicitly has an 'any' type because expression of type 'any' can't be used to index type '{}'.
src/coordination/swarm/cognitive-patterns/cognitive-pattern-evolution.ts(1184,26): error TS7006: Parameter 'targetAgentId' implicitly has an 'any' type.
src/coordination/swarm/cognitive-patterns/cognitive-pattern-evolution.ts(1184,41): error TS7006: Parameter 'patterns' implicitly has an 'any' type.
src/coordination/swarm/cognitive-patterns/cognitive-pattern-evolution.ts(1221,38): error TS7006: Parameter 'agentId' implicitly has an 'any' type.
src/coordination/swarm/cognitive-patterns/cognitive-pattern-evolution.ts(1221,47): error TS7006: Parameter 'pattern' implicitly has an 'any' type.
src/coordination/swarm/cognitive-patterns/cognitive-pattern-evolution.ts(1246,25): error TS7053: Element implicitly has an 'any' type because expression of type 'any' can't be used to index type '{ convergent: string[]; divergent: string[]; lateral: string[]; systems: string[]; critical: string[]; abstract: string[]; }'.
src/coordination/swarm/cognitive-patterns/cognitive-pattern-evolution.ts(1257,25): error TS7006: Parameter 'agentId' implicitly has an 'any' type.
src/coordination/swarm/cognitive-patterns/cognitive-pattern-evolution.ts(1289,29): error TS7006: Parameter 'agentId' implicitly has an 'any' type.
src/coordination/swarm/cognitive-patterns/cognitive-pattern-evolution.ts(1289,38): error TS7006: Parameter 'patternUpdates' implicitly has an 'any' type.
src/coordination/swarm/cognitive-patterns/cognitive-pattern-evolution.ts(1325,31): error TS7006: Parameter 'gradients' implicitly has an 'any' type.
src/coordination/swarm/cognitive-patterns/cognitive-pattern-evolution.ts(1339,22): error TS7006: Parameter 'agentId' implicitly has an 'any' type.
src/coordination/swarm/cognitive-patterns/cognitive-pattern-evolution.ts(1411,25): error TS7006: Parameter 'agentId' implicitly has an 'any' type.
src/coordination/swarm/cognitive-patterns/cognitive-pattern-evolution.ts(1429,24): error TS7006: Parameter 'agentId' implicitly has an 'any' type.
src/coordination/swarm/cognitive-patterns/cognitive-pattern-evolution.ts(1429,33): error TS7006: Parameter 'preservedHistory' implicitly has an 'any' type.
src/coordination/swarm/connection-management/connection-state-manager.ts(51,3): error TS2564: Property 'connectionStats' has no initializer and is not definitely assigned in the constructor.
src/coordination/swarm/connection-management/connection-state-manager.ts(52,3): error TS2564: Property 'healthChecks' has no initializer and is not definitely assigned in the constructor.
src/coordination/swarm/connection-management/connection-state-manager.ts(143,18): error TS18046: 'error' is of type 'unknown'.
src/coordination/swarm/connection-management/connection-state-manager.ts(157,28): error TS7006: Parameter 'connectionConfig' implicitly has an 'any' type.
src/coordination/swarm/connection-management/connection-state-manager.ts(203,7): error TS2322: Type 'Date' is not assignable to type 'null'.
src/coordination/swarm/connection-management/connection-state-manager.ts(226,26): error TS18046: 'error' is of type 'unknown'.
src/coordination/swarm/connection-management/connection-state-manager.ts(230,16): error TS18046: 'error' is of type 'unknown'.
src/coordination/swarm/connection-management/connection-state-manager.ts(247,29): error TS7006: Parameter 'connectionId' implicitly has an 'any' type.
src/coordination/swarm/connection-management/connection-state-manager.ts(300,18): error TS18046: 'error' is of type 'unknown'.
src/coordination/swarm/connection-management/connection-state-manager.ts(318,34): error TS7006: Parameter 'connection' implicitly has an 'any' type.
src/coordination/swarm/connection-management/connection-state-manager.ts(373,38): error TS7006: Parameter 'connection' implicitly has an 'any' type.
src/coordination/swarm/connection-management/connection-state-manager.ts(421,33): error TS7006: Parameter 'connection' implicitly has an 'any' type.
src/coordination/swarm/connection-management/connection-state-manager.ts(469,24): error TS7006: Parameter 'connection' implicitly has an 'any' type.
src/coordination/swarm/connection-management/connection-state-manager.ts(472,35): error TS7006: Parameter 'data' implicitly has an 'any' type.
src/coordination/swarm/connection-management/connection-state-manager.ts(475,7): error TS2322: Type 'string | undefined' is not assignable to type 'string'.
  Type 'undefined' is not assignable to type 'string'.
src/coordination/swarm/connection-management/connection-state-manager.ts(485,22): error TS18046: 'error' is of type 'unknown'.
src/coordination/swarm/connection-management/connection-state-manager.ts(492,35): error TS7006: Parameter 'data' implicitly has an 'any' type.
src/coordination/swarm/connection-management/connection-state-manager.ts(502,26): error TS7006: Parameter 'connection' implicitly has an 'any' type.
src/coordination/swarm/connection-management/connection-state-manager.ts(503,41): error TS7006: Parameter 'data' implicitly has an 'any' type.
src/coordination/swarm/connection-management/connection-state-manager.ts(510,18): error TS18046: 'error' is of type 'unknown'.
src/coordination/swarm/connection-management/connection-state-manager.ts(522,17): error TS7006: Parameter 'connectionId' implicitly has an 'any' type.
src/coordination/swarm/connection-management/connection-state-manager.ts(522,31): error TS7006: Parameter 'message' implicitly has an 'any' type.
src/coordination/swarm/connection-management/connection-state-manager.ts(541,21): error TS7006: Parameter 'connectionId' implicitly has an 'any' type.
src/coordination/swarm/connection-management/connection-state-manager.ts(541,35): error TS7006: Parameter 'message' implicitly has an 'any' type.
src/coordination/swarm/connection-management/connection-state-manager.ts(582,16): error TS18046: 'error' is of type 'unknown'.
src/coordination/swarm/connection-management/connection-state-manager.ts(589,18): error TS18046: 'error' is of type 'unknown'.
src/coordination/swarm/connection-management/connection-state-manager.ts(605,26): error TS7006: Parameter 'connectionId' implicitly has an 'any' type.
src/coordination/swarm/connection-management/connection-state-manager.ts(605,40): error TS7006: Parameter 'code' implicitly has an 'any' type.
src/coordination/swarm/connection-management/connection-state-manager.ts(605,46): error TS7006: Parameter 'reason' implicitly has an 'any' type.
src/coordination/swarm/connection-management/connection-state-manager.ts(633,24): error TS7006: Parameter 'connectionId' implicitly has an 'any' type.
src/coordination/swarm/connection-management/connection-state-manager.ts(695,18): error TS18046: 'error' is of type 'unknown'.
src/coordination/swarm/connection-management/connection-state-manager.ts(729,7): error TS7053: Element implicitly has an 'any' type because expression of type 'string' can't be used to index type '{}'.
  No index signature with a parameter of type 'string' was found on type '{}'.
src/coordination/swarm/connection-management/connection-state-manager.ts(769,30): error TS7006: Parameter 'connectionId' implicitly has an 'any' type.
src/coordination/swarm/connection-management/connection-state-manager.ts(805,16): error TS18046: 'error' is of type 'unknown'.
src/coordination/swarm/connection-management/connection-state-manager.ts(825,26): error TS7006: Parameter 'connectionId' implicitly has an 'any' type.
src/coordination/swarm/connection-management/connection-state-manager.ts(832,18): error TS18046: 'error' is of type 'unknown'.
src/coordination/swarm/connection-management/connection-state-manager.ts(861,18): error TS18046: 'error' is of type 'unknown'.
src/coordination/swarm/connection-management/connection-state-manager.ts(885,38): error TS7006: Parameter 'connectionId' implicitly has an 'any' type.
src/coordination/swarm/connection-management/connection-state-manager.ts(913,18): error TS18046: 'error' is of type 'unknown'.
src/coordination/swarm/connection-management/connection-state-manager.ts(924,16): error TS18046: 'error' is of type 'unknown'.
src/coordination/swarm/connection-management/connection-state-manager.ts(949,32): error TS7006: Parameter 'connection' implicitly has an 'any' type.
src/coordination/swarm/connection-management/connection-state-manager.ts(974,16): error TS18046: 'error' is of type 'unknown'.
src/coordination/swarm/connection-management/connection-state-manager.ts(1045,16): error TS18046: 'error' is of type 'unknown'.
src/coordination/swarm/connection-management/connection-state-manager.ts(1055,35): error TS7006: Parameter 'connectionId' implicitly has an 'any' type.
src/coordination/swarm/connection-management/connection-state-manager.ts(1063,16): error TS18046: 'error' is of type 'unknown'.
src/coordination/swarm/connection-management/connection-state-manager.ts(1073,18): error TS7006: Parameter 'persistence' implicitly has an 'any' type.
src/coordination/swarm/connection-management/connection-state-manager.ts(1078,20): error TS7006: Parameter 'healthMonitor' implicitly has an 'any' type.
src/coordination/swarm/connection-management/connection-state-manager.ts(1083,24): error TS7006: Parameter 'recoveryWorkflows' implicitly has an 'any' type.
src/coordination/swarm/core/base-swarm.ts(165,7): error TS2412: Type 'undefined' is not assignable to type 'AgentPool' with 'exactOptionalPropertyTypes: true'. Consider adding 'undefined' to the type of the target.
src/coordination/swarm/core/base-swarm.ts(172,3): error TS4114: This member must have an 'override' modifier because it overrides a member in the base class 'EventEmitter<DefaultEventMap>'.
src/coordination/swarm/core/claude-integration/advanced-commands.ts(8,10): error TS2339: Property 'options' does not exist on type 'AdvancedCommandsGenerator'.
src/coordination/swarm/core/claude-integration/core.ts(21,11): error TS6133: 'autoSetup' is declared but its value is never read.
src/coordination/swarm/core/claude-integration/core.ts(59,52): error TS18046: 'error' is of type 'unknown'.
src/coordination/swarm/core/claude-integration/core.ts(92,67): error TS18046: 'error' is of type 'unknown'.
src/coordination/swarm/core/claude-integration/core.ts(121,52): error TS18046: 'error' is of type 'unknown'.
src/coordination/swarm/core/claude-integration/docs.ts(1193,22): error TS7006: Parameter 'filePath' implicitly has an 'any' type.
src/coordination/swarm/core/claude-integration/docs.ts(1201,53): error TS18046: 'error' is of type 'unknown'.
src/coordination/swarm/core/claude-integration/docs.ts(1211,27): error TS7006: Parameter 'filePath' implicitly has an 'any' type.
src/coordination/swarm/core/claude-integration/docs.ts(1242,26): error TS7006: Parameter '_filePath' implicitly has an 'any' type.
src/coordination/swarm/core/claude-integration/docs.ts(1278,23): error TS7006: Parameter 'filePath' implicitly has an 'any' type.
src/coordination/swarm/core/claude-integration/docs.ts(1299,53): error TS18046: 'error' is of type 'unknown'.
src/coordination/swarm/core/claude-integration/docs.ts(1485,20): error TS7006: Parameter 'existingContent' implicitly has an 'any' type.
src/coordination/swarm/core/claude-integration/docs.ts(1485,37): error TS7006: Parameter 'ruvSwarmContent' implicitly has an 'any' type.
src/coordination/swarm/core/claude-integration/docs.ts(1509,23): error TS7006: Parameter 'lines' implicitly has an 'any' type.
src/coordination/swarm/core/claude-integration/docs.ts(1528,21): error TS7006: Parameter 'existingLines' implicitly has an 'any' type.
src/coordination/swarm/core/claude-integration/docs.ts(1528,36): error TS7006: Parameter 'newLines' implicitly has an 'any' type.
src/coordination/swarm/core/claude-integration/docs.ts(1572,18): error TS7006: Parameter 'lines' implicitly has an 'any' type.
src/coordination/swarm/core/claude-integration/docs.ts(1572,25): error TS7006: Parameter 'startIndex' implicitly has an 'any' type.
src/coordination/swarm/core/claude-integration/docs.ts(1611,60): error TS18046: 'error' is of type 'unknown'.
src/coordination/swarm/core/claude-integration/index.ts(69,58): error TS2379: Argument of type '{ force: boolean | undefined; merge: boolean | undefined; backup: boolean | undefined; noBackup: boolean | undefined; interactive: boolean | undefined; }' is not assignable to parameter of type 'GenerateOptions' with 'exactOptionalPropertyTypes: true'. Consider adding 'undefined' to the types of the target's properties.
  Types of property 'force' are incompatible.
    Type 'boolean | undefined' is not assignable to type 'boolean'.
      Type 'undefined' is not assignable to type 'boolean'.
src/coordination/swarm/core/claude-integration/index.ts(160,38): error TS2345: Argument of type 'string | undefined' is not assignable to parameter of type 'string'.
  Type 'undefined' is not assignable to type 'string'.
src/coordination/swarm/core/claude-integration/index.ts(167,31): error TS2322: Type '(string | undefined)[]' is not assignable to type 'string[]'.
  Type 'string | undefined' is not assignable to type 'string'.
    Type 'undefined' is not assignable to type 'string'.
src/coordination/swarm/core/errors.ts(22,5): error TS2412: Type 'string | undefined' is not assignable to type 'string' with 'exactOptionalPropertyTypes: true'. Consider adding 'undefined' to the type of the target.
  Type 'undefined' is not assignable to type 'string'.
src/coordination/swarm/core/errors.ts(77,3): error TS4114: This member must have an 'override' modifier because it overrides a member in the base class 'ZenSwarmError'.
src/coordination/swarm/core/errors.ts(110,15): error TS7006: Parameter 'message' implicitly has an 'any' type.
src/coordination/swarm/core/errors.ts(117,3): error TS4114: This member must have an 'override' modifier because it overrides a member in the base class 'ZenSwarmError'.
src/coordination/swarm/core/errors.ts(149,15): error TS7006: Parameter 'message' implicitly has an 'any' type.
src/coordination/swarm/core/errors.ts(157,3): error TS4114: This member must have an 'override' modifier because it overrides a member in the base class 'ZenSwarmError'.
src/coordination/swarm/core/errors.ts(193,15): error TS7006: Parameter 'message' implicitly has an 'any' type.
src/coordination/swarm/core/errors.ts(201,3): error TS4114: This member must have an 'override' modifier because it overrides a member in the base class 'ZenSwarmError'.
src/coordination/swarm/core/errors.ts(237,15): error TS7006: Parameter 'message' implicitly has an 'any' type.
src/coordination/swarm/core/errors.ts(245,3): error TS4114: This member must have an 'override' modifier because it overrides a member in the base class 'ZenSwarmError'.
src/coordination/swarm/core/errors.ts(280,15): error TS7006: Parameter 'message' implicitly has an 'any' type.
src/coordination/swarm/core/errors.ts(287,3): error TS4114: This member must have an 'override' modifier because it overrides a member in the base class 'ZenSwarmError'.
src/coordination/swarm/core/errors.ts(322,15): error TS7006: Parameter 'message' implicitly has an 'any' type.
src/coordination/swarm/core/errors.ts(329,3): error TS4114: This member must have an 'override' modifier because it overrides a member in the base class 'ZenSwarmError'.
src/coordination/swarm/core/errors.ts(349,15): error TS7006: Parameter 'message' implicitly has an 'any' type.
src/coordination/swarm/core/errors.ts(356,3): error TS4114: This member must have an 'override' modifier because it overrides a member in the base class 'ZenSwarmError'.
src/coordination/swarm/core/errors.ts(388,15): error TS7006: Parameter 'message' implicitly has an 'any' type.
src/coordination/swarm/core/errors.ts(395,3): error TS4114: This member must have an 'override' modifier because it overrides a member in the base class 'ZenSwarmError'.
src/coordination/swarm/core/errors.ts(428,15): error TS7006: Parameter 'message' implicitly has an 'any' type.
src/coordination/swarm/core/errors.ts(436,3): error TS4114: This member must have an 'override' modifier because it overrides a member in the base class 'ZenSwarmError'.
src/coordination/swarm/core/errors.ts(469,15): error TS7006: Parameter 'message' implicitly has an 'any' type.
src/coordination/swarm/core/errors.ts(476,3): error TS4114: This member must have an 'override' modifier because it overrides a member in the base class 'ZenSwarmError'.
src/coordination/swarm/core/errors.ts(542,20): error TS7006: Parameter 'originalError' implicitly has an 'any' type.
src/coordination/swarm/core/errors.ts(542,35): error TS7006: Parameter 'type' implicitly has an 'any' type.
src/coordination/swarm/core/hooks/cli.ts(34,16): error TS18046: 'error' is of type 'unknown'.
src/coordination/swarm/core/hooks/cli.ts(35,28): error TS4111: Property 'DEBUG' comes from an index signature, so it must be accessed with ['DEBUG'].
src/coordination/swarm/core/hooks/cli.ts(35,36): error TS18046: 'error' is of type 'unknown'.
src/coordination/swarm/core/hooks/cli.ts(48,9): error TS18048: 'arg' is possibly 'undefined'.
src/coordination/swarm/core/hooks/cli.ts(49,19): error TS18048: 'arg' is possibly 'undefined'.
src/coordination/swarm/core/hooks/cli.ts(52,35): error TS2532: Object is possibly 'undefined'.
src/coordination/swarm/core/hooks/cli.ts(72,22): error TS7006: Parameter 'str' implicitly has an 'any' type.
src/coordination/swarm/core/hooks/cli.ts(73,36): error TS7006: Parameter 'g' implicitly has an 'any' type.
src/coordination/swarm/core/hooks/index.ts(15,25): error TS2314: Generic type 'ICoordinationDao<T>' requires 1 type argument(s).
src/coordination/swarm/core/hooks/index.ts(18,7): error TS6133: '__dirname' is declared but its value is never read.
src/coordination/swarm/core/hooks/index.ts(55,66): error TS18046: 'error' is of type 'unknown'.
src/coordination/swarm/core/hooks/index.ts(67,20): error TS7006: Parameter 'hookType' implicitly has an 'any' type.
src/coordination/swarm/core/hooks/index.ts(67,30): error TS7006: Parameter 'args' implicitly has an 'any' type.
src/coordination/swarm/core/hooks/index.ts(120,50): error TS18046: 'error' is of type 'unknown'.
src/coordination/swarm/core/hooks/index.ts(123,16): error TS18046: 'error' is of type 'unknown'.
src/coordination/swarm/core/hooks/index.ts(134,23): error TS7006: Parameter 'args' implicitly has an 'any' type.
src/coordination/swarm/core/hooks/index.ts(166,20): error TS7006: Parameter 'args' implicitly has an 'any' type.
src/coordination/swarm/core/hooks/index.ts(204,21): error TS7006: Parameter 'args' implicitly has an 'any' type.
src/coordination/swarm/core/hooks/index.ts(249,21): error TS7006: Parameter 'args' implicitly has an 'any' type.
src/coordination/swarm/core/hooks/index.ts(283,22): error TS7006: Parameter 'args' implicitly has an 'any' type.
src/coordination/swarm/core/hooks/index.ts(321,22): error TS7006: Parameter 'args' implicitly has an 'any' type.
src/coordination/swarm/core/hooks/index.ts(359,27): error TS7006: Parameter 'args' implicitly has an 'any' type.
src/coordination/swarm/core/hooks/index.ts(394,26): error TS7006: Parameter 'args' implicitly has an 'any' type.
src/coordination/swarm/core/hooks/index.ts(405,7): error TS2322: Type 'string[]' is not assignable to type 'never[]'.
  Type 'string' is not assignable to type 'never'.
src/coordination/swarm/core/hooks/index.ts(428,26): error TS7006: Parameter 'args' implicitly has an 'any' type.
src/coordination/swarm/core/hooks/index.ts(451,38): error TS4111: Property 'RUV_SWARM_TELEMETRY_ENABLED' comes from an index signature, so it must be accessed with ['RUV_SWARM_TELEMETRY_ENABLED'].
src/coordination/swarm/core/hooks/index.ts(476,21): error TS7006: Parameter 'args' implicitly has an 'any' type.
src/coordination/swarm/core/hooks/index.ts(510,33): error TS7006: Parameter 'args' implicitly has an 'any' type.
src/coordination/swarm/core/hooks/index.ts(552,29): error TS7006: Parameter 'args' implicitly has an 'any' type.
src/coordination/swarm/core/hooks/index.ts(598,33): error TS7006: Parameter 'args' implicitly has an 'any' type.
src/coordination/swarm/core/hooks/index.ts(649,30): error TS7006: Parameter 'args' implicitly has an 'any' type.
src/coordination/swarm/core/hooks/index.ts(706,20): error TS7006: Parameter 'output' implicitly has an 'any' type.
src/coordination/swarm/core/hooks/index.ts(707,46): error TS7006: Parameter 'l' implicitly has an 'any' type.
src/coordination/swarm/core/hooks/index.ts(711,20): error TS7006: Parameter 'line' implicitly has an 'any' type.
src/coordination/swarm/core/hooks/index.ts(730,23): error TS7006: Parameter 'output' implicitly has an 'any' type.
src/coordination/swarm/core/hooks/index.ts(747,57): error TS7006: Parameter 'op' implicitly has an 'any' type.
src/coordination/swarm/core/hooks/index.ts(751,46): error TS7006: Parameter 'op' implicitly has an 'any' type.
src/coordination/swarm/core/hooks/index.ts(759,57): error TS7006: Parameter 'op' implicitly has an 'any' type.
src/coordination/swarm/core/hooks/index.ts(764,22): error TS7006: Parameter 'op' implicitly has an 'any' type.
src/coordination/swarm/core/hooks/index.ts(787,28): error TS7006: Parameter 'args' implicitly has an 'any' type.
src/coordination/swarm/core/hooks/index.ts(847,47): error TS18046: 'error' is of type 'unknown'.
src/coordination/swarm/core/hooks/index.ts(858,24): error TS7006: Parameter 'args' implicitly has an 'any' type.
src/coordination/swarm/core/hooks/index.ts(903,23): error TS7006: Parameter 'extension' implicitly has an 'any' type.
src/coordination/swarm/core/hooks/index.ts(921,12): error TS7053: Element implicitly has an 'any' type because expression of type 'any' can't be used to index type '{ '.js': string; '.ts': string; '.jsx': string; '.tsx': string; '.py': string; '.go': string; '.rs': string; '.md': string; '.txt': string; '.json': string; '.yaml': string; '.yml': string; '.toml': string; '.xml': string; '.sql': string; }'.
src/coordination/swarm/core/hooks/index.ts(944,21): error TS7006: Parameter 'type' implicitly has an 'any' type.
src/coordination/swarm/core/hooks/index.ts(962,23): error TS7006: Parameter 'agentType' implicitly has an 'any' type.
src/coordination/swarm/core/hooks/index.ts(971,12): error TS7053: Element implicitly has an 'any' type because expression of type 'any' can't be used to index type '{ coder: string; researcher: string; analyst: string; coordinator: string; architect: string; optimizer: string; }'.
src/coordination/swarm/core/hooks/index.ts(974,24): error TS7006: Parameter 'filePath' implicitly has an 'any' type.
src/coordination/swarm/core/hooks/index.ts(988,23): error TS7053: Element implicitly has an 'any' type because expression of type 'string' can't be used to index type '{ '.js': string; '.ts': string; '.jsx': string; '.tsx': string; '.json': string; '.md': string; '.py': string; '.go': string; '.rs': string; }'.
  No index signature with a parameter of type 'string' was found on type '{ '.js': string; '.ts': string; '.jsx': string; '.tsx': string; '.json': string; '.md': string; '.py': string; '.go': string; '.rs': string; }'.
src/coordination/swarm/core/hooks/index.ts(997,40): error TS18046: 'error' is of type 'unknown'.
src/coordination/swarm/core/hooks/index.ts(1001,31): error TS7006: Parameter 'filePath' implicitly has an 'any' type.
src/coordination/swarm/core/hooks/index.ts(1022,25): error TS7006: Parameter 'command' implicitly has an 'any' type.
src/coordination/swarm/core/hooks/index.ts(1126,46): error TS7006: Parameter 'acc' implicitly has an 'any' type.
src/coordination/swarm/core/hooks/index.ts(1126,51): error TS7006: Parameter 'l' implicitly has an 'any' type.
src/coordination/swarm/core/hooks/index.ts(1130,46): error TS7006: Parameter 'acc' implicitly has an 'any' type.
src/coordination/swarm/core/hooks/index.ts(1130,51): error TS7006: Parameter 'l' implicitly has an 'any' type.
src/coordination/swarm/core/hooks/index.ts(1146,18): error TS7006: Parameter 'ms' implicitly has an 'any' type.
src/coordination/swarm/core/hooks/index.ts(1161,25): error TS7006: Parameter 'description' implicitly has an 'any' type.
src/coordination/swarm/core/hooks/index.ts(1200,25): error TS7006: Parameter 'complexity' implicitly has an 'any' type.
src/coordination/swarm/core/hooks/index.ts(1207,12): error TS7053: Element implicitly has an 'any' type because expression of type 'any' can't be used to index type '{ simple: string; medium: string; complex: string; }'.
src/coordination/swarm/core/hooks/index.ts(1210,27): error TS7006: Parameter 'description' implicitly has an 'any' type.
src/coordination/swarm/core/hooks/index.ts(1210,40): error TS7006: Parameter 'complexity' implicitly has an 'any' type.
src/coordination/swarm/core/hooks/index.ts(1240,30): error TS7006: Parameter 'file' implicitly has an 'any' type.
src/coordination/swarm/core/hooks/index.ts(1240,36): error TS7006: Parameter 'operation' implicitly has an 'any' type.
src/coordination/swarm/core/hooks/index.ts(1274,12): error TS7006: Parameter 'e' implicitly has an 'any' type.
src/coordination/swarm/core/hooks/index.ts(1287,23): error TS7006: Parameter 'performance' implicitly has an 'any' type.
src/coordination/swarm/core/hooks/index.ts(1312,23): error TS7006: Parameter 'performance' implicitly has an 'any' type.
src/coordination/swarm/core/hooks/index.ts(1349,23): error TS7006: Parameter 'performance' implicitly has an 'any' type.
src/coordination/swarm/core/hooks/index.ts(1383,30): error TS7006: Parameter 'performance' implicitly has an 'any' type.
src/coordination/swarm/core/hooks/index.ts(1412,25): error TS7006: Parameter 'query' implicitly has an 'any' type.
src/coordination/swarm/core/hooks/index.ts(1418,39): error TS7006: Parameter 'ft' implicitly has an 'any' type.
src/coordination/swarm/core/hooks/index.ts(1424,42): error TS7006: Parameter 'cp' implicitly has an 'any' type.
src/coordination/swarm/core/hooks/index.ts(1430,43): error TS7006: Parameter 'sp' implicitly has an 'any' type.
src/coordination/swarm/core/hooks/index.ts(1436,29): error TS7006: Parameter 'type' implicitly has an 'any' type.
src/coordination/swarm/core/hooks/index.ts(1436,35): error TS7006: Parameter 'data' implicitly has an 'any' type.
src/coordination/swarm/core/hooks/index.ts(1469,30): error TS7006: Parameter 'pattern' implicitly has an 'any' type.
src/coordination/swarm/core/hooks/index.ts(1484,22): error TS7006: Parameter 'url' implicitly has an 'any' type.
src/coordination/swarm/core/hooks/index.ts(1542,10): error TS7006: Parameter 'op' implicitly has an 'any' type.
src/coordination/swarm/core/hooks/index.ts(1548,17): error TS7006: Parameter 'event' implicitly has an 'any' type.
src/coordination/swarm/core/hooks/index.ts(1548,24): error TS7006: Parameter 'data' implicitly has an 'any' type.
src/coordination/swarm/core/hooks/index.ts(1569,28): error TS7006: Parameter 'type' implicitly has an 'any' type.
src/coordination/swarm/core/hooks/index.ts(1578,12): error TS7053: Element implicitly has an 'any' type because expression of type 'any' can't be used to index type '{ researcher: string[]; coder: string[]; analyst: string[]; architect: string[]; coordinator: string[]; optimizer: string[]; }'.
src/coordination/swarm/core/hooks/index.ts(1581,34): error TS7006: Parameter 'type' implicitly has an 'any' type.
src/coordination/swarm/core/hooks/index.ts(1590,12): error TS7053: Element implicitly has an 'any' type because expression of type 'any' can't be used to index type '{ researcher: string[]; coder: string[]; analyst: string[]; architect: string[]; coordinator: string[]; optimizer: string[]; }'.
src/coordination/swarm/core/hooks/index.ts(1622,27): error TS7006: Parameter '_taskId' implicitly has an 'any' type.
src/coordination/swarm/core/hooks/index.ts(1633,7): error TS7053: Element implicitly has an 'any' type because expression of type 'any' can't be used to index type '{}'.
src/coordination/swarm/core/hooks/index.ts(1645,28): error TS7006: Parameter '_taskId' implicitly has an 'any' type.
src/coordination/swarm/core/hooks/index.ts(1657,15): error TS7006: Parameter 'filePath' implicitly has an 'any' type.
src/coordination/swarm/core/hooks/index.ts(1671,12): error TS7053: Element implicitly has an 'any' type because expression of type 'string' can't be used to index type '{ '.js': string; '.ts': string; '.py': string; '.go': string; '.rs': string; '.json': string; '.yaml': string; '.yml': string; '.md': string; '.txt': string; }'.
  No index signature with a parameter of type 'string' was found on type '{ '.js': string; '.ts': string; '.py': string; '.go': string; '.rs': string; '.json': string; '.yaml': string; '.yml': string; '.md': string; '.txt': string; }'.
src/coordination/swarm/core/hooks/index.ts(1679,24): error TS7006: Parameter 'op' implicitly has an 'any' type.
src/coordination/swarm/core/hooks/index.ts(1681,9): error TS7053: Element implicitly has an 'any' type because expression of type 'any' can't be used to index type '{}'.
src/coordination/swarm/core/hooks/index.ts(1681,34): error TS7053: Element implicitly has an 'any' type because expression of type 'any' can't be used to index type '{}'.
src/coordination/swarm/core/hooks/index.ts(1686,32): error TS2532: Object is possibly 'undefined'.
src/coordination/swarm/core/hooks/index.ts(1689,26): error TS7006: Parameter 'filePath' implicitly has an 'any' type.
src/coordination/swarm/core/hooks/index.ts(1691,11): error TS6133: '_baseName' is declared but its value is never read.
src/coordination/swarm/core/hooks/index.ts(1721,37): error TS7006: Parameter 'notification' implicitly has an 'any' type.
src/coordination/swarm/core/hooks/index.ts(1741,68): error TS18046: 'error' is of type 'unknown'.
src/coordination/swarm/core/hooks/index.ts(1761,18): error TS7006: Parameter 'memory' implicitly has an 'any' type.
src/coordination/swarm/core/hooks/index.ts(1762,18): error TS7006: Parameter 'memory' implicitly has an 'any' type.
src/coordination/swarm/core/hooks/index.ts(1763,15): error TS7006: Parameter 'memory' implicitly has an 'any' type.
src/coordination/swarm/core/hooks/index.ts(1764,16): error TS7006: Parameter 'a' implicitly has an 'any' type.
src/coordination/swarm/core/hooks/index.ts(1764,19): error TS7006: Parameter 'b' implicitly has an 'any' type.
src/coordination/swarm/core/hooks/index.ts(1766,74): error TS18046: 'error' is of type 'unknown'.
src/coordination/swarm/core/hooks/index.ts(1776,27): error TS7006: Parameter 'args' implicitly has an 'any' type.
src/coordination/swarm/core/hooks/index.ts(1793,62): error TS18046: 'error' is of type 'unknown'.
src/coordination/swarm/core/hooks/index.ts(1832,25): error TS7006: Parameter 'key' implicitly has an 'any' type.
src/coordination/swarm/core/hooks/index.ts(1846,62): error TS18046: 'error' is of type 'unknown'.
src/coordination/swarm/core/hooks/index.ts(1860,25): error TS7006: Parameter 'key' implicitly has an 'any' type.
src/coordination/swarm/core/hooks/index.ts(1860,30): error TS7006: Parameter 'value' implicitly has an 'any' type.
src/coordination/swarm/core/hooks/index.ts(1870,59): error TS18046: 'error' is of type 'unknown'.
src/coordination/swarm/core/hooks/index.ts(1879,28): error TS7006: Parameter 'hookType' implicitly has an 'any' type.
src/coordination/swarm/core/hooks/index.ts(1879,38): error TS7006: Parameter 'options' implicitly has an 'any' type.
src/coordination/swarm/core/index.ts(79,5): error TS2412: Type 'string | undefined' is not assignable to type 'string' with 'exactOptionalPropertyTypes: true'. Consider adding 'undefined' to the type of the target.
  Type 'undefined' is not assignable to type 'string'.
src/coordination/swarm/core/index.ts(164,23): error TS2314: Generic type 'ICoordinationDao<T>' requires 1 type argument(s).
src/coordination/swarm/core/index.ts(547,18): error TS18048: 'swarm' is possibly 'undefined'.
src/coordination/swarm/core/index.ts(757,31): error TS2345: Argument of type 'Task | undefined' is not assignable to parameter of type 'Task'.
  Type 'undefined' is not assignable to type 'Task'.
src/coordination/swarm/core/index.ts(785,15): error TS2322: Type 'string | undefined' is not assignable to type 'string'.
  Type 'undefined' is not assignable to type 'string'.
src/coordination/swarm/core/index.ts(799,13): error TS2322: Type 'string | undefined' is not assignable to type 'string'.
  Type 'undefined' is not assignable to type 'string'.
src/coordination/swarm/core/index.ts(833,15): error TS6133: '_wasmState' is declared but its value is never read.
src/coordination/swarm/core/index.ts(900,10): error TS2339: Property 'wasmSwarm' does not exist on type 'SwarmWrapper'.
src/coordination/swarm/core/logger.ts(165,15): error TS7006: Parameter 'message' implicitly has an 'any' type.
src/coordination/swarm/core/logger.ts(165,24): error TS7019: Rest parameter 'args' implicitly has an 'any[]' type.
src/coordination/swarm/core/logger.ts(170,15): error TS7006: Parameter 'message' implicitly has an 'any' type.
src/coordination/swarm/core/logger.ts(170,24): error TS7019: Rest parameter 'args' implicitly has an 'any[]' type.
src/coordination/swarm/core/logger.ts(175,16): error TS7006: Parameter 'message' implicitly has an 'any' type.
src/coordination/swarm/core/logger.ts(175,25): error TS7019: Rest parameter 'args' implicitly has an 'any[]' type.
src/coordination/swarm/core/logger.ts(180,16): error TS7006: Parameter 'message' implicitly has an 'any' type.
src/coordination/swarm/core/logger.ts(180,25): error TS7019: Rest parameter 'args' implicitly has an 'any[]' type.
src/coordination/swarm/core/logger.ts(185,18): error TS7006: Parameter 'message' implicitly has an 'any' type.
src/coordination/swarm/core/logger.ts(185,27): error TS7019: Rest parameter 'args' implicitly has an 'any[]' type.
src/coordination/swarm/core/logger.ts(190,16): error TS7006: Parameter 'message' implicitly has an 'any' type.
src/coordination/swarm/core/logger.ts(190,25): error TS7019: Rest parameter 'args' implicitly has an 'any[]' type.
src/coordination/swarm/core/logging-config.ts(98,31): error TS2379: Argument of type '{ enableStderr: boolean; enableFile: boolean; formatJson: boolean; logDir: string; name: string; level: string; }' is not assignable to parameter of type 'LoggerOptions' with 'exactOptionalPropertyTypes: true'. Consider adding 'undefined' to the types of the target's properties.
  Types of property 'enableStderr' are incompatible.
    Type 'boolean | undefined' is not assignable to type 'boolean'.
      Type 'undefined' is not assignable to type 'boolean'.
src/coordination/swarm/core/logging-config.ts(136,21): error TS7006: Parameter 'level' implicitly has an 'any' type.
src/coordination/swarm/core/logging-config.ts(162,21): error TS7006: Parameter 'parentLogger' implicitly has an 'any' type.
src/coordination/swarm/core/logging-config.ts(162,35): error TS7006: Parameter 'module' implicitly has an 'any' type.
src/coordination/swarm/core/logging-config.ts(197,27): error TS7006: Parameter 'component' implicitly has an 'any' type.
src/coordination/swarm/core/logging-config.ts(197,38): error TS7006: Parameter 'options' implicitly has an 'any' type.
src/coordination/swarm/core/logging-config.ts(198,29): error TS7006: Parameter 'component' implicitly has an 'any' type.
src/coordination/swarm/core/logging-config.ts(198,40): error TS7006: Parameter 'level' implicitly has an 'any' type.
src/coordination/swarm/core/logging-config.ts(199,35): error TS7006: Parameter 'level' implicitly has an 'any' type.
src/coordination/swarm/core/monitoring-dashboard.ts(58,26): error TS4111: Property 'LOG_LEVEL' comes from an index signature, so it must be accessed with ['LOG_LEVEL'].
src/coordination/swarm/core/monitoring-dashboard.ts(77,10): error TS2339: Property 'mcpTools' does not exist on type 'MonitoringDashboard'.
src/coordination/swarm/core/monitoring-dashboard.ts(105,18): error TS18046: 'error' is of type 'unknown'.
src/coordination/swarm/core/monitoring-dashboard.ts(119,20): error TS7006: Parameter 'healthMonitor' implicitly has an 'any' type.
src/coordination/swarm/core/monitoring-dashboard.ts(123,39): error TS7006: Parameter 'result' implicitly has an 'any' type.
src/coordination/swarm/core/monitoring-dashboard.ts(127,39): error TS7006: Parameter 'alert' implicitly has an 'any' type.
src/coordination/swarm/core/monitoring-dashboard.ts(134,24): error TS7006: Parameter 'recoveryWorkflows' implicitly has an 'any' type.
src/coordination/swarm/core/monitoring-dashboard.ts(138,47): error TS7006: Parameter 'event' implicitly has an 'any' type.
src/coordination/swarm/core/monitoring-dashboard.ts(142,49): error TS7006: Parameter 'event' implicitly has an 'any' type.
src/coordination/swarm/core/monitoring-dashboard.ts(146,46): error TS7006: Parameter 'event' implicitly has an 'any' type.
src/coordination/swarm/core/monitoring-dashboard.ts(153,24): error TS7006: Parameter 'connectionManager' implicitly has an 'any' type.
src/coordination/swarm/core/monitoring-dashboard.ts(157,53): error TS7006: Parameter 'event' implicitly has an 'any' type.
src/coordination/swarm/core/monitoring-dashboard.ts(161,48): error TS7006: Parameter 'event' implicitly has an 'any' type.
src/coordination/swarm/core/monitoring-dashboard.ts(165,48): error TS7006: Parameter 'event' implicitly has an 'any' type.
src/coordination/swarm/core/monitoring-dashboard.ts(172,15): error TS7006: Parameter 'mcpTools' implicitly has an 'any' type.
src/coordination/swarm/core/monitoring-dashboard.ts(173,10): error TS2339: Property 'mcpTools' does not exist on type 'MonitoringDashboard'.
src/coordination/swarm/core/monitoring-dashboard.ts(182,22): error TS7006: Parameter 'healthResult' implicitly has an 'any' type.
src/coordination/swarm/core/monitoring-dashboard.ts(216,15): error TS7006: Parameter 'alert' implicitly has an 'any' type.
src/coordination/swarm/core/monitoring-dashboard.ts(245,24): error TS7006: Parameter 'eventType' implicitly has an 'any' type.
src/coordination/swarm/core/monitoring-dashboard.ts(245,35): error TS7006: Parameter 'event' implicitly has an 'any' type.
src/coordination/swarm/core/monitoring-dashboard.ts(273,26): error TS7006: Parameter 'eventType' implicitly has an 'any' type.
src/coordination/swarm/core/monitoring-dashboard.ts(273,37): error TS7006: Parameter 'event' implicitly has an 'any' type.
src/coordination/swarm/core/monitoring-dashboard.ts(299,13): error TS7006: Parameter 'key' implicitly has an 'any' type.
src/coordination/swarm/core/monitoring-dashboard.ts(299,18): error TS7006: Parameter 'metric' implicitly has an 'any' type.
src/coordination/swarm/core/monitoring-dashboard.ts(305,5): error TS18048: 'metrics' is possibly 'undefined'.
src/coordination/swarm/core/monitoring-dashboard.ts(309,22): error TS18048: 'metrics' is possibly 'undefined'.
src/coordination/swarm/core/monitoring-dashboard.ts(325,18): error TS18046: 'error' is of type 'unknown'.
src/coordination/swarm/core/monitoring-dashboard.ts(391,26): error TS7006: Parameter 'aggregations' implicitly has an 'any' type.
src/coordination/swarm/core/monitoring-dashboard.ts(391,40): error TS7006: Parameter 'timestamp' implicitly has an 'any' type.
src/coordination/swarm/core/monitoring-dashboard.ts(421,11): error TS7053: Element implicitly has an 'any' type because expression of type 'any' can't be used to index type '{}'.
src/coordination/swarm/core/monitoring-dashboard.ts(421,49): error TS7053: Element implicitly has an 'any' type because expression of type 'any' can't be used to index type '{}'.
src/coordination/swarm/core/monitoring-dashboard.ts(425,11): error TS7053: Element implicitly has an 'any' type because expression of type 'any' can't be used to index type '{}'.
src/coordination/swarm/core/monitoring-dashboard.ts(425,49): error TS7053: Element implicitly has an 'any' type because expression of type 'any' can't be used to index type '{}'.
src/coordination/swarm/core/monitoring-dashboard.ts(443,28): error TS7006: Parameter 'aggregations' implicitly has an 'any' type.
src/coordination/swarm/core/monitoring-dashboard.ts(443,42): error TS7006: Parameter 'timestamp' implicitly has an 'any' type.
src/coordination/swarm/core/monitoring-dashboard.ts(480,13): error TS7053: Element implicitly has an 'any' type because expression of type 'any' can't be used to index type '{}'.
src/coordination/swarm/core/monitoring-dashboard.ts(481,16): error TS7053: Element implicitly has an 'any' type because expression of type 'any' can't be used to index type '{}'.
src/coordination/swarm/core/monitoring-dashboard.ts(501,30): error TS7006: Parameter 'aggregations' implicitly has an 'any' type.
src/coordination/swarm/core/monitoring-dashboard.ts(501,44): error TS7006: Parameter 'timestamp' implicitly has an 'any' type.
src/coordination/swarm/core/monitoring-dashboard.ts(528,13): error TS7053: Element implicitly has an 'any' type because expression of type 'any' can't be used to index type '{}'.
src/coordination/swarm/core/monitoring-dashboard.ts(529,16): error TS7053: Element implicitly has an 'any' type because expression of type 'any' can't be used to index type '{}'.
src/coordination/swarm/core/monitoring-dashboard.ts(547,26): error TS7006: Parameter 'aggregations' implicitly has an 'any' type.
src/coordination/swarm/core/monitoring-dashboard.ts(547,40): error TS7006: Parameter 'timestamp' implicitly has an 'any' type.
src/coordination/swarm/core/monitoring-dashboard.ts(564,16): error TS18046: 'error' is of type 'unknown'.
src/coordination/swarm/core/monitoring-dashboard.ts(577,16): error TS7006: Parameter 'aggregations' implicitly has an 'any' type.
src/coordination/swarm/core/monitoring-dashboard.ts(577,30): error TS7006: Parameter 'timestamp' implicitly has an 'any' type.
src/coordination/swarm/core/monitoring-dashboard.ts(584,7): error TS18048: 'trend' is possibly 'undefined'.
src/coordination/swarm/core/monitoring-dashboard.ts(593,9): error TS18048: 'trend' is possibly 'undefined'.
src/coordination/swarm/core/monitoring-dashboard.ts(647,16): error TS18046: 'error' is of type 'unknown'.
src/coordination/swarm/core/monitoring-dashboard.ts(658,22): error TS7006: Parameter 'name' implicitly has an 'any' type.
src/coordination/swarm/core/monitoring-dashboard.ts(658,28): error TS7006: Parameter 'data' implicitly has an 'any' type.
src/coordination/swarm/core/monitoring-dashboard.ts(677,16): error TS7006: Parameter 'type' implicitly has an 'any' type.
src/coordination/swarm/core/monitoring-dashboard.ts(677,22): error TS7006: Parameter 'data' implicitly has an 'any' type.
src/coordination/swarm/core/monitoring-dashboard.ts(696,18): error TS18046: 'error' is of type 'unknown'.
src/coordination/swarm/core/monitoring-dashboard.ts(708,22): error TS7006: Parameter 'client' implicitly has an 'any' type.
src/coordination/swarm/core/monitoring-dashboard.ts(723,16): error TS18046: 'error' is of type 'unknown'.
src/coordination/swarm/core/monitoring-dashboard.ts(890,7): error TS7053: Element implicitly has an 'any' type because expression of type 'string' can't be used to index type '{}'.
  No index signature with a parameter of type 'string' was found on type '{}'.
src/coordination/swarm/core/monitoring-dashboard.ts(900,20): error TS7006: Parameter 'category' implicitly has an 'any' type.
src/coordination/swarm/core/monitoring-dashboard.ts(914,24): error TS7006: Parameter 'category' implicitly has an 'any' type.
src/coordination/swarm/core/monitoring-dashboard.ts(920,9): error TS7053: Element implicitly has an 'any' type because expression of type 'any' can't be used to index type '{}'.
src/coordination/swarm/core/monitoring-dashboard.ts(920,39): error TS7053: Element implicitly has an 'any' type because expression of type 'any' can't be used to index type '{}'.
src/coordination/swarm/core/monitoring-dashboard.ts(927,24): error TS7006: Parameter 'category' implicitly has an 'any' type.
src/coordination/swarm/core/monitoring-dashboard.ts(933,9): error TS7053: Element implicitly has an 'any' type because expression of type 'any' can't be used to index type '{}'.
src/coordination/swarm/core/monitoring-dashboard.ts(933,39): error TS7053: Element implicitly has an 'any' type because expression of type 'any' can't be used to index type '{}'.
src/coordination/swarm/core/monitoring-dashboard.ts(946,9): error TS7053: Element implicitly has an 'any' type because expression of type 'any' can't be used to index type '{}'.
src/coordination/swarm/core/monitoring-dashboard.ts(946,43): error TS7053: Element implicitly has an 'any' type because expression of type 'any' can't be used to index type '{}'.
src/coordination/swarm/core/monitoring-dashboard.ts(968,9): error TS7053: Element implicitly has an 'any' type because expression of type 'any' can't be used to index type '{}'.
src/coordination/swarm/core/monitoring-dashboard.ts(968,45): error TS7053: Element implicitly has an 'any' type because expression of type 'any' can't be used to index type '{}'.
src/coordination/swarm/core/monitoring-dashboard.ts(981,41): error TS7006: Parameter 'connection' implicitly has an 'any' type.
src/coordination/swarm/core/monitoring-dashboard.ts(982,7): error TS7053: Element implicitly has an 'any' type because expression of type 'any' can't be used to index type '{}'.
src/coordination/swarm/core/monitoring-dashboard.ts(1003,21): error TS7006: Parameter 'alerts' implicitly has an 'any' type.
src/coordination/swarm/core/monitoring-dashboard.ts(1010,21): error TS7006: Parameter 'alert' implicitly has an 'any' type.
src/coordination/swarm/core/monitoring-dashboard.ts(1011,7): error TS7053: Element implicitly has an 'any' type because expression of type 'any' can't be used to index type '{}'.
src/coordination/swarm/core/monitoring-dashboard.ts(1011,45): error TS7053: Element implicitly has an 'any' type because expression of type 'any' can't be used to index type '{}'.
src/coordination/swarm/core/monitoring-dashboard.ts(1012,7): error TS7053: Element implicitly has an 'any' type because expression of type 'any' can't be used to index type '{}'.
src/coordination/swarm/core/monitoring-dashboard.ts(1012,45): error TS7053: Element implicitly has an 'any' type because expression of type 'any' can't be used to index type '{}'.
src/coordination/swarm/core/monitoring-dashboard.ts(1013,7): error TS7053: Element implicitly has an 'any' type because expression of type 'any' can't be used to index type '{}'.
src/coordination/swarm/core/monitoring-dashboard.ts(1013,45): error TS7053: Element implicitly has an 'any' type because expression of type 'any' can't be used to index type '{}'.
src/coordination/swarm/core/monitoring-dashboard.ts(1024,23): error TS7006: Parameter 'data' implicitly has an 'any' type.
src/coordination/swarm/core/monitoring-dashboard.ts(1056,20): error TS7006: Parameter 'data' implicitly has an 'any' type.
src/coordination/swarm/core/monitoring-dashboard.ts(1090,20): error TS7006: Parameter 'alertId' implicitly has an 'any' type.
src/coordination/swarm/core/monitoring-dashboard.ts(1148,18): error TS18046: 'error' is of type 'unknown'.
src/coordination/swarm/core/performance-benchmarks.ts(131,47): error TS2538: Type 'undefined' cannot be used as an index type.
src/coordination/swarm/core/performance-benchmarks.ts(143,47): error TS2538: Type 'undefined' cannot be used as an index type.
src/coordination/swarm/core/performance-benchmarks.ts(144,20): error TS18046: 'error' is of type 'unknown'.
src/coordination/swarm/core/performance-benchmarks.ts(199,18): error TS18046: 'error' is of type 'unknown'.
src/coordination/swarm/core/performance-benchmarks.ts(249,29): error TS18048: 'count' is possibly 'undefined'.
src/coordination/swarm/core/performance-benchmarks.ts(251,43): error TS2345: Argument of type 'number | undefined' is not assignable to parameter of type 'number'.
  Type 'undefined' is not assignable to type 'number'.
src/coordination/swarm/core/performance-benchmarks.ts(264,57): error TS18048: 'count' is possibly 'undefined'.
src/coordination/swarm/core/performance-benchmarks.ts(304,23): error TS18046: 'error' is of type 'unknown'.
src/coordination/swarm/core/performance-benchmarks.ts(344,40): error TS2769: No overload matches this call.
  Overload 1 of 4, '(iterable: ArrayLike<unknown> | Iterable<unknown>, mapfn: (v: unknown, k: number) => number, thisArg?: any): number[]', gave the following error.
    Type 'number | undefined' is not assignable to type 'number'.
      Type 'undefined' is not assignable to type 'number'.
  Overload 2 of 4, '(arrayLike: ArrayLike<unknown>, mapfn: (v: unknown, k: number) => number, thisArg?: any): number[]', gave the following error.
    Type 'number | undefined' is not assignable to type 'number'.
      Type 'undefined' is not assignable to type 'number'.
src/coordination/swarm/core/performance-benchmarks.ts(349,17): error TS6133: '_result' is declared but its value is never read.
src/coordination/swarm/core/performance-benchmarks.ts(402,23): error TS18046: 'error' is of type 'unknown'.
src/coordination/swarm/core/performance-benchmarks.ts(482,23): error TS18046: 'error' is of type 'unknown'.
src/coordination/swarm/core/performance-benchmarks.ts(585,23): error TS18046: 'error' is of type 'unknown'.
src/coordination/swarm/core/performance-benchmarks.ts(611,36): error TS7017: Element implicitly has an 'any' type because type 'typeof globalThis' has no index signature.
src/coordination/swarm/core/performance-benchmarks.ts(642,23): error TS18046: 'error' is of type 'unknown'.
src/coordination/swarm/core/performance-benchmarks.ts(670,25): error TS7006: Parameter 'benchmarks' implicitly has an 'any' type.
src/coordination/swarm/core/performance-benchmarks.ts(700,27): error TS7006: Parameter 'input' implicitly has an 'any' type.
src/coordination/swarm/core/performance-benchmarks.ts(700,34): error TS7006: Parameter 'layers' implicitly has an 'any' type.
src/coordination/swarm/core/performance-benchmarks.ts(727,22): error TS7006: Parameter 'vector' implicitly has an 'any' type.
src/coordination/swarm/core/performance-benchmarks.ts(727,30): error TS7006: Parameter 'activation' implicitly has an 'any' type.
src/coordination/swarm/core/performance-benchmarks.ts(728,24): error TS7006: Parameter 'x' implicitly has an 'any' type.
src/coordination/swarm/core/performance-benchmarks.ts(750,27): error TS7006: Parameter 'duration' implicitly has an 'any' type.
src/coordination/swarm/core/performance-benchmarks.ts(750,37): error TS7006: Parameter 'taskId' implicitly has an 'any' type.
src/coordination/swarm/core/performance-benchmarks.ts(768,29): error TS7006: Parameter 'results' implicitly has an 'any' type.
src/coordination/swarm/core/performance-benchmarks.ts(793,23): error TS7006: Parameter 'score' implicitly has an 'any' type.
src/coordination/swarm/core/performance-benchmarks.ts(817,27): error TS7006: Parameter 'benchmarks' implicitly has an 'any' type.
src/coordination/swarm/core/performance-benchmarks.ts(868,23): error TS7006: Parameter '_results' implicitly has an 'any' type.
src/coordination/swarm/core/performance.ts(27,17): error TS7006: Parameter 'args' implicitly has an 'any' type.
src/coordination/swarm/core/performance.ts(122,39): error TS7006: Parameter '_bottleneck' implicitly has an 'any' type.
src/coordination/swarm/core/performance.ts(122,52): error TS7006: Parameter '_i' implicitly has an 'any' type.
src/coordination/swarm/core/performance.ts(158,43): error TS7006: Parameter '_rec' implicitly has an 'any' type.
src/coordination/swarm/core/performance.ts(158,49): error TS7006: Parameter '_i' implicitly has an 'any' type.
src/coordination/swarm/core/performance.ts(166,45): error TS7006: Parameter 'b' implicitly has an 'any' type.
src/coordination/swarm/core/performance.ts(167,45): error TS7006: Parameter 'b' implicitly has an 'any' type.
src/coordination/swarm/core/performance.ts(168,45): error TS7006: Parameter 'b' implicitly has an 'any' type.
src/coordination/swarm/core/performance.ts(183,43): error TS18046: 'error' is of type 'unknown'.
src/coordination/swarm/core/performance.ts(188,18): error TS7006: Parameter 'args' implicitly has an 'any' type.
src/coordination/swarm/core/performance.ts(238,25): error TS7053: Element implicitly has an 'any' type because expression of type 'any' can't be used to index type '{ speed: { name: string; changes: string[]; }; memory: { name: string; changes: string[]; }; tokens: { name: string; changes: string[]; }; balanced: { name: string; changes: string[]; }; }'.
src/coordination/swarm/core/performance.ts(242,15): error TS6133: '_change' is declared but its value is never read.
src/coordination/swarm/core/performance.ts(278,13): error TS6133: '_expected' is declared but its value is never read.
src/coordination/swarm/core/performance.ts(278,25): error TS7053: Element implicitly has an 'any' type because expression of type 'any' can't be used to index type '{ speed: { execution: string; initialization: string; memory: string; tokens: string; }; memory: { execution: string; initialization: string; memory: string; tokens: string; }; tokens: { execution: string; initialization: string; memory: string; tokens: string; }; balanced: { ...; }; }'.
src/coordination/swarm/core/performance.ts(284,47): error TS18046: 'error' is of type 'unknown'.
src/coordination/swarm/core/performance.ts(289,17): error TS7006: Parameter '_args' implicitly has an 'any' type.
src/coordination/swarm/core/performance.ts(293,13): error TS7034: Variable 'suggestions' implicitly has type 'any[]' in some locations where its type cannot be determined.
src/coordination/swarm/core/performance.ts(345,9): error TS7053: Element implicitly has an 'any' type because expression of type 'string' can't be used to index type '{}'.
  No index signature with a parameter of type 'string' was found on type '{}'.
src/coordination/swarm/core/performance.ts(345,40): error TS7005: Variable 'suggestions' implicitly has an 'any[]' type.
src/coordination/swarm/core/performance.ts(361,58): error TS18046: 'error' is of type 'unknown'.
src/coordination/swarm/core/performance.ts(366,10): error TS7006: Parameter 'args' implicitly has an 'any' type.
src/coordination/swarm/core/performance.ts(366,16): error TS7006: Parameter 'flag' implicitly has an 'any' type.
src/coordination/swarm/core/recovery-integration.ts(46,10): error TS2564: Property 'optimizationInterval' has no initializer and is not definitely assigned in the constructor.
src/coordination/swarm/core/recovery-integration.ts(65,26): error TS4111: Property 'LOG_LEVEL' comes from an index signature, so it must be accessed with ['LOG_LEVEL'].
src/coordination/swarm/core/recovery-integration.ts(138,18): error TS18046: 'error' is of type 'unknown'.
src/coordination/swarm/core/recovery-integration.ts(209,29): error TS7006: Parameter 'name' implicitly has an 'any' type.
src/coordination/swarm/core/recovery-integration.ts(209,35): error TS7006: Parameter 'ComponentClass' implicitly has an 'any' type.
src/coordination/swarm/core/recovery-integration.ts(223,7): error TS7053: Element implicitly has an 'any' type because expression of type 'any' can't be used to index type 'RecoveryIntegration'.
src/coordination/swarm/core/recovery-integration.ts(240,16): error TS18046: 'error' is of type 'unknown'.
src/coordination/swarm/core/recovery-integration.ts(246,16): error TS18046: 'error' is of type 'unknown'.
src/coordination/swarm/core/recovery-integration.ts(364,26): error TS7006: Parameter 'integration' implicitly has an 'any' type.
src/coordination/swarm/core/recovery-integration.ts(374,15): error TS7053: Element implicitly has an 'any' type because expression of type 'any' can't be used to index type 'RecoveryIntegration'.
src/coordination/swarm/core/recovery-integration.ts(375,27): error TS7053: Element implicitly has an 'any' type because expression of type 'any' can't be used to index type 'RecoveryIntegration'.
src/coordination/swarm/core/recovery-integration.ts(407,16): error TS18046: 'error' is of type 'unknown'.
src/coordination/swarm/core/recovery-integration.ts(411,16): error TS18046: 'error' is of type 'unknown'.
src/coordination/swarm/core/recovery-integration.ts(446,18): error TS18046: 'error' is of type 'unknown'.
src/coordination/swarm/core/recovery-integration.ts(477,16): error TS18046: 'error' is of type 'unknown'.
src/coordination/swarm/core/recovery-integration.ts(488,15): error TS7006: Parameter 'mcpTools' implicitly has an 'any' type.
src/coordination/swarm/core/recovery-integration.ts(498,18): error TS7006: Parameter 'persistence' implicitly has an 'any' type.
src/coordination/swarm/core/recovery-integration.ts(514,30): error TS7006: Parameter 'integrationType' implicitly has an 'any' type.
src/coordination/swarm/core/recovery-integration.ts(514,47): error TS7006: Parameter 'integration' implicitly has an 'any' type.
src/coordination/swarm/core/recovery-integration.ts(520,20): error TS7053: Element implicitly has an 'any' type because expression of type 'any' can't be used to index type '{ mcpTools: string; persistence: string; }'.
src/coordination/swarm/core/recovery-integration.ts(530,20): error TS18046: 'error' is of type 'unknown'.
src/coordination/swarm/core/recovery-integration.ts(543,23): error TS7006: Parameter 'swarmId' implicitly has an 'any' type.
src/coordination/swarm/core/recovery-integration.ts(543,32): error TS7006: Parameter 'swarmInstance' implicitly has an 'any' type.
src/coordination/swarm/core/recovery-integration.ts(571,25): error TS7006: Parameter 'swarmId' implicitly has an 'any' type.
src/coordination/swarm/core/recovery-integration.ts(612,7): error TS7053: Element implicitly has an 'any' type because expression of type 'string' can't be used to index type '{}'.
  No index signature with a parameter of type 'string' was found on type '{}'.
src/coordination/swarm/core/recovery-integration.ts(623,7): error TS2322: Type '{ placeholder: string; }' is not assignable to type 'null'.
src/coordination/swarm/core/recovery-integration.ts(635,7): error TS2322: Type '{ metricsCount: number; totalDataPoints: number; aggregationsCount: number; activeAlerts: number; streamingClients: number; trendsCount: number; lastUpdate: Date; retentionPeriod: any; aggregationInterval: any; }' is not assignable to type 'null'.
src/coordination/swarm/core/recovery-integration.ts(674,18): error TS18046: 'error' is of type 'unknown'.
src/coordination/swarm/core/recovery-integration.ts(777,9): error TS7053: Element implicitly has an 'any' type because expression of type 'string' can't be used to index type '{}'.
  No index signature with a parameter of type 'string' was found on type '{}'.
src/coordination/swarm/core/recovery-integration.ts(778,35): error TS2345: Argument of type 'string' is not assignable to parameter of type 'never'.
src/coordination/swarm/core/recovery-integration.ts(781,9): error TS7053: Element implicitly has an 'any' type because expression of type 'string' can't be used to index type '{}'.
  No index signature with a parameter of type 'string' was found on type '{}'.
src/coordination/swarm/core/recovery-integration.ts(790,35): error TS2345: Argument of type 'string' is not assignable to parameter of type 'never'.
src/coordination/swarm/core/recovery-integration.ts(805,35): error TS2345: Argument of type '"System health monitor reports issues"' is not assignable to parameter of type 'never'.
src/coordination/swarm/core/recovery-integration.ts(847,16): error TS18046: 'error' is of type 'unknown'.
src/coordination/swarm/core/recovery-integration.ts(873,25): error TS7053: Element implicitly has an 'any' type because expression of type 'string' can't be used to index type 'RecoveryIntegration'.
  No index signature with a parameter of type 'string' was found on type 'RecoveryIntegration'.
src/coordination/swarm/core/recovery-integration.ts(880,20): error TS18046: 'error' is of type 'unknown'.
src/coordination/swarm/core/recovery-workflows.ts(46,26): error TS4111: Property 'LOG_LEVEL' comes from an index signature, so it must be accessed with ['LOG_LEVEL'].
src/coordination/swarm/core/recovery-workflows.ts(89,18): error TS18046: 'error' is of type 'unknown'.
src/coordination/swarm/core/recovery-workflows.ts(104,20): error TS7006: Parameter 'name' implicitly has an 'any' type.
src/coordination/swarm/core/recovery-workflows.ts(104,26): error TS7006: Parameter 'workflowDefinition' implicitly has an 'any' type.
src/coordination/swarm/core/recovery-workflows.ts(139,25): error TS7006: Parameter 'triggerSource' implicitly has an 'any' type.
src/coordination/swarm/core/recovery-workflows.ts(160,16): error TS7053: Element implicitly has an 'any' type because expression of type 'any' can't be used to index type '{ critical: number; high: number; normal: number; low: number; }'.
src/coordination/swarm/core/recovery-workflows.ts(160,44): error TS7053: Element implicitly has an 'any' type because expression of type 'any' can't be used to index type '{ critical: number; high: number; normal: number; low: number; }'.
src/coordination/swarm/core/recovery-workflows.ts(178,16): error TS18046: 'error' is of type 'unknown'.
src/coordination/swarm/core/recovery-workflows.ts(190,25): error TS7006: Parameter 'workflow' implicitly has an 'any' type.
src/coordination/swarm/core/recovery-workflows.ts(232,30): error TS2345: Argument of type '{ name: any; status: string; startTime: Date; endTime: Date | null; duration: number; error: string | null; result: any; context: any; }' is not assignable to parameter of type 'never'.
src/coordination/swarm/core/recovery-workflows.ts(273,25): error TS18046: 'error' is of type 'unknown'.
src/coordination/swarm/core/recovery-workflows.ts(279,16): error TS18046: 'error' is of type 'unknown'.
src/coordination/swarm/core/recovery-workflows.ts(290,20): error TS18046: 'rollbackError' is of type 'unknown'.
src/coordination/swarm/core/recovery-workflows.ts(322,21): error TS7006: Parameter 'step' implicitly has an 'any' type.
src/coordination/swarm/core/recovery-workflows.ts(322,27): error TS7006: Parameter 'context' implicitly has an 'any' type.
src/coordination/swarm/core/recovery-workflows.ts(322,36): error TS7006: Parameter 'execution' implicitly has an 'any' type.
src/coordination/swarm/core/recovery-workflows.ts(356,26): error TS18046: 'error' is of type 'unknown'.
src/coordination/swarm/core/recovery-workflows.ts(362,16): error TS18046: 'error' is of type 'unknown'.
src/coordination/swarm/core/recovery-workflows.ts(376,25): error TS7006: Parameter 'step' implicitly has an 'any' type.
src/coordination/swarm/core/recovery-workflows.ts(376,31): error TS7006: Parameter 'context' implicitly has an 'any' type.
src/coordination/swarm/core/recovery-workflows.ts(376,40): error TS7006: Parameter 'execution' implicitly has an 'any' type.
src/coordination/swarm/core/recovery-workflows.ts(394,25): error TS7006: Parameter 'workflow' implicitly has an 'any' type.
src/coordination/swarm/core/recovery-workflows.ts(394,35): error TS7006: Parameter 'execution' implicitly has an 'any' type.
src/coordination/swarm/core/recovery-workflows.ts(394,46): error TS7006: Parameter 'context' implicitly has an 'any' type.
src/coordination/swarm/core/recovery-workflows.ts(410,18): error TS18046: 'error' is of type 'unknown'.
src/coordination/swarm/core/recovery-workflows.ts(430,26): error TS7006: Parameter 'actionName' implicitly has an 'any' type.
src/coordination/swarm/core/recovery-workflows.ts(430,38): error TS7006: Parameter 'parameters' implicitly has an 'any' type.
src/coordination/swarm/core/recovery-workflows.ts(430,50): error TS7006: Parameter 'context' implicitly has an 'any' type.
src/coordination/swarm/core/recovery-workflows.ts(430,59): error TS7006: Parameter '_execution' implicitly has an 'any' type.
src/coordination/swarm/core/recovery-workflows.ts(472,25): error TS7006: Parameter 'triggerSource' implicitly has an 'any' type.
src/coordination/swarm/core/recovery-workflows.ts(472,40): error TS7006: Parameter 'context' implicitly has an 'any' type.
src/coordination/swarm/core/recovery-workflows.ts(479,47): error TS7006: Parameter 'trigger' implicitly has an 'any' type.
src/coordination/swarm/core/recovery-workflows.ts(503,28): error TS7006: Parameter 'trigger' implicitly has an 'any' type.
src/coordination/swarm/core/recovery-workflows.ts(503,37): error TS7006: Parameter 'triggerSource' implicitly has an 'any' type.
src/coordination/swarm/core/recovery-workflows.ts(503,52): error TS7006: Parameter 'context' implicitly has an 'any' type.
src/coordination/swarm/core/recovery-workflows.ts(523,24): error TS7006: Parameter 'executionId' implicitly has an 'any' type.
src/coordination/swarm/core/recovery-workflows.ts(552,53): error TS7006: Parameter 'e' implicitly has an 'any' type.
src/coordination/swarm/core/recovery-workflows.ts(581,20): error TS7006: Parameter 'healthMonitor' implicitly has an 'any' type.
src/coordination/swarm/core/recovery-workflows.ts(586,15): error TS7006: Parameter 'mcpTools' implicitly has an 'any' type.
src/coordination/swarm/core/recovery-workflows.ts(591,24): error TS7006: Parameter 'connectionManager' implicitly has an 'any' type.
src/coordination/swarm/core/recovery-workflows.ts(618,26): error TS7006: Parameter 'context' implicitly has an 'any' type.
src/coordination/swarm/core/recovery-workflows.ts(643,26): error TS7006: Parameter 'context' implicitly has an 'any' type.
src/coordination/swarm/core/recovery-workflows.ts(659,26): error TS7006: Parameter 'context' implicitly has an 'any' type.
src/coordination/swarm/core/recovery-workflows.ts(692,26): error TS7006: Parameter 'context' implicitly has an 'any' type.
src/coordination/swarm/core/recovery-workflows.ts(710,26): error TS7006: Parameter 'context' implicitly has an 'any' type.
src/coordination/swarm/core/recovery-workflows.ts(721,26): error TS7006: Parameter '_context' implicitly has an 'any' type.
src/coordination/swarm/core/recovery-workflows.ts(731,26): error TS7006: Parameter '_context' implicitly has an 'any' type.
src/coordination/swarm/core/recovery-workflows.ts(748,26): error TS7006: Parameter '_context' implicitly has an 'any' type.
src/coordination/swarm/core/recovery-workflows.ts(759,26): error TS7006: Parameter '_context' implicitly has an 'any' type.
src/coordination/swarm/core/recovery-workflows.ts(766,26): error TS7006: Parameter '_context' implicitly has an 'any' type.
src/coordination/swarm/core/recovery-workflows.ts(785,22): error TS7006: Parameter 'swarmId' implicitly has an 'any' type.
src/coordination/swarm/core/recovery-workflows.ts(785,31): error TS7006: Parameter '_context' implicitly has an 'any' type.
src/coordination/swarm/core/recovery-workflows.ts(810,62): error TS18046: 'error' is of type 'unknown'.
src/coordination/swarm/core/recovery-workflows.ts(814,22): error TS7006: Parameter 'agentId' implicitly has an 'any' type.
src/coordination/swarm/core/recovery-workflows.ts(814,31): error TS7006: Parameter '_context' implicitly has an 'any' type.
src/coordination/swarm/core/recovery-workflows.ts(824,41): error TS7006: Parameter 'a' implicitly has an 'any' type.
src/coordination/swarm/core/recovery-workflows.ts(839,62): error TS18046: 'error' is of type 'unknown'.
src/coordination/swarm/core/recovery-workflows.ts(843,20): error TS7006: Parameter 'cacheType' implicitly has an 'any' type.
src/coordination/swarm/core/recovery-workflows.ts(843,31): error TS7006: Parameter '_context' implicitly has an 'any' type.
src/coordination/swarm/core/recovery-workflows.ts(862,30): error TS7006: Parameter 'connectionId' implicitly has an 'any' type.
src/coordination/swarm/core/recovery-workflows.ts(862,44): error TS7006: Parameter '_context' implicitly has an 'any' type.
src/coordination/swarm/core/recovery-workflows.ts(874,76): error TS18046: 'error' is of type 'unknown'.
src/coordination/swarm/core/recovery-workflows.ts(878,21): error TS7006: Parameter 'swarmId' implicitly has an 'any' type.
src/coordination/swarm/core/recovery-workflows.ts(878,30): error TS7006: Parameter 'targetCount' implicitly has an 'any' type.
src/coordination/swarm/core/recovery-workflows.ts(878,43): error TS7006: Parameter '_context' implicitly has an 'any' type.
src/coordination/swarm/core/recovery-workflows.ts(911,71): error TS18046: 'error' is of type 'unknown'.
src/coordination/swarm/core/recovery-workflows.ts(915,26): error TS7006: Parameter 'resourceType' implicitly has an 'any' type.
src/coordination/swarm/core/recovery-workflows.ts(915,40): error TS7006: Parameter '_context' implicitly has an 'any' type.
src/coordination/swarm/core/recovery-workflows.ts(941,28): error TS7006: Parameter 'networkId' implicitly has an 'any' type.
src/coordination/swarm/core/recovery-workflows.ts(941,39): error TS7006: Parameter '_context' implicitly has an 'any' type.
src/coordination/swarm/core/recovery-workflows.ts(957,71): error TS18046: 'error' is of type 'unknown'.
src/coordination/swarm/core/recovery-workflows.ts(983,28): error TS7006: Parameter 'failureType' implicitly has an 'any' type.
src/coordination/swarm/core/recovery-workflows.ts(1008,32): error TS7006: Parameter 'parameters' implicitly has an 'any' type.
src/coordination/swarm/core/recovery-workflows.ts(1025,30): error TS7006: Parameter 'parameters' implicitly has an 'any' type.
src/coordination/swarm/core/recovery-workflows.ts(1037,35): error TS7006: Parameter 'parameters' implicitly has an 'any' type.
src/coordination/swarm/core/recovery-workflows.ts(1056,18): error TS18046: 'error' is of type 'unknown'.
src/coordination/swarm/core/schemas.ts(14,19): error TS7006: Parameter 'value' implicitly has an 'any' type.
src/coordination/swarm/core/schemas.ts(14,26): error TS7006: Parameter 'schema' implicitly has an 'any' type.
src/coordination/swarm/core/schemas.ts(22,48): error TS18046: 'error' is of type 'unknown'.
src/coordination/swarm/core/schemas.ts(29,24): error TS7006: Parameter 'value' implicitly has an 'any' type.
src/coordination/swarm/core/schemas.ts(29,31): error TS7006: Parameter 'schema' implicitly has an 'any' type.
src/coordination/swarm/core/schemas.ts(29,39): error TS7006: Parameter 'fieldName' implicitly has an 'any' type.
src/coordination/swarm/core/schemas.ts(147,23): error TS7006: Parameter 'value' implicitly has an 'any' type.
src/coordination/swarm/core/schemas.ts(147,30): error TS7006: Parameter 'expectedType' implicitly has an 'any' type.
src/coordination/swarm/core/schemas.ts(753,25): error TS7006: Parameter 'params' implicitly has an 'any' type.
src/coordination/swarm/core/schemas.ts(753,33): error TS7006: Parameter 'toolName' implicitly has an 'any' type.
src/coordination/swarm/core/schemas.ts(754,20): error TS7053: Element implicitly has an 'any' type because expression of type 'any' can't be used to index type '{ swarm_init: { topology: { type: string; enum: string[]; default: string; }; maxAgents: { type: string; integer: boolean; min: number; max: number; default: number; }; strategy: { type: string; enum: string[]; default: string; }; enableCognitiveDiversity: { ...; }; enableNeuralAgents: { ...; }; enableForecasting: {...'.
src/coordination/swarm/core/schemas.ts(775,9): error TS7053: Element implicitly has an 'any' type because expression of type 'string' can't be used to index type '{}'.
  No index signature with a parameter of type 'string' was found on type '{}'.
src/coordination/swarm/core/schemas.ts(804,23): error TS7006: Parameter 'toolName' implicitly has an 'any' type.
src/coordination/swarm/core/schemas.ts(805,20): error TS7053: Element implicitly has an 'any' type because expression of type 'any' can't be used to index type '{ swarm_init: { topology: { type: string; enum: string[]; default: string; }; maxAgents: { type: string; integer: boolean; min: number; max: number; default: number; }; strategy: { type: string; enum: string[]; default: string; }; enableCognitiveDiversity: { ...; }; enableNeuralAgents: { ...; }; enableForecasting: {...'.
src/coordination/swarm/core/schemas.ts(817,7): error TS7053: Element implicitly has an 'any' type because expression of type 'string' can't be used to index type '{}'.
  No index signature with a parameter of type 'string' was found on type '{}'.
src/coordination/swarm/core/schemas.ts(825,9): error TS7053: Element implicitly has an 'any' type because expression of type 'string' can't be used to index type '{}'.
  No index signature with a parameter of type 'string' was found on type '{}'.
src/coordination/swarm/core/schemas.ts(828,9): error TS7053: Element implicitly has an 'any' type because expression of type 'string' can't be used to index type '{}'.
  No index signature with a parameter of type 'string' was found on type '{}'.
src/coordination/swarm/core/schemas.ts(834,9): error TS7053: Element implicitly has an 'any' type because expression of type 'string' can't be used to index type '{}'.
  No index signature with a parameter of type 'string' was found on type '{}'.
src/coordination/swarm/core/schemas.ts(850,35): error TS7006: Parameter 'fieldName' implicitly has an 'any' type.
src/coordination/swarm/core/schemas.ts(850,46): error TS7006: Parameter 'schema' implicitly has an 'any' type.
src/coordination/swarm/core/schemas.ts(889,22): error TS7006: Parameter 'str' implicitly has an 'any' type.
src/coordination/swarm/core/schemas.ts(899,24): error TS7006: Parameter 'input' implicitly has an 'any' type.
src/coordination/swarm/core/security/command-sanitizer.ts(29,34): error TS7006: Parameter 'data' implicitly has an 'any' type.
src/coordination/swarm/core/security/command-sanitizer.ts(35,34): error TS7006: Parameter 'data' implicitly has an 'any' type.
src/coordination/swarm/core/security/command-sanitizer.ts(40,26): error TS7006: Parameter 'code' implicitly has an 'any' type.
src/coordination/swarm/core/security/command-sanitizer.ts(48,26): error TS7006: Parameter 'error' implicitly has an 'any' type.
src/coordination/swarm/core/security/command-sanitizer.ts(59,30): error TS7006: Parameter 'issueNumber' implicitly has an 'any' type.
src/coordination/swarm/core/security/command-sanitizer.ts(72,33): error TS7006: Parameter 'identifier' implicitly has an 'any' type.
src/coordination/swarm/core/security/command-sanitizer.ts(88,26): error TS7006: Parameter 'swarmId' implicitly has an 'any' type.
src/coordination/swarm/core/security/command-sanitizer.ts(104,24): error TS7006: Parameter 'label' implicitly has an 'any' type.
src/coordination/swarm/core/security/command-sanitizer.ts(120,26): error TS7006: Parameter 'message' implicitly has an 'any' type.
src/coordination/swarm/core/security/command-sanitizer.ts(141,27): error TS7006: Parameter 'filePath' implicitly has an 'any' type.
src/coordination/swarm/core/security/command-sanitizer.ts(164,29): error TS7006: Parameter 'branchName' implicitly has an 'any' type.
src/coordination/swarm/core/security/command-sanitizer.ts(192,59): error TS4111: Property 'GITHUB_OWNER' comes from an index signature, so it must be accessed with ['GITHUB_OWNER'].
src/coordination/swarm/core/security/command-sanitizer.ts(193,59): error TS4111: Property 'GITHUB_REPO' comes from an index signature, so it must be accessed with ['GITHUB_REPO'].
src/coordination/swarm/core/security/command-sanitizer.ts(195,56): error TS18046: 'error' is of type 'unknown'.
src/coordination/swarm/core/security/command-sanitizer.ts(205,27): error TS7006: Parameter 'operation' implicitly has an 'any' type.
src/coordination/swarm/core/security/command-sanitizer.ts(205,38): error TS7006: Parameter 'params' implicitly has an 'any' type.
src/coordination/swarm/core/security/command-sanitizer.ts(213,10): error TS7053: Element implicitly has an 'any' type because expression of type 'any' can't be used to index type '{ 'issue-list': string[]; 'issue-edit': string[]; 'issue-comment': string[]; 'pr-create': string[]; }'.
src/coordination/swarm/core/security/command-sanitizer.ts(217,22): error TS7053: Element implicitly has an 'any' type because expression of type 'any' can't be used to index type '{ 'issue-list': string[]; 'issue-edit': string[]; 'issue-comment': string[]; 'pr-create': string[]; }'.
src/coordination/swarm/core/security/command-sanitizer.ts(295,24): error TS7006: Parameter 'operation' implicitly has an 'any' type.
src/coordination/swarm/core/security/command-sanitizer.ts(295,35): error TS7006: Parameter 'params' implicitly has an 'any' type.
src/coordination/swarm/core/security/command-sanitizer.ts(303,10): error TS7053: Element implicitly has an 'any' type because expression of type 'any' can't be used to index type '{ checkout: string[]; add: string[]; commit: string[]; push: string[]; }'.
src/coordination/swarm/core/security/command-sanitizer.ts(307,22): error TS7053: Element implicitly has an 'any' type because expression of type 'any' can't be used to index type '{ checkout: string[]; add: string[]; commit: string[]; push: string[]; }'.
src/coordination/swarm/core/security/security-tests.ts(26,11): error TS7006: Parameter 'testName' implicitly has an 'any' type.
src/coordination/swarm/core/security/security-tests.ts(26,21): error TS7006: Parameter 'passed' implicitly has an 'any' type.
src/coordination/swarm/core/security/security-tests.ts(30,11): error TS6133: '_status' is declared but its value is never read.
src/coordination/swarm/core/security/security-tests.ts(102,79): error TS18046: 'error' is of type 'unknown'.
src/coordination/swarm/core/security/security-tests.ts(185,10): error TS7006: Parameter 'arg' implicitly has an 'any' type.
src/coordination/swarm/core/security/security-tests.ts(193,84): error TS18046: 'error' is of type 'unknown'.
src/coordination/swarm/core/security/security-tests.ts(202,39): error TS7006: Parameter 'arg' implicitly has an 'any' type.
src/coordination/swarm/core/security/security-tests.ts(208,42): error TS18046: 'error' is of type 'unknown'.
src/coordination/swarm/core/security/security-tests.ts(233,26): error TS4111: Property 'GITHUB_OWNER' comes from an index signature, so it must be accessed with ['GITHUB_OWNER'].
src/coordination/swarm/core/security/security-tests.ts(234,26): error TS4111: Property 'GITHUB_REPO' comes from an index signature, so it must be accessed with ['GITHUB_REPO'].
src/coordination/swarm/core/security/security-tests.ts(244,19): error TS4111: Property 'GITHUB_OWNER' comes from an index signature, so it must be accessed with ['GITHUB_OWNER'].
src/coordination/swarm/core/security/security-tests.ts(245,19): error TS4111: Property 'GITHUB_REPO' comes from an index signature, so it must be accessed with ['GITHUB_REPO'].
src/coordination/swarm/core/security/security-tests.ts(255,19): error TS4111: Property 'GITHUB_OWNER' comes from an index signature, so it must be accessed with ['GITHUB_OWNER'].
src/coordination/swarm/core/security/security-tests.ts(256,19): error TS4111: Property 'GITHUB_REPO' comes from an index signature, so it must be accessed with ['GITHUB_REPO'].
src/coordination/swarm/core/security/security-tests.ts(262,81): error TS18046: 'error' is of type 'unknown'.
src/coordination/swarm/core/security/security-tests.ts(275,17): error TS4111: Property 'GITHUB_OWNER' comes from an index signature, so it must be accessed with ['GITHUB_OWNER'].
src/coordination/swarm/core/security/security-tests.ts(276,17): error TS4111: Property 'GITHUB_REPO' comes from an index signature, so it must be accessed with ['GITHUB_REPO'].
src/coordination/swarm/core/security/security-tests.ts(288,79): error TS18046: 'error' is of type 'unknown'.
src/coordination/swarm/core/security/security-tests.ts(314,76): error TS18046: 'error' is of type 'unknown'.
src/coordination/swarm/core/security/security-tests.ts(332,11): error TS6133: '_duration' is declared but its value is never read.
src/coordination/swarm/core/session-example.ts(89,11): error TS6133: '_evaluationTask' is declared but its value is never read.
src/coordination/swarm/core/session-example.ts(105,11): error TS6133: '_checkpointId' is declared but its value is never read.
src/coordination/swarm/core/session-example.ts(108,11): error TS6133: '_stats' is declared but its value is never read.
src/coordination/swarm/core/session-example.ts(143,13): error TS6133: '_optimizationTask' is declared but its value is never read.
src/coordination/swarm/core/session-example.ts(165,43): error TS18048: 'firstCheckpoint' is possibly 'undefined'.
src/coordination/swarm/core/session-example.ts(224,11): error TS6133: '_checkpoint1' is declared but its value is never read.
src/coordination/swarm/core/session-example.ts(233,11): error TS6133: '_stats' is declared but its value is never read.
src/coordination/swarm/core/session-example.ts(236,11): error TS6133: '_allSessions' is declared but its value is never read.
src/coordination/swarm/core/session-example.ts(242,11): error TS6133: '_hibernatedSession' is declared but its value is never read.
src/coordination/swarm/core/session-example.ts(285,13): error TS6133: '_healthScore' is declared but its value is never read.
src/coordination/swarm/core/session-example.ts(286,13): error TS6133: '_summary' is declared but its value is never read.
src/coordination/swarm/core/session-example.ts(290,22): error TS4111: Property 'needsRecovery' comes from an index signature, so it must be accessed with ['needsRecovery'].
src/coordination/swarm/core/session-example.ts(329,11): error TS6133: '_sessionId' is declared but its value is never read.
src/coordination/swarm/core/session-example.ts(463,9): error TS18048: 'task' is possibly 'undefined'.
src/coordination/swarm/core/session-example.ts(463,30): error TS2322: Type 'string | undefined' is not assignable to type 'string'.
  Type 'undefined' is not assignable to type 'string'.
src/coordination/swarm/core/session-example.ts(465,45): error TS2345: Argument of type '{ description: string; priority: "critical"; assignedAgents: (string | undefined)[]; dependencies: string[]; swarmId: string; strategy: string; progress: number; requireConsensus: boolean; maxAgents: number; requiredCapabilities: string[]; createdAt: Date; metadata: {}; } | { ...; } | { ...; } | undefined' is not assignable to parameter of type 'Omit<Task, "id" | "status">'.
  Type 'undefined' is not assignable to type 'Omit<Task, "id" | "status">'.
src/coordination/swarm/core/session-example.ts(486,13): error TS6133: '_healthScore' is declared but its value is never read.
src/coordination/swarm/core/session-example.ts(488,13): error TS6133: '_summary' is declared but its value is never read.
src/coordination/swarm/core/session-example.ts(493,13): error TS6133: '_exportedData' is declared but its value is never read.
src/coordination/swarm/core/session-example.ts(515,11): error TS6133: '_lifecycleSessionId' is declared but its value is never read.
src/coordination/swarm/core/session-integration.ts(53,19): error TS2314: Generic type 'ICoordinationDao<T>' requires 1 type argument(s).
src/coordination/swarm/core/session-integration.ts(58,27): error TS2314: Generic type 'ICoordinationDao<T>' requires 1 type argument(s).
src/coordination/swarm/core/session-integration.ts(67,12): error TS2314: Generic type 'ICoordinationDao<T>' requires 1 type argument(s).
src/coordination/swarm/core/session-integration.ts(88,9): error TS4114: This member must have an 'override' modifier because it overrides a member in the base class 'ZenSwarm'.
src/coordination/swarm/core/session-integration.ts(245,5): error TS2412: Type 'undefined' is not assignable to type 'string' with 'exactOptionalPropertyTypes: true'. Consider adding 'undefined' to the type of the target.
src/coordination/swarm/core/session-integration.ts(262,5): error TS2412: Type 'undefined' is not assignable to type 'string' with 'exactOptionalPropertyTypes: true'. Consider adding 'undefined' to the type of the target.
src/coordination/swarm/core/session-integration.ts(557,60): error TS4111: Property 'recoveredFromCheckpoint' comes from an index signature, so it must be accessed with ['recoveredFromCheckpoint'].
src/coordination/swarm/core/session-integration.ts(589,22): error TS4111: Property 'healthy' comes from an index signature, so it must be accessed with ['healthy'].
src/coordination/swarm/core/session-integration.ts(591,22): error TS4111: Property 'corrupted' comes from an index signature, so it must be accessed with ['corrupted'].
src/coordination/swarm/core/session-integration.ts(592,22): error TS4111: Property 'needsRecovery' comes from an index signature, so it must be accessed with ['needsRecovery'].
src/coordination/swarm/core/session-integration.ts(600,24): error TS4111: Property 'recoveryRecommendations' comes from an index signature, so it must be accessed with ['recoveryRecommendations'].
src/coordination/swarm/core/session-integration.ts(606,24): error TS4111: Property 'recoveryRecommendations' comes from an index signature, so it must be accessed with ['recoveryRecommendations'].
src/coordination/swarm/core/session-integration.ts(625,47): error TS4111: Property 'recoveryRecommendations' comes from an index signature, so it must be accessed with ['recoveryRecommendations'].
src/coordination/swarm/core/session-integration.ts(665,17): error TS2314: Generic type 'ICoordinationDao<T>' requires 1 type argument(s).
src/coordination/swarm/core/session-manager.test.ts(13,38): error TS2314: Generic type 'ICoordinationDao<T>' requires 1 type argument(s).
src/coordination/swarm/core/session-manager.test.ts(344,11): error TS6133: '_sessionId' is declared but its value is never read.
src/coordination/swarm/core/session-manager.test.ts(361,11): error TS6133: '_sessionId' is declared but its value is never read.
src/coordination/swarm/core/session-manager.test.ts(485,30): error TS4111: Property 'test' comes from an index signature, so it must be accessed with ['test'].
src/coordination/swarm/core/session-manager.test.ts(544,20): error TS4111: Property 'agents' comes from an index signature, so it must be accessed with ['agents'].
src/coordination/swarm/core/session-manager.test.ts(545,20): error TS4111: Property 'tasks' comes from an index signature, so it must be accessed with ['tasks'].
src/coordination/swarm/core/session-manager.test.ts(546,20): error TS4111: Property 'tasks' comes from an index signature, so it must be accessed with ['tasks'].
src/coordination/swarm/core/session-manager.test.ts(547,20): error TS4111: Property 'tasks' comes from an index signature, so it must be accessed with ['tasks'].
src/coordination/swarm/core/session-manager.test.ts(548,20): error TS4111: Property 'checkpoints' comes from an index signature, so it must be accessed with ['checkpoints'].
src/coordination/swarm/core/session-manager.test.ts(586,25): error TS4111: Property 'total' comes from an index signature, so it must be accessed with ['total'].
src/coordination/swarm/core/session-manager.test.ts(610,13): error TS6133: '_agentId' is declared but its value is never read.
src/coordination/swarm/core/session-manager.test.ts(615,13): error TS6133: '_taskId' is declared but its value is never read.
src/coordination/swarm/core/session-manager.ts(69,28): error TS2314: Generic type 'ICoordinationDao<T>' requires 1 type argument(s).
src/coordination/swarm/core/session-manager.ts(75,32): error TS2314: Generic type 'ICoordinationDao<T>' requires 1 type argument(s).
src/coordination/swarm/core/session-manager.ts(98,46): error TS2314: Generic type 'ICoordinationDao<T>' requires 1 type argument(s).
src/coordination/swarm/core/session-manager.ts(240,11): error TS2375: Type '{ id: any; name: any; createdAt: Date; lastAccessedAt: Date; lastCheckpointAt: Date | undefined; status: SessionStatus; swarmState: any; swarmOptions: any; metadata: any; checkpoints: SessionCheckpoint[]; version: any; }' is not assignable to type 'SessionState' with 'exactOptionalPropertyTypes: true'. Consider adding 'undefined' to the types of the target's properties.
  Types of property 'lastCheckpointAt' are incompatible.
    Type 'Date | undefined' is not assignable to type 'Date'.
      Type 'undefined' is not assignable to type 'Date'.
src/coordination/swarm/core/session-manager.ts(750,13): error TS2375: Type '{ id: any; name: any; createdAt: Date; lastAccessedAt: Date; lastCheckpointAt: Date | undefined; status: SessionStatus; swarmState: any; swarmOptions: any; metadata: any; checkpoints: SessionCheckpoint[]; version: any; }' is not assignable to type 'SessionState' with 'exactOptionalPropertyTypes: true'. Consider adding 'undefined' to the types of the target's properties.
  Types of property 'lastCheckpointAt' are incompatible.
    Type 'Date | undefined' is not assignable to type 'Date'.
      Type 'undefined' is not assignable to type 'Date'.
src/coordination/swarm/core/session-utils.ts(264,5): error TS2375: Type '{ id: any; name: any; createdAt: Date; lastAccessedAt: Date; lastCheckpointAt: Date | undefined; status: any; swarmState: SwarmState; swarmOptions: any; metadata: any; checkpoints: any; version: any; }' is not assignable to type 'SessionState' with 'exactOptionalPropertyTypes: true'. Consider adding 'undefined' to the types of the target's properties.
  Types of property 'lastCheckpointAt' are incompatible.
    Type 'Date | undefined' is not assignable to type 'Date'.
      Type 'undefined' is not assignable to type 'Date'.
src/coordination/swarm/core/session-utils.ts(402,36): error TS18048: 'latestCheckpoint' is possibly 'undefined'.
src/coordination/swarm/core/session-utils.ts(406,27): error TS18048: 'latestCheckpoint' is possibly 'undefined'.
src/coordination/swarm/core/session-utils.ts(408,21): error TS18048: 'latestCheckpoint' is possibly 'undefined'.
src/coordination/swarm/core/session-utils.ts(414,36): error TS18048: 'latestCheckpoint' is possibly 'undefined'.
src/coordination/swarm/core/singleton-container.ts(72,51): error TS7006: Parameter 'dep' implicitly has an 'any' type.
src/coordination/swarm/core/singleton-container.ts(85,62): error TS18046: 'error' is of type 'unknown'.
src/coordination/swarm/core/singleton-container.ts(127,61): error TS18046: 'error' is of type 'unknown'.
src/coordination/swarm/core/sparc-swarm-coordinator.ts(638,23): error TS2532: Object is possibly 'undefined'.
src/coordination/swarm/core/sparc-swarm-coordinator.ts(639,21): error TS2532: Object is possibly 'undefined'.
src/coordination/swarm/core/strategy.ts(98,11): error TS6133: '_startTime' is declared but its value is never read.
src/coordination/swarm/core/strategy.ts(373,32): error TS2532: Object is possibly 'undefined'.
src/coordination/swarm/dspy-swarm-coordinator.ts(318,41): error TS18048: 'coordinationResult.result' is possibly 'undefined'.
src/coordination/swarm/dspy-swarm-coordinator.ts(318,67): error TS4111: Property 'optimal_assignment' comes from an index signature, so it must be accessed with ['optimal_assignment'].
src/coordination/swarm/dspy-swarm-coordinator.ts(319,33): error TS18048: 'coordinationResult.result' is possibly 'undefined'.
src/coordination/swarm/dspy-swarm-coordinator.ts(319,59): error TS4111: Property 'optimal_assignment' comes from an index signature, so it must be accessed with ['optimal_assignment'].
src/coordination/swarm/dspy-swarm-coordinator.ts(324,24): error TS18048: 'coordinationResult.result' is possibly 'undefined'.
src/coordination/swarm/dspy-swarm-coordinator.ts(324,50): error TS4111: Property 'optimal_assignment' comes from an index signature, so it must be accessed with ['optimal_assignment'].
src/coordination/swarm/dspy-swarm-coordinator.ts(351,5): error TS2322: Type 'DSPyAgent | undefined' is not assignable to type 'DSPyAgent | null'.
  Type 'undefined' is not assignable to type 'DSPyAgent | null'.
src/coordination/swarm/dspy-swarm-coordinator.ts(416,22): error TS2532: Object is possibly 'undefined'.
src/coordination/swarm/dspy-swarm-coordinator.ts(416,48): error TS2532: Object is possibly 'undefined'.
src/coordination/swarm/dspy-swarm-coordinator.ts(505,21): error TS2532: Object is possibly 'undefined'.
src/coordination/swarm/dspy-swarm-coordinator.ts(506,19): error TS2532: Object is possibly 'undefined'.
src/coordination/swarm/dspy-swarm-coordinator.ts(507,54): error TS2345: Argument of type 'DSPyAgent | undefined' is not assignable to parameter of type 'DSPyAgent'.
  Type 'undefined' is not assignable to type 'DSPyAgent'.
src/coordination/swarm/dspy-swarm-coordinator.ts(537,19): error TS2532: Object is possibly 'undefined'.
src/coordination/swarm/dspy-swarm-coordinator.ts(538,17): error TS2532: Object is possibly 'undefined'.
src/coordination/swarm/dspy-swarm-intelligence.ts(80,13): error TS2375: Type '{ model: string | undefined; temperature: number | undefined; maxTokens: number; }' is not assignable to type 'DSPyConfig' with 'exactOptionalPropertyTypes: true'. Consider adding 'undefined' to the types of the target's properties.
  Types of property 'model' are incompatible.
    Type 'string | undefined' is not assignable to type 'string'.
      Type 'undefined' is not assignable to type 'string'.
src/coordination/swarm/knowledge-sync.ts(98,5): error TS2412: Type 'SessionMemoryStore | undefined' is not assignable to type 'SessionMemoryStore' with 'exactOptionalPropertyTypes: true'. Consider adding 'undefined' to the type of the target.
  Type 'undefined' is not assignable to type 'SessionMemoryStore'.
src/coordination/swarm/knowledge-sync.ts(173,9): error TS2375: Type '{ query: string; domain: string | undefined; filters: Record<string, any> | undefined; }' is not assignable to type '{ domain?: string; query?: string; knowledge?: any; filters?: Record<string, any>; }' with 'exactOptionalPropertyTypes: true'. Consider adding 'undefined' to the types of the target's properties.
  Types of property 'domain' are incompatible.
    Type 'string | undefined' is not assignable to type 'string'.
      Type 'undefined' is not assignable to type 'string'.
src/coordination/swarm/mcp/error-handler.ts(16,5): error TS2412: Type 'string | undefined' is not assignable to type 'string' with 'exactOptionalPropertyTypes: true'. Consider adding 'undefined' to the type of the target.
  Type 'undefined' is not assignable to type 'string'.
src/coordination/swarm/mcp/error-handler.ts(181,5): error TS2375: Type '{ operation: string; timestamp: Date; metadata: Record<string, any>; stackTrace: string | undefined; }' is not assignable to type 'ErrorContext' with 'exactOptionalPropertyTypes: true'. Consider adding 'undefined' to the types of the target's properties.
  Types of property 'stackTrace' are incompatible.
    Type 'string | undefined' is not assignable to type 'string'.
      Type 'undefined' is not assignable to type 'string'.
src/coordination/swarm/mcp/error-handler.ts(261,21): error TS4111: Property 'field' comes from an index signature, so it must be accessed with ['field'].
src/coordination/swarm/mcp/error-handler.ts(264,92): error TS4111: Property 'agentId' comes from an index signature, so it must be accessed with ['agentId'].
src/coordination/swarm/mcp/error-handler.ts(270,21): error TS4111: Property 'modelId' comes from an index signature, so it must be accessed with ['modelId'].
src/coordination/swarm/mcp/error-handler.ts(271,21): error TS4111: Property 'operation' comes from an index signature, so it must be accessed with ['operation'].
src/coordination/swarm/mcp/error-handler.ts(278,21): error TS4111: Property 'key' comes from an index signature, so it must be accessed with ['key'].
src/coordination/swarm/mcp/error-handler.ts(279,21): error TS4111: Property 'operation' comes from an index signature, so it must be accessed with ['operation'].
src/coordination/swarm/mcp/error-handler.ts(286,21): error TS4111: Property 'resourceType' comes from an index signature, so it must be accessed with ['resourceType'].
src/coordination/swarm/mcp/error-handler.ts(287,21): error TS4111: Property 'resourceId' comes from an index signature, so it must be accessed with ['resourceId'].
src/coordination/swarm/mcp/error-handler.ts(294,21): error TS4111: Property 'swarmId' comes from an index signature, so it must be accessed with ['swarmId'].
src/coordination/swarm/mcp/error-handler.ts(295,21): error TS4111: Property 'agentCount' comes from an index signature, so it must be accessed with ['agentCount'].
src/coordination/swarm/mcp/error-handler.ts(302,21): error TS4111: Property 'taskId' comes from an index signature, so it must be accessed with ['taskId'].
src/coordination/swarm/mcp/error-handler.ts(303,21): error TS4111: Property 'taskType' comes from an index signature, so it must be accessed with ['taskType'].
src/coordination/swarm/mcp/error-handler.ts(310,21): error TS4111: Property 'module' comes from an index signature, so it must be accessed with ['module'].
src/coordination/swarm/mcp/error-handler.ts(311,21): error TS4111: Property 'functionName' comes from an index signature, so it must be accessed with ['functionName'].
src/coordination/swarm/mcp/error-handler.ts(318,21): error TS4111: Property 'swarmType' comes from an index signature, so it must be accessed with ['swarmType'].
src/coordination/swarm/mcp/error-handler.ts(319,21): error TS4111: Property 'coordination' comes from an index signature, so it must be accessed with ['coordination'].
src/coordination/swarm/mcp/hive-tools.ts(99,47): error TS18046: 'error' is of type 'unknown'.
src/coordination/swarm/mcp/hive-tools.ts(160,46): error TS18046: 'error' is of type 'unknown'.
src/coordination/swarm/mcp/hive-tools.ts(190,52): error TS18046: 'error' is of type 'unknown'.
src/coordination/swarm/mcp/hive-tools.ts(256,46): error TS18046: 'error' is of type 'unknown'.
src/coordination/swarm/mcp/hive-tools.ts(308,46): error TS18046: 'error' is of type 'unknown'.
src/coordination/swarm/mcp/hive-tools.ts(351,49): error TS18046: 'error' is of type 'unknown'.
src/coordination/swarm/mcp/hive-tools.ts(401,44): error TS18046: 'error' is of type 'unknown'.
src/coordination/swarm/mcp/hive-tools.ts(461,46): error TS18046: 'error' is of type 'unknown'.
src/coordination/swarm/mcp/hive-tools.ts(484,29): error TS2345: Argument of type 'string | undefined' is not assignable to parameter of type 'string'.
  Type 'undefined' is not assignable to type 'string'.
src/coordination/swarm/mcp/hive-tools.ts(485,32): error TS2345: Argument of type 'string | undefined' is not assignable to parameter of type 'string'.
  Type 'undefined' is not assignable to type 'string'.
src/coordination/swarm/mcp/hive-tools.ts(561,13): error TS6133: '_dayStart' is declared but its value is never read.
src/coordination/swarm/mcp/hive-tools.ts(597,15): error TS2532: Object is possibly 'undefined'.
src/coordination/swarm/mcp/hive-tools.ts(640,29): error TS2345: Argument of type 'string | undefined' is not assignable to parameter of type 'string'.
  Type 'undefined' is not assignable to type 'string'.
src/coordination/swarm/mcp/hive-tools.ts(641,32): error TS2345: Argument of type 'string | undefined' is not assignable to parameter of type 'string'.
  Type 'undefined' is not assignable to type 'string'.
src/coordination/swarm/mcp/mcp-daa-tools.ts(14,15): error TS7006: Parameter 'enhancedMcpTools' implicitly has an 'any' type.
src/coordination/swarm/mcp/mcp-daa-tools.ts(32,18): error TS7006: Parameter 'params' implicitly has an 'any' type.
src/coordination/swarm/mcp/mcp-daa-tools.ts(59,73): error TS18046: 'error' is of type 'unknown'.
src/coordination/swarm/mcp/mcp-daa-tools.ts(71,26): error TS7006: Parameter 'params' implicitly has an 'any' type.
src/coordination/swarm/mcp/mcp-daa-tools.ts(142,20): error TS18046: 'persistError' is of type 'unknown'.
src/coordination/swarm/mcp/mcp-daa-tools.ts(167,81): error TS18046: 'error' is of type 'unknown'.
src/coordination/swarm/mcp/mcp-daa-tools.ts(179,25): error TS7006: Parameter 'params' implicitly has an 'any' type.
src/coordination/swarm/mcp/mcp-daa-tools.ts(214,80): error TS18046: 'error' is of type 'unknown'.
src/coordination/swarm/mcp/mcp-daa-tools.ts(226,29): error TS7006: Parameter 'params' implicitly has an 'any' type.
src/coordination/swarm/mcp/mcp-daa-tools.ts(255,84): error TS18046: 'error' is of type 'unknown'.
src/coordination/swarm/mcp/mcp-daa-tools.ts(267,30): error TS7006: Parameter 'params' implicitly has an 'any' type.
src/coordination/swarm/mcp/mcp-daa-tools.ts(303,85): error TS18046: 'error' is of type 'unknown'.
src/coordination/swarm/mcp/mcp-daa-tools.ts(315,29): error TS7006: Parameter 'params' implicitly has an 'any' type.
src/coordination/swarm/mcp/mcp-daa-tools.ts(367,84): error TS18046: 'error' is of type 'unknown'.
src/coordination/swarm/mcp/mcp-daa-tools.ts(379,29): error TS7006: Parameter 'params' implicitly has an 'any' type.
src/coordination/swarm/mcp/mcp-daa-tools.ts(417,84): error TS18046: 'error' is of type 'unknown'.
src/coordination/swarm/mcp/mcp-daa-tools.ts(429,31): error TS7006: Parameter 'params' implicitly has an 'any' type.
src/coordination/swarm/mcp/mcp-daa-tools.ts(479,86): error TS18046: 'error' is of type 'unknown'.
src/coordination/swarm/mcp/mcp-daa-tools.ts(491,27): error TS7006: Parameter 'params' implicitly has an 'any' type.
src/coordination/swarm/mcp/mcp-daa-tools.ts(523,82): error TS18046: 'error' is of type 'unknown'.
src/coordination/swarm/mcp/mcp-daa-tools.ts(535,33): error TS7006: Parameter 'params' implicitly has an 'any' type.
src/coordination/swarm/mcp/mcp-daa-tools.ts(585,11): error TS18046: 'error' is of type 'unknown'.
src/coordination/swarm/mcp/mcp-server.ts(24,10): error TS2339: Property 'config' does not exist on type 'StdioMcpServer'.
src/coordination/swarm/mcp/mcp-server.ts(73,21): error TS2769: No overload matches this call.
  Overload 1 of 6, '(name: string, description: string, paramsSchemaOrAnnotations: { [x: string]: unknown; title?: string | undefined; readOnlyHint?: boolean | undefined; destructiveHint?: boolean | undefined; idempotentHint?: boolean | undefined; openWorldHint?: boolean | undefined; } | { ...; }, cb: (args: { ...; }, extra: RequestHandlerExtra<...>) => { ...; } | Promise<...>): RegisteredTool', gave the following error.
    Argument of type '(args: { params?: Record<string, any> | undefined; }) => Promise<{ result: { success: boolean; message: string; }; }>' is not assignable to parameter of type '(args: { params?: Record<string, any> | undefined; }, extra: RequestHandlerExtra<ServerRequest, ServerNotification>) => { ...; } | Promise<...>'.
      Type 'Promise<{ result: { success: boolean; message: string; }; }>' is not assignable to type '{ [x: string]: unknown; content: ({ [x: string]: unknown; type: "text"; text: string; _meta?: { [x: string]: unknown; } | undefined; } | { [x: string]: unknown; type: "image"; data: string; mimeType: string; _meta?: { [x: string]: unknown; } | undefined; } | { ...; } | { ...; } | { ...; })[]; _meta?: { ...; } | unde...'.
        Type 'Promise<{ result: { success: boolean; message: string; }; }>' is not assignable to type 'Promise<{ [x: string]: unknown; content: ({ [x: string]: unknown; type: "text"; text: string; _meta?: { [x: string]: unknown; } | undefined; } | { [x: string]: unknown; type: "image"; data: string; mimeType: string; _meta?: { [x: string]: unknown; } | undefined; } | { ...; } | { ...; } | { ...; })[]; _meta?: { ...; ...'.
          Property 'content' is missing in type '{ result: { success: boolean; message: string; }; }' but required in type '{ [x: string]: unknown; content: ({ [x: string]: unknown; type: "text"; text: string; _meta?: { [x: string]: unknown; } | undefined; } | { [x: string]: unknown; type: "image"; data: string; mimeType: string; _meta?: { [x: string]: unknown; } | undefined; } | { ...; } | { ...; } | { ...; })[]; _meta?: { ...; } | unde...'.
  Overload 2 of 6, '(name: string, paramsSchema: ZodRawShape, annotations: { [x: string]: unknown; title?: string | undefined; readOnlyHint?: boolean | undefined; destructiveHint?: boolean | undefined; idempotentHint?: boolean | undefined; openWorldHint?: boolean | undefined; }, cb: (args: { ...; }, extra: RequestHandlerExtra<...>) => { ...; } | Promise<...>): RegisteredTool', gave the following error.
    Argument of type 'string' is not assignable to parameter of type 'ZodRawShape'.
src/coordination/swarm/mcp/mcp-tool-registry.ts(158,15): error TS7006: Parameter 'error' implicitly has an 'any' type.
src/coordination/swarm/mcp/mcp-tool-registry.ts(158,22): error TS7006: Parameter 'toolName' implicitly has an 'any' type.
src/coordination/swarm/mcp/mcp-tool-registry.ts(158,32): error TS7006: Parameter 'operation' implicitly has an 'any' type.
src/coordination/swarm/mcp/mcp-tool-registry.ts(214,21): error TS7006: Parameter 'error' implicitly has an 'any' type.
src/coordination/swarm/mcp/mcp-tool-registry.ts(238,17): error TS7006: Parameter 'error' implicitly has an 'any' type.
src/coordination/swarm/mcp/mcp-tool-registry.ts(259,22): error TS7006: Parameter 'params' implicitly has an 'any' type.
src/coordination/swarm/mcp/mcp-tool-registry.ts(259,30): error TS7006: Parameter 'toolName' implicitly has an 'any' type.
src/coordination/swarm/mcp/mcp-tool-registry.ts(282,57): error TS18046: 'error' is of type 'unknown'.
src/coordination/swarm/mcp/mcp-tool-registry.ts(310,7): error TS7053: Element implicitly has an 'any' type because expression of type 'any' can't be used to index type '{ critical: number; high: number; medium: number; low: number; }'.
src/coordination/swarm/mcp/mcp-tool-registry.ts(311,7): error TS7053: Element implicitly has an 'any' type because expression of type 'any' can't be used to index type '{}'.
src/coordination/swarm/mcp/mcp-tool-registry.ts(311,33): error TS7053: Element implicitly has an 'any' type because expression of type 'any' can't be used to index type '{}'.
src/coordination/swarm/mcp/mcp-tool-registry.ts(325,36): error TS7006: Parameter 'hookInstance' implicitly has an 'any' type.
src/coordination/swarm/mcp/mcp-tool-registry.ts(352,66): error TS18046: 'error' is of type 'unknown'.
src/coordination/swarm/mcp/mcp-tool-registry.ts(379,20): error TS7006: Parameter 'memory' implicitly has an 'any' type.
src/coordination/swarm/mcp/mcp-tool-registry.ts(384,20): error TS7006: Parameter 'memory' implicitly has an 'any' type.
src/coordination/swarm/mcp/mcp-tool-registry.ts(385,20): error TS7006: Parameter 'memory' implicitly has an 'any' type.
src/coordination/swarm/mcp/mcp-tool-registry.ts(386,17): error TS7006: Parameter 'memory' implicitly has an 'any' type.
src/coordination/swarm/mcp/mcp-tool-registry.ts(400,72): error TS18046: 'error' is of type 'unknown'.
src/coordination/swarm/mcp/mcp-tool-registry.ts(418,38): error TS7006: Parameter 'a' implicitly has an 'any' type.
src/coordination/swarm/mcp/mcp-tool-registry.ts(425,58): error TS18046: 'error' is of type 'unknown'.
src/coordination/swarm/mcp/mcp-tool-registry.ts(497,77): error TS18046: 'agentError' is of type 'unknown'.
src/coordination/swarm/mcp/mcp-tool-registry.ts(501,68): error TS18046: 'swarmError' is of type 'unknown'.
src/coordination/swarm/mcp/mcp-tool-registry.ts(506,55): error TS18046: 'error' is of type 'unknown'.
src/coordination/swarm/mcp/mcp-tool-registry.ts(511,20): error TS7006: Parameter 'params' implicitly has an 'any' type.
src/coordination/swarm/mcp/mcp-tool-registry.ts(614,14): error TS18046: 'error' is of type 'unknown'.
src/coordination/swarm/mcp/mcp-tool-registry.ts(626,64): error TS18046: 'error' is of type 'unknown'.
src/coordination/swarm/mcp/mcp-tool-registry.ts(633,11): error TS18046: 'error' is of type 'unknown'.
src/coordination/swarm/mcp/mcp-tool-registry.ts(633,45): error TS18046: 'error' is of type 'unknown'.
src/coordination/swarm/mcp/mcp-tool-registry.ts(636,61): error TS18046: 'error' is of type 'unknown'.
src/coordination/swarm/mcp/mcp-tool-registry.ts(639,18): error TS18046: 'error' is of type 'unknown'.
src/coordination/swarm/mcp/mcp-tool-registry.ts(639,54): error TS18046: 'error' is of type 'unknown'.
src/coordination/swarm/mcp/mcp-tool-registry.ts(642,63): error TS18046: 'error' is of type 'unknown'.
src/coordination/swarm/mcp/mcp-tool-registry.ts(645,18): error TS18046: 'error' is of type 'unknown'.
src/coordination/swarm/mcp/mcp-tool-registry.ts(645,59): error TS18046: 'error' is of type 'unknown'.
src/coordination/swarm/mcp/mcp-tool-registry.ts(648,52): error TS18046: 'error' is of type 'unknown'.
src/coordination/swarm/mcp/mcp-tool-registry.ts(654,43): error TS18046: 'error' is of type 'unknown'.
src/coordination/swarm/mcp/mcp-tool-registry.ts(664,21): error TS7006: Parameter 'params' implicitly has an 'any' type.
src/coordination/swarm/mcp/mcp-tool-registry.ts(667,11): error TS6133: '_operationId' is declared but its value is never read.
src/coordination/swarm/mcp/mcp-tool-registry.ts(749,13): error TS18046: 'error' is of type 'unknown'.
src/coordination/swarm/mcp/mcp-tool-registry.ts(753,20): error TS18046: 'error' is of type 'unknown'.
src/coordination/swarm/mcp/mcp-tool-registry.ts(768,22): error TS18046: 'updateError' is of type 'unknown'.
src/coordination/swarm/mcp/mcp-tool-registry.ts(775,20): error TS18046: 'error' is of type 'unknown'.
src/coordination/swarm/mcp/mcp-tool-registry.ts(784,65): error TS18046: 'error' is of type 'unknown'.
src/coordination/swarm/mcp/mcp-tool-registry.ts(789,11): error TS18046: 'error' is of type 'unknown'.
src/coordination/swarm/mcp/mcp-tool-registry.ts(789,47): error TS18046: 'error' is of type 'unknown'.
src/coordination/swarm/mcp/mcp-tool-registry.ts(792,55): error TS18046: 'error' is of type 'unknown'.
src/coordination/swarm/mcp/mcp-tool-registry.ts(795,18): error TS18046: 'error' is of type 'unknown'.
src/coordination/swarm/mcp/mcp-tool-registry.ts(795,60): error TS18046: 'error' is of type 'unknown'.
src/coordination/swarm/mcp/mcp-tool-registry.ts(798,38): error TS18046: 'error' is of type 'unknown'.
src/coordination/swarm/mcp/mcp-tool-registry.ts(801,18): error TS18046: 'error' is of type 'unknown'.
src/coordination/swarm/mcp/mcp-tool-registry.ts(801,56): error TS18046: 'error' is of type 'unknown'.
src/coordination/swarm/mcp/mcp-tool-registry.ts(804,52): error TS18046: 'error' is of type 'unknown'.
src/coordination/swarm/mcp/mcp-tool-registry.ts(808,81): error TS18046: 'error' is of type 'unknown'.
src/coordination/swarm/mcp/mcp-tool-registry.ts(820,26): error TS7006: Parameter 'params' implicitly has an 'any' type.
src/coordination/swarm/mcp/mcp-tool-registry.ts(877,18): error TS18046: 'persistError' is of type 'unknown'.
src/coordination/swarm/mcp/mcp-tool-registry.ts(909,70): error TS18046: 'error' is of type 'unknown'.
src/coordination/swarm/mcp/mcp-tool-registry.ts(914,11): error TS18046: 'error' is of type 'unknown'.
src/coordination/swarm/mcp/mcp-tool-registry.ts(914,46): error TS18046: 'error' is of type 'unknown'.
src/coordination/swarm/mcp/mcp-tool-registry.ts(917,54): error TS18046: 'error' is of type 'unknown'.
src/coordination/swarm/mcp/mcp-tool-registry.ts(920,18): error TS18046: 'error' is of type 'unknown'.
src/coordination/swarm/mcp/mcp-tool-registry.ts(920,53): error TS18046: 'error' is of type 'unknown'.
src/coordination/swarm/mcp/mcp-tool-registry.ts(923,53): error TS18046: 'error' is of type 'unknown'.
src/coordination/swarm/mcp/mcp-tool-registry.ts(931,18): error TS18046: 'error' is of type 'unknown'.
src/coordination/swarm/mcp/mcp-tool-registry.ts(931,55): error TS18046: 'error' is of type 'unknown'.
src/coordination/swarm/mcp/mcp-tool-registry.ts(934,42): error TS18046: 'error' is of type 'unknown'.
src/coordination/swarm/mcp/mcp-tool-registry.ts(945,41): error TS18046: 'error' is of type 'unknown'.
src/coordination/swarm/mcp/mcp-tool-registry.ts(955,22): error TS7006: Parameter 'params' implicitly has an 'any' type.
src/coordination/swarm/mcp/mcp-tool-registry.ts(995,66): error TS18046: 'error' is of type 'unknown'.
src/coordination/swarm/mcp/mcp-tool-registry.ts(1001,21): error TS7006: Parameter 'params' implicitly has an 'any' type.
src/coordination/swarm/mcp/mcp-tool-registry.ts(1042,65): error TS18046: 'error' is of type 'unknown'.
src/coordination/swarm/mcp/mcp-tool-registry.ts(1048,22): error TS7006: Parameter 'params' implicitly has an 'any' type.
src/coordination/swarm/mcp/mcp-tool-registry.ts(1068,54): error TS18046: 'error' is of type 'unknown'.
src/coordination/swarm/mcp/mcp-tool-registry.ts(1148,62): error TS18046: 'error' is of type 'unknown'.
src/coordination/swarm/mcp/mcp-tool-registry.ts(1186,52): error TS7006: Parameter 'result' implicitly has an 'any' type.
src/coordination/swarm/mcp/mcp-tool-registry.ts(1204,57): error TS7006: Parameter 'ar' implicitly has an 'any' type.
src/coordination/swarm/mcp/mcp-tool-registry.ts(1206,57): error TS7006: Parameter 'sum' implicitly has an 'any' type.
src/coordination/swarm/mcp/mcp-tool-registry.ts(1206,62): error TS7006: Parameter 'm' implicitly has an 'any' type.
src/coordination/swarm/mcp/mcp-tool-registry.ts(1209,38): error TS7006: Parameter 'sum' implicitly has an 'any' type.
src/coordination/swarm/mcp/mcp-tool-registry.ts(1209,43): error TS7006: Parameter 'm' implicitly has an 'any' type.
src/coordination/swarm/mcp/mcp-tool-registry.ts(1211,55): error TS7006: Parameter 'sum' implicitly has an 'any' type.
src/coordination/swarm/mcp/mcp-tool-registry.ts(1211,60): error TS7006: Parameter 'm' implicitly has an 'any' type.
src/coordination/swarm/mcp/mcp-tool-registry.ts(1214,38): error TS7006: Parameter 'sum' implicitly has an 'any' type.
src/coordination/swarm/mcp/mcp-tool-registry.ts(1214,43): error TS7006: Parameter 'm' implicitly has an 'any' type.
src/coordination/swarm/mcp/mcp-tool-registry.ts(1256,66): error TS18046: 'error' is of type 'unknown'.
src/coordination/swarm/mcp/mcp-tool-registry.ts(1262,31): error TS7006: Parameter 'errorMessage' implicitly has an 'any' type.
src/coordination/swarm/mcp/mcp-tool-registry.ts(1299,28): error TS7006: Parameter 'results' implicitly has an 'any' type.
src/coordination/swarm/mcp/mcp-tool-registry.ts(1317,20): error TS7006: Parameter 'params' implicitly has an 'any' type.
src/coordination/swarm/mcp/mcp-tool-registry.ts(1343,22): error TS18046: 'agent' is of type 'unknown'.
src/coordination/swarm/mcp/mcp-tool-registry.ts(1343,51): error TS18046: 'agent' is of type 'unknown'.
src/coordination/swarm/mcp/mcp-tool-registry.ts(1345,22): error TS18046: 'agent' is of type 'unknown'.
src/coordination/swarm/mcp/mcp-tool-registry.ts(1347,22): error TS18046: 'agent' is of type 'unknown'.
src/coordination/swarm/mcp/mcp-tool-registry.ts(1358,15): error TS18046: 'agent' is of type 'unknown'.
src/coordination/swarm/mcp/mcp-tool-registry.ts(1359,17): error TS18046: 'agent' is of type 'unknown'.
src/coordination/swarm/mcp/mcp-tool-registry.ts(1360,17): error TS18046: 'agent' is of type 'unknown'.
src/coordination/swarm/mcp/mcp-tool-registry.ts(1361,19): error TS18046: 'agent' is of type 'unknown'.
src/coordination/swarm/mcp/mcp-tool-registry.ts(1362,30): error TS18046: 'agent' is of type 'unknown'.
src/coordination/swarm/mcp/mcp-tool-registry.ts(1363,25): error TS18046: 'agent' is of type 'unknown'.
src/coordination/swarm/mcp/mcp-tool-registry.ts(1364,30): error TS18046: 'agent' is of type 'unknown'.
src/coordination/swarm/mcp/mcp-tool-registry.ts(1371,64): error TS18046: 'error' is of type 'unknown'.
src/coordination/swarm/mcp/mcp-tool-registry.ts(1377,23): error TS7006: Parameter 'params' implicitly has an 'any' type.
src/coordination/swarm/mcp/mcp-tool-registry.ts(1413,22): error TS18046: 'error' is of type 'unknown'.
src/coordination/swarm/mcp/mcp-tool-registry.ts(1450,67): error TS18046: 'error' is of type 'unknown'.
src/coordination/swarm/mcp/mcp-tool-registry.ts(1456,25): error TS7006: Parameter 'params' implicitly has an 'any' type.
src/coordination/swarm/mcp/mcp-tool-registry.ts(1498,18): error TS7053: Element implicitly has an 'any' type because expression of type 'any' can't be used to index type '{ runtime: { node_version: string; platform: Platform; arch: Architecture; memory_limit: string; }; wasm: { modules_loaded: any; total_memory_mb: number; simd_support: any; }; ruv_swarm: any; neural_networks: { ...; }; forecasting: { ...; }; cognitive_diversity: { ...; }; }'.
src/coordination/swarm/mcp/mcp-tool-registry.ts(1504,69): error TS18046: 'error' is of type 'unknown'.
src/coordination/swarm/mcp/mcp-tool-registry.ts(1510,22): error TS7006: Parameter 'params' implicitly has an 'any' type.
src/coordination/swarm/mcp/mcp-tool-registry.ts(1573,18): error TS18046: 'error' is of type 'unknown'.
src/coordination/swarm/mcp/mcp-tool-registry.ts(1595,13): error TS7053: Element implicitly has an 'any' type because expression of type 'string' can't be used to index type '{}'.
  No index signature with a parameter of type 'string' was found on type '{}'.
src/coordination/swarm/mcp/mcp-tool-registry.ts(1614,33): error TS2345: Argument of type '{ agent_id: any; agent_name: any; agent_type: any; memory_mb: any; neural_network: boolean; }' is not assignable to parameter of type 'never'.
src/coordination/swarm/mcp/mcp-tool-registry.ts(1631,66): error TS18046: 'error' is of type 'unknown'.
src/coordination/swarm/mcp/mcp-tool-registry.ts(1637,23): error TS7006: Parameter 'params' implicitly has an 'any' type.
src/coordination/swarm/mcp/mcp-tool-registry.ts(1683,67): error TS18046: 'error' is of type 'unknown'.
src/coordination/swarm/mcp/mcp-tool-registry.ts(1688,22): error TS7006: Parameter 'params' implicitly has an 'any' type.
src/coordination/swarm/mcp/mcp-tool-registry.ts(1733,13): error TS18046: 'parseError' is of type 'unknown'.
src/coordination/swarm/mcp/mcp-tool-registry.ts(1737,23): error TS18046: 'parseError' is of type 'unknown'.
src/coordination/swarm/mcp/mcp-tool-registry.ts(1756,13): error TS18046: 'parseError' is of type 'unknown'.
src/coordination/swarm/mcp/mcp-tool-registry.ts(1760,23): error TS18046: 'parseError' is of type 'unknown'.
src/coordination/swarm/mcp/mcp-tool-registry.ts(1853,58): error TS18046: 'wasmError' is of type 'unknown'.
src/coordination/swarm/mcp/mcp-tool-registry.ts(1896,18): error TS18046: 'error' is of type 'unknown'.
src/coordination/swarm/mcp/mcp-tool-registry.ts(1934,18): error TS18046: 'error' is of type 'unknown'.
src/coordination/swarm/mcp/mcp-tool-registry.ts(1960,66): error TS18046: 'error' is of type 'unknown'.
src/coordination/swarm/mcp/mcp-tool-registry.ts(1972,25): error TS7006: Parameter 'params' implicitly has an 'any' type.
src/coordination/swarm/mcp/mcp-tool-registry.ts(2007,32): error TS7053: Element implicitly has an 'any' type because expression of type 'any' can't be used to index type '{ convergent: { description: string; strengths: string[]; best_for: string[]; }; divergent: { description: string; strengths: string[]; best_for: string[]; }; lateral: { description: string; strengths: string[]; best_for: string[]; }; systems: { ...; }; critical: { ...; }; }'.
src/coordination/swarm/mcp/mcp-tool-registry.ts(2008,31): error TS7053: Element implicitly has an 'any' type because expression of type 'any' can't be used to index type '{ convergent: { description: string; strengths: string[]; best_for: string[]; }; divergent: { description: string; strengths: string[]; best_for: string[]; }; lateral: { description: string; strengths: string[]; best_for: string[]; }; systems: { ...; }; critical: { ...; }; }'.
src/coordination/swarm/mcp/mcp-tool-registry.ts(2014,69): error TS18046: 'error' is of type 'unknown'.
src/coordination/swarm/mcp/mcp-tool-registry.ts(2020,27): error TS7006: Parameter 'iterations' implicitly has an 'any' type.
src/coordination/swarm/mcp/mcp-tool-registry.ts(2064,63): error TS18046: 'error' is of type 'unknown'.
src/coordination/swarm/mcp/mcp-tool-registry.ts(2068,29): error TS7006: Parameter 'times' implicitly has an 'any' type.
src/coordination/swarm/mcp/mcp-tool-registry.ts(2073,31): error TS7006: Parameter 'a' implicitly has an 'any' type.
src/coordination/swarm/mcp/mcp-tool-registry.ts(2073,34): error TS7006: Parameter 'b' implicitly has an 'any' type.
src/coordination/swarm/mcp/mcp-tool-registry.ts(2129,29): error TS7006: Parameter 'iterations' implicitly has an 'any' type.
src/coordination/swarm/mcp/mcp-tool-registry.ts(2141,40): error TS2345: Argument of type 'number' is not assignable to parameter of type 'never'.
src/coordination/swarm/mcp/mcp-tool-registry.ts(2147,36): error TS2345: Argument of type 'number' is not assignable to parameter of type 'never'.
src/coordination/swarm/mcp/mcp-tool-registry.ts(2153,38): error TS2345: Argument of type 'number' is not assignable to parameter of type 'never'.
src/coordination/swarm/mcp/mcp-tool-registry.ts(2157,29): error TS7006: Parameter 'data' implicitly has an 'any' type.
src/coordination/swarm/mcp/mcp-tool-registry.ts(2158,28): error TS7006: Parameter 'a' implicitly has an 'any' type.
src/coordination/swarm/mcp/mcp-tool-registry.ts(2158,31): error TS7006: Parameter 'b' implicitly has an 'any' type.
src/coordination/swarm/mcp/mcp-tool-registry.ts(2162,22): error TS7006: Parameter 'sq' implicitly has an 'any' type.
src/coordination/swarm/mcp/mcp-tool-registry.ts(2162,26): error TS7006: Parameter 'n' implicitly has an 'any' type.
src/coordination/swarm/mcp/mcp-tool-registry.ts(2163,41): error TS7006: Parameter 'a' implicitly has an 'any' type.
src/coordination/swarm/mcp/mcp-tool-registry.ts(2163,44): error TS7006: Parameter 'b' implicitly has an 'any' type.
src/coordination/swarm/mcp/mcp-tool-registry.ts(2176,28): error TS7006: Parameter 'iterations' implicitly has an 'any' type.
src/coordination/swarm/mcp/mcp-tool-registry.ts(2221,40): error TS2345: Argument of type 'number' is not assignable to parameter of type 'never'.
src/coordination/swarm/mcp/mcp-tool-registry.ts(2239,40): error TS2345: Argument of type 'number' is not assignable to parameter of type 'never'.
src/coordination/swarm/mcp/mcp-tool-registry.ts(2256,44): error TS2345: Argument of type 'number' is not assignable to parameter of type 'never'.
src/coordination/swarm/mcp/mcp-tool-registry.ts(2261,64): error TS18046: 'error' is of type 'unknown'.
src/coordination/swarm/mcp/mcp-tool-registry.ts(2265,29): error TS7006: Parameter 'data' implicitly has an 'any' type.
src/coordination/swarm/mcp/mcp-tool-registry.ts(2272,32): error TS7006: Parameter 'a' implicitly has an 'any' type.
src/coordination/swarm/mcp/mcp-tool-registry.ts(2272,35): error TS7006: Parameter 'b' implicitly has an 'any' type.
src/coordination/swarm/mcp/mcp-tool-registry.ts(2293,28): error TS7006: Parameter 'data' implicitly has an 'any' type.
src/coordination/swarm/mcp/mcp-tool-registry.ts(2293,34): error TS7006: Parameter 'operationType' implicitly has an 'any' type.
src/coordination/swarm/mcp/mcp-tool-registry.ts(2332,28): error TS7006: Parameter 'iterations' implicitly has an 'any' type.
src/coordination/swarm/mcp/mcp-tool-registry.ts(2354,46): error TS2345: Argument of type 'number' is not assignable to parameter of type 'never'.
src/coordination/swarm/mcp/mcp-tool-registry.ts(2360,15): error TS6133: '_matches' is declared but its value is never read.
src/coordination/swarm/mcp/mcp-tool-registry.ts(2364,45): error TS2345: Argument of type 'number' is not assignable to parameter of type 'never'.
src/coordination/swarm/mcp/mcp-tool-registry.ts(2383,40): error TS2345: Argument of type 'number' is not assignable to parameter of type 'never'.
src/coordination/swarm/mcp/mcp-tool-registry.ts(2385,64): error TS18046: 'error' is of type 'unknown'.
src/coordination/swarm/mcp/mcp-tool-registry.ts(2389,29): error TS7006: Parameter 'data' implicitly has an 'any' type.
src/coordination/swarm/mcp/mcp-tool-registry.ts(2394,30): error TS7006: Parameter 'a' implicitly has an 'any' type.
src/coordination/swarm/mcp/mcp-tool-registry.ts(2394,33): error TS7006: Parameter 'b' implicitly has an 'any' type.
src/coordination/swarm/mcp/mcp-tool-registry.ts(2407,27): error TS7006: Parameter 'iterations' implicitly has an 'any' type.
src/coordination/swarm/mcp/mcp-tool-registry.ts(2446,41): error TS2345: Argument of type 'string | undefined' is not assignable to parameter of type 'string'.
  Type 'undefined' is not assignable to type 'string'.
src/coordination/swarm/mcp/mcp-tool-registry.ts(2452,21): error TS2339: Property 'assignedAgent' does not exist on type '{ id: string; parent: string; requirement: string | undefined; weight: number; estimatedTime: number; }'.
src/coordination/swarm/mcp/mcp-tool-registry.ts(2457,43): error TS2345: Argument of type 'number' is not assignable to parameter of type 'never'.
src/coordination/swarm/mcp/mcp-tool-registry.ts(2463,28): error TS2339: Property 'assignedAgent' does not exist on type '{ id: string; parent: string; requirement: string | undefined; weight: number; estimatedTime: number; }'.
src/coordination/swarm/mcp/mcp-tool-registry.ts(2476,15): error TS6133: '_aggregatedResult' is declared but its value is never read.
src/coordination/swarm/mcp/mcp-tool-registry.ts(2495,44): error TS2345: Argument of type 'number' is not assignable to parameter of type 'never'.
src/coordination/swarm/mcp/mcp-tool-registry.ts(2510,24): error TS7006: Parameter 'taskId' implicitly has an 'any' type.
src/coordination/swarm/mcp/mcp-tool-registry.ts(2532,47): error TS2345: Argument of type 'number' is not assignable to parameter of type 'never'.
src/coordination/swarm/mcp/mcp-tool-registry.ts(2534,63): error TS18046: 'error' is of type 'unknown'.
src/coordination/swarm/mcp/mcp-tool-registry.ts(2538,29): error TS7006: Parameter 'data' implicitly has an 'any' type.
src/coordination/swarm/mcp/mcp-tool-registry.ts(2543,30): error TS7006: Parameter 'a' implicitly has an 'any' type.
src/coordination/swarm/mcp/mcp-tool-registry.ts(2543,33): error TS7006: Parameter 'b' implicitly has an 'any' type.
src/coordination/swarm/mcp/mcp-tool-registry.ts(2556,28): error TS7006: Parameter 'benchmarks' implicitly has an 'any' type.
src/coordination/swarm/mcp/mcp-tool-registry.ts(2621,23): error TS7006: Parameter 'params' implicitly has an 'any' type.
src/coordination/swarm/mcp/mcp-tool-registry.ts(2683,48): error TS7006: Parameter 'nn' implicitly has an 'any' type.
src/coordination/swarm/mcp/mcp-tool-registry.ts(2724,54): error TS2339: Property 'status' does not exist on type '{ agent_id: any; agent_name: any; agent_type: any; swarm_id: any; status: any; cognitive_pattern: any; performance: { task_completion_rate: number; avg_response_time_ms: number; accuracy_score: number; cognitive_load: number; memory_usage_mb: number; active_time_percent: number; }; ... 4 more ...; last_activity: str...'.
  Property 'status' does not exist on type '{ agent_id: any; performance: { task_completion_rate: number; avg_response_time_ms: number; accuracy_score: number; cognitive_load: number; memory_usage_mb: number; active_time_percent: number; }; neural_networks?: never; }'.
src/coordination/swarm/mcp/mcp-tool-registry.ts(2724,79): error TS2339: Property 'status' does not exist on type '{ agent_id: any; agent_name: any; agent_type: any; swarm_id: any; status: any; cognitive_pattern: any; performance: { task_completion_rate: number; avg_response_time_ms: number; accuracy_score: number; cognitive_load: number; memory_usage_mb: number; active_time_percent: number; }; ... 4 more ...; last_activity: str...'.
  Property 'status' does not exist on type '{ agent_id: any; performance: { task_completion_rate: number; avg_response_time_ms: number; accuracy_score: number; cognitive_load: number; memory_usage_mb: number; active_time_percent: number; }; neural_networks?: never; }'.
src/coordination/swarm/mcp/mcp-tool-registry.ts(2732,67): error TS18046: 'error' is of type 'unknown'.
src/coordination/swarm/mcp/mcp-tool-registry.ts(2738,23): error TS7006: Parameter 'params' implicitly has an 'any' type.
src/coordination/swarm/mcp/mcp-tool-registry.ts(2826,62): error TS7006: Parameter 'event' implicitly has an 'any' type.
src/coordination/swarm/mcp/mcp-tool-registry.ts(2883,67): error TS18046: 'error' is of type 'unknown'.
src/coordination/swarm/mcp/mcp-tool-registry.ts(2888,21): error TS7006: Parameter 'toolName' implicitly has an 'any' type.
src/coordination/swarm/mcp/mcp-tool-registry.ts(2888,31): error TS7006: Parameter 'startTime' implicitly has an 'any' type.
src/coordination/swarm/mcp/mcp-tool-registry.ts(2888,42): error TS7006: Parameter 'status' implicitly has an 'any' type.
src/coordination/swarm/mcp/swarm-tools.ts(66,47): error TS18046: 'error' is of type 'unknown'.
src/coordination/swarm/mcp/swarm-tools.ts(97,55): error TS18046: 'error' is of type 'unknown'.
src/coordination/swarm/mcp/swarm-tools.ts(128,51): error TS18046: 'error' is of type 'unknown'.
src/coordination/swarm/mcp/swarm-tools.ts(158,46): error TS18046: 'error' is of type 'unknown'.
src/coordination/swarm/mcp/swarm-tools.ts(182,45): error TS18046: 'error' is of type 'unknown'.
src/coordination/swarm/mcp/swarm-tools.ts(208,48): error TS18046: 'error' is of type 'unknown'.
src/coordination/swarm/mcp/swarm-tools.ts(237,53): error TS18046: 'error' is of type 'unknown'.
src/coordination/swarm/mcp/swarm-tools.ts(263,46): error TS18046: 'error' is of type 'unknown'.
src/coordination/swarm/mcp/swarm-tools.ts(290,47): error TS18046: 'error' is of type 'unknown'.
src/coordination/swarm/mcp/swarm-tools.ts(316,47): error TS18046: 'error' is of type 'unknown'.
src/coordination/swarm/mcp/swarm-tools.ts(350,44): error TS18046: 'error' is of type 'unknown'.
src/coordination/swarm/mcp/swarm-tools.ts(378,52): error TS18046: 'error' is of type 'unknown'.
src/coordination/swarm/sparc/__tests__/database-driven-architecture-engine.test.ts(314,13): error TS6133: '_retrievedArchitecture' is declared but its value is never read.
src/coordination/swarm/sparc/__tests__/database-driven-architecture-engine.test.ts(316,11): error TS6133: '_searchResults' is declared but its value is never read.
src/coordination/swarm/sparc/__tests__/database-driven-architecture-engine.test.ts(320,11): error TS6133: '_stats' is declared but its value is never read.
src/coordination/swarm/sparc/cli/architecture-commands.ts(114,21): error TS6133: '_status' is declared but its value is never read.
src/coordination/swarm/sparc/cli/architecture-commands.ts(231,19): error TS6133: '_valStats' is declared but its value is never read.
src/coordination/swarm/sparc/cli/cli-demo.ts(15,11): error TS6133: '_mockOptions' is declared but its value is never read.
src/coordination/swarm/sparc/cli/test-cli.ts(92,9): error TS6133: '_validation' is declared but its value is never read.
src/coordination/swarm/sparc/core/sparc-engine.ts(67,10): error TS2339: Property 'memorySystem' does not exist on type 'SPARCEngineCore'.
src/coordination/swarm/sparc/core/sparc-engine.ts(69,10): error TS2339: Property 'taskCoordinator' does not exist on type 'SPARCEngineCore'.
src/coordination/swarm/sparc/core/sparc-engine.ts(70,10): error TS2339: Property 'taskAPI' does not exist on type 'SPARCEngineCore'.
src/coordination/swarm/sparc/core/sparc-engine.ts(130,13): error TS6133: '_swarmId' is declared but its value is never read.
src/coordination/swarm/sparc/core/sparc-engine.ts(199,13): error TS2375: Type '{ phase: SPARCPhase; success: true; deliverables: ArtifactReference[]; metrics: PhaseMetrics; nextPhase: SPARCPhase | undefined; recommendations: string[]; }' is not assignable to type 'PhaseResult' with 'exactOptionalPropertyTypes: true'. Consider adding 'undefined' to the types of the target's properties.
  Types of property 'nextPhase' are incompatible.
    Type 'SPARCPhase | undefined' is not assignable to type 'SPARCPhase'.
      Type 'undefined' is not assignable to type 'SPARCPhase'.
src/coordination/swarm/sparc/core/sparc-engine.ts(282,7): error TS2322: Type '{ type: "performance"; priority: "HIGH"; changes: { component: string; modification: string; rationale: string; expectedImprovement: string; effort: "medium"; risk: "LOW"; }[]; expectedImpact: { ...; }; riskAssessment: "LOW"; implementationPlan: { ...; }[]; } | undefined' is not assignable to type 'RefinementStrategy'.
  Type 'undefined' is not assignable to type 'RefinementStrategy'.
src/coordination/swarm/sparc/core/sparc-engine.ts(283,16): error TS2532: Object is possibly 'undefined'.
src/coordination/swarm/sparc/core/sparc-engine.ts(344,19): error TS2532: Object is possibly 'undefined'.
src/coordination/swarm/sparc/core/sparc-engine.ts(345,19): error TS2532: Object is possibly 'undefined'.
src/coordination/swarm/sparc/core/sparc-engine.ts(349,19): error TS2532: Object is possibly 'undefined'.
src/coordination/swarm/sparc/core/sparc-engine.ts(350,19): error TS2532: Object is possibly 'undefined'.
src/coordination/swarm/sparc/core/sparc-engine.ts(354,19): error TS2532: Object is possibly 'undefined'.
src/coordination/swarm/sparc/core/sparc-engine.ts(355,19): error TS2532: Object is possibly 'undefined'.
src/coordination/swarm/sparc/core/sparc-engine.ts(1198,11): error TS6133: '_adrTemplate' is declared but its value is never read.
src/coordination/swarm/sparc/core/sparc-engine.ts(1221,11): error TS6133: '_epics' is declared but its value is never read.
src/coordination/swarm/sparc/core/sparc-engine.ts(1230,11): error TS6133: '_features' is declared but its value is never read.
src/coordination/swarm/sparc/core/template-engine.ts(383,23): error TS2532: Object is possibly 'undefined'.
src/coordination/swarm/sparc/core/template-engine.ts(383,59): error TS2532: Object is possibly 'undefined'.
src/coordination/swarm/sparc/database/architecture-storage.ts(164,7): error TS2322: Type 'string | null' is not assignable to type 'string'.
  Type 'null' is not assignable to type 'string'.
src/coordination/swarm/sparc/database/architecture-storage.ts(470,45): error TS7006: Parameter 'arch' implicitly has an 'any' type.
src/coordination/swarm/sparc/integrations/mcp-sparc-tools.ts(900,11): error TS7034: Variable 'features' implicitly has type 'any[]' in some locations where its type cannot be determined.
src/coordination/swarm/sparc/integrations/mcp-sparc-tools.ts(917,19): error TS7005: Variable 'features' implicitly has an 'any[]' type.
src/coordination/swarm/sparc/integrations/project-management-integration.ts(148,20): error TS6133: 'roadmapFile' is declared but its value is never read.
src/coordination/swarm/sparc/integrations/project-management-integration.ts(150,20): error TS6133: 'taskDistributor' is declared but its value is never read.
src/coordination/swarm/sparc/integrations/project-management-integration.ts(186,5): error TS2412: Type 'WorkflowEngine | undefined' is not assignable to type 'WorkflowEngine' with 'exactOptionalPropertyTypes: true'. Consider adding 'undefined' to the type of the target.
  Type 'undefined' is not assignable to type 'WorkflowEngine'.
src/coordination/swarm/sparc/integrations/project-management-integration.ts(244,7): error TS2322: Type 'Task[]' is not assignable to type 'never[]'.
  Type 'Task' is not assignable to type 'never'.
src/coordination/swarm/sparc/integrations/project-management-integration.ts(250,7): error TS2322: Type 'ADR[]' is not assignable to type 'never[]'.
  Type 'ADR' is not assignable to type 'never'.
src/coordination/swarm/sparc/integrations/project-management-integration.ts(260,7): error TS2322: Type 'Epic[]' is not assignable to type 'never[]'.
  Type 'Epic' is not assignable to type 'never'.
src/coordination/swarm/sparc/integrations/project-management-integration.ts(265,7): error TS2322: Type 'Feature[]' is not assignable to type 'never[]'.
  Type 'Feature' is not assignable to type 'never'.
src/coordination/swarm/sparc/integrations/project-management-integration.ts(371,11): error TS7053: Element implicitly has an 'any' type because expression of type 'string' can't be used to index type '{}'.
  No index signature with a parameter of type 'string' was found on type '{}'.
src/coordination/swarm/sparc/integrations/project-management-integration.ts(375,9): error TS7053: Element implicitly has an 'any' type because expression of type 'string' can't be used to index type '{}'.
  No index signature with a parameter of type 'string' was found on type '{}'.
src/coordination/swarm/sparc/integrations/project-management-integration.ts(468,36): error TS2379: Argument of type '{ type: string; description: string; priority: number; deadline: Date | undefined; }' is not assignable to parameter of type '{ type: string; description: string; priority: number; deadline?: Date; }' with 'exactOptionalPropertyTypes: true'. Consider adding 'undefined' to the types of the target's properties.
  Types of property 'deadline' are incompatible.
    Type 'Date | undefined' is not assignable to type 'Date'.
      Type 'undefined' is not assignable to type 'Date'.
src/coordination/swarm/sparc/integrations/project-management-integration.ts(521,36): error TS2379: Argument of type '{ type: string; description: string; priority: number; deadline: Date | undefined; }' is not assignable to parameter of type '{ type: string; description: string; priority: number; deadline?: Date; }' with 'exactOptionalPropertyTypes: true'. Consider adding 'undefined' to the types of the target's properties.
  Types of property 'deadline' are incompatible.
    Type 'Date | undefined' is not assignable to type 'Date'.
      Type 'undefined' is not assignable to type 'Date'.
src/coordination/swarm/sparc/integrations/project-management-integration.ts(563,74): error TS4111: Property 'importance' comes from an index signature, so it must be accessed with ['importance'].
src/coordination/swarm/sparc/integrations/project-management-integration.ts(630,12): error TS7053: Element implicitly has an 'any' type because expression of type 'string' can't be used to index type '{ specification: string; pseudocode: string; architecture: string; refinement: string; completion: string; }'.
  No index signature with a parameter of type 'string' was found on type '{ specification: string; pseudocode: string; architecture: string; refinement: string; completion: string; }'.
src/coordination/swarm/sparc/integrations/project-management-integration.ts(641,12): error TS7053: Element implicitly has an 'any' type because expression of type 'string' can't be used to index type '{ specification: string; pseudocode: string; architecture: string; refinement: string; completion: string; }'.
  No index signature with a parameter of type 'string' was found on type '{ specification: string; pseudocode: string; architecture: string; refinement: string; completion: string; }'.
src/coordination/swarm/sparc/integrations/project-management-integration.ts(652,12): error TS7053: Element implicitly has an 'any' type because expression of type 'string' can't be used to index type '{ specification: string; pseudocode: string; architecture: string; refinement: string; completion: string; }'.
  No index signature with a parameter of type 'string' was found on type '{ specification: string; pseudocode: string; architecture: string; refinement: string; completion: string; }'.
src/coordination/swarm/sparc/integrations/project-management-integration.ts(663,12): error TS7053: Element implicitly has an 'any' type because expression of type 'string' can't be used to index type '{ specification: string[]; pseudocode: string[]; architecture: string[]; refinement: string[]; completion: string[]; }'.
  No index signature with a parameter of type 'string' was found on type '{ specification: string[]; pseudocode: string[]; architecture: string[]; refinement: string[]; completion: string[]; }'.
src/coordination/swarm/sparc/integrations/project-management-integration.ts(674,13): error TS7053: Element implicitly has an 'any' type because expression of type 'string' can't be used to index type '{ specification: string; pseudocode: string; architecture: string; refinement: string; completion: string; }'.
  No index signature with a parameter of type 'string' was found on type '{ specification: string; pseudocode: string; architecture: string; refinement: string; completion: string; }'.
src/coordination/swarm/sparc/integrations/project-management-integration.ts(685,12): error TS7053: Element implicitly has an 'any' type because expression of type 'string' can't be used to index type '{ specification: number; pseudocode: number; architecture: number; refinement: number; completion: number; }'.
  No index signature with a parameter of type 'string' was found on type '{ specification: number; pseudocode: number; architecture: number; refinement: number; completion: number; }'.
src/coordination/swarm/sparc/integrations/project-management-integration.ts(743,5): error TS2322: Type 'string | undefined' is not assignable to type 'string'.
  Type 'undefined' is not assignable to type 'string'.
src/coordination/swarm/sparc/integrations/project-management-integration.ts(886,11): error TS2322: Type 'string | undefined' is not assignable to type 'string'.
  Type 'undefined' is not assignable to type 'string'.
src/coordination/swarm/sparc/integrations/project-management-integration.ts(971,12): error TS7053: Element implicitly has an 'any' type because expression of type 'string' can't be used to index type '{ specification: string; pseudocode: string; architecture: string; refinement: string; completion: string; }'.
  No index signature with a parameter of type 'string' was found on type '{ specification: string; pseudocode: string; architecture: string; refinement: string; completion: string; }'.
src/coordination/swarm/sparc/integrations/project-management-integration.ts(982,12): error TS7053: Element implicitly has an 'any' type because expression of type 'string' can't be used to index type '{ specification: number; pseudocode: number; architecture: number; refinement: number; completion: number; }'.
  No index signature with a parameter of type 'string' was found on type '{ specification: number; pseudocode: number; architecture: number; refinement: number; completion: number; }'.
src/coordination/swarm/sparc/integrations/project-management-integration.ts(1019,12): error TS7053: Element implicitly has an 'any' type because expression of type 'string' can't be used to index type '{ specification: string[]; pseudocode: string[]; architecture: string[]; refinement: string[]; completion: string[]; }'.
  No index signature with a parameter of type 'string' was found on type '{ specification: string[]; pseudocode: string[]; architecture: string[]; refinement: string[]; completion: string[]; }'.
src/coordination/swarm/sparc/integrations/roadmap-integration.ts(24,20): error TS6133: 'projectRoot' is declared but its value is never read.
src/coordination/swarm/sparc/integrations/roadmap-integration.ts(49,9): error TS2322: Type 'string | undefined' is not assignable to type 'string'.
  Type 'undefined' is not assignable to type 'string'.
src/coordination/swarm/sparc/integrations/roadmap-integration.ts(294,5): error TS2322: Type 'string | undefined' is not assignable to type 'string'.
  Type 'undefined' is not assignable to type 'string'.
src/coordination/swarm/sparc/integrations/roadmap-integration.ts(359,38): error TS2345: Argument of type 'string | undefined' is not assignable to parameter of type 'string'.
  Type 'undefined' is not assignable to type 'string'.
src/coordination/swarm/sparc/integrations/roadmap-integration.ts(361,28): error TS2345: Argument of type 'string | undefined' is not assignable to parameter of type 'string'.
  Type 'undefined' is not assignable to type 'string'.
src/coordination/swarm/sparc/integrations/roadmap-integration.ts(409,24): error TS7053: Element implicitly has an 'any' type because expression of type 'ProjectDomain' can't be used to index type '{ 'swarm-coordination': { title: string; description: string; effort_estimate: number; business_value: "high"; }[]; 'neural-networks': ({ title: string; description: string; effort_estimate: number; business_value: "high"; } | { ...; })[]; }'.
  Property 'general' does not exist on type '{ 'swarm-coordination': { title: string; description: string; effort_estimate: number; business_value: "high"; }[]; 'neural-networks': ({ title: string; description: string; effort_estimate: number; business_value: "high"; } | { ...; })[]; }'.
src/coordination/swarm/sparc/integrations/roadmap-integration.ts(411,28): error TS7006: Parameter 'strategy' implicitly has an 'any' type.
src/coordination/swarm/sparc/integrations/roadmap-integration.ts(411,38): error TS7006: Parameter 'index' implicitly has an 'any' type.
src/coordination/swarm/sparc/integrations/swarm-coordination-integration.ts(42,11): error TS6133: 'taskAPI' is declared but its value is never read.
src/coordination/swarm/sparc/integrations/swarm-coordination-integration.ts(291,73): error TS18046: 'error' is of type 'unknown'.
src/coordination/swarm/sparc/integrations/swarm-coordination-integration.ts(320,77): error TS18046: 'error' is of type 'unknown'.
src/coordination/swarm/sparc/mcp/architecture-tools.ts(356,13): error TS6138: Property 'db' is declared but its value is never read.
src/coordination/swarm/sparc/mcp/architecture-tools.ts(534,67): error TS18048: 'validation.overallScore' is possibly 'undefined'.
src/coordination/swarm/sparc/phases/architecture/architecture-engine.ts(683,30): error TS2345: Argument of type 'string | undefined' is not assignable to parameter of type 'string'.
  Type 'undefined' is not assignable to type 'string'.
src/coordination/swarm/sparc/phases/architecture/architecture-engine.ts(691,30): error TS2345: Argument of type 'string | undefined' is not assignable to parameter of type 'string'.
  Type 'undefined' is not assignable to type 'string'.
src/coordination/swarm/sparc/phases/architecture/architecture-engine.ts(1248,11): error TS6133: '_overallScore' is declared but its value is never read.
src/coordination/swarm/sparc/phases/architecture/database-driven-architecture-engine.ts(76,11): error TS6196: 'DeploymentStrategy' is declared but never used.
src/coordination/swarm/sparc/phases/architecture/database-driven-architecture-engine.ts(86,11): error TS6196: 'IntegrationPoint' is declared but never used.
src/coordination/swarm/sparc/phases/architecture/database-driven-architecture-engine.ts(97,11): error TS6196: 'PerformanceRequirement' is declared but never used.
src/coordination/swarm/sparc/phases/architecture/database-driven-architecture-engine.ts(114,13): error TS6138: Property 'db' is declared but its value is never read.
src/coordination/swarm/sparc/phases/architecture/database-driven-architecture-engine.ts(140,11): error TS6133: 'interfaces' is declared but its value is never read.
src/coordination/swarm/sparc/phases/architecture/database-driven-architecture-engine.ts(691,5): error TS6133: 'pseudocode' is declared but its value is never read.
src/coordination/swarm/sparc/phases/architecture/database-driven-architecture-engine.ts(759,76): error TS4111: Property 'sourceId' comes from an index signature, so it must be accessed with ['sourceId'].
src/coordination/swarm/sparc/phases/architecture/database-driven-architecture-engine.ts(760,76): error TS4111: Property 'targetId' comes from an index signature, so it must be accessed with ['targetId'].
src/coordination/swarm/sparc/phases/architecture/database-driven-architecture-engine.ts(766,43): error TS4111: Property 'sourceId' comes from an index signature, so it must be accessed with ['sourceId'].
src/coordination/swarm/sparc/phases/architecture/database-driven-architecture-engine.ts(767,43): error TS4111: Property 'targetId' comes from an index signature, so it must be accessed with ['targetId'].
src/coordination/swarm/sparc/phases/architecture/database-driven-architecture-engine.ts(816,5): error TS6133: 'pseudocode' is declared but its value is never read.
src/coordination/swarm/sparc/phases/architecture/database-driven-architecture-engine.ts(888,5): error TS6133: 'components' is declared but its value is never read.
src/coordination/swarm/sparc/phases/architecture/database-driven-architecture-engine.ts(928,5): error TS6133: 'pseudocode' is declared but its value is never read.
src/coordination/swarm/sparc/phases/architecture/database-driven-architecture-engine.ts(1042,47): error TS2532: Object is possibly 'undefined'.
src/coordination/swarm/sparc/phases/architecture/database-driven-architecture-engine.ts(1043,7): error TS2322: Type 'string | undefined' is not assignable to type 'string | null'.
  Type 'undefined' is not assignable to type 'string | null'.
src/coordination/swarm/sparc/phases/architecture/database-driven-architecture-engine.ts(1043,14): error TS2532: Object is possibly 'undefined'.
src/coordination/swarm/sparc/phases/architecture/database-driven-architecture-engine.ts(1220,5): error TS6133: 'components' is declared but its value is never read.
src/coordination/swarm/sparc/phases/architecture/database-driven-architecture-engine.ts(1246,5): error TS6133: 'components' is declared but its value is never read.
src/coordination/swarm/sparc/phases/completion/completion-engine.ts(64,11): error TS6133: '_qualityGates' is declared but its value is never read.
src/coordination/swarm/sparc/phases/completion/completion-engine.ts(350,46): error TS2532: Object is possibly 'undefined'.
src/coordination/swarm/sparc/phases/refinement/refinement-engine.ts(83,7): error TS2322: Type 'string | undefined' is not assignable to type 'string'.
  Type 'undefined' is not assignable to type 'string'.
src/coordination/swarm/sparc/phases/refinement/refinement-engine.ts(118,9): error TS18048: 'feedback.performanceIssues.length' is possibly 'undefined'.
src/coordination/swarm/sparc/phases/refinement/refinement-engine.ts(127,9): error TS2322: Type 'string[] | undefined' is not assignable to type 'string[]'.
  Type 'undefined' is not assignable to type 'string[]'.
src/coordination/swarm/sparc/phases/refinement/refinement-engine.ts(144,9): error TS18048: 'feedback.securityConcerns.length' is possibly 'undefined'.
src/coordination/swarm/sparc/phases/refinement/refinement-engine.ts(153,9): error TS2322: Type 'string[] | undefined' is not assignable to type 'string[]'.
  Type 'undefined' is not assignable to type 'string[]'.
src/coordination/swarm/sparc/phases/refinement/refinement-engine.ts(170,9): error TS18048: 'feedback.scalabilityRequirements.length' is possibly 'undefined'.
src/coordination/swarm/sparc/phases/refinement/refinement-engine.ts(179,9): error TS2322: Type 'string[] | undefined' is not assignable to type 'string[]'.
  Type 'undefined' is not assignable to type 'string[]'.
src/coordination/swarm/sparc/phases/refinement/refinement-engine.ts(196,9): error TS18048: 'feedback.codeQualityIssues.length' is possibly 'undefined'.
src/coordination/swarm/sparc/phases/refinement/refinement-engine.ts(205,9): error TS2322: Type 'string[] | undefined' is not assignable to type 'string[]'.
  Type 'undefined' is not assignable to type 'string[]'.
src/coordination/swarm/sparc/phases/refinement/refinement-engine.ts(241,11): error TS2322: Type 'string | undefined' is not assignable to type 'string'.
  Type 'undefined' is not assignable to type 'string'.
src/coordination/swarm/sparc/phases/refinement/refinement-engine.ts(1069,9): error TS18048: 'feedback.performanceIssues.length' is possibly 'undefined'.
src/coordination/swarm/sparc/templates/memory-systems-template.ts(996,16): error TS2339: Property 'name' does not exist on type '{ id: string; domain: string; functionalRequirements: FunctionalRequirement[]; nonFunctionalRequirements: NonFunctionalRequirement[]; ... 5 more ...; successMetrics: SuccessMetric[]; }'.
src/coordination/swarm/sparc/templates/memory-systems-template.ts(997,16): error TS2339: Property 'description' does not exist on type '{ id: string; domain: string; functionalRequirements: FunctionalRequirement[]; nonFunctionalRequirements: NonFunctionalRequirement[]; ... 5 more ...; successMetrics: SuccessMetric[]; }'.
src/coordination/swarm/sparc/templates/memory-systems-template.ts(997,74): error TS2339: Property 'description' does not exist on type 'DetailedSpecification'.
src/coordination/swarm/sparc/templates/neural-networks-template.ts(957,16): error TS2339: Property 'name' does not exist on type '{ id: string; domain: string; functionalRequirements: FunctionalRequirement[]; nonFunctionalRequirements: NonFunctionalRequirement[]; ... 5 more ...; successMetrics: SuccessMetric[]; }'.
src/coordination/swarm/sparc/templates/neural-networks-template.ts(958,16): error TS2339: Property 'description' does not exist on type '{ id: string; domain: string; functionalRequirements: FunctionalRequirement[]; nonFunctionalRequirements: NonFunctionalRequirement[]; ... 5 more ...; successMetrics: SuccessMetric[]; }'.
src/coordination/swarm/sparc/templates/neural-networks-template.ts(958,74): error TS2339: Property 'description' does not exist on type 'DetailedSpecification'.
src/coordination/swarm/sparc/templates/neural-networks-template.ts(969,11): error TS2353: Object literal may only specify known properties, and 'category' does not exist in type 'FunctionalRequirement'.
src/coordination/swarm/sparc/templates/neural-networks-template.ts(981,20): error TS2339: Property 'systemConstraints' does not exist on type '{ id: string; domain: string; functionalRequirements: FunctionalRequirement[]; nonFunctionalRequirements: NonFunctionalRequirement[]; ... 5 more ...; successMetrics: SuccessMetric[]; }'.
src/coordination/swarm/sparc/templates/neural-networks-template.ts(1025,11): error TS2353: Object literal may only specify known properties, and 'time' does not exist in type 'ComplexityAnalysis'.
src/coordination/swarm/sparc/templates/neural-networks-template.ts(1050,7): error TS18048: 'customized.deploymentStrategy' is possibly 'undefined'.
src/coordination/swarm/sparc/templates/neural-networks-template.ts(1050,37): error TS2339: Property 'type' does not exist on type 'string'.
src/coordination/swarm/sparc/templates/neural-networks-template.ts(1051,7): error TS18048: 'customized.deploymentStrategy' is possibly 'undefined'.
src/coordination/swarm/sparc/templates/neural-networks-template.ts(1051,37): error TS2339: Property 'infrastructure' does not exist on type 'string'.
src/coordination/swarm/sparc/templates/neural-networks-template.ts(1053,7): error TS18048: 'customized.deploymentStrategy' is possibly 'undefined'.
src/coordination/swarm/sparc/templates/neural-networks-template.ts(1053,37): error TS2339: Property 'infrastructure' does not exist on type 'string'.
src/coordination/swarm/sparc/templates/rest-api-template.ts(839,16): error TS2339: Property 'name' does not exist on type '{ id: string; domain: string; functionalRequirements: FunctionalRequirement[]; nonFunctionalRequirements: NonFunctionalRequirement[]; ... 5 more ...; successMetrics: SuccessMetric[]; }'.
src/coordination/swarm/sparc/templates/rest-api-template.ts(840,16): error TS2339: Property 'description' does not exist on type '{ id: string; domain: string; functionalRequirements: FunctionalRequirement[]; nonFunctionalRequirements: NonFunctionalRequirement[]; ... 5 more ...; successMetrics: SuccessMetric[]; }'.
src/coordination/swarm/sparc/templates/rest-api-template.ts(840,74): error TS2339: Property 'description' does not exist on type 'DetailedSpecification'.
src/coordination/swarm/sparc/templates/rest-api-template.ts(898,11): error TS2353: Object literal may only specify known properties, and 'space' does not exist in type 'ComplexityAnalysis'.
src/coordination/swarm/sparc/templates/rest-api-template.ts(917,7): error TS18048: 'customized.deploymentStrategy' is possibly 'undefined'.
src/coordination/swarm/sparc/templates/rest-api-template.ts(917,37): error TS2339: Property 'type' does not exist on type 'string'.
src/coordination/swarm/sparc/templates/rest-api-template.ts(918,7): error TS18048: 'customized.deploymentStrategy' is possibly 'undefined'.
src/coordination/swarm/sparc/templates/rest-api-template.ts(918,37): error TS2339: Property 'infrastructure' does not exist on type 'string'.
src/coordination/swarm/sparc/test-template-engine.ts(35,13): error TS6133: '_stats' is declared but its value is never read.
src/coordination/swarm/sparc/types/sparc-types.ts(1216,5): error TS2375: Type '{ overall: boolean; approved: boolean | undefined; score: number; overallScore: number | undefined; results: ValidationResult[]; validationResults: ValidationResult[] | undefined; recommendations: string[]; }' is not assignable to type 'ValidationReport' with 'exactOptionalPropertyTypes: true'. Consider adding 'undefined' to the types of the target's properties.
  Types of property 'approved' are incompatible.
    Type 'boolean | undefined' is not assignable to type 'boolean'.
      Type 'undefined' is not assignable to type 'boolean'.
src/coordination/swarm/storage/backup-manager.ts(205,42): error TS2532: Object is possibly 'undefined'.
src/coordination/swarm/storage/backup-manager.ts(206,42): error TS2532: Object is possibly 'undefined'.
src/coordination/swarm/storage/backup-manager.ts(244,33): error TS2322: Type 'BackupMetadata | undefined' is not assignable to type 'BackupMetadata | null'.
  Type 'undefined' is not assignable to type 'BackupMetadata | null'.
src/coordination/swarm/storage/backup-manager.ts(338,7): error TS2412: Type 'undefined' is not assignable to type 'Timeout' with 'exactOptionalPropertyTypes: true'. Consider adding 'undefined' to the type of the target.
src/coordination/swarm/storage/swarm-database-manager.ts(50,11): error TS2564: Property 'centralRepo' has no initializer and is not definitely assigned in the constructor.
src/coordination/swarm/storage/swarm-database-manager.ts(405,11): error TS6133: '_cluster' is declared but its value is never read.
src/coordination/swarm/storage/swarm-maintenance.ts(45,11): error TS6133: 'registryPath' is declared but its value is never read.
src/coordination/swarm/storage/swarm-maintenance.ts(151,24): error TS7006: Parameter 'code' implicitly has an 'any' type.
src/coordination/swarm/storage/swarm-maintenance.ts(178,45): error TS2345: Argument of type 'string | undefined' is not assignable to parameter of type 'string'.
  Type 'undefined' is not assignable to type 'string'.
src/coordination/swarm/storage/swarm-maintenance.ts(178,64): error TS2345: Argument of type 'string | undefined' is not assignable to parameter of type 'string'.
  Type 'undefined' is not assignable to type 'string'.
src/coordination/swarm/storage/swarm-maintenance.ts(225,29): error TS7006: Parameter 'data' implicitly has an 'any' type.
src/coordination/swarm/storage/swarm-maintenance.ts(228,23): error TS7006: Parameter 'code' implicitly has an 'any' type.
src/coordination/swarm/storage/swarm-maintenance.ts(233,37): error TS2345: Argument of type 'string | undefined' is not assignable to parameter of type 'string'.
  Type 'undefined' is not assignable to type 'string'.
src/coordination/swarm/storage/swarm-maintenance.ts(335,7): error TS2412: Type 'undefined' is not assignable to type 'Timeout' with 'exactOptionalPropertyTypes: true'. Consider adding 'undefined' to the type of the target.
src/coordination/task-coordinator.ts(237,5): error TS2375: Type '{ id: string; type: "task"; title: string; content: string; status: "draft"; priority: "critical" | "medium" | "high" | "low"; author: string; tags: string[]; project_id: string; parent_document_id: undefined; ... 15 more ...; completion_status: "todo"; }' is not assignable to type 'TaskDocumentEntity' with 'exactOptionalPropertyTypes: true'. Consider adding 'undefined' to the types of the target's properties.
  Types of property 'source_feature_id' are incompatible.
    Type 'undefined' is not assignable to type 'string'.
src/core/application-coordinator.ts(94,11): error TS2564: Property 'interfaceLauncher' has no initializer and is not definitely assigned in the constructor.
src/core/application-coordinator.ts(95,11): error TS2564: Property 'documentSystem' has no initializer and is not definitely assigned in the constructor.
src/core/application-coordinator.ts(96,11): error TS2564: Property 'workflowEngine' has no initializer and is not definitely assigned in the constructor.
src/core/application-coordinator.ts(97,11): error TS2564: Property 'exportSystem' has no initializer and is not definitely assigned in the constructor.
src/core/application-coordinator.ts(98,11): error TS2564: Property 'documentationLinker' has no initializer and is not definitely assigned in the constructor.
src/core/application-coordinator.ts(99,11): error TS2564: Property 'memorySystem' has no initializer and is not definitely assigned in the constructor.
src/core/application-coordinator.ts(100,11): error TS2564: Property 'memoryManager' has no initializer and is not definitely assigned in the constructor.
src/core/application-coordinator.ts(205,96): error TS2379: Argument of type '{ outputPath: string | undefined; filename: string; }' is not assignable to parameter of type 'ExportOptions' with 'exactOptionalPropertyTypes: true'. Consider adding 'undefined' to the types of the target's properties.
  Types of property 'outputPath' are incompatible.
    Type 'string | undefined' is not assignable to type 'string'.
      Type 'undefined' is not assignable to type 'string'.
src/core/application-coordinator.ts(314,43): error TS2379: Argument of type '{ forceMode: "web" | "cli" | "tui" | undefined; webPort: number | undefined; verbose: boolean; silent: boolean; config: { theme: "dark" | "light" | undefined; realTime: boolean | undefined; coreSystem: this; }; }' is not assignable to parameter of type 'LaunchOptions' with 'exactOptionalPropertyTypes: true'. Consider adding 'undefined' to the types of the target's properties.
  The types of 'config.theme' are incompatible between these types.
    Type '"dark" | "light" | undefined' is not assignable to type '"dark" | "light"'.
      Type 'undefined' is not assignable to type '"dark" | "light"'.
src/core/application-coordinator.ts(327,11): error TS6133: '_exportStats' is declared but its value is never read.
src/core/application-coordinator.ts(354,9): error TS2375: Type '{ status: string; workspaceId: string | undefined; documentsLoaded: number; }' is not assignable to type '{ status: string; workspaceId?: string; documentsLoaded: number; }' with 'exactOptionalPropertyTypes: true'. Consider adding 'undefined' to the types of the target's properties.
  Types of property 'workspaceId' are incompatible.
    Type 'string | undefined' is not assignable to type 'string'.
      Type 'undefined' is not assignable to type 'string'.
src/core/core-system.ts(155,11): error TS2564: Property 'memorySystem' has no initializer and is not definitely assigned in the constructor.
src/core/core-system.ts(156,11): error TS2564: Property 'workflowEngine' has no initializer and is not definitely assigned in the constructor.
src/core/core-system.ts(157,11): error TS2564: Property 'documentProcessor' has no initializer and is not definitely assigned in the constructor.
src/core/core-system.ts(158,11): error TS2564: Property 'exportManager' has no initializer and is not definitely assigned in the constructor.
src/core/core-system.ts(159,11): error TS2564: Property 'documentationManager' has no initializer and is not definitely assigned in the constructor.
src/core/core-system.ts(160,11): error TS2564: Property 'interfaceManager' has no initializer and is not definitely assigned in the constructor.
src/core/core-system.ts(319,11): error TS6133: '_exportStats' is declared but its value is never read.
src/core/database-driven-system.ts(305,7): error TS2375: Type '{ start_date: Date | undefined; target_completion: Date | undefined; milestones: { name: string; date: Date; description: string; }[]; }' is not assignable to type '{ start_date?: Date; target_completion?: Date; milestones: { name: string; date: Date; description: string; }[]; }' with 'exactOptionalPropertyTypes: true'. Consider adding 'undefined' to the types of the target's properties.
  Types of property 'start_date' are incompatible.
    Type 'Date | undefined' is not assignable to type 'Date'.
      Type 'undefined' is not assignable to type 'Date'.
src/core/database-driven-system.ts(314,75): error TS2379: Argument of type '{ autoGenerateRelationships: boolean; generateSearchIndex: boolean; startWorkflow: string | undefined; }' is not assignable to parameter of type 'DocumentCreateOptions' with 'exactOptionalPropertyTypes: true'. Consider adding 'undefined' to the types of the target's properties.
  Types of property 'startWorkflow' are incompatible.
    Type 'string | undefined' is not assignable to type 'string'.
      Type 'undefined' is not assignable to type 'string'.
src/core/database-driven-system.ts(546,12): error TS7053: Element implicitly has an 'any' type because expression of type 'DocumentType' can't be used to index type '{ vision: string[]; adr: string[]; prd: string[]; epic: string[]; feature: string[]; task: string[]; }'.
  Property 'test' does not exist on type '{ vision: string[]; adr: string[]; prd: string[]; epic: string[]; feature: string[]; task: string[]; }'.
src/core/document-processor.ts(604,9): error TS2412: Type 'string | undefined' is not assignable to type 'string' with 'exactOptionalPropertyTypes: true'. Consider adding 'undefined' to the type of the target.
  Type 'undefined' is not assignable to type 'string'.
src/core/document-processor.ts(611,9): error TS2412: Type 'string | undefined' is not assignable to type 'string' with 'exactOptionalPropertyTypes: true'. Consider adding 'undefined' to the type of the target.
  Type 'undefined' is not assignable to type 'string'.
src/core/documentation-linker.ts(252,27): error TS18048: 'line' is possibly 'undefined'.
src/core/documentation-linker.ts(252,66): error TS18048: 'line' is possibly 'undefined'.
src/core/documentation-linker.ts(258,19): error TS2532: Object is possibly 'undefined'.
src/core/documentation-linker.ts(264,33): error TS18048: 'line' is possibly 'undefined'.
src/core/documentation-linker.ts(264,73): error TS18048: 'line' is possibly 'undefined'.
src/core/documentation-linker.ts(265,33): error TS18048: 'line' is possibly 'undefined'.
src/core/documentation-linker.ts(270,19): error TS2532: Object is possibly 'undefined'.
src/core/documentation-linker.ts(276,31): error TS18048: 'line' is possibly 'undefined'.
src/core/documentation-linker.ts(278,44): error TS2532: Object is possibly 'undefined'.
src/core/documentation-linker.ts(323,63): error TS2345: Argument of type 'DocumentationIndex | undefined' is not assignable to parameter of type 'DocumentationIndex'.
  Type 'undefined' is not assignable to type 'DocumentationIndex'.
src/core/documentation-linker.ts(613,30): error TS2532: Object is possibly 'undefined'.
src/core/documentation-linker.ts(680,18): error TS2532: Object is possibly 'undefined'.
src/core/documentation-linker.ts(681,18): error TS2532: Object is possibly 'undefined'.
src/core/documentation-linker.ts(710,22): error TS18048: 'target' is possibly 'undefined'.
src/core/documentation-linker.ts(711,28): error TS2322: Type 'string | undefined' is not assignable to type 'string'.
  Type 'undefined' is not assignable to type 'string'.
src/core/documentation-linker.ts(711,36): error TS2322: Type 'string | undefined' is not assignable to type 'string'.
  Type 'undefined' is not assignable to type 'string'.
src/core/dspy-enhanced-operations.ts(88,17): error TS18048: 'result' is possibly 'undefined'.
src/core/dspy-enhanced-operations.ts(88,24): error TS4111: Property 'analysis' comes from an index signature, so it must be accessed with ['analysis'].
src/core/dspy-enhanced-operations.ts(89,20): error TS18048: 'result' is possibly 'undefined'.
src/core/dspy-enhanced-operations.ts(89,27): error TS4111: Property 'suggestions' comes from an index signature, so it must be accessed with ['suggestions'].
src/core/dspy-enhanced-operations.ts(90,19): error TS18048: 'result' is possibly 'undefined'.
src/core/dspy-enhanced-operations.ts(90,26): error TS4111: Property 'complexity' comes from an index signature, so it must be accessed with ['complexity'].
src/core/dspy-enhanced-operations.ts(91,19): error TS18048: 'result' is possibly 'undefined'.
src/core/dspy-enhanced-operations.ts(91,26): error TS4111: Property 'confidence' comes from an index signature, so it must be accessed with ['confidence'].
src/core/dspy-enhanced-operations.ts(114,18): error TS18048: 'result' is possibly 'undefined'.
src/core/dspy-enhanced-operations.ts(114,25): error TS4111: Property 'diagnosis' comes from an index signature, so it must be accessed with ['diagnosis'].
src/core/dspy-enhanced-operations.ts(115,23): error TS18048: 'result' is possibly 'undefined'.
src/core/dspy-enhanced-operations.ts(115,30): error TS4111: Property 'fix_suggestions' comes from an index signature, so it must be accessed with ['fix_suggestions'].
src/core/dspy-enhanced-operations.ts(116,19): error TS18048: 'result' is possibly 'undefined'.
src/core/dspy-enhanced-operations.ts(116,26): error TS4111: Property 'confidence' comes from an index signature, so it must be accessed with ['confidence'].
src/core/dspy-enhanced-operations.ts(144,13): error TS18048: 'result' is possibly 'undefined'.
src/core/dspy-enhanced-operations.ts(144,20): error TS4111: Property 'code' comes from an index signature, so it must be accessed with ['code'].
src/core/dspy-enhanced-operations.ts(145,20): error TS18048: 'result' is possibly 'undefined'.
src/core/dspy-enhanced-operations.ts(145,27): error TS4111: Property 'explanation' comes from an index signature, so it must be accessed with ['explanation'].
src/core/dspy-enhanced-operations.ts(146,14): error TS18048: 'result' is possibly 'undefined'.
src/core/dspy-enhanced-operations.ts(146,21): error TS4111: Property 'tests' comes from an index signature, so it must be accessed with ['tests'].
src/core/dspy-enhanced-operations.ts(147,52): error TS18048: 'result' is possibly 'undefined'.
src/core/dspy-enhanced-operations.ts(147,59): error TS4111: Property 'code' comes from an index signature, so it must be accessed with ['code'].
src/core/dspy-enhanced-operations.ts(173,47): error TS4111: Property 'execution_plan' comes from an index signature, so it must be accessed with ['execution_plan'].
src/core/dspy-enhanced-operations.ts(174,50): error TS4111: Property 'agent_assignments' comes from an index signature, so it must be accessed with ['agent_assignments'].
src/core/dspy-enhanced-operations.ts(175,47): error TS4111: Property 'priority_order' comes from an index signature, so it must be accessed with ['priority_order'].
src/core/dspy-enhanced-operations.ts(176,72): error TS4111: Property 'execution_plan' comes from an index signature, so it must be accessed with ['execution_plan'].
src/core/dspy-enhanced-operations.ts(203,26): error TS18048: 'result' is possibly 'undefined'.
src/core/dspy-enhanced-operations.ts(203,33): error TS4111: Property 'optimized_topology' comes from an index signature, so it must be accessed with ['optimized_topology'].
src/core/dspy-enhanced-operations.ts(204,25): error TS18048: 'result' is possibly 'undefined'.
src/core/dspy-enhanced-operations.ts(204,32): error TS4111: Property 'agent_rebalancing' comes from an index signature, so it must be accessed with ['agent_rebalancing'].
src/core/dspy-enhanced-operations.ts(205,30): error TS18048: 'result' is possibly 'undefined'.
src/core/dspy-enhanced-operations.ts(205,37): error TS4111: Property 'performance_prediction' comes from an index signature, so it must be accessed with ['performance_prediction'].
src/core/dspy-enhanced-operations.ts(206,30): error TS18048: 'result' is possibly 'undefined'.
src/core/dspy-enhanced-operations.ts(206,37): error TS4111: Property 'reasoning' comes from an index signature, so it must be accessed with ['reasoning'].
src/core/dspy-integration-manager.ts(39,11): error TS2564: Property 'coreOperations' has no initializer and is not definitely assigned in the constructor.
src/core/dspy-integration-manager.ts(40,11): error TS2564: Property 'swarmIntelligence' has no initializer and is not definitely assigned in the constructor.
src/core/dspy-integration-manager.ts(41,11): error TS2564: Property 'mcpTools' has no initializer and is not definitely assigned in the constructor.
src/core/dspy-integration-manager.ts(78,50): error TS2379: Argument of type '{ model: string | undefined; temperature: number | undefined; maxTokens: number | undefined; apiKey: string | undefined; baseURL: string | undefined; modelParams: Record<string, any> | undefined; }' is not assignable to parameter of type 'DSPyConfig' with 'exactOptionalPropertyTypes: true'. Consider adding 'undefined' to the types of the target's properties.
  Types of property 'model' are incompatible.
    Type 'string | undefined' is not assignable to type 'string'.
      Type 'undefined' is not assignable to type 'string'.
src/core/dspy-integration-manager.ts(95,56): error TS2379: Argument of type '{ model: string | undefined; temperature: number | undefined; enableContinuousLearning: false; }' is not assignable to parameter of type 'SwarmIntelligenceConfig' with 'exactOptionalPropertyTypes: true'. Consider adding 'undefined' to the types of the target's properties.
  Types of property 'model' are incompatible.
    Type 'string | undefined' is not assignable to type 'string'.
      Type 'undefined' is not assignable to type 'string'.
src/core/error-monitoring.ts(90,27): error TS2345: Argument of type 'string | undefined' is not assignable to parameter of type 'string'.
  Type 'undefined' is not assignable to type 'string'.
src/core/error-monitoring.ts(130,26): error TS18048: 'oldestTrend' is possibly 'undefined'.
src/core/error-recovery.ts(260,11): error TS2454: Variable 'lastError' is used before being assigned.
src/core/event-bus.ts(80,3): error TS4114: This member must have an 'override' modifier because it overrides a member in the base class 'EventEmitter<DefaultEventMap>'.
src/core/event-bus.ts(118,3): error TS4114: This member must have an 'override' modifier because it overrides a member in the base class 'EventEmitter<DefaultEventMap>'.
src/core/event-bus.ts(130,3): error TS4114: This member must have an 'override' modifier because it overrides a member in the base class 'EventEmitter<DefaultEventMap>'.
src/core/event-bus.ts(142,3): error TS4114: This member must have an 'override' modifier because it overrides a member in the base class 'EventEmitter<DefaultEventMap>'.
src/core/event-bus.ts(201,9): error TS2722: Cannot invoke an object which is possibly 'undefined'.
src/core/export-manager.ts(274,60): error TS2379: Argument of type '{ filename: string | undefined; outputPath?: string; pretty?: boolean; compression?: boolean; encoding?: "utf8" | "base64"; metadata?: Record<string, any>; }' is not assignable to parameter of type 'ExportOptions' with 'exactOptionalPropertyTypes: true'. Consider adding 'undefined' to the types of the target's properties.
  Types of property 'filename' are incompatible.
    Type 'string | undefined' is not assignable to type 'string'.
      Type 'undefined' is not assignable to type 'string'.
src/core/export-manager.ts(627,5): error TS2322: Type '{ format: string; name: string; extension: string; mimeType: string; description: string; supports: string[] | undefined; }[]' is not assignable to type '{ format: string; name: string; extension: string; mimeType: string; description: string; supports?: string[]; }[]'.
  Type '{ format: string; name: string; extension: string; mimeType: string; description: string; supports: string[] | undefined; }' is not assignable to type '{ format: string; name: string; extension: string; mimeType: string; description: string; supports?: string[]; }' with 'exactOptionalPropertyTypes: true'. Consider adding 'undefined' to the types of the target's properties.
    Types of property 'supports' are incompatible.
      Type 'string[] | undefined' is not assignable to type 'string[]'.
        Type 'undefined' is not assignable to type 'string[]'.
src/core/facade.ts(581,26): error TS4111: Property 'http' comes from an index signature, so it must be accessed with ['http'].
src/core/facade.ts(594,26): error TS4111: Property 'web' comes from an index signature, so it must be accessed with ['web'].
src/core/facade.ts(607,26): error TS4111: Property 'tui' comes from an index signature, so it must be accessed with ['tui'].
src/core/facade.ts(645,13): error TS2375: Type '{ projectId: string; swarmId: string | undefined; status: "failed" | "initialized"; timestamp: Date; interfaces: Record<string, any>; metrics: { duration: number; resourceUsage: ResourceMetrics; operations: number; errors: number; warnings: number; }; errors: string[] | undefined; warnings: string[] | undefined; }' is not assignable to type 'ProjectResult' with 'exactOptionalPropertyTypes: true'. Consider adding 'undefined' to the types of the target's properties.
  Types of property 'swarmId' are incompatible.
    Type 'string | undefined' is not assignable to type 'string'.
      Type 'undefined' is not assignable to type 'string'.
src/core/facade.ts(934,17): error TS18048: 'operation' is possibly 'undefined'.
src/core/facade.ts(936,62): error TS18048: 'operation' is possibly 'undefined'.
src/core/facade.ts(939,58): error TS18048: 'operation' is possibly 'undefined'.
src/core/facade.ts(942,49): error TS18048: 'operation' is possibly 'undefined'.
src/core/facade.ts(942,72): error TS18048: 'operation' is possibly 'undefined'.
src/core/facade.ts(946,15): error TS18048: 'operation' is possibly 'undefined'.
src/core/facade.ts(947,15): error TS18048: 'operation' is possibly 'undefined'.
src/core/facade.ts(951,56): error TS18048: 'operation' is possibly 'undefined'.
src/core/facade.ts(963,60): error TS18048: 'operation' is possibly 'undefined'.
src/core/interface-launcher.ts(107,9): error TS2375: Type '{ mode: InterfaceMode; url: string | undefined; pid: number | undefined; }' is not assignable to type '{ mode: InterfaceMode; process?: any; server?: any; url?: string; pid?: number; }' with 'exactOptionalPropertyTypes: true'. Consider adding 'undefined' to the types of the target's properties.
  Types of property 'url' are incompatible.
    Type 'string | undefined' is not assignable to type 'string'.
      Type 'undefined' is not assignable to type 'string'.
src/core/interface-launcher.ts(166,19): error TS2345: Argument of type '{ mode: "cli"; success: boolean; pid: number | undefined; }' is not assignable to parameter of type 'LaunchResult | PromiseLike<LaunchResult>'.
  Type '{ mode: "cli"; success: boolean; pid: number | undefined; }' is not assignable to type 'LaunchResult' with 'exactOptionalPropertyTypes: true'. Consider adding 'undefined' to the types of the target's properties.
    Types of property 'pid' are incompatible.
      Type 'number | undefined' is not assignable to type 'number'.
        Type 'undefined' is not assignable to type 'number'.
src/core/interface-launcher.ts(208,19): error TS2345: Argument of type '{ mode: "tui"; success: boolean; pid: number | undefined; }' is not assignable to parameter of type 'LaunchResult | PromiseLike<LaunchResult>'.
  Type '{ mode: "tui"; success: boolean; pid: number | undefined; }' is not assignable to type 'LaunchResult' with 'exactOptionalPropertyTypes: true'. Consider adding 'undefined' to the types of the target's properties.
    Types of property 'pid' are incompatible.
      Type 'number | undefined' is not assignable to type 'number'.
        Type 'undefined' is not assignable to type 'number'.
src/core/interface-launcher.ts(316,5): error TS2375: Type '{ active: boolean; mode: InterfaceMode | undefined; url: string | undefined; pid: number | undefined; }' is not assignable to type '{ active: boolean; mode?: InterfaceMode; url?: string; pid?: number; }' with 'exactOptionalPropertyTypes: true'. Consider adding 'undefined' to the types of the target's properties.
  Types of property 'mode' are incompatible.
    Type 'InterfaceMode | undefined' is not assignable to type 'InterfaceMode'.
      Type 'undefined' is not assignable to type 'InterfaceMode'.
src/core/interface-launcher.ts(351,7): error TS2412: Type 'undefined' is not assignable to type '{ mode: InterfaceMode; process?: any; server?: any; url?: string; pid?: number; }' with 'exactOptionalPropertyTypes: true'. Consider adding 'undefined' to the type of the target.
src/core/interface-manager.ts(151,21): error TS4111: Property 'CI' comes from an index signature, so it must be accessed with ['CI'].
src/core/interface-manager.ts(156,21): error TS4111: Property 'TERM' comes from an index signature, so it must be accessed with ['TERM'].
src/core/interface-manager.ts(156,41): error TS4111: Property 'TERM' comes from an index signature, so it must be accessed with ['TERM'].
src/core/interface-mode-detector.ts(44,19): error TS4111: Property 'CI' comes from an index signature, so it must be accessed with ['CI'].
src/core/interface-mode-detector.ts(45,19): error TS4111: Property 'GITHUB_ACTIONS' comes from an index signature, so it must be accessed with ['GITHUB_ACTIONS'].
src/core/interface-mode-detector.ts(46,19): error TS4111: Property 'TRAVIS' comes from an index signature, so it must be accessed with ['TRAVIS'].
src/core/interface-mode-detector.ts(47,19): error TS4111: Property 'JENKINS' comes from an index signature, so it must be accessed with ['JENKINS'].
src/core/interface-mode-detector.ts(48,19): error TS4111: Property 'GITLAB_CI' comes from an index signature, so it must be accessed with ['GITLAB_CI'].
src/core/interface-mode-detector.ts(107,7): error TS2375: Type '{ port: number | undefined; daemon: boolean; interactive: boolean; hasTerminal: boolean; isCI: boolean; }' is not assignable to type '{ port?: number; daemon?: boolean; interactive: boolean; hasTerminal: boolean; isCI: boolean; }' with 'exactOptionalPropertyTypes: true'. Consider adding 'undefined' to the types of the target's properties.
  Types of property 'port' are incompatible.
    Type 'number | undefined' is not assignable to type 'number'.
      Type 'undefined' is not assignable to type 'number'.
src/core/interface-mode-detector.ts(130,27): error TS4111: Property 'CI' comes from an index signature, so it must be accessed with ['CI'].
src/core/interface-mode-detector.ts(131,31): error TS4111: Property 'GITHUB_ACTIONS' comes from an index signature, so it must be accessed with ['GITHUB_ACTIONS'].
src/core/interface-mode-detector.ts(132,27): error TS4111: Property 'TERM' comes from an index signature, so it must be accessed with ['TERM'].
src/core/interface-mode-detector.ts(133,34): error TS4111: Property 'TERM_PROGRAM' comes from an index signature, so it must be accessed with ['TERM_PROGRAM'].
src/core/interface-mode-detector.ts(134,32): error TS4111: Property 'COLORTERM' comes from an index signature, so it must be accessed with ['COLORTERM'].
src/core/memory-coordinator.ts(77,11): error TS2564: Property 'vectorRepository' has no initializer and is not definitely assigned in the constructor.
src/core/memory-coordinator.ts(78,11): error TS2564: Property 'vectorDAO' has no initializer and is not definitely assigned in the constructor.
src/core/memory-coordinator.ts(94,5): error TS2739: Type 'IDao<any>' is missing the following properties from type 'IVectorRepository<any>': similaritySearch, addVectors, createIndex, getVectorStats, cluster
src/core/memory-coordinator.ts(531,22): error TS2345: Argument of type 'string | undefined' is not assignable to parameter of type 'string'.
  Type 'undefined' is not assignable to type 'string'.
src/core/memory-system.ts(223,22): error TS2345: Argument of type 'string | undefined' is not assignable to parameter of type 'string'.
  Type 'undefined' is not assignable to type 'string'.
src/core/memory-system.ts(271,10): error TS2339: Property 'config' does not exist on type 'SQLiteBackend'.
src/core/memory-system.ts(462,10): error TS2339: Property 'config' does not exist on type 'LanceDBBackend'.
src/core/orchestrator-provider.ts(41,57): error TS2554: Expected 1 arguments, but got 3.
src/core/orchestrator.ts(47,13): error TS6138: Property 'terminalManager' is declared but its value is never read.
src/core/orchestrator.ts(48,13): error TS6138: Property 'memoryManager' is declared but its value is never read.
src/core/orchestrator.ts(49,13): error TS6138: Property 'coordinationManager' is declared but its value is never read.
src/core/orchestrator.ts(50,13): error TS6138: Property 'mcpServer' is declared but its value is never read.
src/core/orchestrator.ts(109,9): error TS2412: Type 'undefined' is not assignable to type 'Timeout' with 'exactOptionalPropertyTypes: true'. Consider adding 'undefined' to the type of the target.
src/core/pattern-integration.ts(365,11): error TS2564: Property 'eventManager' has no initializer and is not definitely assigned in the constructor.
src/core/pattern-integration.ts(366,11): error TS2564: Property 'commandQueue' has no initializer and is not definitely assigned in the constructor.
src/core/pattern-integration.ts(367,11): error TS2564: Property 'swarmCoordinator' has no initializer and is not definitely assigned in the constructor.
src/core/pattern-integration.ts(368,11): error TS2564: Property 'protocolManager' has no initializer and is not definitely assigned in the constructor.
src/core/pattern-integration.ts(369,11): error TS2564: Property 'agentManager' has no initializer and is not definitely assigned in the constructor.
src/core/pattern-integration.ts(370,11): error TS2564: Property 'swarmService' has no initializer and is not definitely assigned in the constructor.
src/core/pattern-integration.ts(371,11): error TS2564: Property 'facade' has no initializer and is not definitely assigned in the constructor.
src/core/pattern-integration.ts(762,7): error TS2322: Type '() => Promise<{ modelId: string; status: string; accuracy: number; }[]>' is not assignable to type '() => Promise<ModelInfo[]>'.
  Type 'Promise<{ modelId: string; status: string; accuracy: number; }[]>' is not assignable to type 'Promise<ModelInfo[]>'.
    Type '{ modelId: string; status: string; accuracy: number; }[]' is not assignable to type 'ModelInfo[]'.
      Type '{ modelId: string; status: string; accuracy: number; }' is missing the following properties from type 'ModelInfo': type, createdAt, lastUsed, size
src/core/pattern-integration.ts(779,15): error TS2339: Property 'MemoryCoordinator' does not exist on type 'typeof import("/home/mhugo/code/claude-code-zen/src/core/memory-coordinator")'.
src/core/pattern-integration.ts(843,46): error TS2345: Argument of type '() => Console' is not assignable to parameter of type 'Provider<ILogger>'.
src/core/pattern-integration.ts(844,46): error TS2345: Argument of type '() => {}' is not assignable to parameter of type 'Provider<IConfig>'.
src/core/pattern-integration.ts(845,54): error TS2345: Argument of type '() => DALFactory' is not assignable to parameter of type 'Provider<unknown>'.
src/core/pattern-integration.ts(845,60): error TS2554: Expected 3 arguments, but got 0.
src/core/pattern-integration.ts(847,13): error TS6133: '_dalFactory' is declared but its value is never read.
src/core/pattern-integration.ts(890,32): error TS2322: Type 'Promise<{ status: "unavailable"; connectionCount: number; queryLatency: number; diskUsage: number; }>' is not assignable to type 'Promise<DatabaseHealth>'.
  Type '{ status: "unavailable"; connectionCount: number; queryLatency: number; diskUsage: number; }' is not assignable to type 'DatabaseHealth'.
    Types of property 'status' are incompatible.
      Type '"unavailable"' is not assignable to type '"healthy" | "degraded" | "unhealthy"'.
src/core/pattern-integration.ts(955,35): error TS2322: Type 'Promise<{ serverId: string; port: number; status: "failed"; uptime: number; }>' is not assignable to type 'Promise<HTTPMCPServer>'.
  Type '{ serverId: string; port: number; status: "failed"; uptime: number; }' is not assignable to type 'HTTPMCPServer'.
    Types of property 'status' are incompatible.
      Type '"failed"' is not assignable to type '"error" | "running" | "stopped" | "starting"'.
src/core/pattern-integration.ts(956,40): error TS2322: Type 'Promise<{ serverId: string; port: number; status: "failed"; activeConnections: number; }>' is not assignable to type 'Promise<WebServer>'.
  Type '{ serverId: string; port: number; status: "failed"; activeConnections: number; }' is not assignable to type 'WebServer'.
    Types of property 'status' are incompatible.
      Type '"failed"' is not assignable to type '"error" | "running" | "stopped" | "starting"'.
src/core/pattern-integration.ts(962,31): error TS2322: Type 'Promise<{ instanceId: string; mode: ""; status: "failed"; }>' is not assignable to type 'Promise<TUIInstance>'.
  Type '{ instanceId: string; mode: ""; status: "failed"; }' is not assignable to type 'TUIInstance'.
    Types of property 'mode' are incompatible.
      Type '""' is not assignable to type 'TUIMode'.
src/core/pattern-integration.ts(963,31): error TS2322: Type 'Promise<{ instanceId: string; status: "failed"; }>' is not assignable to type 'Promise<CLIInstance>'.
  Type '{ instanceId: string; status: "failed"; }' is not assignable to type 'CLIInstance'.
    Types of property 'status' are incompatible.
      Type '"failed"' is not assignable to type '"stopped" | "ready" | "executing"'.
src/core/product-flow-system.ts(100,5): error TS2375: Type '{ workspaceId: string; path: string | undefined; activeWorkflows: number; sparcIntegration: true; }' is not assignable to type '{ workspaceId: string; path?: string; activeWorkflows: number; sparcIntegration: boolean; }' with 'exactOptionalPropertyTypes: true'. Consider adding 'undefined' to the types of the target's properties.
  Types of property 'path' are incompatible.
    Type 'string | undefined' is not assignable to type 'string'.
      Type 'undefined' is not assignable to type 'string'.
src/core/system-resilience.ts(152,13): error TS18048: 'currentCount' is possibly 'undefined'.
src/core/system-resilience.ts(161,13): error TS18048: 'currentCount' is possibly 'undefined'.
src/core/system-resilience.ts(170,13): error TS18048: 'currentCount' is possibly 'undefined'.
src/core/system-resilience.ts(179,13): error TS18048: 'currentCount' is possibly 'undefined'.
src/core/system-resilience.ts(189,13): error TS18048: 'currentCount' is possibly 'undefined'.
src/core/unified-memory-system.ts(16,10): error TS2339: Property 'config' does not exist on type 'UnifiedMemorySystem'.
src/core/workflow-engine.ts(427,11): error TS2375: Type '{ workspaceId: string; workspacePath?: string; userId?: string; sessionId: string; documents: WorkflowDocumentRegistry; currentDocument: DocumentContent; variables: WorkflowData; environment: WorkflowEnvironment; permissions: WorkflowPermissions; }' is not assignable to type 'WorkflowContext' with 'exactOptionalPropertyTypes: true'. Consider adding 'undefined' to the types of the target's properties.
  Types of property 'currentDocument' are incompatible.
    Type 'DocumentContent | undefined' is not assignable to type 'DocumentContent'.
      Type 'undefined' is not assignable to type 'DocumentContent'.
src/core/workflow-engine.ts(493,55): error TS2345: Argument of type 'WorkflowState' is not assignable to parameter of type 'JSONValue'.
  Type 'WorkflowState' is not assignable to type '{ [key: string]: JSONValue; }'.
    Index signature for type 'string' is missing in type 'WorkflowState'.
src/core/workflow-engine.ts(532,19): error TS2353: Object literal may only specify known properties, and 'documentType' does not exist in type 'WorkflowContext'.
src/core/workflow-engine.ts(547,15): error TS2353: Object literal may only specify known properties, and 'documentType' does not exist in type 'Partial<WorkflowContext>'.
src/core/workflow-engine.ts(575,7): error TS2375: Type '{ author: string | undefined; tags: string[]; status: "draft" | "review" | "approved" | "archived"; priority: "critical" | "medium" | "high" | "low"; dependencies: string[]; relatedDocuments: string[]; checksum: string; }' is not assignable to type 'DocumentMetadata' with 'exactOptionalPropertyTypes: true'. Consider adding 'undefined' to the types of the target's properties.
  Types of property 'author' are incompatible.
    Type 'string | undefined' is not assignable to type 'string'.
      Type 'undefined' is not assignable to type 'string'.
src/core/workflow-engine.ts(597,16): error TS2540: Cannot assign to 'status' because it is a read-only property.
src/core/workflow-engine.ts(600,29): error TS2339: Property 'currentStep' does not exist on type 'WorkflowState'.
src/core/workflow-engine.ts(606,18): error TS2339: Property 'currentStep' does not exist on type 'WorkflowState'.
src/core/workflow-engine.ts(607,18): error TS2540: Cannot assign to 'progress' because it is a read-only property.
src/core/workflow-engine.ts(609,50): error TS2345: Argument of type 'WorkflowStepState | undefined' is not assignable to parameter of type 'WorkflowStep'.
  Type 'undefined' is not assignable to type 'WorkflowStep'.
src/core/workflow-engine.ts(614,18): error TS2540: Cannot assign to 'status' because it is a read-only property.
src/core/workflow-engine.ts(615,18): error TS2540: Cannot assign to 'progress' because it is a read-only property.
src/core/workflow-engine.ts(616,18): error TS2540: Cannot assign to 'endTime' because it is a read-only property.
src/core/workflow-engine.ts(621,16): error TS2540: Cannot assign to 'status' because it is a read-only property.
src/core/workflow-engine.ts(622,16): error TS2540: Cannot assign to 'error' because it is a read-only property.
src/core/workflow-engine.ts(623,16): error TS2540: Cannot assign to 'endTime' because it is a read-only property.
src/core/workflow-engine.ts(681,11): error TS7053: Element implicitly has an 'any' type because expression of type 'string' can't be used to index type 'WorkflowContext'.
  No index signature with a parameter of type 'string' was found on type 'WorkflowContext'.
src/core/workflow-engine.ts(685,9): error TS2322: Type 'unknown' is not assignable to type 'StepExecutionResult'.
src/core/workflow-engine.ts(685,9): error TS2542: Index signature in type 'WorkflowStepResults' only permits reading.
src/core/workflow-engine.ts(687,33): error TS2339: Property 'push' does not exist on type 'readonly CompletedStepInfo[]'.
src/core/workflow-engine.ts(708,13): error TS2542: Index signature in type 'WorkflowStepResults' only permits reading.
src/core/workflow-engine.ts(708,46): error TS2322: Type 'string' is not assignable to type 'WorkflowError'.
src/core/workflow-engine.ts(712,13): error TS2542: Index signature in type 'WorkflowStepResults' only permits reading.
src/core/workflow-engine.ts(712,46): error TS2353: Object literal may only specify known properties, and 'skipped' does not exist in type 'StepExecutionResult'.
src/core/workflow-engine.ts(779,35): error TS2339: Property 'name' does not exist on type 'DocumentContent'.
src/core/workflow-engine.ts(792,34): error TS2339: Property 'architectural_requirements' does not exist on type 'WorkflowContext'.
src/core/workflow-engine.ts(793,31): error TS2339: Property 'decision_points' does not exist on type 'WorkflowContext'.
src/core/workflow-engine.ts(796,11): error TS6133: '_decisionContext' is declared but its value is never read.
src/core/workflow-engine.ts(802,11): error TS6133: '_adrTemplate' is declared but its value is never read.
src/core/workflow-engine.ts(803,11): error TS6133: '_includeRationale' is declared but its value is never read.
src/core/workflow-engine.ts(826,23): error TS7053: Element implicitly has an 'any' type because expression of type 'any' can't be used to index type 'WorkflowContext'.
src/core/workflow-engine.ts(826,60): error TS2339: Property 'generated_docs' does not exist on type 'WorkflowContext'.
src/core/workflow-engine.ts(834,13): error TS2741: Property 'metadata' is missing in type '{ type: any; title: any; content: any; status: "draft"; priority: "medium"; author: string; tags: any; project_id: string; parent_document_id: string | undefined; dependencies: never[]; related_documents: never[]; ... 4 more ...; completion_percentage: number; }' but required in type 'Omit<BaseDocumentEntity, "id" | "created_at" | "updated_at" | "checksum">'.
src/core/workflow-engine.ts(876,58): error TS2345: Argument of type 'BaseDocumentEntity' is not assignable to parameter of type 'JSONValue'.
  Type 'BaseDocumentEntity' is not assignable to type '{ [key: string]: JSONValue; }'.
    Index signature for type 'string' is missing in type 'BaseDocumentEntity'.
src/core/workflow-engine.ts(992,15): error TS7053: Element implicitly has an 'any' type because expression of type 'string' can't be used to index type 'WorkflowContext'.
  No index signature with a parameter of type 'string' was found on type 'WorkflowContext'.
src/core/workflow-engine.ts(1003,58): error TS2345: Argument of type 'WorkflowState' is not assignable to parameter of type 'JSONValue'.
  Type 'WorkflowState' is not assignable to type '{ [key: string]: JSONValue; }'.
    Index signature for type 'string' is missing in type 'WorkflowState'.
src/core/workflow-engine.ts(1008,9): error TS2345: Argument of type '{ id: string; status: WorkflowStatus; progress: WorkflowProgress; metrics: WorkflowMetrics; currentStep: number; lastUpdated: string; }' is not assignable to parameter of type 'JSONValue'.
  Types of property 'progress' are incompatible.
    Type 'WorkflowProgress' is not assignable to type 'JSONValue | undefined'.
      Type 'WorkflowProgress' is not assignable to type '{ [key: string]: JSONValue; }'.
        Index signature for type 'string' is missing in type 'WorkflowProgress'.
src/core/workflow-engine.ts(1031,33): error TS2352: Conversion of type 'string | number | boolean | JSONValue[] | { [key: string]: JSONValue; } | null' to type 'WorkflowState' may be a mistake because neither type sufficiently overlaps with the other. If this was intentional, convert the expression to 'unknown' first.
  Type '{ [key: string]: JSONValue; }' is missing the following properties from type 'WorkflowState': id, definition, status, context, and 7 more.
src/core/workflow-engine.ts(1094,5): error TS2322: Type 'JSONValue[]' is not assignable to type 'WorkflowState[]'.
  Type 'JSONValue' is not assignable to type 'WorkflowState'.
    Type 'null' is not assignable to type 'WorkflowState'.
src/core/workflow-engine.ts(1127,16): error TS2540: Cannot assign to 'status' because it is a read-only property.
src/core/workflow-engine.ts(1128,16): error TS2540: Cannot assign to 'pausedAt' because it is a read-only property.
src/core/workflow-engine.ts(1139,16): error TS2540: Cannot assign to 'status' because it is a read-only property.
src/core/workflow-engine.ts(1140,14): error TS2704: The operand of a 'delete' operator cannot be a read-only property.
src/core/workflow-engine.ts(1156,16): error TS2540: Cannot assign to 'status' because it is a read-only property.
src/core/workflow-engine.ts(1157,16): error TS2540: Cannot assign to 'endTime' because it is a read-only property.
src/core/workflow-engine.ts(1206,18): error TS2540: Cannot assign to 'status' because it is a read-only property.
src/core/workflow-engine.ts(1207,18): error TS2540: Cannot assign to 'pausedAt' because it is a read-only property.
src/database/controllers/database-controller.ts(253,11): error TS2564: Property 'adapter' has no initializer and is not definitely assigned in the constructor.
src/database/controllers/database-controller.ts(350,11): error TS2375: Type '{ timeout: number | undefined; includeExecutionPlan: boolean | undefined; }' is not assignable to type '{ timeout?: number; maxNodes?: number; maxRelationships?: number; includeExecutionPlan?: boolean; }' with 'exactOptionalPropertyTypes: true'. Consider adding 'undefined' to the types of the target's properties.
  Types of property 'timeout' are incompatible.
    Type 'number | undefined' is not assignable to type 'number'.
      Type 'undefined' is not assignable to type 'number'.
src/database/controllers/database-controller.ts(548,61): error TS2339: Property 'rowCount' does not exist on type '{ type: "query" | "execute"; sql: string; params: any[] | undefined; success: boolean; error: string; } | { type: string; sql: string; params: any[] | undefined; success: boolean; rowCount: number; data: any[]; affectedRows?: never; insertId?: never; } | { ...; }'.
  Property 'rowCount' does not exist on type '{ type: "query" | "execute"; sql: string; params: any[] | undefined; success: boolean; error: string; }'.
src/database/controllers/database-controller.ts(548,75): error TS2339: Property 'affectedRows' does not exist on type '{ type: "query" | "execute"; sql: string; params: any[] | undefined; success: boolean; error: string; } | { type: string; sql: string; params: any[] | undefined; success: boolean; rowCount: number; data: any[]; affectedRows?: never; insertId?: never; } | { ...; }'.
  Property 'affectedRows' does not exist on type '{ type: "query" | "execute"; sql: string; params: any[] | undefined; success: boolean; error: string; }'.
src/database/controllers/database-controller.ts(617,57): error TS2379: Argument of type '{ sql: string; params: any[] | undefined; }' is not assignable to parameter of type 'QueryRequest' with 'exactOptionalPropertyTypes: true'. Consider adding 'undefined' to the types of the target's properties.
  Types of property 'params' are incompatible.
    Type 'any[] | undefined' is not assignable to type 'any[]'.
      Type 'undefined' is not assignable to type 'any[]'.
src/database/controllers/database-controller.ts(634,61): error TS2379: Argument of type '{ sql: string; params: any[] | undefined; }' is not assignable to parameter of type 'CommandRequest' with 'exactOptionalPropertyTypes: true'. Consider adding 'undefined' to the types of the target's properties.
  Types of property 'params' are incompatible.
    Type 'any[] | undefined' is not assignable to type 'any[]'.
      Type 'undefined' is not assignable to type 'any[]'.
src/database/controllers/database-controller.ts(1489,46): error TS7006: Parameter 'node' implicitly has an 'any' type.
src/database/controllers/database-controller.ts(1490,54): error TS7006: Parameter 'rel' implicitly has an 'any' type.
src/database/controllers/database-controller.ts(1615,13): error TS2322: Type '{ id: string | number; vector: number[]; metadata: Record<string, any> | undefined; }[]' is not assignable to type 'VectorData[]'.
  Type '{ id: string | number; vector: number[]; metadata: Record<string, any> | undefined; }' is not assignable to type 'VectorData' with 'exactOptionalPropertyTypes: true'. Consider adding 'undefined' to the types of the target's properties.
    Types of property 'metadata' are incompatible.
      Type 'Record<string, any> | undefined' is not assignable to type 'Record<string, any>'.
        Type 'undefined' is not assignable to type 'Record<string, any>'.
src/database/controllers/database-controller.ts(1748,13): error TS2375: Type '{ name: string; dimension: number; metric: "cosine" | "euclidean" | "dot"; type: string | undefined; }' is not assignable to type 'IndexConfig' with 'exactOptionalPropertyTypes: true'. Consider adding 'undefined' to the types of the target's properties.
  Types of property 'type' are incompatible.
    Type 'string | undefined' is not assignable to type 'string'.
      Type 'undefined' is not assignable to type 'string'.
src/database/dao/coordination.dao.ts(268,9): error TS4114: This member must have an 'override' modifier because it overrides a member in the base class 'BaseDao<T>'.
src/database/dao/coordination.dao.ts(277,9): error TS4114: This member must have an 'override' modifier because it overrides a member in the base class 'BaseDao<T>'.
src/database/dao/coordination.dao.ts(286,9): error TS4114: This member must have an 'override' modifier because it overrides a member in the base class 'BaseDao<T>'.
src/database/dao/coordination.dao.ts(310,9): error TS4114: This member must have an 'override' modifier because it overrides a member in the base class 'BaseDao<T>'.
src/database/dao/coordination.dao.ts(447,5): error TS2322: Type '{ id: string; pattern: string; createdAt: Date; lastTriggered: Date | undefined; triggerCount: number; }[]' is not assignable to type '{ id: string; pattern: string; createdAt: Date; lastTriggered?: Date; triggerCount: number; }[]'.
  Type '{ id: string; pattern: string; createdAt: Date; lastTriggered: Date | undefined; triggerCount: number; }' is not assignable to type '{ id: string; pattern: string; createdAt: Date; lastTriggered?: Date; triggerCount: number; }' with 'exactOptionalPropertyTypes: true'. Consider adding 'undefined' to the types of the target's properties.
    Types of property 'lastTriggered' are incompatible.
      Type 'Date | undefined' is not assignable to type 'Date'.
        Type 'undefined' is not assignable to type 'Date'.
src/database/dao/coordination.dao.ts(465,11): error TS2375: Type '{ type: "create" | "update" | "delete"; entityId: string | number; entity: T | undefined; timestamp: Date; metadata: { tableName: string; source: string; }; }' is not assignable to type 'CoordinationChange<T>' with 'exactOptionalPropertyTypes: true'. Consider adding 'undefined' to the types of the target's properties.
  Types of property 'entity' are incompatible.
    Type 'T | undefined' is not assignable to type 'T'.
      'T' could be instantiated with an arbitrary type which could be unrelated to 'T | undefined'.
src/database/dao/coordination.dao.ts(516,26): error TS2339: Property 'execute' does not exist on type 'DatabaseAdapter'.
src/database/dao/coordination.dao.ts(529,26): error TS2339: Property 'execute' does not exist on type 'DatabaseAdapter'.
src/database/dao/coordination.dao.ts(547,26): error TS2339: Property 'execute' does not exist on type 'DatabaseAdapter'.
src/database/dao/graph.dao.ts(54,67): error TS2353: Object literal may only specify known properties, and 'startNodeId' does not exist in type 'any[]'.
src/database/dao/graph.dao.ts(59,9): error TS2322: Type '{ id: any; type: string; startNodeId: any; endNodeId: any; properties: Record<string, any>; }[]' is not assignable to type 'GraphRelationship[]'.
  Type '{ id: any; type: string; startNodeId: any; endNodeId: any; properties: Record<string, any>; }' is missing the following properties from type 'GraphRelationship': fromNodeId, toNodeId
src/database/dao/graph.dao.ts(103,65): error TS2345: Argument of type 'Record<string, any>' is not assignable to parameter of type 'any[]'.
  Type 'Record<string, any>' is missing the following properties from type 'any[]': length, pop, push, concat, and 35 more.
src/database/dao/graph.dao.ts(142,65): error TS2345: Argument of type 'Record<string, any>' is not assignable to parameter of type 'any[]'.
  Type 'Record<string, any>' is missing the following properties from type 'any[]': length, pop, push, concat, and 35 more.
src/database/dao/graph.dao.ts(143,7): error TS2322: Type '{ id: any; type: string; startNodeId: any; endNodeId: any; properties: Record<string, any>; }[]' is not assignable to type 'GraphRelationship[]'.
  Type '{ id: any; type: string; startNodeId: any; endNodeId: any; properties: Record<string, any>; }' is missing the following properties from type 'GraphRelationship': fromNodeId, toNodeId
src/database/dao/graph.dao.ts(198,65): error TS2345: Argument of type 'Record<string, any>' is not assignable to parameter of type 'any[]'.
  Type 'Record<string, any>' is missing the following properties from type 'any[]': length, pop, push, concat, and 35 more.
src/database/dao/graph.dao.ts(204,7): error TS2322: Type '{ id: any; type: string; startNodeId: any; endNodeId: any; properties: Record<string, any>; } | undefined' is not assignable to type 'GraphRelationship'.
  Type 'undefined' is not assignable to type 'GraphRelationship'.
src/database/dao/graph.dao.ts(223,65): error TS2345: Argument of type 'Record<string, any> | undefined' is not assignable to parameter of type 'any[] | undefined'.
  Type 'Record<string, any>' is missing the following properties from type 'any[]': length, pop, push, concat, and 35 more.
src/database/dao/graph.dao.ts(227,9): error TS2322: Type '{ id: any; type: string; startNodeId: any; endNodeId: any; properties: Record<string, any>; }[]' is not assignable to type 'GraphRelationship[]'.
  Type '{ id: any; type: string; startNodeId: any; endNodeId: any; properties: Record<string, any>; }' is missing the following properties from type 'GraphRelationship': fromNodeId, toNodeId
src/database/dao/graph.dao.ts(272,67): error TS2353: Object literal may only specify known properties, and 'nodeId' does not exist in type 'any[]'.
src/database/dao/graph.dao.ts(273,21): error TS2339: Property 'results' does not exist on type 'GraphResult'.
src/database/dao/graph.dao.ts(305,67): error TS2353: Object literal may only specify known properties, and 'fromNodeId' does not exist in type 'any[]'.
src/database/dao/graph.dao.ts(313,9): error TS2322: Type '{ id: any; type: string; startNodeId: any; endNodeId: any; properties: Record<string, any>; }[]' is not assignable to type 'GraphRelationship[]'.
  Type '{ id: any; type: string; startNodeId: any; endNodeId: any; properties: Record<string, any>; }' is missing the following properties from type 'GraphRelationship': fromNodeId, toNodeId
src/database/dao/graph.dao.ts(395,13): error TS4114: This member must have an 'override' modifier because it overrides a member in the base class 'BaseDao<T>'.
src/database/dao/graph.dao.ts(407,9): error TS4114: This member must have an 'override' modifier because it overrides a member in the base class 'BaseDao<T>'.
src/database/dao/memory.dao.ts(128,11): error TS2375: Type '{ value: T; createdAt: Date; accessedAt: Date; ttl: number | undefined; expiresAt: Date | undefined; }' is not assignable to type 'CacheEntry<T>' with 'exactOptionalPropertyTypes: true'. Consider adding 'undefined' to the types of the target's properties.
  Types of property 'ttl' are incompatible.
    Type 'number | undefined' is not assignable to type 'number'.
      Type 'undefined' is not assignable to type 'number'.
src/database/dao/memory.dao.ts(248,9): error TS4114: This member must have an 'override' modifier because it overrides a member in the base class 'BaseDao<T>'.
src/database/dao/memory.dao.ts(284,9): error TS4114: This member must have an 'override' modifier because it overrides a member in the base class 'BaseDao<T>'.
src/database/dao/memory.dao.ts(294,9): error TS4114: This member must have an 'override' modifier because it overrides a member in the base class 'BaseDao<T>'.
src/database/dao/memory.dao.ts(304,9): error TS4114: This member must have an 'override' modifier because it overrides a member in the base class 'BaseDao<T>'.
src/database/dao/memory.dao.ts(336,9): error TS4114: This member must have an 'override' modifier because it overrides a member in the base class 'BaseDao<T>'.
src/database/dao/memory.dao.ts(419,15): error TS2339: Property 'key' does not exist on type '{ key: string; entry: CacheEntry<any>; store: "memory" | "key"; } | undefined'.
src/database/dao/memory.dao.ts(419,20): error TS2339: Property 'store' does not exist on type '{ key: string; entry: CacheEntry<any>; store: "memory" | "key"; } | undefined'.
src/database/dao/relational.dao.ts(184,64): error TS2769: No overload matches this call.
  Overload 1 of 4, '(value: string | number | Date): Date', gave the following error.
    Argument of type '{}' is not assignable to parameter of type 'string | number | Date'.
  Overload 2 of 4, '(value: string | number): Date', gave the following error.
    Argument of type '{}' is not assignable to parameter of type 'string | number'.
src/database/dao/relational.dao.ts(540,75): error TS2345: Argument of type 'Omit<T, "id">' is not assignable to parameter of type 'Partial<T>'.
  Type 'keyof T' is not assignable to type 'Exclude<keyof T, "id">'.
    Type 'string | number | symbol' is not assignable to type 'Exclude<keyof T, "id">'.
      Type 'string' is not assignable to type 'Exclude<keyof T, "id">'.
src/database/dao/relational.dao.ts(541,35): error TS2769: No overload matches this call.
  Overload 1 of 2, '(o: {}): string[]', gave the following error.
    Argument of type 'Record<string, any> | undefined' is not assignable to parameter of type '{}'.
      Type 'undefined' is not assignable to type '{}'.
  Overload 2 of 2, '(o: object): string[]', gave the following error.
    Argument of type 'Record<string, any> | undefined' is not assignable to parameter of type 'object'.
      Type 'undefined' is not assignable to type 'object'.
src/database/dao/relational.dao.ts(554,26): error TS2339: Property 'execute' does not exist on type 'DatabaseAdapter'.
src/database/dao/relational.dao.ts(646,41): error TS2339: Property 'execute' does not exist on type 'DatabaseAdapter'.
src/database/dao/relational.dao.ts(722,41): error TS2339: Property 'execute' does not exist on type 'DatabaseAdapter'.
src/database/dao/vector.dao.ts(108,43): error TS2345: Argument of type '{ id: string | number; vector: number[]; metadata: T; }[]' is not assignable to parameter of type 'VectorData[]'.
  Type '{ id: string | number; vector: number[]; metadata: T; }' is not assignable to type 'VectorData'.
    Types of property 'metadata' are incompatible.
      Type 'T' is not assignable to type 'Record<string, any>'.
src/database/dao/vector.dao.ts(277,57): error TS2352: Conversion of type '{ vector: number[]; }' to type 'Partial<T>' may be a mistake because neither type sufficiently overlaps with the other. If this was intentional, convert the expression to 'unknown' first.
src/database/dao/vector.dao.ts(361,9): error TS4114: This member must have an 'override' modifier because it overrides a member in the base class 'BaseDao<T>'.
src/database/dao/vector.dao.ts(407,31): error TS4111: Property 'vector' comes from an index signature, so it must be accessed with ['vector'].
src/database/daos/coordination-dao.ts(89,36): error TS2339: Property 'executeTransaction' does not exist on type 'CoordinationDAO<T>'.
src/database/daos/coordination-dao.ts(228,62): error TS2551: Property 'tryAcquireLock' does not exist on type 'ICoordinationRepository<T>'. Did you mean 'acquireLock'?
src/database/daos/coordination-dao.ts(326,11): error TS2322: Type '{ workflowId: string; completed: boolean; results: Record<string, any>; errors: Record<string, string>; executionTime: number; }' is not assignable to type 'T'.
  'T' could be instantiated with an arbitrary type which could be unrelated to '{ workflowId: string; completed: boolean; results: Record<string, any>; errors: Record<string, string>; executionTime: number; }'.
src/database/daos/coordination-dao.ts(383,61): error TS2339: Property 'getActiveLocks' does not exist on type 'ICoordinationRepository<T>'.
src/database/daos/coordination-dao.ts(384,63): error TS2339: Property 'getSubscriptions' does not exist on type 'ICoordinationRepository<T>'.
src/database/daos/coordination-dao.ts(554,35): error TS2339: Property 'executeTransaction' does not exist on type 'CoordinationDAO<T>'.
src/database/daos/coordination-dao.ts(575,35): error TS2339: Property 'executeTransaction' does not exist on type 'CoordinationDAO<T>'.
src/database/daos/graph-dao.ts(58,39): error TS2339: Property 'repository' does not exist on type 'GraphDAO<T>'.
src/database/daos/graph-dao.ts(75,37): error TS2339: Property 'repository' does not exist on type 'GraphDAO<T>'.
src/database/daos/graph-dao.ts(81,37): error TS2339: Property 'repository' does not exist on type 'GraphDAO<T>'.
src/database/daos/graph-dao.ts(93,39): error TS2339: Property 'repository' does not exist on type 'GraphDAO<T>'.
src/database/daos/graph-dao.ts(139,35): error TS2339: Property 'repository' does not exist on type 'GraphDAO<T>'.
src/database/daos/graph-dao.ts(148,15): error TS18048: 'nodeSpec' is possibly 'undefined'.
src/database/daos/graph-dao.ts(149,35): error TS18048: 'nodeSpec' is possibly 'undefined'.
src/database/daos/graph-dao.ts(197,37): error TS4111: Property 'iterations' comes from an index signature, so it must be accessed with ['iterations'].
src/database/daos/graph-dao.ts(198,40): error TS4111: Property 'dampingFactor' comes from an index signature, so it must be accessed with ['dampingFactor'].
src/database/daos/graph-dao.ts(199,32): error TS4111: Property 'limit' comes from an index signature, so it must be accessed with ['limit'].
src/database/daos/graph-dao.ts(212,46): error TS4111: Property 'limit' comes from an index signature, so it must be accessed with ['limit'].
src/database/daos/graph-dao.ts(235,34): error TS4111: Property 'startId' comes from an index signature, so it must be accessed with ['startId'].
src/database/daos/graph-dao.ts(236,32): error TS4111: Property 'endId' comes from an index signature, so it must be accessed with ['endId'].
src/database/daos/graph-dao.ts(237,32): error TS4111: Property 'limit' comes from an index signature, so it must be accessed with ['limit'].
src/database/daos/graph-dao.ts(409,48): error TS2339: Property 'getGraphStats' does not exist on type 'IGraphRepository<T>'.
src/database/daos/memory-dao.ts(56,35): error TS2339: Property 'repository' does not exist on type 'MemoryDAO<T>'.
src/database/daos/memory-dao.ts(68,35): error TS2339: Property 'repository' does not exist on type 'MemoryDAO<T>'.
src/database/daos/memory-dao.ts(74,35): error TS2339: Property 'repository' does not exist on type 'MemoryDAO<T>'.
src/database/daos/memory-dao.ts(81,37): error TS2339: Property 'repository' does not exist on type 'MemoryDAO<T>'.
src/database/daos/memory-dao.ts(83,37): error TS2339: Property 'repository' does not exist on type 'MemoryDAO<T>'.
src/database/daos/memory-dao.ts(372,51): error TS2345: Argument of type '{ id: string; createdAt: Date; ttl: number; maxSize: number; evictionPolicy: "lru" | "fifo" | "random"; itemCount: number; lastAccessed: Date; }' is not assignable to parameter of type 'T'.
  'T' could be instantiated with an arbitrary type which could be unrelated to '{ id: string; createdAt: Date; ttl: number; maxSize: number; evictionPolicy: "lru" | "fifo" | "random"; itemCount: number; lastAccessed: Date; }'.
src/database/daos/memory-dao.ts(452,31): error TS4111: Property 'limit' comes from an index signature, so it must be accessed with ['limit'].
src/database/daos/memory-dao.ts(453,33): error TS2339: Property 'repository' does not exist on type 'MemoryDAO<T>'.
src/database/daos/memory-dao.ts(459,68): error TS4111: Property 'ttl' comes from an index signature, so it must be accessed with ['ttl'].
src/database/daos/memory-dao.ts(471,36): error TS4111: Property 'popularIds' comes from an index signature, so it must be accessed with ['popularIds'].
src/database/daos/memory-dao.ts(476,35): error TS2339: Property 'repository' does not exist on type 'MemoryDAO<T>'.
src/database/daos/memory-dao.ts(479,70): error TS4111: Property 'ttl' comes from an index signature, so it must be accessed with ['ttl'].
src/database/daos/memory-dao.ts(492,38): error TS4111: Property 'recentlyUsed' comes from an index signature, so it must be accessed with ['recentlyUsed'].
src/database/daos/memory-dao.ts(497,35): error TS2339: Property 'repository' does not exist on type 'MemoryDAO<T>'.
src/database/daos/memory-dao.ts(500,70): error TS4111: Property 'ttl' comes from an index signature, so it must be accessed with ['ttl'].
src/database/daos/relational-dao.ts(54,37): error TS2339: Property 'repository' does not exist on type 'RelationalDAO<T>'.
src/database/daos/relational-dao.ts(61,37): error TS2339: Property 'repository' does not exist on type 'RelationalDAO<T>'.
src/database/daos/relational-dao.ts(67,37): error TS2339: Property 'repository' does not exist on type 'RelationalDAO<T>'.
src/database/daos/relational-dao.ts(82,39): error TS2339: Property 'repository' does not exist on type 'RelationalDAO<T>'.
src/database/daos/relational-dao.ts(119,55): error TS2339: Property 'repository' does not exist on type 'RelationalDAO<T>'.
src/database/daos/relational-dao.ts(149,37): error TS2339: Property 'repository' does not exist on type 'RelationalDAO<T>'.
src/database/daos/relational-dao.ts(196,50): error TS2339: Property 'getConnectionStats' does not exist on type 'DatabaseAdapter'.
src/database/daos/vector-dao.ts(66,39): error TS2339: Property 'repository' does not exist on type 'VectorDAO<T>'.
src/database/daos/vector-dao.ts(74,37): error TS2339: Property 'repository' does not exist on type 'VectorDAO<T>'.
src/database/daos/vector-dao.ts(80,37): error TS2339: Property 'repository' does not exist on type 'VectorDAO<T>'.
src/database/daos/vector-dao.ts(87,39): error TS2339: Property 'repository' does not exist on type 'VectorDAO<T>'.
src/database/daos/vector-dao.ts(89,39): error TS2339: Property 'repository' does not exist on type 'VectorDAO<T>'.
src/database/daos/vector-dao.ts(146,13): error TS18048: 'query' is possibly 'undefined'.
src/database/daos/vector-dao.ts(147,25): error TS18048: 'query' is possibly 'undefined'.
src/database/daos/vector-dao.ts(148,20): error TS18048: 'query' is possibly 'undefined'.
src/database/daos/vector-dao.ts(150,37): error TS2339: Property 'repository' does not exist on type 'VectorDAO<T>'.
src/database/daos/vector-dao.ts(150,57): error TS18048: 'query' is possibly 'undefined'.
src/database/daos/vector-dao.ts(152,39): error TS18048: 'query' is possibly 'undefined'.
src/database/daos/vector-dao.ts(155,20): error TS18048: 'query' is possibly 'undefined'.
src/database/daos/vector-dao.ts(157,49): error TS18048: 'query' is possibly 'undefined'.
src/database/daos/vector-dao.ts(196,36): error TS4111: Property 'algorithm' comes from an index signature, so it must be accessed with ['algorithm'].
src/database/daos/vector-dao.ts(197,38): error TS4111: Property 'numClusters' comes from an index signature, so it must be accessed with ['numClusters'].
src/database/daos/vector-dao.ts(198,34): error TS4111: Property 'epsilon' comes from an index signature, so it must be accessed with ['epsilon'].
src/database/daos/vector-dao.ts(199,37): error TS4111: Property 'minSamples' comes from an index signature, so it must be accessed with ['minSamples'].
src/database/daos/vector-dao.ts(203,56): error TS4111: Property 'threshold' comes from an index signature, so it must be accessed with ['threshold'].
src/database/daos/vector-dao.ts(206,71): error TS4111: Property 'sampleSize' comes from an index signature, so it must be accessed with ['sampleSize'].
src/database/daos/vector-dao.ts(264,43): error TS2339: Property 'updateVector' does not exist on type 'IVectorRepository<T>'.
src/database/daos/vector-dao.ts(278,41): error TS2339: Property 'repository' does not exist on type 'VectorDAO<T>'.
src/database/daos/vector-dao.ts(280,45): error TS2339: Property 'updateVector' does not exist on type 'IVectorRepository<T>'.
src/database/daos/vector-dao.ts(453,28): error TS2532: Object is possibly 'undefined'.
src/database/daos/vector-dao.ts(477,21): error TS2379: Argument of type '{ id: string | number; score: number; document: T; vector: number[] | undefined; }' is not assignable to parameter of type 'VectorSearchResult<T>' with 'exactOptionalPropertyTypes: true'. Consider adding 'undefined' to the types of the target's properties.
  Types of property 'vector' are incompatible.
    Type 'number[] | undefined' is not assignable to type 'number[]'.
      Type 'undefined' is not assignable to type 'number[]'.
src/database/daos/vector-dao.ts(480,19): error TS2532: Object is possibly 'undefined'.
src/database/daos/vector-dao.ts(481,17): error TS2532: Object is possibly 'undefined'.
src/database/daos/vector-dao.ts(490,36): error TS2339: Property 'repository' does not exist on type 'VectorDAO<T>'.
src/database/daos/vector-dao.ts(491,38): error TS7006: Parameter 'entity' implicitly has an 'any' type.
src/database/daos/vector-dao.ts(517,33): error TS2339: Property 'repository' does not exist on type 'VectorDAO<T>'.
src/database/daos/vector-dao.ts(518,35): error TS7006: Parameter 'entity' implicitly has an 'any' type.
src/database/daos/vector-dao.ts(570,24): error TS2532: Object is possibly 'undefined'.
src/database/daos/vector-dao.ts(614,15): error TS2532: Object is possibly 'undefined'.
src/database/daos/vector-dao.ts(614,22): error TS2532: Object is possibly 'undefined'.
src/database/daos/vector-dao.ts(625,21): error TS2532: Object is possibly 'undefined'.
src/database/daos/vector-dao.ts(625,28): error TS2532: Object is possibly 'undefined'.
src/database/daos/vector-dao.ts(626,16): error TS2532: Object is possibly 'undefined'.
src/database/daos/vector-dao.ts(626,23): error TS2532: Object is possibly 'undefined'.
src/database/daos/vector-dao.ts(627,16): error TS2532: Object is possibly 'undefined'.
src/database/daos/vector-dao.ts(627,23): error TS2532: Object is possibly 'undefined'.
src/database/factory.ts(344,41): error TS6138: Property '_config' is declared but its value is never read.
src/database/factory.ts(1213,19): error TS2339: Property 'connect' does not exist on type 'Promise<DatabaseAdapter>'.
src/database/factory.ts(1215,44): error TS2345: Argument of type 'Promise<DatabaseAdapter>' is not assignable to parameter of type 'DatabaseAdapter'.
  Type 'Promise<DatabaseAdapter>' is missing the following properties from type 'DatabaseAdapter': query, transaction, close
src/database/factory.ts(1236,16): error TS2674: Constructor of class 'BaseDao<T>' is protected and only accessible within the class declaration.
src/database/factory.ts(1244,16): error TS2674: Constructor of class 'BaseDao<T>' is protected and only accessible within the class declaration.
src/database/factory.ts(1252,16): error TS2674: Constructor of class 'BaseDao<T>' is protected and only accessible within the class declaration.
src/database/factory.ts(1260,16): error TS2674: Constructor of class 'BaseDao<T>' is protected and only accessible within the class declaration.
src/database/factory.ts(1268,16): error TS2674: Constructor of class 'BaseDao<T>' is protected and only accessible within the class declaration.
src/database/factory.ts(1290,16): error TS2674: Constructor of class 'BaseDao<T>' is protected and only accessible within the class declaration.
src/database/factory.ts(1293,16): error TS2674: Constructor of class 'BaseDao<T>' is protected and only accessible within the class declaration.
src/database/factory.ts(1296,16): error TS2674: Constructor of class 'BaseDao<T>' is protected and only accessible within the class declaration.
src/database/factory.ts(1299,16): error TS2674: Constructor of class 'BaseDao<T>' is protected and only accessible within the class declaration.
src/database/factory.ts(1305,16): error TS2674: Constructor of class 'BaseDao<T>' is protected and only accessible within the class declaration.
src/database/index.ts(57,8): error TS2614: Module '"./factory"' has no exported member 'DaoConfig'. Did you mean to use 'import DaoConfig from "./factory"' instead?
src/database/index.ts(58,8): error TS2614: Module '"./factory"' has no exported member 'DaoType'. Did you mean to use 'import DaoType from "./factory"' instead?
src/database/index.ts(107,10): error TS2323: Cannot redeclare exported variable 'EntityTypes'.
src/database/index.ts(107,10): error TS2484: Export declaration conflicts with exported declaration of 'EntityTypes'.
src/database/index.ts(107,23): error TS2323: Cannot redeclare exported variable 'DatabaseTypes'.
src/database/index.ts(107,23): error TS2484: Export declaration conflicts with exported declaration of 'DatabaseTypes'.
src/database/index.ts(192,42): error TS2345: Argument of type '() => { debug: { (...data: any[]): void; (message?: any, ...optionalParams: any[]): void; }; info: { (...data: any[]): void; (message?: any, ...optionalParams: any[]): void; }; warn: { (...data: any[]): void; (message?: any, ...optionalParams: any[]): void; }; error: { ...; }; }' is not assignable to parameter of type 'Provider<ILogger>'.
src/database/index.ts(199,42): error TS2345: Argument of type '() => {}' is not assignable to parameter of type 'Provider<IConfig>'.
src/database/index.ts(201,37): error TS2345: Argument of type 'typeof DALFactory' is not assignable to parameter of type 'DIToken<unknown>'.
  Property 'symbol' is missing in type 'typeof DALFactory' but required in type 'DIToken<unknown>'.
src/database/index.ts(203,16): error TS18046: 'factory' is of type 'unknown'.
src/database/index.ts(268,42): error TS2345: Argument of type '() => { debug: { (...data: any[]): void; (message?: any, ...optionalParams: any[]): void; }; info: { (...data: any[]): void; (message?: any, ...optionalParams: any[]): void; }; warn: { (...data: any[]): void; (message?: any, ...optionalParams: any[]): void; }; error: { ...; }; }' is not assignable to parameter of type 'Provider<ILogger>'.
src/database/index.ts(275,42): error TS2345: Argument of type '() => {}' is not assignable to parameter of type 'Provider<IConfig>'.
src/database/index.ts(277,37): error TS2345: Argument of type 'typeof DALFactory' is not assignable to parameter of type 'DIToken<unknown>'.
  Property 'symbol' is missing in type 'typeof DALFactory' but required in type 'DIToken<unknown>'.
src/database/index.ts(279,16): error TS18046: 'factory' is of type 'unknown'.
src/database/index.ts(388,42): error TS2345: Argument of type '() => { debug: { (...data: any[]): void; (message?: any, ...optionalParams: any[]): void; }; info: { (...data: any[]): void; (message?: any, ...optionalParams: any[]): void; }; warn: { (...data: any[]): void; (message?: any, ...optionalParams: any[]): void; }; error: { ...; }; }' is not assignable to parameter of type 'Provider<ILogger>'.
src/database/index.ts(395,42): error TS2345: Argument of type '() => {}' is not assignable to parameter of type 'Provider<IConfig>'.
src/database/index.ts(397,37): error TS2345: Argument of type 'typeof DALFactory' is not assignable to parameter of type 'DIToken<unknown>'.
  Property 'symbol' is missing in type 'typeof DALFactory' but required in type 'DIToken<unknown>'.
src/database/index.ts(411,16): error TS18046: 'factory' is of type 'unknown'.
src/database/index.ts(556,14): error TS2323: Cannot redeclare exported variable 'EntityTypes'.
src/database/index.ts(635,14): error TS2323: Cannot redeclare exported variable 'DatabaseTypes'.
src/database/managers/adr-manager.ts(80,9): error TS2353: Object literal may only specify known properties, and 'owner' does not exist in type 'Omit<ProjectEntity, "id" | "created_at" | "updated_at">'.
src/database/managers/adr-manager.ts(116,9): error TS2322: Type '"proposed"' is not assignable to type '"draft" | "review" | "approved" | "archived"'.
src/database/managers/adr-manager.ts(134,9): error TS2322: Type 'string' is not assignable to type 'string[]'.
src/database/managers/adr-manager.ts(135,9): error TS2322: Type '{ name: string; pros: string[]; cons: string[]; rejected_reason: string; }[]' is not assignable to type 'string[]'.
  Type '{ name: string; pros: string[]; cons: string[]; rejected_reason: string; }' is not assignable to type 'string'.
src/database/managers/adr-manager.ts(155,64): error TS2379: Argument of type '{ type: "adr"; projectId: string | undefined; }' is not assignable to parameter of type '{ type?: DocumentType | DocumentType[]; projectId?: string; status?: string | string[]; priority?: string | string[]; author?: string; tags?: string[]; parentDocumentId?: string; workflowStage?: string; }' with 'exactOptionalPropertyTypes: true'. Consider adding 'undefined' to the types of the target's properties.
  Types of property 'projectId' are incompatible.
    Type 'string | undefined' is not assignable to type 'string'.
      Type 'undefined' is not assignable to type 'string'.
src/database/managers/adr-manager.ts(162,39): error TS4111: Property 'adr_number' comes from an index signature, so it must be accessed with ['adr_number'].
src/database/managers/adr-manager.ts(208,27): error TS18048: 'options.date_range.start' is possibly 'undefined'.
src/database/managers/adr-manager.ts(208,67): error TS18048: 'options.date_range.end' is possibly 'undefined'.
src/database/managers/adr-manager.ts(282,45): error TS4111: Property 'adr_number' comes from an index signature, so it must be accessed with ['adr_number'].
src/database/managers/adr-manager.ts(292,45): error TS4111: Property 'adr_id' comes from an index signature, so it must be accessed with ['adr_id'].
src/database/managers/adr-manager.ts(314,7): error TS2322: Type '"proposed" | "discussion" | "decided" | "implemented" | "superseded" | "deprecated"' is not assignable to type '"draft" | "review" | "approved" | "archived"'.
  Type '"proposed"' is not assignable to type '"draft" | "review" | "approved" | "archived"'.
src/database/managers/adr-manager.ts(323,9): error TS2367: This comparison appears to be unintentional because the types '"proposed" | "discussion" | "decided" | "implemented" | "superseded" | "deprecated"' and '"draft" | "review" | "approved" | "archived"' have no overlap.
src/database/managers/adr-manager.ts(351,7): error TS2322: Type '"superseded"' is not assignable to type '"draft" | "review" | "approved" | "archived"'.
src/database/managers/adr-manager.ts(354,41): error TS4111: Property 'adr_id' comes from an index signature, so it must be accessed with ['adr_id'].
src/database/managers/adr-manager.ts(364,43): error TS4111: Property 'supersedes' comes from an index signature, so it must be accessed with ['supersedes'].
src/database/managers/adr-manager.ts(364,79): error TS4111: Property 'adr_id' comes from an index signature, so it must be accessed with ['adr_id'].
src/database/managers/adr-manager.ts(369,27): error TS2341: Property 'relationshipRepository' is private and only accessible within class 'DocumentManager'.
src/database/managers/adr-manager.ts(370,7): error TS2353: Object literal may only specify known properties, and 'id' does not exist in type 'Omit<DocumentRelationshipEntity, "id">'.
src/database/managers/adr-manager.ts(412,23): error TS2538: Type 'undefined' cannot be used as an index type.
src/database/managers/adr-manager.ts(412,54): error TS2538: Type 'undefined' cannot be used as an index type.
src/database/managers/adr-manager.ts(415,11): error TS2367: This comparison appears to be unintentional because the types '"draft" | "review" | "approved" | "archived"' and '"decided"' have no overlap.
src/database/managers/adr-manager.ts(420,11): error TS2367: This comparison appears to be unintentional because the types '"draft" | "review" | "approved" | "archived"' and '"decided"' have no overlap.
src/database/managers/adr-manager.ts(421,11): error TS2367: This comparison appears to be unintentional because the types '"draft" | "review" | "approved" | "archived"' and '"implemented"' have no overlap.
src/database/managers/adr-manager.ts(446,5): error TS2322: Type '{ number: any; id: any; title: string; status: "draft" | "review" | "approved" | "archived"; priority: "critical" | "medium" | "high" | "low"; author: string | undefined; created: Date; summary: any; }[]' is not assignable to type '{ number: number; id: string; title: string; status: string; priority: string; author: string; created: Date; summary: string; }[]'.
  Type '{ number: any; id: any; title: string; status: "draft" | "review" | "approved" | "archived"; priority: "critical" | "medium" | "high" | "low"; author: string | undefined; created: Date; summary: any; }' is not assignable to type '{ number: number; id: string; title: string; status: string; priority: string; author: string; created: Date; summary: string; }'.
    Types of property 'author' are incompatible.
      Type 'string | undefined' is not assignable to type 'string'.
        Type 'undefined' is not assignable to type 'string'.
src/database/managers/adr-manager.ts(448,31): error TS4111: Property 'adr_number' comes from an index signature, so it must be accessed with ['adr_number'].
src/database/managers/adr-manager.ts(449,27): error TS4111: Property 'adr_id' comes from an index signature, so it must be accessed with ['adr_id'].
src/database/managers/adr-manager.ts(455,22): error TS2339: Property 'summary' does not exist on type 'ADRDocumentEntity'.
src/database/managers/adr-proposal-system.ts(65,7): error TS2412: Type '{ name: string; pros: string[]; cons: string[]; why_not_chosen: string; }[] | undefined' is not assignable to type '{ name: string; pros: string[]; cons: string[]; rejected_reason: string; }[] | undefined' with 'exactOptionalPropertyTypes: true'. Consider adding 'undefined' to the type of the target.
src/database/managers/adr-proposal-system.ts(113,33): error TS4111: Property 'discussion_history' comes from an index signature, so it must be accessed with ['discussion_history'].
src/database/managers/adr-proposal-system.ts(169,7): error TS2345: Argument of type '"decided" | "rejected"' is not assignable to parameter of type '"decided" | "proposed" | "discussion" | "implemented" | "superseded" | "deprecated"'.
  Type '"rejected"' is not assignable to type '"decided" | "proposed" | "discussion" | "implemented" | "superseded" | "deprecated"'.
src/database/managers/adr-proposal-system.ts(210,23): error TS4111: Property 'requires_human_discussion' comes from an index signature, so it must be accessed with ['requires_human_discussion'].
src/database/managers/adr-proposal-system.ts(211,23): error TS4111: Property 'discussion_status' comes from an index signature, so it must be accessed with ['discussion_status'].
src/database/managers/adr-proposal-system.ts(238,23): error TS4111: Property 'discussion_status' comes from an index signature, so it must be accessed with ['discussion_status'].
src/database/managers/adr-proposal-system.ts(239,23): error TS4111: Property 'current_consensus' comes from an index signature, so it must be accessed with ['current_consensus'].
src/database/managers/adr-proposal-system.ts(421,11): error TS6133: '_adrId' is declared but its value is never read.
src/database/managers/adr-proposal-system.ts(421,34): error TS4111: Property 'adr_id' comes from an index signature, so it must be accessed with ['adr_id'].
src/database/managers/adr-proposal-system.ts(421,65): error TS4111: Property 'adr_number' comes from an index signature, so it must be accessed with ['adr_number'].
src/database/managers/document-manager.ts(93,10): error TS2339: Property 'documentDAO' does not exist on type 'DocumentManager'.
src/database/managers/document-manager.ts(95,10): error TS2339: Property 'projectDAO' does not exist on type 'DocumentManager'.
src/database/managers/document-manager.ts(423,29): error TS2339: Property 'tokenizeText' does not exist on type 'DocumentManager'.
src/database/managers/document-manager.ts(428,29): error TS2339: Property 'tokenizeText' does not exist on type 'DocumentManager'.
src/database/managers/document-manager.ts(432,25): error TS2339: Property 'calculateTermFrequency' does not exist on type 'DocumentManager'.
src/database/managers/document-manager.ts(433,26): error TS2339: Property 'calculateInverseDocumentFrequency' does not exist on type 'DocumentManager'.
src/database/managers/document-manager.ts(474,30): error TS2339: Property 'tokenizeText' does not exist on type 'DocumentManager'.
src/database/managers/document-manager.ts(477,30): error TS2339: Property 'tokenizeText' does not exist on type 'DocumentManager'.
src/database/managers/document-manager.ts(480,40): error TS2339: Property 'expandTokensWithSynonyms' does not exist on type 'DocumentManager'.
src/database/managers/document-manager.ts(481,38): error TS2339: Property 'expandTokensWithSynonyms' does not exist on type 'DocumentManager'.
src/database/managers/document-manager.ts(483,31): error TS2339: Property 'calculateJaccardSimilarity' does not exist on type 'DocumentManager'.
src/database/managers/document-manager.ts(486,36): error TS2339: Property 'calculateConceptualSimilarity' does not exist on type 'DocumentManager'.
src/database/managers/document-manager.ts(571,21): error TS2532: Object is possibly 'undefined'.
src/database/managers/document-manager.ts(578,21): error TS2532: Object is possibly 'undefined'.
src/database/managers/document-manager.ts(585,21): error TS2532: Object is possibly 'undefined'.
src/database/managers/document-manager.ts(698,7): error TS2561: Object literal may only specify known properties, but 'workflow_rules' does not exist in type 'DocumentWorkflowStateEntity'. Did you mean to write 'workflow_results'?
src/database/managers/document-manager.ts(748,71): error TS2379: Argument of type '{ current_stage: string; stages_completed: string[]; next_stages: string[]; updated_at: Date; requires_approval: boolean; workflow_results: Record<string, any> | undefined; }' is not assignable to parameter of type 'Partial<DocumentWorkflowStateEntity>' with 'exactOptionalPropertyTypes: true'. Consider adding 'undefined' to the types of the target's properties.
  Types of property 'workflow_results' are incompatible.
    Type 'Record<string, any> | undefined' is not assignable to type 'Record<string, any>'.
      Type 'undefined' is not assignable to type 'Record<string, any>'.
src/database/managers/document-manager.ts(844,50): error TS2322: Type 'string' is not assignable to type '"draft" | "review" | "approved" | "archived"'.
src/database/managers/document-manager.ts(920,55): error TS2379: Argument of type '{ type: DocumentType; title: string; content: string; summary: string; author: string | undefined; project_id: string | undefined; status: string; priority: string; keywords: string[]; metadata: { ...; }; }' is not assignable to parameter of type 'Omit<BaseDocumentEntity, "id" | "created_at" | "updated_at" | "checksum">' with 'exactOptionalPropertyTypes: true'. Consider adding 'undefined' to the types of the target's properties.
  Type '{ type: DocumentType; title: string; content: string; summary: string; author: string | undefined; project_id: string | undefined; status: string; priority: string; keywords: string[]; metadata: { ...; }; }' is missing the following properties from type 'Omit<BaseDocumentEntity, "id" | "created_at" | "updated_at" | "checksum">': completion_percentage, tags, dependencies, related_documents, and 2 more.
src/database/managers/document-manager.ts(928,7): error TS2353: Object literal may only specify known properties, and 'id' does not exist in type 'Omit<DocumentRelationshipEntity, "id">'.
src/database/managers/document-manager.ts(1024,5): error TS2322: Type 'WorkflowDefinition | undefined' is not assignable to type 'WorkflowDefinition'.
  Type 'undefined' is not assignable to type 'WorkflowDefinition'.
src/database/managers/document-manager.ts(1024,53): error TS4111: Property 'default_workflow' comes from an index signature, so it must be accessed with ['default_workflow'].
src/database/managers/document-manager.ts(1065,11): error TS2739: Type '{ vision: string; adr: string; prd: string; epic: string; feature: string; task: string; }' is missing the following properties from type 'Record<DocumentType, string>': test, documentation, code
src/database/managers/document-manager.ts(1131,9): error TS2353: Object literal may only specify known properties, and 'id' does not exist in type 'Omit<DocumentRelationshipEntity, "id">'.
src/database/managers/document-manager.ts(1148,11): error TS2739: Type '{ vision: never[]; adr: "vision"[]; prd: ("vision" | "adr")[]; epic: ("vision" | "prd")[]; feature: ("prd" | "epic")[]; task: ("epic" | "feature")[]; }' is missing the following properties from type 'Record<DocumentType, DocumentType[]>': test, documentation, code
src/database/managers/document-manager.ts(1161,73): error TS2379: Argument of type '{ type: DocumentType[]; projectId: string | undefined; }' is not assignable to parameter of type '{ type?: DocumentType | DocumentType[]; projectId?: string; status?: string | string[]; priority?: string | string[]; author?: string; tags?: string[]; parentDocumentId?: string; workflowStage?: string; }' with 'exactOptionalPropertyTypes: true'. Consider adding 'undefined' to the types of the target's properties.
  Types of property 'projectId' are incompatible.
    Type 'string | undefined' is not assignable to type 'string'.
      Type 'undefined' is not assignable to type 'string'.
src/database/managers/document-manager.ts(1175,13): error TS2322: Type '"derives_from"' is not assignable to type '"generates" | "implements" | "depends_on" | "relates_to" | "supersedes"'.
src/database/managers/document-manager.ts(1201,71): error TS2379: Argument of type '{ projectId: string | undefined; }' is not assignable to parameter of type '{ type?: DocumentType | DocumentType[]; projectId?: string; status?: string | string[]; priority?: string | string[]; author?: string; tags?: string[]; parentDocumentId?: string; workflowStage?: string; }' with 'exactOptionalPropertyTypes: true'. Consider adding 'undefined' to the types of the target's properties.
  Types of property 'projectId' are incompatible.
    Type 'string | undefined' is not assignable to type 'string'.
      Type 'undefined' is not assignable to type 'string'.
src/database/managers/document-manager.ts(1215,11): error TS2353: Object literal may only specify known properties, and 'strength' does not exist in type 'Omit<DocumentRelationshipEntity, "id" | "created_at">'.
src/database/managers/document-manager.ts(1230,11): error TS2322: Type '"references"' is not assignable to type '"generates" | "implements" | "depends_on" | "relates_to" | "supersedes"'.
src/database/managers/document-manager.ts(1258,69): error TS2379: Argument of type '{ type: DocumentType; projectId: string | undefined; }' is not assignable to parameter of type '{ type?: DocumentType | DocumentType[]; projectId?: string; status?: string | string[]; priority?: string | string[]; author?: string; tags?: string[]; parentDocumentId?: string; workflowStage?: string; }' with 'exactOptionalPropertyTypes: true'. Consider adding 'undefined' to the types of the target's properties.
  Types of property 'projectId' are incompatible.
    Type 'string | undefined' is not assignable to type 'string'.
      Type 'undefined' is not assignable to type 'string'.
src/database/managers/document-manager.ts(1265,30): error TS4111: Property 'source_document_id' comes from an index signature, so it must be accessed with ['source_document_id'].
src/database/managers/document-manager.ts(1270,13): error TS2353: Object literal may only specify known properties, and 'strength' does not exist in type 'Omit<DocumentRelationshipEntity, "id" | "created_at">'.
src/database/managers/document-manager.ts(1368,21): error TS7006: Parameter 'doc' implicitly has an 'any' type.
src/database/managers/document-manager.ts(1410,26): error TS4111: Property 'auto_generated' comes from an index signature, so it must be accessed with ['auto_generated'].
src/database/mcp/database-tools.ts(139,15): error TS6133: '_mcpClientInstance' is declared but its value is never read.
src/database/mcp/database-tools.ts(151,33): error TS2693: 'DatabaseCoordinator' only refers to a type, but is being used as a value here.
src/database/mcp/database-tools.ts(154,28): error TS2693: 'QueryOptimizer' only refers to a type, but is being used as a value here.
src/database/mcp/database-tools.ts(191,20): error TS18046: 'error' is of type 'unknown'.
src/database/mcp/database-tools.ts(226,16): error TS18046: 'error' is of type 'unknown'.
src/database/mcp/database-tools.ts(319,9): error TS2322: Type '"update" | "delete" | "read" | "write"' is not assignable to type '"select" | "insert" | "update" | "delete" | "aggregate"'.
  Type '"read"' is not assignable to type '"select" | "insert" | "update" | "delete" | "aggregate"'.
src/database/mcp/database-tools.ts(352,28): error TS2339: Property 'operation' does not exist on type 'DatabaseQuery'.
src/database/mcp/database-tools.ts(356,38): error TS2339: Property 'parameters' does not exist on type 'DatabaseQuery'.
src/database/mcp/database-tools.ts(358,30): error TS2339: Property 'id' does not exist on type 'DatabaseQuery'.
src/database/mcp/database-tools.ts(391,42): error TS2339: Property 'id' does not exist on type 'DatabaseQuery'.
src/database/mcp/database-tools.ts(391,55): error TS2339: Property 'id' does not exist on type 'DatabaseQuery'.
src/database/mcp/database-tools.ts(404,16): error TS18046: 'error' is of type 'unknown'.
src/database/mcp/database-tools.ts(479,38): error TS2345: Argument of type '{ type: string; action: string; description: string; impact: string; }' is not assignable to parameter of type 'never'.
src/database/mcp/database-tools.ts(491,38): error TS2345: Argument of type '{ type: string; action: string; description: string; impact: string; current: any; recommended: string; }' is not assignable to parameter of type 'never'.
src/database/mcp/database-tools.ts(502,38): error TS2345: Argument of type '{ type: string; action: string; description: string; impact: string; }' is not assignable to parameter of type 'never'.
src/database/mcp/database-tools.ts(519,38): error TS2345: Argument of type '{ type: string; action: string; description: string; impact: string; engineId: any; utilization: any; errorRate: any; }' is not assignable to parameter of type 'never'.
src/database/mcp/database-tools.ts(534,9): error TS2322: Type '{ totalPatterns: any; frequentPatterns: any; topPatterns: any; }' is not assignable to type 'null'.
src/database/mcp/database-tools.ts(536,46): error TS7006: Parameter 'p' implicitly has an 'any' type.
src/database/mcp/database-tools.ts(537,51): error TS7006: Parameter 'p' implicitly has an 'any' type.
src/database/mcp/database-tools.ts(563,16): error TS18046: 'error' is of type 'unknown'.
src/database/mcp/database-tools.ts(623,9): error TS6133: 'metrics' is declared but its value is never read.
src/database/mcp/database-tools.ts(654,9): error TS7053: Element implicitly has an 'any' type because expression of type 'string' can't be used to index type '{}'.
  No index signature with a parameter of type 'string' was found on type '{}'.
src/database/mcp/database-tools.ts(671,40): error TS2345: Argument of type '{ type: string; severity: string; message: string; engineId: string; value: any; threshold: any; }' is not assignable to parameter of type 'never'.
src/database/mcp/database-tools.ts(682,40): error TS2345: Argument of type '{ type: string; severity: string; message: string; engineId: string; value: any; threshold: any; }' is not assignable to parameter of type 'never'.
src/database/mcp/database-tools.ts(693,40): error TS2345: Argument of type '{ type: string; severity: string; message: string; engineId: string; value: any; threshold: any; }' is not assignable to parameter of type 'never'.
src/database/mcp/database-tools.ts(706,38): error TS2345: Argument of type '{ type: string; severity: string; message: string; value: any; threshold: any; }' is not assignable to parameter of type 'never'.
src/database/mcp/database-tools.ts(749,16): error TS18046: 'error' is of type 'unknown'.
src/database/mcp/database-tools.ts(822,15): error TS2345: Argument of type 'string' is not assignable to parameter of type 'never'.
src/database/mcp/database-tools.ts(828,36): error TS2345: Argument of type '"Database coordinator not initialized"' is not assignable to parameter of type 'never'.
src/database/mcp/database-tools.ts(847,47): error TS2345: Argument of type '"Consider enabling more optimization rules"' is not assignable to parameter of type 'never'.
src/database/mcp/database-tools.ts(851,36): error TS2345: Argument of type '"Query optimizer not initialized"' is not assignable to parameter of type 'never'.
src/database/mcp/database-tools.ts(871,11): error TS7053: Element implicitly has an 'any' type because expression of type 'string' can't be used to index type '{}'.
  No index signature with a parameter of type 'string' was found on type '{}'.
src/database/mcp/database-tools.ts(883,38): error TS2345: Argument of type 'string' is not assignable to parameter of type 'never'.
src/database/mcp/database-tools.ts(912,47): error TS2345: Argument of type '"Consider optimizing cache configuration"' is not assignable to parameter of type 'never'.
src/database/mcp/database-tools.ts(916,38): error TS2345: Argument of type '"Cache memory usage is very high"' is not assignable to parameter of type 'never'.
src/database/mcp/database-tools.ts(943,15): error TS18004: No value exists in scope for the shorthand property 'healthPercentage'. Either declare one or provide an initializer.
src/database/mcp/database-tools.ts(965,17): error TS2345: Argument of type 'string' is not assignable to parameter of type 'never'.
src/database/mcp/database-tools.ts(970,40): error TS2345: Argument of type '"Database MCP client is not connected"' is not assignable to parameter of type 'never'.
src/database/mcp/database-tools.ts(975,17): error TS2345: Argument of type 'string' is not assignable to parameter of type 'never'.
src/database/mcp/database-tools.ts(980,49): error TS2345: Argument of type '"Consider optimizing client response times"' is not assignable to parameter of type 'never'.
src/database/mcp/database-tools.ts(985,15): error TS2345: Argument of type '"Consider initializing UACL for enhanced client management"' is not assignable to parameter of type 'never'.
src/database/mcp/database-tools.ts(999,21): error TS2339: Property 'includes' does not exist on type 'never'.
src/database/mcp/database-tools.ts(1001,39): error TS2345: Argument of type '{ issue: never; action: string; success: boolean; }' is not assignable to parameter of type 'never'.
src/database/mcp/database-tools.ts(1008,21): error TS2339: Property 'includes' does not exist on type 'never'.
src/database/mcp/database-tools.ts(1011,39): error TS2345: Argument of type '{ issue: never; action: string; success: boolean; }' is not assignable to parameter of type 'never'.
src/database/mcp/database-tools.ts(1025,28): error TS2339: Property 'includes' does not exist on type 'never'.
src/database/mcp/database-tools.ts(1025,65): error TS2339: Property 'includes' does not exist on type 'never'.
src/database/mcp/database-tools.ts(1044,16): error TS18046: 'error' is of type 'unknown'.
src/database/mcp/database-tools.ts(1061,10): error TS6133: '_mapEngineTypeToEntity' is declared but its value is never read.
src/database/mcp/database-tools.ts(1064,26): error TS2339: Property 'VectorDocument' does not exist on type 'typeof EntityTypes'.
src/database/mcp/database-tools.ts(1066,26): error TS2339: Property 'GraphNode' does not exist on type 'typeof EntityTypes'.
src/database/mcp/database-tools.ts(1078,10): error TS6133: '_mapEngineTypeToDB' is declared but its value is never read.
src/database/mcp/database-tools.ts(1095,16): error TS6133: '_executeQueryWithDAL' is declared but its value is never read.
src/database/mcp/database-tools.ts(1114,14): error TS2339: Property 'requirements' does not exist on type 'DatabaseQuery'.
src/database/mcp/database-tools.ts(1115,15): error TS2339: Property 'requirements' does not exist on type 'DatabaseQuery'.
src/database/mcp/database-tools.ts(1115,47): error TS7006: Parameter 'cap' implicitly has an 'any' type.
src/database/mcp/database-tools.ts(1120,22): error TS2339: Property 'id' does not exist on type 'DatabaseQuery'.
src/database/mcp/database-tools.ts(1135,22): error TS2339: Property 'id' does not exist on type 'DatabaseQuery'.
src/database/mcp/database-tools.ts(1148,12): error TS2678: Type '"read"' is not comparable to type '"select" | "insert" | "update" | "delete" | "aggregate"'.
src/database/mcp/database-tools.ts(1149,19): error TS2339: Property 'parameters' does not exist on type 'DatabaseQuery'.
src/database/mcp/database-tools.ts(1150,52): error TS2339: Property 'parameters' does not exist on type 'DatabaseQuery'.
src/database/mcp/database-tools.ts(1152,51): error TS2339: Property 'parameters' does not exist on type 'DatabaseQuery'.
src/database/mcp/database-tools.ts(1156,12): error TS2678: Type '"write"' is not comparable to type '"select" | "insert" | "update" | "delete" | "aggregate"'.
src/database/mcp/database-tools.ts(1157,48): error TS2339: Property 'parameters' does not exist on type 'DatabaseQuery'.
src/database/mcp/database-tools.ts(1161,48): error TS2339: Property 'parameters' does not exist on type 'DatabaseQuery'.
src/database/mcp/database-tools.ts(1161,69): error TS2339: Property 'parameters' does not exist on type 'DatabaseQuery'.
src/database/mcp/database-tools.ts(1165,48): error TS2339: Property 'parameters' does not exist on type 'DatabaseQuery'.
src/database/mcp/database-tools.ts(1170,53): error TS2339: Property 'bulkVectorOperations' does not exist on type 'IDataAccessObject<any>'.
src/database/mcp/database-tools.ts(1171,30): error TS2339: Property 'bulkVectorOperations' does not exist on type 'IDataAccessObject<any>'.
src/database/mcp/database-tools.ts(1171,57): error TS2339: Property 'parameters' does not exist on type 'DatabaseQuery'.
src/database/mcp/database-tools.ts(1171,89): error TS2339: Property 'operation' does not exist on type 'DatabaseQuery'.
src/database/mcp/database-tools.ts(1172,59): error TS2339: Property 'traverseGraph' does not exist on type 'IDataAccessObject<any>'.
src/database/mcp/database-tools.ts(1173,30): error TS2339: Property 'traverseGraph' does not exist on type 'IDataAccessObject<any>'.
src/database/mcp/database-tools.ts(1174,19): error TS2339: Property 'parameters' does not exist on type 'DatabaseQuery'.
src/database/mcp/database-tools.ts(1175,19): error TS2339: Property 'parameters' does not exist on type 'DatabaseQuery'.
src/database/mcp/database-tools.ts(1176,19): error TS2339: Property 'parameters' does not exist on type 'DatabaseQuery'.
src/database/mcp/database-tools.ts(1179,51): error TS2339: Property 'parameters' does not exist on type 'DatabaseQuery'.
src/database/mcp/database-tools.ts(1190,22): error TS2339: Property 'id' does not exist on type 'DatabaseQuery'.
src/database/mcp/database-tools.ts(1201,22): error TS2339: Property 'id' does not exist on type 'DatabaseQuery'.
src/database/providers/database-providers.ts(62,1): error TS6192: All imports in import declaration are unused.
src/database/providers/database-providers.ts(66,3): error TS6133: 'isQueryError' is declared but its value is never read.
src/database/providers/database-providers.ts(67,3): error TS6133: 'isQuerySuccess' is declared but its value is never read.
src/database/providers/database-providers.ts(528,13): error TS6138: Property 'config' is declared but its value is never read.
src/database/providers/database-providers.ts(827,28): error TS6133: 'params' is declared but its value is never read.
src/database/providers/database-providers.ts(896,9): error TS2375: Type '{ code: string; message: string; details: { sql: string; params: any[] | undefined; }; stack: string | undefined; }' is not assignable to type '{ code: string; message: string; details?: any; stack?: string; }' with 'exactOptionalPropertyTypes: true'. Consider adding 'undefined' to the types of the target's properties.
  Types of property 'stack' are incompatible.
    Type 'string | undefined' is not assignable to type 'string'.
      Type 'undefined' is not assignable to type 'string'.
src/database/providers/database-providers.ts(909,30): error TS6133: 'params' is declared but its value is never read.
src/database/providers/database-providers.ts(1104,28): error TS6133: 'params' is declared but its value is never read.
src/database/providers/database-providers.ts(1134,30): error TS6133: 'params' is declared but its value is never read.
src/database/providers/database-providers.ts(1288,13): error TS6138: Property 'config' is declared but its value is never read.
src/database/providers/database-providers.ts(1328,28): error TS6133: 'params' is declared but its value is never read.
src/database/providers/database-providers.ts(1355,30): error TS6133: 'params' is declared but its value is never read.
src/database/providers/database-providers.ts(1424,36): error TS6133: 'params' is declared but its value is never read.
src/database/providers/database-providers.ts(1584,15): error TS2339: Property 'createRepository' does not exist on type 'typeof import("/home/mhugo/code/claude-code-zen/src/database/index")'.
src/database/providers/database-providers.ts(1584,33): error TS2339: Property 'createDAO' does not exist on type 'typeof import("/home/mhugo/code/claude-code-zen/src/database/index")'.
src/database/providers/database-providers.ts(1589,44): error TS4111: Property 'vectorSize' comes from an index signature, so it must be accessed with ['vectorSize'].
src/database/providers/database-providers.ts(1590,44): error TS4111: Property 'metricType' comes from an index signature, so it must be accessed with ['metricType'].
src/database/providers/database-providers.ts(1591,43): error TS4111: Property 'indexType' comes from an index signature, so it must be accessed with ['indexType'].
src/database/providers/database-providers.ts(1592,43): error TS4111: Property 'batchSize' comes from an index signature, so it must be accessed with ['batchSize'].
src/database/providers/database-providers.ts(1642,28): error TS6133: 'params' is declared but its value is never read.
src/database/providers/database-providers.ts(1659,17): error TS6133: 'tableName' is declared but its value is never read.
src/database/providers/database-providers.ts(1660,47): error TS2345: Argument of type 'string | undefined' is not assignable to parameter of type 'string'.
  Type 'undefined' is not assignable to type 'string'.
src/database/providers/database-providers.ts(1663,31): error TS18048: 'vectorStr' is possibly 'undefined'.
src/database/providers/database-providers.ts(1713,30): error TS6133: 'params' is declared but its value is never read.
src/database/providers/database-providers.ts(1727,17): error TS6133: 'tableName' is declared but its value is never read.
src/database/providers/database-providers.ts(1875,13): error TS6133: 'allVectors' is declared but its value is never read.
src/database/providers/database-providers.ts(1876,46): error TS4111: Property 'vectorSize' comes from an index signature, so it must be accessed with ['vectorSize'].
src/database/providers/database-providers.ts(1996,28): error TS6133: 'params' is declared but its value is never read.
src/database/providers/database-providers.ts(2027,30): error TS6133: 'params' is declared but its value is never read.
src/database/services/document-service-legacy.ts(65,11): error TS6133: 'projectRepository' is declared but its value is never read.
src/database/services/document-service-legacy.ts(66,11): error TS6133: 'relationshipRepository' is declared but its value is never read.
src/database/services/document-service-legacy.ts(67,11): error TS6133: 'workflowRepository' is declared but its value is never read.
src/database/services/document-service-legacy.ts(68,11): error TS6133: 'documentDAO' is declared but its value is never read.
src/database/services/document-service-legacy.ts(148,7): error TS2322: Type '"read"' is not assignable to type '"select" | "insert" | "update" | "delete" | "aggregate"'.
src/database/services/document-service-legacy.ts(213,7): error TS2353: Object literal may only specify known properties, and 'id' does not exist in type 'DatabaseQuery'.
src/database/services/document-service-legacy.ts(264,7): error TS2353: Object literal may only specify known properties, and 'id' does not exist in type 'DatabaseQuery'.
src/database/services/document-service-legacy.ts(320,7): error TS2322: Type '"read"' is not assignable to type '"select" | "insert" | "update" | "delete" | "aggregate"'.
src/database/services/document-service-legacy.ts(433,7): error TS2322: Type '"write"' is not assignable to type '"select" | "insert" | "update" | "delete" | "aggregate"'.
src/database/services/document-service-legacy.ts(473,7): error TS2322: Type '"read"' is not assignable to type '"select" | "insert" | "update" | "delete" | "aggregate"'.
src/database/services/document-service-legacy.ts(553,7): error TS2322: Type '"write"' is not assignable to type '"select" | "insert" | "update" | "delete" | "aggregate"'.
src/database/services/document-service-legacy.ts(591,11): error TS2375: Type '{ current_stage: string; stages_completed: string[]; updated_at: Date; workflow_results: Record<string, any> | undefined; id: string; document_id: string; workflow_name: string; ... 7 more ...; generated_artifacts: string[]; }' is not assignable to type 'DocumentWorkflowStateEntity' with 'exactOptionalPropertyTypes: true'. Consider adding 'undefined' to the types of the target's properties.
  Types of property 'workflow_results' are incompatible.
    Type 'Record<string, any> | undefined' is not assignable to type 'Record<string, any>'.
      Type 'undefined' is not assignable to type 'Record<string, any>'.
src/database/services/document-service-legacy.ts(602,7): error TS2353: Object literal may only specify known properties, and 'id' does not exist in type 'DatabaseQuery'.
src/database/services/document-service-legacy.ts(683,7): error TS2322: Type '"read"' is not assignable to type '"select" | "insert" | "update" | "delete" | "aggregate"'.
src/database/services/document-service-legacy.ts(709,7): error TS2322: Type '"read"' is not assignable to type '"select" | "insert" | "update" | "delete" | "aggregate"'.
src/database/services/document-service-legacy.ts(733,7): error TS2322: Type '"read"' is not assignable to type '"select" | "insert" | "update" | "delete" | "aggregate"'.
src/database/services/document-service-legacy.ts(757,7): error TS2322: Type '"read"' is not assignable to type '"select" | "insert" | "update" | "delete" | "aggregate"'.
src/di/container/di-container.ts(58,14): error TS2339: Property 'recordResolutionMetric' does not exist on type 'DIContainer'.
src/di/examples/complete-system-integration.ts(26,7): error TS2420: Class 'ProductionLogger' incorrectly implements interface 'ILogger'.
  Property 'debug' is missing in type 'ProductionLogger' but required in type 'ILogger'.
src/di/examples/complete-system-integration.ts(53,3): error TS2416: Property 'get' in type 'ConfigurationManager' is not assignable to the same property in base type 'IConfig'.
  Type '<T>(key: string) => T | undefined' is not assignable to type '<T>(key: string, defaultValue?: T | undefined) => T'.
    Type 'T | undefined' is not assignable to type 'T'.
      'T' could be instantiated with an arbitrary type which could be unrelated to 'T | undefined'.
src/di/examples/complete-system-integration.ts(67,7): error TS2420: Class 'EnhancedEventBus' incorrectly implements interface 'IEventBus'.
  Type 'EnhancedEventBus' is missing the following properties from type 'IEventBus': emit, on, off
src/di/examples/complete-system-integration.ts(70,51): error TS6138: Property '_logger' is declared but its value is never read.
src/di/examples/complete-system-integration.ts(73,10): error TS2551: Property 'logger' does not exist on type 'EnhancedEventBus'. Did you mean '_logger'?
src/di/examples/complete-system-integration.ts(80,16): error TS2551: Property 'logger' does not exist on type 'EnhancedEventBus'. Did you mean '_logger'?
src/di/examples/complete-system-integration.ts(91,10): error TS2551: Property 'logger' does not exist on type 'EnhancedEventBus'. Did you mean '_logger'?
src/di/examples/complete-system-integration.ts(103,7): error TS2420: Class 'SwarmDatabase' incorrectly implements interface 'IDatabase'.
  Type 'SwarmDatabase' is missing the following properties from type 'IDatabase': execute, transaction, createTask, updateTask, and 3 more.
src/di/examples/complete-system-integration.ts(106,51): error TS6138: Property '_logger' is declared but its value is never read.
src/di/examples/complete-system-integration.ts(109,10): error TS2551: Property 'logger' does not exist on type 'SwarmDatabase'. Did you mean '_logger'?
src/di/examples/complete-system-integration.ts(113,10): error TS2551: Property 'logger' does not exist on type 'SwarmDatabase'. Did you mean '_logger'?
src/di/examples/complete-system-integration.ts(120,10): error TS2551: Property 'logger' does not exist on type 'SwarmDatabase'. Did you mean '_logger'?
src/di/examples/complete-system-integration.ts(126,10): error TS2551: Property 'logger' does not exist on type 'SwarmDatabase'. Did you mean '_logger'?
src/di/examples/complete-system-integration.ts(136,41): error TS6138: Property '_logger' is declared but its value is never read.
src/di/examples/complete-system-integration.ts(137,43): error TS6138: Property '_eventBus' is declared but its value is never read.
src/di/examples/complete-system-integration.ts(140,9): error TS2416: Property 'registerAgent' in type 'AgentRegistry' is not assignable to the same property in base type 'IAgentRegistry'.
  Type '(id: string, agent: any) => Promise<void>' is not assignable to type '(agent: any) => Promise<void>'.
    Target signature provides too few arguments. Expected 2 or more, but got 1.
src/di/examples/complete-system-integration.ts(142,10): error TS2551: Property 'logger' does not exist on type 'AgentRegistry'. Did you mean '_logger'?
src/di/examples/complete-system-integration.ts(143,10): error TS2551: Property 'eventBus' does not exist on type 'AgentRegistry'. Did you mean '_eventBus'?
src/di/examples/complete-system-integration.ts(150,12): error TS2551: Property 'logger' does not exist on type 'AgentRegistry'. Did you mean '_logger'?
src/di/examples/complete-system-integration.ts(151,12): error TS2551: Property 'eventBus' does not exist on type 'AgentRegistry'. Did you mean '_eventBus'?
src/di/examples/complete-system-integration.ts(165,7): error TS2420: Class 'SwarmCoordinatorImplementation' incorrectly implements interface 'ISwarmCoordinator'.
  Type 'SwarmCoordinatorImplementation' is missing the following properties from type 'ISwarmCoordinator': assignTask, getMetrics, shutdown
src/di/examples/complete-system-integration.ts(169,41): error TS6138: Property '_logger' is declared but its value is never read.
src/di/examples/complete-system-integration.ts(170,41): error TS6138: Property '_config' is declared but its value is never read.
src/di/examples/complete-system-integration.ts(171,43): error TS6138: Property '_eventBus' is declared but its value is never read.
src/di/examples/complete-system-integration.ts(172,49): error TS6138: Property '_agentRegistry' is declared but its value is never read.
src/di/examples/complete-system-integration.ts(176,10): error TS2551: Property 'logger' does not exist on type 'SwarmCoordinatorImplementation'. Did you mean '_logger'?
src/di/examples/complete-system-integration.ts(178,28): error TS2551: Property 'config' does not exist on type 'SwarmCoordinatorImplementation'. Did you mean '_config'?
src/di/examples/complete-system-integration.ts(179,27): error TS2551: Property 'config' does not exist on type 'SwarmCoordinatorImplementation'. Did you mean '_config'?
src/di/examples/complete-system-integration.ts(181,10): error TS2551: Property 'logger' does not exist on type 'SwarmCoordinatorImplementation'. Did you mean '_logger'?
src/di/examples/complete-system-integration.ts(184,10): error TS2551: Property 'eventBus' does not exist on type 'SwarmCoordinatorImplementation'. Did you mean '_eventBus'?
src/di/examples/complete-system-integration.ts(184,50): error TS7006: Parameter 'data' implicitly has an 'any' type.
src/di/examples/complete-system-integration.ts(185,12): error TS2551: Property 'logger' does not exist on type 'SwarmCoordinatorImplementation'. Did you mean '_logger'?
src/di/examples/complete-system-integration.ts(189,10): error TS2551: Property 'eventBus' does not exist on type 'SwarmCoordinatorImplementation'. Did you mean '_eventBus'?
src/di/examples/complete-system-integration.ts(194,16): error TS2551: Property 'agentRegistry' does not exist on type 'SwarmCoordinatorImplementation'. Did you mean '_agentRegistry'?
src/di/examples/complete-system-integration.ts(195,10): error TS2551: Property 'logger' does not exist on type 'SwarmCoordinatorImplementation'. Did you mean '_logger'?
src/di/examples/complete-system-integration.ts(200,16): error TS2551: Property 'agentRegistry' does not exist on type 'SwarmCoordinatorImplementation'. Did you mean '_agentRegistry'?
src/di/examples/complete-system-integration.ts(201,10): error TS2551: Property 'logger' does not exist on type 'SwarmCoordinatorImplementation'. Did you mean '_logger'?
src/di/examples/complete-system-integration.ts(207,24): error TS2551: Property 'agentRegistry' does not exist on type 'SwarmCoordinatorImplementation'. Did you mean '_agentRegistry'?
src/di/examples/complete-system-integration.ts(214,7): error TS2420: Class 'NeuralNetworkTrainer' incorrectly implements interface 'INeuralNetworkTrainer'.
  Type 'NeuralNetworkTrainer' is missing the following properties from type 'INeuralNetworkTrainer': createNetwork, trainNetwork, evaluateNetwork, saveModel, loadModel
src/di/examples/complete-system-integration.ts(216,41): error TS6138: Property '_logger' is declared but its value is never read.
src/di/examples/complete-system-integration.ts(217,41): error TS6138: Property '_config' is declared but its value is never read.
src/di/examples/complete-system-integration.ts(221,31): error TS2551: Property 'config' does not exist on type 'NeuralNetworkTrainer'. Did you mean '_config'?
src/di/examples/complete-system-integration.ts(222,10): error TS2551: Property 'logger' does not exist on type 'NeuralNetworkTrainer'. Did you mean '_logger'?
src/di/examples/complete-system-integration.ts(234,10): error TS2551: Property 'logger' does not exist on type 'NeuralNetworkTrainer'. Did you mean '_logger'?
src/di/examples/complete-system-integration.ts(239,10): error TS2551: Property 'logger' does not exist on type 'NeuralNetworkTrainer'. Did you mean '_logger'?
src/di/examples/complete-system-integration.ts(251,10): error TS2551: Property 'logger' does not exist on type 'NeuralNetworkTrainer'. Did you mean '_logger'?
src/di/examples/complete-system-integration.ts(272,46): error TS2741: Property 'debug' is missing in type 'ProductionLogger' but required in type 'ILogger'.
src/di/examples/complete-system-integration.ts(273,46): error TS2322: Type 'ConfigurationManager' is not assignable to type 'IConfig'.
  The types returned by 'get(...)' are incompatible between these types.
    Type 'T | undefined' is not assignable to type 'T'.
      'T' could be instantiated with an arbitrary type which could be unrelated to 'T | undefined'.
src/di/examples/complete-system-integration.ts(274,49): error TS2739: Type 'EnhancedEventBus' is missing the following properties from type 'IEventBus': emit, on, off
src/di/examples/complete-system-integration.ts(275,49): error TS2740: Type 'SwarmDatabase' is missing the following properties from type 'IDatabase': execute, transaction, createTask, updateTask, and 3 more.
src/di/examples/complete-system-integration.ts(280,18): error TS2739: Type 'AgentRegistry' is missing the following properties from type 'IAgentRegistry': getActiveAgents, findAvailableAgents
src/di/examples/complete-system-integration.ts(285,13): error TS2739: Type 'SwarmCoordinatorImplementation' is missing the following properties from type 'ISwarmCoordinator': assignTask, getMetrics, shutdown
src/di/examples/complete-system-integration.ts(297,13): error TS2739: Type 'NeuralNetworkTrainer' is missing the following properties from type 'INeuralNetworkTrainer': createNetwork, trainNetwork, evaluateNetwork, saveModel, loadModel
src/di/examples/complete-system-integration.ts(315,13): error TS2722: Cannot invoke an object which is possibly 'undefined'.
src/di/examples/complete-system-integration.ts(335,44): error TS2339: Property 'getSwarmStatus' does not exist on type 'ISwarmCoordinator'.
src/di/examples/complete-system-integration.ts(347,41): error TS2339: Property 'trainModel' does not exist on type 'INeuralNetworkTrainer'.
src/di/examples/complete-system-integration.ts(348,13): error TS6133: '_evaluation' is declared but its value is never read.
src/di/examples/complete-system-integration.ts(348,47): error TS2339: Property 'evaluateModel' does not exist on type 'INeuralNetworkTrainer'.
src/di/examples/swarm-integration.ts(35,41): error TS6138: Property '_logger' is declared but its value is never read.
src/di/examples/swarm-integration.ts(36,41): error TS6138: Property '_config' is declared but its value is never read.
src/di/examples/swarm-integration.ts(37,49): error TS6138: Property '_agentRegistry' is declared but its value is never read.
src/di/examples/swarm-integration.ts(38,49): error TS6138: Property '_messageBroker' is declared but its value is never read.
src/di/examples/swarm-integration.ts(40,10): error TS2551: Property 'logger' does not exist on type 'EnhancedSwarmCoordinator'. Did you mean '_logger'?
src/di/examples/swarm-integration.ts(44,10): error TS2551: Property 'logger' does not exist on type 'EnhancedSwarmCoordinator'. Did you mean '_logger'?
src/di/examples/swarm-integration.ts(46,28): error TS2551: Property 'config' does not exist on type 'EnhancedSwarmCoordinator'. Did you mean '_config'?
src/di/examples/swarm-integration.ts(47,27): error TS2551: Property 'config' does not exist on type 'EnhancedSwarmCoordinator'. Did you mean '_config'?
src/di/examples/swarm-integration.ts(49,10): error TS2551: Property 'logger' does not exist on type 'EnhancedSwarmCoordinator'. Did you mean '_logger'?
src/di/examples/swarm-integration.ts(52,10): error TS2551: Property 'logger' does not exist on type 'EnhancedSwarmCoordinator'. Did you mean '_logger'?
src/di/examples/swarm-integration.ts(62,10): error TS2551: Property 'logger' does not exist on type 'EnhancedSwarmCoordinator'. Did you mean '_logger'?
src/di/examples/swarm-integration.ts(65,16): error TS2551: Property 'agentRegistry' does not exist on type 'EnhancedSwarmCoordinator'. Did you mean '_agentRegistry'?
src/di/examples/swarm-integration.ts(71,16): error TS2551: Property 'messageBroker' does not exist on type 'EnhancedSwarmCoordinator'. Did you mean '_messageBroker'?
src/di/examples/swarm-integration.ts(77,10): error TS2551: Property 'logger' does not exist on type 'EnhancedSwarmCoordinator'. Did you mean '_logger'?
src/di/examples/swarm-integration.ts(82,10): error TS2551: Property 'logger' does not exist on type 'EnhancedSwarmCoordinator'. Did you mean '_logger'?
src/di/examples/swarm-integration.ts(89,16): error TS2551: Property 'agentRegistry' does not exist on type 'EnhancedSwarmCoordinator'. Did you mean '_agentRegistry'?
src/di/examples/swarm-integration.ts(95,16): error TS2551: Property 'messageBroker' does not exist on type 'EnhancedSwarmCoordinator'. Did you mean '_messageBroker'?
src/di/examples/swarm-integration.ts(101,10): error TS2551: Property 'logger' does not exist on type 'EnhancedSwarmCoordinator'. Did you mean '_logger'?
src/di/examples/swarm-integration.ts(107,10): error TS2551: Property 'logger' does not exist on type 'EnhancedSwarmCoordinator'. Did you mean '_logger'?
src/di/examples/swarm-integration.ts(110,40): error TS2551: Property 'agentRegistry' does not exist on type 'EnhancedSwarmCoordinator'. Did you mean '_agentRegistry'?
src/di/examples/swarm-integration.ts(132,16): error TS2551: Property 'messageBroker' does not exist on type 'EnhancedSwarmCoordinator'. Did you mean '_messageBroker'?
src/di/examples/swarm-integration.ts(139,10): error TS2551: Property 'logger' does not exist on type 'EnhancedSwarmCoordinator'. Did you mean '_logger'?
src/di/examples/swarm-integration.ts(160,10): error TS2551: Property 'logger' does not exist on type 'EnhancedSwarmCoordinator'. Did you mean '_logger'?
src/di/examples/swarm-integration.ts(165,10): error TS2551: Property 'logger' does not exist on type 'EnhancedSwarmCoordinator'. Did you mean '_logger'?
src/di/examples/swarm-integration.ts(177,10): error TS2551: Property 'logger' does not exist on type 'EnhancedSwarmCoordinator'. Did you mean '_logger'?
src/di/examples/swarm-integration.ts(210,54): error TS2322: Type 'T | undefined' is not assignable to type 'T'.
  'T' could be instantiated with an arbitrary type which could be unrelated to 'T | undefined'.
src/di/examples/swarm-integration.ts(369,11): error TS6133: '_taskId' is declared but its value is never read.
src/di/examples/swarm-integration.ts(377,11): error TS6133: '_metrics' is declared but its value is never read.
src/di/index.ts(8,1): error TS6133: 'DIScope' is declared but its value is never read.
src/di/index.ts(12,1): error TS6133: 'FactoryProvider' is declared but its value is never read.
src/di/index.ts(105,58): error TS2345: Argument of type '(container: import("/home/mhugo/code/claude-code-zen/src/di/container/di-container").DIContainer) => T' is not assignable to parameter of type '(container: import("/home/mhugo/code/claude-code-zen/src/di/types/di-types").DIContainer) => T'.
  Types of parameters 'container' and 'container' are incompatible.
    Type 'DIContainer' is missing the following properties from type 'DIContainer': providers, singletonInstances, scopes, resolutionStack, and 5 more.
src/di/index.ts(119,58): error TS2345: Argument of type '(container: import("/home/mhugo/code/claude-code-zen/src/di/container/di-container").DIContainer) => T' is not assignable to parameter of type '(container: import("/home/mhugo/code/claude-code-zen/src/di/types/di-types").DIContainer) => T'.
  Types of parameters 'container' and 'container' are incompatible.
    Type 'DIContainer' is missing the following properties from type 'DIContainer': providers, singletonInstances, scopes, resolutionStack, and 5 more.
src/di/index.ts(133,55): error TS2345: Argument of type '(container: import("/home/mhugo/code/claude-code-zen/src/di/container/di-container").DIContainer) => T' is not assignable to parameter of type '(container: import("/home/mhugo/code/claude-code-zen/src/di/types/di-types").DIContainer) => T'.
  Types of parameters 'container' and 'container' are incompatible.
    Type 'DIContainer' is missing the following properties from type 'DIContainer': providers, singletonInstances, scopes, resolutionStack, and 5 more.
src/di/providers/singleton-provider.ts(40,5): error TS2412: Type 'undefined' is not assignable to type 'T' with 'exactOptionalPropertyTypes: true'. Consider adding 'undefined' to the type of the target.
  'T' could be instantiated with an arbitrary type which could be unrelated to 'undefined'.
src/di/tokens/token-factory.ts(15,3): error TS2375: Type '{ symbol: symbol; name: string; type: Constructor<T> | undefined; }' is not assignable to type 'DIToken<T>' with 'exactOptionalPropertyTypes: true'. Consider adding 'undefined' to the types of the target's properties.
  Types of property 'type' are incompatible.
    Type 'Constructor<T> | undefined' is not assignable to type 'new (...args: any[]) => T'.
      Type 'undefined' is not assignable to type 'new (...args: any[]) => T'.
src/examples/claude-zen-examples.ts(8,3): error TS2305: Module '"../coordination/swarm/mcp/batch-tools"' has no exported member 'createClaudeZenPattern'.
src/examples/claude-zen-examples.ts(118,22): error TS18048: 'result.content' is possibly 'undefined'.
src/examples/claude-zen-examples.ts(118,22): error TS2532: Object is possibly 'undefined'.
src/examples/claude-zen-examples.ts(120,24): error TS18048: 'response' is possibly 'undefined'.
src/examples/claude-zen-examples.ts(121,24): error TS18048: 'response' is possibly 'undefined'.
src/examples/claude-zen-examples.ts(124,14): error TS2339: Property 'performance' does not exist on type 'MCPToolResult'.
src/examples/claude-zen-examples.ts(124,63): error TS2345: Argument of type 'string | undefined' is not assignable to parameter of type 'string'.
  Type 'undefined' is not assignable to type 'string'.
src/examples/claude-zen-examples.ts(127,14): error TS2339: Property 'performance' does not exist on type 'MCPToolResult'.
src/examples/claude-zen-examples.ts(127,61): error TS2345: Argument of type 'string | undefined' is not assignable to parameter of type 'string'.
  Type 'undefined' is not assignable to type 'string'.
src/examples/memory-migration-example.ts(404,11): error TS6133: '_unsafeProfile' is declared but its value is never read.
src/examples/memory-migration-example.ts(410,11): error TS6133: '_unsafePrefs' is declared but its value is never read.
src/examples/unified-di-integration.ts(38,15): error TS2353: Object literal may only specify known properties, and 'backupsPath' does not exist in type 'Partial<BackupConfig>'.
src/examples/unified-di-integration.ts(44,33): error TS4111: Property 'session' comes from an index signature, so it must be accessed with ['session'].
src/examples/unified-di-integration.ts(49,11): error TS6133: '_userData' is declared but its value is never read.
src/examples/unified-di-integration.ts(49,51): error TS4111: Property 'session' comes from an index signature, so it must be accessed with ['session'].
src/examples/unified-di-integration.ts(53,11): error TS6133: '_cluster' is declared but its value is never read.
src/examples/unified-di-integration.ts(78,33): error TS4111: Property 'cache' comes from an index signature, so it must be accessed with ['cache'].
src/examples/unified-di-integration.ts(81,33): error TS4111: Property 'semantic' comes from an index signature, so it must be accessed with ['semantic'].
src/examples/unified-di-integration.ts(89,29): error TS4111: Property 'session' comes from an index signature, so it must be accessed with ['session'].
src/examples/unified-di-integration.ts(90,29): error TS4111: Property 'cache' comes from an index signature, so it must be accessed with ['cache'].
src/examples/unified-di-integration.ts(94,11): error TS6133: '_healthyServices' is declared but its value is never read.
src/examples/unified-di-integration.ts(168,9): error TS2345: Argument of type 'unknown' is not assignable to parameter of type 'DatabaseProviderFactory'.
src/examples/unified-di-integration.ts(191,31): error TS4111: Property 'cache' comes from an index signature, so it must be accessed with ['cache'].
src/examples/unified-di-integration.ts(192,9): error TS6133: '_cachedResult' is declared but its value is never read.
src/examples/unified-di-integration.ts(192,53): error TS4111: Property 'cache' comes from an index signature, so it must be accessed with ['cache'].
src/examples/unified-di-integration.ts(196,9): error TS6133: '_parentSwarm' is declared but its value is never read.
src/examples/unified-di-integration.ts(197,9): error TS6133: '_childSwarm' is declared but its value is never read.
src/examples/unified-di-integration.ts(206,48): error TS4111: Property 'semantic' comes from an index signature, so it must be accessed with ['semantic'].
src/examples/unified-di-integration.ts(220,9): error TS6133: '_container' is declared but its value is never read.
src/examples/unified-di-integration.ts(227,9): error TS6133: '_productionConfig' is declared but its value is never read.
src/index.ts(88,3): error TS2305: Module '"./coordination/public-api"' has no exported member 'createSwarm'.
src/index.ts(90,3): error TS2305: Module '"./coordination/public-api"' has no exported member 'SwarmOrchestrator'.
src/index.ts(100,3): error TS2305: Module '"./coordination/swarm/mcp/types"' has no exported member 'MCPServer'.
src/index.ts(102,3): error TS2305: Module '"./coordination/swarm/mcp/types"' has no exported member 'MCPToolCall'.
src/index.ts(114,3): error TS2305: Module '"./neural/agents/neural-agent"' has no exported member 'createNeuralAgent'.
src/index.ts(116,8): error TS2305: Module '"./neural/agents/neural-agent"' has no exported member 'NeuralAgentConfig'.
src/index.ts(117,8): error TS2724: '"./neural/agents/neural-agent"' has no exported member named 'NeuralAgentState'. Did you mean 'NeuralAgent'?
src/index.ts(124,1): error TS2308: Module './interfaces/terminal' has already exported a member named 'SwarmAgent'. Consider explicitly re-exporting to resolve the ambiguity.
src/index.ts(124,1): error TS2308: Module './interfaces/terminal' has already exported a member named 'SwarmStatus'. Consider explicitly re-exporting to resolve the ambiguity.
src/index.ts(124,1): error TS2308: Module './neural/neural-bridge' has already exported a member named 'TrainingData'. Consider explicitly re-exporting to resolve the ambiguity.
src/index.ts(230,45): error TS2379: Argument of type '{ port: number | undefined; host: string | undefined; }' is not assignable to parameter of type 'Partial<MCPServerConfig>' with 'exactOptionalPropertyTypes: true'. Consider adding 'undefined' to the types of the target's properties.
  Types of property 'port' are incompatible.
    Type 'number | undefined' is not assignable to type 'number'.
      Type 'undefined' is not assignable to type 'number'.
src/index.ts(245,11): error TS2339: Property 'SwarmOrchestrator' does not exist on type 'typeof import("/home/mhugo/code/claude-code-zen/src/coordination/public-api")'.
src/index.ts(263,11): error TS6133: '_sparcEngine' is declared but its value is never read.
src/index.ts(310,26): error TS4111: Property 'npm_package_version' comes from an index signature, so it must be accessed with ['npm_package_version'].
src/index.ts(311,24): error TS4111: Property 'BUILD_ID' comes from an index signature, so it must be accessed with ['BUILD_ID'].
src/index.ts(325,3): error TS18004: No value exists in scope for the shorthand property 'Core'. Either declare one or provide an initializer.
src/index.ts(326,3): error TS18004: No value exists in scope for the shorthand property 'Memory'. Either declare one or provide an initializer.
src/index.ts(327,3): error TS18004: No value exists in scope for the shorthand property 'Neural'. Either declare one or provide an initializer.
src/index.ts(328,3): error TS18004: No value exists in scope for the shorthand property 'Database'. Either declare one or provide an initializer.
src/index.ts(329,3): error TS18004: No value exists in scope for the shorthand property 'Coordination'. Either declare one or provide an initializer.
src/index.ts(330,3): error TS18004: No value exists in scope for the shorthand property 'SPARC'. Either declare one or provide an initializer.
src/index.ts(331,3): error TS18004: No value exists in scope for the shorthand property 'Interfaces'. Either declare one or provide an initializer.
src/index.ts(332,3): error TS18004: No value exists in scope for the shorthand property 'Integration'. Either declare one or provide an initializer.
src/index.ts(333,3): error TS18004: No value exists in scope for the shorthand property 'Bindings'. Either declare one or provide an initializer.
src/index.ts(334,3): error TS18004: No value exists in scope for the shorthand property 'Workflows'. Either declare one or provide an initializer.
src/index.ts(335,3): error TS18004: No value exists in scope for the shorthand property 'Optimization'. Either declare one or provide an initializer.
src/index.ts(336,3): error TS18004: No value exists in scope for the shorthand property 'Utils'. Either declare one or provide an initializer.
src/index.ts(337,3): error TS18004: No value exists in scope for the shorthand property 'Types'. Either declare one or provide an initializer.
src/index.ts(338,3): error TS18004: No value exists in scope for the shorthand property 'Config'. Either declare one or provide an initializer.
src/integration/adapter-system.ts(671,28): error TS4111: Property 'Authorization' comes from an index signature, so it must be accessed with ['Authorization'].
src/integration/adapter-system.ts(682,28): error TS4111: Property 'Authorization' comes from an index signature, so it must be accessed with ['Authorization'].
src/integration/adapter-system.ts(1034,10): error TS2339: Property 'processing' does not exist on type 'ProtocolManager'.
src/integration/dspy-wrapper-architecture.ts(358,7): error TS2322: Type '{ name: string | undefined; type: string; }[]' is not assignable to type '{ name: string; type: string; }[]'.
  Type '{ name: string | undefined; type: string; }' is not assignable to type '{ name: string; type: string; }'.
    Types of property 'name' are incompatible.
      Type 'string | undefined' is not assignable to type 'string'.
        Type 'undefined' is not assignable to type 'string'.
src/integration/dspy-wrapper-architecture.ts(358,27): error TS2345: Argument of type 'string | undefined' is not assignable to parameter of type 'string'.
  Type 'undefined' is not assignable to type 'string'.
src/integration/dspy-wrapper-architecture.ts(359,7): error TS2322: Type '{ name: string | undefined; type: string; }[]' is not assignable to type '{ name: string; type: string; }[]'.
  Type '{ name: string | undefined; type: string; }' is not assignable to type '{ name: string; type: string; }'.
    Types of property 'name' are incompatible.
      Type 'string | undefined' is not assignable to type 'string'.
        Type 'undefined' is not assignable to type 'string'.
src/integration/dspy-wrapper-architecture.ts(359,28): error TS2345: Argument of type 'string | undefined' is not assignable to parameter of type 'string'.
  Type 'undefined' is not assignable to type 'string'.
src/integration/dspy-wrapper-architecture.ts(408,79): error TS18046: 'error' is of type 'unknown'.
src/integration/dspy-wrapper-architecture.ts(508,9): error TS6133: '_wrapper' is declared but its value is never read.
src/integration/dspy-wrapper-types.ts(240,5): error TS4115: This parameter property must have an 'override' modifier because it overrides a member in base class 'Error'.
src/integration/dspy-wrapper-types.ts(418,3): error TS2484: Export declaration conflicts with exported declaration of 'ParsedSignature'.
src/integration/dspy-wrapper-types.ts(419,3): error TS2484: Export declaration conflicts with exported declaration of 'DSPyProgram'.
src/integration/dspy-wrapper-types.ts(420,3): error TS2484: Export declaration conflicts with exported declaration of 'DSPyExample'.
src/integration/dspy-wrapper-types.ts(421,3): error TS2484: Export declaration conflicts with exported declaration of 'DSPyProgramPerformance'.
src/integration/dspy-wrapper-types.ts(422,3): error TS2484: Export declaration conflicts with exported declaration of 'DSPyExecutionResult'.
src/integration/dspy-wrapper-types.ts(423,3): error TS2484: Export declaration conflicts with exported declaration of 'DSPyExecutionMetadata'.
src/integration/dspy-wrapper-types.ts(425,3): error TS2484: Export declaration conflicts with exported declaration of 'DSPyConfig'.
src/integration/dspy-wrapper-types.ts(426,3): error TS2484: Export declaration conflicts with exported declaration of 'DSPyOptimizationOptions'.
src/integration/dspy-wrapper-types.ts(427,3): error TS2484: Export declaration conflicts with exported declaration of 'DSPyOptimizationStrategy'.
src/integration/dspy-wrapper-types.ts(429,3): error TS2484: Export declaration conflicts with exported declaration of 'DSPySystemStats'.
src/integration/dspy-wrapper-types.ts(430,3): error TS2484: Export declaration conflicts with exported declaration of 'DSPyExecutionStats'.
src/integration/dspy-wrapper-types.ts(432,3): error TS2484: Export declaration conflicts with exported declaration of 'DSPyErrorCode'.
src/integration/dspy-wrapper-types.ts(434,3): error TS2484: Export declaration conflicts with exported declaration of 'DSPyFactoryOptions'.
src/integration/dspy-wrapper-types.ts(435,3): error TS2484: Export declaration conflicts with exported declaration of 'LMDriverFactory'.
src/integration/dspy-wrapper-types.ts(436,3): error TS2484: Export declaration conflicts with exported declaration of 'DSPyProgramTemplate'.
src/integration/dspy-wrapper-types.ts(437,3): error TS2484: Export declaration conflicts with exported declaration of 'DSPyProgramCategory'.
src/integration/dspy-wrapper-types.ts(439,3): error TS2484: Export declaration conflicts with exported declaration of 'DSPyCompositionOptions'.
src/integration/dspy-wrapper-types.ts(440,3): error TS2484: Export declaration conflicts with exported declaration of 'DSPyPipeline'.
src/integration/dspy-wrapper-types.ts(441,3): error TS2484: Export declaration conflicts with exported declaration of 'DSPyCacheOptions'.
src/integration/dspy-wrapper-types.ts(443,3): error TS2484: Export declaration conflicts with exported declaration of 'ClaudeZenDSPyIntegration'.
src/integration/dspy-wrapper-types.ts(444,3): error TS2484: Export declaration conflicts with exported declaration of 'DSPySystemIntegration'.
src/integration/memory-database-integration.ts(99,9): error TS2345: Argument of type 'unknown' is not assignable to parameter of type 'DatabaseProviderFactory'.
src/integration/memory-database-integration.ts(109,27): error TS18046: 'dalFactory' is of type 'unknown'.
src/integration/memory-database-integration.ts(115,26): error TS18046: 'dalFactory' is of type 'unknown'.
src/integration/memory-database-integration.ts(121,29): error TS18046: 'dalFactory' is of type 'unknown'.
src/integration/memory-database-integration.ts(131,21): error TS2339: Property 'operation' does not exist on type 'DatabaseQuery'.
src/integration/memory-database-integration.ts(140,59): error TS2339: Property 'operation' does not exist on type 'DatabaseQuery'.
src/integration/memory-database-integration.ts(183,9): error TS2322: Type '"write"' is not assignable to type '"delete" | "select" | "insert" | "update" | "aggregate"'.
src/integration/memory-database-integration.ts(213,9): error TS2322: Type '"read"' is not assignable to type '"delete" | "select" | "insert" | "update" | "aggregate"'.
src/integration/memory-database-integration.ts(231,9): error TS2322: Type '"read"' is not assignable to type '"delete" | "select" | "insert" | "update" | "aggregate"'.
src/integration/memory-database-integration.ts(309,34): error TS2532: Object is possibly 'undefined'.
src/integration/memory-database-integration.ts(324,36): error TS2532: Object is possibly 'undefined'.
src/integration/memory-database-integration.ts(339,29): error TS2532: Object is possibly 'undefined'.
src/integration/memory-database-integration.ts(350,5): error TS2532: Object is possibly 'undefined'.
src/integration/memory-database-integration.ts(351,5): error TS2532: Object is possibly 'undefined'.
src/integration/memory-database-integration.ts(418,9): error TS6133: '_metrics' is declared but its value is never read.
src/integration/memory-database-integration.ts(429,51): error TS2339: Property 'optimizer' does not exist on type '{ query: (query: DatabaseQuery) => Promise<any>; getHealthReport: () => { overall: string; score: number; engines: { vector: { status: string; score: number; }; graph: { status: string; score: number; }; document: { ...; }; }; }; getStats: () => { ...; }; shutdown: () => Promise<...>; }'.
src/integration/memory-database-integration.ts(431,38): error TS7006: Parameter '_rec' implicitly has an 'any' type.
src/integration/memory-database-integration.ts(431,44): error TS7006: Parameter '_i' implicitly has an 'any' type.
src/integration/memory-database-integration.ts(435,9): error TS6133: '_health' is declared but its value is never read.
src/integration/multi-system-coordinator.ts(19,13): error TS6138: Property 'config' is declared but its value is never read.
src/intelligence/adaptive-learning/__tests__/adaptive-learning.test.ts(103,3): error TS2322: Type '"test"' is not assignable to type '"development" | "staging" | "production"'.
src/intelligence/adaptive-learning/__tests__/adaptive-learning.test.ts(117,24): error TS2694: Namespace 'jest' has no exported member 'SpyInstance'.
src/intelligence/adaptive-learning/__tests__/adaptive-learning.test.ts(218,24): error TS2694: Namespace 'jest' has no exported member 'SpyInstance'.
src/intelligence/adaptive-learning/__tests__/adaptive-learning.test.ts(221,21): error TS2554: Expected 3 arguments, but got 2.
src/intelligence/adaptive-learning/__tests__/adaptive-learning.test.ts(330,13): error TS6133: '_practices' is declared but its value is never read.
src/intelligence/adaptive-learning/__tests__/adaptive-learning.test.ts(346,24): error TS2694: Namespace 'jest' has no exported member 'SpyInstance'.
src/intelligence/adaptive-learning/__tests__/adaptive-learning.test.ts(508,64): error TS2345: Argument of type 'number[]' is not assignable to parameter of type 'never'.
src/intelligence/adaptive-learning/__tests__/adaptive-learning.test.ts(546,13): error TS6133: '_initialQ' is declared but its value is never read.
src/intelligence/adaptive-learning/__tests__/adaptive-learning.test.ts(614,9): error TS2322: Type '{ duration: number; id?: string; agentId?: string; taskType?: string; action?: string; parameters?: any; result?: any; resourceUsage?: ResourceMetrics; timestamp?: number; success?: boolean; context?: Record<string, unknown>; }' is not assignable to type 'ExecutionData'.
  Property 'id' is optional in type '{ duration: number; id?: string; agentId?: string; taskType?: string; action?: string; parameters?: any; result?: any; resourceUsage?: ResourceMetrics; timestamp?: number; success?: boolean; context?: Record<...>; }' but required in type 'ExecutionData'.
src/intelligence/adaptive-learning/__tests__/adaptive-learning.test.ts(618,9): error TS2322: Type '{ duration: number; id?: string; agentId?: string; taskType?: string; action?: string; parameters?: any; result?: any; resourceUsage?: ResourceMetrics; timestamp?: number; success?: boolean; context?: Record<string, unknown>; }' is not assignable to type 'ExecutionData'.
  Property 'id' is optional in type '{ duration: number; id?: string; agentId?: string; taskType?: string; action?: string; parameters?: any; result?: any; resourceUsage?: ResourceMetrics; timestamp?: number; success?: boolean; context?: Record<...>; }' but required in type 'ExecutionData'.
src/intelligence/adaptive-learning/__tests__/adaptive-learning.test.ts(622,9): error TS2322: Type '{ duration: number; id?: string; agentId?: string; taskType?: string; action?: string; parameters?: any; result?: any; resourceUsage?: ResourceMetrics; timestamp?: number; success?: boolean; context?: Record<string, unknown>; }' is not assignable to type 'ExecutionData'.
  Property 'id' is optional in type '{ duration: number; id?: string; agentId?: string; taskType?: string; action?: string; parameters?: any; result?: any; resourceUsage?: ResourceMetrics; timestamp?: number; success?: boolean; context?: Record<...>; }' but required in type 'ExecutionData'.
src/intelligence/adaptive-learning/__tests__/adaptive-learning.test.ts(634,14): error TS18048: 'pattern' is possibly 'undefined'.
src/intelligence/adaptive-learning/__tests__/adaptive-learning.test.ts(635,14): error TS18048: 'pattern' is possibly 'undefined'.
src/intelligence/adaptive-learning/__tests__/adaptive-learning.test.ts(642,9): error TS2322: Type '{ id: string; duration: number; agentId?: string; taskType?: string; action?: string; parameters?: any; result?: any; resourceUsage?: ResourceMetrics; timestamp?: number; success?: boolean; context?: Record<string, unknown>; }' is not assignable to type 'ExecutionData'.
  Property 'agentId' is optional in type '{ id: string; duration: number; agentId?: string; taskType?: string; action?: string; parameters?: any; result?: any; resourceUsage?: ResourceMetrics; timestamp?: number; success?: boolean; context?: Record<...>; }' but required in type 'ExecutionData'.
src/intelligence/adaptive-learning/__tests__/adaptive-learning.test.ts(649,9): error TS2322: Type '{ id: string; duration: number; agentId?: string; taskType?: string; action?: string; parameters?: any; result?: any; resourceUsage?: ResourceMetrics; timestamp?: number; success?: boolean; context?: Record<string, unknown>; }' is not assignable to type 'ExecutionData'.
  Property 'agentId' is optional in type '{ id: string; duration: number; agentId?: string; taskType?: string; action?: string; parameters?: any; result?: any; resourceUsage?: ResourceMetrics; timestamp?: number; success?: boolean; context?: Record<...>; }' but required in type 'ExecutionData'.
src/intelligence/adaptive-learning/__tests__/adaptive-learning.test.ts(664,14): error TS18048: 'anomaly' is possibly 'undefined'.
src/intelligence/adaptive-learning/__tests__/adaptive-learning.test.ts(665,14): error TS18048: 'anomaly' is possibly 'undefined'.
src/intelligence/adaptive-learning/__tests__/adaptive-learning.test.ts(699,14): error TS18048: 'pattern' is possibly 'undefined'.
src/intelligence/adaptive-learning/__tests__/adaptive-learning.test.ts(700,14): error TS18048: 'pattern' is possibly 'undefined'.
src/intelligence/adaptive-learning/__tests__/adaptive-learning.test.ts(701,14): error TS18048: 'pattern' is possibly 'undefined'.
src/intelligence/adaptive-learning/__tests__/adaptive-learning.test.ts(702,14): error TS18048: 'pattern' is possibly 'undefined'.
src/intelligence/adaptive-learning/__tests__/adaptive-learning.test.ts(713,9): error TS2322: Type '{ resourceUsage: { cpu: number; memory: number; network: number; diskIO: number; bandwidth: number; latency: number; }; id?: string; agentId?: string; taskType?: string; action?: string; parameters?: any; ... 4 more ...; context?: Record<string, unknown>; }' is not assignable to type 'ExecutionData'.
  Property 'id' is optional in type '{ resourceUsage: { cpu: number; memory: number; network: number; diskIO: number; bandwidth: number; latency: number; }; id?: string; agentId?: string; taskType?: string; action?: string; parameters?: any; ... 4 more ...; context?: Record<...>; }' but required in type 'ExecutionData'.
src/intelligence/adaptive-learning/__tests__/adaptive-learning.test.ts(724,14): error TS18048: 'prediction' is possibly 'undefined'.
src/intelligence/adaptive-learning/__tests__/adaptive-learning.test.ts(725,14): error TS18048: 'prediction' is possibly 'undefined'.
src/intelligence/adaptive-learning/__tests__/adaptive-learning.test.ts(754,13): error TS6133: '_initialAccuracy' is declared but its value is never read.
src/intelligence/adaptive-learning/__tests__/adaptive-learning.test.ts(785,43): error TS2345: Argument of type '{ id: string; success: boolean; resourceUsage: { cpu: number; memory: number; network: number; diskIO: number; bandwidth: number; latency: number; }; agentId?: string; taskType?: string; action?: string; ... 4 more ...; context?: Record<string, unknown>; }' is not assignable to parameter of type 'ExecutionData'.
  Property 'agentId' is optional in type '{ id: string; success: boolean; resourceUsage: { cpu: number; memory: number; network: number; diskIO: number; bandwidth: number; latency: number; }; agentId?: string; taskType?: string; action?: string; ... 4 more ...; context?: Record<...>; }' but required in type 'ExecutionData'.
src/intelligence/adaptive-learning/__tests__/adaptive-learning.test.ts(788,13): error TS6133: '_midAccuracy' is declared but its value is never read.
src/intelligence/adaptive-learning/__tests__/adaptive-learning.test.ts(792,43): error TS2345: Argument of type '{ id: string; success: boolean; resourceUsage: { cpu: number; memory: number; network: number; diskIO: number; bandwidth: number; latency: number; }; agentId?: string; taskType?: string; action?: string; ... 4 more ...; context?: Record<string, unknown>; }' is not assignable to parameter of type 'ExecutionData'.
  Property 'agentId' is optional in type '{ id: string; success: boolean; resourceUsage: { cpu: number; memory: number; network: number; diskIO: number; bandwidth: number; latency: number; }; agentId?: string; taskType?: string; action?: string; ... 4 more ...; context?: Record<...>; }' but required in type 'ExecutionData'.
src/intelligence/adaptive-learning/__tests__/adaptive-learning.test.ts(809,61): error TS2345: Argument of type 'number[]' is not assignable to parameter of type 'never'.
src/intelligence/adaptive-learning/__tests__/adaptive-learning.test.ts(810,61): error TS2345: Argument of type 'number[]' is not assignable to parameter of type 'never'.
src/intelligence/adaptive-learning/__tests__/adaptive-learning.test.ts(811,61): error TS2345: Argument of type 'number[]' is not assignable to parameter of type 'never'.
src/intelligence/adaptive-learning/__tests__/adaptive-learning.test.ts(843,47): error TS2345: Argument of type 'number | undefined' is not assignable to parameter of type 'number | bigint'.
  Type 'undefined' is not assignable to type 'number | bigint'.
src/intelligence/adaptive-learning/__tests__/adaptive-learning.test.ts(863,25): error TS2554: Expected 3 arguments, but got 2.
src/intelligence/adaptive-learning/__tests__/adaptive-learning.test.ts(945,41): error TS2345: Argument of type '{ id: string; success: boolean; duration: number; timestamp: number; agentId?: string; taskType?: string; action?: string; parameters?: any; result?: any; resourceUsage?: ResourceMetrics; context?: Record<string, unknown>; }' is not assignable to parameter of type 'ExecutionData'.
  Property 'agentId' is optional in type '{ id: string; success: boolean; duration: number; timestamp: number; agentId?: string; taskType?: string; action?: string; parameters?: any; result?: any; resourceUsage?: ResourceMetrics; context?: Record<...>; }' but required in type 'ExecutionData'.
src/intelligence/adaptive-learning/behavioral-optimization.ts(230,7): error TS2322: Type 'number | undefined' is not assignable to type 'number'.
  Type 'undefined' is not assignable to type 'number'.
src/intelligence/adaptive-learning/behavioral-optimization.ts(267,70): error TS2339: Property 'success' does not exist on type 'PatternMetadata'.
src/intelligence/adaptive-learning/behavioral-optimization.ts(279,72): error TS2339: Property 'taskType' does not exist on type 'PatternMetadata'.
src/intelligence/adaptive-learning/behavioral-optimization.ts(282,72): error TS2339: Property 'taskType' does not exist on type 'PatternMetadata'.
src/intelligence/adaptive-learning/behavioral-optimization.ts(328,66): error TS2339: Property 'effective' does not exist on type 'PatternMetadata'.
src/intelligence/adaptive-learning/behavioral-optimization.ts(330,59): error TS2339: Property 'latency' does not exist on type 'PatternMetadata'.
src/intelligence/adaptive-learning/behavioral-optimization.ts(364,74): error TS2339: Property 'resourceType' does not exist on type 'PatternMetadata'.
src/intelligence/adaptive-learning/behavioral-optimization.ts(367,70): error TS2339: Property 'resourceType' does not exist on type 'PatternMetadata'.
src/intelligence/adaptive-learning/behavioral-optimization.ts(369,59): error TS2339: Property 'utilization' does not exist on type 'PatternMetadata'.
src/intelligence/adaptive-learning/behavioral-optimization.ts(371,78): error TS2339: Property 'utilization' does not exist on type 'PatternMetadata'.
src/intelligence/adaptive-learning/behavioral-optimization.ts(415,74): error TS2339: Property 'effective' does not exist on type 'PatternMetadata'.
src/intelligence/adaptive-learning/behavioral-optimization.ts(420,32): error TS2339: Property 'leadershipStyle' does not exist on type 'PatternMetadata'.
src/intelligence/adaptive-learning/behavioral-optimization.ts(426,32): error TS2339: Property 'decisionTime' does not exist on type 'PatternMetadata'.
src/intelligence/adaptive-learning/behavioral-optimization.ts(554,66): error TS4111: Property 'newRate' comes from an index signature, so it must be accessed with ['newRate'].
src/intelligence/adaptive-learning/behavioral-optimization.ts(557,71): error TS4111: Property 'specializations' comes from an index signature, so it must be accessed with ['specializations'].
src/intelligence/adaptive-learning/behavioral-optimization.ts(560,66): error TS4111: Property 'frequency' comes from an index signature, so it must be accessed with ['frequency'].
src/intelligence/adaptive-learning/behavioral-optimization.ts(569,71): error TS4111: Property 'style' comes from an index signature, so it must be accessed with ['style'].
src/intelligence/adaptive-learning/behavioral-optimization.ts(577,46): error TS2339: Property 'success_rate' does not exist on type 'BehaviorPerformance'.
src/intelligence/adaptive-learning/behavioral-optimization.ts(577,81): error TS2339: Property 'success_rate' does not exist on type '{ efficiency: number; accuracy: number; reliability: number; collaboration: number; adaptability: number; resourceUtilization: number; taskCompletionRate: number; errorRate: number; }'.
src/intelligence/adaptive-learning/behavioral-optimization.ts(587,47): error TS2339: Property 'response_time' does not exist on type 'BehaviorPerformance'.
src/intelligence/adaptive-learning/behavioral-optimization.ts(587,83): error TS2339: Property 'response_time' does not exist on type '{ efficiency: number; accuracy: number; reliability: number; collaboration: number; adaptability: number; resourceUtilization: number; taskCompletionRate: number; errorRate: number; }'.
src/intelligence/adaptive-learning/behavioral-optimization.ts(589,32): error TS2551: Property 'collaboration_score' does not exist on type 'BehaviorPerformance'. Did you mean 'collaboration'?
src/intelligence/adaptive-learning/behavioral-optimization.ts(589,74): error TS2551: Property 'collaboration_score' does not exist on type '{ efficiency: number; accuracy: number; reliability: number; collaboration: number; adaptability: number; resourceUtilization: number; taskCompletionRate: number; errorRate: number; }'. Did you mean 'collaboration'?
src/intelligence/adaptive-learning/behavioral-optimization.ts(592,7): error TS2353: Object literal may only specify known properties, and 'originalPerformance' does not exist in type 'Omit<Adaptation, "id" | "timestamp">'.
src/intelligence/adaptive-learning/behavioral-optimization.ts(606,56): error TS2345: Argument of type 'number | undefined' is not assignable to parameter of type 'number'.
  Type 'undefined' is not assignable to type 'number'.
src/intelligence/adaptive-learning/behavioral-optimization.ts(608,43): error TS2532: Object is possibly 'undefined'.
src/intelligence/adaptive-learning/behavioral-optimization.ts(630,52): error TS2532: Object is possibly 'undefined'.
src/intelligence/adaptive-learning/behavioral-optimization.ts(630,66): error TS2532: Object is possibly 'undefined'.
src/intelligence/adaptive-learning/behavioral-optimization.ts(639,5): error TS2322: Type 'AgentBehavior | undefined' is not assignable to type 'AgentBehavior'.
  Type 'undefined' is not assignable to type 'AgentBehavior'.
src/intelligence/adaptive-learning/behavioral-optimization.ts(649,41): error TS2532: Object is possibly 'undefined'.
src/intelligence/adaptive-learning/behavioral-optimization.ts(661,51): error TS2532: Object is possibly 'undefined'.
src/intelligence/adaptive-learning/behavioral-optimization.ts(682,41): error TS2532: Object is possibly 'undefined'.
src/intelligence/adaptive-learning/behavioral-optimization.ts(726,41): error TS2532: Object is possibly 'undefined'.
src/intelligence/adaptive-learning/behavioral-optimization.ts(737,5): error TS2322: Type 'AgentBehavior | undefined' is not assignable to type 'AgentBehavior'.
  Type 'undefined' is not assignable to type 'AgentBehavior'.
src/intelligence/adaptive-learning/behavioral-optimization.ts(748,37): error TS2532: Object is possibly 'undefined'.
src/intelligence/adaptive-learning/behavioral-optimization.ts(832,55): error TS2339: Property 'agentId' does not exist on type 'ExecutionPattern'.
src/intelligence/adaptive-learning/behavioral-optimization.ts(869,13): error TS2532: Object is possibly 'undefined'.
src/intelligence/adaptive-learning/behavioral-optimization.ts(869,39): error TS18048: 'bestFitness' is possibly 'undefined'.
src/intelligence/adaptive-learning/behavioral-optimization.ts(875,20): error TS2345: Argument of type 'AgentBehavior | undefined' is not assignable to parameter of type 'AgentBehavior'.
  Type 'undefined' is not assignable to type 'AgentBehavior'.
src/intelligence/adaptive-learning/behavioral-optimization.ts(888,27): error TS2532: Object is possibly 'undefined'.
src/intelligence/adaptive-learning/behavioral-optimization.ts(889,41): error TS2345: Argument of type 'AgentBehavior | undefined' is not assignable to parameter of type 'AgentBehavior'.
  Type 'undefined' is not assignable to type 'AgentBehavior'.
src/intelligence/adaptive-learning/behavioral-optimization.ts(890,41): error TS2345: Argument of type 'AgentBehavior | undefined' is not assignable to parameter of type 'AgentBehavior'.
  Type 'undefined' is not assignable to type 'AgentBehavior'.
src/intelligence/adaptive-learning/behavioral-optimization.ts(893,24): error TS2345: Argument of type '{ agentId?: string; type?: string; version?: string; parameters?: BehaviorParameters; performance?: BehaviorPerformance; adaptations?: Adaptation[]; lastUpdated?: number; }' is not assignable to parameter of type 'AgentBehavior'.
  Property 'agentId' is optional in type '{ agentId?: string; type?: string; version?: string; parameters?: BehaviorParameters; performance?: BehaviorPerformance; adaptations?: Adaptation[]; lastUpdated?: number; }' but required in type 'AgentBehavior'.
src/intelligence/adaptive-learning/behavioral-optimization.ts(918,27): error TS2532: Object is possibly 'undefined'.
src/intelligence/adaptive-learning/behavioral-optimization.ts(932,9): error TS2722: Cannot invoke an object which is possibly 'undefined'.
src/intelligence/adaptive-learning/behavioral-optimization.ts(971,28): error TS18048: 'b.fitness' is possibly 'undefined'.
src/intelligence/adaptive-learning/behavioral-optimization.ts(971,40): error TS18048: 'a.fitness' is possibly 'undefined'.
src/intelligence/adaptive-learning/behavioral-optimization.ts(1059,12): error TS2532: Object is possibly 'undefined'.
src/intelligence/adaptive-learning/behavioral-optimization.ts(1123,7): error TS2322: Type 'BehaviorAction | undefined' is not assignable to type 'BehaviorAction'.
  Type 'undefined' is not assignable to type 'BehaviorAction'.
src/intelligence/adaptive-learning/behavioral-optimization.ts(1127,57): error TS18048: 'bestAction' is possibly 'undefined'.
src/intelligence/adaptive-learning/behavioral-optimization.ts(1137,7): error TS2322: Type 'BehaviorAction | undefined' is not assignable to type 'BehaviorAction'.
  Type 'undefined' is not assignable to type 'BehaviorAction'.
src/intelligence/adaptive-learning/behavioral-optimization.ts(1269,64): error TS2339: Property 'success' does not exist on type 'PatternMetadata'.
src/intelligence/adaptive-learning/behavioral-optimization.ts(1269,86): error TS2339: Property 'agentId' does not exist on type 'ExecutionPattern'.
src/intelligence/adaptive-learning/behavioral-optimization.ts(1273,16): error TS4111: Property 'preferredAgents' comes from an index signature, so it must be accessed with ['preferredAgents'].
src/intelligence/adaptive-learning/behavioral-optimization.ts(1274,16): error TS4111: Property 'minExperience' comes from an index signature, so it must be accessed with ['minExperience'].
src/intelligence/adaptive-learning/behavioral-optimization.ts(1274,75): error TS2339: Property 'experience' does not exist on type 'PatternMetadata'.
src/intelligence/adaptive-learning/behavioral-optimization.ts(1275,16): error TS4111: Property 'requiredSkills' comes from an index signature, so it must be accessed with ['requiredSkills'].
src/intelligence/adaptive-learning/behavioral-optimization.ts(1285,28): error TS2339: Property 'skills' does not exist on type 'PatternMetadata'.
src/intelligence/adaptive-learning/behavioral-optimization.ts(1285,69): error TS2339: Property 'skills' does not exist on type 'PatternMetadata'.
src/intelligence/adaptive-learning/behavioral-optimization.ts(1286,26): error TS2339: Property 'skills' does not exist on type 'PatternMetadata'.
src/intelligence/adaptive-learning/behavioral-optimization.ts(1297,59): error TS2339: Property 'memoryUsage' does not exist on type 'PatternMetadata'.
src/intelligence/adaptive-learning/behavioral-optimization.ts(1298,56): error TS2339: Property 'cpuUsage' does not exist on type 'PatternMetadata'.
src/intelligence/adaptive-learning/behavioral-optimization.ts(1301,21): error TS4111: Property 'maxMemory' comes from an index signature, so it must be accessed with ['maxMemory'].
src/intelligence/adaptive-learning/behavioral-optimization.ts(1305,21): error TS4111: Property 'maxCpu' comes from an index signature, so it must be accessed with ['maxCpu'].
src/intelligence/adaptive-learning/behavioral-optimization.ts(1316,65): error TS2339: Property 'messageType' does not exist on type 'PatternMetadata'.
src/intelligence/adaptive-learning/behavioral-optimization.ts(1319,62): error TS2339: Property 'messageType' does not exist on type 'PatternMetadata'.
src/intelligence/adaptive-learning/behavioral-optimization.ts(1321,59): error TS2339: Property 'interval' does not exist on type 'PatternMetadata'.
src/intelligence/adaptive-learning/behavioral-optimization.ts(1333,40): error TS2339: Property 'messageType' does not exist on type 'PatternMetadata'.
src/intelligence/adaptive-learning/behavioral-optimization.ts(1345,59): error TS2339: Property 'messageSize' does not exist on type 'PatternMetadata'.
src/intelligence/adaptive-learning/behavioral-optimization.ts(1346,62): error TS2339: Property 'latency' does not exist on type 'PatternMetadata'.
src/intelligence/adaptive-learning/behavioral-optimization.ts(1369,28): error TS2339: Property 'communicationPattern' does not exist on type 'PatternMetadata'.
src/intelligence/adaptive-learning/behavioral-optimization.ts(1370,47): error TS2339: Property 'communicationPattern' does not exist on type 'PatternMetadata'.
src/intelligence/adaptive-learning/behavioral-optimization.ts(1387,30): error TS2339: Property 'syncInterval' does not exist on type 'PatternMetadata'.
src/intelligence/adaptive-learning/behavioral-optimization.ts(1416,5): error TS2322: Type 'string | undefined' is not assignable to type 'string | null'.
  Type 'undefined' is not assignable to type 'string | null'.
src/intelligence/adaptive-learning/knowledge-evolution.ts(10,33): error TS2459: Module '"./pattern-recognition-engine"' declares 'PatternCluster' locally, but it is not exported.
src/intelligence/adaptive-learning/knowledge-evolution.ts(265,34): error TS2532: Object is possibly 'undefined'.
src/intelligence/adaptive-learning/knowledge-evolution.ts(292,24): error TS2339: Property 'agentId' does not exist on type 'ExecutionPattern'.
src/intelligence/adaptive-learning/knowledge-evolution.ts(342,25): error TS2339: Property 'success' does not exist on type 'PatternMetadata'.
src/intelligence/adaptive-learning/knowledge-evolution.ts(374,25): error TS2339: Property 'success' does not exist on type 'PatternMetadata'.
src/intelligence/adaptive-learning/knowledge-evolution.ts(374,61): error TS2532: Object is possibly 'undefined'.
src/intelligence/adaptive-learning/knowledge-evolution.ts(577,73): error TS2339: Property 'success' does not exist on type 'PatternMetadata'.
src/intelligence/adaptive-learning/knowledge-evolution.ts(607,7): error TS18048: 'previousWindow' is possibly 'undefined'.
src/intelligence/adaptive-learning/knowledge-evolution.ts(611,7): error TS18048: 'currentWindow' is possibly 'undefined'.
src/intelligence/adaptive-learning/knowledge-evolution.ts(624,28): error TS18048: 'currentWindow' is possibly 'undefined'.
src/intelligence/adaptive-learning/knowledge-evolution.ts(628,51): error TS18048: 'currentWindow' is possibly 'undefined'.
src/intelligence/adaptive-learning/knowledge-evolution.ts(645,30): error TS2532: Object is possibly 'undefined'.
src/intelligence/adaptive-learning/knowledge-evolution.ts(645,78): error TS2339: Property 'success' does not exist on type 'PatternMetadata'.
src/intelligence/adaptive-learning/knowledge-evolution.ts(777,52): error TS2532: Object is possibly 'undefined'.
src/intelligence/adaptive-learning/knowledge-evolution.ts(809,50): error TS2345: Argument of type 'KnowledgeItem | undefined' is not assignable to parameter of type 'KnowledgeItem'.
  Type 'undefined' is not assignable to type 'KnowledgeItem'.
src/intelligence/adaptive-learning/knowledge-evolution.ts(821,50): error TS2345: Argument of type 'KnowledgeItem | undefined' is not assignable to parameter of type 'KnowledgeItem'.
  Type 'undefined' is not assignable to type 'KnowledgeItem'.
src/intelligence/adaptive-learning/knowledge-evolution.ts(847,28): error TS2345: Argument of type 'string | undefined' is not assignable to parameter of type 'string'.
  Type 'undefined' is not assignable to type 'string'.
src/intelligence/adaptive-learning/knowledge-evolution.ts(847,59): error TS2345: Argument of type 'string | undefined' is not assignable to parameter of type 'string'.
  Type 'undefined' is not assignable to type 'string'.
src/intelligence/adaptive-learning/knowledge-evolution.ts(848,28): error TS2345: Argument of type 'string | undefined' is not assignable to parameter of type 'string'.
  Type 'undefined' is not assignable to type 'string'.
src/intelligence/adaptive-learning/knowledge-evolution.ts(848,59): error TS2345: Argument of type 'string | undefined' is not assignable to parameter of type 'string'.
  Type 'undefined' is not assignable to type 'string'.
src/intelligence/adaptive-learning/knowledge-evolution.ts(954,23): error TS2532: Object is possibly 'undefined'.
src/intelligence/adaptive-learning/knowledge-evolution.ts(982,53): error TS2339: Property 'complexity' does not exist on type 'ExecutionContext'.
src/intelligence/adaptive-learning/knowledge-evolution.ts(984,15): error TS4111: Property 'swarmIds' comes from an index signature, so it must be accessed with ['swarmIds'].
src/intelligence/adaptive-learning/knowledge-evolution.ts(985,15): error TS4111: Property 'taskTypes' comes from an index signature, so it must be accessed with ['taskTypes'].
src/intelligence/adaptive-learning/knowledge-evolution.ts(986,15): error TS4111: Property 'avgComplexity' comes from an index signature, so it must be accessed with ['avgComplexity'].
src/intelligence/adaptive-learning/knowledge-evolution.ts(987,15): error TS4111: Property 'agentCount' comes from an index signature, so it must be accessed with ['agentCount'].
src/intelligence/adaptive-learning/knowledge-evolution.ts(987,70): error TS2339: Property 'agentCount' does not exist on type 'ExecutionContext'.
src/intelligence/adaptive-learning/knowledge-evolution.ts(1087,22): error TS2532: Object is possibly 'undefined'.
src/intelligence/adaptive-learning/knowledge-evolution.ts(1091,72): error TS2345: Argument of type 'KnowledgeItem | undefined' is not assignable to parameter of type 'KnowledgeItem'.
  Type 'undefined' is not assignable to type 'KnowledgeItem'.
src/intelligence/adaptive-learning/knowledge-evolution.ts(1094,44): error TS2345: Argument of type 'KnowledgeItem | undefined' is not assignable to parameter of type 'KnowledgeItem'.
  Type 'undefined' is not assignable to type 'KnowledgeItem'.
src/intelligence/adaptive-learning/knowledge-evolution.ts(1098,22): error TS18048: 'item' is possibly 'undefined'.
src/intelligence/adaptive-learning/knowledge-evolution.ts(1099,57): error TS2345: Argument of type 'KnowledgeItem | undefined' is not assignable to parameter of type 'KnowledgeItem'.
  Type 'undefined' is not assignable to type 'KnowledgeItem'.
src/intelligence/adaptive-learning/knowledge-evolution.ts(1111,22): error TS2532: Object is possibly 'undefined'.
src/intelligence/adaptive-learning/knowledge-evolution.ts(1188,35): error TS2339: Property 'complexity' does not exist on type 'ExecutionContext'.
src/intelligence/adaptive-learning/knowledge-evolution.ts(1189,35): error TS2339: Property 'agentCount' does not exist on type 'ExecutionContext'.
src/intelligence/adaptive-learning/knowledge-evolution.ts(1191,33): error TS2339: Property 'success' does not exist on type 'PatternMetadata'.
src/intelligence/adaptive-learning/knowledge-evolution.ts(1202,43): error TS2339: Property 'complexity' does not exist on type 'ExecutionContext'.
src/intelligence/adaptive-learning/knowledge-evolution.ts(1202,67): error TS2339: Property 'complexity' does not exist on type 'ExecutionContext'.
src/intelligence/adaptive-learning/knowledge-evolution.ts(1265,26): error TS2532: Object is possibly 'undefined'.
src/intelligence/adaptive-learning/knowledge-evolution.ts(1267,32): error TS2532: Object is possibly 'undefined'.
src/intelligence/adaptive-learning/knowledge-evolution.ts(1341,34): error TS2339: Property 'duration' does not exist on type 'ExecutionPattern'.
src/intelligence/adaptive-learning/knowledge-evolution.ts(1341,72): error TS2339: Property 'duration' does not exist on type 'ExecutionPattern'.
src/intelligence/adaptive-learning/knowledge-evolution.ts(1372,23): error TS2339: Property 'agentId' does not exist on type 'ExecutionPattern'.
src/intelligence/adaptive-learning/knowledge-evolution.ts(1387,26): error TS2339: Property 'errorType' does not exist on type 'PatternMetadata'.
src/intelligence/adaptive-learning/knowledge-evolution.ts(1388,26): error TS2339: Property 'impactLevel' does not exist on type 'PatternMetadata'.
src/intelligence/adaptive-learning/knowledge-evolution.ts(1389,26): error TS2339: Property 'recoverable' does not exist on type 'PatternMetadata'.
src/intelligence/adaptive-learning/knowledge-evolution.ts(1399,21): error TS2339: Property 'errorType' does not exist on type 'PatternMetadata'.
src/intelligence/adaptive-learning/knowledge-evolution.ts(1399,47): error TS2339: Property 'errorType' does not exist on type 'PatternMetadata'.
src/intelligence/adaptive-learning/knowledge-evolution.ts(1414,11): error TS7053: Element implicitly has an 'any' type because expression of type 'string' can't be used to index type 'PatternMetadata'.
  No index signature with a parameter of type 'string' was found on type 'PatternMetadata'.
src/intelligence/adaptive-learning/knowledge-evolution.ts(1414,32): error TS7053: Element implicitly has an 'any' type because expression of type 'string' can't be used to index type 'PatternMetadata'.
  No index signature with a parameter of type 'string' was found on type 'PatternMetadata'.
src/intelligence/adaptive-learning/knowledge-evolution.ts(1427,26): error TS2339: Property 'errorType' does not exist on type 'PatternMetadata'.
src/intelligence/adaptive-learning/knowledge-evolution.ts(1427,66): error TS2339: Property 'errorType' does not exist on type 'PatternMetadata'.
src/intelligence/adaptive-learning/knowledge-evolution.ts(1428,26): error TS2339: Property 'rootCause' does not exist on type 'PatternMetadata'.
src/intelligence/adaptive-learning/knowledge-evolution.ts(1428,66): error TS2339: Property 'rootCause' does not exist on type 'PatternMetadata'.
src/intelligence/adaptive-learning/knowledge-evolution.ts(1429,26): error TS2339: Property 'contributingFactors' does not exist on type 'PatternMetadata'.
src/intelligence/adaptive-learning/knowledge-evolution.ts(1430,39): error TS2339: Property 'contributingFactors' does not exist on type 'PatternMetadata'.
src/intelligence/adaptive-learning/knowledge-evolution.ts(1437,24): error TS2532: Object is possibly 'undefined'.
src/intelligence/adaptive-learning/knowledge-evolution.ts(1444,27): error TS2532: Object is possibly 'undefined'.
src/intelligence/adaptive-learning/knowledge-evolution.ts(1446,51): error TS2339: Property 'complexity' does not exist on type 'ExecutionContext'.
src/intelligence/adaptive-learning/knowledge-evolution.ts(1478,22): error TS2339: Property 'impacts' does not exist on type 'PatternMetadata'.
src/intelligence/adaptive-learning/knowledge-evolution.ts(1479,20): error TS2339: Property 'impacts' does not exist on type 'PatternMetadata'.
src/intelligence/adaptive-learning/knowledge-evolution.ts(1548,37): error TS18048: 'cutoff' is possibly 'undefined'.
src/intelligence/adaptive-learning/knowledge-evolution.ts(1731,48): error TS4111: Property 'patternType' comes from an index signature, so it must be accessed with ['patternType'].
src/intelligence/adaptive-learning/knowledge-evolution.ts(1744,44): error TS2345: Argument of type 'string | undefined' is not assignable to parameter of type 'string'.
  Type 'undefined' is not assignable to type 'string'.
src/intelligence/adaptive-learning/knowledge-evolution.ts(1763,24): error TS4111: Property 'patternType' comes from an index signature, so it must be accessed with ['patternType'].
src/intelligence/adaptive-learning/knowledge-evolution.ts(1792,7): error TS18048: 'existing' is possibly 'undefined'.
src/intelligence/adaptive-learning/knowledge-evolution.ts(1793,7): error TS18048: 'existing' is possibly 'undefined'.
src/intelligence/adaptive-learning/knowledge-evolution.ts(1793,56): error TS2345: Argument of type 'KnowledgeItem | undefined' is not assignable to parameter of type 'KnowledgeItem'.
  Type 'undefined' is not assignable to type 'KnowledgeItem'.
src/intelligence/adaptive-learning/knowledge-evolution.ts(1794,7): error TS18048: 'existing' is possibly 'undefined'.
src/intelligence/adaptive-learning/knowledge-evolution.ts(1813,39): error TS7006: Parameter 'p' implicitly has an 'any' type.
src/intelligence/adaptive-learning/learning-coordinator.ts(38,11): error TS6133: 'context' is declared but its value is never read.
src/intelligence/adaptive-learning/learning-coordinator.ts(43,41): error TS6138: Property '_logger' is declared but its value is never read.
src/intelligence/adaptive-learning/learning-coordinator.ts(460,67): error TS4111: Property 'agentId' comes from an index signature, so it must be accessed with ['agentId'].
src/intelligence/adaptive-learning/ml-integration.ts(77,7): error TS2322: Type 'string | undefined' is not assignable to type 'string'.
  Type 'undefined' is not assignable to type 'string'.
src/intelligence/adaptive-learning/ml-integration.ts(251,43): error TS2345: Argument of type 'string | undefined' is not assignable to parameter of type 'string'.
  Type 'undefined' is not assignable to type 'string'.
src/intelligence/adaptive-learning/ml-integration.ts(261,5): error TS2322: Type 'string | undefined' is not assignable to type 'string'.
  Type 'undefined' is not assignable to type 'string'.
src/intelligence/adaptive-learning/ml-integration.ts(396,13): error TS2532: Object is possibly 'undefined'.
src/intelligence/adaptive-learning/ml-integration.ts(481,16): error TS2532: Object is possibly 'undefined'.
src/intelligence/adaptive-learning/ml-integration.ts(655,23): error TS2345: Argument of type 'string | undefined' is not assignable to parameter of type 'string'.
  Type 'undefined' is not assignable to type 'string'.
src/intelligence/adaptive-learning/ml-integration.ts(878,66): error TS2532: Object is possibly 'undefined'.
src/intelligence/adaptive-learning/ml-integration.ts(911,20): error TS2532: Object is possibly 'undefined'.
src/intelligence/adaptive-learning/ml-integration.ts(911,34): error TS2532: Object is possibly 'undefined'.
src/intelligence/adaptive-learning/ml-integration.ts(927,41): error TS2345: Argument of type 'number[] | undefined' is not assignable to parameter of type 'number[]'.
  Type 'undefined' is not assignable to type 'number[]'.
src/intelligence/adaptive-learning/ml-integration.ts(928,23): error TS2532: Object is possibly 'undefined'.
src/intelligence/adaptive-learning/ml-integration.ts(930,62): error TS2532: Object is possibly 'undefined'.
src/intelligence/adaptive-learning/ml-integration.ts(931,70): error TS2532: Object is possibly 'undefined'.
src/intelligence/adaptive-learning/ml-integration.ts(931,70): error TS2532: Object is possibly 'undefined'.
src/intelligence/adaptive-learning/ml-integration.ts(955,38): error TS2532: Object is possibly 'undefined'.
src/intelligence/adaptive-learning/ml-integration.ts(975,39): error TS2345: Argument of type 'number[] | undefined' is not assignable to parameter of type 'number[]'.
  Type 'undefined' is not assignable to type 'number[]'.
src/intelligence/adaptive-learning/ml-integration.ts(988,26): error TS2532: Object is possibly 'undefined'.
src/intelligence/adaptive-learning/pattern-recognition-engine.ts(21,3): error TS2440: Import declaration conflicts with local declaration of 'ResourceUsage'.
src/intelligence/adaptive-learning/pattern-recognition-engine.ts(112,11): error TS6133: 'confidenceThreshold' is declared but its value is never read.
src/intelligence/adaptive-learning/pattern-recognition-engine.ts(114,11): error TS6133: 'context' is declared but its value is never read.
src/intelligence/adaptive-learning/pattern-recognition-engine.ts(211,7): error TS2322: Type '{}' is not assignable to type 'string'.
src/intelligence/adaptive-learning/pattern-recognition-engine.ts(211,31): error TS4111: Property 'taskType' comes from an index signature, so it must be accessed with ['taskType'].
src/intelligence/adaptive-learning/pattern-recognition-engine.ts(262,11): error TS2322: Type 'string | undefined' is not assignable to type 'string'.
  Type 'undefined' is not assignable to type 'string'.
src/intelligence/adaptive-learning/pattern-recognition-engine.ts(263,11): error TS2322: Type 'string | undefined' is not assignable to type 'string'.
  Type 'undefined' is not assignable to type 'string'.
src/intelligence/adaptive-learning/pattern-recognition-engine.ts(466,11): error TS2322: Type 'string | undefined' is not assignable to type 'string'.
  Type 'undefined' is not assignable to type 'string'.
src/intelligence/adaptive-learning/pattern-recognition-engine.ts(467,11): error TS2322: Type 'string | undefined' is not assignable to type 'string'.
  Type 'undefined' is not assignable to type 'string'.
src/intelligence/adaptive-learning/pattern-recognition-engine.ts(468,56): error TS2345: Argument of type 'string | undefined' is not assignable to parameter of type 'string'.
  Type 'undefined' is not assignable to type 'string'.
src/intelligence/adaptive-learning/pattern-recognition-engine.ts(470,49): error TS2345: Argument of type 'string | undefined' is not assignable to parameter of type 'string'.
  Type 'undefined' is not assignable to type 'string'.
src/intelligence/adaptive-learning/pattern-recognition-engine.ts(471,57): error TS2345: Argument of type 'string | undefined' is not assignable to parameter of type 'string'.
  Type 'undefined' is not assignable to type 'string'.
src/intelligence/adaptive-learning/pattern-recognition-engine.ts(472,50): error TS2345: Argument of type 'string | undefined' is not assignable to parameter of type 'string'.
  Type 'undefined' is not assignable to type 'string'.
src/intelligence/adaptive-learning/pattern-recognition-engine.ts(749,5): error TS2739: Type '{ cpu: number; memory: number; network: number; diskIO: number; }' is missing the following properties from type 'ResourceUsage': timestamp, duration, context
src/intelligence/adaptive-learning/pattern-recognition-engine.ts(796,11): error TS2393: Duplicate function implementation.
src/intelligence/adaptive-learning/pattern-recognition-engine.ts(811,11): error TS2393: Duplicate function implementation.
src/intelligence/adaptive-learning/pattern-recognition-engine.ts(838,11): error TS2393: Duplicate function implementation.
src/intelligence/adaptive-learning/pattern-recognition-engine.ts(865,11): error TS2393: Duplicate function implementation.
src/intelligence/adaptive-learning/pattern-recognition-engine.ts(1014,7): error TS2322: Type '{}' is not assignable to type 'string'.
src/intelligence/adaptive-learning/pattern-recognition-engine.ts(1014,29): error TS4111: Property 'swarmId' comes from an index signature, so it must be accessed with ['swarmId'].
src/intelligence/adaptive-learning/pattern-recognition-engine.ts(1021,7): error TS2739: Type 'ResourceMetrics' is missing the following properties from type 'ResourceUsage': timestamp, duration, context
src/intelligence/adaptive-learning/pattern-recognition-engine.ts(1048,17): error TS2532: Object is possibly 'undefined'.
src/intelligence/adaptive-learning/pattern-recognition-engine.ts(1064,65): error TS2345: Argument of type 'ResourceMetrics[]' is not assignable to parameter of type 'ResourceUsage[]'.
  Type 'ResourceMetrics' is missing the following properties from type 'ResourceUsage': timestamp, duration, context
src/intelligence/adaptive-learning/pattern-recognition-engine.ts(1074,11): error TS2393: Duplicate function implementation.
src/intelligence/adaptive-learning/pattern-recognition-engine.ts(1115,34): error TS18048: 'value' is possibly 'undefined'.
src/intelligence/adaptive-learning/pattern-recognition-engine.ts(1119,37): error TS2532: Object is possibly 'undefined'.
src/intelligence/adaptive-learning/pattern-recognition-engine.ts(1122,60): error TS18048: 'value' is possibly 'undefined'.
src/intelligence/adaptive-learning/pattern-recognition-engine.ts(1123,28): error TS2322: Type 'ExecutionData | undefined' is not assignable to type 'ExecutionData'.
  Type 'undefined' is not assignable to type 'ExecutionData'.
src/intelligence/adaptive-learning/pattern-recognition-engine.ts(1192,11): error TS2393: Duplicate function implementation.
src/intelligence/adaptive-learning/pattern-recognition-engine.ts(1212,11): error TS2393: Duplicate function implementation.
src/intelligence/adaptive-learning/pattern-recognition-engine.ts(1222,11): error TS2393: Duplicate function implementation.
src/intelligence/adaptive-learning/pattern-recognition-engine.ts(1269,55): error TS2532: Object is possibly 'undefined'.
src/intelligence/adaptive-learning/pattern-recognition-engine.ts(1326,21): error TS2532: Object is possibly 'undefined'.
src/intelligence/adaptive-learning/pattern-recognition-engine.ts(1326,42): error TS2532: Object is possibly 'undefined'.
src/intelligence/adaptive-learning/pattern-recognition-engine.ts(1330,23): error TS2532: Object is possibly 'undefined'.
src/intelligence/adaptive-learning/pattern-recognition-engine.ts(1371,32): error TS2532: Object is possibly 'undefined'.
src/intelligence/adaptive-learning/pattern-recognition-engine.ts(1378,52): error TS2532: Object is possibly 'undefined'.
src/intelligence/adaptive-learning/performance-optimizer.ts(38,11): error TS6133: 'context' is declared but its value is never read.
src/intelligence/adaptive-learning/performance-optimizer.ts(42,10): error TS2339: Property 'config' does not exist on type 'PerformanceOptimizer'.
src/intelligence/adaptive-learning/performance-optimizer.ts(305,25): error TS4111: Property 'agentId' comes from an index signature, so it must be accessed with ['agentId'].
src/intelligence/adaptive-learning/performance-optimizer.ts(643,13): error TS6133: '_pattern' is declared but its value is never read.
src/intelligence/conversation-demo.ts(66,7): error TS2322: Type 'AgentId | undefined' is not assignable to type 'AgentId'.
  Type 'undefined' is not assignable to type 'AgentId'.
src/intelligence/conversation-demo.ts(106,5): error TS2532: Object is possibly 'undefined'.
src/intelligence/conversation-demo.ts(139,5): error TS2322: Type '{ type: string; content: MessageContent; confidence: number; contributors: AgentId[]; timestamp: Date; }[]' is not assignable to type 'ConversationOutcome[]'.
  Type '{ type: string; content: MessageContent; confidence: number; contributors: AgentId[]; timestamp: Date; }' is not assignable to type 'ConversationOutcome'.
    Types of property 'type' are incompatible.
      Type 'string' is not assignable to type '"code" | "analysis" | "decision" | "recommendation" | "plan" | "solution"'.
src/intelligence/conversation-demo.ts(236,38): error TS2345: Argument of type '{ fromAgent: AgentId | undefined; content: { text: string; code?: never; }; messageType: "task_request"; metadata: { priority: "high"; requiresResponse: boolean; context: ConversationContext; tags: string[]; }; id: string; conversationId: string; timestamp: Date; } | { ...; } | { ...; } | { ...; }' is not assignable to parameter of type 'ConversationMessage'.
  Type '{ fromAgent: AgentId | undefined; content: { text: string; code?: never; }; messageType: "task_request"; metadata: { priority: "high"; requiresResponse: boolean; context: ConversationContext; tags: string[]; }; id: string; conversationId: string; timestamp: Date; }' is not assignable to type 'ConversationMessage'.
    Types of property 'fromAgent' are incompatible.
      Type 'AgentId | undefined' is not assignable to type 'AgentId'.
        Type 'undefined' is not assignable to type 'AgentId'.
src/intelligence/conversation-framework/__tests__/memory.test.ts(49,9): error TS2322: Type 'AgentId | undefined' is not assignable to type 'AgentId'.
  Type 'undefined' is not assignable to type 'AgentId'.
src/intelligence/conversation-framework/__tests__/memory.test.ts(64,13): error TS2322: Type 'AgentId | undefined' is not assignable to type 'AgentId'.
  Type 'undefined' is not assignable to type 'AgentId'.
src/intelligence/conversation-framework/__tests__/memory.test.ts(87,28): error TS2322: Type 'AgentId | undefined' is not assignable to type 'AgentId'.
  Type 'undefined' is not assignable to type 'AgentId'.
src/intelligence/conversation-framework/__tests__/memory.test.ts(124,14): error TS2532: Object is possibly 'undefined'.
src/intelligence/conversation-framework/__tests__/memory.test.ts(125,14): error TS2532: Object is possibly 'undefined'.
src/intelligence/conversation-framework/__tests__/memory.test.ts(126,14): error TS2532: Object is possibly 'undefined'.
src/intelligence/conversation-framework/__tests__/memory.test.ts(130,14): error TS2532: Object is possibly 'undefined'.
src/intelligence/conversation-framework/__tests__/memory.test.ts(131,14): error TS2532: Object is possibly 'undefined'.
src/intelligence/conversation-framework/__tests__/memory.test.ts(160,26): error TS2322: Type 'AgentId | undefined' is not assignable to type 'AgentId'.
  Type 'undefined' is not assignable to type 'AgentId'.
src/intelligence/conversation-framework/__tests__/memory.test.ts(161,11): error TS2322: Type 'AgentId | undefined' is not assignable to type 'AgentId'.
  Type 'undefined' is not assignable to type 'AgentId'.
src/intelligence/conversation-framework/__tests__/memory.test.ts(185,11): error TS2322: Type 'AgentId | undefined' is not assignable to type 'AgentId'.
  Type 'undefined' is not assignable to type 'AgentId'.
src/intelligence/conversation-framework/__tests__/memory.test.ts(208,26): error TS2322: Type 'AgentId | undefined' is not assignable to type 'AgentId'.
  Type 'undefined' is not assignable to type 'AgentId'.
src/intelligence/conversation-framework/__tests__/memory.test.ts(209,11): error TS2322: Type 'AgentId | undefined' is not assignable to type 'AgentId'.
  Type 'undefined' is not assignable to type 'AgentId'.
src/intelligence/conversation-framework/__tests__/memory.test.ts(259,26): error TS2322: Type 'AgentId | undefined' is not assignable to type 'AgentId'.
  Type 'undefined' is not assignable to type 'AgentId'.
src/intelligence/conversation-framework/__tests__/memory.test.ts(260,11): error TS2322: Type 'AgentId | undefined' is not assignable to type 'AgentId'.
  Type 'undefined' is not assignable to type 'AgentId'.
src/intelligence/conversation-framework/__tests__/memory.test.ts(319,11): error TS2322: Type 'AgentId | undefined' is not assignable to type 'AgentId'.
  Type 'undefined' is not assignable to type 'AgentId'.
src/intelligence/conversation-framework/__tests__/memory.test.ts(343,11): error TS2322: Type 'AgentId | undefined' is not assignable to type 'AgentId'.
  Type 'undefined' is not assignable to type 'AgentId'.
src/intelligence/conversation-framework/__tests__/memory.test.ts(375,14): error TS2532: Object is possibly 'undefined'.
src/intelligence/conversation-framework/__tests__/memory.test.ts(376,14): error TS2532: Object is possibly 'undefined'.
src/intelligence/conversation-framework/__tests__/memory.test.ts(387,9): error TS2322: Type 'AgentId | undefined' is not assignable to type 'AgentId'.
  Type 'undefined' is not assignable to type 'AgentId'.
src/intelligence/conversation-framework/__tests__/memory.test.ts(401,13): error TS2322: Type 'AgentId | undefined' is not assignable to type 'AgentId'.
  Type 'undefined' is not assignable to type 'AgentId'.
src/intelligence/conversation-framework/__tests__/memory.test.ts(448,59): error TS2345: Argument of type '{ status: ConversationStatus; endTime: Date; messages: (ConversationMessage | { id: string; conversationId: string; fromAgent: AgentId | undefined; timestamp: Date; content: { ...; }; messageType: any; metadata: { ...; }; })[]; metrics: { ...; }; }' is not assignable to parameter of type 'Partial<ConversationSession>'.
  Types of property 'messages' are incompatible.
    Type '(ConversationMessage | { id: string; conversationId: string; fromAgent: AgentId | undefined; timestamp: Date; content: { text: string; }; messageType: any; metadata: { ...; }; })[]' is not assignable to type 'ConversationMessage[]'.
      Type 'ConversationMessage | { id: string; conversationId: string; fromAgent: AgentId | undefined; timestamp: Date; content: { text: string; }; messageType: any; metadata: { ...; }; }' is not assignable to type 'ConversationMessage'.
        Type '{ id: string; conversationId: string; fromAgent: AgentId | undefined; timestamp: Date; content: { text: string; }; messageType: any; metadata: { priority: any; requiresResponse: boolean; context: any; tags: string[]; }; }' is not assignable to type 'ConversationMessage'.
          Types of property 'fromAgent' are incompatible.
            Type 'AgentId | undefined' is not assignable to type 'AgentId'.
              Type 'undefined' is not assignable to type 'AgentId'.
src/intelligence/conversation-framework/__tests__/memory.test.ts(463,14): error TS2532: Object is possibly 'undefined'.
src/intelligence/conversation-framework/__tests__/memory.test.ts(464,14): error TS2532: Object is possibly 'undefined'.
src/intelligence/conversation-framework/__tests__/memory.test.ts(482,9): error TS2322: Type 'AgentId | undefined' is not assignable to type 'AgentId'.
  Type 'undefined' is not assignable to type 'AgentId'.
src/intelligence/conversation-framework/__tests__/memory.test.ts(534,24): error TS2322: Type 'AgentId | undefined' is not assignable to type 'AgentId'.
  Type 'undefined' is not assignable to type 'AgentId'.
src/intelligence/conversation-framework/__tests__/memory.test.ts(535,9): error TS2322: Type 'AgentId | undefined' is not assignable to type 'AgentId'.
  Type 'undefined' is not assignable to type 'AgentId'.
src/intelligence/conversation-framework/__tests__/orchestrator.test.ts(113,9): error TS2322: Type 'AgentId | undefined' is not assignable to type 'AgentId'.
  Type 'undefined' is not assignable to type 'AgentId'.
src/intelligence/conversation-framework/__tests__/orchestrator.test.ts(167,9): error TS2322: Type 'AgentId | undefined' is not assignable to type 'AgentId'.
  Type 'undefined' is not assignable to type 'AgentId'.
src/intelligence/conversation-framework/__tests__/orchestrator.test.ts(188,9): error TS2322: Type 'AgentId | undefined' is not assignable to type 'AgentId'.
  Type 'undefined' is not assignable to type 'AgentId'.
src/intelligence/conversation-framework/__tests__/orchestrator.test.ts(224,9): error TS2322: Type '"hacker"' is not assignable to type 'AgentType'.
src/intelligence/conversation-framework/__tests__/orchestrator.test.ts(232,9): error TS2322: Type 'AgentId | undefined' is not assignable to type 'AgentId'.
  Type 'undefined' is not assignable to type 'AgentId'.
src/intelligence/conversation-framework/__tests__/orchestrator.test.ts(280,9): error TS2322: Type 'AgentId | undefined' is not assignable to type 'AgentId'.
  Type 'undefined' is not assignable to type 'AgentId'.
src/intelligence/conversation-framework/__tests__/orchestrator.test.ts(294,13): error TS2322: Type 'AgentId | undefined' is not assignable to type 'AgentId'.
  Type 'undefined' is not assignable to type 'AgentId'.
src/intelligence/conversation-framework/__tests__/orchestrator.test.ts(344,11): error TS2322: Type 'AgentId | undefined' is not assignable to type 'AgentId'.
  Type 'undefined' is not assignable to type 'AgentId'.
src/intelligence/conversation-framework/__tests__/orchestrator.test.ts(356,9): error TS2322: Type 'AgentId | undefined' is not assignable to type 'AgentId'.
  Type 'undefined' is not assignable to type 'AgentId'.
src/intelligence/conversation-framework/__tests__/orchestrator.test.ts(388,11): error TS2322: Type 'AgentId | undefined' is not assignable to type 'AgentId'.
  Type 'undefined' is not assignable to type 'AgentId'.
src/intelligence/conversation-framework/__tests__/orchestrator.test.ts(400,9): error TS2322: Type 'AgentId | undefined' is not assignable to type 'AgentId'.
  Type 'undefined' is not assignable to type 'AgentId'.
src/intelligence/conversation-framework/memory.ts(301,44): error TS2307: Cannot find module '../../memory/backends/sqlite.backend.js' or its corresponding type declarations.
src/intelligence/conversation-framework/memory.ts(314,42): error TS2307: Cannot find module '../../memory/backends/json.backend.js' or its corresponding type declarations.
src/intelligence/conversation-framework/memory.ts(331,45): error TS2307: Cannot find module '../../memory/backends/lancedb.backend.js' or its corresponding type declarations.
src/intelligence/conversation-framework/orchestrator.ts(51,7): error TS2322: Type 'AgentId | undefined' is not assignable to type 'AgentId'.
  Type 'undefined' is not assignable to type 'AgentId'.
src/intelligence/conversation-framework/orchestrator.ts(157,5): error TS2532: Object is possibly 'undefined'.
src/intelligence/conversation-framework/orchestrator.ts(585,22): error TS2532: Object is possibly 'undefined'.
src/intelligence/conversation-framework/orchestrator.ts(651,20): error TS2532: Object is possibly 'undefined'.
src/intelligence/conversation-framework/orchestrator.ts(651,54): error TS2532: Object is possibly 'undefined'.
src/intelligence/index.ts(22,1): error TS2308: Module './adaptive-learning/knowledge-evolution' has already exported a member named 'AntiPattern'. Consider explicitly re-exporting to resolve the ambiguity.
src/intelligence/index.ts(22,1): error TS2308: Module './adaptive-learning/knowledge-evolution' has already exported a member named 'BestPractice'. Consider explicitly re-exporting to resolve the ambiguity.
src/intelligence/index.ts(138,28): error TS2554: Expected 3 arguments, but got 2.
src/intelligence/index.ts(198,20): error TS2554: Expected 3 arguments, but got 2.
src/intelligence/mcp-integration.ts(150,14): error TS2531: Object is possibly 'null'.
src/intelligence/mcp-integration.ts(262,16): error TS2339: Property 'metrics' does not exist on type '{ agentId: any; timeframe: any; analysisperiod: { start: string; end: string; }; patterns: { participationRate: number; averageResponseTime: number; preferredMessageTypes: string[]; collaborationStyle: string; expertise: string[]; strongestPartnerships: { ...; }[]; }; insights: string[]; recommendations: string[]; }'.
src/intelligence/mcp-integration.ts(353,38): error TS7053: Element implicitly has an 'any' type because expression of type 'any' can't be used to index type '{ efficiency: { currentScore: number; suggestions: { priority: string; category: string; suggestion: string; expectedImpact: number; effort: string; }[]; }; participation: { currentScore: number; suggestions: { ...; }[]; }; consensus: { ...; }; quality: { ...; }; }'.
src/intelligence/mcp-integration.ts(356,11): error TS7053: Element implicitly has an 'any' type because expression of type 'any' can't be used to index type '{ efficiency: { currentScore: number; suggestions: { priority: string; category: string; suggestion: string; expectedImpact: number; effort: string; }[]; }; participation: { currentScore: number; suggestions: { ...; }[]; }; consensus: { ...; }; quality: { ...; }; }'.
src/intelligence/mcp-integration.ts(356,61): error TS7006: Parameter 's' implicitly has an 'any' type.
src/intelligence/mcp-integration.ts(358,11): error TS7053: Element implicitly has an 'any' type because expression of type 'any' can't be used to index type '{ efficiency: { currentScore: number; suggestions: { priority: string; category: string; suggestion: string; expectedImpact: number; effort: string; }[]; }; participation: { currentScore: number; suggestions: { ...; }[]; }; consensus: { ...; }; quality: { ...; }; }'.
src/intelligence/mcp-integration.ts(358,61): error TS7006: Parameter 's' implicitly has an 'any' type.
src/intelligence/mcp-integration.ts(360,11): error TS7053: Element implicitly has an 'any' type because expression of type 'any' can't be used to index type '{ efficiency: { currentScore: number; suggestions: { priority: string; category: string; suggestion: string; expectedImpact: number; effort: string; }[]; }; participation: { currentScore: number; suggestions: { ...; }[]; }; consensus: { ...; }; quality: { ...; }; }'.
src/intelligence/mcp-integration.ts(360,61): error TS7006: Parameter 's' implicitly has an 'any' type.
src/intelligence/mcp-integration.ts(509,18): error TS2339: Property 'recommendations' does not exist on type '{ conversationId: any; predictionTimestamp: string; predictionHorizon: string; currentStatus: { phase: string; participantCount: number; messageCount: number; consensusLevel: number; energyLevel: number; }; predictions: { ...; }; }'.
src/interfaces/agui/agui-adapter.ts(84,21): error TS2345: Argument of type 'string | undefined' is not assignable to parameter of type 'string | PromiseLike<string>'.
  Type 'undefined' is not assignable to type 'string | PromiseLike<string>'.
src/interfaces/agui/agui-adapter.ts(103,45): error TS2345: Argument of type 'ValidationQuestion | undefined' is not assignable to parameter of type 'ValidationQuestion'.
  Type 'undefined' is not assignable to type 'ValidationQuestion'.
src/interfaces/agui/agui-adapter.ts(121,11): error TS6133: '_icons' is declared but its value is never read.
src/interfaces/api/http/client.ts(93,33): error TS2379: Argument of type '{ baseURL: string; timeout: number | undefined; headers: { 'Content-Type': string; Accept: string; }; }' is not assignable to parameter of type 'CreateAxiosDefaults<any>' with 'exactOptionalPropertyTypes: true'. Consider adding 'undefined' to the types of the target's properties.
  Types of property 'timeout' are incompatible.
    Type 'number | undefined' is not assignable to type 'number'.
      Type 'undefined' is not assignable to type 'number'.
src/interfaces/api/http/client.ts(192,11): error TS2375: Type '{ method: "DELETE" | "GET" | "POST" | "PUT"; url: string; data: unknown; timeout: number | undefined; headers: Record<string, string> | undefined; }' is not assignable to type 'AxiosRequestConfig<any>' with 'exactOptionalPropertyTypes: true'. Consider adding 'undefined' to the types of the target's properties.
  Types of property 'headers' are incompatible.
    Type 'Record<string, string> | undefined' is not assignable to type 'AxiosHeaders | (Partial<RawAxiosHeaders & { Authorization: AxiosHeaderValue; Accept: AxiosHeaderValue; "Content-Length": AxiosHeaderValue; "User-Agent": AxiosHeaderValue; "Content-Encoding": AxiosHeaderValue; } & { ...; }> & Partial<...>)'.
      Type 'undefined' is not assignable to type 'AxiosHeaders | (Partial<RawAxiosHeaders & { Authorization: AxiosHeaderValue; Accept: AxiosHeaderValue; "Content-Length": AxiosHeaderValue; "User-Agent": AxiosHeaderValue; "Content-Encoding": AxiosHeaderValue; } & { ...; }> & Partial<...>)'.
src/interfaces/api/http/di/database-container.ts(147,21): error TS4111: Property 'NODE_ENV' comes from an index signature, so it must be accessed with ['NODE_ENV'].
src/interfaces/api/http/di/database-container.ts(608,61): error TS2339: Property 'rowCount' does not exist on type '{ type: any; sql: any; params: any; success: boolean; error: string; } | { type: string; sql: any; params: any; success: boolean; rowCount: any; data: any; affectedRows?: never; insertId?: never; } | { type: string; ... 6 more ...; data?: never; }'.
  Property 'rowCount' does not exist on type '{ type: any; sql: any; params: any; success: boolean; error: string; }'.
src/interfaces/api/http/di/database-container.ts(608,75): error TS2339: Property 'affectedRows' does not exist on type '{ type: any; sql: any; params: any; success: boolean; error: string; } | { type: string; sql: any; params: any; success: boolean; rowCount: any; data: any; affectedRows?: never; insertId?: never; } | { type: string; ... 6 more ...; data?: never; }'.
  Property 'affectedRows' does not exist on type '{ type: any; sql: any; params: any; success: boolean; error: string; }'.
src/interfaces/api/http/di/database-container.ts(1002,34): error TS18046: 'error' is of type 'unknown'.
src/interfaces/api/http/di/database-container.ts(1005,31): error TS18046: 'error' is of type 'unknown'.
src/interfaces/api/http/middleware/auth.ts(69,19): error TS4111: Property 'NODE_ENV' comes from an index signature, so it must be accessed with ['NODE_ENV'].
src/interfaces/api/http/middleware/auth.ts(113,21): error TS4111: Property 'NODE_ENV' comes from an index signature, so it must be accessed with ['NODE_ENV'].
src/interfaces/api/http/middleware/errors.ts(76,5): error TS2412: Type 'Record<string, unknown> | undefined' is not assignable to type 'Record<string, unknown>' with 'exactOptionalPropertyTypes: true'. Consider adding 'undefined' to the type of the target.
  Type 'undefined' is not assignable to type 'Record<string, unknown>'.
src/interfaces/api/http/middleware/errors.ts(77,5): error TS2412: Type 'string | undefined' is not assignable to type 'string' with 'exactOptionalPropertyTypes: true'. Consider adding 'undefined' to the type of the target.
  Type 'undefined' is not assignable to type 'string'.
src/interfaces/api/http/middleware/errors.ts(100,7): error TS6133: '_getErrorCodeFromStatus' is declared but its value is never read.
src/interfaces/api/http/middleware/errors.ts(209,27): error TS4111: Property 'NODE_ENV' comes from an index signature, so it must be accessed with ['NODE_ENV'].
src/interfaces/api/http/middleware/errors.ts(211,21): error TS4111: Property 'NODE_ENV' comes from an index signature, so it must be accessed with ['NODE_ENV'].
src/interfaces/api/http/middleware/errors.ts(221,5): error TS2375: Type '{ code: string; message: string; details: Record<string, unknown> | undefined; timestamp: string; path: string; method: string; traceId: string; }' is not assignable to type '{ readonly code: string; readonly message: string; readonly details?: Record<string, unknown>; readonly timestamp: string; readonly path: string; readonly method: string; readonly traceId?: string; }' with 'exactOptionalPropertyTypes: true'. Consider adding 'undefined' to the types of the target's properties.
  Types of property 'details' are incompatible.
    Type 'Record<string, unknown> | undefined' is not assignable to type 'Record<string, unknown>'.
      Type 'undefined' is not assignable to type 'Record<string, unknown>'.
src/interfaces/api/http/middleware/logging.ts(164,19): error TS4111: Property 'NODE_ENV' comes from an index signature, so it must be accessed with ['NODE_ENV'].
src/interfaces/api/http/middleware/logging.ts(235,5): error TS2375: Type '{ requestMethod: string; requestUrl: string; requestSize: number; status: number | undefined; responseSize: number | undefined; userAgent: string | undefined; remoteIp: string | undefined; referer: string | undefined; latency: string | undefined; protocol: string; }' is not assignable to type '{ readonly requestMethod: string; readonly requestUrl: string; readonly requestSize?: number; readonly status?: number; readonly responseSize?: number; readonly userAgent?: string; readonly remoteIp?: string; readonly referer?: string; readonly latency?: string; readonly protocol?: string; }' with 'exactOptionalPropertyTypes: true'. Consider adding 'undefined' to the types of the target's properties.
  Types of property 'status' are incompatible.
    Type 'number | undefined' is not assignable to type 'number'.
      Type 'undefined' is not assignable to type 'number'.
src/interfaces/api/http/middleware/logging.ts(267,19): error TS4111: Property 'NODE_ENV' comes from an index signature, so it must be accessed with ['NODE_ENV'].
src/interfaces/api/http/middleware/logging.ts(269,26): error TS6133: 'timestamp' is declared but its value is never read.
src/interfaces/api/http/middleware/logging.ts(269,37): error TS6133: 'level' is declared but its value is never read.
src/interfaces/api/http/middleware/logging.ts(269,44): error TS6133: 'message' is declared but its value is never read.
src/interfaces/api/http/middleware/logging.ts(270,11): error TS6133: '_duration' is declared but its value is never read.
src/interfaces/api/http/middleware/logging.ts(271,11): error TS6133: '_status' is declared but its value is never read.
src/interfaces/api/http/middleware/logging.ts(272,11): error TS6133: '_method' is declared but its value is never read.
src/interfaces/api/http/middleware/logging.ts(273,11): error TS6133: '_url' is declared but its value is never read.
src/interfaces/api/http/middleware/rate-limit.ts(139,7): error TS2322: Type 'boolean | undefined' is not assignable to type 'boolean'.
  Type 'undefined' is not assignable to type 'boolean'.
src/interfaces/api/http/middleware/rate-limit.ts(342,9): error TS6133: '_config' is declared but its value is never read.
src/interfaces/api/http/server.ts(93,29): error TS4111: Property 'NODE_ENV' comes from an index signature, so it must be accessed with ['NODE_ENV'].
src/interfaces/api/http/v1/coordination.ts(12,33): error TS2307: Cannot find module '../../coordination/api' or its corresponding type declarations.
src/interfaces/api/http/v1/coordination.ts(37,27): error TS4111: Property 'status' comes from an index signature, so it must be accessed with ['status'].
src/interfaces/api/http/v1/coordination.ts(38,25): error TS4111: Property 'type' comes from an index signature, so it must be accessed with ['type'].
src/interfaces/api/http/v1/coordination.ts(39,26): error TS4111: Property 'limit' comes from an index signature, so it must be accessed with ['limit'].
src/interfaces/api/http/v1/coordination.ts(39,53): error TS4111: Property 'limit' comes from an index signature, so it must be accessed with ['limit'].
src/interfaces/api/http/v1/coordination.ts(40,27): error TS4111: Property 'offset' comes from an index signature, so it must be accessed with ['offset'].
src/interfaces/api/http/v1/coordination.ts(40,55): error TS4111: Property 'offset' comes from an index signature, so it must be accessed with ['offset'].
src/interfaces/api/http/v1/coordination.ts(77,34): error TS4111: Property 'agentId' comes from an index signature, so it must be accessed with ['agentId'].
src/interfaces/api/http/v1/coordination.ts(95,34): error TS4111: Property 'agentId' comes from an index signature, so it must be accessed with ['agentId'].
src/interfaces/api/http/v1/coordination.ts(143,33): error TS4111: Property 'taskId' comes from an index signature, so it must be accessed with ['taskId'].
src/interfaces/api/http/v1/coordination.ts(216,35): error TS4111: Property 'timeRange' comes from an index signature, so it must be accessed with ['timeRange'].
src/interfaces/api/http/v1/coordination.ts(267,34): error TS4111: Property 'agentId' comes from an index signature, so it must be accessed with ['agentId'].
src/interfaces/api/http/v1/coordination.ts(271,27): error TS4111: Property 'status' comes from an index signature, so it must be accessed with ['status'].
src/interfaces/api/http/v1/coordination.ts(294,33): error TS4111: Property 'taskId' comes from an index signature, so it must be accessed with ['taskId'].
src/interfaces/api/http/v1/coordination.ts(326,34): error TS4111: Property 'agentId' comes from an index signature, so it must be accessed with ['agentId'].
src/interfaces/api/http/v1/database.ts(38,76): error TS18046: 'error' is of type 'unknown'.
src/interfaces/api/http/v1/database.ts(200,18): error TS18046: 'error' is of type 'unknown'.
src/interfaces/api/http/v1/database.ts(203,68): error TS18046: 'error' is of type 'unknown'.
src/interfaces/api/http/v1/database.ts(244,18): error TS18046: 'error' is of type 'unknown'.
src/interfaces/api/http/v1/database.ts(247,62): error TS18046: 'error' is of type 'unknown'.
src/interfaces/api/http/v1/database.ts(288,18): error TS18046: 'error' is of type 'unknown'.
src/interfaces/api/http/v1/database.ts(291,64): error TS18046: 'error' is of type 'unknown'.
src/interfaces/api/http/v1/database.ts(332,18): error TS18046: 'error' is of type 'unknown'.
src/interfaces/api/http/v1/database.ts(335,58): error TS18046: 'error' is of type 'unknown'.
src/interfaces/api/http/v1/database.ts(373,18): error TS18046: 'error' is of type 'unknown'.
src/interfaces/api/http/v1/database.ts(376,63): error TS18046: 'error' is of type 'unknown'.
src/interfaces/api/http/v1/database.ts(419,18): error TS18046: 'error' is of type 'unknown'.
src/interfaces/api/http/v1/database.ts(422,56): error TS18046: 'error' is of type 'unknown'.
src/interfaces/api/http/v1/database.ts(459,18): error TS18046: 'error' is of type 'unknown'.
src/interfaces/api/http/v1/database.ts(462,66): error TS18046: 'error' is of type 'unknown'.
src/interfaces/api/http/v1/database.ts(517,18): error TS18046: 'error' is of type 'unknown'.
src/interfaces/api/http/v1/database.ts(524,18): error TS18046: 'error' is of type 'unknown'.
src/interfaces/api/http/v1/memory.ts(97,34): error TS4111: Property 'storeId' comes from an index signature, so it must be accessed with ['storeId'].
src/interfaces/api/http/v1/memory.ts(98,33): error TS4111: Property 'pattern' comes from an index signature, so it must be accessed with ['pattern'].
src/interfaces/api/http/v1/memory.ts(99,40): error TS4111: Property 'limit' comes from an index signature, so it must be accessed with ['limit'].
src/interfaces/api/http/v1/memory.ts(241,34): error TS4111: Property 'storeId' comes from an index signature, so it must be accessed with ['storeId'].
src/interfaces/api/http/v1/memory.ts(286,34): error TS4111: Property 'storeId' comes from an index signature, so it must be accessed with ['storeId'].
src/interfaces/api/http/v1/memory.ts(333,34): error TS4111: Property 'storeId' comes from an index signature, so it must be accessed with ['storeId'].
src/interfaces/api/http/v1/memory.ts(377,34): error TS4111: Property 'storeId' comes from an index signature, so it must be accessed with ['storeId'].
src/interfaces/api/http/v1/neural.ts(12,33): error TS2307: Cannot find module '../../neural/api' or its corresponding type declarations.
src/interfaces/api/http/v1/neural.ts(38,25): error TS4111: Property 'type' comes from an index signature, so it must be accessed with ['type'].
src/interfaces/api/http/v1/neural.ts(39,27): error TS4111: Property 'status' comes from an index signature, so it must be accessed with ['status'].
src/interfaces/api/http/v1/neural.ts(91,36): error TS4111: Property 'networkId' comes from an index signature, so it must be accessed with ['networkId'].
src/interfaces/api/http/v1/neural.ts(124,36): error TS4111: Property 'networkId' comes from an index signature, so it must be accessed with ['networkId'].
src/interfaces/api/http/v1/neural.ts(148,36): error TS4111: Property 'networkId' comes from an index signature, so it must be accessed with ['networkId'].
src/interfaces/api/http/v1/neural.ts(246,36): error TS4111: Property 'networkId' comes from an index signature, so it must be accessed with ['networkId'].
src/interfaces/api/http/v1/neural.ts(282,36): error TS4111: Property 'networkId' comes from an index signature, so it must be accessed with ['networkId'].
src/interfaces/api/http/v1/neural.ts(306,40): error TS7006: Parameter 'sum' implicitly has an 'any' type.
src/interfaces/api/http/v1/neural.ts(306,45): error TS7006: Parameter 'r' implicitly has an 'any' type.
src/interfaces/api/http/v1/neural.ts(316,42): error TS7006: Parameter 'sum' implicitly has an 'any' type.
src/interfaces/api/http/v1/neural.ts(316,47): error TS7006: Parameter 'r' implicitly has an 'any' type.
src/interfaces/api/http/v1/neural.ts(335,36): error TS4111: Property 'networkId' comes from an index signature, so it must be accessed with ['networkId'].
src/interfaces/api/http/v1/neural.ts(409,36): error TS4111: Property 'networkId' comes from an index signature, so it must be accessed with ['networkId'].
src/interfaces/api/websocket/client.ts(119,8): error TS7006: Parameter 'data' implicitly has an 'any' type.
src/interfaces/cli/advanced-cli-engine.ts(607,12): error TS2352: Conversion of type '{ swarmId: string; realTimeMetrics: {}; visualizations: {}; alertSystem: {}; optimizationSuggestions: never[]; }' to type 'MonitoringDashboard' may be a mistake because neither type sufficiently overlaps with the other. If this was intentional, convert the expression to 'unknown' first.
  Types of property 'realTimeMetrics' are incompatible.
    Type '{}' is missing the following properties from type 'SwarmMetrics': performance, coordination, resource, health
src/interfaces/cli/advanced-cli-engine.ts(618,12): error TS2352: Conversion of type '{ executedCommands: number; successRate: number; performance: {}; warnings: never[]; optimizationOpportunities: never[]; }' to type 'ControlResult' may be a mistake because neither type sufficiently overlaps with the other. If this was intentional, convert the expression to 'unknown' first.
  Types of property 'performance' are incompatible.
    Type '{}' is missing the following properties from type 'PerformanceImpact': latencyChange, throughputChange, resourceChange
src/interfaces/cli/advanced-cli-engine.ts(640,12): error TS2352: Conversion of type '{ pipeline: DevPipeline; stages: never[]; success: true; metrics: {}; artifacts: never[]; }' to type 'PipelineResult' may be a mistake because neither type sufficiently overlaps with the other. If this was intentional, convert the expression to 'unknown' first.
  Types of property 'metrics' are incompatible.
    Type '{}' is missing the following properties from type 'PipelineMetrics': totalDuration, successRate, qualityScore, performanceScore
src/interfaces/cli/commands/discover.ts(29,32): error TS2339: Property 'discovery' does not exist on type 'SystemConfiguration'.
src/interfaces/cli/commands/discover.ts(31,28): error TS2339: Property 'discovery' does not exist on type 'SystemConfiguration'.
src/interfaces/cli/commands/discover.ts(32,32): error TS2339: Property 'discovery' does not exist on type 'SystemConfiguration'.
src/interfaces/cli/commands/discover.ts(34,24): error TS2339: Property 'swarm' does not exist on type 'SystemConfiguration'.
src/interfaces/cli/commands/discover.ts(35,28): error TS2339: Property 'swarm' does not exist on type 'SystemConfiguration'.
src/interfaces/cli/commands/discover.ts(36,31): error TS2339: Property 'discovery' does not exist on type 'SystemConfiguration'.
src/interfaces/cli/commands/discover.ts(38,32): error TS2339: Property 'discovery' does not exist on type 'SystemConfiguration'.
src/interfaces/cli/commands/discover.ts(39,29): error TS2339: Property 'discovery' does not exist on type 'SystemConfiguration'.
src/interfaces/cli/commands/discover.ts(40,30): error TS2339: Property 'swarm' does not exist on type 'SystemConfiguration'.
src/interfaces/cli/commands/discover.ts(228,13): error TS6133: '_topology' is declared but its value is never read.
src/interfaces/cli/commands/discover.ts(229,13): error TS6133: '_skipValidation' is declared but its value is never read.
src/interfaces/cli/commands/discover.ts(263,11): error TS2353: Object literal may only specify known properties, and 'maxAgents' does not exist in type 'KnowledgeSwarmConfig'.
src/interfaces/cli/commands/discover.ts(266,39): error TS4111: Property 'FACT_REPO_PATH' comes from an index signature, so it must be accessed with ['FACT_REPO_PATH'].
src/interfaces/cli/commands/discover.ts(267,42): error TS4111: Property 'ANTHROPIC_API_KEY' comes from an index signature, so it must be accessed with ['ANTHROPIC_API_KEY'].
src/interfaces/cli/commands/discover.ts(282,57): error TS2339: Property 'name' does not exist on type 'ProjectContext'.
src/interfaces/cli/commands/discover.ts(307,77): error TS2345: Argument of type 'undefined' is not assignable to parameter of type 'WorkflowEngine'.
src/interfaces/cli/commands/discover.ts(314,41): error TS2554: Expected 3 arguments, but got 0.
src/interfaces/cli/commands/discover.ts(315,39): error TS2339: Property 'initialize' does not exist on type 'IntelligenceCoordinationSystem'.
src/interfaces/cli/commands/discover.ts(384,11): error TS2322: Type '{ name: any; path: any; files: any; confidence: any; suggestedConcepts: any; technologies: any; relatedDomains: any; validations: any; research: any; refinementHistory: any; }[]' is not assignable to type 'DiscoveredDomain[]'.
  Type '{ name: any; path: any; files: any; confidence: any; suggestedConcepts: any; technologies: any; relatedDomains: any; validations: any; research: any; refinementHistory: any; }' is missing the following properties from type 'DiscoveredDomain': id, description, documents, codeFiles, and 4 more.
src/interfaces/cli/commands/discover.ts(472,53): error TS2345: Argument of type 'PublicSwarmCoordinator' is not assignable to parameter of type 'SwarmCoordinator'.
  Type 'PublicSwarmCoordinator' is missing the following properties from type 'SwarmCoordinator': agents, tasks, metrics, startTime, and 32 more.
src/interfaces/cli/commands/discover.ts(538,30): error TS2367: This comparison appears to be unintentional because the types 'SwarmLifecycleState' and '"error"' have no overlap.
src/interfaces/cli/commands/discover.ts(646,13): error TS2769: No overload matches this call.
  The last overload gave the following error.
    Type '{ confidence: number | undefined; maxIterations: number | undefined; skipValidation: boolean | undefined; }' is not assignable to type '{ confidence?: number; maxIterations?: number; skipValidation?: boolean; }' with 'exactOptionalPropertyTypes: true'. Consider adding 'undefined' to the types of the target's properties.
      Types of property 'confidence' are incompatible.
        Type 'number | undefined' is not assignable to type 'number'.
          Type 'undefined' is not assignable to type 'number'.
src/interfaces/cli/commands/discover.ts(696,11): error TS2345: Argument of type '([domain, status]: [any, any]) => { domain: any; status: any; agents: any; message: any; }' is not assignable to parameter of type '(value: unknown, index: number, array: unknown[]) => { domain: any; status: any; agents: any; message: any; }'.
  Types of parameters '__0' and 'value' are incompatible.
    Type 'unknown' is not assignable to type '[any, any]'.
src/interfaces/cli/commands/discover.ts(704,11): error TS2345: Argument of type '([domain, config]: [any, any]) => { domain: any; topology: any; maxAgents: any; resources: any; persistence: any; }' is not assignable to parameter of type '(value: unknown, index: number, array: unknown[]) => { domain: any; topology: any; maxAgents: any; resources: any; persistence: any; }'.
  Types of parameters '__0' and 'value' are incompatible.
    Type 'unknown' is not assignable to type '[any, any]'.
src/interfaces/cli/commands/discover.ts(788,11): error TS6133: '_elapsed' is declared but its value is never read.
src/interfaces/cli/commands/discover.ts(815,9): error TS2345: Argument of type '([name, domain]: [string, any]) => { name: string; path: any; confidence: string; files: any; concepts: any; technologies: any; validations: any; research: any; }' is not assignable to parameter of type '(value: unknown, index: number, array: unknown[]) => { name: string; path: any; confidence: string; files: any; concepts: any; technologies: any; validations: any; research: any; }'.
  Types of parameters '__0' and 'value' are incompatible.
    Type 'unknown' is not assignable to type '[string, any]'.
src/interfaces/cli/commands/discover.ts(878,11): error TS6133: '_summary' is declared but its value is never read.
src/interfaces/cli/commands/discover.ts(902,11): error TS6133: '_markdown' is declared but its value is never read.
src/interfaces/cli/commands/swarm.ts(185,73): error TS18046: 'error' is of type 'unknown'.
src/interfaces/cli/commands/swarm.ts(197,10): error TS6133: '_formatOutput' is declared but its value is never read.
src/interfaces/cli/commands/swarm.ts(222,9): error TS2322: Type '{ agents: number; topology: string; verbose: boolean; timeout: number; format: string; } & Record<string, unknown>' is not assignable to type 'SwarmOptions'.
  Types of property 'topology' are incompatible.
    Type 'string' is not assignable to type '"auto" | "mesh" | "hierarchical" | "ring" | "star"'.
src/interfaces/cli/commands/swarm.ts(305,49): error TS18046: 'error' is of type 'unknown'.
src/interfaces/cli/commands/swarm.ts(311,37): error TS18046: 'error' is of type 'unknown'.
src/interfaces/cli/commands/swarm.ts(323,10): error TS6133: '_getMcpToolName' is declared but its value is never read.
src/interfaces/cli/enhanced-terminal-router.tsx(48,21): error TS4111: Property 'theme' comes from an index signature, so it must be accessed with ['theme'].
src/interfaces/cli/enhanced-terminal-router.tsx(49,25): error TS4111: Property 'verbose' comes from an index signature, so it must be accessed with ['verbose'].
src/interfaces/cli/enhanced-terminal-router.tsx(49,53): error TS4111: Property 'quiet' comes from an index signature, so it must be accessed with ['quiet'].
src/interfaces/cli/enhanced-terminal-router.tsx(50,29): error TS4111: Property 'autoComplete' comes from an index signature, so it must be accessed with ['autoComplete'].
src/interfaces/cli/enhanced-terminal-router.tsx(51,30): error TS4111: Property 'realTime' comes from an index signature, so it must be accessed with ['realTime'].
src/interfaces/cli/enhanced-terminal-router.tsx(53,24): error TS4111: Property 'aiAssist' comes from an index signature, so it must be accessed with ['aiAssist'].
src/interfaces/cli/enhanced-terminal-router.tsx(54,28): error TS4111: Property 'suggestions' comes from an index signature, so it must be accessed with ['suggestions'].
src/interfaces/cli/enhanced-terminal-router.tsx(55,31): error TS4111: Property 'autoCorrect' comes from an index signature, so it must be accessed with ['autoCorrect'].
src/interfaces/cli/enhanced-terminal-router.tsx(56,29): error TS4111: Property 'contextAware' comes from an index signature, so it must be accessed with ['contextAware'].
src/interfaces/cli/enhanced-terminal-router.tsx(57,29): error TS4111: Property 'learn' comes from an index signature, so it must be accessed with ['learn'].
src/interfaces/cli/enhanced-terminal-router.tsx(60,24): error TS4111: Property 'cache' comes from an index signature, so it must be accessed with ['cache'].
src/interfaces/cli/enhanced-terminal-router.tsx(61,32): error TS4111: Property 'parallel' comes from an index signature, so it must be accessed with ['parallel'].
src/interfaces/cli/enhanced-terminal-router.tsx(62,29): error TS4111: Property 'optimize' comes from an index signature, so it must be accessed with ['optimize'].
src/interfaces/cli/enhanced-terminal-router.tsx(63,27): error TS4111: Property 'monitor' comes from an index signature, so it must be accessed with ['monitor'].
src/interfaces/cli/enhanced-terminal-router.tsx(72,7): error TS2448: Block-scoped variable 'initializeEnhancedCLI' used before its declaration.
src/interfaces/cli/enhanced-terminal-router.tsx(72,7): error TS2454: Variable 'initializeEnhancedCLI' is used before being assigned.
src/interfaces/cli/enhanced-terminal-router.tsx(88,16): error TS2345: Argument of type '(prev: TerminalState) => { isInitializing: false; error: undefined; mode: TerminalMode; cliEngine: AdvancedCLIEngine; config: CLIConfig; commandResult?: any; }' is not assignable to parameter of type 'SetStateAction<TerminalState>'.
  Type '(prev: TerminalState) => { isInitializing: false; error: undefined; mode: TerminalMode; cliEngine: AdvancedCLIEngine; config: CLIConfig; commandResult?: any; }' is not assignable to type '(prevState: TerminalState) => TerminalState'.
    Call signature return types '{ isInitializing: false; error: undefined; mode: TerminalMode; cliEngine: AdvancedCLIEngine; config: CLIConfig; commandResult?: any; }' and 'TerminalState' are incompatible.
      The types of 'error' are incompatible between these types.
        Type 'undefined' is not assignable to type 'Error'.
src/interfaces/cli/enhanced-terminal-router.tsx(120,71): error TS2345: Argument of type 'string | undefined' is not assignable to parameter of type 'string'.
  Type 'undefined' is not assignable to type 'string'.
src/interfaces/cli/enhanced-terminal-router.tsx(124,61): error TS2345: Argument of type 'string | undefined' is not assignable to parameter of type 'string'.
  Type 'undefined' is not assignable to type 'string'.
src/interfaces/cli/enhanced-terminal-router.tsx(125,18): error TS2345: Argument of type '(prev: TerminalState) => { commandResult: any; error: undefined; mode: TerminalMode; cliEngine: AdvancedCLIEngine; config: CLIConfig; isInitializing: boolean; }' is not assignable to parameter of type 'SetStateAction<TerminalState>'.
  Type '(prev: TerminalState) => { commandResult: any; error: undefined; mode: TerminalMode; cliEngine: AdvancedCLIEngine; config: CLIConfig; isInitializing: boolean; }' is not assignable to type '(prevState: TerminalState) => TerminalState'.
    Call signature return types '{ commandResult: any; error: undefined; mode: TerminalMode; cliEngine: AdvancedCLIEngine; config: CLIConfig; isInitializing: boolean; }' and 'TerminalState' are incompatible.
      The types of 'error' are incompatible between these types.
        Type 'undefined' is not assignable to type 'Error'.
src/interfaces/cli/enhanced-terminal-router.tsx(132,40): error TS2345: Argument of type 'string | undefined' is not assignable to parameter of type 'string'.
  Type 'undefined' is not assignable to type 'string'.
src/interfaces/cli/enhanced-terminal-router.tsx(246,7): error TS2532: Object is possibly 'undefined'.
src/interfaces/cli/enhanced-terminal-router.tsx(252,11): error TS2532: Object is possibly 'undefined'.
src/interfaces/cli/enhanced-terminal-router.tsx(252,11): error TS2322: Type 'number | undefined' is not assignable to type 'number'.
  Type 'undefined' is not assignable to type 'number'.
src/interfaces/cli/enhanced-terminal-router.tsx(252,26): error TS2532: Object is possibly 'undefined'.
src/interfaces/cli/enhanced-terminal-router.tsx(254,11): error TS2532: Object is possibly 'undefined'.
src/interfaces/cli/enhanced-terminal-router.tsx(255,13): error TS2532: Object is possibly 'undefined'.
src/interfaces/cli/enhanced-terminal-router.tsx(255,13): error TS2532: Object is possibly 'undefined'.
src/interfaces/cli/enhanced-terminal-router.tsx(256,13): error TS2532: Object is possibly 'undefined'.
src/interfaces/cli/enhanced-terminal-router.tsx(256,13): error TS2532: Object is possibly 'undefined'.
src/interfaces/cli/enhanced-terminal-router.tsx(257,13): error TS2532: Object is possibly 'undefined'.
src/interfaces/cli/enhanced-terminal-router.tsx(257,13): error TS2532: Object is possibly 'undefined'.
src/interfaces/cli/enhanced-terminal-router.tsx(263,5): error TS2322: Type 'number | undefined' is not assignable to type 'number'.
  Type 'undefined' is not assignable to type 'number'.
src/interfaces/cli/enhanced-terminal-router.tsx(263,12): error TS2532: Object is possibly 'undefined'.
src/interfaces/cli/enhanced-terminal-router.tsx(335,9): error TS2322: Type '{ result: any; error: Error | undefined; config: CLIConfig; onExit: (code: number) => void; }' is not assignable to type 'IntrinsicAttributes & CommandExecutionProps'.
  Property 'result' does not exist on type 'IntrinsicAttributes & CommandExecutionProps'.
src/interfaces/cli/sparc-swarm-commands.ts(40,32): error TS2554: Expected 1-3 arguments, but got 0.
src/interfaces/cli/sparc-swarm-commands.ts(41,57): error TS2345: Argument of type 'DocumentService' is not assignable to parameter of type 'DocumentManager'.
  Type 'DocumentService' is missing the following properties from type 'DocumentManager': performFulltextSearch, performSemanticSearch, performKeywordSearch, performCombinedSearch, and 19 more.
src/interfaces/cli/sparc-swarm-commands.ts(43,64): error TS2345: Argument of type 'DocumentService' is not assignable to parameter of type 'DocumentManager'.
  Type 'DocumentService' is missing the following properties from type 'DocumentManager': performFulltextSearch, performSemanticSearch, performKeywordSearch, performCombinedSearch, and 19 more.
src/interfaces/cli/sparc-swarm-commands.ts(66,25): error TS6133: 'sparcSwarm' is declared but its value is never read.
src/interfaces/cli/sparc-swarm-commands.ts(72,47): error TS2551: Property 'getDocumentById' does not exist on type 'DocumentService'. Did you mean 'getDocument'?
src/interfaces/cli/sparc-swarm-commands.ts(83,15): error TS6133: '_assignmentId' is declared but its value is never read.
src/interfaces/cli/sparc-swarm-commands.ts(107,44): error TS2551: Property 'getDocumentById' does not exist on type 'DocumentService'. Did you mean 'getDocument'?
src/interfaces/cli/sparc-swarm-commands.ts(118,15): error TS6133: '_assignmentId' is declared but its value is never read.
src/interfaces/cli/sparc-swarm-commands.ts(138,15): error TS6133: '_bridgeStatus' is declared but its value is never read.
src/interfaces/cli/sparc-swarm-commands.ts(139,15): error TS6133: '_workStatus' is declared but its value is never read.
src/interfaces/cli/sparc-swarm-commands.ts(140,15): error TS6133: '_sparcMetrics' is declared but its value is never read.
src/interfaces/cli/sparc-swarm-commands.ts(147,23): error TS6133: '_status' is declared but its value is never read.
src/interfaces/cli/sparc-swarm-commands.ts(184,17): error TS6133: '_phaseMetrics' is declared but its value is never read.
src/interfaces/cli/sparc-swarm-commands.ts(332,25): error TS6133: 'sparcSwarm' is declared but its value is never read.
src/interfaces/cli/sparc-swarm-commands.ts(395,11): error TS2322: Type '"implementation"' is not assignable to type '"development" | "testing" | "documentation" | "deployment" | "research"'.
src/interfaces/cli/sparc-swarm-commands.ts(416,15): error TS6133: '_assignmentId' is declared but its value is never read.
src/interfaces/cli/sparc-swarm-commands.ts(445,26): error TS2554: Expected 1-3 arguments, but got 0.
src/interfaces/cli/sparc-swarm-commands.ts(446,51): error TS2345: Argument of type 'DocumentService' is not assignable to parameter of type 'DocumentManager'.
  Type 'DocumentService' is missing the following properties from type 'DocumentManager': performFulltextSearch, performSemanticSearch, performKeywordSearch, performCombinedSearch, and 19 more.
src/interfaces/cli/sparc-swarm-commands.ts(448,58): error TS2345: Argument of type 'DocumentService' is not assignable to parameter of type 'DocumentManager'.
  Type 'DocumentService' is missing the following properties from type 'DocumentManager': performFulltextSearch, performSemanticSearch, performKeywordSearch, performCombinedSearch, and 19 more.
src/interfaces/cli/sparc-swarm-commands.ts(668,15): error TS6133: '_passed' is declared but its value is never read.
src/interfaces/cli/sparc-swarm-commands.ts(669,15): error TS6133: '_total' is declared but its value is never read.
src/interfaces/cli/sparc-swarm-commands.ts(673,19): error TS6133: '_status' is declared but its value is never read.
src/interfaces/cli/sparc-template-commands.ts(129,19): error TS6133: '_status' is declared but its value is never read.
src/interfaces/cli/sparc-template-commands.ts(149,13): error TS6133: '_stats' is declared but its value is never read.
src/interfaces/clients/adapters/__tests__/knowledge-client-adapter.test.ts(307,15): error TS6133: '_adapter' is declared but its value is never read.
src/interfaces/clients/adapters/__tests__/knowledge-client-adapter.test.ts(328,41): error TS4111: Property 'ANTHROPIC_API_KEY' comes from an index signature, so it must be accessed with ['ANTHROPIC_API_KEY'].
src/interfaces/clients/adapters/__tests__/knowledge-client-adapter.test.ts(329,21): error TS4111: Property 'ANTHROPIC_API_KEY' comes from an index signature, so it must be accessed with ['ANTHROPIC_API_KEY'].
src/interfaces/clients/adapters/__tests__/knowledge-client-adapter.test.ts(335,11): error TS2741: Property 'anthropicApiKey' is missing in type '{ factRepoPath: string; }' but required in type '{ pythonPath?: string; factRepoPath: string; anthropicApiKey: string; }'.
src/interfaces/clients/adapters/__tests__/knowledge-client-adapter.test.ts(351,21): error TS4111: Property 'ANTHROPIC_API_KEY' comes from an index signature, so it must be accessed with ['ANTHROPIC_API_KEY'].
src/interfaces/clients/adapters/__tests__/mcp-client-adapter.test.ts(427,32): error TS2554: Expected 0 arguments, but got 1.
src/interfaces/clients/adapters/__tests__/mcp-client-adapter.test.ts(428,35): error TS2554: Expected 0 arguments, but got 1.
src/interfaces/clients/adapters/base-client-adapter.ts(318,5): error TS2375: Type '{ operationId: string; success: boolean; data: T | undefined; error: { code: string; message: string; details?: any; } | undefined; metadata: { duration: number; timestamp: string; }; }' is not assignable to type 'ClientResult<T>' with 'exactOptionalPropertyTypes: true'. Consider adding 'undefined' to the types of the target's properties.
  Types of property 'data' are incompatible.
    Type 'T | undefined' is not assignable to type 'T'.
      'T' could be instantiated with an arbitrary type which could be unrelated to 'T | undefined'.
src/interfaces/clients/adapters/base-client-adapter.ts(349,50): error TS4111: Property 'cacheOps' comes from an index signature, so it must be accessed with ['cacheOps'].
src/interfaces/clients/adapters/base-client-adapter.ts(350,46): error TS4111: Property 'cacheHits' comes from an index signature, so it must be accessed with ['cacheHits'].
src/interfaces/clients/adapters/base-client-adapter.ts(351,28): error TS4111: Property 'cacheOps' comes from an index signature, so it must be accessed with ['cacheOps'].
src/interfaces/clients/adapters/base-client-adapter.ts(353,30): error TS4111: Property 'cacheHits' comes from an index signature, so it must be accessed with ['cacheHits'].
src/interfaces/clients/adapters/base-client-adapter.ts(355,37): error TS2532: Object is possibly 'undefined'.
src/interfaces/clients/adapters/base-client-adapter.ts(355,58): error TS4111: Property 'cacheHits' comes from an index signature, so it must be accessed with ['cacheHits'].
src/interfaces/clients/adapters/base-client-adapter.ts(355,91): error TS4111: Property 'cacheOps' comes from an index signature, so it must be accessed with ['cacheOps'].
src/interfaces/clients/adapters/base-client-adapter.ts(385,13): error TS6133: '_prefix' is declared but its value is never read.
src/interfaces/clients/adapters/enhanced-websocket-client.ts(145,11): error TS2322: Type 'number | undefined' is not assignable to type 'WebSocketReadyState'.
  Type 'undefined' is not assignable to type 'WebSocketReadyState'.
src/interfaces/clients/adapters/enhanced-websocket-client.ts(163,11): error TS2322: Type 'number | undefined' is not assignable to type 'WebSocketReadyState'.
  Type 'undefined' is not assignable to type 'WebSocketReadyState'.
src/interfaces/clients/adapters/enhanced-websocket-client.ts(330,3): error TS2416: Property 'on' in type 'EnhancedWebSocketClient' is not assignable to the same property in base type 'EventEmitter<DefaultEventMap>'.
  Type '(event: string, handler: (...args: any[]) => void) => void' is not assignable to type '<K>(eventName: string | symbol, listener: (...args: any[]) => void) => this'.
    Type 'void' is not assignable to type 'this'.
      'this' could be instantiated with an arbitrary type which could be unrelated to 'void'.
src/interfaces/clients/adapters/enhanced-websocket-client.ts(330,3): error TS4114: This member must have an 'override' modifier because it overrides a member in the base class 'EventEmitter<DefaultEventMap>'.
src/interfaces/clients/adapters/enhanced-websocket-client.ts(343,3): error TS2416: Property 'off' in type 'EnhancedWebSocketClient' is not assignable to the same property in base type 'EventEmitter<DefaultEventMap>'.
  Type '(event: string, handler?: ((...args: any[]) => void) | undefined) => void' is not assignable to type '<K>(eventName: string | symbol, listener: (...args: any[]) => void) => this'.
    Type 'void' is not assignable to type 'this'.
      'this' could be instantiated with an arbitrary type which could be unrelated to 'void'.
src/interfaces/clients/adapters/enhanced-websocket-client.ts(343,3): error TS4114: This member must have an 'override' modifier because it overrides a member in the base class 'EventEmitter<DefaultEventMap>'.
src/interfaces/clients/adapters/enhanced-websocket-client.ts(461,7): error TS2322: Type 'number' is not assignable to type 'WebSocketReadyState'.
src/interfaces/clients/adapters/enhanced-websocket-client.ts(594,17): error TS2345: Argument of type '{ data: any; status: any; statusText: any; headers: any; config: RequestOptions; metadata: { requestId: string; duration: number; connectionId: string; messageType: string; }; }' is not assignable to parameter of type 'ClientResponse<T> | PromiseLike<ClientResponse<T>>'.
  Property 'timestamp' is missing in type '{ data: any; status: any; statusText: any; headers: any; config: RequestOptions; metadata: { requestId: string; duration: number; connectionId: string; messageType: string; }; }' but required in type 'ClientResponse<T>'.
src/interfaces/clients/adapters/enhanced-websocket-client.ts(775,5): error TS2375: Type '{ name: string; baseURL: string; url: string; timeout: number | undefined; reconnection: { enabled: true; maxAttempts: number; initialDelay: number; maxDelay: number; backoff: "exponential"; }; heartbeat: { ...; }; messageQueue: { ...; }; }' is not assignable to type 'WebSocketClientConfig' with 'exactOptionalPropertyTypes: true'. Consider adding 'undefined' to the types of the target's properties.
  Types of property 'timeout' are incompatible.
    Type 'number | undefined' is not assignable to type 'number'.
      Type 'undefined' is not assignable to type 'number'.
src/interfaces/clients/adapters/http-client-adapter.ts(413,9): error TS2322: Type 'string | undefined' is not assignable to type 'string | null'.
  Type 'undefined' is not assignable to type 'string | null'.
src/interfaces/clients/adapters/http-client-adapter.ts(684,5): error TS2322: Type 'number | undefined' is not assignable to type 'number'.
  Type 'undefined' is not assignable to type 'number'.
src/interfaces/clients/adapters/http-client-adapter.ts(708,7): error TS2412: Type 'undefined' is not assignable to type 'Timeout' with 'exactOptionalPropertyTypes: true'. Consider adding 'undefined' to the type of the target.
src/interfaces/clients/adapters/http-client-adapter.ts(713,7): error TS2412: Type 'undefined' is not assignable to type 'Timeout' with 'exactOptionalPropertyTypes: true'. Consider adding 'undefined' to the type of the target.
src/interfaces/clients/adapters/http-client-adapter.ts(827,7): error TS2353: Object literal may only specify known properties, and 'metadata' does not exist in type 'AxiosRequestConfig<any>'.
src/interfaces/clients/adapters/http-client-adapter.ts(835,5): error TS2741: Property 'timestamp' is missing in type '{ data: T; status: number; statusText: string; headers: Record<string, string>; config: RequestOptions; metadata: any; }' but required in type 'ClientResponse<T>'.
src/interfaces/clients/adapters/knowledge-client-adapter.ts(156,12): error TS2339: Property '_status' does not exist on type 'KnowledgeClientAdapter'.
src/interfaces/clients/adapters/knowledge-client-adapter.ts(162,12): error TS2339: Property '_status' does not exist on type 'KnowledgeClientAdapter'.
src/interfaces/clients/adapters/knowledge-client-adapter.ts(166,12): error TS2339: Property '_status' does not exist on type 'KnowledgeClientAdapter'.
src/interfaces/clients/adapters/knowledge-client-adapter.ts(183,12): error TS2339: Property '_status' does not exist on type 'KnowledgeClientAdapter'.
src/interfaces/clients/adapters/knowledge-client-adapter.ts(186,12): error TS2339: Property '_status' does not exist on type 'KnowledgeClientAdapter'.
src/interfaces/clients/adapters/knowledge-client-adapter.ts(207,13): error TS2375: Type '{ query: string; tools: string[] | undefined; useCache: boolean; metadata: Record<string, any> | undefined; }' is not assignable to type 'FACTQuery' with 'exactOptionalPropertyTypes: true'. Consider adding 'undefined' to the types of the target's properties.
  Types of property 'tools' are incompatible.
    Type 'string[] | undefined' is not assignable to type 'string[]'.
      Type 'undefined' is not assignable to type 'string[]'.
src/interfaces/clients/adapters/knowledge-client-adapter.ts(218,13): error TS2375: Type '{ response: string; queryId: string; executionTimeMs: number; cacheHit: boolean; toolsUsed: string[]; cost: number | undefined; confidence: number; sources: { title: string; url: string; relevance: number; }[]; metadata: Record<...> | undefined; }' is not assignable to type 'KnowledgeResponse' with 'exactOptionalPropertyTypes: true'. Consider adding 'undefined' to the types of the target's properties.
  Types of property 'cost' are incompatible.
    Type 'number | undefined' is not assignable to type 'number'.
      Type 'undefined' is not assignable to type 'number'.
src/interfaces/clients/adapters/knowledge-client-adapter.ts(310,11): error TS2375: Type '{ query: string; type: "semantic"; tools: string[] | undefined; options: KnowledgeQueryOptions | undefined; metadata: { queryType: string; }; }' is not assignable to type 'KnowledgeRequest' with 'exactOptionalPropertyTypes: true'. Consider adding 'undefined' to the types of the target's properties.
  Types of property 'tools' are incompatible.
    Type 'string[] | undefined' is not assignable to type 'string[]'.
      Type 'undefined' is not assignable to type 'string[]'.
src/interfaces/clients/adapters/knowledge-client-adapter.ts(331,11): error TS2375: Type '{ query: string; type: "exact" | "fuzzy"; tools: string[]; options: KnowledgeSearchOptions | undefined; metadata: { queryType: string; }; }' is not assignable to type 'KnowledgeRequest' with 'exactOptionalPropertyTypes: true'. Consider adding 'undefined' to the types of the target's properties.
  Types of property 'options' are incompatible.
    Type 'KnowledgeSearchOptions | undefined' is not assignable to type 'KnowledgeQueryOptions'.
      Type 'undefined' is not assignable to type 'KnowledgeQueryOptions'.
src/interfaces/clients/adapters/knowledge-client-adapter.ts(453,11): error TS2375: Type '{ query: string; type: "semantic"; tools: string[]; options: SemanticSearchOptions | undefined; metadata: { queryType: string; vectorSearch: boolean | undefined; }; }' is not assignable to type 'KnowledgeRequest' with 'exactOptionalPropertyTypes: true'. Consider adding 'undefined' to the types of the target's properties.
  Types of property 'options' are incompatible.
    Type 'SemanticSearchOptions | undefined' is not assignable to type 'KnowledgeQueryOptions'.
      Type 'undefined' is not assignable to type 'KnowledgeQueryOptions'.
src/interfaces/clients/adapters/knowledge-client-adapter.ts(473,5): error TS2375: Type '{ pythonPath: string | undefined; factRepoPath: string; anthropicApiKey: string; cacheConfig: { prefix: string; minTokens: number; maxSize: string; ttlSeconds: number; } | undefined; enableCache: boolean; databasePath: string; }' is not assignable to type 'FACTConfig' with 'exactOptionalPropertyTypes: true'. Consider adding 'undefined' to the types of the target's properties.
  Types of property 'pythonPath' are incompatible.
    Type 'string | undefined' is not assignable to type 'string'.
      Type 'undefined' is not assignable to type 'string'.
src/interfaces/clients/adapters/knowledge-client-adapter.ts(476,74): error TS4111: Property 'ANTHROPIC_API_KEY' comes from an index signature, so it must be accessed with ['ANTHROPIC_API_KEY'].
src/interfaces/clients/adapters/knowledge-client-adapter.ts(515,5): error TS2375: Type '{ totalRequests: number; successfulRequests: number; failedRequests: number; averageResponseTime: number; lastRequestTime: undefined; uptime: number; bytesSent: number; bytesReceived: number; }' is not assignable to type 'ClientMetrics' with 'exactOptionalPropertyTypes: true'. Consider adding 'undefined' to the types of the target's properties.
  Types of property 'lastRequestTime' are incompatible.
    Type 'undefined' is not assignable to type 'Date'.
src/interfaces/clients/adapters/knowledge-client-adapter.ts(625,85): error TS2345: Argument of type 'ProtocolType' is not assignable to parameter of type '"custom" | "http" | "https"'.
  Type '"stdio"' is not assignable to type '"custom" | "http" | "https"'.
src/interfaces/clients/adapters/knowledge-client-adapter.ts(658,72): error TS4111: Property 'ANTHROPIC_API_KEY' comes from an index signature, so it must be accessed with ['ANTHROPIC_API_KEY'].
src/interfaces/clients/adapters/knowledge-client-adapter.ts(689,55): error TS4111: Property 'ANTHROPIC_API_KEY' comes from an index signature, so it must be accessed with ['ANTHROPIC_API_KEY'].
src/interfaces/clients/adapters/mcp-client-adapter.ts(28,18): error TS2430: Interface 'MCPClientConfig' incorrectly extends interface 'ClientConfig'.
  The types of 'authentication.type' are incompatible between these types.
    Type '"none" | "basic" | "bearer"' is not assignable to type '"custom" | "basic" | "bearer" | "oauth" | "apikey"'.
      Type '"none"' is not assignable to type '"custom" | "basic" | "bearer" | "oauth" | "apikey"'.
src/interfaces/clients/adapters/mcp-client-adapter.ts(104,12): error TS2416: Property 'config' in type 'MCPClientAdapter' is not assignable to the same property in base type 'IClient'.
  Type 'MCPClientConfig' is not assignable to type 'ClientConfig' with 'exactOptionalPropertyTypes: true'. Consider adding 'undefined' to the types of the target's properties.
    The types of 'authentication.type' are incompatible between these types.
      Type '"none" | "basic" | "bearer"' is not assignable to type '"custom" | "basic" | "bearer" | "oauth" | "apikey"'.
        Type '"none"' is not assignable to type '"custom" | "basic" | "bearer" | "oauth" | "apikey"'.
src/interfaces/clients/adapters/mcp-client-adapter.ts(181,27): error TS2769: No overload matches this call.
  The last overload gave the following error.
    Argument of type 'string | undefined' is not assignable to parameter of type 'string'.
      Type 'undefined' is not assignable to type 'string'.
src/interfaces/clients/adapters/mcp-client-adapter.ts(187,5): error TS2532: Object is possibly 'undefined'.
src/interfaces/clients/adapters/mcp-client-adapter.ts(191,5): error TS2532: Object is possibly 'undefined'.
src/interfaces/clients/adapters/mcp-client-adapter.ts(197,9): error TS2532: Object is possibly 'undefined'.
src/interfaces/clients/adapters/mcp-client-adapter.ts(198,7): error TS2532: Object is possibly 'undefined'.
src/interfaces/clients/adapters/mcp-client-adapter.ts(203,9): error TS2532: Object is possibly 'undefined'.
src/interfaces/clients/adapters/mcp-client-adapter.ts(204,7): error TS2532: Object is possibly 'undefined'.
src/interfaces/clients/adapters/mcp-client-adapter.ts(384,7): error TS2741: Property 'timestamp' is missing in type '{ data: T; status: number; statusText: string; headers: {}; config: RequestOptions; metadata: { tool: string; responseTime: number; protocol: "stdio" | "http"; }; }' but required in type 'ClientResponse<T>'.
src/interfaces/clients/adapters/mcp-client-adapter.ts(412,7): error TS2741: Property 'timestamp' is missing in type '{ data: T; status: number; statusText: string; headers: {}; config: RequestOptions; metadata: { endpoint: string; }; }' but required in type 'ClientResponse<T>'.
src/interfaces/clients/adapters/mcp-client-adapter.ts(424,7): error TS2741: Property 'timestamp' is missing in type '{ data: T; status: number; statusText: string; headers: {}; config: RequestOptions; metadata: { endpoint: string; }; }' but required in type 'ClientResponse<T>'.
src/interfaces/clients/adapters/mcp-client-adapter.ts(456,3): error TS2416: Property 'updateConfig' in type 'MCPClientAdapter' is not assignable to the same property in base type 'IClient'.
  Type '(config: Partial<MCPClientConfig>) => void' is not assignable to type '(config: Partial<ClientConfig>) => void'.
    Types of parameters 'config' and 'config' are incompatible.
      Type 'Partial<ClientConfig>' is not assignable to type 'Partial<MCPClientConfig>' with 'exactOptionalPropertyTypes: true'. Consider adding 'undefined' to the types of the target's properties.
        The types of 'authentication.type' are incompatible between these types.
          Type '"custom" | "basic" | "bearer" | "oauth" | "apikey"' is not assignable to type '"none" | "basic" | "bearer"'.
            Type '"custom"' is not assignable to type '"none" | "basic" | "bearer"'.
src/interfaces/clients/adapters/mcp-client-adapter.ts(654,21): error TS4111: Property 'Authorization' comes from an index signature, so it must be accessed with ['Authorization'].
src/interfaces/clients/adapters/mcp-client-adapter.ts(659,21): error TS4111: Property 'Authorization' comes from an index signature, so it must be accessed with ['Authorization'].
src/interfaces/clients/adapters/mcp-client-adapter.ts(672,19): error TS2339: Property '_messageId' does not exist on type 'MCPClientAdapter'.
src/interfaces/clients/adapters/mcp-client-adapter.ts(725,57): error TS2344: Type 'MCPClientConfig' does not satisfy the constraint 'ClientConfig'.
  The types of 'authentication.type' are incompatible between these types.
    Type '"none" | "basic" | "bearer"' is not assignable to type '"custom" | "basic" | "bearer" | "oauth" | "apikey"'.
      Type '"none"' is not assignable to type '"custom" | "basic" | "bearer" | "oauth" | "apikey"'.
src/interfaces/clients/adapters/mcp-client-adapter.ts(736,5): error TS2322: Type 'MCPClientAdapter' is not assignable to type 'IClient'.
  The types of 'config.authentication.type' are incompatible between these types.
    Type '"none" | "basic" | "bearer"' is not assignable to type '"custom" | "basic" | "bearer" | "oauth" | "apikey"'.
      Type '"none"' is not assignable to type '"custom" | "basic" | "bearer" | "oauth" | "apikey"'.
src/interfaces/clients/adapters/mcp-client-adapter.ts(761,5): error TS2322: Type 'MCPClientAdapter | undefined' is not assignable to type 'IClient | undefined'.
  Type 'MCPClientAdapter' is not assignable to type 'IClient'.
    The types of 'config.authentication.type' are incompatible between these types.
      Type '"none" | "basic" | "bearer"' is not assignable to type '"custom" | "basic" | "bearer" | "oauth" | "apikey"'.
        Type '"none"' is not assignable to type '"custom" | "basic" | "bearer" | "oauth" | "apikey"'.
src/interfaces/clients/adapters/mcp-client-adapter.ts(768,5): error TS2322: Type 'MCPClientAdapter[]' is not assignable to type 'IClient[]'.
  Type 'MCPClientAdapter' is not assignable to type 'IClient'.
    The types of 'config.authentication.type' are incompatible between these types.
      Type '"none" | "basic" | "bearer"' is not assignable to type '"custom" | "basic" | "bearer" | "oauth" | "apikey"'.
        Type '"none"' is not assignable to type '"custom" | "basic" | "bearer" | "oauth" | "apikey"'.
src/interfaces/clients/adapters/mcp-client-adapter.ts(883,3): error TS2375: Type '{ name: string; baseURL: string; protocol: "stdio" | "http"; command: string[] | undefined; url: string | undefined; timeout: number; authentication: { type: "none"; }; tools: { timeout: number; retries: number; discovery: true; }; server: { ...; }; stdio: { ...; }; monitoring: { ...; }; }' is not assignable to type 'MCPClientConfig' with 'exactOptionalPropertyTypes: true'. Consider adding 'undefined' to the types of the target's properties.
  Types of property 'command' are incompatible.
    Type 'string[] | undefined' is not assignable to type 'string[]'.
      Type 'undefined' is not assignable to type 'string[]'.
src/interfaces/clients/adapters/mcp-client-demo.ts(64,11): error TS6133: '_httpHealth' is declared but its value is never read.
src/interfaces/clients/adapters/mcp-client-demo.ts(65,11): error TS6133: '_stdioHealth' is declared but its value is never read.
src/interfaces/clients/adapters/mcp-client-demo.ts(66,11): error TS6133: '_httpMetrics' is declared but its value is never read.
src/interfaces/clients/adapters/mcp-client-demo.ts(67,11): error TS6133: '_stdioMetrics' is declared but its value is never read.
src/interfaces/clients/adapters/mcp-client-demo.ts(77,13): error TS6133: '_result' is declared but its value is never read.
src/interfaces/clients/adapters/mcp-client-demo.ts(85,13): error TS6133: '_result' is declared but its value is never read.
src/interfaces/clients/adapters/mcp-client-demo.ts(156,18): error TS6133: 'name' is declared but its value is never read.
src/interfaces/clients/adapters/mcp-client-demo.ts(159,15): error TS6133: '_health' is declared but its value is never read.
src/interfaces/clients/adapters/mcp-client-demo.ts(211,11): error TS6133: '_stdioClient' is declared but its value is never read.
src/interfaces/clients/adapters/mcp-client-demo.ts(212,11): error TS6133: '_httpClient' is declared but its value is never read.
src/interfaces/clients/adapters/mcp-integration-example.ts(23,14): error TS2323: Cannot redeclare exported variable 'MCPIntegrationManager'.
src/interfaces/clients/adapters/mcp-integration-example.ts(40,13): error TS6133: '_legacyResults' is declared but its value is never read.
src/interfaces/clients/adapters/mcp-integration-example.ts(78,11): error TS6133: '_protocol' is declared but its value is never read.
src/interfaces/clients/adapters/mcp-integration-example.ts(131,46): error TS4111: Property 'responseTime' comes from an index signature, so it must be accessed with ['responseTime'].
src/interfaces/clients/adapters/mcp-integration-example.ts(424,34): error TS2345: Argument of type '((...args: any[]) => void) | undefined' is not assignable to parameter of type '(...args: any[]) => void'.
  Type 'undefined' is not assignable to type '(...args: any[]) => void'.
src/interfaces/clients/adapters/mcp-integration-example.ts(439,11): error TS6133: '_status' is declared but its value is never read.
src/interfaces/clients/adapters/mcp-integration-example.ts(442,11): error TS6133: '_result' is declared but its value is never read.
src/interfaces/clients/adapters/mcp-integration-example.ts(447,11): error TS6133: '_comparison' is declared but its value is never read.
src/interfaces/clients/adapters/mcp-integration-example.ts(469,10): error TS2323: Cannot redeclare exported variable 'MCPIntegrationManager'.
src/interfaces/clients/adapters/mcp-integration-example.ts(469,10): error TS2484: Export declaration conflicts with exported declaration of 'MCPIntegrationManager'.
src/interfaces/clients/adapters/websocket-client-adapter.ts(441,11): error TS2300: Duplicate identifier 'isConnected'.
src/interfaces/clients/adapters/websocket-client-adapter.ts(441,11): error TS2416: Property 'isConnected' in type 'WebSocketClientAdapter' is not assignable to the same property in base type 'IClient'.
  Type 'boolean' is not assignable to type '() => boolean'.
src/interfaces/clients/adapters/websocket-client-adapter.ts(443,11): error TS2300: Duplicate identifier 'connectionId'.
src/interfaces/clients/adapters/websocket-client-adapter.ts(610,3): error TS2300: Duplicate identifier 'isConnected'.
src/interfaces/clients/adapters/websocket-client-adapter.ts(610,3): error TS2416: Property 'isConnected' in type 'WebSocketClientAdapter' is not assignable to the same property in base type 'IClient'.
  Type 'boolean' is not assignable to type '() => boolean'.
src/interfaces/clients/adapters/websocket-client-adapter.ts(694,3): error TS2416: Property 'on' in type 'WebSocketClientAdapter' is not assignable to the same property in base type 'EventEmitter<DefaultEventMap>'.
  Type '(event: string, handler: (...args: any[]) => void) => void' is not assignable to type '<K>(eventName: string | symbol, listener: (...args: any[]) => void) => this'.
    Type 'void' is not assignable to type 'this'.
      'this' could be instantiated with an arbitrary type which could be unrelated to 'void'.
src/interfaces/clients/adapters/websocket-client-adapter.ts(694,3): error TS4114: This member must have an 'override' modifier because it overrides a member in the base class 'EventEmitter<DefaultEventMap>'.
src/interfaces/clients/adapters/websocket-client-adapter.ts(704,3): error TS2416: Property 'off' in type 'WebSocketClientAdapter' is not assignable to the same property in base type 'EventEmitter<DefaultEventMap>'.
  Type '(event: string, handler?: ((...args: any[]) => void) | undefined) => void' is not assignable to type '<K>(eventName: string | symbol, listener: (...args: any[]) => void) => this'.
    Type 'void' is not assignable to type 'this'.
      'this' could be instantiated with an arbitrary type which could be unrelated to 'void'.
src/interfaces/clients/adapters/websocket-client-adapter.ts(704,3): error TS4114: This member must have an 'override' modifier because it overrides a member in the base class 'EventEmitter<DefaultEventMap>'.
src/interfaces/clients/adapters/websocket-client-adapter.ts(806,7): error TS2300: Duplicate identifier 'connectionId'.
src/interfaces/clients/adapters/websocket-client-adapter.ts(825,9): error TS2367: This comparison appears to be unintentional because the types '"custom" | "basic" | "bearer" | "oauth" | "apikey" | undefined' and '"query"' have no overlap.
src/interfaces/clients/adapters/websocket-client-adapter.ts(899,17): error TS2345: Argument of type '{ data: any; status: any; statusText: any; headers: any; config: RequestOptions; metadata: { requestId: string; duration: number; connectionId: string; messageType: string; }; }' is not assignable to parameter of type 'ClientResponse<T> | PromiseLike<ClientResponse<T>>'.
  Property 'timestamp' is missing in type '{ data: any; status: any; statusText: any; headers: any; config: RequestOptions; metadata: { requestId: string; duration: number; connectionId: string; messageType: string; }; }' but required in type 'ClientResponse<T>'.
src/interfaces/clients/adapters/websocket-client-factory.ts(10,10): error TS6133: 'createWebSocketClient' is declared but its value is never read.
src/interfaces/clients/adapters/websocket-client-factory.ts(42,26): error TS4111: Property 'clientType' comes from an index signature, so it must be accessed with ['clientType'].
src/interfaces/clients/adapters/websocket-client-factory.ts(47,7): error TS2322: Type 'WebSocketClientAdapter' is not assignable to type 'IClient'.
  Property 'isConnected' is private in type 'WebSocketClientAdapter' but not in type 'IClient'.
src/interfaces/clients/adapters/websocket-client-factory.ts(47,43): error TS2379: Argument of type 'import("/home/mhugo/code/claude-code-zen/src/interfaces/clients/adapters/websocket-types").WebSocketClientConfig' is not assignable to parameter of type 'import("/home/mhugo/code/claude-code-zen/src/interfaces/clients/adapters/websocket-client-adapter").WebSocketClientConfig' with 'exactOptionalPropertyTypes: true'. Consider adding 'undefined' to the types of the target's properties.
  Types of property 'reconnection' are incompatible.
    Property 'interval' is missing in type '{ enabled: boolean; maxAttempts: number; initialDelay: number; maxDelay: number; backoff: "linear" | "exponential"; jitter?: boolean; }' but required in type '{ enabled: boolean; maxAttempts: number; interval: number; backoff: "linear" | "exponential"; maxInterval?: number; }'.
src/interfaces/clients/adapters/websocket-client-factory.ts(331,40): error TS2339: Property 'getMetrics' does not exist on type 'never'.
  The intersection 'IClient & WebSocketClientAdapter' was reduced to 'never' because property 'isConnected' exists in multiple constituents and is private in some.
src/interfaces/clients/adapters/websocket-client-factory.ts(335,39): error TS2339: Property 'isConnected' does not exist on type 'never'.
  The intersection 'IClient & WebSocketClientAdapter' was reduced to 'never' because property 'isConnected' exists in multiple constituents and is private in some.
src/interfaces/clients/adapters/websocket-client-factory.ts(415,11): error TS6133: 'requestCount' is declared but its value is never read.
src/interfaces/clients/adapters/websocket-client-factory.ts(427,12): error TS2532: Object is possibly 'undefined'.
src/interfaces/clients/adapters/websocket-client-factory.ts(542,48): error TS2345: Argument of type 'string' is not assignable to parameter of type '"error" | "disconnect" | "retry" | "connect"'.
src/interfaces/clients/adapters/websocket-client-factory.ts(558,9): error TS2322: Type 'IClient | undefined' is not assignable to type 'IClient'.
  Type 'undefined' is not assignable to type 'IClient'.
src/interfaces/clients/adapters/websocket-client-factory.ts(563,9): error TS2322: Type 'IClient | undefined' is not assignable to type 'IClient'.
  Type 'undefined' is not assignable to type 'IClient'.
src/interfaces/clients/adapters/websocket-client-factory.ts(568,9): error TS2322: Type 'IClient | undefined' is not assignable to type 'IClient'.
  Type 'undefined' is not assignable to type 'IClient'.
src/interfaces/clients/adapters/websocket-client-factory.ts(571,9): error TS2322: Type 'IClient | undefined' is not assignable to type 'IClient'.
  Type 'undefined' is not assignable to type 'IClient'.
src/interfaces/clients/adapters/websocket-client-factory.ts(586,13): error TS6138: Property 'primaryClient' is declared but its value is never read.
src/interfaces/clients/adapters/websocket-client-factory.ts(646,27): error TS2345: Argument of type 'string' is not assignable to parameter of type '"error" | "disconnect" | "retry" | "connect"'.
src/interfaces/clients/adapters/websocket-client-factory.ts(661,7): error TS2322: Type 'IClient | undefined' is not assignable to type 'IClient'.
  Type 'undefined' is not assignable to type 'IClient'.
src/interfaces/clients/adapters/websocket-demo.ts(52,45): error TS2379: Argument of type 'import("/home/mhugo/code/claude-code-zen/src/interfaces/clients/adapters/websocket-types").WebSocketClientConfig' is not assignable to parameter of type 'import("/home/mhugo/code/claude-code-zen/src/interfaces/clients/adapters/websocket-client-adapter").WebSocketClientConfig' with 'exactOptionalPropertyTypes: true'. Consider adding 'undefined' to the types of the target's properties.
  Types of property 'reconnection' are incompatible.
    Property 'interval' is missing in type '{ enabled: boolean; maxAttempts: number; initialDelay: number; maxDelay: number; backoff: "linear" | "exponential"; jitter?: boolean; }' but required in type '{ enabled: boolean; maxAttempts: number; interval: number; backoff: "linear" | "exponential"; maxInterval?: number; }'.
src/interfaces/clients/adapters/websocket-demo.ts(66,11): error TS6133: '_response' is declared but its value is never read.
src/interfaces/clients/adapters/websocket-demo.ts(69,11): error TS6133: '_health' is declared but its value is never read.
src/interfaces/clients/adapters/websocket-demo.ts(72,11): error TS6133: '_metrics' is declared but its value is never read.
src/interfaces/clients/adapters/websocket-demo.ts(115,13): error TS6133: '_health' is declared but its value is never read.
src/interfaces/clients/adapters/websocket-demo.ts(139,11): error TS6133: '_clients' is declared but its value is never read.
src/interfaces/clients/adapters/websocket-demo.ts(177,11): error TS6133: '_health' is declared but its value is never read.
src/interfaces/clients/adapters/websocket-demo.ts(182,15): error TS6133: '_response' is declared but its value is never read.
src/interfaces/clients/adapters/websocket-demo.ts(213,11): error TS6133: '_health' is declared but its value is never read.
src/interfaces/clients/adapters/websocket-demo.ts(296,11): error TS6133: '_health' is declared but its value is never read.
src/interfaces/clients/adapters/websocket-demo.ts(298,11): error TS6133: '_metrics' is declared but its value is never read.
src/interfaces/clients/adapters/websocket-demo.ts(301,11): error TS6133: '_connectionInfo' is declared but its value is never read.
src/interfaces/clients/adapters/websocket-index.ts(82,11): error TS2304: Cannot find name 'WebSocketClientConfig'.
src/interfaces/clients/adapters/websocket-index.ts(100,23): error TS2304: Cannot find name 'WebSocketClientFactory'.
src/interfaces/clients/adapters/websocket-index.ts(124,16): error TS2304: Cannot find name 'FailoverWebSocketClient'.
src/interfaces/clients/adapters/websocket-index.ts(130,16): error TS2304: Cannot find name 'LoadBalancedWebSocketClient'.
src/interfaces/clients/adapters/websocket-index.ts(161,17): error TS2304: Cannot find name 'WebSocketClientConfig'.
src/interfaces/clients/adapters/websocket-index.ts(184,47): error TS2379: Argument of type '{ useEnhanced: boolean | undefined; }' is not assignable to parameter of type '{ useEnhanced?: boolean; loadBalancing?: { enabled: boolean; strategy?: "round-robin" | "random" | "least-connections"; urls?: string[]; }; failover?: { enabled: boolean; fallbackUrls?: string[]; }; pooling?: { ...; }; }' with 'exactOptionalPropertyTypes: true'. Consider adding 'undefined' to the types of the target's properties.
  Types of property 'useEnhanced' are incompatible.
    Type 'boolean | undefined' is not assignable to type 'boolean'.
      Type 'undefined' is not assignable to type 'boolean'.
src/interfaces/clients/adapters/websocket-index.ts(196,35): error TS2304: Cannot find name 'WebSocketClientConfig'.
src/interfaces/clients/adapters/websocket-index.ts(232,26): error TS2304: Cannot find name 'WebSocketClientConfig'.
src/interfaces/clients/adapters/websocket-index.ts(270,26): error TS2304: Cannot find name 'WebSocketClientConfig'.
src/interfaces/clients/adapters/websocket-index.ts(296,41): error TS2304: Cannot find name 'WebSocketClientConfig'.
src/interfaces/clients/adapters/websocket-index.ts(419,3): error TS18004: No value exists in scope for the shorthand property 'WebSocketClientAdapter'. Either declare one or provide an initializer.
src/interfaces/clients/adapters/websocket-index.ts(420,3): error TS18004: No value exists in scope for the shorthand property 'EnhancedWebSocketClient'. Either declare one or provide an initializer.
src/interfaces/clients/adapters/websocket-index.ts(421,3): error TS18004: No value exists in scope for the shorthand property 'WebSocketClientFactory'. Either declare one or provide an initializer.
src/interfaces/clients/adapters/websocket-index.ts(422,3): error TS18004: No value exists in scope for the shorthand property 'LoadBalancedWebSocketClient'. Either declare one or provide an initializer.
src/interfaces/clients/adapters/websocket-index.ts(423,3): error TS18004: No value exists in scope for the shorthand property 'FailoverWebSocketClient'. Either declare one or provide an initializer.
src/interfaces/clients/adapters/websocket-types.ts(494,83): error TS2345: Argument of type 'number' is not assignable to parameter of type '1000 | 1001 | 1002 | 1003 | 1005 | 1006 | 1007 | 1008 | 1009 | 1010 | 1011 | 1012 | 1013 | 1014 | 1015'.
src/interfaces/clients/compatibility.ts(259,7): error TS2322: Type '{ clientType: string | undefined; location: string | undefined; accessCount: number; lastAccess: Date; migrated: boolean; }[]' is not assignable to type '{ clientType: string; location: string; accessCount: number; lastAccess: Date; migrated: boolean; }[]'.
  Type '{ clientType: string | undefined; location: string | undefined; accessCount: number; lastAccess: Date; migrated: boolean; }' is not assignable to type '{ clientType: string; location: string; accessCount: number; lastAccess: Date; migrated: boolean; }'.
    Types of property 'clientType' are incompatible.
      Type 'string | undefined' is not assignable to type 'string'.
        Type 'undefined' is not assignable to type 'string'.
src/interfaces/clients/core/interfaces.ts(576,5): error TS4115: This parameter property must have an 'override' modifier because it overrides a member in base class 'Error'.
src/interfaces/clients/core/interfaces.ts(626,3): error TS2717: Subsequent property declarations must have the same type.  Property 'config' must be of type 'RequestOptions', but here has type 'ClientConfig'.
src/interfaces/clients/core/interfaces.ts(631,15): error TS2484: Export declaration conflicts with exported declaration of 'ClientStatus'.
src/interfaces/clients/examples/http-client-usage.ts(9,3): error TS2724: '"../index"' has no exported member named 'createHTTPClient'. Did you mean 'createAPIClient'?
src/interfaces/clients/examples/http-client-usage.ts(10,3): error TS2614: Module '"../index"' has no exported member 'createHTTPClientWithPreset'. Did you mean to use 'import createHTTPClientWithPreset from "../index"' instead?
src/interfaces/clients/examples/http-client-usage.ts(11,3): error TS2614: Module '"../index"' has no exported member 'createLoadBalancedHTTPClients'. Did you mean to use 'import createLoadBalancedHTTPClients from "../index"' instead?
src/interfaces/clients/examples/http-client-usage.ts(12,3): error TS2724: '"../index"' has no exported member named 'HTTPClientFactory'. Did you mean 'ClientFactory'?
src/interfaces/clients/examples/http-client-usage.ts(13,3): error TS2614: Module '"../index"' has no exported member 'isAuthenticationError'. Did you mean to use 'import isAuthenticationError from "../index"' instead?
src/interfaces/clients/examples/http-client-usage.ts(14,3): error TS2614: Module '"../index"' has no exported member 'isClientError'. Did you mean to use 'import isClientError from "../index"' instead?
src/interfaces/clients/examples/http-client-usage.ts(15,3): error TS2614: Module '"../index"' has no exported member 'isConnectionError'. Did you mean to use 'import isConnectionError from "../index"' instead?
src/interfaces/clients/examples/http-client-usage.ts(33,11): error TS6133: '_users' is declared but its value is never read.
src/interfaces/clients/examples/http-client-usage.ts(35,11): error TS6133: '_newUser' is declared but its value is never read.
src/interfaces/clients/examples/http-client-usage.ts(41,11): error TS6133: '_status' is declared but its value is never read.
src/interfaces/clients/examples/http-client-usage.ts(44,11): error TS6133: '_metrics' is declared but its value is never read.
src/interfaces/clients/examples/http-client-usage.ts(47,38): error TS18046: 'error' is of type 'unknown'.
src/interfaces/clients/examples/http-client-usage.ts(47,54): error TS18046: 'error' is of type 'unknown'.
src/interfaces/clients/examples/http-client-usage.ts(72,11): error TS6133: '_profile' is declared but its value is never read.
src/interfaces/clients/examples/http-client-usage.ts(97,11): error TS6133: '_data' is declared but its value is never read.
src/interfaces/clients/examples/http-client-usage.ts(126,11): error TS6133: '_data' is declared but its value is never read.
src/interfaces/clients/examples/http-client-usage.ts(148,24): error TS7006: Parameter 'error' implicitly has an 'any' type.
src/interfaces/clients/examples/http-client-usage.ts(156,23): error TS7006: Parameter '_info' implicitly has an 'any' type.
src/interfaces/clients/examples/http-client-usage.ts(159,11): error TS6133: '_data' is declared but its value is never read.
src/interfaces/clients/examples/http-client-usage.ts(195,23): error TS7006: Parameter 'error' implicitly has an 'any' type.
src/interfaces/clients/examples/http-client-usage.ts(214,11): error TS6133: '_metrics' is declared but its value is never read.
src/interfaces/clients/examples/http-client-usage.ts(230,11): error TS6133: '_clients' is declared but its value is never read.
src/interfaces/clients/examples/http-client-usage.ts(251,13): error TS6133: '_users' is declared but its value is never read.
src/interfaces/clients/examples/http-client-usage.ts(303,11): error TS6133: '_devData' is declared but its value is never read.
src/interfaces/clients/examples/http-client-usage.ts(304,11): error TS6133: '_prodData' is declared but its value is never read.
src/interfaces/clients/examples/http-client-usage.ts(305,11): error TS6133: '_haData' is declared but its value is never read.
src/interfaces/clients/examples/http-client-usage.ts(329,15): error TS6133: '_response' is declared but its value is never read.
src/interfaces/clients/examples/http-client-usage.ts(335,36): error TS7006: Parameter 'client' implicitly has an 'any' type.
src/interfaces/clients/examples/http-client-usage.ts(346,11): error TS6133: 'APIClient' is declared but its value is never read.
src/interfaces/clients/examples/http-client-usage.ts(359,11): error TS6133: '_agents' is declared but its value is never read.
src/interfaces/clients/examples/http-client-usage.ts(361,11): error TS6133: '_networks' is declared but its value is never read.
src/interfaces/clients/examples/http-client-usage.ts(364,11): error TS6133: '_status' is declared but its value is never read.
src/interfaces/clients/examples/http-client-usage.ts(366,11): error TS6133: '_metrics' is declared but its value is never read.
src/interfaces/clients/examples/http-client-usage.ts(369,11): error TS6133: '_isOnline' is declared but its value is never read.
src/interfaces/clients/examples/http-client-usage.ts(401,13): error TS6133: '_response' is declared but its value is never read.
src/interfaces/clients/examples/http-client-usage.ts(404,46): error TS18046: 'error' is of type 'unknown'.
src/interfaces/clients/examples/http-client-usage.ts(406,40): error TS18046: 'error' is of type 'unknown'.
src/interfaces/clients/examples/http-client-usage.ts(408,42): error TS18046: 'error' is of type 'unknown'.
src/interfaces/clients/examples/http-client-usage.ts(408,58): error TS18046: 'error' is of type 'unknown'.
src/interfaces/clients/examples/knowledge-client-example.ts(32,19): error TS4111: Property 'ANTHROPIC_API_KEY' comes from an index signature, so it must be accessed with ['ANTHROPIC_API_KEY'].
src/interfaces/clients/examples/knowledge-client-example.ts(53,11): error TS6133: '_isHealthy' is declared but its value is never read.
src/interfaces/clients/examples/knowledge-client-example.ts(56,11): error TS6133: '_metadata' is declared but its value is never read.
src/interfaces/clients/examples/knowledge-client-example.ts(73,7): error TS2345: Argument of type '{}' is not assignable to parameter of type 'IConfig'.
  Type '{}' is missing the following properties from type 'IConfig': get, set, has
src/interfaces/clients/examples/knowledge-client-example.ts(78,7): error TS2353: Object literal may only specify known properties, and 'provider' does not exist in type 'Partial<ClientConfig>'.
src/interfaces/clients/examples/knowledge-client-example.ts(81,38): error TS4111: Property 'ANTHROPIC_API_KEY' comes from an index signature, so it must be accessed with ['ANTHROPIC_API_KEY'].
src/interfaces/clients/examples/knowledge-client-example.ts(97,11): error TS6133: '_stats' is declared but its value is never read.
src/interfaces/clients/examples/knowledge-client-example.ts(112,19): error TS4111: Property 'ANTHROPIC_API_KEY' comes from an index signature, so it must be accessed with ['ANTHROPIC_API_KEY'].
src/interfaces/clients/examples/knowledge-client-example.ts(122,11): error TS6133: '_basicResponse' is declared but its value is never read.
src/interfaces/clients/examples/knowledge-client-example.ts(123,11): error TS6133: '_docResponse' is declared but its value is never read.
src/interfaces/clients/examples/knowledge-client-example.ts(131,11): error TS6133: '_semanticResults' is declared but its value is never read.
src/interfaces/clients/examples/knowledge-client-example.ts(140,11): error TS6133: '_searchResults' is declared but its value is never read.
src/interfaces/clients/examples/knowledge-client-example.ts(160,19): error TS4111: Property 'ANTHROPIC_API_KEY' comes from an index signature, so it must be accessed with ['ANTHROPIC_API_KEY'].
src/interfaces/clients/examples/knowledge-client-example.ts(163,11): error TS6133: '_reactDocs' is declared but its value is never read.
src/interfaces/clients/examples/knowledge-client-example.ts(164,11): error TS6133: '_expressAPI' is declared but its value is never read.
src/interfaces/clients/examples/knowledge-client-example.ts(169,11): error TS6133: '_communityResults' is declared but its value is never read.
src/interfaces/clients/examples/knowledge-client-example.ts(188,19): error TS4111: Property 'ANTHROPIC_API_KEY' comes from an index signature, so it must be accessed with ['ANTHROPIC_API_KEY'].
src/interfaces/clients/examples/knowledge-client-example.ts(202,13): error TS6133: '_response' is declared but its value is never read.
src/interfaces/clients/examples/knowledge-client-example.ts(208,11): error TS6133: '_metadata' is declared but its value is never read.
src/interfaces/clients/examples/knowledge-client-example.ts(211,11): error TS6133: '_isHealthy' is declared but its value is never read.
src/interfaces/clients/examples/knowledge-client-example.ts(239,11): error TS6133: '_isHealthy' is declared but its value is never read.
src/interfaces/clients/factories.ts(103,41): error TS6138: Property '_logger' is declared but its value is never read.
src/interfaces/clients/factories.ts(104,41): error TS6138: Property '_config' is declared but its value is never read.
src/interfaces/clients/factories.ts(120,12): error TS2551: Property 'logger' does not exist on type 'UACLFactory'. Did you mean '_logger'?
src/interfaces/clients/factories.ts(126,10): error TS2551: Property 'logger' does not exist on type 'UACLFactory'. Did you mean '_logger'?
src/interfaces/clients/factories.ts(145,12): error TS2551: Property 'logger' does not exist on type 'UACLFactory'. Did you mean '_logger'?
src/interfaces/clients/factories.ts(148,12): error TS2551: Property 'logger' does not exist on type 'UACLFactory'. Did you mean '_logger'?
src/interfaces/clients/factories.ts(167,40): error TS2379: Argument of type '{ clientType: "http"; protocol: "http" | "https"; url: string; config: Partial<ClientConfig> | undefined; }' is not assignable to parameter of type 'ClientFactoryConfig' with 'exactOptionalPropertyTypes: true'. Consider adding 'undefined' to the types of the target's properties.
  Types of property 'config' are incompatible.
    Type 'Partial<ClientConfig> | undefined' is not assignable to type 'Partial<ClientConfig>'.
      Type 'undefined' is not assignable to type 'Partial<ClientConfig>'.
src/interfaces/clients/factories.ts(187,40): error TS2379: Argument of type '{ clientType: "websocket"; protocol: "ws" | "wss"; url: string; config: Partial<ClientConfig> | undefined; }' is not assignable to parameter of type 'ClientFactoryConfig' with 'exactOptionalPropertyTypes: true'. Consider adding 'undefined' to the types of the target's properties.
  Types of property 'config' are incompatible.
    Type 'Partial<ClientConfig> | undefined' is not assignable to type 'Partial<ClientConfig>'.
      Type 'undefined' is not assignable to type 'Partial<ClientConfig>'.
src/interfaces/clients/factories.ts(205,40): error TS2379: Argument of type '{ clientType: "knowledge"; protocol: "http" | "https"; url: string; config: Partial<ClientConfig> | undefined; }' is not assignable to parameter of type 'ClientFactoryConfig' with 'exactOptionalPropertyTypes: true'. Consider adding 'undefined' to the types of the target's properties.
  Types of property 'config' are incompatible.
    Type 'Partial<ClientConfig> | undefined' is not assignable to type 'Partial<ClientConfig>'.
      Type 'undefined' is not assignable to type 'Partial<ClientConfig>'.
src/interfaces/clients/factories.ts(233,40): error TS2379: Argument of type '{ clientType: "mcp"; protocol: "stdio" | "http" | "ws" | "https" | "wss"; url: string; config: Partial<ClientConfig> | undefined; }' is not assignable to parameter of type 'ClientFactoryConfig' with 'exactOptionalPropertyTypes: true'. Consider adding 'undefined' to the types of the target's properties.
  Types of property 'config' are incompatible.
    Type 'Partial<ClientConfig> | undefined' is not assignable to type 'Partial<ClientConfig>'.
      Type 'undefined' is not assignable to type 'Partial<ClientConfig>'.
src/interfaces/clients/factories.ts(253,39): error TS2379: Argument of type '{ clientType: "generic"; protocol: ProtocolType; url: string; config: Partial<ClientConfig> | undefined; }' is not assignable to parameter of type 'ClientFactoryConfig' with 'exactOptionalPropertyTypes: true'. Consider adding 'undefined' to the types of the target's properties.
  Types of property 'config' are incompatible.
    Type 'Partial<ClientConfig> | undefined' is not assignable to type 'Partial<ClientConfig>'.
      Type 'undefined' is not assignable to type 'Partial<ClientConfig>'.
src/interfaces/clients/factories.ts(348,13): error TS18048: 'result' is possibly 'undefined'.
src/interfaces/clients/factories.ts(349,23): error TS18048: 'result' is possibly 'undefined'.
src/interfaces/clients/factories.ts(349,30): error TS2339: Property 'value' does not exist on type 'PromiseSettledResult<any>'.
  Property 'value' does not exist on type 'PromiseRejectedResult'.
src/interfaces/clients/factories.ts(353,22): error TS18048: 'result' is possibly 'undefined'.
src/interfaces/clients/factories.ts(353,29): error TS2339: Property 'reason' does not exist on type 'PromiseSettledResult<any>'.
  Property 'reason' does not exist on type 'PromiseFulfilledResult<any>'.
src/interfaces/clients/factories.ts(372,12): error TS2551: Property 'logger' does not exist on type 'UACLFactory'. Did you mean '_logger'?
src/interfaces/clients/factories.ts(382,10): error TS2551: Property 'logger' does not exist on type 'UACLFactory'. Did you mean '_logger'?
src/interfaces/clients/factories.ts(389,14): error TS2551: Property 'logger' does not exist on type 'UACLFactory'. Did you mean '_logger'?
src/interfaces/clients/factories.ts(452,10): error TS2551: Property 'logger' does not exist on type 'UACLFactory'. Did you mean '_logger'?
src/interfaces/clients/factories.ts(468,52): error TS2307: Cannot find module './implementations/http-client-factory' or its corresponding type declarations.
src/interfaces/clients/factories.ts(475,11): error TS2307: Cannot find module './implementations/websocket-client-factory' or its corresponding type declarations.
src/interfaces/clients/factories.ts(490,51): error TS2307: Cannot find module './implementations/mcp-client-factory' or its corresponding type declarations.
src/interfaces/clients/factories.ts(495,55): error TS2307: Cannot find module './implementations/generic-client-factory' or its corresponding type declarations.
src/interfaces/clients/factories.ts(501,43): error TS2551: Property 'logger' does not exist on type 'UACLFactory'. Did you mean '_logger'?
src/interfaces/clients/factories.ts(501,56): error TS2551: Property 'config' does not exist on type 'UACLFactory'. Did you mean '_config'?
src/interfaces/clients/factories.ts(561,26): error TS4111: Property 'cacheKey' comes from an index signature, so it must be accessed with ['cacheKey'].
src/interfaces/clients/factories.ts(588,12): error TS7053: Element implicitly has an 'any' type because expression of type 'ProtocolType' can't be used to index type 'Record<ProtocolType, ClientType>'.
src/interfaces/clients/factories.ts(623,35): error TS2379: Argument of type '{ clientType: ClientType; protocol: ProtocolType; url: string; config: Partial<ClientConfig> | undefined; }' is not assignable to parameter of type 'ClientFactoryConfig' with 'exactOptionalPropertyTypes: true'. Consider adding 'undefined' to the types of the target's properties.
  Types of property 'config' are incompatible.
    Type 'Partial<ClientConfig> | undefined' is not assignable to type 'Partial<ClientConfig>'.
      Type 'undefined' is not assignable to type 'Partial<ClientConfig>'.
src/interfaces/clients/factories.ts(672,52): error TS2379: Argument of type '{ clientType: ClientType; protocol: ProtocolType; url: string; config: Partial<ClientConfig> | undefined; }' is not assignable to parameter of type 'ClientFactoryConfig' with 'exactOptionalPropertyTypes: true'. Consider adding 'undefined' to the types of the target's properties.
  Types of property 'config' are incompatible.
    Type 'Partial<ClientConfig> | undefined' is not assignable to type 'Partial<ClientConfig>'.
      Type 'undefined' is not assignable to type 'Partial<ClientConfig>'.
src/interfaces/clients/factories.ts(683,57): error TS2554: Expected 2 arguments, but got 3.
src/interfaces/clients/factories.ts(714,10): error TS2339: Property 'requestCount' does not exist on type 'LoadBalancedClient<T>'.
src/interfaces/clients/factories.ts(742,16): error TS18048: 'client' is possibly 'undefined'.
src/interfaces/clients/factories.ts(747,16): error TS2532: Object is possibly 'undefined'.
src/interfaces/clients/factories.ts(762,16): error TS2532: Object is possibly 'undefined'.
src/interfaces/clients/factories.ts(766,16): error TS2532: Object is possibly 'undefined'.
src/interfaces/clients/factories.ts(795,42): error TS2345: Argument of type '() => { debug: { (...data: any[]): void; (message?: any, ...optionalParams: any[]): void; }; info: { (...data: any[]): void; (message?: any, ...optionalParams: any[]): void; }; warn: { (...data: any[]): void; (message?: any, ...optionalParams: any[]): void; }; error: { ...; }; }' is not assignable to parameter of type 'Provider<ILogger>'.
src/interfaces/clients/factories.ts(802,42): error TS2345: Argument of type '() => {}' is not assignable to parameter of type 'Provider<IConfig>'.
src/interfaces/clients/factories.ts(804,37): error TS2345: Argument of type 'typeof UACLFactory' is not assignable to parameter of type 'DIToken<unknown>'.
  Property 'symbol' is missing in type 'typeof UACLFactory' but required in type 'DIToken<unknown>'.
src/interfaces/clients/factories.ts(806,16): error TS18046: 'factory' is of type 'unknown'.
src/interfaces/clients/factories/http-client-factory.ts(71,11): error TS6133: '_results' is declared but its value is never read.
src/interfaces/clients/factories/http-client-factory.ts(319,11): error TS2375: Type '{ name: string; baseURL: string; monitoring: { enabled: true; metricsInterval: number; trackLatency: true; trackThroughput: true; trackErrors: true; }; health: { endpoint: string; interval: number; timeout: number; failureThreshold: number; successThreshold: number; } | undefined; }' is not assignable to type 'HTTPClientConfig' with 'exactOptionalPropertyTypes: true'. Consider adding 'undefined' to the types of the target's properties.
  Types of property 'health' are incompatible.
    Type '{ endpoint: string; interval: number; timeout: number; failureThreshold: number; successThreshold: number; } | undefined' is not assignable to type 'HealthConfig'.
      Type 'undefined' is not assignable to type 'HealthConfig'.
src/interfaces/clients/factories/http-client-factory.ts(360,11): error TS2322: Type '{ name: string; baseURL: string; monitoring: { enabled: boolean; metricsInterval: number; trackLatency: true; trackThroughput: true; trackErrors: true; }; health: { endpoint: string; interval: number; timeout: number; failureThreshold: number; successThreshold: number; } | undefined; }[]' is not assignable to type 'HTTPClientConfig[]'.
  Type '{ name: string; baseURL: string; monitoring: { enabled: boolean; metricsInterval: number; trackLatency: true; trackThroughput: true; trackErrors: true; }; health: { endpoint: string; interval: number; timeout: number; failureThreshold: number; successThreshold: number; } | undefined; }' is not assignable to type 'HTTPClientConfig' with 'exactOptionalPropertyTypes: true'. Consider adding 'undefined' to the types of the target's properties.
    Types of property 'health' are incompatible.
      Type '{ endpoint: string; interval: number; timeout: number; failureThreshold: number; successThreshold: number; } | undefined' is not assignable to type 'HealthConfig'.
        Type 'undefined' is not assignable to type 'HealthConfig'.
src/interfaces/clients/index.ts(182,29): error TS2304: Cannot find name 'ClientManagerConfig'.
src/interfaces/clients/index.ts(187,11): error TS2304: Cannot find name 'ClientManagerHelpers'.
src/interfaces/clients/index.ts(260,22): error TS2304: Cannot find name 'HTTPClientConfig'.
src/interfaces/clients/index.ts(261,14): error TS2304: Cannot find name 'ClientInstance'.
src/interfaces/clients/index.ts(265,12): error TS2304: Cannot find name 'ClientManagerHelpers'.
src/interfaces/clients/index.ts(333,22): error TS2304: Cannot find name 'WebSocketClientConfig'.
src/interfaces/clients/index.ts(334,14): error TS2304: Cannot find name 'ClientInstance'.
src/interfaces/clients/index.ts(338,12): error TS2304: Cannot find name 'ClientManagerHelpers'.
src/interfaces/clients/index.ts(405,22): error TS2304: Cannot find name 'KnowledgeClientConfig'.
src/interfaces/clients/index.ts(406,14): error TS2304: Cannot find name 'ClientInstance'.
src/interfaces/clients/index.ts(410,12): error TS2304: Cannot find name 'ClientManagerHelpers'.
src/interfaces/clients/index.ts(486,14): error TS2304: Cannot find name 'MCPClientConfig'.
src/interfaces/clients/index.ts(487,22): error TS2304: Cannot find name 'MCPClientConfig'.
src/interfaces/clients/index.ts(488,14): error TS2304: Cannot find name 'ClientInstance'.
src/interfaces/clients/index.ts(492,12): error TS2304: Cannot find name 'ClientManagerHelpers'.
src/interfaces/clients/index.ts(514,32): error TS2304: Cannot find name 'ClientInstance'.
src/interfaces/clients/index.ts(515,12): error TS2304: Cannot find name 'globalClientManager'.
src/interfaces/clients/index.ts(540,23): error TS2304: Cannot find name 'ClientType'.
src/interfaces/clients/index.ts(540,36): error TS2304: Cannot find name 'ClientInstance'.
src/interfaces/clients/index.ts(541,12): error TS2304: Cannot find name 'globalClientManager'.
src/interfaces/clients/index.ts(570,26): error TS2304: Cannot find name 'ClientType'.
src/interfaces/clients/index.ts(570,39): error TS2304: Cannot find name 'ClientInstance'.
src/interfaces/clients/index.ts(571,12): error TS2304: Cannot find name 'globalClientManager'.
src/interfaces/clients/index.ts(606,33): error TS2304: Cannot find name 'ClientManager'.
src/interfaces/clients/index.ts(607,12): error TS2304: Cannot find name 'globalClientManager'.
src/interfaces/clients/index.ts(643,28): error TS2304: Cannot find name 'ClientManager'.
src/interfaces/clients/index.ts(644,12): error TS2304: Cannot find name 'globalClientManager'.
src/interfaces/clients/index.ts(681,40): error TS2304: Cannot find name 'ClientManagerHelpers'.
src/interfaces/clients/index.ts(682,12): error TS2304: Cannot find name 'ClientManagerHelpers'.
src/interfaces/clients/index.ts(722,24): error TS2304: Cannot find name 'globalClientManager'.
src/interfaces/clients/index.ts(724,16): error TS7006: Parameter 'client' implicitly has an 'any' type.
src/interfaces/clients/index.ts(725,13): error TS7006: Parameter 'client' implicitly has an 'any' type.
src/interfaces/clients/index.ts(725,24): error TS2304: Cannot find name 'globalClientManager'.
src/interfaces/clients/index.ts(763,24): error TS2304: Cannot find name 'globalClientManager'.
src/interfaces/clients/index.ts(764,51): error TS7006: Parameter 'client' implicitly has an 'any' type.
src/interfaces/clients/index.ts(765,7): error TS2304: Cannot find name 'globalClientManager'.
src/interfaces/clients/index.ts(810,11): error TS2304: Cannot find name 'globalClientManager'.
src/interfaces/clients/index.ts(878,47): error TS2304: Cannot find name 'ClientManagerConfig'.
src/interfaces/clients/index.ts(957,18): error TS2304: Cannot find name 'MCPClientConfig'.
src/interfaces/clients/index.ts(959,12): error TS2304: Cannot find name 'ClientInstance'.
src/interfaces/clients/index.ts(960,17): error TS2304: Cannot find name 'ClientInstance'.
src/interfaces/clients/index.ts(961,17): error TS2304: Cannot find name 'ClientInstance'.
src/interfaces/clients/index.ts(962,11): error TS2304: Cannot find name 'ClientInstance'.
src/interfaces/clients/index.ts(967,14): error TS2304: Cannot find name 'ClientInstance'.
src/interfaces/clients/index.ts(968,19): error TS2304: Cannot find name 'ClientInstance'.
src/interfaces/clients/index.ts(969,19): error TS2304: Cannot find name 'ClientInstance'.
src/interfaces/clients/index.ts(970,13): error TS2304: Cannot find name 'ClientInstance'.
src/interfaces/clients/index.ts(1152,25): error TS2304: Cannot find name 'ClientType'.
src/interfaces/clients/index.ts(1153,37): error TS2304: Cannot find name 'ClientType'.
src/interfaces/clients/index.ts(1154,37): error TS2304: Cannot find name 'ClientType'.
src/interfaces/clients/index.ts(1155,37): error TS2304: Cannot find name 'ClientType'.
src/interfaces/clients/interfaces.ts(45,20): error TS2304: Cannot find name 'ProtocolType'.
src/interfaces/clients/interfaces.ts(48,22): error TS2304: Cannot find name 'ProtocolType'.
src/interfaces/clients/interfaces.ts(51,28): error TS2304: Cannot find name 'ProtocolType'.
src/interfaces/clients/interfaces.ts(54,28): error TS2304: Cannot find name 'ProtocolType'.
src/interfaces/clients/interfaces.ts(182,13): error TS2304: Cannot find name 'ProtocolType'.
src/interfaces/clients/interfaces.ts(335,13): error TS2304: Cannot find name 'ProtocolType'.
src/interfaces/clients/interfaces.ts(514,13): error TS2304: Cannot find name 'ProtocolType'.
src/interfaces/clients/interfaces.ts(527,13): error TS2304: Cannot find name 'ProtocolType'.
src/interfaces/clients/manager.ts(93,39): error TS2379: Argument of type '{ baseURL: string; timeout: number | undefined; apiKey: string | undefined; bearerToken: string | undefined; headers: Record<string, string> | undefined; retryAttempts: number | undefined; }' is not assignable to parameter of type 'Partial<APIClientConfig>' with 'exactOptionalPropertyTypes: true'. Consider adding 'undefined' to the types of the target's properties.
  Types of property 'timeout' are incompatible.
    Type 'number | undefined' is not assignable to type 'number'.
      Type 'undefined' is not assignable to type 'number'.
src/interfaces/clients/manager.ts(108,7): error TS2739: Type 'ClientMetrics' is missing the following properties from type '{ requests: number; errors: number; avgLatency: number; uptime: number; }': avgLatency, uptime
src/interfaces/clients/manager.ts(157,56): error TS2379: Argument of type '{ reconnect: boolean | undefined; reconnectInterval: number | undefined; maxReconnectAttempts: number | undefined; timeout: number | undefined; }' is not assignable to parameter of type 'WebSocketClientOptions' with 'exactOptionalPropertyTypes: true'. Consider adding 'undefined' to the types of the target's properties.
  Types of property 'reconnect' are incompatible.
    Type 'boolean | undefined' is not assignable to type 'boolean'.
      Type 'undefined' is not assignable to type 'boolean'.
src/interfaces/clients/manager.ts(170,7): error TS2739: Type 'ClientMetrics' is missing the following properties from type '{ requests: number; errors: number; avgLatency: number; uptime: number; }': avgLatency, uptime
src/interfaces/clients/manager.ts(221,44): error TS2379: Argument of type '{ factRepoPath: string; anthropicApiKey: string; pythonPath: string | undefined; enableCache: boolean | undefined; cacheConfig: { prefix: string; minTokens: number; maxSize: string; ttlSeconds: number; } | undefined; }' is not assignable to parameter of type 'FACTConfig' with 'exactOptionalPropertyTypes: true'. Consider adding 'undefined' to the types of the target's properties.
  Types of property 'pythonPath' are incompatible.
    Type 'string | undefined' is not assignable to type 'string'.
      Type 'undefined' is not assignable to type 'string'.
src/interfaces/clients/manager.ts(235,7): error TS2739: Type 'ClientMetrics' is missing the following properties from type '{ requests: number; errors: number; avgLatency: number; uptime: number; }': avgLatency, uptime
src/interfaces/clients/manager.ts(288,11): error TS6133: '_mcpConfig' is declared but its value is never read.
src/interfaces/clients/manager.ts(297,7): error TS2739: Type 'ClientMetrics' is missing the following properties from type '{ requests: number; errors: number; avgLatency: number; uptime: number; }': avgLatency, uptime
src/interfaces/clients/registry.ts(373,7): error TS2412: Type 'undefined' is not assignable to type 'Timeout' with 'exactOptionalPropertyTypes: true'. Consider adding 'undefined' to the type of the target.
src/interfaces/clients/validation.ts(279,13): error TS6133: '_apiClient' is declared but its value is never read.
src/interfaces/clients/validation.ts(295,13): error TS6133: '_wsClient' is declared but its value is never read.
src/interfaces/clients/validation.ts(311,13): error TS6133: '_knowledgeClient' is declared but its value is never read.
src/interfaces/clients/validation.ts(330,13): error TS6133: '_mcpClient' is declared but its value is never read.
src/interfaces/clients/wrappers/api-client-wrapper.ts(92,11): error TS2375: Type '{ name: string; baseURL: string; timeout: number | undefined; headers: Record<string, string> | undefined; authentication: HTTPAuthenticationConfig | undefined; retry: { ...; }; monitoring: { ...; }; health: { ...; }; }' is not assignable to type 'HTTPClientConfig' with 'exactOptionalPropertyTypes: true'. Consider adding 'undefined' to the types of the target's properties.
  Types of property 'timeout' are incompatible.
    Type 'number | undefined' is not assignable to type 'number'.
      Type 'undefined' is not assignable to type 'number'.
src/interfaces/clients/wrappers/api-client-wrapper.ts(177,56): error TS2379: Argument of type '{ timeout: number | undefined; headers: Record<string, string> | undefined; retries: number | undefined; }' is not assignable to parameter of type 'RequestOptions' with 'exactOptionalPropertyTypes: true'. Consider adding 'undefined' to the types of the target's properties.
  Types of property 'timeout' are incompatible.
    Type 'number | undefined' is not assignable to type 'number'.
      Type 'undefined' is not assignable to type 'number'.
src/interfaces/clients/wrappers/api-client-wrapper.ts(180,63): error TS2379: Argument of type '{ timeout: number | undefined; headers: Record<string, string> | undefined; retries: number | undefined; }' is not assignable to parameter of type 'RequestOptions' with 'exactOptionalPropertyTypes: true'. Consider adding 'undefined' to the types of the target's properties.
  Types of property 'timeout' are incompatible.
    Type 'number | undefined' is not assignable to type 'number'.
      Type 'undefined' is not assignable to type 'number'.
src/interfaces/clients/wrappers/api-client-wrapper.ts(183,62): error TS2379: Argument of type '{ timeout: number | undefined; headers: Record<string, string> | undefined; retries: number | undefined; }' is not assignable to parameter of type 'RequestOptions' with 'exactOptionalPropertyTypes: true'. Consider adding 'undefined' to the types of the target's properties.
  Types of property 'timeout' are incompatible.
    Type 'number | undefined' is not assignable to type 'number'.
      Type 'undefined' is not assignable to type 'number'.
src/interfaces/clients/wrappers/api-client-wrapper.ts(186,59): error TS2379: Argument of type '{ timeout: number | undefined; headers: Record<string, string> | undefined; retries: number | undefined; }' is not assignable to parameter of type 'RequestOptions' with 'exactOptionalPropertyTypes: true'. Consider adding 'undefined' to the types of the target's properties.
  Types of property 'timeout' are incompatible.
    Type 'number | undefined' is not assignable to type 'number'.
      Type 'undefined' is not assignable to type 'number'.
src/interfaces/events/adapters/__tests__/coordination-event-adapter.test.ts(129,72): error TS2345: Argument of type 'Mock<UnknownFunction>' is not assignable to parameter of type 'EventListener<CoordinationEvent>'.
  Type 'unknown' is not assignable to type 'void | Promise<void>'.
src/interfaces/events/adapters/__tests__/coordination-event-adapter.test.ts(137,72): error TS2345: Argument of type 'Mock<UnknownFunction>' is not assignable to parameter of type 'EventListener<CoordinationEvent>'.
  Type 'unknown' is not assignable to type 'void | Promise<void>'.
src/interfaces/events/adapters/__tests__/coordination-event-adapter.test.ts(149,49): error TS2345: Argument of type 'Mock<UnknownFunction>' is not assignable to parameter of type 'EventListener<CoordinationEvent>'.
  Type 'unknown' is not assignable to type 'void | Promise<void>'.
src/interfaces/events/adapters/__tests__/coordination-event-adapter.test.ts(150,49): error TS2345: Argument of type 'Mock<UnknownFunction>' is not assignable to parameter of type 'EventListener<CoordinationEvent>'.
  Type 'unknown' is not assignable to type 'void | Promise<void>'.
src/interfaces/events/adapters/__tests__/coordination-event-adapter.test.ts(151,49): error TS2345: Argument of type 'Mock<UnknownFunction>' is not assignable to parameter of type 'EventListener<CoordinationEvent>'.
  Type 'unknown' is not assignable to type 'void | Promise<void>'.
src/interfaces/events/adapters/__tests__/coordination-event-adapter.test.ts(161,49): error TS2345: Argument of type 'Mock<UnknownFunction>' is not assignable to parameter of type 'EventListener<CoordinationEvent>'.
  Type 'unknown' is not assignable to type 'void | Promise<void>'.
src/interfaces/events/adapters/__tests__/coordination-event-adapter.test.ts(213,49): error TS2345: Argument of type 'Mock<UnknownFunction>' is not assignable to parameter of type 'EventListener<CoordinationEvent>'.
  Type 'unknown' is not assignable to type 'void | Promise<void>'.
src/interfaces/events/adapters/__tests__/coordination-event-adapter.test.ts(231,48): error TS2345: Argument of type 'Mock<UnknownFunction>' is not assignable to parameter of type 'EventListener<CoordinationEvent>'.
  Type 'unknown' is not assignable to type 'void | Promise<void>'.
src/interfaces/events/adapters/__tests__/coordination-event-adapter.test.ts(272,49): error TS2345: Argument of type 'Mock<UnknownFunction>' is not assignable to parameter of type 'EventListener<CoordinationEvent>'.
  Type 'unknown' is not assignable to type 'void | Promise<void>'.
src/interfaces/events/adapters/__tests__/coordination-event-adapter.test.ts(308,49): error TS2345: Argument of type 'Mock<UnknownFunction>' is not assignable to parameter of type 'EventListener<CoordinationEvent>'.
  Type 'unknown' is not assignable to type 'void | Promise<void>'.
src/interfaces/events/adapters/__tests__/coordination-event-adapter.test.ts(398,13): error TS6133: '_startTime' is declared but its value is never read.
src/interfaces/events/adapters/__tests__/coordination-event-adapter.test.ts(504,14): error TS2532: Object is possibly 'undefined'.
src/interfaces/events/adapters/__tests__/coordination-event-adapter.test.ts(540,14): error TS2532: Object is possibly 'undefined'.
src/interfaces/events/adapters/__tests__/coordination-event-adapter.test.ts(566,14): error TS2532: Object is possibly 'undefined'.
src/interfaces/events/adapters/__tests__/coordination-event-adapter.test.ts(567,9): error TS2532: Object is possibly 'undefined'.
src/interfaces/events/adapters/__tests__/coordination-event-adapter.test.ts(579,49): error TS2345: Argument of type 'Mock<UnknownFunction>' is not assignable to parameter of type 'EventListener<CoordinationEvent>'.
  Type 'unknown' is not assignable to type 'void | Promise<void>'.
src/interfaces/events/adapters/__tests__/coordination-event-adapter.test.ts(604,68): error TS2345: Argument of type 'Mock<UnknownFunction>' is not assignable to parameter of type 'EventListener<CoordinationEvent>'.
  Type 'unknown' is not assignable to type 'void | Promise<void>'.
src/interfaces/events/adapters/__tests__/coordination-event-adapter.test.ts(608,14): error TS2532: Object is possibly 'undefined'.
src/interfaces/events/adapters/__tests__/coordination-event-adapter.test.ts(613,69): error TS2345: Argument of type 'Mock<UnknownFunction>' is not assignable to parameter of type 'EventListener<CoordinationEvent>'.
  Type 'unknown' is not assignable to type 'void | Promise<void>'.
src/interfaces/events/adapters/__tests__/coordination-event-adapter.test.ts(616,14): error TS2532: Object is possibly 'undefined'.
src/interfaces/events/adapters/__tests__/coordination-event-adapter.test.ts(621,71): error TS2345: Argument of type 'Mock<UnknownFunction>' is not assignable to parameter of type 'EventListener<CoordinationEvent>'.
  Type 'unknown' is not assignable to type 'void | Promise<void>'.
src/interfaces/events/adapters/__tests__/coordination-event-adapter.test.ts(624,14): error TS2532: Object is possibly 'undefined'.
src/interfaces/events/adapters/__tests__/coordination-event-adapter.test.ts(679,58): error TS2345: Argument of type 'Error' is not assignable to parameter of type 'never'.
src/interfaces/events/adapters/__tests__/coordination-event-adapter.test.ts(682,18): error TS2345: Argument of type '"subscription-error"' is not assignable to parameter of type '"start" | "stop" | "error" | "subscription" | "emission"'.
src/interfaces/events/adapters/__tests__/coordination-event-adapter.test.ts(683,49): error TS2345: Argument of type 'Mock<UnknownFunction>' is not assignable to parameter of type 'EventListener<CoordinationEvent>'.
  Type 'unknown' is not assignable to type 'void | Promise<void>'.
src/interfaces/events/adapters/__tests__/system-event-adapter.test.ts(168,13): error TS6133: '_originalEmit' is declared but its value is never read.
src/interfaces/events/adapters/__tests__/system-event-adapter.test.ts(168,37): error TS2341: Property 'processEventEmission' is private and only accessible within class 'SystemEventAdapter'.
src/interfaces/events/adapters/__tests__/system-event-adapter.test.ts(169,7): error TS2322: Type 'Mock<() => Promise<unknown>>' is not assignable to type '<T extends SystemEvent>(event: T, _options?: EventEmissionOptions | undefined) => Promise<void>'.
  Type 'Promise<unknown>' is not assignable to type 'Promise<void>'.
    Type 'unknown' is not assignable to type 'void'.
src/interfaces/events/adapters/__tests__/system-event-adapter.test.ts(169,15): error TS2341: Property 'processEventEmission' is private and only accessible within class 'SystemEventAdapter'.
src/interfaces/events/adapters/__tests__/system-event-adapter.test.ts(443,14): error TS2532: Object is possibly 'undefined'.
src/interfaces/events/adapters/__tests__/system-event-adapter.test.ts(626,15): error TS6133: '_startTime' is declared but its value is never read.
src/interfaces/events/adapters/__tests__/system-event-adapter.test.ts(760,29): error TS2339: Property 'context' does not exist on type '{ component?: string; version?: string; duration?: number; errorCode?: string; errorMessage?: string; healthScore?: number; }'.
src/interfaces/events/adapters/communication-event-adapter.ts(513,11): error TS6133: '_eventId' is declared but its value is never read.
src/interfaces/events/adapters/communication-event-adapter.ts(534,44): error TS2379: Argument of type '{ eventType: string; component: string; operation: any; executionTime: number; success: true; correlationId: string | undefined; connectionId: string | undefined; messageId: string | undefined; protocolType: string; communicationLatency: number; timestamp: Date; }' is not assignable to parameter of type 'CommunicationEventMetrics' with 'exactOptionalPropertyTypes: true'. Consider adding 'undefined' to the types of the target's properties.
  Types of property 'correlationId' are incompatible.
    Type 'string | undefined' is not assignable to type 'string'.
      Type 'undefined' is not assignable to type 'string'.
src/interfaces/events/adapters/communication-event-adapter.ts(537,26): error TS2339: Property 'operation' does not exist on type 'T'.
src/interfaces/events/adapters/communication-event-adapter.ts(541,48): error TS2379: Argument of type 'T' is not assignable to parameter of type 'CommunicationEvent' with 'exactOptionalPropertyTypes: true'. Consider adding 'undefined' to the types of the target's properties.
  Type 'SystemEvent' is missing the following properties from type 'CommunicationEvent': operation, protocol
src/interfaces/events/adapters/communication-event-adapter.ts(542,42): error TS2379: Argument of type 'T' is not assignable to parameter of type 'CommunicationEvent' with 'exactOptionalPropertyTypes: true'. Consider adding 'undefined' to the types of the target's properties.
  Type 'SystemEvent' is missing the following properties from type 'CommunicationEvent': operation, protocol
src/interfaces/events/adapters/communication-event-adapter.ts(543,48): error TS2379: Argument of type 'T' is not assignable to parameter of type 'CommunicationEvent' with 'exactOptionalPropertyTypes: true'. Consider adding 'undefined' to the types of the target's properties.
  Type 'SystemEvent' is missing the following properties from type 'CommunicationEvent': operation, protocol
src/interfaces/events/adapters/communication-event-adapter.ts(557,44): error TS2379: Argument of type '{ eventType: string; component: string; operation: any; executionTime: number; success: false; correlationId: string | undefined; connectionId: string | undefined; messageId: string | undefined; protocolType: string; communicationLatency: number; errorType: string; timestamp: Date; }' is not assignable to parameter of type 'CommunicationEventMetrics' with 'exactOptionalPropertyTypes: true'. Consider adding 'undefined' to the types of the target's properties.
  Types of property 'correlationId' are incompatible.
    Type 'string | undefined' is not assignable to type 'string'.
      Type 'undefined' is not assignable to type 'string'.
src/interfaces/events/adapters/communication-event-adapter.ts(560,26): error TS2339: Property 'operation' does not exist on type 'T'.
src/interfaces/events/adapters/communication-event-adapter.ts(564,48): error TS2379: Argument of type 'T' is not assignable to parameter of type 'CommunicationEvent' with 'exactOptionalPropertyTypes: true'. Consider adding 'undefined' to the types of the target's properties.
  Type 'SystemEvent' is missing the following properties from type 'CommunicationEvent': operation, protocol
src/interfaces/events/adapters/communication-event-adapter.ts(565,42): error TS2379: Argument of type 'T' is not assignable to parameter of type 'CommunicationEvent' with 'exactOptionalPropertyTypes: true'. Consider adding 'undefined' to the types of the target's properties.
  Type 'SystemEvent' is missing the following properties from type 'CommunicationEvent': operation, protocol
src/interfaces/events/adapters/communication-event-adapter.ts(566,48): error TS2379: Argument of type 'T' is not assignable to parameter of type 'CommunicationEvent' with 'exactOptionalPropertyTypes: true'. Consider adding 'undefined' to the types of the target's properties.
  Type 'SystemEvent' is missing the following properties from type 'CommunicationEvent': operation, protocol
src/interfaces/events/adapters/communication-event-adapter.ts(590,9): error TS2416: Property 'emitBatch' in type 'CommunicationEventAdapter' is not assignable to the same property in base type 'IEventManager'.
  Type '<T extends CommunicationEvent>(batch: EventBatch<T>, options?: EventEmissionOptions | undefined) => Promise<void>' is not assignable to type '<T extends SystemEvent>(batch: EventBatch<T>, options?: EventEmissionOptions | undefined) => Promise<void>'.
    Types of parameters 'batch' and 'batch' are incompatible.
      Type 'EventBatch<T>' is not assignable to type 'EventBatch<CommunicationEvent>' with 'exactOptionalPropertyTypes: true'. Consider adding 'undefined' to the types of the target's properties.
        Type 'T' is not assignable to type 'CommunicationEvent' with 'exactOptionalPropertyTypes: true'. Consider adding 'undefined' to the types of the target's properties.
          Type 'SystemEvent' is missing the following properties from type 'CommunicationEvent': operation, protocol
src/interfaces/events/adapters/communication-event-adapter.ts(634,9): error TS2416: Property 'emitImmediate' in type 'CommunicationEventAdapter' is not assignable to the same property in base type 'IEventManager'.
  Type '<T extends CommunicationEvent>(event: T) => Promise<void>' is not assignable to type '<T extends SystemEvent>(event: T) => Promise<void>'.
    Types of parameters 'event' and 'event' are incompatible.
      Type 'T' is not assignable to type 'CommunicationEvent' with 'exactOptionalPropertyTypes: true'. Consider adding 'undefined' to the types of the target's properties.
        Type 'SystemEvent' is missing the following properties from type 'CommunicationEvent': operation, protocol
src/interfaces/events/adapters/communication-event-adapter.ts(653,11): error TS2375: Type '{ id: string; eventTypes: string[]; listener: EventListener<T>; filter: EventFilter | undefined; transform: EventTransform | undefined; priority: EventPriority; created: Date; active: true; metadata: Record<...>; }' is not assignable to type 'EventSubscription<T>' with 'exactOptionalPropertyTypes: true'. Consider adding 'undefined' to the types of the target's properties.
  Types of property 'filter' are incompatible.
    Type 'EventFilter | undefined' is not assignable to type 'EventFilter'.
      Type 'undefined' is not assignable to type 'EventFilter'.
src/interfaces/events/adapters/communication-event-adapter.ts(778,18): error TS2352: Conversion of type 'CommunicationEvent[]' to type 'T[]' may be a mistake because neither type sufficiently overlaps with the other. If this was intentional, convert the expression to 'unknown' first.
  Type 'CommunicationEvent' is not comparable to type 'T'.
    'CommunicationEvent' is assignable to the constraint of type 'T', but 'T' could be instantiated with a different subtype of constraint 'SystemEvent'.
src/interfaces/events/adapters/communication-event-adapter.ts(782,58): error TS2379: Argument of type 'T' is not assignable to parameter of type 'CommunicationEvent' with 'exactOptionalPropertyTypes: true'. Consider adding 'undefined' to the types of the target's properties.
  Type 'SystemEvent' is missing the following properties from type 'CommunicationEvent': operation, protocol
src/interfaces/events/adapters/communication-event-adapter.ts(788,45): error TS2379: Argument of type 'T' is not assignable to parameter of type 'CommunicationEvent' with 'exactOptionalPropertyTypes: true'. Consider adding 'undefined' to the types of the target's properties.
  Type 'SystemEvent' is missing the following properties from type 'CommunicationEvent': operation, protocol
src/interfaces/events/adapters/communication-event-adapter.ts(789,45): error TS2379: Argument of type 'T' is not assignable to parameter of type 'CommunicationEvent' with 'exactOptionalPropertyTypes: true'. Consider adding 'undefined' to the types of the target's properties.
  Type 'SystemEvent' is missing the following properties from type 'CommunicationEvent': operation, protocol
src/interfaces/events/adapters/communication-event-adapter.ts(1622,28): error TS2379: Argument of type 'T' is not assignable to parameter of type 'CommunicationEvent' with 'exactOptionalPropertyTypes: true'. Consider adding 'undefined' to the types of the target's properties.
  Type 'SystemEvent' is missing the following properties from type 'CommunicationEvent': operation, protocol
src/interfaces/events/adapters/communication-event-adapter.ts(1631,48): error TS2379: Argument of type 'T' is not assignable to parameter of type 'CommunicationEvent' with 'exactOptionalPropertyTypes: true'. Consider adding 'undefined' to the types of the target's properties.
  Type 'SystemEvent' is missing the following properties from type 'CommunicationEvent': operation, protocol
src/interfaces/events/adapters/communication-event-adapter.ts(1635,37): error TS2379: Argument of type 'T' is not assignable to parameter of type 'CommunicationEvent' with 'exactOptionalPropertyTypes: true'. Consider adding 'undefined' to the types of the target's properties.
  Type 'SystemEvent' is missing the following properties from type 'CommunicationEvent': operation, protocol
src/interfaces/events/adapters/communication-event-adapter.ts(1639,29): error TS2379: Argument of type 'T' is not assignable to parameter of type 'CommunicationEvent' with 'exactOptionalPropertyTypes: true'. Consider adding 'undefined' to the types of the target's properties.
  Type 'SystemEvent' is missing the following properties from type 'CommunicationEvent': operation, protocol
src/interfaces/events/adapters/communication-event-adapter.ts(1648,7): error TS2375: Type 'CommunicationEvent' is not assignable to type 'T' with 'exactOptionalPropertyTypes: true'. Consider adding 'undefined' to the types of the target's properties.
  'CommunicationEvent' is assignable to the constraint of type 'T', but 'T' could be instantiated with a different subtype of constraint 'SystemEvent'.
src/interfaces/events/adapters/communication-event-adapter.ts(1648,52): error TS2379: Argument of type 'T' is not assignable to parameter of type 'CommunicationEvent' with 'exactOptionalPropertyTypes: true'. Consider adding 'undefined' to the types of the target's properties.
  Type 'SystemEvent' is missing the following properties from type 'CommunicationEvent': operation, protocol
src/interfaces/events/adapters/communication-event-adapter.ts(1659,54): error TS2379: Argument of type 'T' is not assignable to parameter of type 'CommunicationEvent' with 'exactOptionalPropertyTypes: true'. Consider adding 'undefined' to the types of the target's properties.
  Type 'SystemEvent' is missing the following properties from type 'CommunicationEvent': operation, protocol
src/interfaces/events/adapters/communication-event-adapter.ts(1666,11): error TS2375: Type 'CommunicationEvent' is not assignable to type 'T' with 'exactOptionalPropertyTypes: true'. Consider adding 'undefined' to the types of the target's properties.
  'CommunicationEvent' is assignable to the constraint of type 'T', but 'T' could be instantiated with a different subtype of constraint 'SystemEvent'.
src/interfaces/events/adapters/communication-event-adapter.ts(1666,57): error TS2379: Argument of type 'T' is not assignable to parameter of type 'CommunicationEvent' with 'exactOptionalPropertyTypes: true'. Consider adding 'undefined' to the types of the target's properties.
  Type 'SystemEvent' is missing the following properties from type 'CommunicationEvent': operation, protocol
src/interfaces/events/adapters/communication-event-adapter.ts(1837,13): error TS2375: Type '{ correlationId: string; events: CommunicationEvent[]; startTime: Date; lastUpdate: Date; connectionId: string | undefined; protocolType: string; messageIds: string[]; operation: "error" | ... 5 more ... | "receive"; status: "active"; performance: { ...; }; metadata: {}; }' is not assignable to type 'CommunicationCorrelation' with 'exactOptionalPropertyTypes: true'. Consider adding 'undefined' to the types of the target's properties.
  Types of property 'connectionId' are incompatible.
    Type 'string | undefined' is not assignable to type 'string'.
      Type 'undefined' is not assignable to type 'string'.
src/interfaces/events/adapters/communication-event-adapter.ts(2107,59): error TS4111: Property 'connectionId' comes from an index signature, so it must be accessed with ['connectionId'].
src/interfaces/events/adapters/communication-event-adapter.ts(2111,56): error TS4111: Property 'messageId' comes from an index signature, so it must be accessed with ['messageId'].
src/interfaces/events/adapters/communication-event-adapter.ts(2123,67): error TS2304: Cannot find name 'EventPriority'.
src/interfaces/events/adapters/communication-event-factory.ts(46,5): error TS2739: Type '{ info: (_message: string, _meta?: any) => void; warn: (message: string, meta?: any) => void; error: (message: string, meta?: any, error?: any) => void; debug: (_message: string, _meta?: any) => void; }' is missing the following properties from type 'Logger': coreLogger, success, progress
src/interfaces/events/adapters/communication-event-factory.ts(56,9): error TS2416: Property 'create' in type 'CommunicationEventFactory' is not assignable to the same property in base type 'IEventManagerFactory<CommunicationEventAdapterConfig>'.
  Type '(config: CommunicationEventAdapterConfig) => Promise<CommunicationEventAdapter>' is not assignable to type '(config: CommunicationEventAdapterConfig) => Promise<IEventManager>'.
    Type 'Promise<CommunicationEventAdapter>' is not assignable to type 'Promise<IEventManager>'.
      Type 'CommunicationEventAdapter' is not assignable to type 'IEventManager'.
        Types of property 'emitBatch' are incompatible.
          Type '<T extends CommunicationEvent>(batch: EventBatch<T>, options?: EventEmissionOptions | undefined) => Promise<void>' is not assignable to type '<T extends SystemEvent>(batch: EventBatch<T>, options?: EventEmissionOptions | undefined) => Promise<void>'.
            Types of parameters 'batch' and 'batch' are incompatible.
              Type 'EventBatch<T>' is not assignable to type 'EventBatch<CommunicationEvent>' with 'exactOptionalPropertyTypes: true'. Consider adding 'undefined' to the types of the target's properties.
                Type 'T' is not assignable to type 'CommunicationEvent' with 'exactOptionalPropertyTypes: true'. Consider adding 'undefined' to the types of the target's properties.
                  Type 'SystemEvent' is missing the following properties from type 'CommunicationEvent': operation, protocol
src/interfaces/events/adapters/communication-event-factory.ts(79,12): error TS2339: Property 'totalCreated' does not exist on type 'CommunicationEventFactory'.
src/interfaces/events/adapters/communication-event-factory.ts(98,9): error TS2416: Property 'createMultiple' in type 'CommunicationEventFactory' is not assignable to the same property in base type 'IEventManagerFactory<CommunicationEventAdapterConfig>'.
  Type '(configs: CommunicationEventAdapterConfig[]) => Promise<CommunicationEventAdapter[]>' is not assignable to type '(configs: CommunicationEventAdapterConfig[]) => Promise<IEventManager[]>'.
    Type 'Promise<CommunicationEventAdapter[]>' is not assignable to type 'Promise<IEventManager[]>'.
      Type 'CommunicationEventAdapter[]' is not assignable to type 'IEventManager[]'.
        Type 'CommunicationEventAdapter' is not assignable to type 'IEventManager'.
          Types of property 'emitBatch' are incompatible.
            Type '<T extends CommunicationEvent>(batch: EventBatch<T>, options?: EventEmissionOptions | undefined) => Promise<void>' is not assignable to type '<T extends SystemEvent>(batch: EventBatch<T>, options?: EventEmissionOptions | undefined) => Promise<void>'.
              Types of parameters 'batch' and 'batch' are incompatible.
                Type 'EventBatch<T>' is not assignable to type 'EventBatch<CommunicationEvent>' with 'exactOptionalPropertyTypes: true'. Consider adding 'undefined' to the types of the target's properties.
                  Type 'T' is not assignable to type 'CommunicationEvent' with 'exactOptionalPropertyTypes: true'. Consider adding 'undefined' to the types of the target's properties.
                    Type 'SystemEvent' is missing the following properties from type 'CommunicationEvent': operation, protocol
src/interfaces/events/adapters/communication-event-factory.ts(139,3): error TS2416: Property 'get' in type 'CommunicationEventFactory' is not assignable to the same property in base type 'IEventManagerFactory<CommunicationEventAdapterConfig>'.
  Type '(name: string) => CommunicationEventAdapter | undefined' is not assignable to type '(name: string) => IEventManager | undefined'.
    Type 'CommunicationEventAdapter | undefined' is not assignable to type 'IEventManager | undefined'.
      Type 'CommunicationEventAdapter' is not assignable to type 'IEventManager'.
        Types of property 'emitBatch' are incompatible.
          Type '<T extends CommunicationEvent>(batch: EventBatch<T>, options?: EventEmissionOptions | undefined) => Promise<void>' is not assignable to type '<T extends SystemEvent>(batch: EventBatch<T>, options?: EventEmissionOptions | undefined) => Promise<void>'.
            Types of parameters 'batch' and 'batch' are incompatible.
              Type 'EventBatch<T>' is not assignable to type 'EventBatch<CommunicationEvent>' with 'exactOptionalPropertyTypes: true'. Consider adding 'undefined' to the types of the target's properties.
                Type 'T' is not assignable to type 'CommunicationEvent' with 'exactOptionalPropertyTypes: true'. Consider adding 'undefined' to the types of the target's properties.
                  Type 'SystemEvent' is missing the following properties from type 'CommunicationEvent': operation, protocol
src/interfaces/events/adapters/communication-event-factory.ts(146,3): error TS2416: Property 'list' in type 'CommunicationEventFactory' is not assignable to the same property in base type 'IEventManagerFactory<CommunicationEventAdapterConfig>'.
  Type '() => CommunicationEventAdapter[]' is not assignable to type '() => IEventManager[]'.
    Type 'CommunicationEventAdapter[]' is not assignable to type 'IEventManager[]'.
      Type 'CommunicationEventAdapter' is not assignable to type 'IEventManager'.
        Types of property 'emitBatch' are incompatible.
          Type '<T extends CommunicationEvent>(batch: EventBatch<T>, options?: EventEmissionOptions | undefined) => Promise<void>' is not assignable to type '<T extends SystemEvent>(batch: EventBatch<T>, options?: EventEmissionOptions | undefined) => Promise<void>'.
            Types of parameters 'batch' and 'batch' are incompatible.
              Type 'EventBatch<T>' is not assignable to type 'EventBatch<CommunicationEvent>' with 'exactOptionalPropertyTypes: true'. Consider adding 'undefined' to the types of the target's properties.
                Type 'T' is not assignable to type 'CommunicationEvent' with 'exactOptionalPropertyTypes: true'. Consider adding 'undefined' to the types of the target's properties.
                  Type 'SystemEvent' is missing the following properties from type 'CommunicationEvent': operation, protocol
src/interfaces/events/adapters/communication-event-factory.ts(208,94): error TS2345: Argument of type 'unknown' is not assignable to parameter of type 'LogMeta | undefined'.
src/interfaces/events/adapters/communication-event-factory.ts(251,13): error TS2345: Argument of type 'unknown' is not assignable to parameter of type 'LogMeta | undefined'.
src/interfaces/events/adapters/communication-event-factory.ts(579,28): error TS4111: Property 'componentHealth' comes from an index signature, so it must be accessed with ['componentHealth'].
src/interfaces/events/adapters/communication-event-factory.ts(580,50): error TS4111: Property 'componentHealth' comes from an index signature, so it must be accessed with ['componentHealth'].
src/interfaces/events/adapters/communication-event-factory.ts(582,28): error TS4111: Property 'avgCommunicationLatency' comes from an index signature, so it must be accessed with ['avgCommunicationLatency'].
src/interfaces/events/adapters/communication-event-factory.ts(584,39): error TS4111: Property 'avgCommunicationLatency' comes from an index signature, so it must be accessed with ['avgCommunicationLatency'].
src/interfaces/events/adapters/coordination-event-adapter.ts(34,34): error TS2724: '"../types"' has no exported member named 'EventPriority'. Did you mean 'EventPriorityMap'?
src/interfaces/events/adapters/coordination-event-adapter.ts(241,19): error TS2416: Property 'type' in type 'CoordinationEventAdapter' is not assignable to the same property in base type 'IEventManager'.
  Type 'string' is not assignable to type 'EventManagerType'.
src/interfaces/events/adapters/coordination-event-adapter.ts(374,5): error TS2739: Type '{ info: (_message: string, _meta?: any) => void; warn: (message: string, meta?: any) => void; error: (message: string, meta?: any, error?: any) => void; debug: (_message: string, _meta?: any) => void; }' is missing the following properties from type 'Logger': coreLogger, success, progress
src/interfaces/events/adapters/coordination-event-adapter.ts(484,9): error TS2416: Property 'emit' in type 'CoordinationEventAdapter' is not assignable to the same property in base type 'IEventManager'.
  Type '<T extends CoordinationEvent>(event: T, options?: EventEmissionOptions | undefined) => Promise<void>' is not assignable to type '<T extends SystemEvent>(event: T, options?: EventEmissionOptions | undefined) => Promise<void>'.
    Types of parameters 'event' and 'event' are incompatible.
      Type 'T' is not assignable to type 'CoordinationEvent' with 'exactOptionalPropertyTypes: true'. Consider adding 'undefined' to the types of the target's properties.
        Type 'SystemEvent' is missing the following properties from type 'CoordinationEvent': operation, targetId
src/interfaces/events/adapters/coordination-event-adapter.ts(511,43): error TS2379: Argument of type '{ eventType: "coordination:swarm" | "coordination:agent" | "coordination:task" | "coordination:topology"; component: string; operation: "init" | "spawn" | "destroy" | "coordinate" | "distribute" | "complete" | "fail"; ... 7 more ...; timestamp: Date; }' is not assignable to parameter of type 'CoordinationEventMetrics' with 'exactOptionalPropertyTypes: true'. Consider adding 'undefined' to the types of the target's properties.
  Types of property 'correlationId' are incompatible.
    Type 'string | undefined' is not assignable to type 'string'.
      Type 'undefined' is not assignable to type 'string'.
src/interfaces/events/adapters/coordination-event-adapter.ts(534,43): error TS2379: Argument of type '{ eventType: "coordination:swarm" | "coordination:agent" | "coordination:task" | "coordination:topology"; component: string; operation: "init" | "spawn" | "destroy" | "coordinate" | "distribute" | "complete" | "fail"; ... 8 more ...; timestamp: Date; }' is not assignable to parameter of type 'CoordinationEventMetrics' with 'exactOptionalPropertyTypes: true'. Consider adding 'undefined' to the types of the target's properties.
  Types of property 'correlationId' are incompatible.
    Type 'string | undefined' is not assignable to type 'string'.
      Type 'undefined' is not assignable to type 'string'.
src/interfaces/events/adapters/coordination-event-adapter.ts(567,9): error TS2416: Property 'emitBatch' in type 'CoordinationEventAdapter' is not assignable to the same property in base type 'IEventManager'.
  Type '<T extends CoordinationEvent>(batch: EventBatch<T>, options?: EventEmissionOptions | undefined) => Promise<void>' is not assignable to type '<T extends SystemEvent>(batch: EventBatch<T>, options?: EventEmissionOptions | undefined) => Promise<void>'.
    Types of parameters 'batch' and 'batch' are incompatible.
      Type 'EventBatch<T>' is not assignable to type 'EventBatch<CoordinationEvent>' with 'exactOptionalPropertyTypes: true'. Consider adding 'undefined' to the types of the target's properties.
        Type 'T' is not assignable to type 'CoordinationEvent' with 'exactOptionalPropertyTypes: true'. Consider adding 'undefined' to the types of the target's properties.
          Type 'SystemEvent' is missing the following properties from type 'CoordinationEvent': operation, targetId
src/interfaces/events/adapters/coordination-event-adapter.ts(611,9): error TS2416: Property 'emitImmediate' in type 'CoordinationEventAdapter' is not assignable to the same property in base type 'IEventManager'.
  Type '<T extends CoordinationEvent>(event: T) => Promise<void>' is not assignable to type '<T extends SystemEvent>(event: T) => Promise<void>'.
    Types of parameters 'event' and 'event' are incompatible.
      Type 'T' is not assignable to type 'CoordinationEvent' with 'exactOptionalPropertyTypes: true'. Consider adding 'undefined' to the types of the target's properties.
        Type 'SystemEvent' is missing the following properties from type 'CoordinationEvent': operation, targetId
src/interfaces/events/adapters/coordination-event-adapter.ts(622,3): error TS2416: Property 'subscribe' in type 'CoordinationEventAdapter' is not assignable to the same property in base type 'IEventManager'.
  Type '<T extends CoordinationEvent>(eventTypes: string | string[], listener: EventListener<T>, options?: Partial<EventSubscription<T>> | undefined) => string' is not assignable to type '<T extends SystemEvent>(eventTypes: string | string[], listener: EventListener<T>, options?: Partial<EventSubscription<T>> | undefined) => string'.
    Types of parameters 'listener' and 'listener' are incompatible.
      Types of parameters 'event' and 'event' are incompatible.
        Type 'CoordinationEvent' is not assignable to type 'T' with 'exactOptionalPropertyTypes: true'. Consider adding 'undefined' to the types of the target's properties.
          'CoordinationEvent' is assignable to the constraint of type 'T', but 'T' could be instantiated with a different subtype of constraint 'SystemEvent'.
src/interfaces/events/adapters/coordination-event-adapter.ts(630,11): error TS2375: Type '{ id: string; eventTypes: string[]; listener: EventListener<T>; filter: EventFilter | undefined; transform: EventTransform | undefined; priority: EventPriority; created: Date; active: true; metadata: Record<...>; }' is not assignable to type 'EventSubscription<T>' with 'exactOptionalPropertyTypes: true'. Consider adding 'undefined' to the types of the target's properties.
  Types of property 'filter' are incompatible.
    Type 'EventFilter | undefined' is not assignable to type 'EventFilter'.
      Type 'undefined' is not assignable to type 'EventFilter'.
src/interfaces/events/adapters/coordination-event-adapter.ts(754,9): error TS2416: Property 'query' in type 'CoordinationEventAdapter' is not assignable to the same property in base type 'IEventManager'.
  Type '<T extends CoordinationEvent>(options: EventQueryOptions) => Promise<T[]>' is not assignable to type '<T extends SystemEvent>(options: EventQueryOptions) => Promise<T[]>'.
    Type 'Promise<CoordinationEvent[]>' is not assignable to type 'Promise<T[]>'.
      Type 'CoordinationEvent[]' is not assignable to type 'T[]'.
        Type 'CoordinationEvent' is not assignable to type 'T' with 'exactOptionalPropertyTypes: true'. Consider adding 'undefined' to the types of the target's properties.
          'CoordinationEvent' is assignable to the constraint of type 'T', but 'T' could be instantiated with a different subtype of constraint 'SystemEvent'.
src/interfaces/events/adapters/coordination-event-adapter.ts(815,7): error TS2322: Type 'string' is not assignable to type 'EventManagerType'.
src/interfaces/events/adapters/coordination-event-adapter.ts(856,7): error TS2322: Type 'string' is not assignable to type 'EventManagerType'.
src/interfaces/events/adapters/coordination-event-adapter.ts(1475,87): error TS2345: Argument of type 'unknown' is not assignable to parameter of type 'LogMeta | undefined'.
src/interfaces/events/adapters/coordination-event-adapter.ts(1604,17): error TS2353: Object literal may only specify known properties, and 'healthScore' does not exist in type '{ agentCount?: number; topology?: "mesh" | "hierarchical" | "ring" | "star"; taskType?: string; assignedTo?: string[]; progress?: number; metrics?: { latency: number; throughput: number; reliability: number; resourceUsage: { ...; }; }; }'.
src/interfaces/events/adapters/coordination-event-adapter.ts(1688,17): error TS2741: Property 'resourceUsage' is missing in type '{ latency: number; throughput: number; reliability: number; }' but required in type '{ latency: number; throughput: number; reliability: number; resourceUsage: { cpu: number; memory: number; network: number; }; }'.
src/interfaces/events/adapters/coordination-event-adapter.ts(1712,13): error TS2375: Type '{ correlationId: string; events: CoordinationEvent[]; startTime: Date; lastUpdate: Date; swarmId: string | undefined; agentIds: string[]; taskIds: string[]; operation: "init" | ... 5 more ... | "fail"; status: "active"; performance: { ...; }; metadata: {}; }' is not assignable to type 'CoordinationCorrelation' with 'exactOptionalPropertyTypes: true'. Consider adding 'undefined' to the types of the target's properties.
  Types of property 'swarmId' are incompatible.
    Type 'string | undefined' is not assignable to type 'string'.
      Type 'undefined' is not assignable to type 'string'.
src/interfaces/events/adapters/coordination-event-adapter.ts(1806,62): error TS2339: Property 'success' does not exist on type '{ agentCount?: number; topology?: "mesh" | "hierarchical" | "ring" | "star"; taskType?: string; assignedTo?: string[]; progress?: number; metrics?: { latency: number; throughput: number; reliability: number; resourceUsage: { ...; }; }; }'.
src/interfaces/events/adapters/coordination-event-adapter.ts(1997,27): error TS2339: Property 'swarmId' does not exist on type '{ agentCount?: number; topology?: "mesh" | "hierarchical" | "ring" | "star"; taskType?: string; assignedTo?: string[]; progress?: number; metrics?: { latency: number; throughput: number; reliability: number; resourceUsage: { ...; }; }; }'.
src/interfaces/events/adapters/coordination-event-adapter.ts(1997,54): error TS4111: Property 'swarmId' comes from an index signature, so it must be accessed with ['swarmId'].
src/interfaces/events/adapters/coordination-event-adapter.ts(2002,22): error TS2339: Property 'agentId' does not exist on type '{ agentCount?: number; topology?: "mesh" | "hierarchical" | "ring" | "star"; taskType?: string; assignedTo?: string[]; progress?: number; metrics?: { latency: number; throughput: number; reliability: number; resourceUsage: { ...; }; }; }'.
src/interfaces/events/adapters/coordination-event-adapter.ts(2003,23): error TS4111: Property 'agentId' comes from an index signature, so it must be accessed with ['agentId'].
src/interfaces/events/adapters/coordination-event-adapter.ts(2010,22): error TS2339: Property 'taskId' does not exist on type '{ agentCount?: number; topology?: "mesh" | "hierarchical" | "ring" | "star"; taskType?: string; assignedTo?: string[]; progress?: number; metrics?: { latency: number; throughput: number; reliability: number; resourceUsage: { ...; }; }; }'.
src/interfaces/events/adapters/coordination-event-adapter.ts(2011,23): error TS4111: Property 'taskId' comes from an index signature, so it must be accessed with ['taskId'].
src/interfaces/events/adapters/coordination-event-factory.ts(40,10): error TS2339: Property 'config' does not exist on type 'CoordinationEventManagerFactory'.
src/interfaces/events/adapters/coordination-event-factory.ts(63,7): error TS2322: Type 'CoordinationEventAdapter' is not assignable to type 'IEventManager'.
  Types of property 'type' are incompatible.
    Type 'string' is not assignable to type 'EventManagerType'.
src/interfaces/events/adapters/coordination-event-factory.ts(90,54): error TS2532: Object is possibly 'undefined'.
src/interfaces/events/adapters/coordination-event-factory.ts(113,5): error TS2322: Type 'CoordinationEventAdapter | undefined' is not assignable to type 'IEventManager | undefined'.
  Type 'CoordinationEventAdapter' is not assignable to type 'IEventManager'.
    Types of property 'type' are incompatible.
      Type 'string' is not assignable to type 'EventManagerType'.
src/interfaces/events/adapters/coordination-event-factory.ts(120,5): error TS2322: Type 'CoordinationEventAdapter[]' is not assignable to type 'IEventManager[]'.
  Type 'CoordinationEventAdapter' is not assignable to type 'IEventManager'.
    Types of property 'type' are incompatible.
      Type 'string' is not assignable to type 'EventManagerType'.
src/interfaces/events/adapters/coordination-event-factory.ts(795,5): error TS2739: Type '{ enabled: false; }' is missing the following properties from type '{ enabled: boolean; optimizationInterval: number; performanceThresholds: { latency: number; throughput: number; reliability: number; }; autoScaling: boolean; loadBalancing: boolean; }': optimizationInterval, performanceThresholds, autoScaling, loadBalancing
src/interfaces/events/adapters/coordination-usage-example.ts(12,3): error TS2614: Module '"./coordination-event-adapter"' has no exported member 'createComprehensiveCoordinationEventManager'. Did you mean to use 'import createComprehensiveCoordinationEventManager from "./coordination-event-adapter"' instead?
src/interfaces/events/adapters/coordination-usage-example.ts(13,3): error TS2724: '"./coordination-event-adapter"' has no exported member named 'createCoordinationEventManager'. Did you mean 'createCoordinationEventAdapter'?
src/interfaces/events/adapters/coordination-usage-example.ts(14,3): error TS2614: Module '"./coordination-event-adapter"' has no exported member 'createHighPerformanceCoordinationEventManager'. Did you mean to use 'import createHighPerformanceCoordinationEventManager from "./coordination-event-adapter"' instead?
src/interfaces/events/adapters/coordination-usage-example.ts(29,46): error TS7006: Parameter 'event' implicitly has an 'any' type.
src/interfaces/events/adapters/coordination-usage-example.ts(36,47): error TS7006: Parameter 'event' implicitly has an 'any' type.
src/interfaces/events/adapters/coordination-usage-example.ts(41,49): error TS7006: Parameter 'event' implicitly has an 'any' type.
src/interfaces/events/adapters/coordination-usage-example.ts(50,9): error TS6133: '_status' is declared but its value is never read.
src/interfaces/events/adapters/coordination-usage-example.ts(70,12): error TS7006: Parameter 'event' implicitly has an 'any' type.
src/interfaces/events/adapters/coordination-usage-example.ts(84,24): error TS18046: 'health' is of type 'unknown'.
src/interfaces/events/adapters/coordination-usage-example.ts(96,9): error TS6133: '_metrics' is declared but its value is never read.
src/interfaces/events/adapters/coordination-usage-example.ts(119,6): error TS7006: Parameter 'event' implicitly has an 'any' type.
src/interfaces/events/adapters/coordination-usage-example.ts(146,9): error TS6133: '_throughput' is declared but its value is never read.
src/interfaces/events/adapters/coordination-usage-example.ts(148,9): error TS6133: '_finalMetrics' is declared but its value is never read.
src/interfaces/events/adapters/coordination-usage-example.ts(317,11): error TS2353: Object literal may only specify known properties, and 'swarmId' does not exist in type '{ agentCount?: number; topology?: "mesh" | "hierarchical" | "ring" | "star"; taskType?: string; assignedTo?: string[]; progress?: number; metrics?: { latency: number; throughput: number; reliability: number; resourceUsage: { ...; }; }; }'.
src/interfaces/events/adapters/coordination-usage-example.ts(334,7): error TS2353: Object literal may only specify known properties, and 'complexity' does not exist in type '{ agentCount?: number; topology?: "mesh" | "hierarchical" | "ring" | "star"; taskType?: string; assignedTo?: string[]; progress?: number; metrics?: { latency: number; throughput: number; reliability: number; resourceUsage: { ...; }; }; }'.
src/interfaces/events/adapters/coordination-usage-example.ts(357,7): error TS2353: Object literal may only specify known properties, and 'researchType' does not exist in type '{ agentCount?: number; topology?: "mesh" | "hierarchical" | "ring" | "star"; taskType?: string; assignedTo?: string[]; progress?: number; metrics?: { latency: number; throughput: number; reliability: number; resourceUsage: { ...; }; }; }'.
src/interfaces/events/adapters/coordination-usage-example.ts(372,9): error TS2353: Object literal may only specify known properties, and 'swarmId' does not exist in type '{ agentCount?: number; topology?: "mesh" | "hierarchical" | "ring" | "star"; taskType?: string; assignedTo?: string[]; progress?: number; metrics?: { latency: number; throughput: number; reliability: number; resourceUsage: { ...; }; }; }'.
src/interfaces/events/adapters/index.ts(32,3): error TS2724: '"../types"' has no exported member named 'EventPriority'. Did you mean 'EventPriorityMap'?
src/interfaces/events/adapters/index.ts(33,3): error TS2614: Module '"../types"' has no exported member 'EventProcessingStrategy'. Did you mean to use 'import EventProcessingStrategy from "../types"' instead?
src/interfaces/events/adapters/index.ts(135,31): error TS2304: Cannot find name 'SystemEventManagerFactory'.
src/interfaces/events/adapters/index.ts(136,37): error TS2304: Cannot find name 'CoordinationEventManagerFactory'.
src/interfaces/events/adapters/index.ts(137,38): error TS2304: Cannot find name 'CommunicationEventFactory'.
src/interfaces/events/adapters/index.ts(138,35): error TS2304: Cannot find name 'MonitoringEventFactory'.
src/interfaces/events/adapters/index.ts(151,59): error TS2304: Cannot find name 'SystemEventAdapterConfig'.
src/interfaces/events/adapters/index.ts(152,20): error TS2304: Cannot find name 'createDefaultSystemEventAdapterConfig'.
src/interfaces/events/adapters/index.ts(153,12): error TS2304: Cannot find name 'createSystemEventAdapter'.
src/interfaces/events/adapters/index.ts(164,25): error TS2304: Cannot find name 'CoordinationEventAdapterConfig'.
src/interfaces/events/adapters/index.ts(166,20): error TS2304: Cannot find name 'createDefaultCoordinationEventAdapterConfig'.
src/interfaces/events/adapters/index.ts(167,12): error TS2304: Cannot find name 'createCoordinationEventAdapter'.
src/interfaces/events/adapters/index.ts(178,25): error TS2304: Cannot find name 'CommunicationEventAdapterConfig'.
src/interfaces/events/adapters/index.ts(180,20): error TS2304: Cannot find name 'createDefaultCommunicationEventAdapterConfig'.
src/interfaces/events/adapters/index.ts(181,12): error TS2304: Cannot find name 'createCommunicationEventAdapter'.
src/interfaces/events/adapters/index.ts(190,63): error TS2304: Cannot find name 'MonitoringEventAdapterConfig'.
src/interfaces/events/adapters/index.ts(191,20): error TS2304: Cannot find name 'createDefaultMonitoringEventAdapterConfig'.
src/interfaces/events/adapters/index.ts(192,12): error TS2304: Cannot find name 'createMonitoringEventAdapter'.
src/interfaces/events/adapters/index.ts(198,34): error TS2304: Cannot find name 'SystemEventManagerFactory'.
src/interfaces/events/adapters/index.ts(203,40): error TS2304: Cannot find name 'CoordinationEventManagerFactory'.
src/interfaces/events/adapters/index.ts(208,41): error TS2304: Cannot find name 'CommunicationEventFactory'.
src/interfaces/events/adapters/index.ts(213,34): error TS2304: Cannot find name 'MonitoringEventFactory'.
src/interfaces/events/adapters/index.ts(232,3): error TS18004: No value exists in scope for the shorthand property 'SystemEventAdapter'. Either declare one or provide an initializer.
src/interfaces/events/adapters/index.ts(233,3): error TS18004: No value exists in scope for the shorthand property 'SystemEventManagerFactory'. Either declare one or provide an initializer.
src/interfaces/events/adapters/index.ts(234,3): error TS18004: No value exists in scope for the shorthand property 'CoordinationEventAdapter'. Either declare one or provide an initializer.
src/interfaces/events/adapters/index.ts(235,3): error TS18004: No value exists in scope for the shorthand property 'CoordinationEventManagerFactory'. Either declare one or provide an initializer.
src/interfaces/events/adapters/index.ts(236,3): error TS18004: No value exists in scope for the shorthand property 'CommunicationEventAdapter'. Either declare one or provide an initializer.
src/interfaces/events/adapters/index.ts(237,3): error TS18004: No value exists in scope for the shorthand property 'CommunicationEventFactory'. Either declare one or provide an initializer.
src/interfaces/events/adapters/index.ts(238,3): error TS18004: No value exists in scope for the shorthand property 'MonitoringEventAdapter'. Either declare one or provide an initializer.
src/interfaces/events/adapters/index.ts(239,3): error TS18004: No value exists in scope for the shorthand property 'MonitoringEventFactory'. Either declare one or provide an initializer.
src/interfaces/events/adapters/index.ts(243,3): error TS18004: No value exists in scope for the shorthand property 'SystemEventHelpers'. Either declare one or provide an initializer.
src/interfaces/events/adapters/index.ts(244,3): error TS18004: No value exists in scope for the shorthand property 'CoordinationEventHelpers'. Either declare one or provide an initializer.
src/interfaces/events/adapters/index.ts(245,3): error TS18004: No value exists in scope for the shorthand property 'CommunicationEventHelpers'. Either declare one or provide an initializer.
src/interfaces/events/adapters/index.ts(246,3): error TS18004: No value exists in scope for the shorthand property 'MonitoringEventHelpers'. Either declare one or provide an initializer.
src/interfaces/events/adapters/monitoring-event-adapter.ts(387,7): error TS2322: Type '{ enabled: boolean; metricsInterval?: number; trackLatency?: boolean; trackThroughput?: boolean; trackErrors?: boolean; enableProfiling?: boolean; strategy: "metrics" | "health" | "analytics" | "alerts" | "custom"; ... 5 more ...; trackPerformanceInsights: boolean; }' is not assignable to type 'EventMonitoringConfig & { enabled: boolean; strategy: "health" | "metrics" | "custom" | "analytics" | "alerts"; correlationTTL: number; maxCorrelationDepth: number; correlationPatterns: string[]; trackMetricsFlow: boolean; trackHealthStatus: boolean; trackPerformanceInsights: boolean; }'.
  Type '{ enabled: boolean; metricsInterval?: number; trackLatency?: boolean; trackThroughput?: boolean; trackErrors?: boolean; enableProfiling?: boolean; strategy: "metrics" | "health" | "analytics" | "alerts" | "custom"; ... 5 more ...; trackPerformanceInsights: boolean; }' is not assignable to type 'EventMonitoringConfig'.
    Property 'metricsInterval' is optional in type '{ enabled: boolean; metricsInterval?: number; trackLatency?: boolean; trackThroughput?: boolean; trackErrors?: boolean; enableProfiling?: boolean; strategy: "health" | "metrics" | "custom" | "analytics" | "alerts"; ... 5 more ...; trackPerformanceInsights: boolean; }' but required in type 'EventMonitoringConfig'.
src/interfaces/events/adapters/monitoring-event-adapter.ts(490,83): error TS2345: Argument of type 'unknown' is not assignable to parameter of type 'Record<string, unknown> | undefined'.
src/interfaces/events/adapters/monitoring-event-adapter.ts(522,82): error TS2345: Argument of type 'unknown' is not assignable to parameter of type 'Record<string, unknown> | undefined'.
src/interfaces/events/adapters/monitoring-event-adapter.ts(552,11): error TS6133: '_eventId' is declared but its value is never read.
src/interfaces/events/adapters/monitoring-event-adapter.ts(573,41): error TS2379: Argument of type '{ eventType: string; component: string; operation: any; executionTime: number; success: true; correlationId: string | undefined; metricName: string | undefined; metricValue: number | undefined; alertLevel: string | undefined; healthScore: number | undefined; performanceData: any; timestamp: Date; }' is not assignable to parameter of type 'MonitoringEventMetrics' with 'exactOptionalPropertyTypes: true'. Consider adding 'undefined' to the types of the target's properties.
  Types of property 'correlationId' are incompatible.
    Type 'string | undefined' is not assignable to type 'string'.
      Type 'undefined' is not assignable to type 'string'.
src/interfaces/events/adapters/monitoring-event-adapter.ts(576,26): error TS2339: Property 'operation' does not exist on type 'T'.
src/interfaces/events/adapters/monitoring-event-adapter.ts(597,41): error TS2379: Argument of type '{ eventType: string; component: string; operation: any; executionTime: number; success: false; correlationId: string | undefined; metricName: string | undefined; metricValue: number | undefined; ... 4 more ...; timestamp: Date; }' is not assignable to parameter of type 'MonitoringEventMetrics' with 'exactOptionalPropertyTypes: true'. Consider adding 'undefined' to the types of the target's properties.
  Types of property 'correlationId' are incompatible.
    Type 'string | undefined' is not assignable to type 'string'.
      Type 'undefined' is not assignable to type 'string'.
src/interfaces/events/adapters/monitoring-event-adapter.ts(600,26): error TS2339: Property 'operation' does not exist on type 'T'.
src/interfaces/events/adapters/monitoring-event-adapter.ts(620,80): error TS2345: Argument of type 'unknown' is not assignable to parameter of type 'Record<string, unknown> | undefined'.
src/interfaces/events/adapters/monitoring-event-adapter.ts(665,86): error TS2345: Argument of type 'unknown' is not assignable to parameter of type 'Record<string, unknown> | undefined'.
src/interfaces/events/adapters/monitoring-event-adapter.ts(694,11): error TS2375: Type '{ id: string; eventTypes: string[]; listener: EventListener<T>; filter: EventFilter | undefined; transform: EventTransform | undefined; priority: EventPriority; created: Date; active: true; metadata: Record<...>; }' is not assignable to type 'EventSubscription<T>' with 'exactOptionalPropertyTypes: true'. Consider adding 'undefined' to the types of the target's properties.
  Types of property 'filter' are incompatible.
    Type 'EventFilter | undefined' is not assignable to type 'EventFilter'.
      Type 'undefined' is not assignable to type 'EventFilter'.
src/interfaces/events/adapters/monitoring-event-adapter.ts(1015,85): error TS2345: Argument of type 'unknown' is not assignable to parameter of type 'Record<string, unknown> | undefined'.
src/interfaces/events/adapters/monitoring-event-adapter.ts(1246,59): error TS2339: Property 'healthCheck' does not exist on type 'RealTimePerformanceMonitor | PerformanceAnalyzer | MetricsCollector | { [key: string]: unknown; }'.
  Property 'healthCheck' does not exist on type 'RealTimePerformanceMonitor'.
src/interfaces/events/adapters/monitoring-event-adapter.ts(1247,50): error TS2339: Property 'healthCheck' does not exist on type 'RealTimePerformanceMonitor | PerformanceAnalyzer | MetricsCollector | { [key: string]: unknown; }'.
  Property 'healthCheck' does not exist on type 'RealTimePerformanceMonitor'.
src/interfaces/events/adapters/monitoring-event-adapter.ts(1251,66): error TS2339: Property 'getMetrics' does not exist on type 'RealTimePerformanceMonitor | PerformanceAnalyzer | MetricsCollector | { [key: string]: unknown; }'.
  Property 'getMetrics' does not exist on type 'PerformanceAnalyzer'.
src/interfaces/events/adapters/monitoring-event-adapter.ts(1252,51): error TS2339: Property 'getMetrics' does not exist on type 'RealTimePerformanceMonitor | PerformanceAnalyzer | MetricsCollector | { [key: string]: unknown; }'.
  Property 'getMetrics' does not exist on type 'PerformanceAnalyzer'.
src/interfaces/events/adapters/monitoring-event-adapter.ts(1374,9): error TS2322: Type 'null' is not assignable to type 'RealTimePerformanceMonitor | PerformanceAnalyzer | MetricsCollector | { [key: string]: unknown; }'.
src/interfaces/events/adapters/monitoring-event-adapter.ts(1443,9): error TS2322: Type 'null' is not assignable to type 'RealTimePerformanceMonitor | PerformanceAnalyzer | MetricsCollector | { [key: string]: unknown; }'.
src/interfaces/events/adapters/monitoring-event-adapter.ts(1512,9): error TS2322: Type 'null' is not assignable to type 'RealTimePerformanceMonitor | PerformanceAnalyzer | MetricsCollector | { [key: string]: unknown; }'.
src/interfaces/events/adapters/monitoring-event-adapter.ts(1572,7): error TS2322: Type 'null' is not assignable to type 'RealTimePerformanceMonitor | PerformanceAnalyzer | MetricsCollector | { [key: string]: unknown; }'.
src/interfaces/events/adapters/monitoring-event-adapter.ts(1630,9): error TS2322: Type 'null' is not assignable to type 'RealTimePerformanceMonitor | PerformanceAnalyzer | MetricsCollector | { [key: string]: unknown; }'.
src/interfaces/events/adapters/monitoring-event-adapter.ts(1689,15): error TS7053: Element implicitly has an 'any' type because expression of type 'string' can't be used to index type 'RealTimePerformanceMonitor | PerformanceAnalyzer | MetricsCollector | { [key: string]: unknown; }'.
  No index signature with a parameter of type 'string' was found on type 'RealTimePerformanceMonitor | PerformanceAnalyzer | MetricsCollector | { [key: string]: unknown; }'.
src/interfaces/events/adapters/monitoring-event-adapter.ts(1690,13): error TS7053: Element implicitly has an 'any' type because expression of type 'string' can't be used to index type 'RealTimePerformanceMonitor | PerformanceAnalyzer | MetricsCollector | { [key: string]: unknown; }'.
  No index signature with a parameter of type 'string' was found on type 'RealTimePerformanceMonitor | PerformanceAnalyzer | MetricsCollector | { [key: string]: unknown; }'.
src/interfaces/events/adapters/monitoring-event-adapter.ts(1700,85): error TS2345: Argument of type 'unknown' is not assignable to parameter of type 'Record<string, unknown> | undefined'.
src/interfaces/events/adapters/monitoring-event-adapter.ts(1771,93): error TS2345: Argument of type 'unknown' is not assignable to parameter of type 'Record<string, unknown> | undefined'.
src/interfaces/events/adapters/monitoring-event-adapter.ts(1798,67): error TS2345: Argument of type 'unknown' is not assignable to parameter of type 'Record<string, unknown> | undefined'.
src/interfaces/events/adapters/monitoring-event-adapter.ts(1827,15): error TS2375: Type '{ healthScore: number | undefined; severity: "error" | "warning"; performanceData: { cpu: number; memory: number; disk: number; network: number; latency: number; throughput: number; errorRate: number; }; }' is not assignable to type '{ metricName?: string; metricValue?: number; threshold?: number; severity?: "error" | "info" | "warning" | "critical"; alertId?: string; healthScore?: number; performanceData?: { cpu: number; memory: number; ... 4 more ...; errorRate: number; }; }' with 'exactOptionalPropertyTypes: true'. Consider adding 'undefined' to the types of the target's properties.
  Types of property 'healthScore' are incompatible.
    Type 'number | undefined' is not assignable to type 'number'.
      Type 'undefined' is not assignable to type 'number'.
src/interfaces/events/adapters/monitoring-event-adapter.ts(1844,66): error TS2345: Argument of type 'unknown' is not assignable to parameter of type 'Record<string, unknown> | undefined'.
src/interfaces/events/adapters/monitoring-event-adapter.ts(1934,58): error TS2345: Argument of type 'unknown' is not assignable to parameter of type 'Record<string, unknown> | undefined'.
src/interfaces/events/adapters/monitoring-event-adapter.ts(2232,66): error TS4111: Property 'metricName' comes from an index signature, so it must be accessed with ['metricName'].
src/interfaces/events/adapters/monitoring-event-adapter.ts(2236,67): error TS4111: Property 'metricValue' comes from an index signature, so it must be accessed with ['metricValue'].
src/interfaces/events/adapters/monitoring-event-adapter.ts(2240,64): error TS4111: Property 'severity' comes from an index signature, so it must be accessed with ['severity'].
src/interfaces/events/adapters/monitoring-event-adapter.ts(2244,67): error TS4111: Property 'healthScore' comes from an index signature, so it must be accessed with ['healthScore'].
src/interfaces/events/adapters/monitoring-event-adapter.ts(2248,71): error TS4111: Property 'performanceData' comes from an index signature, so it must be accessed with ['performanceData'].
src/interfaces/events/adapters/monitoring-event-factory.ts(236,18): error TS2352: Conversion of type '{ alertManagement: { enabled: true; wrapAlertEvents: true; wrapEscalationEvents: true; wrapResolutionEvents: true; wrapNotificationEvents: true; alertLevels: ("error" | "info" | "warning" | "critical")[]; }; monitoring: { ...; }; healthMonitoringConfig: { ...; }; }' to type 'Partial<MonitoringEventAdapterConfig>' may be a mistake because neither type sufficiently overlaps with the other. If this was intentional, convert the expression to 'unknown' first.
  Types of property 'monitoring' are incompatible.
    Type '{ strategy: "alerts"; correlationTTL: number; correlationPatterns: string[]; }' is not comparable to type 'EventMonitoringConfig & { enabled: boolean; strategy: "health" | "metrics" | "custom" | "analytics" | "alerts"; correlationTTL: number; maxCorrelationDepth: number; correlationPatterns: string[]; trackMetricsFlow: boolean; trackHealthStatus: boolean; trackPerformanceInsights: boolean; }'.
      Type '{ strategy: "alerts"; correlationTTL: number; correlationPatterns: string[]; }' is missing the following properties from type 'EventMonitoringConfig': enabled, metricsInterval, trackLatency, trackThroughput, and 2 more.
src/interfaces/events/adapters/monitoring-event-factory.ts(499,7): error TS2322: Type '{ enabled: true; strategy: "metrics"; trackMetricsFlow: true; trackHealthStatus: true; trackPerformanceInsights: true; }' is not assignable to type 'EventMonitoringConfig & { enabled: boolean; strategy: "health" | "metrics" | "custom" | "analytics" | "alerts"; correlationTTL: number; maxCorrelationDepth: number; correlationPatterns: string[]; trackMetricsFlow: boolean; trackHealthStatus: boolean; trackPerformanceInsights: boolean; }'.
  Type '{ enabled: true; strategy: "metrics"; trackMetricsFlow: true; trackHealthStatus: true; trackPerformanceInsights: true; }' is missing the following properties from type 'EventMonitoringConfig': metricsInterval, trackLatency, trackThroughput, trackErrors, enableProfiling
src/interfaces/events/adapters/monitoring-event-factory.ts(571,25): error TS2345: Argument of type '(error: Error) => Promise<void>' is not assignable to parameter of type '(...args: unknown[]) => void'.
  Types of parameters 'error' and 'args' are incompatible.
    Type 'unknown' is not assignable to type 'Error'.
src/interfaces/events/adapters/monitoring-usage-example.ts(12,3): error TS2724: '"./monitoring-event-adapter"' has no exported member named 'MonitoringEventAdapterFactory'. Did you mean 'MonitoringEventAdapter'?
src/interfaces/events/adapters/monitoring-usage-example.ts(75,11): error TS6133: '_healthStatus' is declared but its value is never read.
src/interfaces/events/adapters/monitoring-usage-example.ts(76,11): error TS6133: '_metrics' is declared but its value is never read.
src/interfaces/events/adapters/monitoring-usage-example.ts(108,51): error TS7006: Parameter 'event' implicitly has an 'any' type.
src/interfaces/events/adapters/monitoring-usage-example.ts(110,15): error TS6133: '_perf' is declared but its value is never read.
src/interfaces/events/adapters/monitoring-usage-example.ts(139,11): error TS6133: '_insights' is declared but its value is never read.
src/interfaces/events/adapters/monitoring-usage-example.ts(164,67): error TS7006: Parameter '_event' implicitly has an 'any' type.
src/interfaces/events/adapters/monitoring-usage-example.ts(215,11): error TS6133: '_healthStatus' is declared but its value is never read.
src/interfaces/events/adapters/monitoring-usage-example.ts(238,48): error TS7006: Parameter 'event' implicitly has an 'any' type.
src/interfaces/events/adapters/monitoring-usage-example.ts(283,11): error TS6133: '_insights' is declared but its value is never read.
src/interfaces/events/adapters/monitoring-usage-example.ts(304,35): error TS7006: Parameter 'event' implicitly has an 'any' type.
src/interfaces/events/adapters/monitoring-usage-example.ts(305,13): error TS6133: '_alertId' is declared but its value is never read.
src/interfaces/events/adapters/monitoring-usage-example.ts(306,13): error TS6133: '_severity' is declared but its value is never read.
src/interfaces/events/adapters/monitoring-usage-example.ts(356,11): error TS6133: '_alertData' is declared but its value is never read.
src/interfaces/events/adapters/monitoring-usage-example.ts(382,8): error TS7006: Parameter '_event' implicitly has an 'any' type.
src/interfaces/events/adapters/monitoring-usage-example.ts(449,11): error TS6133: '_healthStatus' is declared but its value is never read.
src/interfaces/events/adapters/monitoring-usage-example.ts(450,11): error TS6133: '_metrics' is declared but its value is never read.
src/interfaces/events/adapters/monitoring-usage-example.ts(584,11): error TS6133: '_duration' is declared but its value is never read.
src/interfaces/events/adapters/monitoring-usage-example.ts(590,11): error TS6133: '_throughputMetrics' is declared but its value is never read.
src/interfaces/events/adapters/monitoring-usage-example.ts(591,11): error TS6133: '_latencyMetrics' is declared but its value is never read.
src/interfaces/events/adapters/system-event-adapter.ts(186,19): error TS2416: Property 'type' in type 'SystemEventAdapter' is not assignable to the same property in base type 'IEventManager'.
  Type 'string' is not assignable to type 'EventManagerType'.
src/interfaces/events/adapters/system-event-adapter.ts(200,11): error TS6133: 'coreSystem' is declared but its value is never read.
src/interfaces/events/adapters/system-event-adapter.ts(201,11): error TS6133: 'applicationCoordinator' is declared but its value is never read.
src/interfaces/events/adapters/system-event-adapter.ts(412,31): error TS2379: Argument of type '{ eventType: string; component: string; operation: string; executionTime: number; success: true; correlationId: string | undefined; timestamp: Date; }' is not assignable to parameter of type 'SystemEventMetrics' with 'exactOptionalPropertyTypes: true'. Consider adding 'undefined' to the types of the target's properties.
  Types of property 'correlationId' are incompatible.
    Type 'string | undefined' is not assignable to type 'string'.
      Type 'undefined' is not assignable to type 'string'.
src/interfaces/events/adapters/system-event-adapter.ts(431,31): error TS2379: Argument of type '{ eventType: string; component: string; operation: string; executionTime: number; success: false; correlationId: string | undefined; errorType: string; timestamp: Date; }' is not assignable to parameter of type 'SystemEventMetrics' with 'exactOptionalPropertyTypes: true'. Consider adding 'undefined' to the types of the target's properties.
  Types of property 'correlationId' are incompatible.
    Type 'string | undefined' is not assignable to type 'string'.
      Type 'undefined' is not assignable to type 'string'.
src/interfaces/events/adapters/system-event-adapter.ts(519,11): error TS2375: Type '{ id: string; eventTypes: string[]; listener: EventListener<T>; filter: EventFilter | undefined; transform: EventTransform | undefined; priority: EventPriority; created: Date; active: true; metadata: Record<...>; }' is not assignable to type 'EventSubscription<T>' with 'exactOptionalPropertyTypes: true'. Consider adding 'undefined' to the types of the target's properties.
  Types of property 'filter' are incompatible.
    Type 'EventFilter | undefined' is not assignable to type 'EventFilter'.
      Type 'undefined' is not assignable to type 'EventFilter'.
src/interfaces/events/adapters/system-event-adapter.ts(702,7): error TS2322: Type 'string' is not assignable to type 'EventManagerType'.
src/interfaces/events/adapters/system-event-adapter.ts(739,7): error TS2322: Type 'string' is not assignable to type 'EventManagerType'.
src/interfaces/events/adapters/system-event-adapter.ts(1289,47): error TS4111: Property 'healthScore' comes from an index signature, so it must be accessed with ['healthScore'].
src/interfaces/events/adapters/system-event-adapter.ts(1290,17): error TS2353: Object literal may only specify known properties, and 'errorRate' does not exist in type '{ component?: string; version?: string; duration?: number; errorCode?: string; errorMessage?: string; healthScore?: number; }'.
src/interfaces/events/adapters/system-event-factory.ts(29,10): error TS2339: Property 'config' does not exist on type 'SystemEventManagerFactory'.
src/interfaces/events/adapters/system-event-factory.ts(52,7): error TS2322: Type 'SystemEventAdapter' is not assignable to type 'IEventManager'.
  Types of property 'type' are incompatible.
    Type 'string' is not assignable to type 'EventManagerType'.
src/interfaces/events/adapters/system-event-factory.ts(77,59): error TS2532: Object is possibly 'undefined'.
src/interfaces/events/adapters/system-event-factory.ts(98,5): error TS2322: Type 'SystemEventAdapter | undefined' is not assignable to type 'IEventManager | undefined'.
  Type 'SystemEventAdapter' is not assignable to type 'IEventManager'.
    Types of property 'type' are incompatible.
      Type 'string' is not assignable to type 'EventManagerType'.
src/interfaces/events/adapters/system-event-factory.ts(105,5): error TS2322: Type 'SystemEventAdapter[]' is not assignable to type 'IEventManager[]'.
  Type 'SystemEventAdapter' is not assignable to type 'IEventManager'.
    Types of property 'type' are incompatible.
      Type 'string' is not assignable to type 'EventManagerType'.
src/interfaces/events/compatibility.ts(37,5): error TS2412: Type 'IEventManager | undefined' is not assignable to type 'IEventManager' with 'exactOptionalPropertyTypes: true'. Consider adding 'undefined' to the type of the target.
  Type 'undefined' is not assignable to type 'IEventManager'.
src/interfaces/events/compatibility.ts(39,5): error TS2412: Type 'ILogger | undefined' is not assignable to type 'ILogger' with 'exactOptionalPropertyTypes: true'. Consider adding 'undefined' to the type of the target.
  Type 'undefined' is not assignable to type 'ILogger'.
src/interfaces/events/compatibility.ts(81,5): error TS2412: Type 'undefined' is not assignable to type 'IEventManager' with 'exactOptionalPropertyTypes: true'. Consider adding 'undefined' to the type of the target.
src/interfaces/events/compatibility.ts(92,3): error TS4114: This member must have an 'override' modifier because it overrides a member in the base class 'EventEmitter<DefaultEventMap>'.
src/interfaces/events/compatibility.ts(111,3): error TS4114: This member must have an 'override' modifier because it overrides a member in the base class 'EventEmitter<DefaultEventMap>'.
src/interfaces/events/compatibility.ts(130,3): error TS4114: This member must have an 'override' modifier because it overrides a member in the base class 'EventEmitter<DefaultEventMap>'.
src/interfaces/events/compatibility.ts(220,9): error TS2353: Object literal may only specify known properties, and 'once' does not exist in type 'Partial<EventSubscription<SystemEvent>>'.
src/interfaces/events/compatibility.ts(249,25): error TS4111: Property 'args' comes from an index signature, so it must be accessed with ['args'].
src/interfaces/events/compatibility.ts(249,62): error TS4111: Property 'args' comes from an index signature, so it must be accessed with ['args'].
src/interfaces/events/compatibility.ts(250,29): error TS4111: Property 'args' comes from an index signature, so it must be accessed with ['args'].
src/interfaces/events/compatibility.ts(291,5): error TS2412: Type 'ILogger | undefined' is not assignable to type 'ILogger' with 'exactOptionalPropertyTypes: true'. Consider adding 'undefined' to the type of the target.
  Type 'undefined' is not assignable to type 'ILogger'.
src/interfaces/events/compatibility.ts(320,56): error TS2379: Argument of type '{ enableUEL: boolean; uelManager: IEventManager; migrationMode: "active" | "disabled" | "passive"; logger: ILogger | undefined; }' is not assignable to parameter of type '{ enableUEL?: boolean; uelManager?: IEventManager; migrationMode?: "active" | "disabled" | "passive"; logger?: ILogger; }' with 'exactOptionalPropertyTypes: true'. Consider adding 'undefined' to the types of the target's properties.
  Types of property 'logger' are incompatible.
    Type 'ILogger | undefined' is not assignable to type 'ILogger'.
      Type 'undefined' is not assignable to type 'ILogger'.
src/interfaces/events/compatibility.ts(361,63): error TS2379: Argument of type '{ enableUEL: true; uelManager: IEventManager; migrationMode: "active"; logger: ILogger | undefined; }' is not assignable to parameter of type '{ enableUEL?: boolean; uelManager?: IEventManager; migrationMode?: "active" | "disabled" | "passive"; logger?: ILogger; }' with 'exactOptionalPropertyTypes: true'. Consider adding 'undefined' to the types of the target's properties.
  Types of property 'logger' are incompatible.
    Type 'ILogger | undefined' is not assignable to type 'ILogger'.
      Type 'undefined' is not assignable to type 'ILogger'.
src/interfaces/events/compatibility.ts(533,7): error TS2322: Type '{ phase: string; description: string; steps: string[]; estimatedEffort: string; dependencies: string[]; }[]' is not assignable to type '{ phase: string; description: string; steps: string[]; estimatedEffort: "high" | "medium" | "low"; dependencies: string[]; }[]'.
  Type '{ phase: string; description: string; steps: string[]; estimatedEffort: string; dependencies: string[]; }' is not assignable to type '{ phase: string; description: string; steps: string[]; estimatedEffort: "high" | "medium" | "low"; dependencies: string[]; }'.
    Types of property 'estimatedEffort' are incompatible.
      Type 'string' is not assignable to type '"high" | "medium" | "low"'.
src/interfaces/events/compatibility.ts(584,10): error TS2339: Property 'eventManager' does not exist on type 'CompatibilityFactory'.
src/interfaces/events/compatibility.ts(657,32): error TS2339: Property 'eventManager' does not exist on type 'CompatibilityFactory'.
src/interfaces/events/compatibility.ts(683,32): error TS2339: Property 'eventManager' does not exist on type 'CompatibilityFactory'.
src/interfaces/events/core/interfaces.ts(906,5): error TS4115: This parameter property must have an 'override' modifier because it overrides a member in base class 'Error'.
src/interfaces/events/examples/complete-integration-example.ts(75,9): error TS2353: Object literal may only specify known properties, and 'features' does not exist in type '{ component?: string; version?: string; duration?: number; errorCode?: string; errorMessage?: string; healthScore?: number; }'.
src/interfaces/events/examples/complete-integration-example.ts(87,9): error TS2353: Object literal may only specify known properties, and 'agentType' does not exist in type '{ agentCount?: number; topology?: "mesh" | "hierarchical" | "ring" | "star"; taskType?: string; assignedTo?: string[]; progress?: number; metrics?: { latency: number; throughput: number; reliability: number; resourceUsage: { ...; }; }; }'.
src/interfaces/events/examples/complete-integration-example.ts(93,71): error TS7006: Parameter 'event' implicitly has an 'any' type.
src/interfaces/events/examples/complete-integration-example.ts(97,75): error TS7006: Parameter 'event' implicitly has an 'any' type.
src/interfaces/events/examples/complete-integration-example.ts(110,38): error TS2339: Property 'healthPercentage' does not exist on type '{ initialized: boolean; components: { factory: boolean; registry: boolean; eventManager: boolean; eventRegistry: boolean; validation: boolean; compatibility: boolean; }; factoryStats: any; globalMetrics: any; healthStatus: EventManagerStatus[]; integrationStats?: any; registryStats?: any; validationStatus?: { ...; }...'.
src/interfaces/events/examples/complete-integration-example.ts(192,40): error TS7006: Parameter 'data' implicitly has an 'any' type.
src/interfaces/events/examples/complete-integration-example.ts(205,15): error TS6133: '_coordStatus' is declared but its value is never read.
src/interfaces/events/examples/complete-integration-example.ts(256,51): error TS7006: Parameter 'data' implicitly has an 'any' type.
src/interfaces/events/factories.ts(315,41): error TS6138: Property '_logger' is declared but its value is never read.
src/interfaces/events/factories.ts(316,41): error TS6138: Property '_config' is declared but its value is never read.
src/interfaces/events/factories.ts(353,12): error TS2551: Property 'logger' does not exist on type 'UELFactory'. Did you mean '_logger'?
src/interfaces/events/factories.ts(359,10): error TS2551: Property 'logger' does not exist on type 'UELFactory'. Did you mean '_logger'?
src/interfaces/events/factories.ts(378,12): error TS2551: Property 'logger' does not exist on type 'UELFactory'. Did you mean '_logger'?
src/interfaces/events/factories.ts(381,12): error TS2551: Property 'logger' does not exist on type 'UELFactory'. Did you mean '_logger'?
src/interfaces/events/factories.ts(398,43): error TS2379: Argument of type '{ managerType: "system"; name: string; config: Partial<EventManagerConfig> | undefined; preset: "REAL_TIME"; }' is not assignable to parameter of type 'EventManagerFactoryConfig & { managerType: "system"; }' with 'exactOptionalPropertyTypes: true'. Consider adding 'undefined' to the types of the target's properties.
  Type '{ managerType: "system"; name: string; config: Partial<EventManagerConfig> | undefined; preset: "REAL_TIME"; }' is not assignable to type 'EventManagerFactoryConfig' with 'exactOptionalPropertyTypes: true'. Consider adding 'undefined' to the types of the target's properties.
    Types of property 'config' are incompatible.
      Type 'Partial<EventManagerConfig> | undefined' is not assignable to type 'Partial<EventManagerConfig>'.
        Type 'undefined' is not assignable to type 'Partial<EventManagerConfig>'.
src/interfaces/events/factories.ts(416,43): error TS2379: Argument of type '{ managerType: "coordination"; name: string; config: Partial<EventManagerConfig> | undefined; preset: "HIGH_THROUGHPUT"; }' is not assignable to parameter of type 'EventManagerFactoryConfig & { managerType: "coordination"; }' with 'exactOptionalPropertyTypes: true'. Consider adding 'undefined' to the types of the target's properties.
  Type '{ managerType: "coordination"; name: string; config: Partial<EventManagerConfig> | undefined; preset: "HIGH_THROUGHPUT"; }' is not assignable to type 'EventManagerFactoryConfig' with 'exactOptionalPropertyTypes: true'. Consider adding 'undefined' to the types of the target's properties.
    Types of property 'config' are incompatible.
      Type 'Partial<EventManagerConfig> | undefined' is not assignable to type 'Partial<EventManagerConfig>'.
        Type 'undefined' is not assignable to type 'Partial<EventManagerConfig>'.
src/interfaces/events/factories.ts(434,43): error TS2379: Argument of type '{ managerType: "communication"; name: string; config: Partial<EventManagerConfig> | undefined; preset: "REAL_TIME"; }' is not assignable to parameter of type 'EventManagerFactoryConfig & { managerType: "communication"; }' with 'exactOptionalPropertyTypes: true'. Consider adding 'undefined' to the types of the target's properties.
  Type '{ managerType: "communication"; name: string; config: Partial<EventManagerConfig> | undefined; preset: "REAL_TIME"; }' is not assignable to type 'EventManagerFactoryConfig' with 'exactOptionalPropertyTypes: true'. Consider adding 'undefined' to the types of the target's properties.
    Types of property 'config' are incompatible.
      Type 'Partial<EventManagerConfig> | undefined' is not assignable to type 'Partial<EventManagerConfig>'.
        Type 'undefined' is not assignable to type 'Partial<EventManagerConfig>'.
src/interfaces/events/factories.ts(452,43): error TS2379: Argument of type '{ managerType: "monitoring"; name: string; config: Partial<EventManagerConfig> | undefined; preset: "BATCH_PROCESSING"; }' is not assignable to parameter of type 'EventManagerFactoryConfig & { managerType: "monitoring"; }' with 'exactOptionalPropertyTypes: true'. Consider adding 'undefined' to the types of the target's properties.
  Type '{ managerType: "monitoring"; name: string; config: Partial<EventManagerConfig> | undefined; preset: "BATCH_PROCESSING"; }' is not assignable to type 'EventManagerFactoryConfig' with 'exactOptionalPropertyTypes: true'. Consider adding 'undefined' to the types of the target's properties.
    Types of property 'config' are incompatible.
      Type 'Partial<EventManagerConfig> | undefined' is not assignable to type 'Partial<EventManagerConfig>'.
        Type 'undefined' is not assignable to type 'Partial<EventManagerConfig>'.
src/interfaces/events/factories.ts(470,43): error TS2379: Argument of type '{ managerType: "interface"; name: string; config: Partial<EventManagerConfig> | undefined; preset: "REAL_TIME"; }' is not assignable to parameter of type 'EventManagerFactoryConfig & { managerType: "interface"; }' with 'exactOptionalPropertyTypes: true'. Consider adding 'undefined' to the types of the target's properties.
  Type '{ managerType: "interface"; name: string; config: Partial<EventManagerConfig> | undefined; preset: "REAL_TIME"; }' is not assignable to type 'EventManagerFactoryConfig' with 'exactOptionalPropertyTypes: true'. Consider adding 'undefined' to the types of the target's properties.
    Types of property 'config' are incompatible.
      Type 'Partial<EventManagerConfig> | undefined' is not assignable to type 'Partial<EventManagerConfig>'.
        Type 'undefined' is not assignable to type 'Partial<EventManagerConfig>'.
src/interfaces/events/factories.ts(488,43): error TS2379: Argument of type '{ managerType: "neural"; name: string; config: Partial<EventManagerConfig> | undefined; preset: "RELIABLE"; }' is not assignable to parameter of type 'EventManagerFactoryConfig & { managerType: "neural"; }' with 'exactOptionalPropertyTypes: true'. Consider adding 'undefined' to the types of the target's properties.
  Type '{ managerType: "neural"; name: string; config: Partial<EventManagerConfig> | undefined; preset: "RELIABLE"; }' is not assignable to type 'EventManagerFactoryConfig' with 'exactOptionalPropertyTypes: true'. Consider adding 'undefined' to the types of the target's properties.
    Types of property 'config' are incompatible.
      Type 'Partial<EventManagerConfig> | undefined' is not assignable to type 'Partial<EventManagerConfig>'.
        Type 'undefined' is not assignable to type 'Partial<EventManagerConfig>'.
src/interfaces/events/factories.ts(506,43): error TS2379: Argument of type '{ managerType: "database"; name: string; config: Partial<EventManagerConfig> | undefined; preset: "BATCH_PROCESSING"; }' is not assignable to parameter of type 'EventManagerFactoryConfig & { managerType: "database"; }' with 'exactOptionalPropertyTypes: true'. Consider adding 'undefined' to the types of the target's properties.
  Type '{ managerType: "database"; name: string; config: Partial<EventManagerConfig> | undefined; preset: "BATCH_PROCESSING"; }' is not assignable to type 'EventManagerFactoryConfig' with 'exactOptionalPropertyTypes: true'. Consider adding 'undefined' to the types of the target's properties.
    Types of property 'config' are incompatible.
      Type 'Partial<EventManagerConfig> | undefined' is not assignable to type 'Partial<EventManagerConfig>'.
        Type 'undefined' is not assignable to type 'Partial<EventManagerConfig>'.
src/interfaces/events/factories.ts(524,43): error TS2379: Argument of type '{ managerType: "memory"; name: string; config: Partial<EventManagerConfig> | undefined; }' is not assignable to parameter of type 'EventManagerFactoryConfig & { managerType: "memory"; }' with 'exactOptionalPropertyTypes: true'. Consider adding 'undefined' to the types of the target's properties.
  Type '{ managerType: "memory"; name: string; config: Partial<EventManagerConfig> | undefined; }' is not assignable to type 'EventManagerFactoryConfig' with 'exactOptionalPropertyTypes: true'. Consider adding 'undefined' to the types of the target's properties.
    Types of property 'config' are incompatible.
      Type 'Partial<EventManagerConfig> | undefined' is not assignable to type 'Partial<EventManagerConfig>'.
        Type 'undefined' is not assignable to type 'Partial<EventManagerConfig>'.
src/interfaces/events/factories.ts(541,43): error TS2379: Argument of type '{ managerType: "workflow"; name: string; config: Partial<EventManagerConfig> | undefined; preset: "RELIABLE"; }' is not assignable to parameter of type 'EventManagerFactoryConfig & { managerType: "workflow"; }' with 'exactOptionalPropertyTypes: true'. Consider adding 'undefined' to the types of the target's properties.
  Type '{ managerType: "workflow"; name: string; config: Partial<EventManagerConfig> | undefined; preset: "RELIABLE"; }' is not assignable to type 'EventManagerFactoryConfig' with 'exactOptionalPropertyTypes: true'. Consider adding 'undefined' to the types of the target's properties.
    Types of property 'config' are incompatible.
      Type 'Partial<EventManagerConfig> | undefined' is not assignable to type 'Partial<EventManagerConfig>'.
        Type 'undefined' is not assignable to type 'Partial<EventManagerConfig>'.
src/interfaces/events/factories.ts(641,7): error TS2322: Type '{ result: undefined; error: undefined; manager: string; operation: "emit" | "subscribe" | "unsubscribe"; data: any; }[]' is not assignable to type '{ manager: string; operation: "emit" | "subscribe" | "unsubscribe"; data: any; result?: any; error?: Error; }[]'.
  Type '{ result: undefined; error: undefined; manager: string; operation: "emit" | "subscribe" | "unsubscribe"; data: any; }' is not assignable to type '{ manager: string; operation: "emit" | "subscribe" | "unsubscribe"; data: any; result?: any; error?: Error; }' with 'exactOptionalPropertyTypes: true'. Consider adding 'undefined' to the types of the target's properties.
    Types of property 'error' are incompatible.
      Type 'undefined' is not assignable to type 'Error'.
src/interfaces/events/factories.ts(673,13): error TS18048: 'result' is possibly 'undefined'.
src/interfaces/events/factories.ts(674,23): error TS18048: 'result' is possibly 'undefined'.
src/interfaces/events/factories.ts(674,30): error TS2339: Property 'value' does not exist on type 'PromiseSettledResult<string | boolean | void>'.
  Property 'value' does not exist on type 'PromiseRejectedResult'.
src/interfaces/events/factories.ts(676,22): error TS18048: 'result' is possibly 'undefined'.
src/interfaces/events/factories.ts(676,29): error TS2339: Property 'reason' does not exist on type 'PromiseSettledResult<string | boolean | void>'.
  Property 'reason' does not exist on type 'PromiseFulfilledResult<string | boolean | void>'.
src/interfaces/events/factories.ts(687,12): error TS2551: Property 'logger' does not exist on type 'UELFactory'. Did you mean '_logger'?
src/interfaces/events/factories.ts(697,10): error TS2551: Property 'logger' does not exist on type 'UELFactory'. Did you mean '_logger'?
src/interfaces/events/factories.ts(705,14): error TS2551: Property 'logger' does not exist on type 'UELFactory'. Did you mean '_logger'?
src/interfaces/events/factories.ts(742,7): error TS2532: Object is possibly 'undefined'.
src/interfaces/events/factories.ts(759,10): error TS2551: Property 'logger' does not exist on type 'UELFactory'. Did you mean '_logger'?
src/interfaces/events/factories.ts(789,11): error TS2307: Cannot find module './implementations/communication-event-manager-factory' or its corresponding type declarations.
src/interfaces/events/factories.ts(797,11): error TS2307: Cannot find module './implementations/monitoring-event-manager-factory' or its corresponding type declarations.
src/interfaces/events/factories.ts(805,11): error TS2307: Cannot find module './implementations/interface-event-manager-factory' or its corresponding type declarations.
src/interfaces/events/factories.ts(813,11): error TS2307: Cannot find module './implementations/neural-event-manager-factory' or its corresponding type declarations.
src/interfaces/events/factories.ts(821,11): error TS2307: Cannot find module './implementations/database-event-manager-factory' or its corresponding type declarations.
src/interfaces/events/factories.ts(829,11): error TS2307: Cannot find module './implementations/memory-event-manager-factory' or its corresponding type declarations.
src/interfaces/events/factories.ts(837,11): error TS2307: Cannot find module './implementations/workflow-event-manager-factory' or its corresponding type declarations.
src/interfaces/events/factories.ts(844,11): error TS2307: Cannot find module './implementations/custom-event-manager-factory' or its corresponding type declarations.
src/interfaces/events/factories.ts(851,43): error TS2551: Property 'logger' does not exist on type 'UELFactory'. Did you mean '_logger'?
src/interfaces/events/factories.ts(851,56): error TS2551: Property 'config' does not exist on type 'UELFactory'. Did you mean '_config'?
src/interfaces/events/factories.ts(880,7): error TS7053: Element implicitly has an 'any' type because expression of type 'EventManagerType' can't be used to index type '{ readonly system: { readonly maxListeners: 100; readonly processing: { readonly strategy: "immediate"; readonly queueSize: 1000; }; readonly retry: { readonly attempts: 3; readonly delay: 1000; readonly backoff: "exponential"; readonly maxDelay: 5000; }; readonly health: { ...; }; readonly monitoring: { ...; }; }; ...'.
  Property 'custom' does not exist on type '{ readonly system: { readonly maxListeners: 100; readonly processing: { readonly strategy: "immediate"; readonly queueSize: 1000; }; readonly retry: { readonly attempts: 3; readonly delay: 1000; readonly backoff: "exponential"; readonly maxDelay: 5000; }; readonly health: { ...; }; readonly monitoring: { ...; }; }; ...'.
src/interfaces/events/factories.ts(918,26): error TS4111: Property 'cacheKey' comes from an index signature, so it must be accessed with ['cacheKey'].
src/interfaces/events/factories.ts(949,41): error TS6138: Property '_logger' is declared but its value is never read.
src/interfaces/events/factories.ts(957,10): error TS2551: Property 'logger' does not exist on type 'UELRegistry'. Did you mean '_logger'?
src/interfaces/events/factories.ts(1020,14): error TS2551: Property 'logger' does not exist on type 'UELRegistry'. Did you mean '_logger'?
src/interfaces/events/factories.ts(1101,42): error TS2345: Argument of type '() => { debug: { (...data: any[]): void; (message?: any, ...optionalParams: any[]): void; }; info: { (...data: any[]): void; (message?: any, ...optionalParams: any[]): void; }; warn: { (...data: any[]): void; (message?: any, ...optionalParams: any[]): void; }; error: { ...; }; }' is not assignable to parameter of type 'Provider<ILogger>'.
src/interfaces/events/factories.ts(1108,42): error TS2345: Argument of type '() => {}' is not assignable to parameter of type 'Provider<IConfig>'.
src/interfaces/events/factories.ts(1110,37): error TS2345: Argument of type 'typeof UELFactory' is not assignable to parameter of type 'DIToken<unknown>'.
  Property 'symbol' is missing in type 'typeof UELFactory' but required in type 'DIToken<unknown>'.
src/interfaces/events/factories.ts(1112,16): error TS18046: 'factory' is of type 'unknown'.
src/interfaces/events/index.ts(60,3): error TS2724: '"./adapters"' has no exported member named 'MonitoringEventManagerFactory'. Did you mean 'MonitoringEventAdapterFactory'?
src/interfaces/events/index.ts(270,20): error TS2304: Cannot find name 'UELFactory'.
src/interfaces/events/index.ts(271,21): error TS2304: Cannot find name 'UELRegistry'.
src/interfaces/events/index.ts(272,25): error TS2304: Cannot find name 'EventManager'.
src/interfaces/events/index.ts(273,26): error TS2304: Cannot find name 'EventRegistry'.
src/interfaces/events/index.ts(274,32): error TS2304: Cannot find name 'UELValidationFramework'.
src/interfaces/events/index.ts(275,33): error TS2304: Cannot find name 'CompatibilityFactory'.
src/interfaces/events/index.ts(354,44): error TS2345: Argument of type '() => { debug: Function; info: Function; warn: Function; error: Function; }' is not assignable to parameter of type 'Provider<ILogger>'.
src/interfaces/events/index.ts(355,44): error TS2345: Argument of type '() => Record<string, unknown>' is not assignable to parameter of type 'Provider<IConfig>'.
src/interfaces/events/index.ts(358,38): error TS2345: Argument of type 'typeof UELFactory' is not assignable to parameter of type 'DIToken<any>'.
  Property 'symbol' is missing in type 'typeof UELFactory' but required in type 'DIToken<any>'.
src/interfaces/events/index.ts(359,39): error TS2345: Argument of type 'typeof UELRegistry' is not assignable to parameter of type 'DIToken<any>'.
  Property 'symbol' is missing in type 'typeof UELRegistry' but required in type 'DIToken<any>'.
src/interfaces/events/index.ts(362,43): error TS2345: Argument of type 'typeof EventManager' is not assignable to parameter of type 'DIToken<any>'.
  Property 'symbol' is missing in type 'typeof EventManager' but required in type 'DIToken<any>'.
src/interfaces/events/index.ts(363,44): error TS2345: Argument of type 'typeof EventRegistry' is not assignable to parameter of type 'DIToken<any>'.
  Property 'symbol' is missing in type 'typeof EventRegistry' but required in type 'DIToken<any>'.
src/interfaces/events/index.ts(367,61): error TS2345: Argument of type '{ debug: Function; info: Function; warn: Function; error: Function; }' is not assignable to parameter of type 'ILogger'.
  Types of property 'debug' are incompatible.
    Type 'Function' is not assignable to type '(message: string, meta?: any) => void'.
      Type 'Function' provides no match for the signature '(message: string, meta?: any): void'.
src/interfaces/events/index.ts(406,17): error TS2304: Cannot find name 'UELFactory'.
src/interfaces/events/index.ts(416,18): error TS2304: Cannot find name 'UELRegistry'.
src/interfaces/events/index.ts(426,3): error TS2393: Duplicate function implementation.
src/interfaces/events/index.ts(426,22): error TS2304: Cannot find name 'EventManager'.
src/interfaces/events/index.ts(436,23): error TS2304: Cannot find name 'EventRegistry'.
src/interfaces/events/index.ts(446,29): error TS2304: Cannot find name 'UELValidationFramework'.
src/interfaces/events/index.ts(456,30): error TS2304: Cannot find name 'CompatibilityFactory'.
src/interfaces/events/index.ts(493,22): error TS2304: Cannot find name 'EventManagerConfig'.
src/interfaces/events/index.ts(494,14): error TS2304: Cannot find name 'ISystemEventManager'.
src/interfaces/events/index.ts(558,22): error TS2304: Cannot find name 'EventManagerConfig'.
src/interfaces/events/index.ts(559,14): error TS2304: Cannot find name 'ICoordinationEventManager'.
src/interfaces/events/index.ts(574,22): error TS2304: Cannot find name 'EventManagerConfig'.
src/interfaces/events/index.ts(575,14): error TS2304: Cannot find name 'ICommunicationEventManager'.
src/interfaces/events/index.ts(590,22): error TS2304: Cannot find name 'EventManagerConfig'.
src/interfaces/events/index.ts(591,14): error TS2304: Cannot find name 'IMonitoringEventManager'.
src/interfaces/events/index.ts(606,22): error TS2304: Cannot find name 'EventManagerConfig'.
src/interfaces/events/index.ts(607,14): error TS2304: Cannot find name 'IInterfaceEventManager'.
src/interfaces/events/index.ts(622,22): error TS2304: Cannot find name 'EventManagerConfig'.
src/interfaces/events/index.ts(623,14): error TS2304: Cannot find name 'INeuralEventManager'.
src/interfaces/events/index.ts(638,22): error TS2304: Cannot find name 'EventManagerConfig'.
src/interfaces/events/index.ts(639,14): error TS2304: Cannot find name 'IDatabaseEventManager'.
src/interfaces/events/index.ts(654,22): error TS2304: Cannot find name 'EventManagerConfig'.
src/interfaces/events/index.ts(655,14): error TS2304: Cannot find name 'IMemoryEventManager'.
src/interfaces/events/index.ts(670,22): error TS2304: Cannot find name 'EventManagerConfig'.
src/interfaces/events/index.ts(671,14): error TS2304: Cannot find name 'IWorkflowEventManager'.
src/interfaces/events/index.ts(683,3): error TS2393: Duplicate function implementation.
src/interfaces/events/index.ts(683,34): error TS2304: Cannot find name 'IEventManager'.
src/interfaces/events/index.ts(693,32): error TS2304: Cannot find name 'EventManagerType'.
src/interfaces/events/index.ts(693,51): error TS2304: Cannot find name 'IEventManager'.
src/interfaces/events/index.ts(701,36): error TS2304: Cannot find name 'EventManagerStatus'.
src/interfaces/events/index.ts(741,30): error TS2304: Cannot find name 'UELFactory'.
src/interfaces/events/index.ts(742,39): error TS2304: Cannot find name 'UELRegistry'.
src/interfaces/events/index.ts(743,19): error TS2304: Cannot find name 'EventManagerStatus'.
src/interfaces/events/index.ts(744,43): error TS2304: Cannot find name 'EventManager'.
src/interfaces/events/index.ts(745,32): error TS2304: Cannot find name 'EventRegistry'.
src/interfaces/events/index.ts(804,20): error TS2304: Cannot find name 'SystemEvent'.
src/interfaces/events/index.ts(805,26): error TS2304: Cannot find name 'UELValidationFramework'.
src/interfaces/events/index.ts(828,11): error TS2304: Cannot find name 'EventManagerType'.
src/interfaces/events/index.ts(828,30): error TS2304: Cannot find name 'EventManagerTypes'.
src/interfaces/events/index.ts(833,14): error TS2304: Cannot find name 'UELCompatibleEventEmitter'.
src/interfaces/events/index.ts(852,19): error TS2304: Cannot find name 'EventManagerType'.
src/interfaces/events/index.ts(855,15): error TS2304: Cannot find name 'UELEnhancedEventBus'.
src/interfaces/events/index.ts(861,67): error TS2339: Property 'logger' does not exist on type 'UEL'.
src/interfaces/events/index.ts(863,64): error TS2379: Argument of type '{ enableUEL: boolean; managerType: any; managerName: string; maxListeners: number | undefined; }' is not assignable to parameter of type '{ enableUEL?: boolean; managerType?: EventManagerType; managerName?: string; maxListeners?: number; }' with 'exactOptionalPropertyTypes: true'. Consider adding 'undefined' to the types of the target's properties.
  Types of property 'maxListeners' are incompatible.
    Type 'number | undefined' is not assignable to type 'number'.
      Type 'undefined' is not assignable to type 'number'.
src/interfaces/events/index.ts(888,15): error TS2304: Cannot find name 'UELEnhancedApplicationCoordinator'.
src/interfaces/events/index.ts(894,68): error TS2339: Property 'logger' does not exist on type 'UEL'.
src/interfaces/events/index.ts(896,78): error TS2379: Argument of type '{ enableUEL: boolean; uelConfig: { enableValidation?: boolean; enableCompatibility?: boolean; healthMonitoring?: boolean; } | undefined; }' is not assignable to parameter of type '{ enableUEL?: boolean; uelConfig?: { enableValidation?: boolean; enableCompatibility?: boolean; healthMonitoring?: boolean; }; }' with 'exactOptionalPropertyTypes: true'. Consider adding 'undefined' to the types of the target's properties.
  Types of property 'uelConfig' are incompatible.
    Type '{ enableValidation?: boolean; enableCompatibility?: boolean; healthMonitoring?: boolean; } | undefined' is not assignable to type '{ enableValidation?: boolean; enableCompatibility?: boolean; healthMonitoring?: boolean; }'.
      Type 'undefined' is not assignable to type '{ enableValidation?: boolean; enableCompatibility?: boolean; healthMonitoring?: boolean; }'.
src/interfaces/events/index.ts(910,15): error TS2304: Cannot find name 'UELEnhancedObserverSystem'.
src/interfaces/events/index.ts(916,67): error TS2339: Property 'logger' does not exist on type 'UEL'.
src/interfaces/events/index.ts(933,5): error TS2322: Type '{ totalSystems: number; systemAnalyses: { [key: string]: { eventTypes: string[]; listenerCounts: Record<string, number>; maxListeners: number; recommendations: string[]; migrationComplexity: "high" | ... 1 more ... | "low"; }; }; migrationRecommendations: string[]; overallComplexity: "high" | ... 1 more ... | "low"; }' is not assignable to type '{ totalSystems: number; systemAnalyses: { [key: string]: { emitters: number; listeners: number; complexity: string; }; }; migrationRecommendations: string[]; overallComplexity: "high" | "medium" | "low"; }'.
  Types of property 'systemAnalyses' are incompatible.
    Type '{ [key: string]: { eventTypes: string[]; listenerCounts: Record<string, number>; maxListeners: number; recommendations: string[]; migrationComplexity: "high" | "medium" | "low"; }; }' is not assignable to type '{ [key: string]: { emitters: number; listeners: number; complexity: string; }; }'.
      'string' index signatures are incompatible.
        Type '{ eventTypes: string[]; listenerCounts: Record<string, number>; maxListeners: number; recommendations: string[]; migrationComplexity: "high" | "medium" | "low"; }' is missing the following properties from type '{ emitters: number; listeners: number; complexity: string; }': emitters, listeners, complexity
src/interfaces/events/index.ts(933,43): error TS2345: Argument of type '{ [key: string]: unknown; }' is not assignable to parameter of type '{ [key: string]: EventEmitter<DefaultEventMap>; }'.
  'string' index signatures are incompatible.
    Type 'unknown' is not assignable to type 'EventEmitter<DefaultEventMap>'.
src/interfaces/events/index.ts(933,57): error TS2339: Property 'logger' does not exist on type 'UEL'.
src/interfaces/events/index.ts(946,18): error TS2304: Cannot find name 'EventManagerType'.
src/interfaces/events/index.ts(946,37): error TS2304: Cannot find name 'EventManagerTypes'.
src/interfaces/events/index.ts(947,14): error TS2304: Cannot find name 'UELCompatibleEventEmitter'.
src/interfaces/events/index.ts(954,7): error TS2345: Argument of type 'T' is not assignable to parameter of type 'EventEmitter<DefaultEventMap>'.
src/interfaces/events/index.ts(958,12): error TS2339: Property 'logger' does not exist on type 'UEL'.
src/interfaces/events/index.ts(972,11): error TS2304: Cannot find name 'EventManagerType'.
src/interfaces/events/index.ts(972,30): error TS2304: Cannot find name 'EventManagerTypes'.
src/interfaces/events/index.ts(973,14): error TS2304: Cannot find name 'UELCompatibleEventEmitter'.
src/interfaces/events/index.ts(995,24): error TS2304: Cannot find name 'EventManagerTypes'.
src/interfaces/events/index.ts(1006,29): error TS2304: Cannot find name 'SystemEvent'.
src/interfaces/events/index.ts(1019,35): error TS2304: Cannot find name 'SystemEvent'.
src/interfaces/events/index.ts(1019,54): error TS2304: Cannot find name 'EventManagerType'.
src/interfaces/events/index.ts(1082,16): error TS2307: Cannot find module './implementations/system-event-manager-factory' or its corresponding type declarations.
src/interfaces/events/index.ts(1083,16): error TS2307: Cannot find module './implementations/coordination-event-manager-factory' or its corresponding type declarations.
src/interfaces/events/index.ts(1084,16): error TS2307: Cannot find module './implementations/communication-event-manager-factory' or its corresponding type declarations.
src/interfaces/events/index.ts(1085,16): error TS2307: Cannot find module './implementations/monitoring-event-manager-factory' or its corresponding type declarations.
src/interfaces/events/index.ts(1086,16): error TS2307: Cannot find module './implementations/interface-event-manager-factory' or its corresponding type declarations.
src/interfaces/events/index.ts(1087,16): error TS2307: Cannot find module './implementations/neural-event-manager-factory' or its corresponding type declarations.
src/interfaces/events/index.ts(1088,16): error TS2307: Cannot find module './implementations/database-event-manager-factory' or its corresponding type declarations.
src/interfaces/events/index.ts(1089,16): error TS2307: Cannot find module './implementations/memory-event-manager-factory' or its corresponding type declarations.
src/interfaces/events/index.ts(1090,16): error TS2307: Cannot find module './implementations/workflow-event-manager-factory' or its corresponding type declarations.
src/interfaces/events/index.ts(1096,44): error TS2304: Cannot find name 'EventManagerTypes'.
src/interfaces/events/index.ts(1145,26): error TS2379: Argument of type '{ enableValidation: boolean; enableCompatibility: boolean; healthMonitoring: boolean; autoRegisterFactories: boolean; logger: Console | { debug: Function; info: Function; warn: Function; error: Function; } | undefined; }' is not assignable to parameter of type '{ logger?: Console | { debug: Function; info: Function; warn: Function; error: Function; }; config?: Record<string, unknown>; autoRegisterFactories?: boolean; enableValidation?: boolean; enableCompatibility?: boolean; healthMonitoring?: boolean; }' with 'exactOptionalPropertyTypes: true'. Consider adding 'undefined' to the types of the target's properties.
  Types of property 'logger' are incompatible.
    Type 'Console | { debug: Function; info: Function; warn: Function; error: Function; } | undefined' is not assignable to type 'Console | { debug: Function; info: Function; warn: Function; error: Function; }'.
      Type 'undefined' is not assignable to type 'Console | { debug: Function; info: Function; warn: Function; error: Function; }'.
src/interfaces/events/index.ts(1175,45): error TS2304: Cannot find name 'EventManagerConfig'.
src/interfaces/events/index.ts(1179,14): error TS2304: Cannot find name 'ISystemEventManager'.
src/interfaces/events/index.ts(1180,20): error TS2304: Cannot find name 'ICoordinationEventManager'.
src/interfaces/events/index.ts(1181,21): error TS2304: Cannot find name 'ICommunicationEventManager'.
src/interfaces/events/index.ts(1182,18): error TS2304: Cannot find name 'IMonitoringEventManager'.
src/interfaces/events/index.ts(1183,17): error TS2304: Cannot find name 'IInterfaceEventManager'.
src/interfaces/events/index.ts(1188,16): error TS2304: Cannot find name 'ISystemEventManager'.
src/interfaces/events/index.ts(1189,22): error TS2304: Cannot find name 'ICoordinationEventManager'.
src/interfaces/events/index.ts(1190,23): error TS2304: Cannot find name 'ICommunicationEventManager'.
src/interfaces/events/index.ts(1191,20): error TS2304: Cannot find name 'IMonitoringEventManager'.
src/interfaces/events/index.ts(1192,19): error TS2304: Cannot find name 'IInterfaceEventManager'.
src/interfaces/events/index.ts(1203,36): error TS4111: Property 'system' comes from an index signature, so it must be accessed with ['system'].
src/interfaces/events/index.ts(1205,86): error TS4111: Property 'system' comes from an index signature, so it must be accessed with ['system'].
src/interfaces/events/index.ts(1212,36): error TS4111: Property 'coordination' comes from an index signature, so it must be accessed with ['coordination'].
src/interfaces/events/index.ts(1216,36): error TS4111: Property 'coordination' comes from an index signature, so it must be accessed with ['coordination'].
src/interfaces/events/index.ts(1224,36): error TS4111: Property 'communication' comes from an index signature, so it must be accessed with ['communication'].
src/interfaces/events/index.ts(1228,36): error TS4111: Property 'communication' comes from an index signature, so it must be accessed with ['communication'].
src/interfaces/events/index.ts(1236,36): error TS4111: Property 'monitoring' comes from an index signature, so it must be accessed with ['monitoring'].
src/interfaces/events/index.ts(1240,36): error TS4111: Property 'monitoring' comes from an index signature, so it must be accessed with ['monitoring'].
src/interfaces/events/index.ts(1248,36): error TS4111: Property 'interface' comes from an index signature, so it must be accessed with ['interface'].
src/interfaces/events/index.ts(1252,36): error TS4111: Property 'interface' comes from an index signature, so it must be accessed with ['interface'].
src/interfaces/events/index.ts(1286,51): error TS2339: Property 'emit' does not exist on type '{ observers: unknown[]; notify: Function; }'.
src/interfaces/events/index.ts(1288,11): error TS2345: Argument of type '{ observers: unknown[]; notify: Function; }' is not assignable to parameter of type '{ on: Function; off?: Function; emit: Function; listeners?: Function; }'.
  Type '{ observers: unknown[]; notify: Function; }' is missing the following properties from type '{ on: Function; off?: Function; emit: Function; listeners?: Function; }': on, emit
src/interfaces/events/index.ts(1290,11): error TS2304: Cannot find name 'EventManagerTypes'.
src/interfaces/events/index.ts(1400,16): error TS2304: Cannot find name 'UELEnhancedEventBus'.
src/interfaces/events/index.ts(1401,30): error TS2304: Cannot find name 'UELEnhancedApplicationCoordinator'.
src/interfaces/events/index.ts(1402,22): error TS2304: Cannot find name 'UELEnhancedObserverSystem'.
src/interfaces/events/index.ts(1539,18): error TS2304: Cannot find name 'UELEnhancedEventBus'.
src/interfaces/events/index.ts(1540,32): error TS2304: Cannot find name 'UELEnhancedApplicationCoordinator'.
src/interfaces/events/index.ts(1541,24): error TS2304: Cannot find name 'UELEnhancedObserverSystem'.
src/interfaces/events/index.ts(1768,7): error TS2375: Type '{ validationResult: any; reportPath: string | undefined; summary: { passed: any; score: any; criticalIssues: any; recommendations: any; }; }' is not assignable to type '{ validationResult: any; reportPath?: string; summary: { passed: boolean; score: number; criticalIssues: number; recommendations: number; }; }' with 'exactOptionalPropertyTypes: true'. Consider adding 'undefined' to the types of the target's properties.
  Types of property 'reportPath' are incompatible.
    Type 'string | undefined' is not assignable to type 'string'.
      Type 'undefined' is not assignable to type 'string'.
src/interfaces/events/index.ts(1790,67): error TS2304: Cannot find name 'SystemLifecycleEvent'.
src/interfaces/events/index.ts(1791,75): error TS2304: Cannot find name 'CoordinationEvent'.
src/interfaces/events/index.ts(1792,76): error TS2304: Cannot find name 'CommunicationEvent'.
src/interfaces/events/index.ts(1793,74): error TS2304: Cannot find name 'MonitoringEvent'.
src/interfaces/events/index.ts(1794,77): error TS2304: Cannot find name 'InterfaceEvent'.
src/interfaces/events/index.ts(1797,67): error TS2304: Cannot find name 'SystemLifecycleEvent'.
src/interfaces/events/index.ts(1807,75): error TS2304: Cannot find name 'CoordinationEvent'.
src/interfaces/events/index.ts(1817,76): error TS2304: Cannot find name 'CommunicationEvent'.
src/interfaces/events/index.ts(1827,74): error TS2304: Cannot find name 'MonitoringEvent'.
src/interfaces/events/index.ts(1837,77): error TS2304: Cannot find name 'InterfaceEvent'.
src/interfaces/events/manager.ts(218,41): error TS6138: Property '_logger' is declared but its value is never read.
src/interfaces/events/manager.ts(219,41): error TS6138: Property '_config' is declared but its value is never read.
src/interfaces/events/manager.ts(221,44): error TS2551: Property 'logger' does not exist on type 'EventManager'. Did you mean '_logger'?
src/interfaces/events/manager.ts(322,10): error TS2551: Property 'logger' does not exist on type 'EventManager'. Did you mean '_logger'?
src/interfaces/events/manager.ts(355,12): error TS2551: Property 'logger' does not exist on type 'EventManager'. Did you mean '_logger'?
src/interfaces/events/manager.ts(393,12): error TS2551: Property 'logger' does not exist on type 'EventManager'. Did you mean '_logger'?
src/interfaces/events/manager.ts(397,12): error TS2551: Property 'logger' does not exist on type 'EventManager'. Did you mean '_logger'?
src/interfaces/events/manager.ts(414,51): error TS2379: Argument of type '{ type: "system"; name: string; config: Partial<EventManagerConfig> | undefined; preset: "REAL_TIME"; }' is not assignable to parameter of type 'EventManagerCreationOptions & { type: "system"; }' with 'exactOptionalPropertyTypes: true'. Consider adding 'undefined' to the types of the target's properties.
  Type '{ type: "system"; name: string; config: Partial<EventManagerConfig> | undefined; preset: "REAL_TIME"; }' is not assignable to type 'EventManagerCreationOptions' with 'exactOptionalPropertyTypes: true'. Consider adding 'undefined' to the types of the target's properties.
    Types of property 'config' are incompatible.
      Type 'Partial<EventManagerConfig> | undefined' is not assignable to type 'Partial<EventManagerConfig>'.
        Type 'undefined' is not assignable to type 'Partial<EventManagerConfig>'.
src/interfaces/events/manager.ts(434,51): error TS2379: Argument of type '{ type: "coordination"; name: string; config: Partial<EventManagerConfig> | undefined; preset: "HIGH_THROUGHPUT"; }' is not assignable to parameter of type 'EventManagerCreationOptions & { type: "coordination"; }' with 'exactOptionalPropertyTypes: true'. Consider adding 'undefined' to the types of the target's properties.
  Type '{ type: "coordination"; name: string; config: Partial<EventManagerConfig> | undefined; preset: "HIGH_THROUGHPUT"; }' is not assignable to type 'EventManagerCreationOptions' with 'exactOptionalPropertyTypes: true'. Consider adding 'undefined' to the types of the target's properties.
    Types of property 'config' are incompatible.
      Type 'Partial<EventManagerConfig> | undefined' is not assignable to type 'Partial<EventManagerConfig>'.
        Type 'undefined' is not assignable to type 'Partial<EventManagerConfig>'.
src/interfaces/events/manager.ts(454,51): error TS2379: Argument of type '{ type: "communication"; name: string; config: Partial<EventManagerConfig> | undefined; preset: "REAL_TIME"; }' is not assignable to parameter of type 'EventManagerCreationOptions & { type: "communication"; }' with 'exactOptionalPropertyTypes: true'. Consider adding 'undefined' to the types of the target's properties.
  Type '{ type: "communication"; name: string; config: Partial<EventManagerConfig> | undefined; preset: "REAL_TIME"; }' is not assignable to type 'EventManagerCreationOptions' with 'exactOptionalPropertyTypes: true'. Consider adding 'undefined' to the types of the target's properties.
    Types of property 'config' are incompatible.
      Type 'Partial<EventManagerConfig> | undefined' is not assignable to type 'Partial<EventManagerConfig>'.
        Type 'undefined' is not assignable to type 'Partial<EventManagerConfig>'.
src/interfaces/events/manager.ts(474,51): error TS2379: Argument of type '{ type: "monitoring"; name: string; config: Partial<EventManagerConfig> | undefined; preset: "BATCH_PROCESSING"; }' is not assignable to parameter of type 'EventManagerCreationOptions & { type: "monitoring"; }' with 'exactOptionalPropertyTypes: true'. Consider adding 'undefined' to the types of the target's properties.
  Type '{ type: "monitoring"; name: string; config: Partial<EventManagerConfig> | undefined; preset: "BATCH_PROCESSING"; }' is not assignable to type 'EventManagerCreationOptions' with 'exactOptionalPropertyTypes: true'. Consider adding 'undefined' to the types of the target's properties.
    Types of property 'config' are incompatible.
      Type 'Partial<EventManagerConfig> | undefined' is not assignable to type 'Partial<EventManagerConfig>'.
        Type 'undefined' is not assignable to type 'Partial<EventManagerConfig>'.
src/interfaces/events/manager.ts(494,51): error TS2379: Argument of type '{ type: "interface"; name: string; config: Partial<EventManagerConfig> | undefined; preset: "REAL_TIME"; }' is not assignable to parameter of type 'EventManagerCreationOptions & { type: "interface"; }' with 'exactOptionalPropertyTypes: true'. Consider adding 'undefined' to the types of the target's properties.
  Type '{ type: "interface"; name: string; config: Partial<EventManagerConfig> | undefined; preset: "REAL_TIME"; }' is not assignable to type 'EventManagerCreationOptions' with 'exactOptionalPropertyTypes: true'. Consider adding 'undefined' to the types of the target's properties.
    Types of property 'config' are incompatible.
      Type 'Partial<EventManagerConfig> | undefined' is not assignable to type 'Partial<EventManagerConfig>'.
        Type 'undefined' is not assignable to type 'Partial<EventManagerConfig>'.
src/interfaces/events/manager.ts(514,51): error TS2379: Argument of type '{ type: "neural"; name: string; config: Partial<EventManagerConfig> | undefined; preset: "RELIABLE"; }' is not assignable to parameter of type 'EventManagerCreationOptions & { type: "neural"; }' with 'exactOptionalPropertyTypes: true'. Consider adding 'undefined' to the types of the target's properties.
  Type '{ type: "neural"; name: string; config: Partial<EventManagerConfig> | undefined; preset: "RELIABLE"; }' is not assignable to type 'EventManagerCreationOptions' with 'exactOptionalPropertyTypes: true'. Consider adding 'undefined' to the types of the target's properties.
    Types of property 'config' are incompatible.
      Type 'Partial<EventManagerConfig> | undefined' is not assignable to type 'Partial<EventManagerConfig>'.
        Type 'undefined' is not assignable to type 'Partial<EventManagerConfig>'.
src/interfaces/events/manager.ts(534,51): error TS2379: Argument of type '{ type: "database"; name: string; config: Partial<EventManagerConfig> | undefined; preset: "BATCH_PROCESSING"; }' is not assignable to parameter of type 'EventManagerCreationOptions & { type: "database"; }' with 'exactOptionalPropertyTypes: true'. Consider adding 'undefined' to the types of the target's properties.
  Type '{ type: "database"; name: string; config: Partial<EventManagerConfig> | undefined; preset: "BATCH_PROCESSING"; }' is not assignable to type 'EventManagerCreationOptions' with 'exactOptionalPropertyTypes: true'. Consider adding 'undefined' to the types of the target's properties.
    Types of property 'config' are incompatible.
      Type 'Partial<EventManagerConfig> | undefined' is not assignable to type 'Partial<EventManagerConfig>'.
        Type 'undefined' is not assignable to type 'Partial<EventManagerConfig>'.
src/interfaces/events/manager.ts(554,51): error TS2379: Argument of type '{ type: "memory"; name: string; config: Partial<EventManagerConfig> | undefined; }' is not assignable to parameter of type 'EventManagerCreationOptions & { type: "memory"; }' with 'exactOptionalPropertyTypes: true'. Consider adding 'undefined' to the types of the target's properties.
  Type '{ type: "memory"; name: string; config: Partial<EventManagerConfig> | undefined; }' is not assignable to type 'EventManagerCreationOptions' with 'exactOptionalPropertyTypes: true'. Consider adding 'undefined' to the types of the target's properties.
    Types of property 'config' are incompatible.
      Type 'Partial<EventManagerConfig> | undefined' is not assignable to type 'Partial<EventManagerConfig>'.
        Type 'undefined' is not assignable to type 'Partial<EventManagerConfig>'.
src/interfaces/events/manager.ts(573,51): error TS2379: Argument of type '{ type: "workflow"; name: string; config: Partial<EventManagerConfig> | undefined; preset: "RELIABLE"; }' is not assignable to parameter of type 'EventManagerCreationOptions & { type: "workflow"; }' with 'exactOptionalPropertyTypes: true'. Consider adding 'undefined' to the types of the target's properties.
  Type '{ type: "workflow"; name: string; config: Partial<EventManagerConfig> | undefined; preset: "RELIABLE"; }' is not assignable to type 'EventManagerCreationOptions' with 'exactOptionalPropertyTypes: true'. Consider adding 'undefined' to the types of the target's properties.
    Types of property 'config' are incompatible.
      Type 'Partial<EventManagerConfig> | undefined' is not assignable to type 'Partial<EventManagerConfig>'.
        Type 'undefined' is not assignable to type 'Partial<EventManagerConfig>'.
src/interfaces/events/manager.ts(631,14): error TS2551: Property 'logger' does not exist on type 'EventManager'. Did you mean '_logger'?
src/interfaces/events/manager.ts(633,14): error TS2551: Property 'logger' does not exist on type 'EventManager'. Did you mean '_logger'?
src/interfaces/events/manager.ts(656,12): error TS2551: Property 'logger' does not exist on type 'EventManager'. Did you mean '_logger'?
src/interfaces/events/manager.ts(669,12): error TS2551: Property 'logger' does not exist on type 'EventManager'. Did you mean '_logger'?
src/interfaces/events/manager.ts(671,12): error TS2551: Property 'logger' does not exist on type 'EventManager'. Did you mean '_logger'?
src/interfaces/events/manager.ts(770,10): error TS2551: Property 'logger' does not exist on type 'EventManager'. Did you mean '_logger'?
src/interfaces/events/manager.ts(814,10): error TS2551: Property 'logger' does not exist on type 'EventManager'. Did you mean '_logger'?
src/interfaces/events/manager.ts(826,16): error TS2551: Property 'logger' does not exist on type 'EventManager'. Did you mean '_logger'?
src/interfaces/events/manager.ts(844,10): error TS2551: Property 'logger' does not exist on type 'EventManager'. Did you mean '_logger'?
src/interfaces/events/manager.ts(888,11): error TS2419: Types of construct signatures are incompatible.
  Type 'new () => CommunicationEventFactory' is not assignable to type 'new (...args: any[]) => IEventManagerFactory<EventManagerConfig>'.
    Construct signature return types 'CommunicationEventFactory' and 'IEventManagerFactory<EventManagerConfig>' are incompatible.
      The types returned by 'create(...)' are incompatible between these types.
        Type 'Promise<CommunicationEventAdapter>' is not assignable to type 'Promise<IEventManager>'.
          Type 'CommunicationEventAdapter' is not assignable to type 'IEventManager'.
            Types of property 'emitBatch' are incompatible.
              Type '<T extends CommunicationEvent>(batch: EventBatch<T>, options?: EventEmissionOptions | undefined) => Promise<void>' is not assignable to type '<T extends SystemEvent>(batch: EventBatch<T>, options?: EventEmissionOptions | undefined) => Promise<void>'.
                Types of parameters 'batch' and 'batch' are incompatible.
                  Type 'EventBatch<T>' is not assignable to type 'EventBatch<CommunicationEvent>' with 'exactOptionalPropertyTypes: true'. Consider adding 'undefined' to the types of the target's properties.
                    Type 'T' is not assignable to type 'CommunicationEvent' with 'exactOptionalPropertyTypes: true'. Consider adding 'undefined' to the types of the target's properties.
                      Type 'SystemEvent' is missing the following properties from type 'CommunicationEvent': operation, protocol
src/interfaces/events/manager.ts(893,19): error TS2339: Property 'MonitoringEventManagerFactory' does not exist on type 'typeof import("/home/mhugo/code/claude-code-zen/src/interfaces/events/adapters/monitoring-event-factory")'.
src/interfaces/events/manager.ts(904,48): error TS2551: Property 'logger' does not exist on type 'EventManager'. Did you mean '_logger'?
src/interfaces/events/manager.ts(904,61): error TS2551: Property 'config' does not exist on type 'EventManager'. Did you mean '_config'?
src/interfaces/events/manager.ts(910,12): error TS2551: Property 'logger' does not exist on type 'EventManager'. Did you mean '_logger'?
src/interfaces/events/manager.ts(917,7): error TS7053: Element implicitly has an 'any' type because expression of type 'EventManagerType' can't be used to index type '{ readonly system: { readonly maxListeners: 100; readonly processing: { readonly strategy: "immediate"; readonly queueSize: 1000; }; readonly retry: { readonly attempts: 3; readonly delay: 1000; readonly backoff: "exponential"; readonly maxDelay: 5000; }; readonly health: { ...; }; readonly monitoring: { ...; }; }; ...'.
  Property 'custom' does not exist on type '{ readonly system: { readonly maxListeners: 100; readonly processing: { readonly strategy: "immediate"; readonly queueSize: 1000; }; readonly retry: { readonly attempts: 3; readonly delay: 1000; readonly backoff: "exponential"; readonly maxDelay: 5000; }; readonly health: { ...; }; readonly monitoring: { ...; }; }; ...'.
src/interfaces/events/manager.ts(939,14): error TS2551: Property 'logger' does not exist on type 'EventManager'. Did you mean '_logger'?
src/interfaces/events/manager.ts(965,20): error TS2551: Property 'logger' does not exist on type 'EventManager'. Did you mean '_logger'?
src/interfaces/events/manager.ts(969,22): error TS2551: Property 'logger' does not exist on type 'EventManager'. Did you mean '_logger'?
src/interfaces/events/manager.ts(975,14): error TS2551: Property 'logger' does not exist on type 'EventManager'. Did you mean '_logger'?
src/interfaces/events/manager.ts(979,10): error TS2551: Property 'logger' does not exist on type 'EventManager'. Did you mean '_logger'?
src/interfaces/events/manager.ts(985,7): error TS2412: Type 'undefined' is not assignable to type 'Timeout' with 'exactOptionalPropertyTypes: true'. Consider adding 'undefined' to the type of the target.
src/interfaces/events/manager.ts(988,10): error TS2551: Property 'logger' does not exist on type 'EventManager'. Did you mean '_logger'?
src/interfaces/events/observer-system.ts(320,11): error TS6133: '_metricsKey' is declared but its value is never read.
src/interfaces/events/observer-system.ts(578,11): error TS6133: '_shutdownEvent' is declared but its value is never read.
src/interfaces/events/observer-system.ts(795,5): error TS2375: Type '{ id: string; timestamp: Date; source: string; type: "neural"; modelId: string; operation: "train" | "optimize" | "predict" | "evaluate"; processingTime: number; accuracy: number | undefined; loss: number | undefined; dataSize: number | undefined; }' is not assignable to type 'NeuralEvent' with 'exactOptionalPropertyTypes: true'. Consider adding 'undefined' to the types of the target's properties.
  Types of property 'accuracy' are incompatible.
    Type 'number | undefined' is not assignable to type 'number'.
      Type 'undefined' is not assignable to type 'number'.
src/interfaces/events/registry.ts(254,41): error TS6138: Property '_logger' is declared but its value is never read.
src/interfaces/events/registry.ts(333,10): error TS2551: Property 'logger' does not exist on type 'EventRegistry'. Did you mean '_logger'?
src/interfaces/events/registry.ts(364,31): error TS2339: Property 'getSupportedEventTypes' does not exist on type 'IEventManagerFactory<T>'.
src/interfaces/events/registry.ts(375,10): error TS2551: Property 'logger' does not exist on type 'EventRegistry'. Did you mean '_logger'?
src/interfaces/events/registry.ts(458,10): error TS2551: Property 'logger' does not exist on type 'EventRegistry'. Did you mean '_logger'?
src/interfaces/events/registry.ts(539,7): error TS2322: Type 'number | EventPriority' is not assignable to type 'number'.
  Type 'string' is not assignable to type 'number'.
src/interfaces/events/registry.ts(539,53): error TS4111: Property 'medium' comes from an index signature, so it must be accessed with ['medium'].
src/interfaces/events/registry.ts(551,10): error TS2551: Property 'logger' does not exist on type 'EventRegistry'. Did you mean '_logger'?
src/interfaces/events/registry.ts(581,16): error TS2551: Property 'logger' does not exist on type 'EventRegistry'. Did you mean '_logger'?
src/interfaces/events/registry.ts(624,14): error TS2551: Property 'logger' does not exist on type 'EventRegistry'. Did you mean '_logger'?
src/interfaces/events/registry.ts(694,18): error TS2551: Property 'logger' does not exist on type 'EventRegistry'. Did you mean '_logger'?
src/interfaces/events/registry.ts(712,14): error TS2551: Property 'logger' does not exist on type 'EventRegistry'. Did you mean '_logger'?
src/interfaces/events/registry.ts(723,10): error TS2551: Property 'logger' does not exist on type 'EventRegistry'. Did you mean '_logger'?
src/interfaces/events/registry.ts(734,14): error TS2551: Property 'logger' does not exist on type 'EventRegistry'. Did you mean '_logger'?
src/interfaces/events/registry.ts(748,10): error TS2551: Property 'logger' does not exist on type 'EventRegistry'. Did you mean '_logger'?
src/interfaces/events/registry.ts(849,14): error TS2551: Property 'logger' does not exist on type 'EventRegistry'. Did you mean '_logger'?
src/interfaces/events/registry.ts(886,14): error TS2551: Property 'logger' does not exist on type 'EventRegistry'. Did you mean '_logger'?
src/interfaces/events/registry.ts(890,10): error TS2551: Property 'logger' does not exist on type 'EventRegistry'. Did you mean '_logger'?
src/interfaces/events/registry.ts(898,7): error TS2412: Type 'undefined' is not assignable to type 'Timeout' with 'exactOptionalPropertyTypes: true'. Consider adding 'undefined' to the type of the target.
src/interfaces/events/registry.ts(901,10): error TS2551: Property 'logger' does not exist on type 'EventRegistry'. Did you mean '_logger'?
src/interfaces/events/registry.ts(970,10): error TS2551: Property 'logger' does not exist on type 'EventRegistry'. Did you mean '_logger'?
src/interfaces/events/registry.ts(977,12): error TS2551: Property 'logger' does not exist on type 'EventRegistry'. Did you mean '_logger'?
src/interfaces/events/registry.ts(979,12): error TS2551: Property 'logger' does not exist on type 'EventRegistry'. Did you mean '_logger'?
src/interfaces/events/system-integrations.ts(57,37): error TS2379: Argument of type '{ eventManager?: EventManager; managerType?: EventManagerType; managerName?: string; }' is not assignable to parameter of type '{ eventManager: EventManager; managerType?: EventManagerType; managerName?: string; }' with 'exactOptionalPropertyTypes: true'. Consider adding 'undefined' to the types of the target's properties.
  Property 'eventManager' is optional in type '{ eventManager?: EventManager; managerType?: EventManagerType; managerName?: string; }' but required in type '{ eventManager: EventManager; managerType?: EventManagerType; managerName?: string; }'.
src/interfaces/events/system-integrations.ts(83,12): error TS2339: Property 'migrationHelper' does not exist on type 'UELEnhancedEventBus'.
src/interfaces/events/system-integrations.ts(98,3): error TS4114: This member must have an 'override' modifier because it overrides a member in the base class 'EventEmitter<DefaultEventMap>'.
src/interfaces/events/system-integrations.ts(120,3): error TS4114: This member must have an 'override' modifier because it overrides a member in the base class 'EventEmitter<DefaultEventMap>'.
src/interfaces/events/system-integrations.ts(206,41): error TS2379: Argument of type '{ eventManager: EventManager; managerType: EventManagerType | undefined; managerName: string | undefined; }' is not assignable to parameter of type '{ eventManager: EventManager; managerType?: EventManagerType; managerName?: string; }' with 'exactOptionalPropertyTypes: true'. Consider adding 'undefined' to the types of the target's properties.
  Types of property 'managerType' are incompatible.
    Type 'EventManagerType | undefined' is not assignable to type 'EventManagerType'.
      Type 'undefined' is not assignable to type 'EventManagerType'.
src/interfaces/events/system-integrations.ts(235,11): error TS2353: Object literal may only specify known properties, and 'originalEvent' does not exist in type '{ component?: string; version?: string; duration?: number; errorCode?: string; errorMessage?: string; healthScore?: number; }'.
src/interfaces/events/system-integrations.ts(260,15): error TS6133: '_args' is declared but its value is never read.
src/interfaces/events/system-integrations.ts(261,17): error TS2339: Property 'details' does not exist on type 'SystemEvent'.
src/interfaces/events/system-integrations.ts(261,63): error TS2339: Property 'details' does not exist on type 'SystemEvent'.
src/interfaces/events/system-integrations.ts(262,31): error TS2339: Property 'details' does not exist on type 'SystemEvent'.
src/interfaces/events/system-integrations.ts(388,35): error TS2345: Argument of type 'string | undefined' is not assignable to parameter of type 'string'.
  Type 'undefined' is not assignable to type 'string'.
src/interfaces/events/system-integrations.ts(437,3): error TS4114: This member must have an 'override' modifier because it overrides a member in the base class 'EventEmitter<DefaultEventMap>'.
src/interfaces/events/system-integrations.ts(490,5): error TS2375: Type '{ applicationCoordinator: { initialized: boolean; eventNames: (string | symbol)[]; listenerCount: number; }; uel: { enabled: boolean; systemStatus: any; managersCreated: number; }; eventBus: { ...; } | undefined; }' is not assignable to type '{ applicationCoordinator: { initialized: boolean; eventNames: (string | symbol)[]; listenerCount: number; }; uel: { enabled: boolean; systemStatus?: { initialized: boolean; components: { factory: boolean; ... 4 more ...; compatibility: boolean; }; ... 5 more ...; validationStatus?: { ...; }; }; managersCreated: numb...' with 'exactOptionalPropertyTypes: true'. Consider adding 'undefined' to the types of the target's properties.
  Types of property 'eventBus' are incompatible.
    Type '{ eventEmitter: { maxListeners: number; eventNames: (string | symbol)[]; listenerCount: number; }; uel: { enabled: boolean; hasManager: boolean; mappedEvents: number; }; integration: { compatible: boolean; migrationReady: boolean; }; } | undefined' is not assignable to type '{ eventEmitter: { maxListeners: number; eventNames: (string | symbol)[]; listenerCount: number; }; uel: { enabled: boolean; hasManager: boolean; mappedEvents: number; }; integration: { compatible: boolean; migrationReady: boolean; }; }'.
      Type 'undefined' is not assignable to type '{ eventEmitter: { maxListeners: number; eventNames: (string | symbol)[]; listenerCount: number; }; uel: { enabled: boolean; hasManager: boolean; mappedEvents: number; }; integration: { compatible: boolean; migrationReady: boolean; }; }'.
src/interfaces/events/system-integrations.ts(554,23): error TS2339: Property 'healthPercentage' does not exist on type '{ initialized: boolean; components: { factory: boolean; registry: boolean; eventManager: boolean; eventRegistry: boolean; validation: boolean; compatibility: boolean; }; factoryStats: any; globalMetrics: any; healthStatus: EventManagerStatus[]; integrationStats?: any; registryStats?: any; validationStatus?: { ...; }...'.
src/interfaces/events/system-integrations.ts(555,64): error TS2339: Property 'healthPercentage' does not exist on type '{ initialized: boolean; components: { factory: boolean; registry: boolean; eventManager: boolean; eventRegistry: boolean; validation: boolean; compatibility: boolean; }; factoryStats: any; globalMetrics: any; healthStatus: EventManagerStatus[]; integrationStats?: any; registryStats?: any; validationStatus?: { ...; }...'.
src/interfaces/events/system-integrations.ts(603,9): error TS2412: Type 'undefined' is not assignable to type 'UEL' with 'exactOptionalPropertyTypes: true'. Consider adding 'undefined' to the type of the target.
src/interfaces/events/system-integrations.ts(606,7): error TS2412: Type 'undefined' is not assignable to type 'UELEnhancedEventBus' with 'exactOptionalPropertyTypes: true'. Consider adding 'undefined' to the type of the target.
src/interfaces/events/system-integrations.ts(650,9): error TS2353: Object literal may only specify known properties, and 'enableRetry' does not exist in type 'Partial<EventManagerConfig>'.
src/interfaces/events/system-integrations.ts(705,13): error TS2353: Object literal may only specify known properties, and 'observerName' does not exist in type '{ metricName?: string; metricValue?: number; threshold?: number; severity?: "warning" | "critical" | "error" | "info"; alertId?: string; healthScore?: number; performanceData?: { cpu: number; memory: number; ... 4 more ...; errorRate: number; }; }'.
src/interfaces/events/system-integrations.ts(828,36): error TS2379: Argument of type '{ enableUEL: boolean | undefined; uelIntegration: { eventManager: EventManager; managerType: EventManagerType; managerName: string; } | undefined; logger: any; maxListeners: number | undefined; }' is not assignable to parameter of type '{ enableUEL?: boolean; uelIntegration?: { eventManager?: EventManager; managerType?: EventManagerType; managerName?: string; }; logger?: any; maxListeners?: number; }' with 'exactOptionalPropertyTypes: true'. Consider adding 'undefined' to the types of the target's properties.
  Types of property 'enableUEL' are incompatible.
    Type 'boolean | undefined' is not assignable to type 'boolean'.
      Type 'undefined' is not assignable to type 'boolean'.
src/interfaces/events/system-integrations.ts(862,50): error TS2379: Argument of type '{ enableUEL: boolean | undefined; logger: any; uelConfig: { enableValidation?: boolean; enableCompatibility?: boolean; healthMonitoring?: boolean; } | undefined; }' is not assignable to parameter of type '{ enableUEL?: boolean; logger?: any; uelConfig?: { enableValidation?: boolean; enableCompatibility?: boolean; healthMonitoring?: boolean; }; }' with 'exactOptionalPropertyTypes: true'. Consider adding 'undefined' to the types of the target's properties.
  Types of property 'enableUEL' are incompatible.
    Type 'boolean | undefined' is not assignable to type 'boolean'.
      Type 'undefined' is not assignable to type 'boolean'.
src/interfaces/events/system-integrations.ts(876,42): error TS2379: Argument of type '{ enableUEL: boolean | undefined; eventManager: EventManager | undefined; logger: any; }' is not assignable to parameter of type '{ enableUEL?: boolean; eventManager?: EventManager; logger?: any; }' with 'exactOptionalPropertyTypes: true'. Consider adding 'undefined' to the types of the target's properties.
  Types of property 'enableUEL' are incompatible.
    Type 'boolean | undefined' is not assignable to type 'boolean'.
      Type 'undefined' is not assignable to type 'boolean'.
src/interfaces/events/validation.ts(444,16): error TS2339: Property 'queueSize' does not exist on type 'EventManagerConfig'.
src/interfaces/events/validation.ts(444,50): error TS2339: Property 'queueSize' does not exist on type 'EventManagerConfig'.
src/interfaces/events/validation.ts(447,70): error TS2339: Property 'queueSize' does not exist on type 'EventManagerConfig'.
src/interfaces/events/validation.ts(450,38): error TS2339: Property 'queueSize' does not exist on type 'EventManagerConfig'.
src/interfaces/index.ts(15,1): error TS2308: Module './api' has already exported a member named 'PerformanceMetrics'. Consider explicitly re-exporting to resolve the ambiguity.
src/interfaces/index.ts(17,1): error TS2308: Module './cli' has already exported a member named 'SwarmMetrics'. Consider explicitly re-exporting to resolve the ambiguity.
src/interfaces/index.ts(37,21): error TS4111: Property 'CLAUDE_CODE_MCP' comes from an index signature, so it must be accessed with ['CLAUDE_CODE_MCP'].
src/interfaces/index.ts(38,21): error TS4111: Property 'CLAUDE_FLOW_WEB' comes from an index signature, so it must be accessed with ['CLAUDE_FLOW_WEB'].
src/interfaces/index.ts(39,21): error TS4111: Property 'CLAUDE_FLOW_API' comes from an index signature, so it must be accessed with ['CLAUDE_FLOW_API'].
src/interfaces/index.ts(90,53): error TS4111: Property 'CLAUDE_ADVANCED_CLI' comes from an index signature, so it must be accessed with ['CLAUDE_ADVANCED_CLI'].
src/interfaces/mcp/command-system.ts(173,7): error TS2375: Type '{ success: false; error: Error; executionTime: number; resourceUsage: ResourceMetrics; warnings: string[] | undefined; }' is not assignable to type 'CommandResult<SwarmInitResult>' with 'exactOptionalPropertyTypes: true'. Consider adding 'undefined' to the types of the target's properties.
  Types of property 'warnings' are incompatible.
    Type 'string[] | undefined' is not assignable to type 'string[]'.
      Type 'undefined' is not assignable to type 'string[]'.
src/interfaces/mcp/command-system.ts(222,7): error TS2412: Type 'undefined' is not assignable to type 'string' with 'exactOptionalPropertyTypes: true'. Consider adding 'undefined' to the type of the target.
src/interfaces/mcp/command-system.ts(350,7): error TS2412: Type 'undefined' is not assignable to type 'string' with 'exactOptionalPropertyTypes: true'. Consider adding 'undefined' to the type of the target.
src/interfaces/mcp/command-system.ts(559,11): error TS2412: Type 'string | undefined' is not assignable to type 'string' with 'exactOptionalPropertyTypes: true'. Consider adding 'undefined' to the type of the target.
  Type 'undefined' is not assignable to type 'string'.
src/interfaces/mcp/command-system.ts(727,15): error TS2345: Argument of type 'Function' is not assignable to parameter of type '(value: CommandResult<any>) => CommandResult<any> | PromiseLike<CommandResult<any>>'.
  Type 'Function' provides no match for the signature '(value: CommandResult<any>): CommandResult<any> | PromiseLike<CommandResult<any>>'.
src/interfaces/mcp/command-system.ts(728,16): error TS2345: Argument of type 'Function' is not assignable to parameter of type '(reason: any) => PromiseLike<never>'.
  Type 'Function' provides no match for the signature '(reason: any): PromiseLike<never>'.
src/interfaces/mcp/command-system.ts(797,11): error TS2532: Object is possibly 'undefined'.
src/interfaces/mcp/command-system.ts(797,33): error TS18048: 'command' is possibly 'undefined'.
src/interfaces/mcp/command-system.ts(797,54): error TS18048: 'command' is possibly 'undefined'.
src/interfaces/mcp/command-system.ts(799,17): error TS18048: 'command' is possibly 'undefined'.
src/interfaces/mcp/dspy-enhanced-tools.ts(11,10): error TS2305: Module '"dspy.ts"' has no exported member 'DSPy'.
src/interfaces/mcp/dspy-enhanced-tools.ts(11,21): error TS2305: Module '"dspy.ts"' has no exported member 'DSPyProgram'.
src/interfaces/mcp/http-mcp-server.ts(16,27): error TS2307: Cannot find module '@modelcontextprotocol/sdk/server/mcp' or its corresponding type declarations.
src/interfaces/mcp/http-mcp-server.ts(17,47): error TS2307: Cannot find module '@modelcontextprotocol/sdk/server/streamableHttp' or its corresponding type declarations.
src/interfaces/mcp/http-mcp-server.ts(45,34): error TS4111: Property 'MCP_PORT' comes from an index signature, so it must be accessed with ['MCP_PORT'].
src/interfaces/mcp/http-mcp-server.ts(46,25): error TS4111: Property 'MCP_HOST' comes from an index signature, so it must be accessed with ['MCP_HOST'].
src/interfaces/mcp/http-mcp-server.ts(47,37): error TS4111: Property 'MCP_TIMEOUT' comes from an index signature, so it must be accessed with ['MCP_TIMEOUT'].
src/interfaces/mcp/http-mcp-server.ts(48,30): error TS4111: Property 'MCP_LOG_LEVEL' comes from an index signature, so it must be accessed with ['MCP_LOG_LEVEL'].
src/interfaces/mcp/http-mcp-server.ts(140,16): error TS7031: Binding element 'detailed' implicitly has an 'any' type.
src/interfaces/mcp/http-mcp-server.ts(195,16): error TS7031: Binding element 'name' implicitly has an 'any' type.
src/interfaces/mcp/http-mcp-server.ts(195,22): error TS7031: Binding element 'template' implicitly has an 'any' type.
src/interfaces/mcp/http-mcp-server.ts(195,32): error TS7031: Binding element 'directory' implicitly has an 'any' type.
src/interfaces/mcp/http-mcp-server.ts(236,16): error TS7031: Binding element 'format' implicitly has an 'any' type.
src/interfaces/mcp/http-mcp-server.ts(236,24): error TS7031: Binding element 'includeMetrics' implicitly has an 'any' type.
src/interfaces/mcp/http-mcp-server.ts(322,16): error TS7031: Binding element 'category' implicitly has an 'any' type.
src/interfaces/mcp/http-mcp-server.ts(322,26): error TS7031: Binding element 'search' implicitly has an 'any' type.
src/interfaces/mcp/http-mcp-server.ts(327,21): error TS2304: Cannot find name 'advancedMCPToolsManager'.
src/interfaces/mcp/http-mcp-server.ts(329,21): error TS2304: Cannot find name 'advancedMCPToolsManager'.
src/interfaces/mcp/http-mcp-server.ts(331,21): error TS2304: Cannot find name 'advancedMCPToolsManager'.
src/interfaces/mcp/http-mcp-server.ts(334,28): error TS2304: Cannot find name 'advancedMCPToolsManager'.
src/interfaces/mcp/http-mcp-server.ts(359,47): error TS18046: 'error' is of type 'unknown'.
src/interfaces/mcp/http-mcp-server.ts(380,16): error TS7031: Binding element 'toolName' implicitly has an 'any' type.
src/interfaces/mcp/http-mcp-server.ts(382,16): error TS2304: Cannot find name 'advancedMCPToolsManager'.
src/interfaces/mcp/http-mcp-server.ts(386,32): error TS2304: Cannot find name 'advancedMCPToolsManager'.
src/interfaces/mcp/http-mcp-server.ts(414,28): error TS18046: 'error' is of type 'unknown'.
src/interfaces/mcp/http-mcp-server.ts(439,16): error TS7031: Binding element 'detailed' implicitly has an 'any' type.
src/interfaces/mcp/http-mcp-server.ts(440,26): error TS2304: Cannot find name 'advancedMCPToolsManager'.
src/interfaces/mcp/http-mcp-server.ts(441,34): error TS2304: Cannot find name 'advancedMCPToolsManager'.
src/interfaces/mcp/http-mcp-server.ts(463,41): error TS2304: Cannot find name 'advancedMCPToolsManager'.
src/interfaces/mcp/http-mcp-server.ts(473,22): error TS2304: Cannot find name 'advancedMCPToolsManager'.
src/interfaces/mcp/http-mcp-server.ts(490,34): error TS2304: Cannot find name 'advancedMCPToolsManager'.
src/interfaces/mcp/http-mcp-server.ts(553,36): error TS7006: Parameter 'id' implicitly has an 'any' type.
src/interfaces/mcp/http-mcp-server.ts(556,31): error TS7006: Parameter 'id' implicitly has an 'any' type.
src/interfaces/mcp/mcp-interface.ts(69,7): error TS2412: Type 'undefined' is not assignable to type 'Timeout' with 'exactOptionalPropertyTypes: true'. Consider adding 'undefined' to the type of the target.
src/interfaces/mcp/mcp-logger.ts(18,23): error TS4111: Property 'DEBUG' comes from an index signature, so it must be accessed with ['DEBUG'].
src/interfaces/mcp/mcp-logger.ts(18,44): error TS4111: Property 'MCP_DEBUG' comes from an index signature, so it must be accessed with ['MCP_DEBUG'].
src/interfaces/mcp/mcp-tools.ts(11,18): error TS2430: Interface 'AdvancedMCPTool' incorrectly extends interface 'MCPTool'.
  Types of property 'category' are incompatible.
    Type 'MCPToolCategory' is not assignable to type '"memory" | "neural" | "coordination" | "swarm" | "system"'.
      Type '"monitoring"' is not assignable to type '"memory" | "neural" | "coordination" | "swarm" | "system"'.
src/interfaces/mcp/mcp-tools.ts(93,5): error TS2375: Type '{ success: boolean; content: any[]; error: string | undefined; metadata: any; }' is not assignable to type 'AdvancedMCPToolResult' with 'exactOptionalPropertyTypes: true'. Consider adding 'undefined' to the types of the target's properties.
  Types of property 'error' are incompatible.
    Type 'string | undefined' is not assignable to type 'string'.
      Type 'undefined' is not assignable to type 'string'.
src/interfaces/mcp/request-handler.ts(53,25): error TS2304: Cannot find name 'MCPToolRegistry'.
src/interfaces/mcp/request-handler.ts(58,29): error TS2304: Cannot find name 'MCPToolRegistry'.
src/interfaces/mcp/request-handler.ts(380,25): error TS7006: Parameter 'tool' implicitly has an 'any' type.
src/interfaces/mcp/start-server.ts(36,31): error TS2345: Argument of type 'string | undefined' is not assignable to parameter of type 'string'.
  Type 'undefined' is not assignable to type 'string'.
src/interfaces/mcp/start-server.ts(46,9): error TS2412: Type 'string | undefined' is not assignable to type 'string' with 'exactOptionalPropertyTypes: true'. Consider adding 'undefined' to the type of the target.
  Type 'undefined' is not assignable to type 'string'.
src/interfaces/mcp/start-server.ts(55,9): error TS2412: Type '"error" | "debug" | "info" | "warn" | undefined' is not assignable to type '"error" | "debug" | "info" | "warn"' with 'exactOptionalPropertyTypes: true'. Consider adding 'undefined' to the type of the target.
  Type 'undefined' is not assignable to type '"error" | "debug" | "info" | "warn"'.
src/interfaces/mcp/start-server.ts(61,34): error TS2345: Argument of type 'string | undefined' is not assignable to parameter of type 'string'.
  Type 'undefined' is not assignable to type 'string'.
src/interfaces/mcp/start-server.ts(72,9): error TS7027: Unreachable code detected.
src/interfaces/mcp/start-server.ts(75,13): error TS18048: 'arg' is possibly 'undefined'.
src/interfaces/mcp/start-server.ts(128,54): error TS2554: Expected 1-2 arguments, but got 4.
src/interfaces/mcp/start-server.ts(170,49): error TS4111: Property 'MCP_PORT' comes from an index signature, so it must be accessed with ['MCP_PORT'].
src/interfaces/mcp/start-server.ts(171,40): error TS4111: Property 'MCP_HOST' comes from an index signature, so it must be accessed with ['MCP_HOST'].
src/interfaces/mcp/start-server.ts(172,49): error TS4111: Property 'MCP_LOG_LEVEL' comes from an index signature, so it must be accessed with ['MCP_LOG_LEVEL'].
src/interfaces/mcp/start-server.ts(173,55): error TS4111: Property 'MCP_TIMEOUT' comes from an index signature, so it must be accessed with ['MCP_TIMEOUT'].
src/interfaces/mcp/test-external-servers.ts(9,30): error TS2307: Cannot find module './simple-logger' or its corresponding type declarations.
src/interfaces/mcp/test-external-servers.ts(21,42): error TS2554: Expected 0 arguments, but got 1.
src/interfaces/mcp/test-external-servers.ts(45,13): error TS6133: '_status' is declared but its value is never read.
src/interfaces/mcp/test-external-servers.ts(48,57): error TS2339: Property 'serverName' does not exist on type 'ConnectionResult'.
src/interfaces/mcp/test-external-servers.ts(50,53): error TS2339: Property 'serverName' does not exist on type 'ConnectionResult'.
src/interfaces/mcp/test-external-servers.ts(57,13): error TS6133: '_connectionIcon' is declared but its value is never read.
src/interfaces/mcp/test-external-servers.ts(96,11): error TS6133: '_totalTools' is declared but its value is never read.
src/interfaces/mcp/tool-registry.ts(88,29): error TS2304: Cannot find name 'DocumentService'.
src/interfaces/mcp/tool-registry.ts(90,33): error TS2304: Cannot find name 'DocumentService'.
src/interfaces/mcp/tool-registry.ts(345,65): error TS2304: Cannot find name 'DocumentService'.
src/interfaces/mcp/tools/memory-neural-tools.ts(40,28): error TS6133: 'value' is declared but its value is never read.
src/interfaces/mcp/tools/sparc-integration-tools.ts(10,63): error TS2304: Cannot find name 'DocumentService'.
src/interfaces/mcp/tools/sparc-integration-tools.ts(104,35): error TS6133: 'input' is declared but its value is never read.
src/interfaces/mcp/tools/sparc-integration-tools.ts(552,66): error TS2322: Type 'string | undefined' is not assignable to type 'string | null'.
  Type 'undefined' is not assignable to type 'string | null'.
src/interfaces/mcp/validate-external-config.ts(55,58): error TS18046: 'error' is of type 'unknown'.
src/interfaces/mcp/validate-external-config.ts(75,15): error TS6133: '_serverCount' is declared but its value is never read.
src/interfaces/mcp/validate-external-config.ts(91,17): error TS6133: '_serverConfig' is declared but its value is never read.
src/interfaces/services/adapters/__tests__/coordination-service-adapter.test.ts(112,7): error TS2353: Object literal may only specify known properties, and 'type' does not exist in type 'Partial<CoordinationServiceAdapterConfig>'.
src/interfaces/services/adapters/__tests__/coordination-service-adapter.test.ts(219,29): error TS2339: Property 'performance' does not exist on type 'ServiceConfig'.
src/interfaces/services/adapters/__tests__/coordination-service-adapter.test.ts(403,22): error TS2339: Property 'cache' does not exist on type 'ServiceConfig'.
src/interfaces/services/adapters/__tests__/coordination-service-adapter.test.ts(417,22): error TS2339: Property 'cache' does not exist on type 'ServiceConfig'.
src/interfaces/services/adapters/__tests__/coordination-service-adapter.test.ts(418,22): error TS2339: Property 'cache' does not exist on type 'ServiceConfig'.
src/interfaces/services/adapters/__tests__/coordination-service-adapter.test.ts(435,22): error TS2339: Property 'cache' does not exist on type 'ServiceConfig'.
src/interfaces/services/adapters/__tests__/coordination-service-adapter.test.ts(489,22): error TS2339: Property 'errorRate' does not exist on type 'ServiceMetrics'.
src/interfaces/services/adapters/__tests__/coordination-service-adapter.test.ts(597,13): error TS6133: '_initialMemory' is declared but its value is never read.
src/interfaces/services/adapters/__tests__/coordination-service-adapter.test.ts(638,21): error TS2339: Property 'name' does not exist on type 'CoordinationServiceAdapterConfig'.
src/interfaces/services/adapters/__tests__/coordination-service-adapter.test.ts(639,21): error TS2339: Property 'priority' does not exist on type 'CoordinationServiceAdapterConfig'.
src/interfaces/services/adapters/__tests__/coordination-service-adapter.test.ts(640,21): error TS2339: Property 'timeout' does not exist on type 'CoordinationServiceAdapterConfig'.
src/interfaces/services/adapters/__tests__/coordination-service-adapter.test.ts(705,29): error TS2339: Property 'enabled' does not exist on type 'ServiceRetryConfig'.
src/interfaces/services/adapters/__tests__/coordination-service-adapter.test.ts(706,29): error TS2551: Property 'maxAttempts' does not exist on type 'ServiceRetryConfig'. Did you mean 'attempts'?
src/interfaces/services/adapters/__tests__/coordination-service-adapter.test.ts(713,36): error TS2339: Property 'enabled' does not exist on type 'ServiceRetryConfig'.
src/interfaces/services/adapters/__tests__/coordination-service-adapter.test.ts(714,36): error TS2551: Property 'maxAttempts' does not exist on type 'ServiceRetryConfig'. Did you mean 'attempts'?
src/interfaces/services/adapters/__tests__/data-service-adapter.test.ts(36,31): error TS2304: Cannot find name 'DocumentService'.
src/interfaces/services/adapters/__tests__/data-service-adapter.test.ts(36,74): error TS2304: Cannot find name 'DocumentService'.
src/interfaces/services/adapters/__tests__/data-service-adapter.test.ts(42,40): error TS2304: Cannot find name 'DocumentService'.
src/interfaces/services/adapters/__tests__/data-service-adapter.test.ts(61,7): error TS2741: Property 'keyPrefix' is missing in type '{ enabled: true; strategy: "memory"; defaultTTL: number; maxSize: number; }' but required in type '{ enabled: boolean; strategy: "memory" | "hybrid" | "redis"; defaultTTL: number; maxSize: number; keyPrefix: string; }'.
src/interfaces/services/adapters/__tests__/data-service-adapter.test.ts(568,14): error TS2532: Object is possibly 'undefined'.
src/interfaces/services/adapters/__tests__/data-service-adapter.test.ts(641,7): error TS2304: Cannot find name 'mockDocumentService'.
src/interfaces/services/adapters/__tests__/data-service-adapter.test.ts(655,7): error TS2304: Cannot find name 'mockDocumentService'.
src/interfaces/services/adapters/__tests__/data-service-adapter.test.ts(681,7): error TS2304: Cannot find name 'mockDocumentService'.
src/interfaces/services/adapters/__tests__/data-service-adapter.test.ts(719,7): error TS2304: Cannot find name 'mockDocumentService'.
src/interfaces/services/adapters/__tests__/data-service-adapter.test.ts(755,5): error TS2304: Cannot find name 'mockDocumentService'.
src/interfaces/services/adapters/__tests__/data-service-adapter.test.ts(769,7): error TS2304: Cannot find name 'mockWebDataService'.
src/interfaces/services/adapters/__tests__/data-service-adapter.test.ts(801,7): error TS2304: Cannot find name 'mockWebDataService'.
src/interfaces/services/adapters/__tests__/data-service-adapter.test.ts(809,14): error TS2532: Object is possibly 'undefined'.
src/interfaces/services/adapters/__tests__/data-service-adapter.test.ts(851,14): error TS2571: Object is of type 'unknown'.
src/interfaces/services/adapters/__tests__/data-service-adapter.test.ts(852,14): error TS2571: Object is of type 'unknown'.
src/interfaces/services/adapters/__tests__/data-service-adapter.test.ts(853,14): error TS2571: Object is of type 'unknown'.
src/interfaces/services/adapters/__tests__/data-service-adapter.test.ts(854,14): error TS2571: Object is of type 'unknown'.
src/interfaces/services/adapters/coordination-service-adapter.ts(246,10): error TS2551: Property 'adapterConfig' does not exist on type 'CoordinationServiceAdapter'. Did you mean 'updateConfig'?
src/interfaces/services/adapters/coordination-service-adapter.ts(247,7): error TS2783: 'service' is specified more than once, so this usage will be overwritten.
src/interfaces/services/adapters/coordination-service-adapter.ts(349,55): error TS2379: Argument of type 'ServiceConfig' is not assignable to parameter of type 'CoordinationServiceAdapterConfig' with 'exactOptionalPropertyTypes: true'. Consider adding 'undefined' to the types of the target's properties.
  Property 'service' is missing in type 'ServiceConfig' but required in type 'CoordinationServiceAdapterConfig'.
src/interfaces/services/adapters/coordination-service-adapter.ts(355,23): error TS2339: Property 'daaService' does not exist on type 'ServiceConfig'.
src/interfaces/services/adapters/coordination-service-adapter.ts(359,25): error TS2339: Property 'daaService' does not exist on type 'ServiceConfig'.
src/interfaces/services/adapters/coordination-service-adapter.ts(373,23): error TS2339: Property 'sessionService' does not exist on type 'ServiceConfig'.
src/interfaces/services/adapters/coordination-service-adapter.ts(376,33): error TS2339: Property 'swarmCoordinator' does not exist on type 'ServiceConfig'.
src/interfaces/services/adapters/coordination-service-adapter.ts(377,34): error TS2339: Property 'swarmCoordinator' does not exist on type 'ServiceConfig'.
src/interfaces/services/adapters/coordination-service-adapter.ts(382,43): error TS2339: Property 'sessionService' does not exist on type 'ServiceConfig'.
src/interfaces/services/adapters/coordination-service-adapter.ts(383,39): error TS2339: Property 'sessionService' does not exist on type 'ServiceConfig'.
src/interfaces/services/adapters/coordination-service-adapter.ts(387,40): error TS2339: Property 'init' does not exist on type 'SessionEnabledSwarm'.
src/interfaces/services/adapters/coordination-service-adapter.ts(390,25): error TS2339: Property 'sessionService' does not exist on type 'ServiceConfig'.
src/interfaces/services/adapters/coordination-service-adapter.ts(406,23): error TS2339: Property 'swarmCoordinator' does not exist on type 'ServiceConfig'.
src/interfaces/services/adapters/coordination-service-adapter.ts(410,34): error TS2339: Property 'swarmCoordinator' does not exist on type 'ServiceConfig'.
src/interfaces/services/adapters/coordination-service-adapter.ts(411,33): error TS2339: Property 'swarmCoordinator' does not exist on type 'ServiceConfig'.
src/interfaces/services/adapters/coordination-service-adapter.ts(412,32): error TS2339: Property 'swarmCoordinator' does not exist on type 'ServiceConfig'.
src/interfaces/services/adapters/coordination-service-adapter.ts(425,23): error TS2339: Property 'cache' does not exist on type 'ServiceConfig'.
src/interfaces/services/adapters/coordination-service-adapter.ts(431,23): error TS2339: Property 'performance' does not exist on type 'ServiceConfig'.
src/interfaces/services/adapters/coordination-service-adapter.ts(437,23): error TS2339: Property 'agentManagement' does not exist on type 'ServiceConfig'.
src/interfaces/services/adapters/coordination-service-adapter.ts(443,23): error TS2339: Property 'learning' does not exist on type 'ServiceConfig'.
src/interfaces/services/adapters/coordination-service-adapter.ts(514,23): error TS2339: Property 'cache' does not exist on type 'ServiceConfig'.
src/interfaces/services/adapters/coordination-service-adapter.ts(550,7): error TS2412: Type 'undefined' is not assignable to type 'DaaService' with 'exactOptionalPropertyTypes: true'. Consider adding 'undefined' to the type of the target.
src/interfaces/services/adapters/coordination-service-adapter.ts(551,7): error TS2412: Type 'undefined' is not assignable to type 'SessionEnabledSwarm' with 'exactOptionalPropertyTypes: true'. Consider adding 'undefined' to the type of the target.
src/interfaces/services/adapters/coordination-service-adapter.ts(552,12): error TS2339: Property 'sessionRecoveryService' does not exist on type 'CoordinationServiceAdapter'.
src/interfaces/services/adapters/coordination-service-adapter.ts(553,7): error TS2412: Type 'undefined' is not assignable to type 'SwarmCoordinator' with 'exactOptionalPropertyTypes: true'. Consider adding 'undefined' to the type of the target.
src/interfaces/services/adapters/coordination-service-adapter.ts(579,40): error TS2339: Property 'daaService' does not exist on type 'ServiceConfig'.
src/interfaces/services/adapters/coordination-service-adapter.ts(586,46): error TS2339: Property 'swarmCoordinator' does not exist on type 'ServiceConfig'.
src/interfaces/services/adapters/coordination-service-adapter.ts(593,49): error TS2339: Property 'sessionService' does not exist on type 'ServiceConfig'.
src/interfaces/services/adapters/coordination-service-adapter.ts(595,42): error TS2339: Property 'isReady' does not exist on type 'SessionEnabledSwarm'.
src/interfaces/services/adapters/coordination-service-adapter.ts(617,40): error TS2339: Property 'daaService' does not exist on type 'ServiceConfig'.
src/interfaces/services/adapters/coordination-service-adapter.ts(618,44): error TS2339: Property 'sessionService' does not exist on type 'ServiceConfig'.
src/interfaces/services/adapters/coordination-service-adapter.ts(619,46): error TS2339: Property 'swarmCoordinator' does not exist on type 'ServiceConfig'.
src/interfaces/services/adapters/coordination-service-adapter.ts(661,28): error TS2339: Property 'cache' does not exist on type 'ServiceConfig'.
src/interfaces/services/adapters/coordination-service-adapter.ts(662,53): error TS2339: Property 'cache' does not exist on type 'ServiceConfig'.
src/interfaces/services/adapters/coordination-service-adapter.ts(701,42): error TS2339: Property 'daaService' does not exist on type 'ServiceConfig'.
src/interfaces/services/adapters/coordination-service-adapter.ts(710,48): error TS2339: Property 'swarmCoordinator' does not exist on type 'ServiceConfig'.
src/interfaces/services/adapters/coordination-service-adapter.ts(719,23): error TS2339: Property 'cache' does not exist on type 'ServiceConfig'.
src/interfaces/services/adapters/coordination-service-adapter.ts(720,37): error TS2339: Property 'cache' does not exist on type 'ServiceConfig'.
src/interfaces/services/adapters/coordination-service-adapter.ts(748,9): error TS2416: Property 'updateConfig' in type 'CoordinationServiceAdapter' is not assignable to the same property in base type 'IService'.
  Type '(config: Partial<CoordinationServiceAdapterConfig>) => Promise<void>' is not assignable to type '(config: Partial<ServiceConfig>) => Promise<void>'.
    Types of parameters 'config' and 'config' are incompatible.
      Type 'Partial<ServiceConfig>' is not assignable to type 'Partial<CoordinationServiceAdapterConfig>' with 'exactOptionalPropertyTypes: true'. Consider adding 'undefined' to the types of the target's properties.
        Types of property 'retry' are incompatible.
          Type 'ServiceRetryConfig' is missing the following properties from type '{ enabled: boolean; maxAttempts: number; backoffMultiplier: number; retryableOperations: string[]; }': enabled, maxAttempts, backoffMultiplier, retryableOperations
src/interfaces/services/adapters/coordination-service-adapter.ts(754,49): error TS2379: Argument of type '{ service?: CoordinationServiceConfig; daaService?: { enabled: boolean; autoInitialize?: boolean; enableLearning?: boolean; enableCognitive?: boolean; enableMetaLearning?: boolean; }; ... 18 more ...; metadata?: Record<string, any>; }' is not assignable to parameter of type 'CoordinationServiceAdapterConfig' with 'exactOptionalPropertyTypes: true'. Consider adding 'undefined' to the types of the target's properties.
  Property 'service' is optional in type '{ service?: CoordinationServiceConfig; daaService?: { enabled: boolean; autoInitialize?: boolean; enableLearning?: boolean; enableCognitive?: boolean; enableMetaLearning?: boolean; }; ... 18 more ...; metadata?: Record<...>; }' but required in type 'CoordinationServiceAdapterConfig'.
src/interfaces/services/adapters/coordination-service-adapter.ts(774,9): error TS2416: Property 'validateConfig' in type 'CoordinationServiceAdapter' is not assignable to the same property in base type 'IService'.
  Type '(config: CoordinationServiceAdapterConfig) => Promise<boolean>' is not assignable to type '(config: ServiceConfig) => Promise<boolean>'.
    Types of parameters 'config' and 'config' are incompatible.
      Property 'service' is missing in type 'ServiceConfig' but required in type 'CoordinationServiceAdapterConfig'.
src/interfaces/services/adapters/coordination-service-adapter.ts(777,19): error TS2339: Property 'name' does not exist on type 'CoordinationServiceAdapterConfig'.
src/interfaces/services/adapters/coordination-service-adapter.ts(777,35): error TS2339: Property 'type' does not exist on type 'CoordinationServiceAdapterConfig'.
src/interfaces/services/adapters/coordination-service-adapter.ts(861,21): error TS2339: Property 'daaService' does not exist on type 'ServiceConfig'.
src/interfaces/services/adapters/coordination-service-adapter.ts(872,21): error TS2339: Property 'sessionService' does not exist on type 'ServiceConfig'.
src/interfaces/services/adapters/coordination-service-adapter.ts(882,21): error TS2339: Property 'swarmCoordinator' does not exist on type 'ServiceConfig'.
src/interfaces/services/adapters/coordination-service-adapter.ts(892,21): error TS2339: Property 'cache' does not exist on type 'ServiceConfig'.
src/interfaces/services/adapters/coordination-service-adapter.ts(896,28): error TS2339: Property 'enabled' does not exist on type 'ServiceRetryConfig'.
src/interfaces/services/adapters/coordination-service-adapter.ts(900,21): error TS2339: Property 'learning' does not exist on type 'ServiceConfig'.
src/interfaces/services/adapters/coordination-service-adapter.ts(927,19): error TS2304: Cannot find name 'ServiceOperationError'.
src/interfaces/services/adapters/coordination-service-adapter.ts(931,55): error TS2339: Property 'performance' does not exist on type 'ServiceConfig'.
src/interfaces/services/adapters/coordination-service-adapter.ts(933,37): error TS2304: Cannot find name 'ServiceTimeoutError'.
src/interfaces/services/adapters/coordination-service-adapter.ts(943,35): error TS2379: Argument of type '{ operationName: string; executionTime: number; success: true; agentCount: number | undefined; sessionId: string | undefined; coordinationLatency: number | undefined; timestamp: Date; }' is not assignable to parameter of type 'CoordinationOperationMetrics' with 'exactOptionalPropertyTypes: true'. Consider adding 'undefined' to the types of the target's properties.
  Types of property 'agentCount' are incompatible.
    Type 'number | undefined' is not assignable to type 'number'.
      Type 'undefined' is not assignable to type 'number'.
src/interfaces/services/adapters/coordination-service-adapter.ts(991,34): error TS2304: Cannot find name 'ServiceError'.
src/interfaces/services/adapters/coordination-service-adapter.ts(991,49): error TS18046: 'error' is of type 'unknown'.
src/interfaces/services/adapters/coordination-service-adapter.ts(992,20): error TS18046: 'error' is of type 'unknown'.
src/interfaces/services/adapters/coordination-service-adapter.ts(994,18): error TS18046: 'error' is of type 'unknown'.
src/interfaces/services/adapters/coordination-service-adapter.ts(1022,11): error TS2375: Type '{ type: ServiceEventType; serviceName: string; timestamp: Date; data: any; error: Error | undefined; }' is not assignable to type 'ServiceEvent' with 'exactOptionalPropertyTypes: true'. Consider adding 'undefined' to the types of the target's properties.
  Types of property 'error' are incompatible.
    Type 'Error | undefined' is not assignable to type 'Error'.
      Type 'undefined' is not assignable to type 'Error'.
src/interfaces/services/adapters/coordination-service-adapter.ts(1097,21): error TS2339: Property 'cache' does not exist on type 'ServiceConfig'.
src/interfaces/services/adapters/coordination-service-adapter.ts(1113,21): error TS2339: Property 'performance' does not exist on type 'ServiceConfig'.
src/interfaces/services/adapters/coordination-service-adapter.ts(1126,21): error TS2339: Property 'performance' does not exist on type 'ServiceConfig'.
src/interfaces/services/adapters/coordination-service-adapter.ts(1138,23): error TS2339: Property 'cache' does not exist on type 'ServiceConfig'.
src/interfaces/services/adapters/coordination-service-adapter.ts(1145,23): error TS2339: Property 'performance' does not exist on type 'ServiceConfig'.
src/interfaces/services/adapters/coordination-service-adapter.ts(1170,56): error TS2551: Property 'maxAttempts' does not exist on type 'ServiceRetryConfig'. Did you mean 'attempts'?
src/interfaces/services/adapters/coordination-service-adapter.ts(1171,43): error TS2339: Property 'backoffMultiplier' does not exist on type 'ServiceRetryConfig'.
src/interfaces/services/adapters/coordination-service-adapter.ts(1300,19): error TS2304: Cannot find name 'ServiceOperationError'.
src/interfaces/services/adapters/coordination-service-adapter.ts(1320,21): error TS2339: Property 'agentManagement' does not exist on type 'ServiceConfig'.
src/interfaces/services/adapters/coordination-service-adapter.ts(1517,64): error TS2345: Argument of type 'import("/home/mhugo/code/claude-code-zen/src/coordination/swarm/core/types").SwarmTopology | undefined' is not assignable to parameter of type 'import("/home/mhugo/code/claude-code-zen/src/types/shared-types").SwarmTopology | undefined'.
  Type '"distributed"' is not assignable to type 'SwarmTopology | undefined'.
src/interfaces/services/adapters/coordination-service-adapter.ts(1580,28): error TS2339: Property 'cache' does not exist on type 'ServiceConfig'.
src/interfaces/services/adapters/coordination-service-adapter.ts(1602,25): error TS2683: 'this' implicitly has type 'any' because it does not have a type annotation.
src/interfaces/services/adapters/coordination-service-adapter.ts(1630,32): error TS2339: Property 'cache' does not exist on type 'ServiceConfig'.
src/interfaces/services/adapters/coordination-service-adapter.ts(1667,29): error TS2339: Property 'cache' does not exist on type 'ServiceConfig'.
src/interfaces/services/adapters/coordination-service-adapter.ts(1678,40): error TS2339: Property 'cache' does not exist on type 'ServiceConfig'.
src/interfaces/services/adapters/coordination-service-adapter.ts(1684,33): error TS2339: Property 'cache' does not exist on type 'ServiceConfig'.
src/interfaces/services/adapters/coordination-service-adapter.ts(1700,25): error TS2532: Object is possibly 'undefined'.
src/interfaces/services/adapters/coordination-service-adapter.ts(1707,29): error TS2339: Property 'enabled' does not exist on type 'ServiceRetryConfig'.
src/interfaces/services/adapters/coordination-service-adapter.ts(1711,28): error TS2339: Property 'retryableOperations' does not exist on type 'ServiceRetryConfig'.
src/interfaces/services/adapters/coordination-service-adapter.ts(1715,39): error TS2551: Property 'maxAttempts' does not exist on type 'ServiceRetryConfig'. Did you mean 'attempts'?
src/interfaces/services/adapters/coordination-service-adapter.ts(1720,26): error TS2304: Cannot find name 'ServiceTimeoutError'.
src/interfaces/services/adapters/coordination-service-adapter.ts(1728,22): error TS2339: Property 'performance' does not exist on type 'ServiceConfig'.
src/interfaces/services/adapters/coordination-service-adapter.ts(1875,22): error TS2339: Property 'agentManagement' does not exist on type 'ServiceConfig'.
src/interfaces/services/adapters/coordination-service-adapter.ts(1879,39): error TS2339: Property 'agentManagement' does not exist on type 'ServiceConfig'.
src/interfaces/services/adapters/coordination-service-adapter.ts(1888,20): error TS2339: Property 'agentManagement' does not exist on type 'ServiceConfig'.
src/interfaces/services/adapters/coordination-service-adapter.ts(1892,22): error TS2339: Property 'learning' does not exist on type 'ServiceConfig'.
src/interfaces/services/adapters/coordination-service-adapter.ts(1896,23): error TS2339: Property 'learning' does not exist on type 'ServiceConfig'.
src/interfaces/services/adapters/coordination-service-adapter.ts(1904,20): error TS2339: Property 'learning' does not exist on type 'ServiceConfig'.
src/interfaces/services/adapters/coordination-service-adapter.ts(1930,5): error TS2353: Object literal may only specify known properties, and 'name' does not exist in type 'CoordinationServiceAdapterConfig'.
src/interfaces/services/adapters/coordination-service-adapter.ts(1931,11): error TS2304: Cannot find name 'ServiceType'.
src/interfaces/services/adapters/coordination-service-adapter.ts(1933,15): error TS2304: Cannot find name 'ServicePriority'.
src/interfaces/services/adapters/coordination-service-adapter.ts(1934,18): error TS2304: Cannot find name 'ServiceEnvironment'.
src/interfaces/services/adapters/coordination-service-factory.ts(25,30): error TS2344: Type 'CoordinationServiceAdapterConfig' does not satisfy the constraint 'ServiceConfig'.
  Type 'CoordinationServiceAdapterConfig' is missing the following properties from type 'ServiceConfig': name, type
src/interfaces/services/adapters/coordination-service-factory.ts(39,9): error TS2416: Property 'create' in type 'CoordinationServiceFactory' is not assignable to the same property in base type 'IServiceFactory<CoordinationServiceAdapterConfig>'.
  Type '(config: CoordinationServiceAdapterConfig) => Promise<CoordinationServiceAdapter>' is not assignable to type '(config: CoordinationServiceAdapterConfig) => Promise<IService>'.
    Type 'Promise<CoordinationServiceAdapter>' is not assignable to type 'Promise<IService>'.
      Type 'CoordinationServiceAdapter' is not assignable to type 'IService'.
        Types of property 'updateConfig' are incompatible.
          Type '(config: Partial<CoordinationServiceAdapterConfig>) => Promise<void>' is not assignable to type '(config: Partial<ServiceConfig>) => Promise<void>'.
            Types of parameters 'config' and 'config' are incompatible.
              Type 'Partial<ServiceConfig>' is not assignable to type 'Partial<CoordinationServiceAdapterConfig>' with 'exactOptionalPropertyTypes: true'. Consider adding 'undefined' to the types of the target's properties.
                Types of property 'retry' are incompatible.
                  Type 'ServiceRetryConfig' is missing the following properties from type '{ enabled: boolean; maxAttempts: number; backoffMultiplier: number; retryableOperations: string[]; }': enabled, maxAttempts, backoffMultiplier, retryableOperations
src/interfaces/services/adapters/coordination-service-factory.ts(40,71): error TS2339: Property 'name' does not exist on type 'CoordinationServiceAdapterConfig'.
src/interfaces/services/adapters/coordination-service-factory.ts(43,35): error TS2339: Property 'name' does not exist on type 'CoordinationServiceAdapterConfig'.
src/interfaces/services/adapters/coordination-service-factory.ts(45,48): error TS2339: Property 'name' does not exist on type 'CoordinationServiceAdapterConfig'.
src/interfaces/services/adapters/coordination-service-factory.ts(47,40): error TS2339: Property 'name' does not exist on type 'CoordinationServiceAdapterConfig'.
src/interfaces/services/adapters/coordination-service-factory.ts(52,33): error TS2339: Property 'name' does not exist on type 'CoordinationServiceAdapterConfig'.
src/interfaces/services/adapters/coordination-service-factory.ts(54,85): error TS2339: Property 'name' does not exist on type 'CoordinationServiceAdapterConfig'.
src/interfaces/services/adapters/coordination-service-factory.ts(57,81): error TS2339: Property 'name' does not exist on type 'CoordinationServiceAdapterConfig'.
src/interfaces/services/adapters/coordination-service-factory.ts(67,9): error TS2416: Property 'createMultiple' in type 'CoordinationServiceFactory' is not assignable to the same property in base type 'IServiceFactory<CoordinationServiceAdapterConfig>'.
  Type '(configs: CoordinationServiceAdapterConfig[]) => Promise<CoordinationServiceAdapter[]>' is not assignable to type '(configs: CoordinationServiceAdapterConfig[]) => Promise<IService[]>'.
    Type 'Promise<CoordinationServiceAdapter[]>' is not assignable to type 'Promise<IService[]>'.
      Type 'CoordinationServiceAdapter[]' is not assignable to type 'IService[]'.
        Type 'CoordinationServiceAdapter' is not assignable to type 'IService'.
          Types of property 'updateConfig' are incompatible.
            Type '(config: Partial<CoordinationServiceAdapterConfig>) => Promise<void>' is not assignable to type '(config: Partial<ServiceConfig>) => Promise<void>'.
              Types of parameters 'config' and 'config' are incompatible.
                Type 'Partial<ServiceConfig>' is not assignable to type 'Partial<CoordinationServiceAdapterConfig>' with 'exactOptionalPropertyTypes: true'. Consider adding 'undefined' to the types of the target's properties.
                  Types of property 'retry' are incompatible.
                    Type 'ServiceRetryConfig' is missing the following properties from type '{ enabled: boolean; maxAttempts: number; backoffMultiplier: number; retryableOperations: string[]; }': enabled, maxAttempts, backoffMultiplier, retryableOperations
src/interfaces/services/adapters/coordination-service-factory.ts(79,83): error TS2339: Property 'name' does not exist on type 'CoordinationServiceAdapterConfig'.
src/interfaces/services/adapters/coordination-service-factory.ts(92,3): error TS2416: Property 'get' in type 'CoordinationServiceFactory' is not assignable to the same property in base type 'IServiceFactory<CoordinationServiceAdapterConfig>'.
  Type '(name: string) => CoordinationServiceAdapter | undefined' is not assignable to type '(name: string) => IService | undefined'.
    Type 'CoordinationServiceAdapter | undefined' is not assignable to type 'IService | undefined'.
      Type 'CoordinationServiceAdapter' is not assignable to type 'IService'.
        Types of property 'updateConfig' are incompatible.
          Type '(config: Partial<CoordinationServiceAdapterConfig>) => Promise<void>' is not assignable to type '(config: Partial<ServiceConfig>) => Promise<void>'.
            Types of parameters 'config' and 'config' are incompatible.
              Type 'Partial<ServiceConfig>' is not assignable to type 'Partial<CoordinationServiceAdapterConfig>' with 'exactOptionalPropertyTypes: true'. Consider adding 'undefined' to the types of the target's properties.
                Types of property 'retry' are incompatible.
                  Type 'ServiceRetryConfig' is missing the following properties from type '{ enabled: boolean; maxAttempts: number; backoffMultiplier: number; retryableOperations: string[]; }': enabled, maxAttempts, backoffMultiplier, retryableOperations
src/interfaces/services/adapters/coordination-service-factory.ts(99,3): error TS2416: Property 'list' in type 'CoordinationServiceFactory' is not assignable to the same property in base type 'IServiceFactory<CoordinationServiceAdapterConfig>'.
  Type '() => CoordinationServiceAdapter[]' is not assignable to type '() => IService[]'.
    Type 'CoordinationServiceAdapter[]' is not assignable to type 'IService[]'.
      Type 'CoordinationServiceAdapter' is not assignable to type 'IService'.
        Types of property 'updateConfig' are incompatible.
          Type '(config: Partial<CoordinationServiceAdapterConfig>) => Promise<void>' is not assignable to type '(config: Partial<ServiceConfig>) => Promise<void>'.
            Types of parameters 'config' and 'config' are incompatible.
              Type 'Partial<ServiceConfig>' is not assignable to type 'Partial<CoordinationServiceAdapterConfig>' with 'exactOptionalPropertyTypes: true'. Consider adding 'undefined' to the types of the target's properties.
                Types of property 'retry' are incompatible.
                  Type 'ServiceRetryConfig' is missing the following properties from type '{ enabled: boolean; maxAttempts: number; backoffMultiplier: number; retryableOperations: string[]; }': enabled, maxAttempts, backoffMultiplier, retryableOperations
src/interfaces/services/adapters/coordination-service-factory.ts(316,7): error TS2322: Type '"mesh" | "hierarchical" | "ring" | "star"' is not assignable to type 'SwarmTopology | undefined'.
  Type '"ring"' is not assignable to type 'SwarmTopology | undefined'.
src/interfaces/services/adapters/coordination-service-factory.ts(354,5): error TS2353: Object literal may only specify known properties, and 'type' does not exist in type 'Partial<CoordinationServiceAdapterConfig>'.
src/interfaces/services/adapters/coordination-service-factory.ts(398,5): error TS2353: Object literal may only specify known properties, and 'type' does not exist in type 'Partial<CoordinationServiceAdapterConfig>'.
src/interfaces/services/adapters/coordination-service-factory.ts(440,5): error TS2353: Object literal may only specify known properties, and 'type' does not exist in type 'Partial<CoordinationServiceAdapterConfig>'.
src/interfaces/services/adapters/coordination-service-factory.ts(489,7): error TS2353: Object literal may only specify known properties, and 'type' does not exist in type 'Partial<CoordinationServiceAdapterConfig>'.
src/interfaces/services/adapters/coordination-service-helpers.ts(30,23): error TS2323: Cannot redeclare exported variable 'createIntelligentAgent'.
src/interfaces/services/adapters/coordination-service-helpers.ts(89,23): error TS2323: Cannot redeclare exported variable 'createAgentBatch'.
src/interfaces/services/adapters/coordination-service-helpers.ts(156,23): error TS2323: Cannot redeclare exported variable 'optimizeAgentPerformance'.
src/interfaces/services/adapters/coordination-service-helpers.ts(244,23): error TS2323: Cannot redeclare exported variable 'createManagedSession'.
src/interfaces/services/adapters/coordination-service-helpers.ts(320,23): error TS2323: Cannot redeclare exported variable 'monitorSessionHealth'.
src/interfaces/services/adapters/coordination-service-helpers.ts(407,23): error TS2323: Cannot redeclare exported variable 'coordinateIntelligentSwarm'.
src/interfaces/services/adapters/coordination-service-helpers.ts(518,23): error TS2323: Cannot redeclare exported variable 'distributeSwarmTasks'.
src/interfaces/services/adapters/coordination-service-helpers.ts(607,11): error TS2532: Object is possibly 'undefined'.
src/interfaces/services/adapters/coordination-service-helpers.ts(655,23): error TS2323: Cannot redeclare exported variable 'analyzeCoordinationPerformance'.
src/interfaces/services/adapters/coordination-service-helpers.ts(852,25): error TS2532: Object is possibly 'undefined'.
src/interfaces/services/adapters/coordination-service-helpers.ts(860,51): error TS2532: Object is possibly 'undefined'.
src/interfaces/services/adapters/coordination-service-helpers.ts(861,57): error TS2532: Object is possibly 'undefined'.
src/interfaces/services/adapters/coordination-service-helpers.ts(871,52): error TS2532: Object is possibly 'undefined'.
src/interfaces/services/adapters/coordination-service-helpers.ts(875,5): error TS2532: Object is possibly 'undefined'.
src/interfaces/services/adapters/coordination-service-helpers.ts(875,30): error TS2532: Object is possibly 'undefined'.
src/interfaces/services/adapters/coordination-service-helpers.ts(884,52): error TS2532: Object is possibly 'undefined'.
src/interfaces/services/adapters/coordination-service-helpers.ts(888,29): error TS2345: Argument of type 'number | undefined' is not assignable to parameter of type 'number'.
  Type 'undefined' is not assignable to type 'number'.
src/interfaces/services/adapters/coordination-service-helpers.ts(1020,3): error TS2323: Cannot redeclare exported variable 'createIntelligentAgent'.
src/interfaces/services/adapters/coordination-service-helpers.ts(1020,3): error TS2484: Export declaration conflicts with exported declaration of 'createIntelligentAgent'.
src/interfaces/services/adapters/coordination-service-helpers.ts(1021,3): error TS2323: Cannot redeclare exported variable 'createAgentBatch'.
src/interfaces/services/adapters/coordination-service-helpers.ts(1021,3): error TS2484: Export declaration conflicts with exported declaration of 'createAgentBatch'.
src/interfaces/services/adapters/coordination-service-helpers.ts(1022,3): error TS2323: Cannot redeclare exported variable 'optimizeAgentPerformance'.
src/interfaces/services/adapters/coordination-service-helpers.ts(1022,3): error TS2484: Export declaration conflicts with exported declaration of 'optimizeAgentPerformance'.
src/interfaces/services/adapters/coordination-service-helpers.ts(1024,3): error TS2323: Cannot redeclare exported variable 'createManagedSession'.
src/interfaces/services/adapters/coordination-service-helpers.ts(1024,3): error TS2484: Export declaration conflicts with exported declaration of 'createManagedSession'.
src/interfaces/services/adapters/coordination-service-helpers.ts(1025,3): error TS2323: Cannot redeclare exported variable 'monitorSessionHealth'.
src/interfaces/services/adapters/coordination-service-helpers.ts(1025,3): error TS2484: Export declaration conflicts with exported declaration of 'monitorSessionHealth'.
src/interfaces/services/adapters/coordination-service-helpers.ts(1027,3): error TS2323: Cannot redeclare exported variable 'coordinateIntelligentSwarm'.
src/interfaces/services/adapters/coordination-service-helpers.ts(1027,3): error TS2484: Export declaration conflicts with exported declaration of 'coordinateIntelligentSwarm'.
src/interfaces/services/adapters/coordination-service-helpers.ts(1028,3): error TS2323: Cannot redeclare exported variable 'distributeSwarmTasks'.
src/interfaces/services/adapters/coordination-service-helpers.ts(1028,3): error TS2484: Export declaration conflicts with exported declaration of 'distributeSwarmTasks'.
src/interfaces/services/adapters/coordination-service-helpers.ts(1030,3): error TS2323: Cannot redeclare exported variable 'analyzeCoordinationPerformance'.
src/interfaces/services/adapters/coordination-service-helpers.ts(1030,3): error TS2484: Export declaration conflicts with exported declaration of 'analyzeCoordinationPerformance'.
src/interfaces/services/adapters/data-service-adapter.ts(49,18): error TS2430: Interface 'DataServiceAdapterConfig' incorrectly extends interface 'DataServiceConfig'.
  Types of property 'retry' are incompatible.
    Type '{ enabled: boolean; maxAttempts: number; backoffMultiplier: number; retryableOperations: string[]; }' is missing the following properties from type 'ServiceRetryConfig': attempts, delay, backoff
src/interfaces/services/adapters/data-service-adapter.ts(152,19): error TS2416: Property 'config' in type 'DataServiceAdapter' is not assignable to the same property in base type 'IService'.
  Type 'DataServiceAdapterConfig' is not assignable to type 'ServiceConfig' with 'exactOptionalPropertyTypes: true'. Consider adding 'undefined' to the types of the target's properties.
    Types of property 'retry' are incompatible.
      Type '{ enabled: boolean; maxAttempts: number; backoffMultiplier: number; retryableOperations: string[]; }' is missing the following properties from type 'ServiceRetryConfig': attempts, delay, backoff
src/interfaces/services/adapters/data-service-adapter.ts(167,29): error TS2304: Cannot find name 'DocumentService'.
src/interfaces/services/adapters/data-service-adapter.ts(245,9): error TS2416: Property 'initialize' in type 'DataServiceAdapter' is not assignable to the same property in base type 'IService'.
  Type '(config?: Partial<DataServiceAdapterConfig> | undefined) => Promise<void>' is not assignable to type '(config?: Partial<ServiceConfig> | undefined) => Promise<void>'.
    Types of parameters 'config' and 'config' are incompatible.
      Type 'Partial<ServiceConfig> | undefined' is not assignable to type 'Partial<DataServiceAdapterConfig> | undefined'.
        Type 'Partial<ServiceConfig>' is not assignable to type 'Partial<DataServiceAdapterConfig>' with 'exactOptionalPropertyTypes: true'. Consider adding 'undefined' to the types of the target's properties.
          Types of property 'retry' are incompatible.
            Type 'ServiceRetryConfig' is missing the following properties from type '{ enabled: boolean; maxAttempts: number; backoffMultiplier: number; retryableOperations: string[]; }': enabled, maxAttempts, backoffMultiplier, retryableOperations
src/interfaces/services/adapters/data-service-adapter.ts(278,36): error TS2304: Cannot find name 'DocumentService'.
src/interfaces/services/adapters/data-service-adapter.ts(335,19): error TS2304: Cannot find name 'ServiceDependencyError'.
src/interfaces/services/adapters/data-service-adapter.ts(397,7): error TS2412: Type 'undefined' is not assignable to type 'WebDataService' with 'exactOptionalPropertyTypes: true'. Consider adding 'undefined' to the type of the target.
src/interfaces/services/adapters/data-service-adapter.ts(579,9): error TS2416: Property 'updateConfig' in type 'DataServiceAdapter' is not assignable to the same property in base type 'IService'.
  Type '(config: Partial<DataServiceAdapterConfig>) => Promise<void>' is not assignable to type '(config: Partial<ServiceConfig>) => Promise<void>'.
    Types of parameters 'config' and 'config' are incompatible.
      Type 'Partial<ServiceConfig>' is not assignable to type 'Partial<DataServiceAdapterConfig>' with 'exactOptionalPropertyTypes: true'. Consider adding 'undefined' to the types of the target's properties.
        Types of property 'retry' are incompatible.
          Type 'ServiceRetryConfig' is missing the following properties from type '{ enabled: boolean; maxAttempts: number; backoffMultiplier: number; retryableOperations: string[]; }': enabled, maxAttempts, backoffMultiplier, retryableOperations
src/interfaces/services/adapters/data-service-adapter.ts(605,9): error TS2416: Property 'validateConfig' in type 'DataServiceAdapter' is not assignable to the same property in base type 'IService'.
  Type '(config: DataServiceAdapterConfig) => Promise<boolean>' is not assignable to type '(config: ServiceConfig) => Promise<boolean>'.
    Types of parameters 'config' and 'config' are incompatible.
      Type 'ServiceConfig' is not assignable to type 'DataServiceAdapterConfig' with 'exactOptionalPropertyTypes: true'. Consider adding 'undefined' to the types of the target's properties.
        Types of property 'retry' are incompatible.
          Type 'ServiceRetryConfig' is missing the following properties from type '{ enabled: boolean; maxAttempts: number; backoffMultiplier: number; retryableOperations: string[]; }': enabled, maxAttempts, backoffMultiplier, retryableOperations
src/interfaces/services/adapters/data-service-adapter.ts(720,19): error TS2304: Cannot find name 'ServiceOperationError'.
src/interfaces/services/adapters/data-service-adapter.ts(726,37): error TS2304: Cannot find name 'ServiceTimeoutError'.
src/interfaces/services/adapters/data-service-adapter.ts(782,34): error TS2304: Cannot find name 'ServiceError'.
src/interfaces/services/adapters/data-service-adapter.ts(782,49): error TS18046: 'error' is of type 'unknown'.
src/interfaces/services/adapters/data-service-adapter.ts(783,20): error TS18046: 'error' is of type 'unknown'.
src/interfaces/services/adapters/data-service-adapter.ts(785,18): error TS18046: 'error' is of type 'unknown'.
src/interfaces/services/adapters/data-service-adapter.ts(813,11): error TS2375: Type '{ type: ServiceEventType; serviceName: string; timestamp: Date; data: any; error: Error | undefined; }' is not assignable to type 'ServiceEvent' with 'exactOptionalPropertyTypes: true'. Consider adding 'undefined' to the types of the target's properties.
  Types of property 'error' are incompatible.
    Type 'Error | undefined' is not assignable to type 'Error'.
      Type 'undefined' is not assignable to type 'Error'.
src/interfaces/services/adapters/data-service-adapter.ts(1057,19): error TS2304: Cannot find name 'ServiceOperationError'.
src/interfaces/services/adapters/data-service-adapter.ts(1248,25): error TS2683: 'this' implicitly has type 'any' because it does not have a type annotation.
src/interfaces/services/adapters/data-service-adapter.ts(1337,25): error TS2532: Object is possibly 'undefined'.
src/interfaces/services/adapters/data-service-adapter.ts(1357,26): error TS2304: Cannot find name 'ServiceTimeoutError'.
src/interfaces/services/adapters/data-service-adapter.ts(1483,11): error TS2304: Cannot find name 'ServiceType'.
src/interfaces/services/adapters/data-service-adapter.ts(1485,15): error TS2304: Cannot find name 'ServicePriority'.
src/interfaces/services/adapters/data-service-adapter.ts(1486,18): error TS2304: Cannot find name 'ServiceEnvironment'.
src/interfaces/services/adapters/data-service-factory.ts(72,60): error TS2344: Type 'DataServiceAdapterConfig' does not satisfy the constraint 'ServiceConfig'.
  Types of property 'retry' are incompatible.
    Type '{ enabled: boolean; maxAttempts: number; backoffMultiplier: number; retryableOperations: string[]; }' is missing the following properties from type 'ServiceRetryConfig': attempts, delay, backoff
src/interfaces/services/adapters/data-service-factory.ts(165,7): error TS2322: Type 'DataServiceAdapter' is not assignable to type 'IService'.
  The types of 'config.retry' are incompatible between these types.
    Type '{ enabled: boolean; maxAttempts: number; backoffMultiplier: number; retryableOperations: string[]; }' is missing the following properties from type 'ServiceRetryConfig': attempts, delay, backoff
src/interfaces/services/adapters/data-service-factory.ts(193,52): error TS18048: 'config' is possibly 'undefined'.
src/interfaces/services/adapters/data-service-factory.ts(214,5): error TS2322: Type 'DataServiceAdapter | undefined' is not assignable to type 'IService | undefined'.
  Type 'DataServiceAdapter' is not assignable to type 'IService'.
    The types of 'config.retry' are incompatible between these types.
      Type '{ enabled: boolean; maxAttempts: number; backoffMultiplier: number; retryableOperations: string[]; }' is missing the following properties from type 'ServiceRetryConfig': attempts, delay, backoff
src/interfaces/services/adapters/data-service-factory.ts(221,5): error TS2322: Type 'DataServiceAdapter[]' is not assignable to type 'IService[]'.
  Type 'DataServiceAdapter' is not assignable to type 'IService'.
    The types of 'config.retry' are incompatible between these types.
      Type '{ enabled: boolean; maxAttempts: number; backoffMultiplier: number; retryableOperations: string[]; }' is missing the following properties from type 'ServiceRetryConfig': attempts, delay, backoff
src/interfaces/services/adapters/data-service-factory.ts(269,13): error TS2304: Cannot find name 'ServiceType'.
src/interfaces/services/adapters/data-service-factory.ts(269,31): error TS2304: Cannot find name 'ServiceType'.
src/interfaces/services/adapters/data-service-factory.ts(269,53): error TS2304: Cannot find name 'ServiceType'.
src/interfaces/services/adapters/data-service-factory.ts(561,13): error TS2304: Cannot find name 'ServiceType'.
src/interfaces/services/adapters/data-service-factory.ts(574,21): error TS2352: Conversion of type 'IService' to type 'DataServiceAdapter' may be a mistake because neither type sufficiently overlaps with the other. If this was intentional, convert the expression to 'unknown' first.
  Type 'IService' is missing the following properties from type 'DataServiceAdapter': lifecycleStatus, eventEmitter, logger, operationCount, and 43 more.
src/interfaces/services/adapters/data-service-factory.ts(592,13): error TS2304: Cannot find name 'ServiceType'.
src/interfaces/services/adapters/data-service-factory.ts(605,21): error TS2352: Conversion of type 'IService' to type 'DataServiceAdapter' may be a mistake because neither type sufficiently overlaps with the other. If this was intentional, convert the expression to 'unknown' first.
  Type 'IService' is missing the following properties from type 'DataServiceAdapter': lifecycleStatus, eventEmitter, logger, operationCount, and 43 more.
src/interfaces/services/adapters/data-service-factory.ts(623,13): error TS2304: Cannot find name 'ServiceType'.
src/interfaces/services/adapters/data-service-factory.ts(652,21): error TS2352: Conversion of type 'IService' to type 'DataServiceAdapter' may be a mistake because neither type sufficiently overlaps with the other. If this was intentional, convert the expression to 'unknown' first.
  Type 'IService' is missing the following properties from type 'DataServiceAdapter': lifecycleStatus, eventEmitter, logger, operationCount, and 43 more.
src/interfaces/services/adapters/data-service-factory.ts(696,7): error TS2375: Type '{ enabled?: boolean; mockData?: boolean; cacheResponses?: boolean; cacheTTL?: number; }' is not assignable to type '{ enabled: boolean; mockData?: boolean; cacheResponses?: boolean; cacheTTL?: number; }' with 'exactOptionalPropertyTypes: true'. Consider adding 'undefined' to the types of the target's properties.
  Property 'enabled' is optional in type '{ enabled?: boolean; mockData?: boolean; cacheResponses?: boolean; cacheTTL?: number; }' but required in type '{ enabled: boolean; mockData?: boolean; cacheResponses?: boolean; cacheTTL?: number; }'.
src/interfaces/services/adapters/data-service-factory.ts(700,7): error TS2375: Type '{ enabled?: boolean; databaseType?: "postgresql" | "sqlite" | "mysql"; autoInitialize?: boolean; searchIndexing?: boolean; }' is not assignable to type '{ enabled: boolean; databaseType?: "postgresql" | "sqlite" | "mysql"; autoInitialize?: boolean; searchIndexing?: boolean; }' with 'exactOptionalPropertyTypes: true'. Consider adding 'undefined' to the types of the target's properties.
  Property 'enabled' is optional in type '{ enabled?: boolean; databaseType?: "postgresql" | "sqlite" | "mysql"; autoInitialize?: boolean; searchIndexing?: boolean; }' but required in type '{ enabled: boolean; databaseType?: "postgresql" | "sqlite" | "mysql"; autoInitialize?: boolean; searchIndexing?: boolean; }'.
src/interfaces/services/adapters/data-service-factory.ts(790,21): error TS2769: No overload matches this call.
  Overload 1 of 2, '(timeout: string | number | Timeout | undefined): void', gave the following error.
    Argument of type 'Timer' is not assignable to parameter of type 'string | number | Timeout | undefined'.
      Type 'Timer' is missing the following properties from type 'Timeout': close, _onTimeout, [Symbol.dispose]
  Overload 2 of 2, '(id: number | undefined): void', gave the following error.
    Argument of type 'Timer' is not assignable to parameter of type 'number'.
src/interfaces/services/adapters/data-service-factory.ts(791,7): error TS2412: Type 'undefined' is not assignable to type 'Timer' with 'exactOptionalPropertyTypes: true'. Consider adding 'undefined' to the type of the target.
src/interfaces/services/adapters/data-service-factory.ts(795,21): error TS2769: No overload matches this call.
  Overload 1 of 2, '(timeout: string | number | Timeout | undefined): void', gave the following error.
    Argument of type 'Timer' is not assignable to parameter of type 'string | number | Timeout | undefined'.
      Type 'Timer' is missing the following properties from type 'Timeout': close, _onTimeout, [Symbol.dispose]
  Overload 2 of 2, '(id: number | undefined): void', gave the following error.
    Argument of type 'Timer' is not assignable to parameter of type 'number'.
src/interfaces/services/adapters/data-service-factory.ts(796,7): error TS2412: Type 'undefined' is not assignable to type 'Timer' with 'exactOptionalPropertyTypes: true'. Consider adding 'undefined' to the type of the target.
src/interfaces/services/adapters/data-service-helpers.ts(142,7): error TS2375: Type '{ success: boolean; data: SystemStatusData | undefined; error: string | undefined; metadata: { operation: string; timestamp: Date; duration: number; cached: boolean; retryCount: number; }; }' is not assignable to type 'DataOperationResult<SystemStatusData>' with 'exactOptionalPropertyTypes: true'. Consider adding 'undefined' to the types of the target's properties.
  Types of property 'data' are incompatible.
    Type 'SystemStatusData | undefined' is not assignable to type 'SystemStatusData'.
      Type 'undefined' is not assignable to type 'SystemStatusData'.
src/interfaces/services/adapters/data-service-helpers.ts(209,9): error TS2322: Type '{ overall: "healthy" | "unknown" | "degraded" | "unhealthy"; components: { name: string; status: string; lastCheck: Date; }[]; metrics: { uptime: number; responseTime: any; errorRate: number; }; }' is not assignable to type '{ overall: "healthy" | "degraded" | "unhealthy"; components: { name: string; status: string; lastCheck: Date; }[]; metrics: { uptime: number; responseTime: number; errorRate: number; }; }'.
  Types of property 'overall' are incompatible.
    Type '"healthy" | "unknown" | "degraded" | "unhealthy"' is not assignable to type '"healthy" | "degraded" | "unhealthy"'.
      Type '"unknown"' is not assignable to type '"healthy" | "degraded" | "unhealthy"'.
src/interfaces/services/adapters/data-service-helpers.ts(248,9): error TS2375: Type '{ success: false; error: string | undefined; metadata: { operation: string; timestamp: Date; duration: number; cached: boolean; retryCount: number; }; }' is not assignable to type 'DataOperationResult<SwarmData[]>' with 'exactOptionalPropertyTypes: true'. Consider adding 'undefined' to the types of the target's properties.
  Types of property 'error' are incompatible.
    Type 'string | undefined' is not assignable to type 'string'.
      Type 'undefined' is not assignable to type 'string'.
src/interfaces/services/adapters/data-service-helpers.ts(311,7): error TS2375: Type '{ success: boolean; data: SwarmData | undefined; error: string | undefined; metadata: { operation: string; timestamp: Date; duration: number; cached: boolean; retryCount: number; }; }' is not assignable to type 'DataOperationResult<SwarmData>' with 'exactOptionalPropertyTypes: true'. Consider adding 'undefined' to the types of the target's properties.
  Types of property 'data' are incompatible.
    Type 'SwarmData | undefined' is not assignable to type 'SwarmData'.
      Type 'undefined' is not assignable to type 'SwarmData'.
src/interfaces/services/adapters/data-service-helpers.ts(402,9): error TS2375: Type '{ success: false; error: string | undefined; metadata: { operation: string; timestamp: Date; duration: number; cached: boolean; retryCount: number; }; }' is not assignable to type 'DataOperationResult<TaskData[]>' with 'exactOptionalPropertyTypes: true'. Consider adding 'undefined' to the types of the target's properties.
  Types of property 'error' are incompatible.
    Type 'string | undefined' is not assignable to type 'string'.
      Type 'undefined' is not assignable to type 'string'.
src/interfaces/services/adapters/data-service-helpers.ts(476,7): error TS2375: Type '{ success: boolean; data: TaskData | undefined; error: string | undefined; metadata: { operation: string; timestamp: Date; duration: number; cached: boolean; retryCount: number; }; }' is not assignable to type 'DataOperationResult<TaskData>' with 'exactOptionalPropertyTypes: true'. Consider adding 'undefined' to the types of the target's properties.
  Types of property 'data' are incompatible.
    Type 'TaskData | undefined' is not assignable to type 'TaskData'.
      Type 'undefined' is not assignable to type 'TaskData'.
src/interfaces/services/adapters/data-service-helpers.ts(521,13): error TS2375: Type '{ searchType: "fulltext" | "semantic" | "keyword" | "combined"; query: string; documentTypes: DocumentType[] | undefined; projectId: string | undefined; limit: number; includeContent: boolean; }' is not assignable to type 'DocumentSearchOptions' with 'exactOptionalPropertyTypes: true'. Consider adding 'undefined' to the types of the target's properties.
  Types of property 'documentTypes' are incompatible.
    Type 'DocumentType[] | undefined' is not assignable to type 'DocumentType[]'.
      Type 'undefined' is not assignable to type 'DocumentType[]'.
src/interfaces/services/adapters/data-service-helpers.ts(532,7): error TS2375: Type '{ success: boolean; data: any; error: string | undefined; metadata: { operation: string; timestamp: Date; duration: number; cached: boolean; retryCount: number; }; }' is not assignable to type 'DataOperationResult<{ documents: T[]; total: number; searchMetadata: any; }>' with 'exactOptionalPropertyTypes: true'. Consider adding 'undefined' to the types of the target's properties.
  Types of property 'error' are incompatible.
    Type 'string | undefined' is not assignable to type 'string'.
      Type 'undefined' is not assignable to type 'string'.
src/interfaces/services/adapters/data-service-helpers.ts(603,11): error TS2322: Type '(ServiceOperationResponse<any> | { success: boolean; error: any; })[]' is not assignable to type '{ success: boolean; data?: any; error?: string; }[]'.
  Type 'ServiceOperationResponse<any> | { success: boolean; error: any; }' is not assignable to type '{ success: boolean; data?: any; error?: string; }'.
    Type 'ServiceOperationResponse<any>' is not assignable to type '{ success: boolean; data?: any; error?: string; }' with 'exactOptionalPropertyTypes: true'. Consider adding 'undefined' to the types of the target's properties.
      Types of property 'error' are incompatible.
        Type '{ code: string; message: string; details?: any; stack?: string; }' is not assignable to type 'string'.
src/interfaces/services/adapters/data-service-helpers.ts(660,7): error TS2375: Type '{ success: boolean; data: any[]; error: string | undefined; metadata: { operation: string; timestamp: Date; duration: number; cached: boolean; retryCount: number; }; }' is not assignable to type 'DataOperationResult<any[]>' with 'exactOptionalPropertyTypes: true'. Consider adding 'undefined' to the types of the target's properties.
  Types of property 'error' are incompatible.
    Type 'string | undefined' is not assignable to type 'string'.
      Type 'undefined' is not assignable to type 'string'.
src/interfaces/services/adapters/data-service-helpers.ts(910,14): error TS18046: 'items' is of type 'unknown'.
src/interfaces/services/adapters/data-service-helpers.ts(927,46): error TS18046: 'items' is of type 'unknown'.
src/interfaces/services/adapters/index.ts(70,3): error TS2300: Duplicate identifier 'DataOperationResult'.
src/interfaces/services/adapters/index.ts(76,8): error TS2300: Duplicate identifier 'DataOperationResult'.
src/interfaces/services/adapters/index.ts(82,3): error TS2300: Duplicate identifier 'createDefaultInfrastructureServiceAdapterConfig'.
src/interfaces/services/adapters/index.ts(83,3): error TS2300: Duplicate identifier 'createDefaultInfrastructureServiceAdapterConfig'.
src/interfaces/services/adapters/index.ts(84,3): error TS2300: Duplicate identifier 'createInfrastructureServiceAdapter'.
src/interfaces/services/adapters/index.ts(85,3): error TS2300: Duplicate identifier 'createInfrastructureServiceAdapter'.
src/interfaces/services/adapters/index.ts(138,59): error TS2345: Argument of type 'DataServiceFactory' is not assignable to parameter of type 'IServiceFactory<ServiceConfig>'.
  Types of property 'create' are incompatible.
    Type '(config: DataServiceAdapterConfig) => Promise<IService>' is not assignable to type '(config: ServiceConfig) => Promise<IService>'.
      Types of parameters 'config' and 'config' are incompatible.
        Type 'ServiceConfig' is not assignable to type 'DataServiceAdapterConfig' with 'exactOptionalPropertyTypes: true'. Consider adding 'undefined' to the types of the target's properties.
          Types of property 'retry' are incompatible.
            Type 'ServiceRetryConfig' is missing the following properties from type '{ enabled: boolean; maxAttempts: number; backoffMultiplier: number; retryableOperations: string[]; }': enabled, maxAttempts, backoffMultiplier, retryableOperations
src/interfaces/services/adapters/index.ts(139,63): error TS2345: Argument of type 'DataServiceFactory' is not assignable to parameter of type 'IServiceFactory<ServiceConfig>'.
  Types of property 'create' are incompatible.
    Type '(config: DataServiceAdapterConfig) => Promise<IService>' is not assignable to type '(config: ServiceConfig) => Promise<IService>'.
      Types of parameters 'config' and 'config' are incompatible.
        Type 'ServiceConfig' is not assignable to type 'DataServiceAdapterConfig' with 'exactOptionalPropertyTypes: true'. Consider adding 'undefined' to the types of the target's properties.
          Types of property 'retry' are incompatible.
            Type 'ServiceRetryConfig' is missing the following properties from type '{ enabled: boolean; maxAttempts: number; backoffMultiplier: number; retryableOperations: string[]; }': enabled, maxAttempts, backoffMultiplier, retryableOperations
src/interfaces/services/adapters/index.ts(140,63): error TS2345: Argument of type 'DataServiceFactory' is not assignable to parameter of type 'IServiceFactory<ServiceConfig>'.
  Types of property 'create' are incompatible.
    Type '(config: DataServiceAdapterConfig) => Promise<IService>' is not assignable to type '(config: ServiceConfig) => Promise<IService>'.
      Types of parameters 'config' and 'config' are incompatible.
        Type 'ServiceConfig' is not assignable to type 'DataServiceAdapterConfig' with 'exactOptionalPropertyTypes: true'. Consider adding 'undefined' to the types of the target's properties.
          Types of property 'retry' are incompatible.
            Type 'ServiceRetryConfig' is missing the following properties from type '{ enabled: boolean; maxAttempts: number; backoffMultiplier: number; retryableOperations: string[]; }': enabled, maxAttempts, backoffMultiplier, retryableOperations
src/interfaces/services/adapters/index.ts(164,67): error TS2345: Argument of type 'CoordinationServiceFactory' is not assignable to parameter of type 'IServiceFactory<ServiceConfig>'.
  Type 'CoordinationServiceFactory' is missing the following properties from type 'IServiceFactory<ServiceConfig>': getServicesByType, validateConfig, getConfigSchema
src/interfaces/services/adapters/index.ts(165,58): error TS2345: Argument of type 'CoordinationServiceFactory' is not assignable to parameter of type 'IServiceFactory<ServiceConfig>'.
  Type 'CoordinationServiceFactory' is missing the following properties from type 'IServiceFactory<ServiceConfig>': getServicesByType, validateConfig, getConfigSchema
src/interfaces/services/adapters/index.ts(166,71): error TS2345: Argument of type 'CoordinationServiceFactory' is not assignable to parameter of type 'IServiceFactory<ServiceConfig>'.
  Type 'CoordinationServiceFactory' is missing the following properties from type 'IServiceFactory<ServiceConfig>': getServicesByType, validateConfig, getConfigSchema
src/interfaces/services/adapters/index.ts(194,58): error TS2345: Argument of type 'IntegrationServiceFactory' is not assignable to parameter of type 'IServiceFactory<ServiceConfig>'.
  Type 'IntegrationServiceFactory' is missing the following properties from type 'IServiceFactory<ServiceConfig>': createMultiple, get, list, has, and 10 more.
src/interfaces/services/adapters/index.ts(195,63): error TS2345: Argument of type 'IntegrationServiceFactory' is not assignable to parameter of type 'IServiceFactory<ServiceConfig>'.
  Type 'IntegrationServiceFactory' is missing the following properties from type 'IServiceFactory<ServiceConfig>': createMultiple, get, list, has, and 10 more.
src/interfaces/services/adapters/index.ts(198,5): error TS2345: Argument of type 'IntegrationServiceFactory' is not assignable to parameter of type 'IServiceFactory<ServiceConfig>'.
  Type 'IntegrationServiceFactory' is missing the following properties from type 'IServiceFactory<ServiceConfig>': createMultiple, get, list, has, and 10 more.
src/interfaces/services/adapters/index.ts(228,69): error TS2345: Argument of type 'InfrastructureServiceFactory' is not assignable to parameter of type 'IServiceFactory<ServiceConfig>'.
  Type 'InfrastructureServiceFactory' is missing the following properties from type 'IServiceFactory<ServiceConfig>': create, createMultiple, get, list, and 12 more.
src/interfaces/services/adapters/index.ts(229,61): error TS2345: Argument of type 'InfrastructureServiceFactory' is not assignable to parameter of type 'IServiceFactory<ServiceConfig>'.
  Type 'InfrastructureServiceFactory' is missing the following properties from type 'IServiceFactory<ServiceConfig>': create, createMultiple, get, list, and 12 more.
src/interfaces/services/adapters/index.ts(230,65): error TS2345: Argument of type 'InfrastructureServiceFactory' is not assignable to parameter of type 'IServiceFactory<ServiceConfig>'.
  Type 'InfrastructureServiceFactory' is missing the following properties from type 'IServiceFactory<ServiceConfig>': create, createMultiple, get, list, and 12 more.
src/interfaces/services/adapters/index.ts(242,3): error TS18004: No value exists in scope for the shorthand property 'DataServiceAdapter'. Either declare one or provide an initializer.
src/interfaces/services/adapters/index.ts(243,3): error TS18004: No value exists in scope for the shorthand property 'DataServiceFactory'. Either declare one or provide an initializer.
src/interfaces/services/adapters/index.ts(244,3): error TS18004: No value exists in scope for the shorthand property 'DataServiceHelper'. Either declare one or provide an initializer.
src/interfaces/services/adapters/index.ts(245,3): error TS18004: No value exists in scope for the shorthand property 'DataServiceUtils'. Either declare one or provide an initializer.
src/interfaces/services/adapters/index.ts(248,3): error TS18004: No value exists in scope for the shorthand property 'CoordinationServiceAdapter'. Either declare one or provide an initializer.
src/interfaces/services/adapters/index.ts(249,3): error TS18004: No value exists in scope for the shorthand property 'CoordinationServiceFactory'. Either declare one or provide an initializer.
src/interfaces/services/adapters/index.ts(252,3): error TS18004: No value exists in scope for the shorthand property 'IntegrationServiceAdapter'. Either declare one or provide an initializer.
src/interfaces/services/adapters/index.ts(253,3): error TS18004: No value exists in scope for the shorthand property 'IntegrationServiceFactory'. Either declare one or provide an initializer.
src/interfaces/services/adapters/index.ts(256,3): error TS18004: No value exists in scope for the shorthand property 'InfrastructureServiceAdapter'. Either declare one or provide an initializer.
src/interfaces/services/adapters/index.ts(257,3): error TS18004: No value exists in scope for the shorthand property 'InfrastructureServiceFactory'. Either declare one or provide an initializer.
src/interfaces/services/adapters/infrastructure-service-adapter.ts(483,19): error TS2304: Cannot find name 'ServiceDependencyError'.
src/interfaces/services/adapters/infrastructure-service-adapter.ts(561,7): error TS2412: Type 'undefined' is not assignable to type 'ClaudeZenFacade' with 'exactOptionalPropertyTypes: true'. Consider adding 'undefined' to the type of the target.
src/interfaces/services/adapters/infrastructure-service-adapter.ts(562,7): error TS2412: Type 'undefined' is not assignable to type 'IntegratedPatternSystem' with 'exactOptionalPropertyTypes: true'. Consider adding 'undefined' to the type of the target.
src/interfaces/services/adapters/infrastructure-service-adapter.ts(563,7): error TS2412: Type 'undefined' is not assignable to type 'IntegrationConfig' with 'exactOptionalPropertyTypes: true'. Consider adding 'undefined' to the type of the target.
src/interfaces/services/adapters/infrastructure-service-adapter.ts(682,9): error TS2322: Type '{ cpu: number; memory: number; network: number; storage: number; }' is not assignable to type 'number'.
src/interfaces/services/adapters/infrastructure-service-adapter.ts(975,19): error TS2304: Cannot find name 'ServiceOperationError'.
src/interfaces/services/adapters/infrastructure-service-adapter.ts(980,19): error TS2304: Cannot find name 'ServiceOperationError'.
src/interfaces/services/adapters/infrastructure-service-adapter.ts(986,37): error TS2304: Cannot find name 'ServiceTimeoutError'.
src/interfaces/services/adapters/infrastructure-service-adapter.ts(1055,34): error TS2304: Cannot find name 'ServiceError'.
src/interfaces/services/adapters/infrastructure-service-adapter.ts(1055,49): error TS18046: 'error' is of type 'unknown'.
src/interfaces/services/adapters/infrastructure-service-adapter.ts(1056,20): error TS18046: 'error' is of type 'unknown'.
src/interfaces/services/adapters/infrastructure-service-adapter.ts(1058,18): error TS18046: 'error' is of type 'unknown'.
src/interfaces/services/adapters/infrastructure-service-adapter.ts(1086,11): error TS2375: Type '{ type: ServiceEventType; serviceName: string; timestamp: Date; data: any; error: Error | undefined; }' is not assignable to type 'ServiceEvent' with 'exactOptionalPropertyTypes: true'. Consider adding 'undefined' to the types of the target's properties.
  Types of property 'error' are incompatible.
    Type 'Error | undefined' is not assignable to type 'Error'.
      Type 'undefined' is not assignable to type 'Error'.
src/interfaces/services/adapters/infrastructure-service-adapter.ts(1281,19): error TS2304: Cannot find name 'ServiceOperationError'.
src/interfaces/services/adapters/infrastructure-service-adapter.ts(1311,32): error TS2339: Property 'uptime' does not exist on type 'SystemStatus'.
src/interfaces/services/adapters/infrastructure-service-adapter.ts(1343,16): error TS18046: 'error' is of type 'unknown'.
src/interfaces/services/adapters/infrastructure-service-adapter.ts(1539,24): error TS18048: 'selectedService' is possibly 'undefined'.
src/interfaces/services/adapters/infrastructure-service-adapter.ts(1565,12): error TS2532: Object is possibly 'undefined'.
src/interfaces/services/adapters/infrastructure-service-adapter.ts(1653,26): error TS2532: Object is possibly 'undefined'.
src/interfaces/services/adapters/infrastructure-service-adapter.ts(1697,13): error TS2532: Object is possibly 'undefined'.
src/interfaces/services/adapters/infrastructure-service-adapter.ts(1780,49): error TS2532: Object is possibly 'undefined'.
src/interfaces/services/adapters/infrastructure-service-adapter.ts(1931,36): error TS2322: Type 'Promise<{ success: true; coordination: { strategy: string; participants: never[]; result: { success: boolean; metrics: { latency: number; throughput: number; reliability: number; resourceUsage: { cpu: number; memory: number; network: number; storage: number; }; }; }; }; }>' is not assignable to type 'Promise<CoordinationResult>'.
  Type '{ success: true; coordination: { strategy: string; participants: never[]; result: { success: boolean; metrics: { latency: number; throughput: number; reliability: number; resourceUsage: { cpu: number; memory: number; network: number; storage: number; }; }; }; }; }' is missing the following properties from type 'CoordinationResult': topology, performance, latency
src/interfaces/services/adapters/infrastructure-service-adapter.ts(2121,11): error TS2375: Type '{ version: string; config: any; timestamp: Date; hash: string; description: string | undefined; }' is not assignable to type 'ConfigurationVersion' with 'exactOptionalPropertyTypes: true'. Consider adding 'undefined' to the types of the target's properties.
  Types of property 'description' are incompatible.
    Type 'string | undefined' is not assignable to type 'string'.
      Type 'undefined' is not assignable to type 'string'.
src/interfaces/services/adapters/infrastructure-service-adapter.ts(2287,19): error TS2532: Object is possibly 'undefined'.
src/interfaces/services/adapters/infrastructure-service-adapter.ts(2357,26): error TS18048: 'recent' is possibly 'undefined'.
src/interfaces/services/adapters/infrastructure-service-adapter.ts(2357,39): error TS18048: 'recent' is possibly 'undefined'.
src/interfaces/services/adapters/infrastructure-service-adapter.ts(2357,55): error TS18048: 'recent' is possibly 'undefined'.
src/interfaces/services/adapters/infrastructure-service-adapter.ts(2357,72): error TS18048: 'recent' is possibly 'undefined'.
src/interfaces/services/adapters/infrastructure-service-adapter.ts(2358,27): error TS18048: 'previous' is possibly 'undefined'.
src/interfaces/services/adapters/infrastructure-service-adapter.ts(2358,42): error TS18048: 'previous' is possibly 'undefined'.
src/interfaces/services/adapters/infrastructure-service-adapter.ts(2358,60): error TS18048: 'previous' is possibly 'undefined'.
src/interfaces/services/adapters/infrastructure-service-adapter.ts(2358,79): error TS18048: 'previous' is possibly 'undefined'.
src/interfaces/services/adapters/infrastructure-service-adapter.ts(2504,11): error TS2304: Cannot find name 'ServiceType'.
src/interfaces/services/adapters/infrastructure-service-adapter.ts(2506,15): error TS2304: Cannot find name 'ServicePriority'.
src/interfaces/services/adapters/infrastructure-service-adapter.ts(2507,18): error TS2304: Cannot find name 'ServiceEnvironment'.
src/interfaces/services/adapters/infrastructure-service-factory.ts(617,30): error TS4111: Property 'NODE_ENV' comes from an index signature, so it must be accessed with ['NODE_ENV'].
src/interfaces/services/adapters/infrastructure-service-factory.ts(709,25): error TS2304: Cannot find name 'ServiceEventType'.
src/interfaces/services/adapters/infrastructure-service-factory.ts(871,3): error TS2484: Export declaration conflicts with exported declaration of 'InfrastructureServiceFactoryConfig'.
src/interfaces/services/adapters/infrastructure-service-factory.ts(872,3): error TS2484: Export declaration conflicts with exported declaration of 'CreateServiceOptions'.
src/interfaces/services/adapters/infrastructure-service-helpers.ts(315,5): error TS2353: Object literal may only specify known properties, and 'priority' does not exist in type 'ServiceOperationOptions'.
src/interfaces/services/adapters/infrastructure-service-helpers.ts(364,54): error TS2339: Property 'operation' does not exist on type 'ServiceEvent'.
src/interfaces/services/adapters/infrastructure-service-helpers.ts(402,9): error TS6133: '_cacheKey' is declared but its value is never read.
src/interfaces/services/adapters/infrastructure-service-helpers.ts(570,11): error TS6133: '_currentStats' is declared but its value is never read.
src/interfaces/services/adapters/infrastructure-service-helpers.ts(752,9): error TS2322: Type 'string | undefined' is not assignable to type 'string'.
  Type 'undefined' is not assignable to type 'string'.
src/interfaces/services/adapters/infrastructure-service-helpers.ts(896,7): error TS2741: Property 'enabled' is missing in type '{ mockServices: false; }' but required in type '{ enabled: boolean; autoInitialize?: boolean; enableCaching?: boolean; enableMetrics?: boolean; enableHealthChecks?: boolean; systemStatusInterval?: number; mockServices?: boolean; enableBatchOperations?: boolean; }'.
src/interfaces/services/adapters/infrastructure-service-helpers.ts(897,7): error TS2741: Property 'enabled' is missing in type '{ configProfile: "production"; }' but required in type '{ enabled: boolean; configProfile?: "development" | "production" | "default"; enableEventSystem?: boolean; enableCommandSystem?: boolean; enableProtocolSystem?: boolean; enableAgentSystem?: boolean; maxAgents?: number; enableAutoOptimization?: boolean; }'.
src/interfaces/services/adapters/infrastructure-service-helpers.ts(1055,16): error TS18048: 'operation' is possibly 'undefined'.
src/interfaces/services/adapters/infrastructure-service-helpers.ts(1055,37): error TS18048: 'operation' is possibly 'undefined'.
src/interfaces/services/adapters/infrastructure-service-helpers.ts(1057,9): error TS2375: Type '{ success: boolean; data: any; error: Error | undefined; }' is not assignable to type '{ success: boolean; data?: T; error?: Error; }' with 'exactOptionalPropertyTypes: true'. Consider adding 'undefined' to the types of the target's properties.
  Types of property 'error' are incompatible.
    Type 'Error | undefined' is not assignable to type 'Error'.
      Type 'undefined' is not assignable to type 'Error'.
src/interfaces/services/adapters/integration-service-adapter.ts(16,3): error TS2459: Module '"../../../coordination/swarm/sparc/database/architecture-storage"' declares 'ArchitecturalValidation' locally, but it is not exported.
src/interfaces/services/adapters/integration-service-adapter.ts(17,3): error TS2459: Module '"../../../coordination/swarm/sparc/database/architecture-storage"' declares 'ArchitectureDesign' locally, but it is not exported.
src/interfaces/services/adapters/integration-service-adapter.ts(22,3): error TS2459: Module '"../../../core/pattern-integration"' declares 'MCPAdapter' locally, but it is not exported.
src/interfaces/services/adapters/integration-service-adapter.ts(23,3): error TS2459: Module '"../../../core/pattern-integration"' declares 'ProtocolManager' locally, but it is not exported.
src/interfaces/services/adapters/integration-service-adapter.ts(24,3): error TS2459: Module '"../../../core/pattern-integration"' declares 'RESTAdapter' locally, but it is not exported.
src/interfaces/services/adapters/integration-service-adapter.ts(25,3): error TS2459: Module '"../../../core/pattern-integration"' declares 'WebSocketAdapter' locally, but it is not exported.
src/interfaces/services/adapters/integration-service-adapter.ts(28,15): error TS2459: Module '"../../../interfaces/api/safe-api-client"' declares 'APIResult' locally, but it is not exported.
src/interfaces/services/adapters/integration-service-adapter.ts(49,18): error TS2430: Interface 'IntegrationServiceAdapterConfig' incorrectly extends interface 'IntegrationServiceConfig'.
  Types of property 'security' are incompatible.
    Type '{ enableRequestValidation?: boolean; enableResponseSanitization?: boolean; enableRateLimiting?: boolean; enableAuditLogging?: boolean; enableEncryption?: boolean; }' has no properties in common with type '{ validation?: boolean; sanitization?: boolean; rateLimiting?: boolean; auditLogging?: boolean; }'.
src/interfaces/services/adapters/integration-service-adapter.ts(260,19): error TS2416: Property 'config' in type 'IntegrationServiceAdapter' is not assignable to the same property in base type 'IService'.
  Type 'IntegrationServiceAdapterConfig' is not assignable to type 'ServiceConfig' with 'exactOptionalPropertyTypes: true'. Consider adding 'undefined' to the types of the target's properties.
    Types of property 'retry' are incompatible.
      Type '{ enabled: boolean; maxAttempts: number; backoffMultiplier: number; retryableOperations: string[]; }' is missing the following properties from type 'ServiceRetryConfig': attempts, delay, backoff
src/interfaces/services/adapters/integration-service-adapter.ts(329,9): error TS2375: Type '{ type: "bearer"; credentials: undefined; }' is not assignable to type '{ type: "bearer" | "api-key" | "oauth"; credentials?: string; }' with 'exactOptionalPropertyTypes: true'. Consider adding 'undefined' to the types of the target's properties.
  Types of property 'credentials' are incompatible.
    Type 'undefined' is not assignable to type 'string'.
src/interfaces/services/adapters/integration-service-adapter.ts(425,9): error TS2416: Property 'initialize' in type 'IntegrationServiceAdapter' is not assignable to the same property in base type 'IService'.
  Type '(config?: Partial<IntegrationServiceAdapterConfig> | undefined) => Promise<void>' is not assignable to type '(config?: Partial<ServiceConfig> | undefined) => Promise<void>'.
    Types of parameters 'config' and 'config' are incompatible.
      Type 'Partial<ServiceConfig> | undefined' is not assignable to type 'Partial<IntegrationServiceAdapterConfig> | undefined'.
        Type 'Partial<ServiceConfig>' is not assignable to type 'Partial<IntegrationServiceAdapterConfig>' with 'exactOptionalPropertyTypes: true'. Consider adding 'undefined' to the types of the target's properties.
          Types of property 'retry' are incompatible.
            Type 'ServiceRetryConfig' is missing the following properties from type '{ enabled: boolean; maxAttempts: number; backoffMultiplier: number; retryableOperations: string[]; }': enabled, maxAttempts, backoffMultiplier, retryableOperations
src/interfaces/services/adapters/integration-service-adapter.ts(451,52): error TS2307: Cannot find module '../../../di/tokens/database-tokens' or its corresponding type declarations.
src/interfaces/services/adapters/integration-service-adapter.ts(455,50): error TS2345: Argument of type '() => Logger' is not assignable to parameter of type 'Provider<ILogger>'.
src/interfaces/services/adapters/integration-service-adapter.ts(456,50): error TS2345: Argument of type '() => {}' is not assignable to parameter of type 'Provider<IConfig>'.
src/interfaces/services/adapters/integration-service-adapter.ts(457,58): error TS2345: Argument of type '() => DALFactory' is not assignable to parameter of type 'Provider<unknown>'.
src/interfaces/services/adapters/integration-service-adapter.ts(457,64): error TS2554: Expected 3 arguments, but got 0.
src/interfaces/services/adapters/integration-service-adapter.ts(459,17): error TS6133: '_dalFactory' is declared but its value is never read.
src/interfaces/services/adapters/integration-service-adapter.ts(635,19): error TS2304: Cannot find name 'ServiceDependencyError'.
src/interfaces/services/adapters/integration-service-adapter.ts(724,7): error TS2412: Type 'undefined' is not assignable to type 'ArchitectureStorageService' with 'exactOptionalPropertyTypes: true'. Consider adding 'undefined' to the type of the target.
src/interfaces/services/adapters/integration-service-adapter.ts(725,7): error TS2412: Type 'undefined' is not assignable to type 'SafeAPIService' with 'exactOptionalPropertyTypes: true'. Consider adding 'undefined' to the type of the target.
src/interfaces/services/adapters/integration-service-adapter.ts(726,7): error TS2412: Type 'undefined' is not assignable to type 'SafeAPIClient' with 'exactOptionalPropertyTypes: true'. Consider adding 'undefined' to the type of the target.
src/interfaces/services/adapters/integration-service-adapter.ts(728,12): error TS2339: Property 'integratedPatternSystem' does not exist on type 'IntegrationServiceAdapter'.
src/interfaces/services/adapters/integration-service-adapter.ts(940,9): error TS2416: Property 'updateConfig' in type 'IntegrationServiceAdapter' is not assignable to the same property in base type 'IService'.
  Type '(config: Partial<IntegrationServiceAdapterConfig>) => Promise<void>' is not assignable to type '(config: Partial<ServiceConfig>) => Promise<void>'.
    Types of parameters 'config' and 'config' are incompatible.
      Type 'Partial<ServiceConfig>' is not assignable to type 'Partial<IntegrationServiceAdapterConfig>' with 'exactOptionalPropertyTypes: true'. Consider adding 'undefined' to the types of the target's properties.
        Types of property 'retry' are incompatible.
          Type 'ServiceRetryConfig' is missing the following properties from type '{ enabled: boolean; maxAttempts: number; backoffMultiplier: number; retryableOperations: string[]; }': enabled, maxAttempts, backoffMultiplier, retryableOperations
src/interfaces/services/adapters/integration-service-adapter.ts(966,9): error TS2416: Property 'validateConfig' in type 'IntegrationServiceAdapter' is not assignable to the same property in base type 'IService'.
  Type '(config: IntegrationServiceAdapterConfig) => Promise<boolean>' is not assignable to type '(config: ServiceConfig) => Promise<boolean>'.
    Types of parameters 'config' and 'config' are incompatible.
      Type 'ServiceConfig' is not assignable to type 'IntegrationServiceAdapterConfig' with 'exactOptionalPropertyTypes: true'. Consider adding 'undefined' to the types of the target's properties.
        Types of property 'retry' are incompatible.
          Type 'ServiceRetryConfig' is missing the following properties from type '{ enabled: boolean; maxAttempts: number; backoffMultiplier: number; retryableOperations: string[]; }': enabled, maxAttempts, backoffMultiplier, retryableOperations
src/interfaces/services/adapters/integration-service-adapter.ts(1133,19): error TS2304: Cannot find name 'ServiceOperationError'.
src/interfaces/services/adapters/integration-service-adapter.ts(1139,37): error TS2304: Cannot find name 'ServiceTimeoutError'.
src/interfaces/services/adapters/integration-service-adapter.ts(1149,35): error TS2379: Argument of type '{ operationName: string; executionTime: number; success: true; protocol: string | undefined; endpoint: string | undefined; responseSize: number; timestamp: Date; }' is not assignable to parameter of type 'IntegrationOperationMetrics' with 'exactOptionalPropertyTypes: true'. Consider adding 'undefined' to the types of the target's properties.
  Types of property 'protocol' are incompatible.
    Type 'string | undefined' is not assignable to type 'string'.
      Type 'undefined' is not assignable to type 'string'.
src/interfaces/services/adapters/integration-service-adapter.ts(1197,34): error TS2304: Cannot find name 'ServiceError'.
src/interfaces/services/adapters/integration-service-adapter.ts(1197,49): error TS18046: 'error' is of type 'unknown'.
src/interfaces/services/adapters/integration-service-adapter.ts(1198,20): error TS18046: 'error' is of type 'unknown'.
src/interfaces/services/adapters/integration-service-adapter.ts(1200,18): error TS18046: 'error' is of type 'unknown'.
src/interfaces/services/adapters/integration-service-adapter.ts(1228,11): error TS2375: Type '{ type: ServiceEventType; serviceName: string; timestamp: Date; data: any; error: Error | undefined; }' is not assignable to type 'ServiceEvent' with 'exactOptionalPropertyTypes: true'. Consider adding 'undefined' to the types of the target's properties.
  Types of property 'error' are incompatible.
    Type 'Error | undefined' is not assignable to type 'Error'.
      Type 'undefined' is not assignable to type 'Error'.
src/interfaces/services/adapters/integration-service-adapter.ts(1536,19): error TS2304: Cannot find name 'ServiceOperationError'.
src/interfaces/services/adapters/integration-service-adapter.ts(1973,57): error TS18046: 'error' is of type 'unknown'.
src/interfaces/services/adapters/integration-service-adapter.ts(2038,5): error TS2375: Type '{ valid: boolean; errors: string[] | undefined; }' is not assignable to type '{ valid: boolean; errors?: string[]; }' with 'exactOptionalPropertyTypes: true'. Consider adding 'undefined' to the types of the target's properties.
  Types of property 'errors' are incompatible.
    Type 'string[] | undefined' is not assignable to type 'string[]'.
      Type 'undefined' is not assignable to type 'string[]'.
src/interfaces/services/adapters/integration-service-adapter.ts(2071,11): error TS6133: '_key' is declared but its value is never read.
src/interfaces/services/adapters/integration-service-adapter.ts(2072,11): error TS6133: '_now' is declared but its value is never read.
src/interfaces/services/adapters/integration-service-adapter.ts(2073,11): error TS6133: '_windowSize' is declared but its value is never read.
src/interfaces/services/adapters/integration-service-adapter.ts(2115,25): error TS2683: 'this' implicitly has type 'any' because it does not have a type annotation.
src/interfaces/services/adapters/integration-service-adapter.ts(2217,25): error TS2532: Object is possibly 'undefined'.
src/interfaces/services/adapters/integration-service-adapter.ts(2237,26): error TS2304: Cannot find name 'ServiceTimeoutError'.
src/interfaces/services/adapters/integration-service-adapter.ts(2589,11): error TS2304: Cannot find name 'ServiceType'.
src/interfaces/services/adapters/integration-service-adapter.ts(2591,15): error TS2304: Cannot find name 'ServicePriority'.
src/interfaces/services/adapters/integration-service-adapter.ts(2592,18): error TS2304: Cannot find name 'ServiceEnvironment'.
src/interfaces/services/adapters/integration-service-adapter.ts(2627,7): error TS2375: Type '{ type: "bearer"; credentials: undefined; }' is not assignable to type '{ type: "bearer" | "api-key" | "oauth"; credentials?: string; }' with 'exactOptionalPropertyTypes: true'. Consider adding 'undefined' to the types of the target's properties.
  Types of property 'credentials' are incompatible.
    Type 'undefined' is not assignable to type 'string'.
src/interfaces/services/adapters/integration-service-factory.ts(61,14): error TS2420: Class 'IntegrationServiceFactory' incorrectly implements interface 'IServiceFactory<ServiceConfig>'.
  Type 'IntegrationServiceFactory' is missing the following properties from type 'IServiceFactory<ServiceConfig>': createMultiple, get, list, has, and 10 more.
src/interfaces/services/adapters/integration-service-factory.ts(112,5): error TS2322: Type 'IntegrationServiceAdapter' is not assignable to type 'IService'.
  The types of 'config.retry' are incompatible between these types.
    Type '{ enabled: boolean; maxAttempts: number; backoffMultiplier: number; retryableOperations: string[]; }' is missing the following properties from type 'ServiceRetryConfig': attempts, delay, backoff
src/interfaces/services/adapters/integration-service-factory.ts(171,7): error TS2412: Type '{ enabled: boolean; maxAttempts: number; backoffMultiplier: number; } | undefined' is not assignable to type '{ enabled: boolean; maxAttempts: number; backoffMultiplier: number; retryableOperations: string[]; } | undefined' with 'exactOptionalPropertyTypes: true'. Consider adding 'undefined' to the type of the target.
src/interfaces/services/adapters/integration-service-factory.ts(173,7): error TS2375: Type '{ enableMetricsCollection: boolean | undefined; enableRequestDeduplication: true; connectionPooling: true; maxConcurrency: number; }' is not assignable to type '{ enableRequestDeduplication?: boolean; maxConcurrency?: number; requestTimeout?: number; enableMetricsCollection?: boolean; connectionPooling?: boolean; compressionEnabled?: boolean; }' with 'exactOptionalPropertyTypes: true'. Consider adding 'undefined' to the types of the target's properties.
  Types of property 'enableMetricsCollection' are incompatible.
    Type 'boolean | undefined' is not assignable to type 'boolean'.
      Type 'undefined' is not assignable to type 'boolean'.
src/interfaces/services/adapters/integration-service-factory.ts(235,7): error TS2412: Type '{ enabled: boolean; maxAttempts: number; backoffMultiplier: number; } | undefined' is not assignable to type '{ enabled: boolean; maxAttempts: number; backoffMultiplier: number; retryableOperations: string[]; } | undefined' with 'exactOptionalPropertyTypes: true'. Consider adding 'undefined' to the type of the target.
src/interfaces/services/adapters/integration-service-factory.ts(237,7): error TS2375: Type '{ enableMetricsCollection: boolean | undefined; enableRequestDeduplication: true; connectionPooling: true; maxConcurrency: number; }' is not assignable to type '{ enableRequestDeduplication?: boolean; maxConcurrency?: number; requestTimeout?: number; enableMetricsCollection?: boolean; connectionPooling?: boolean; compressionEnabled?: boolean; }' with 'exactOptionalPropertyTypes: true'. Consider adding 'undefined' to the types of the target's properties.
  Types of property 'enableMetricsCollection' are incompatible.
    Type 'boolean | undefined' is not assignable to type 'boolean'.
      Type 'undefined' is not assignable to type 'boolean'.
src/interfaces/services/adapters/integration-service-factory.ts(307,7): error TS2412: Type '{ enabled: boolean; maxAttempts: number; backoffMultiplier: number; } | undefined' is not assignable to type '{ enabled: boolean; maxAttempts: number; backoffMultiplier: number; retryableOperations: string[]; } | undefined' with 'exactOptionalPropertyTypes: true'. Consider adding 'undefined' to the type of the target.
src/interfaces/services/adapters/integration-service-factory.ts(309,7): error TS2375: Type '{ enableMetricsCollection: boolean | undefined; enableRequestDeduplication: false; connectionPooling: true; maxConcurrency: number; }' is not assignable to type '{ enableRequestDeduplication?: boolean; maxConcurrency?: number; requestTimeout?: number; enableMetricsCollection?: boolean; connectionPooling?: boolean; compressionEnabled?: boolean; }' with 'exactOptionalPropertyTypes: true'. Consider adding 'undefined' to the types of the target's properties.
  Types of property 'enableMetricsCollection' are incompatible.
    Type 'boolean | undefined' is not assignable to type 'boolean'.
      Type 'undefined' is not assignable to type 'boolean'.
src/interfaces/services/adapters/integration-service-factory.ts(412,7): error TS2412: Type '{ enabled: boolean; maxAttempts: number; backoffMultiplier: number; } | undefined' is not assignable to type '{ enabled: boolean; maxAttempts: number; backoffMultiplier: number; retryableOperations: string[]; } | undefined' with 'exactOptionalPropertyTypes: true'. Consider adding 'undefined' to the type of the target.
src/interfaces/services/adapters/integration-service-factory.ts(414,7): error TS2375: Type '{ enableMetricsCollection: boolean | undefined; enableRequestDeduplication: true; connectionPooling: true; maxConcurrency: number; }' is not assignable to type '{ enableRequestDeduplication?: boolean; maxConcurrency?: number; requestTimeout?: number; enableMetricsCollection?: boolean; connectionPooling?: boolean; compressionEnabled?: boolean; }' with 'exactOptionalPropertyTypes: true'. Consider adding 'undefined' to the types of the target's properties.
  Types of property 'enableMetricsCollection' are incompatible.
    Type 'boolean | undefined' is not assignable to type 'boolean'.
      Type 'undefined' is not assignable to type 'boolean'.
src/interfaces/services/adapters/integration-service-factory.ts(537,7): error TS2739: Type '{ enabled: false; }' is missing the following properties from type '{ enabled: boolean; supportedProtocols: string[]; defaultProtocol: string; connectionPooling?: { enabled: boolean; maxConnections: number; idleTimeout: number; }; failover?: { enabled: boolean; retryAttempts: number; backoffMultiplier: number; }; healthChecking?: { ...; }; }': supportedProtocols, defaultProtocol
src/interfaces/services/adapters/integration-service-factory.ts(698,7): error TS2322: Type '{ enabled: boolean; strategy?: "memory" | "redis" | "hybrid"; defaultTTL?: number; maxSize?: number; keyPrefix?: string; }' is not assignable to type '{ enabled: boolean; strategy: "memory" | "redis" | "hybrid"; defaultTTL: number; maxSize: number; keyPrefix: string; }'.
  Property 'strategy' is optional in type '{ enabled: boolean; strategy?: "memory" | "redis" | "hybrid"; defaultTTL?: number; maxSize?: number; keyPrefix?: string; }' but required in type '{ enabled: boolean; strategy: "memory" | "redis" | "hybrid"; defaultTTL: number; maxSize: number; keyPrefix: string; }'.
src/interfaces/services/adapters/integration-service-factory.ts(712,7): error TS2322: Type '{ enabled: boolean; maxAttempts: number; backoffMultiplier: number; retryableOperations?: string[]; }' is not assignable to type '{ enabled: boolean; maxAttempts: number; backoffMultiplier: number; retryableOperations: string[]; }'.
  Property 'retryableOperations' is optional in type '{ enabled: boolean; maxAttempts: number; backoffMultiplier: number; retryableOperations?: string[]; }' but required in type '{ enabled: boolean; maxAttempts: number; backoffMultiplier: number; retryableOperations: string[]; }'.
src/interfaces/services/adapters/integration-service-helpers.ts(9,15): error TS2459: Module '"../../../coordination/swarm/sparc/database/architecture-storage"' declares 'ArchitectureDesign' locally, but it is not exported.
src/interfaces/services/adapters/integration-service-helpers.ts(11,15): error TS2459: Module '"../../../interfaces/api/safe-api-client"' declares 'APIResult' locally, but it is not exported.
src/interfaces/services/adapters/integration-service-helpers.ts(131,10): error TS2339: Property 'logger' does not exist on type 'IntegrationServiceHelper'.
src/interfaces/services/adapters/integration-service-helpers.ts(238,7): error TS2375: Type '{ success: boolean; data: string[]; error: { code: string; message: string; details: any[]; } | undefined; }' is not assignable to type 'IntegrationOperationResult<string[]>' with 'exactOptionalPropertyTypes: true'. Consider adding 'undefined' to the types of the target's properties.
  Types of property 'error' are incompatible.
    Type '{ code: string; message: string; details: any[]; } | undefined' is not assignable to type '{ code: string; message: string; details?: any; }'.
      Type 'undefined' is not assignable to type '{ code: string; message: string; details?: any; }'.
src/interfaces/services/adapters/integration-service-helpers.ts(348,11): error TS2375: Type '{ success: true; data: any; metadata: { duration: number; timestamp: Date; operationId: string; } | undefined; }' is not assignable to type 'IntegrationOperationResult<T>' with 'exactOptionalPropertyTypes: true'. Consider adding 'undefined' to the types of the target's properties.
  Types of property 'metadata' are incompatible.
    Type '{ duration: number; timestamp: Date; operationId: string; } | undefined' is not assignable to type '{ duration: number; timestamp: Date; operationId: string; retryCount?: number; cacheHit?: boolean; }'.
      Type 'undefined' is not assignable to type '{ duration: number; timestamp: Date; operationId: string; retryCount?: number; cacheHit?: boolean; }'.
src/interfaces/services/adapters/integration-service-helpers.ts(354,11): error TS2375: Type '{ success: false; error: { code: any; message: any; details: any; }; metadata: { duration: number; timestamp: Date; operationId: string; } | undefined; }' is not assignable to type 'IntegrationOperationResult<T>' with 'exactOptionalPropertyTypes: true'. Consider adding 'undefined' to the types of the target's properties.
  Types of property 'metadata' are incompatible.
    Type '{ duration: number; timestamp: Date; operationId: string; } | undefined' is not assignable to type '{ duration: number; timestamp: Date; operationId: string; retryCount?: number; cacheHit?: boolean; }'.
      Type 'undefined' is not assignable to type '{ duration: number; timestamp: Date; operationId: string; retryCount?: number; cacheHit?: boolean; }'.
src/interfaces/services/adapters/integration-service-helpers.ts(437,7): error TS2375: Type '{ success: boolean; data: T[]; error: { code: string; message: string; details: any[]; } | undefined; }' is not assignable to type 'IntegrationOperationResult<T[]>' with 'exactOptionalPropertyTypes: true'. Consider adding 'undefined' to the types of the target's properties.
  Types of property 'error' are incompatible.
    Type '{ code: string; message: string; details: any[]; } | undefined' is not assignable to type '{ code: string; message: string; details?: any; }'.
      Type 'undefined' is not assignable to type '{ code: string; message: string; details?: any; }'.
src/interfaces/services/adapters/integration-service-helpers.ts(610,28): error TS2339: Property 'success' does not exist on type 'string[] | ServiceOperationResponse<string[]>'.
  Property 'success' does not exist on type 'string[]'.
src/interfaces/services/adapters/integration-service-helpers.ts(610,56): error TS2339: Property 'data' does not exist on type 'string[] | ServiceOperationResponse<string[]>'.
  Property 'data' does not exist on type 'string[]'.
src/interfaces/services/adapters/integration-service-helpers.ts(616,46): error TS2339: Property 'data' does not exist on type 'string[] | ServiceOperationResponse<string[]>'.
  Property 'data' does not exist on type 'string[]'.
src/interfaces/services/adapters/integration-service-helpers.ts(991,7): error TS2375: Type '{ enabled?: boolean; databaseType?: "postgresql" | "sqlite" | "mysql"; autoInitialize?: boolean; enableVersioning?: boolean; enableValidationTracking?: boolean; cachingEnabled?: boolean; }' is not assignable to type '{ enabled: boolean; databaseType?: "postgresql" | "sqlite" | "mysql"; autoInitialize?: boolean; enableVersioning?: boolean; enableValidationTracking?: boolean; cachingEnabled?: boolean; }' with 'exactOptionalPropertyTypes: true'. Consider adding 'undefined' to the types of the target's properties.
  Property 'enabled' is optional in type '{ enabled?: boolean; databaseType?: "postgresql" | "sqlite" | "mysql"; autoInitialize?: boolean; enableVersioning?: boolean; enableValidationTracking?: boolean; cachingEnabled?: boolean; }' but required in type '{ enabled: boolean; databaseType?: "postgresql" | "sqlite" | "mysql"; autoInitialize?: boolean; enableVersioning?: boolean; enableValidationTracking?: boolean; cachingEnabled?: boolean; }'.
src/interfaces/services/adapters/integration-service-helpers.ts(995,7): error TS2375: Type '{ enabled?: boolean; baseURL?: string; timeout?: number; retries?: number; rateLimiting?: { enabled: boolean; requestsPerSecond: number; burstSize: number; }; authentication?: { type: "bearer" | "api-key" | "oauth"; credentials?: string; }; validation?: { enabled: boolean; strictMode: boolean; sanitization: boolean;...' is not assignable to type '{ enabled: boolean; baseURL?: string; timeout?: number; retries?: number; rateLimiting?: { enabled: boolean; requestsPerSecond: number; burstSize: number; }; authentication?: { type: "bearer" | "api-key" | "oauth"; credentials?: string; }; validation?: { ...; }; }' with 'exactOptionalPropertyTypes: true'. Consider adding 'undefined' to the types of the target's properties.
  Property 'enabled' is optional in type '{ enabled?: boolean; baseURL?: string; timeout?: number; retries?: number; rateLimiting?: { enabled: boolean; requestsPerSecond: number; burstSize: number; }; authentication?: { type: "bearer" | "api-key" | "oauth"; credentials?: string; }; validation?: { ...; }; }' but required in type '{ enabled: boolean; baseURL?: string; timeout?: number; retries?: number; rateLimiting?: { enabled: boolean; requestsPerSecond: number; burstSize: number; }; authentication?: { type: "bearer" | "api-key" | "oauth"; credentials?: string; }; validation?: { ...; }; }'.
src/interfaces/services/adapters/integration-service-helpers.ts(999,7): error TS2375: Type '{ enabled?: boolean; supportedProtocols?: string[]; defaultProtocol?: string; connectionPooling?: { enabled: boolean; maxConnections: number; idleTimeout: number; }; failover?: { enabled: boolean; retryAttempts: number; backoffMultiplier: number; }; healthChecking?: { enabled: boolean; interval: number; timeout: num...' is not assignable to type '{ enabled: boolean; supportedProtocols: string[]; defaultProtocol: string; connectionPooling?: { enabled: boolean; maxConnections: number; idleTimeout: number; }; failover?: { enabled: boolean; retryAttempts: number; backoffMultiplier: number; }; healthChecking?: { ...; }; }' with 'exactOptionalPropertyTypes: true'. Consider adding 'undefined' to the types of the target's properties.
  Property 'enabled' is optional in type '{ enabled?: boolean; supportedProtocols?: string[]; defaultProtocol?: string; connectionPooling?: { enabled: boolean; maxConnections: number; idleTimeout: number; }; failover?: { enabled: boolean; retryAttempts: number; backoffMultiplier: number; }; healthChecking?: { ...; }; }' but required in type '{ enabled: boolean; supportedProtocols: string[]; defaultProtocol: string; connectionPooling?: { enabled: boolean; maxConnections: number; idleTimeout: number; }; failover?: { enabled: boolean; retryAttempts: number; backoffMultiplier: number; }; healthChecking?: { ...; }; }'.
src/interfaces/services/adapters/integration-service-helpers.ts(1007,7): error TS2322: Type '{ enabled?: boolean; maxAttempts?: number; backoffMultiplier?: number; retryableOperations?: string[]; }' is not assignable to type '{ enabled: boolean; maxAttempts: number; backoffMultiplier: number; retryableOperations: string[]; }'.
  Property 'enabled' is optional in type '{ enabled?: boolean; maxAttempts?: number; backoffMultiplier?: number; retryableOperations?: string[]; }' but required in type '{ enabled: boolean; maxAttempts: number; backoffMultiplier: number; retryableOperations: string[]; }'.
src/interfaces/services/adapters/integration-service-helpers.ts(1011,7): error TS2322: Type '{ enabled?: boolean; strategy?: "memory" | "redis" | "hybrid"; defaultTTL?: number; maxSize?: number; keyPrefix?: string; }' is not assignable to type '{ enabled: boolean; strategy: "memory" | "redis" | "hybrid"; defaultTTL: number; maxSize: number; keyPrefix: string; }'.
  Property 'enabled' is optional in type '{ enabled?: boolean; strategy?: "memory" | "redis" | "hybrid"; defaultTTL?: number; maxSize?: number; keyPrefix?: string; }' but required in type '{ enabled: boolean; strategy: "memory" | "redis" | "hybrid"; defaultTTL: number; maxSize: number; keyPrefix: string; }'.
src/interfaces/services/adapters/integration-service-helpers.ts(1046,30): error TS2532: Object is possibly 'undefined'.
src/interfaces/services/adapters/integration-service-helpers.ts(1046,61): error TS18048: 'sum' is possibly 'undefined'.
src/interfaces/services/adapters/integration-service-helpers.ts(1046,67): error TS18048: 'lat' is possibly 'undefined'.
src/interfaces/services/compatibility.ts(400,26): error TS2683: 'this' implicitly has type 'any' because it does not have a type annotation.
src/interfaces/services/compatibility.ts(1017,65): error TS7006: Parameter 'log' implicitly has an 'any' type.
src/interfaces/services/compatibility.ts(1021,20): error TS7006: Parameter 'log' implicitly has an 'any' type.
src/interfaces/services/compatibility.ts(1022,17): error TS7006: Parameter 'log' implicitly has an 'any' type.
src/interfaces/services/core/interfaces.ts(695,5): error TS4115: This parameter property must have an 'override' modifier because it overrides a member in base class 'Error'.
src/interfaces/services/factories.ts(689,9): error TS2322: Type 'DataServiceAdapter' is not assignable to type 'IService'.
  The types of 'config.retry' are incompatible between these types.
    Type '{ enabled: boolean; maxAttempts: number; backoffMultiplier: number; retryableOperations: string[]; }' is missing the following properties from type 'ServiceRetryConfig': attempts, delay, backoff
src/interfaces/services/factories.ts(705,9): error TS2322: Type 'CoordinationServiceAdapter' is not assignable to type 'IService'.
  Types of property 'updateConfig' are incompatible.
    Type '(config: Partial<CoordinationServiceAdapterConfig>) => Promise<void>' is not assignable to type '(config: Partial<ServiceConfig>) => Promise<void>'.
      Types of parameters 'config' and 'config' are incompatible.
        Type 'Partial<ServiceConfig>' is not assignable to type 'Partial<CoordinationServiceAdapterConfig>' with 'exactOptionalPropertyTypes: true'. Consider adding 'undefined' to the types of the target's properties.
          Types of property 'retry' are incompatible.
            Type 'ServiceRetryConfig' is missing the following properties from type '{ enabled: boolean; maxAttempts: number; backoffMultiplier: number; retryableOperations: string[]; }': enabled, maxAttempts, backoffMultiplier, retryableOperations
src/interfaces/services/factories.ts(732,9): error TS2322: Type 'MonitoringService' is not assignable to type 'IService'.
  Property 'getMetrics' is private in type 'MonitoringService' but not in type 'IService'.
src/interfaces/services/factories.ts(732,38): error TS2379: Argument of type 'ServiceConfig' is not assignable to parameter of type 'MonitoringServiceConfig' with 'exactOptionalPropertyTypes: true'. Consider adding 'undefined' to the types of the target's properties.
  Types of property 'type' are incompatible.
    Type 'string' is not assignable to type 'ServiceType.HEALTH | ServiceType.MONITORING | ServiceType.LOGGING'.
src/interfaces/services/factories.ts(842,38): error TS18048: 'maxRetries' is possibly 'undefined'.
src/interfaces/services/factories.ts(869,23): error TS18048: 'maxRetries' is possibly 'undefined'.
src/interfaces/services/factories.ts(870,25): error TS18048: 'backoffMultiplier' is possibly 'undefined'.
src/interfaces/services/factories.ts(928,39): error TS2532: Object is possibly 'undefined'.
src/interfaces/services/factories.ts(1178,36): error TS2345: Argument of type 'Function' is not assignable to parameter of type '(...args: any[]) => void'.
  Type 'Function' provides no match for the signature '(...args: any[]): void'.
src/interfaces/services/implementations/base-service.ts(280,5): error TS2375: Type '{ name: string; type: string; lifecycle: ServiceLifecycleStatus; health: "healthy" | "degraded" | "unhealthy" | "unknown"; lastCheck: Date; uptime: number; errorCount: number; errorRate: number; dependencies: { ...; } | undefined; metadata: { ...; }; }' is not assignable to type 'ServiceStatus' with 'exactOptionalPropertyTypes: true'. Consider adding 'undefined' to the types of the target's properties.
  Types of property 'dependencies' are incompatible.
    Type '{ [serviceName: string]: { status: "healthy" | "unhealthy" | "unknown"; lastCheck: Date; }; } | undefined' is not assignable to type '{ [serviceName: string]: { status: "healthy" | "unhealthy" | "unknown"; lastCheck: Date; }; }'.
      Type 'undefined' is not assignable to type '{ [serviceName: string]: { status: "healthy" | "unhealthy" | "unknown"; lastCheck: Date; }; }'.
src/interfaces/services/implementations/base-service.ts(473,9): error TS2375: Type '{ code: string; message: string; details: any; stack: string | undefined; }' is not assignable to type '{ code: string; message: string; details?: any; stack?: string; }' with 'exactOptionalPropertyTypes: true'. Consider adding 'undefined' to the types of the target's properties.
  Types of property 'stack' are incompatible.
    Type 'string | undefined' is not assignable to type 'string'.
      Type 'undefined' is not assignable to type 'string'.
src/interfaces/services/implementations/base-service.ts(525,17): error TS6133: '_timeout' is declared but its value is never read.
src/interfaces/services/implementations/base-service.ts(549,43): error TS2345: Argument of type 'string | undefined' is not assignable to parameter of type 'string'.
  Type 'undefined' is not assignable to type 'string'.
src/interfaces/services/implementations/base-service.ts(568,3): error TS4114: This member must have an 'override' modifier because it overrides a member in the base class 'EventEmitter<DefaultEventMap>'.
src/interfaces/services/implementations/base-service.ts(572,3): error TS4114: This member must have an 'override' modifier because it overrides a member in the base class 'EventEmitter<DefaultEventMap>'.
src/interfaces/services/implementations/base-service.ts(580,3): error TS4114: This member must have an 'override' modifier because it overrides a member in the base class 'EventEmitter<DefaultEventMap>'.
src/interfaces/services/implementations/base-service.ts(607,5): error TS2375: Type '{ type: ServiceEventType; serviceName: string; timestamp: Date; data: any; error: Error | undefined; }' is not assignable to type 'ServiceEvent' with 'exactOptionalPropertyTypes: true'. Consider adding 'undefined' to the types of the target's properties.
  Types of property 'error' are incompatible.
    Type 'Error | undefined' is not assignable to type 'Error'.
      Type 'undefined' is not assignable to type 'Error'.
src/interfaces/services/implementations/coordination-service.ts(9,42): error TS2305: Module '"../types"' has no exported member 'ServiceOperationOptions'.
src/interfaces/services/implementations/coordination-service.ts(372,9): error TS2322: Type '{ agentId: string; status: string; result: string; }[]' is not assignable to type 'never[]'.
  Type '{ agentId: string; status: string; result: string; }' is not assignable to type 'never'.
src/interfaces/services/implementations/data-service.ts(12,34): error TS2305: Module '"../types"' has no exported member 'ServiceOperationOptions'.
src/interfaces/services/implementations/data-service.ts(62,25): error TS4111: Property 'enableWebData' comes from an index signature, so it must be accessed with ['enableWebData'].
src/interfaces/services/implementations/data-service.ts(79,25): error TS4111: Property 'enablePersistence' comes from an index signature, so it must be accessed with ['enablePersistence'].
src/interfaces/services/implementations/data-service.ts(93,25): error TS4111: Property 'enablePersistence' comes from an index signature, so it must be accessed with ['enablePersistence'].
src/interfaces/services/implementations/data-service.ts(93,62): error TS4111: Property 'persistenceInterval' comes from an index signature, so it must be accessed with ['persistenceInterval'].
src/interfaces/services/implementations/data-service.ts(96,24): error TS4111: Property 'persistenceInterval' comes from an index signature, so it must be accessed with ['persistenceInterval'].
src/interfaces/services/implementations/data-service.ts(110,7): error TS2412: Type 'undefined' is not assignable to type 'Timeout' with 'exactOptionalPropertyTypes: true'. Consider adding 'undefined' to the type of the target.
src/interfaces/services/implementations/data-service.ts(130,5): error TS2412: Type 'undefined' is not assignable to type 'WebDataService' with 'exactOptionalPropertyTypes: true'. Consider adding 'undefined' to the type of the target.
src/interfaces/services/implementations/database-service.ts(9,38): error TS2305: Module '"../types"' has no exported member 'ServiceOperationOptions'.
src/interfaces/services/implementations/database-service.ts(75,7): error TS2412: Type 'undefined' is not assignable to type 'Timeout' with 'exactOptionalPropertyTypes: true'. Consider adding 'undefined' to the type of the target.
src/interfaces/services/implementations/database-service.ts(202,32): error TS2345: Argument of type 'string | undefined' is not assignable to parameter of type 'string'.
  Type 'undefined' is not assignable to type 'string'.
src/interfaces/services/implementations/generic-service.ts(43,30): error TS4111: Property 'operations' comes from an index signature, so it must be accessed with ['operations'].
src/interfaces/services/implementations/generic-service.ts(44,42): error TS4111: Property 'operations' comes from an index signature, so it must be accessed with ['operations'].
src/interfaces/services/implementations/generic-service.ts(46,40): error TS2345: Argument of type 'Function' is not assignable to parameter of type '(params?: any, options?: ServiceOperationOptions | undefined) => Promise<any>'.
  Type 'Function' provides no match for the signature '(params?: any, options?: ServiceOperationOptions | undefined): Promise<any>'.
src/interfaces/services/implementations/generic-service.ts(52,30): error TS4111: Property 'healthCheck' comes from an index signature, so it must be accessed with ['healthCheck'].
src/interfaces/services/implementations/generic-service.ts(52,72): error TS4111: Property 'healthCheck' comes from an index signature, so it must be accessed with ['healthCheck'].
src/interfaces/services/implementations/generic-service.ts(53,48): error TS4111: Property 'healthCheck' comes from an index signature, so it must be accessed with ['healthCheck'].
src/interfaces/services/implementations/generic-service.ts(65,30): error TS4111: Property 'onStart' comes from an index signature, so it must be accessed with ['onStart'].
src/interfaces/services/implementations/generic-service.ts(65,68): error TS4111: Property 'onStart' comes from an index signature, so it must be accessed with ['onStart'].
src/interfaces/services/implementations/generic-service.ts(66,33): error TS4111: Property 'onStart' comes from an index signature, so it must be accessed with ['onStart'].
src/interfaces/services/implementations/generic-service.ts(76,30): error TS4111: Property 'onStop' comes from an index signature, so it must be accessed with ['onStop'].
src/interfaces/services/implementations/generic-service.ts(76,67): error TS4111: Property 'onStop' comes from an index signature, so it must be accessed with ['onStop'].
src/interfaces/services/implementations/generic-service.ts(77,33): error TS4111: Property 'onStop' comes from an index signature, so it must be accessed with ['onStop'].
src/interfaces/services/implementations/generic-service.ts(88,5): error TS2412: Type 'undefined' is not assignable to type '() => Promise<boolean>' with 'exactOptionalPropertyTypes: true'. Consider adding 'undefined' to the type of the target.
src/interfaces/services/implementations/generic-service.ts(91,30): error TS4111: Property 'onDestroy' comes from an index signature, so it must be accessed with ['onDestroy'].
src/interfaces/services/implementations/generic-service.ts(91,70): error TS4111: Property 'onDestroy' comes from an index signature, so it must be accessed with ['onDestroy'].
src/interfaces/services/implementations/generic-service.ts(92,33): error TS4111: Property 'onDestroy' comes from an index signature, so it must be accessed with ['onDestroy'].
src/interfaces/services/implementations/memory-service.ts(9,36): error TS2305: Module '"../types"' has no exported member 'ServiceOperationOptions'.
src/interfaces/services/implementations/memory-service.ts(76,7): error TS2412: Type 'undefined' is not assignable to type 'Timeout' with 'exactOptionalPropertyTypes: true'. Consider adding 'undefined' to the type of the target.
src/interfaces/services/implementations/memory-service.ts(417,11): error TS6133: '_config' is declared but its value is never read.
src/interfaces/services/implementations/monitoring-service.ts(9,40): error TS2305: Module '"../types"' has no exported member 'ServiceOperationOptions'.
src/interfaces/services/implementations/monitoring-service.ts(17,14): error TS2415: Class 'MonitoringService' incorrectly extends base class 'BaseService'.
  Property 'getMetrics' is private in type 'MonitoringService' but not in type 'BaseService'.
src/interfaces/services/implementations/monitoring-service.ts(17,14): error TS2420: Class 'MonitoringService' incorrectly implements interface 'IService'.
  Property 'getMetrics' is private in type 'MonitoringService' but not in type 'IService'.
src/interfaces/services/implementations/monitoring-service.ts(75,7): error TS2412: Type 'undefined' is not assignable to type 'Timeout' with 'exactOptionalPropertyTypes: true'. Consider adding 'undefined' to the type of the target.
src/interfaces/services/implementations/monitoring-service.ts(80,7): error TS2412: Type 'undefined' is not assignable to type 'Timeout' with 'exactOptionalPropertyTypes: true'. Consider adding 'undefined' to the type of the target.
src/interfaces/services/implementations/monitoring-service.ts(194,45): error TS18046: 'error' is of type 'unknown'.
src/interfaces/services/implementations/monitoring-service.ts(208,11): error TS4114: This member must have an 'override' modifier because it overrides a member in the base class 'BaseService'.
src/interfaces/services/implementations/monitoring-service.ts(556,62): error TS18046: 'error' is of type 'unknown'.
src/interfaces/services/implementations/neural-service.ts(9,36): error TS2305: Module '"../types"' has no exported member 'ServiceOperationOptions'.
src/interfaces/services/implementations/neural-service.ts(416,13): error TS6133: '_epoch' is declared but its value is never read.
src/interfaces/services/implementations/web-service.ts(9,15): error TS2305: Module '"../types"' has no exported member 'ServiceOperationOptions'.
src/interfaces/services/implementations/web-service.ts(224,5): error TS2322: Type '{ path: string | undefined; method: string | undefined; }[]' is not assignable to type '{ path: string; method: string; }[]'.
  Type '{ path: string | undefined; method: string | undefined; }' is not assignable to type '{ path: string; method: string; }'.
    Types of property 'path' are incompatible.
      Type 'string | undefined' is not assignable to type 'string'.
        Type 'undefined' is not assignable to type 'string'.
src/interfaces/services/index.ts(24,3): error TS2323: Cannot redeclare exported variable 'createIntegrationServiceAdapter'.
src/interfaces/services/index.ts(24,3): error TS2484: Export declaration conflicts with exported declaration of 'createIntegrationServiceAdapter'.
src/interfaces/services/index.ts(236,30): error TS2304: Cannot find name 'USLFactoryConfig'.
src/interfaces/services/index.ts(290,22): error TS2304: Cannot find name 'DataServiceConfig'.
src/interfaces/services/index.ts(291,14): error TS2304: Cannot find name 'IService'.
src/interfaces/services/index.ts(296,20): error TS2304: Cannot find name 'ServiceConfigFactory'.
src/interfaces/services/index.ts(297,13): error TS2304: Cannot find name 'ServiceType'.
src/interfaces/services/index.ts(301,18): error TS2304: Cannot find name 'globalUSLFactory'.
src/interfaces/services/index.ts(332,22): error TS2304: Cannot find name 'DataServiceAdapterConfig'.
src/interfaces/services/index.ts(333,14): error TS2304: Cannot find name 'DataServiceAdapter'.
src/interfaces/services/index.ts(338,27): error TS2304: Cannot find name 'globalDataServiceFactory'.
src/interfaces/services/index.ts(375,22): error TS2304: Cannot find name 'DataServiceAdapterConfig'.
src/interfaces/services/index.ts(376,14): error TS2304: Cannot find name 'DataServiceAdapter'.
src/interfaces/services/index.ts(381,27): error TS2304: Cannot find name 'globalDataServiceFactory'.
src/interfaces/services/index.ts(423,22): error TS2304: Cannot find name 'DataServiceAdapterConfig'.
src/interfaces/services/index.ts(424,14): error TS2304: Cannot find name 'DataServiceAdapter'.
src/interfaces/services/index.ts(429,27): error TS2304: Cannot find name 'globalDataServiceFactory'.
src/interfaces/services/index.ts(473,22): error TS2304: Cannot find name 'WebServiceConfig'.
src/interfaces/services/index.ts(474,14): error TS2304: Cannot find name 'IService'.
src/interfaces/services/index.ts(479,20): error TS2304: Cannot find name 'ServiceConfigFactory'.
src/interfaces/services/index.ts(480,13): error TS2304: Cannot find name 'ServiceType'.
src/interfaces/services/index.ts(485,18): error TS2304: Cannot find name 'globalUSLFactory'.
src/interfaces/services/index.ts(527,22): error TS2304: Cannot find name 'CoordinationServiceConfig'.
src/interfaces/services/index.ts(528,14): error TS2304: Cannot find name 'IService'.
src/interfaces/services/index.ts(533,20): error TS2304: Cannot find name 'ServiceConfigFactory'.
src/interfaces/services/index.ts(534,13): error TS2304: Cannot find name 'ServiceType'.
src/interfaces/services/index.ts(538,18): error TS2304: Cannot find name 'globalUSLFactory'.
src/interfaces/services/index.ts(586,22): error TS2304: Cannot find name 'NeuralServiceConfig'.
src/interfaces/services/index.ts(587,14): error TS2304: Cannot find name 'IService'.
src/interfaces/services/index.ts(592,20): error TS2304: Cannot find name 'ServiceConfigFactory'.
src/interfaces/services/index.ts(593,13): error TS2304: Cannot find name 'ServiceType'.
src/interfaces/services/index.ts(597,18): error TS2304: Cannot find name 'globalUSLFactory'.
src/interfaces/services/index.ts(608,22): error TS2304: Cannot find name 'MemoryServiceConfig'.
src/interfaces/services/index.ts(609,14): error TS2304: Cannot find name 'IService'.
src/interfaces/services/index.ts(614,20): error TS2304: Cannot find name 'ServiceConfigFactory'.
src/interfaces/services/index.ts(615,13): error TS2304: Cannot find name 'ServiceType'.
src/interfaces/services/index.ts(619,18): error TS2304: Cannot find name 'globalUSLFactory'.
src/interfaces/services/index.ts(630,22): error TS2304: Cannot find name 'DatabaseServiceConfig'.
src/interfaces/services/index.ts(631,14): error TS2304: Cannot find name 'IService'.
src/interfaces/services/index.ts(636,20): error TS2304: Cannot find name 'ServiceConfigFactory'.
src/interfaces/services/index.ts(637,13): error TS2304: Cannot find name 'ServiceType'.
src/interfaces/services/index.ts(641,18): error TS2304: Cannot find name 'globalUSLFactory'.
src/interfaces/services/index.ts(652,22): error TS2304: Cannot find name 'IntegrationServiceConfig'.
src/interfaces/services/index.ts(653,14): error TS2304: Cannot find name 'IService'.
src/interfaces/services/index.ts(658,20): error TS2304: Cannot find name 'ServiceConfigFactory'.
src/interfaces/services/index.ts(659,13): error TS2304: Cannot find name 'ServiceType'.
src/interfaces/services/index.ts(663,18): error TS2304: Cannot find name 'globalUSLFactory'.
src/interfaces/services/index.ts(674,22): error TS2304: Cannot find name 'IntegrationServiceAdapterConfig'.
src/interfaces/services/index.ts(675,14): error TS2304: Cannot find name 'IntegrationServiceAdapter'.
src/interfaces/services/index.ts(680,20): error TS2304: Cannot find name 'createDefaultIntegrationServiceAdapterConfig'.
src/interfaces/services/index.ts(682,19): error TS2339: Property 'initialize' does not exist on type 'Promise<IntegrationServiceAdapter>'.
src/interfaces/services/index.ts(697,22): error TS2304: Cannot find name 'IntegrationServiceAdapterConfig'.
src/interfaces/services/index.ts(698,14): error TS2304: Cannot find name 'IntegrationServiceAdapter'.
src/interfaces/services/index.ts(730,22): error TS2304: Cannot find name 'IntegrationServiceAdapterConfig'.
src/interfaces/services/index.ts(731,14): error TS2304: Cannot find name 'IntegrationServiceAdapter'.
src/interfaces/services/index.ts(766,22): error TS2304: Cannot find name 'IntegrationServiceAdapterConfig'.
src/interfaces/services/index.ts(767,14): error TS2304: Cannot find name 'IntegrationServiceAdapter'.
src/interfaces/services/index.ts(808,17): error TS2304: Cannot find name 'IntegrationServiceAdapterConfig'.
src/interfaces/services/index.ts(809,14): error TS2304: Cannot find name 'IntegrationServiceAdapter'.
src/interfaces/services/index.ts(870,22): error TS2304: Cannot find name 'MonitoringServiceConfig'.
src/interfaces/services/index.ts(871,14): error TS2304: Cannot find name 'IService'.
src/interfaces/services/index.ts(876,20): error TS2304: Cannot find name 'ServiceConfigFactory'.
src/interfaces/services/index.ts(877,13): error TS2304: Cannot find name 'ServiceType'.
src/interfaces/services/index.ts(881,18): error TS2304: Cannot find name 'globalUSLFactory'.
src/interfaces/services/index.ts(889,36): error TS2304: Cannot find name 'IService'.
src/interfaces/services/index.ts(890,12): error TS2304: Cannot find name 'globalServiceRegistry'.
src/interfaces/services/index.ts(898,27): error TS2304: Cannot find name 'ServiceType'.
src/interfaces/services/index.ts(898,41): error TS2304: Cannot find name 'IService'.
src/interfaces/services/index.ts(899,12): error TS2304: Cannot find name 'globalServiceRegistry'.
src/interfaces/services/index.ts(905,33): error TS2304: Cannot find name 'IService'.
src/interfaces/services/index.ts(906,12): error TS2304: Cannot find name 'globalServiceRegistry'.
src/interfaces/services/index.ts(913,11): error TS2304: Cannot find name 'globalServiceRegistry'.
src/interfaces/services/index.ts(920,11): error TS2304: Cannot find name 'globalServiceRegistry'.
src/interfaces/services/index.ts(955,27): error TS2304: Cannot find name 'ServiceStatus'.
src/interfaces/services/index.ts(964,35): error TS2304: Cannot find name 'globalServiceRegistry'.
src/interfaces/services/index.ts(967,48): error TS18046: 's' is of type 'unknown'.
src/interfaces/services/index.ts(968,49): error TS18046: 's' is of type 'unknown'.
src/interfaces/services/index.ts(969,50): error TS18046: 's' is of type 'unknown'.
src/interfaces/services/index.ts(1034,24): error TS2304: Cannot find name 'ServiceMetrics'.
src/interfaces/services/index.ts(1042,27): error TS2304: Cannot find name 'globalServiceRegistry'.
src/interfaces/services/index.ts(1046,8): error TS7006: Parameter 'acc' implicitly has an 'any' type.
src/interfaces/services/index.ts(1046,13): error TS7006: Parameter 'metric' implicitly has an 'any' type.
src/interfaces/services/index.ts(1101,12): error TS2304: Cannot find name 'ServiceType'.
src/interfaces/services/index.ts(1104,7): error TS2304: Cannot find name 'IService'.
src/interfaces/services/index.ts(1105,12): error TS2304: Cannot find name 'globalServiceRegistry'.
src/interfaces/services/index.ts(1114,55): error TS2304: Cannot find name 'ServiceCapability'.
src/interfaces/services/index.ts(1115,5): error TS2304: Cannot find name 'globalServiceCapabilityRegistry'.
src/interfaces/services/index.ts(1124,12): error TS2304: Cannot find name 'globalServiceCapabilityRegistry'.
src/interfaces/services/index.ts(1155,11): error TS2304: Cannot find name 'globalServiceRegistry'.
src/interfaces/services/index.ts(1198,46): error TS2304: Cannot find name 'USLFactoryConfig'.
src/interfaces/services/index.ts(1265,30): error TS2304: Cannot find name 'DatabaseServiceConfig'.
src/interfaces/services/index.ts(1266,28): error TS2304: Cannot find name 'MemoryServiceConfig'.
src/interfaces/services/index.ts(1268,11): error TS2304: Cannot find name 'IService'.
src/interfaces/services/index.ts(1269,12): error TS2304: Cannot find name 'IService'.
src/interfaces/services/index.ts(1270,14): error TS2304: Cannot find name 'IService'.
src/interfaces/services/index.ts(1271,16): error TS2304: Cannot find name 'IService'.
src/interfaces/services/index.ts(1272,20): error TS2304: Cannot find name 'IService'.
src/interfaces/services/index.ts(1273,14): error TS2304: Cannot find name 'IService'.
src/interfaces/services/index.ts(1274,18): error TS2304: Cannot find name 'IService'.
src/interfaces/services/index.ts(1279,13): error TS2304: Cannot find name 'IService'.
src/interfaces/services/index.ts(1280,14): error TS2304: Cannot find name 'IService'.
src/interfaces/services/index.ts(1281,16): error TS2304: Cannot find name 'IService'.
src/interfaces/services/index.ts(1282,18): error TS2304: Cannot find name 'IService'.
src/interfaces/services/index.ts(1283,22): error TS2304: Cannot find name 'IService'.
src/interfaces/services/index.ts(1284,16): error TS2304: Cannot find name 'IService'.
src/interfaces/services/index.ts(1285,20): error TS2304: Cannot find name 'IService'.
src/interfaces/services/index.ts(1509,49): error TS2304: Cannot find name 'AnyServiceConfig'.
src/interfaces/services/index.ts(1512,14): error TS2304: Cannot find name 'IService'.
src/interfaces/services/index.ts(1517,19): error TS2304: Cannot find name 'ServiceDependencyError'.
src/interfaces/services/index.ts(1533,18): error TS2304: Cannot find name 'globalUSLFactory'.
src/interfaces/services/index.ts(1542,30): error TS2304: Cannot find name 'AnyServiceConfig'.
src/interfaces/services/index.ts(1543,14): error TS2304: Cannot find name 'IService'.
src/interfaces/services/index.ts(1551,28): error TS2304: Cannot find name 'IService'.
src/interfaces/services/index.ts(1584,36): error TS2304: Cannot find name 'ServiceManagerConfig'.
src/interfaces/services/index.ts(1585,30): error TS2304: Cannot find name 'ServiceRegistryConfig'.
src/interfaces/services/index.ts(1586,35): error TS2304: Cannot find name 'CompatibilityConfig'.
src/interfaces/services/index.ts(1587,32): error TS2304: Cannot find name 'ValidationConfig'.
src/interfaces/services/index.ts(1590,22): error TS2304: Cannot find name 'ServiceManager'.
src/interfaces/services/index.ts(1591,16): error TS2304: Cannot find name 'EnhancedServiceRegistry'.
src/interfaces/services/index.ts(1592,21): error TS2304: Cannot find name 'USLCompatibilityLayer'.
src/interfaces/services/index.ts(1593,18): error TS2304: Cannot find name 'USLValidationFramework'.
src/interfaces/services/index.ts(1600,24): error TS2304: Cannot find name 'ServiceManager'.
src/interfaces/services/index.ts(1601,18): error TS2304: Cannot find name 'EnhancedServiceRegistry'.
src/interfaces/services/index.ts(1602,23): error TS2304: Cannot find name 'USLCompatibilityLayer'.
src/interfaces/services/index.ts(1603,20): error TS2304: Cannot find name 'USLValidationFramework'.
src/interfaces/services/index.ts(1657,15): error TS2304: Cannot find name 'IService'.
src/interfaces/services/index.ts(1699,52): error TS2304: Cannot find name 'ValidationConfig'.
src/interfaces/services/index.ts(1701,23): error TS2304: Cannot find name 'ValidationResult'.
src/interfaces/services/index.ts(1702,23): error TS2304: Cannot find name 'SystemHealthValidation'.
src/interfaces/services/index.ts(1731,69): error TS7006: Parameter 'rec' implicitly has an 'any' type.
src/interfaces/services/index.ts(1919,14): error TS2323: Cannot redeclare exported variable 'createIntegrationServiceAdapter'.
src/interfaces/services/manager.ts(73,8): error TS2614: Module '"./adapters/coordination-service-factory"' has no exported member 'CoordinationServiceAdapterConfig'. Did you mean to use 'import CoordinationServiceAdapterConfig from "./adapters/coordination-service-factory"' instead?
src/interfaces/services/manager.ts(75,3): error TS2724: '"./adapters/coordination-service-factory"' has no exported member named 'globalCoordinationServiceFactory'. Did you mean 'CoordinationServiceFactory'?
src/interfaces/services/manager.ts(79,8): error TS2724: '"./adapters/data-service-factory"' has no exported member named 'DataServiceAdapterConfig'. Did you mean 'DataServiceFactoryConfig'?
src/interfaces/services/manager.ts(84,3): error TS2724: '"./adapters/infrastructure-service-factory"' has no exported member named 'globalInfrastructureServiceFactory'. Did you mean 'InfrastructureServiceFactory'?
src/interfaces/services/manager.ts(89,8): error TS2614: Module '"./adapters/integration-service-factory"' has no exported member 'IntegrationServiceAdapterConfig'. Did you mean to use 'import IntegrationServiceAdapterConfig from "./adapters/integration-service-factory"' instead?
src/interfaces/services/manager.ts(373,11): error TS6133: '_healthyCount' is declared but its value is never read.
src/interfaces/services/manager.ts(485,43): error TS2532: Object is possibly 'undefined'.
src/interfaces/services/manager.ts(525,5): error TS2322: Type 'DataServiceAdapter' is not assignable to type 'IService'.
  The types of 'config.retry' are incompatible between these types.
    Type '{ enabled: boolean; maxAttempts: number; backoffMultiplier: number; retryableOperations: string[]; }' is missing the following properties from type 'ServiceRetryConfig': attempts, delay, backoff
src/interfaces/services/manager.ts(533,5): error TS2322: Type 'DataServiceAdapter' is not assignable to type 'IService'.
  The types of 'config.retry' are incompatible between these types.
    Type '{ enabled: boolean; maxAttempts: number; backoffMultiplier: number; retryableOperations: string[]; }' is missing the following properties from type 'ServiceRetryConfig': attempts, delay, backoff
src/interfaces/services/manager.ts(541,5): error TS2322: Type 'DataServiceAdapter' is not assignable to type 'IService'.
  The types of 'config.retry' are incompatible between these types.
    Type '{ enabled: boolean; maxAttempts: number; backoffMultiplier: number; retryableOperations: string[]; }' is missing the following properties from type 'ServiceRetryConfig': attempts, delay, backoff
src/interfaces/services/manager.ts(549,50): error TS2339: Property 'createDaaAdapter' does not exist on type 'CoordinationServiceFactory'.
src/interfaces/services/manager.ts(556,50): error TS2339: Property 'createSessionRecoveryAdapter' does not exist on type 'CoordinationServiceFactory'.
src/interfaces/services/manager.ts(563,50): error TS2339: Property 'createUnifiedCoordinationAdapter' does not exist on type 'CoordinationServiceFactory'.
src/interfaces/services/manager.ts(572,5): error TS2322: Type 'IntegrationServiceAdapter' is not assignable to type 'IService'.
  The types of 'config.retry' are incompatible between these types.
    Type '{ enabled: boolean; maxAttempts: number; backoffMultiplier: number; retryableOperations: string[]; }' is missing the following properties from type 'ServiceRetryConfig': attempts, delay, backoff
src/interfaces/services/manager.ts(584,5): error TS2322: Type 'IntegrationServiceAdapter' is not assignable to type 'IService'.
  The types of 'config.retry' are incompatible between these types.
    Type '{ enabled: boolean; maxAttempts: number; backoffMultiplier: number; retryableOperations: string[]; }' is missing the following properties from type 'ServiceRetryConfig': attempts, delay, backoff
src/interfaces/services/manager.ts(596,5): error TS2322: Type 'IntegrationServiceAdapter' is not assignable to type 'IService'.
  The types of 'config.retry' are incompatible between these types.
    Type '{ enabled: boolean; maxAttempts: number; backoffMultiplier: number; retryableOperations: string[]; }' is missing the following properties from type 'ServiceRetryConfig': attempts, delay, backoff
src/interfaces/services/manager.ts(599,7): error TS2554: Expected 1-2 arguments, but got 3.
src/interfaces/services/manager.ts(608,52): error TS2339: Property 'createFacadeAdapter' does not exist on type 'InfrastructureServiceFactory'.
src/interfaces/services/manager.ts(616,52): error TS2339: Property 'createPatternIntegrationAdapter' does not exist on type 'InfrastructureServiceFactory'.
src/interfaces/services/manager.ts(628,52): error TS2339: Property 'createUnifiedInfrastructureAdapter' does not exist on type 'InfrastructureServiceFactory'.
src/interfaces/services/manager.ts(838,13): error TS6133: '_successRate' is declared but its value is never read.
src/interfaces/services/manager.ts(1090,43): error TS2345: Argument of type 'DataServiceFactory' is not assignable to parameter of type 'IServiceFactory<ServiceConfig>'.
  Types of property 'create' are incompatible.
    Type '(config: DataServiceAdapterConfig) => Promise<IService>' is not assignable to type '(config: ServiceConfig) => Promise<IService>'.
      Types of parameters 'config' and 'config' are incompatible.
        Type 'ServiceConfig' is not assignable to type 'DataServiceAdapterConfig' with 'exactOptionalPropertyTypes: true'. Consider adding 'undefined' to the types of the target's properties.
          Types of property 'retry' are incompatible.
            Type 'ServiceRetryConfig' is missing the following properties from type '{ enabled: boolean; maxAttempts: number; backoffMultiplier: number; retryableOperations: string[]; }': enabled, maxAttempts, backoffMultiplier, retryableOperations
src/interfaces/services/manager.ts(1091,51): error TS2345: Argument of type 'CoordinationServiceFactory' is not assignable to parameter of type 'IServiceFactory<ServiceConfig>'.
  Type 'CoordinationServiceFactory' is missing the following properties from type 'IServiceFactory<ServiceConfig>': getServicesByType, validateConfig, getConfigSchema
src/interfaces/services/manager.ts(1092,50): error TS2345: Argument of type 'IntegrationServiceFactory' is not assignable to parameter of type 'IServiceFactory<ServiceConfig>'.
  Type 'IntegrationServiceFactory' is missing the following properties from type 'IServiceFactory<ServiceConfig>': createMultiple, get, list, has, and 10 more.
src/interfaces/services/manager.ts(1093,53): error TS2345: Argument of type 'InfrastructureServiceFactory' is not assignable to parameter of type 'IServiceFactory<ServiceConfig>'.
  Type 'InfrastructureServiceFactory' is missing the following properties from type 'IServiceFactory<ServiceConfig>': create, createMultiple, get, list, and 12 more.
src/interfaces/services/manager.ts(1129,45): error TS2345: Argument of type 'InfrastructureServiceFactory | IntegrationServiceFactory | DataServiceFactory | CoordinationServiceFactory' is not assignable to parameter of type 'IServiceFactory<ServiceConfig>'.
  Type 'InfrastructureServiceFactory' is missing the following properties from type 'IServiceFactory<ServiceConfig>': create, createMultiple, get, list, and 12 more.
src/interfaces/services/manager.ts(1163,7): error TS2412: Type 'undefined' is not assignable to type 'Timeout' with 'exactOptionalPropertyTypes: true'. Consider adding 'undefined' to the type of the target.
src/interfaces/services/manager.ts(1168,7): error TS2412: Type 'undefined' is not assignable to type 'Timeout' with 'exactOptionalPropertyTypes: true'. Consider adding 'undefined' to the type of the target.
src/interfaces/services/manager.ts(1173,7): error TS2412: Type 'undefined' is not assignable to type 'Timeout' with 'exactOptionalPropertyTypes: true'. Consider adding 'undefined' to the type of the target.
src/interfaces/services/manager.ts(1199,38): error TS2345: Argument of type '(services: string[]) => void' is not assignable to parameter of type '(serviceName: string, service?: IService | undefined) => void'.
  Types of parameters 'services' and 'serviceName' are incompatible.
    Type 'string' is not assignable to type 'string[]'.
src/interfaces/services/manager.ts(1227,9): error TS2322: Type 'DataServiceFactory' is not assignable to type 'IServiceFactory<ServiceConfig>'.
  Types of property 'create' are incompatible.
    Type '(config: DataServiceAdapterConfig) => Promise<IService>' is not assignable to type '(config: ServiceConfig) => Promise<IService>'.
      Types of parameters 'config' and 'config' are incompatible.
        Type 'ServiceConfig' is not assignable to type 'DataServiceAdapterConfig' with 'exactOptionalPropertyTypes: true'. Consider adding 'undefined' to the types of the target's properties.
          Types of property 'retry' are incompatible.
            Type 'ServiceRetryConfig' is missing the following properties from type '{ enabled: boolean; maxAttempts: number; backoffMultiplier: number; retryableOperations: string[]; }': enabled, maxAttempts, backoffMultiplier, retryableOperations
src/interfaces/services/manager.ts(1232,9): error TS2739: Type 'CoordinationServiceFactory' is missing the following properties from type 'IServiceFactory<ServiceConfig>': getServicesByType, validateConfig, getConfigSchema
src/interfaces/services/manager.ts(1237,9): error TS2740: Type 'IntegrationServiceFactory' is missing the following properties from type 'IServiceFactory<ServiceConfig>': createMultiple, get, list, has, and 10 more.
src/interfaces/services/manager.ts(1241,9): error TS2740: Type 'InfrastructureServiceFactory' is missing the following properties from type 'IServiceFactory<ServiceConfig>': create, createMultiple, get, list, and 12 more.
src/interfaces/services/manager.ts(1502,12): error TS2339: Property 'systemMetrics' does not exist on type 'ServiceManager'.
src/interfaces/services/registry.ts(536,3): error TS2416: Property 'on' in type 'EnhancedServiceRegistry' is not assignable to the same property in base type 'EventEmitter<DefaultEventMap>'.
  Type '(event: string, handler: (serviceName: string, service?: IService | undefined) => void) => void' is not assignable to type '<K>(eventName: string | symbol, listener: (...args: any[]) => void) => this'.
    Type 'void' is not assignable to type 'this'.
      'this' could be instantiated with an arbitrary type which could be unrelated to 'void'.
src/interfaces/services/registry.ts(536,3): error TS4114: This member must have an 'override' modifier because it overrides a member in the base class 'EventEmitter<DefaultEventMap>'.
src/interfaces/services/registry.ts(543,3): error TS2416: Property 'off' in type 'EnhancedServiceRegistry' is not assignable to the same property in base type 'EventEmitter<DefaultEventMap>'.
  Type '(event: string, handler?: Function | undefined) => void' is not assignable to type '<K>(eventName: string | symbol, listener: (...args: any[]) => void) => this'.
    Type 'void' is not assignable to type 'this'.
      'this' could be instantiated with an arbitrary type which could be unrelated to 'void'.
src/interfaces/services/registry.ts(543,3): error TS4114: This member must have an 'override' modifier because it overrides a member in the base class 'EventEmitter<DefaultEventMap>'.
src/interfaces/services/registry.ts(545,24): error TS2345: Argument of type 'Function' is not assignable to parameter of type '(...args: any[]) => void'.
  Type 'Function' provides no match for the signature '(...args: any[]): void'.
src/interfaces/services/registry.ts(608,7): error TS2412: Type 'undefined' is not assignable to type 'Timeout' with 'exactOptionalPropertyTypes: true'. Consider adding 'undefined' to the type of the target.
src/interfaces/services/registry.ts(613,7): error TS2412: Type 'undefined' is not assignable to type 'Timeout' with 'exactOptionalPropertyTypes: true'. Consider adding 'undefined' to the type of the target.
src/interfaces/services/registry.ts(618,7): error TS2412: Type 'undefined' is not assignable to type 'Timeout' with 'exactOptionalPropertyTypes: true'. Consider adding 'undefined' to the type of the target.
src/interfaces/services/registry.ts(728,13): error TS6133: '_responseTime' is declared but its value is never read.
src/interfaces/services/registry.ts(733,9): error TS2322: Type '"healthy" | "degraded" | "unhealthy" | "unknown"' is not assignable to type '"healthy" | "degraded" | "unhealthy"'.
  Type '"unknown"' is not assignable to type '"healthy" | "degraded" | "unhealthy"'.
src/interfaces/services/validation.ts(357,9): error TS2322: Type '"healthy" | "degraded" | "unhealthy" | "unknown"' is not assignable to type '"healthy" | "degraded" | "unhealthy"'.
  Type '"unknown"' is not assignable to type '"healthy" | "degraded" | "unhealthy"'.
src/interfaces/services/validation.ts(474,11): error TS6133: '_startTime' is declared but its value is never read.
src/interfaces/services/validation.ts(644,13): error TS6133: '_systemThroughput' is declared but its value is never read.
src/interfaces/services/validation.ts(836,37): error TS2339: Property 'migratedPatterns' does not exist on type '{ legacyUsageCount: number; migrationLog: any; recommendations: string[]; completionPercentage: number; }'.
src/interfaces/services/validation.ts(837,38): error TS2339: Property 'remainingMigrations' does not exist on type '{ legacyUsageCount: number; migrationLog: any; recommendations: string[]; completionPercentage: number; }'.
src/interfaces/services/validation.ts(844,54): error TS2339: Property 'remainingMigrations' does not exist on type '{ legacyUsageCount: number; migrationLog: any; recommendations: string[]; completionPercentage: number; }'.
src/interfaces/shared/config.ts(177,21): error TS2322: Type '{ primary: "#00D9FF"; secondary: "#FF6B35"; success: "#28A745"; warning: "#FFC107"; error: "#DC3545"; background: "#1A1A1A"; surface: "#2D2D2D"; text: "#FFFFFF"; textSecondary: "#CCCCCC"; } | { ...; }' is not assignable to type '{ readonly primary: "#00D9FF"; readonly secondary: "#FF6B35"; readonly success: "#28A745"; readonly warning: "#FFC107"; readonly error: "#DC3545"; readonly background: "#1A1A1A"; readonly surface: "#2D2D2D"; readonly text: "#FFFFFF"; readonly textSecondary: "#CCCCCC"; }'.
  Type '{ primary: "#007BFF"; secondary: "#6C757D"; success: "#28A745"; warning: "#FFC107"; error: "#DC3545"; background: "#FFFFFF"; surface: "#F8F9FA"; text: "#212529"; textSecondary: "#6C757D"; }' is not assignable to type '{ readonly primary: "#00D9FF"; readonly secondary: "#FF6B35"; readonly success: "#28A745"; readonly warning: "#FFC107"; readonly error: "#DC3545"; readonly background: "#1A1A1A"; readonly surface: "#2D2D2D"; readonly text: "#FFFFFF"; readonly textSecondary: "#CCCCCC"; }'.
    Types of property 'primary' are incompatible.
      Type '"#007BFF"' is not assignable to type '"#00D9FF"'.
src/interfaces/terminal/command-execution-engine.ts(186,36): error TS4111: Property 'template' comes from an index signature, so it must be accessed with ['template'].
src/interfaces/terminal/command-execution-engine.ts(259,23): error TS4111: Property 'json' comes from an index signature, so it must be accessed with ['json'].
src/interfaces/terminal/command-execution-engine.ts(339,36): error TS4111: Property 'port' comes from an index signature, so it must be accessed with ['port'].
src/interfaces/terminal/command-execution-engine.ts(340,40): error TS4111: Property 'stdio' comes from an index signature, so it must be accessed with ['stdio'].
src/interfaces/terminal/command-execution-engine.ts(530,46): error TS4111: Property 'confidence' comes from an index signature, so it must be accessed with ['confidence'].
src/interfaces/terminal/command-execution-engine.ts(530,74): error TS4111: Property 'c' comes from an index signature, so it must be accessed with ['c'].
src/interfaces/terminal/command-execution-engine.ts(533,27): error TS4111: Property 'maxIterations' comes from an index signature, so it must be accessed with ['maxIterations'].
src/interfaces/terminal/command-execution-engine.ts(533,93): error TS4111: Property 'i' comes from an index signature, so it must be accessed with ['i'].
src/interfaces/terminal/command-execution-engine.ts(536,25): error TS4111: Property 'autoSwarms' comes from an index signature, so it must be accessed with ['autoSwarms'].
src/interfaces/terminal/command-execution-engine.ts(538,25): error TS4111: Property 's' comes from an index signature, so it must be accessed with ['s'].
src/interfaces/terminal/command-execution-engine.ts(539,39): error TS4111: Property 'skipValidation' comes from an index signature, so it must be accessed with ['skipValidation'].
src/interfaces/terminal/command-execution-engine.ts(540,33): error TS4111: Property 'topology' comes from an index signature, so it must be accessed with ['topology'].
src/interfaces/terminal/command-execution-engine.ts(540,59): error TS4111: Property 't' comes from an index signature, so it must be accessed with ['t'].
src/interfaces/terminal/command-execution-engine.ts(542,34): error TS4111: Property 'maxAgents' comes from an index signature, so it must be accessed with ['maxAgents'].
src/interfaces/terminal/command-execution-engine.ts(542,92): error TS4111: Property 'a' comes from an index signature, so it must be accessed with ['a'].
src/interfaces/terminal/command-execution-engine.ts(543,31): error TS4111: Property 'output' comes from an index signature, so it must be accessed with ['output'].
src/interfaces/terminal/command-execution-engine.ts(543,55): error TS4111: Property 'o' comes from an index signature, so it must be accessed with ['o'].
src/interfaces/terminal/command-execution-engine.ts(544,36): error TS4111: Property 'saveResults' comes from an index signature, so it must be accessed with ['saveResults'].
src/interfaces/terminal/command-execution-engine.ts(545,32): error TS4111: Property 'verbose' comes from an index signature, so it must be accessed with ['verbose'].
src/interfaces/terminal/command-execution-engine.ts(545,57): error TS4111: Property 'v' comes from an index signature, so it must be accessed with ['v'].
src/interfaces/terminal/command-execution-engine.ts(546,31): error TS4111: Property 'dryRun' comes from an index signature, so it must be accessed with ['dryRun'].
src/interfaces/terminal/command-execution-engine.ts(547,36): error TS4111: Property 'interactive' comes from an index signature, so it must be accessed with ['interactive'].
src/interfaces/terminal/command-execution-engine.ts(826,43): error TS4111: Property 'agents' comes from an index signature, so it must be accessed with ['agents'].
src/interfaces/terminal/command-execution-engine.ts(827,36): error TS4111: Property 'topology' comes from an index signature, so it must be accessed with ['topology'].
src/interfaces/terminal/command-execution-engine.ts(984,75): error TS18046: 'error' is of type 'unknown'.
src/interfaces/terminal/command-execution-engine.ts(1027,47): error TS18046: 'error' is of type 'unknown'.
src/interfaces/terminal/command-execution-engine.ts(1034,43): error TS4111: Property 'agents' comes from an index signature, so it must be accessed with ['agents'].
src/interfaces/terminal/command-execution-engine.ts(1035,36): error TS4111: Property 'topology' comes from an index signature, so it must be accessed with ['topology'].
src/interfaces/terminal/command-execution-engine.ts(1058,38): error TS4111: Property 'topology' comes from an index signature, so it must be accessed with ['topology'].
src/interfaces/terminal/command-execution-engine.ts(1058,64): error TS4111: Property 't' comes from an index signature, so it must be accessed with ['t'].
src/interfaces/terminal/command-execution-engine.ts(1059,48): error TS4111: Property 'agents' comes from an index signature, so it must be accessed with ['agents'].
src/interfaces/terminal/command-execution-engine.ts(1059,72): error TS4111: Property 'a' comes from an index signature, so it must be accessed with ['a'].
src/interfaces/terminal/command-execution-engine.ts(1085,47): error TS18046: 'error' is of type 'unknown'.
src/interfaces/terminal/command-execution-engine.ts(1122,42): error TS18046: 'error' is of type 'unknown'.
src/interfaces/terminal/command-execution-engine.ts(1154,50): error TS18046: 'error' is of type 'unknown'.
src/interfaces/terminal/command-execution-engine.ts(1186,48): error TS18046: 'error' is of type 'unknown'.
src/interfaces/terminal/command-execution-engine.ts(1199,38): error TS4111: Property 'strategy' comes from an index signature, so it must be accessed with ['strategy'].
src/interfaces/terminal/command-execution-engine.ts(1199,64): error TS4111: Property 's' comes from an index signature, so it must be accessed with ['s'].
src/interfaces/terminal/command-execution-engine.ts(1223,47): error TS18046: 'error' is of type 'unknown'.
src/interfaces/terminal/command-execution-engine.ts(1236,36): error TS4111: Property 'domain' comes from an index signature, so it must be accessed with ['domain'].
src/interfaces/terminal/command-execution-engine.ts(1236,60): error TS4111: Property 'd' comes from an index signature, so it must be accessed with ['d'].
src/interfaces/terminal/command-execution-engine.ts(1237,51): error TS4111: Property 'confidence' comes from an index signature, so it must be accessed with ['confidence'].
src/interfaces/terminal/command-execution-engine.ts(1237,79): error TS4111: Property 'c' comes from an index signature, so it must be accessed with ['c'].
src/interfaces/terminal/command-execution-engine.ts(1261,41): error TS18046: 'error' is of type 'unknown'.
src/interfaces/terminal/command-execution-engine.ts(1291,46): error TS18046: 'error' is of type 'unknown'.
src/interfaces/terminal/command-execution-engine.ts(1303,36): error TS4111: Property 'status' comes from an index signature, so it must be accessed with ['status'].
src/interfaces/terminal/command-execution-engine.ts(1303,60): error TS4111: Property 's' comes from an index signature, so it must be accessed with ['s'].
src/interfaces/terminal/command-execution-engine.ts(1325,45): error TS18046: 'error' is of type 'unknown'.
src/interfaces/terminal/command-execution-engine.ts(1355,49): error TS18046: 'error' is of type 'unknown'.
src/interfaces/terminal/command-execution-engine.ts(1389,40): error TS18046: 'error' is of type 'unknown'.
src/interfaces/terminal/command-execution-engine.ts(1419,46): error TS18046: 'error' is of type 'unknown'.
src/interfaces/terminal/command-execution-engine.ts(1432,34): error TS4111: Property 'type' comes from an index signature, so it must be accessed with ['type'].
src/interfaces/terminal/command-execution-engine.ts(1432,56): error TS4111: Property 't' comes from an index signature, so it must be accessed with ['t'].
src/interfaces/terminal/command-execution-engine.ts(1433,37): error TS4111: Property 'content' comes from an index signature, so it must be accessed with ['content'].
src/interfaces/terminal/command-execution-engine.ts(1433,62): error TS4111: Property 'c' comes from an index signature, so it must be accessed with ['c'].
src/interfaces/terminal/command-execution-engine.ts(1434,51): error TS4111: Property 'confidence' comes from an index signature, so it must be accessed with ['confidence'].
src/interfaces/terminal/command-execution-engine.ts(1467,49): error TS18046: 'error' is of type 'unknown'.
src/interfaces/terminal/command-execution-renderer.tsx(44,9): error TS6133: 'exit' is declared but its value is never read.
src/interfaces/terminal/command-execution-renderer.tsx(83,34): error TS2345: Argument of type 'string | undefined' is not assignable to parameter of type 'string'.
  Type 'undefined' is not assignable to type 'string'.
src/interfaces/terminal/command-execution-renderer.tsx(83,76): error TS2345: Argument of type 'string | undefined' is not assignable to parameter of type 'string'.
  Type 'undefined' is not assignable to type 'string'.
src/interfaces/terminal/command-execution-renderer.tsx(88,69): error TS2345: Argument of type 'string | undefined' is not assignable to parameter of type 'string'.
  Type 'undefined' is not assignable to type 'string'.
src/interfaces/terminal/command-execution-renderer.tsx(93,15): error TS2353: Object literal may only specify known properties, and 'timestamp' does not exist in type 'CommandResult'.
src/interfaces/terminal/command-execution-renderer.tsx(99,15): error TS2353: Object literal may only specify known properties, and 'timestamp' does not exist in type 'CommandResult'.
src/interfaces/terminal/command-execution-renderer.tsx(104,64): error TS2345: Argument of type 'string | undefined' is not assignable to parameter of type 'string'.
  Type 'undefined' is not assignable to type 'string'.
src/interfaces/terminal/command-execution-renderer.tsx(117,17): error TS4111: Property 'interactive' comes from an index signature, so it must be accessed with ['interactive'].
src/interfaces/terminal/command-execution-renderer.tsx(129,17): error TS4111: Property 'interactive' comes from an index signature, so it must be accessed with ['interactive'].
src/interfaces/terminal/command-execution-renderer.tsx(145,15): error TS4111: Property 'json' comes from an index signature, so it must be accessed with ['json'].
src/interfaces/terminal/command-execution-renderer.tsx(187,16): error TS4111: Property 'interactive' comes from an index signature, so it must be accessed with ['interactive'].
src/interfaces/terminal/command-execution-renderer.tsx(365,28): error TS4111: Property 'verbose' comes from an index signature, so it must be accessed with ['verbose'].
src/interfaces/terminal/command-execution-renderer.tsx(373,13): error TS4111: Property 'json' comes from an index signature, so it must be accessed with ['json'].
src/interfaces/terminal/components/error-message.tsx(42,3): error TS6133: 'testId' is declared but its value is never read.
src/interfaces/terminal/components/footer.tsx(36,3): error TS6133: 'testId' is declared but its value is never read.
src/interfaces/terminal/components/footer.tsx(92,4): error TS2375: Type '{ mode: "command"; status: string | undefined; }' is not assignable to type 'FooterProps' with 'exactOptionalPropertyTypes: true'. Consider adding 'undefined' to the types of the target's properties.
  Types of property 'status' are incompatible.
    Type 'string | undefined' is not assignable to type 'string'.
      Type 'undefined' is not assignable to type 'string'.
src/interfaces/terminal/components/footer.tsx(96,4): error TS2375: Type '{ mode: "interactive"; status: string | undefined; shortcuts: { key: string; action: string; }[]; }' is not assignable to type 'FooterProps' with 'exactOptionalPropertyTypes: true'. Consider adding 'undefined' to the types of the target's properties.
  Types of property 'status' are incompatible.
    Type 'string | undefined' is not assignable to type 'string'.
      Type 'undefined' is not assignable to type 'string'.
src/interfaces/terminal/components/footer.tsx(112,4): error TS2375: Type '{ mode: "menu"; status: string | undefined; }' is not assignable to type 'FooterProps' with 'exactOptionalPropertyTypes: true'. Consider adding 'undefined' to the types of the target's properties.
  Types of property 'status' are incompatible.
    Type 'string | undefined' is not assignable to type 'string'.
      Type 'undefined' is not assignable to type 'string'.
src/interfaces/terminal/components/footer.tsx(132,11): error TS2375: Type '{ mode: "interactive"; shortcuts: { key: string; action: string; }[]; status: string | undefined; }' is not assignable to type 'FooterProps' with 'exactOptionalPropertyTypes: true'. Consider adding 'undefined' to the types of the target's properties.
  Types of property 'status' are incompatible.
    Type 'string | undefined' is not assignable to type 'string'.
      Type 'undefined' is not assignable to type 'string'.
src/interfaces/terminal/components/header.tsx(54,3): error TS6133: 'testId' is declared but its value is never read.
src/interfaces/terminal/components/progress-bar.tsx(55,3): error TS6133: 'testId' is declared but its value is never read.
src/interfaces/terminal/components/progress-bar.tsx(151,6): error TS2375: Type '{ progress: number; current: number; total: number; label: string | undefined; showNumbers: true; showPercentage: true; width: number; color: string; }' is not assignable to type 'ProgressBarProps' with 'exactOptionalPropertyTypes: true'. Consider adding 'undefined' to the types of the target's properties.
  Types of property 'label' are incompatible.
    Type 'string | undefined' is not assignable to type 'string'.
      Type 'undefined' is not assignable to type 'string'.
src/interfaces/terminal/components/spinner.tsx(38,3): error TS6133: 'testId' is declared but its value is never read.
src/interfaces/terminal/components/spinner.tsx(68,56): error TS2339: Property 'length' does not exist on type 'never'.
src/interfaces/terminal/components/spinner.tsx(72,14): error TS2339: Property 'length' does not exist on type 'never'.
src/interfaces/terminal/components/spinner.tsx(104,4): error TS2375: Type '{ text: string | undefined; type: "dots"; color: string; }' is not assignable to type 'SpinnerProps' with 'exactOptionalPropertyTypes: true'. Consider adding 'undefined' to the types of the target's properties.
  Types of property 'text' are incompatible.
    Type 'string | undefined' is not assignable to type 'string'.
      Type 'undefined' is not assignable to type 'string'.
src/interfaces/terminal/components/spinner.tsx(110,37): error TS2375: Type '{ type: "neural" | "coordination" | "swarm" | "processing"; text: string | undefined; color: string; speed: number; }' is not assignable to type 'SpinnerProps' with 'exactOptionalPropertyTypes: true'. Consider adding 'undefined' to the types of the target's properties.
  Types of property 'text' are incompatible.
    Type 'string | undefined' is not assignable to type 'string'.
      Type 'undefined' is not assignable to type 'string'.
src/interfaces/terminal/components/status-badge.tsx(51,3): error TS6133: 'testId' is declared but its value is never read.
src/interfaces/terminal/components/status-badge.tsx(124,4): error TS2375: Type '{ status: "success"; text: string | undefined; }' is not assignable to type 'StatusBadgeProps' with 'exactOptionalPropertyTypes: true'. Consider adding 'undefined' to the types of the target's properties.
  Types of property 'text' are incompatible.
    Type 'string | undefined' is not assignable to type 'string'.
      Type 'undefined' is not assignable to type 'string'.
src/interfaces/terminal/components/status-badge.tsx(128,4): error TS2375: Type '{ status: "error"; text: string | undefined; }' is not assignable to type 'StatusBadgeProps' with 'exactOptionalPropertyTypes: true'. Consider adding 'undefined' to the types of the target's properties.
  Types of property 'text' are incompatible.
    Type 'string | undefined' is not assignable to type 'string'.
      Type 'undefined' is not assignable to type 'string'.
src/interfaces/terminal/components/status-badge.tsx(132,4): error TS2375: Type '{ status: "warning"; text: string | undefined; }' is not assignable to type 'StatusBadgeProps' with 'exactOptionalPropertyTypes: true'. Consider adding 'undefined' to the types of the target's properties.
  Types of property 'text' are incompatible.
    Type 'string | undefined' is not assignable to type 'string'.
      Type 'undefined' is not assignable to type 'string'.
src/interfaces/terminal/components/status-badge.tsx(136,4): error TS2375: Type '{ status: "info"; text: string | undefined; }' is not assignable to type 'StatusBadgeProps' with 'exactOptionalPropertyTypes: true'. Consider adding 'undefined' to the types of the target's properties.
  Types of property 'text' are incompatible.
    Type 'string | undefined' is not assignable to type 'string'.
      Type 'undefined' is not assignable to type 'string'.
src/interfaces/terminal/components/status-badge.tsx(140,4): error TS2375: Type '{ status: "pending"; text: string | undefined; }' is not assignable to type 'StatusBadgeProps' with 'exactOptionalPropertyTypes: true'. Consider adding 'undefined' to the types of the target's properties.
  Types of property 'text' are incompatible.
    Type 'string | undefined' is not assignable to type 'string'.
      Type 'undefined' is not assignable to type 'string'.
src/interfaces/terminal/components/status-badge.tsx(145,4): error TS2375: Type '{ status: "active"; text: string | undefined; variant: "minimal"; }' is not assignable to type 'StatusBadgeProps' with 'exactOptionalPropertyTypes: true'. Consider adding 'undefined' to the types of the target's properties.
  Types of property 'text' are incompatible.
    Type 'string | undefined' is not assignable to type 'string'.
      Type 'undefined' is not assignable to type 'string'.
src/interfaces/terminal/components/status-badge.tsx(149,4): error TS2375: Type '{ status: "idle"; text: string | undefined; variant: "minimal"; }' is not assignable to type 'StatusBadgeProps' with 'exactOptionalPropertyTypes: true'. Consider adding 'undefined' to the types of the target's properties.
  Types of property 'text' are incompatible.
    Type 'string | undefined' is not assignable to type 'string'.
      Type 'undefined' is not assignable to type 'string'.
src/interfaces/terminal/components/status-badge.tsx(153,4): error TS2375: Type '{ status: "busy"; text: string | undefined; variant: "minimal"; }' is not assignable to type 'StatusBadgeProps' with 'exactOptionalPropertyTypes: true'. Consider adding 'undefined' to the types of the target's properties.
  Types of property 'text' are incompatible.
    Type 'string | undefined' is not assignable to type 'string'.
      Type 'undefined' is not assignable to type 'string'.
src/interfaces/terminal/components/status-badge.tsx(157,4): error TS2375: Type '{ status: "in_progress"; text: string | undefined; }' is not assignable to type 'StatusBadgeProps' with 'exactOptionalPropertyTypes: true'. Consider adding 'undefined' to the types of the target's properties.
  Types of property 'text' are incompatible.
    Type 'string | undefined' is not assignable to type 'string'.
      Type 'undefined' is not assignable to type 'string'.
src/interfaces/terminal/index.ts(25,1): error TS2308: Module './components/index' has already exported a member named 'SwarmStatus'. Consider explicitly re-exporting to resolve the ambiguity.
src/interfaces/terminal/index.ts(25,1): error TS2308: Module './process-orchestrator' has already exported a member named 'TerminalConfig'. Consider explicitly re-exporting to resolve the ambiguity.
src/interfaces/terminal/index.ts(89,11): error TS6133: '_mode' is declared but its value is never read.
src/interfaces/terminal/index.ts(91,11): error TS2304: Cannot find name 'detectMode'.
src/interfaces/terminal/index.ts(92,32): error TS2304: Cannot find name 'TerminalMode'.
src/interfaces/terminal/index.ts(96,21): error TS2339: Property 'debug' does not exist on type 'TerminalInterfaceConfig'.
src/interfaces/terminal/index.ts(129,11): error TS18048: 'arg' is possibly 'undefined'.
src/interfaces/terminal/index.ts(130,21): error TS18048: 'arg' is possibly 'undefined'.
src/interfaces/terminal/index.ts(139,18): error TS18048: 'arg' is possibly 'undefined'.
src/interfaces/terminal/index.ts(140,21): error TS18048: 'arg' is possibly 'undefined'.
src/interfaces/terminal/interactive-terminal-application.tsx(250,14): error TS2345: Argument of type '(prev: TUIState) => { currentScreen: ScreenType; error: undefined; isInitializing: boolean; swarmStatus: SwarmStatus; swarmMetrics: SwarmMetrics; agents: SwarmAgent[]; tasks: SwarmTask[]; }' is not assignable to parameter of type 'SetStateAction<TUIState>'.
  Type '(prev: TUIState) => { currentScreen: ScreenType; error: undefined; isInitializing: boolean; swarmStatus: SwarmStatus; swarmMetrics: SwarmMetrics; agents: SwarmAgent[]; tasks: SwarmTask[]; }' is not assignable to type '(prevState: TUIState) => TUIState'.
    Call signature return types '{ currentScreen: ScreenType; error: undefined; isInitializing: boolean; swarmStatus: SwarmStatus; swarmMetrics: SwarmMetrics; agents: SwarmAgent[]; tasks: SwarmTask[]; }' and 'TUIState' are incompatible.
      The types of 'error' are incompatible between these types.
        Type 'undefined' is not assignable to type 'Error'.
src/interfaces/terminal/interactive-terminal-application.tsx(288,28): error TS4111: Property 'verbose' comes from an index signature, so it must be accessed with ['verbose'].
src/interfaces/terminal/interactive-terminal-application.tsx(325,13): error TS2322: Type '(screen: ScreenType) => void' is not assignable to type '(screen: string) => void'.
  Types of parameters 'screen' and 'screen' are incompatible.
    Type 'string' is not assignable to type 'ScreenType'.
src/interfaces/terminal/main.ts(91,9): error TS18048: 'arg' is possibly 'undefined'.
src/interfaces/terminal/main.ts(92,19): error TS18048: 'arg' is possibly 'undefined'.
src/interfaces/terminal/main.ts(110,16): error TS18048: 'arg' is possibly 'undefined'.
src/interfaces/terminal/main.ts(110,39): error TS18048: 'arg' is possibly 'undefined'.
src/interfaces/terminal/main.ts(111,19): error TS18048: 'arg' is possibly 'undefined'.
src/interfaces/terminal/screens/main-menu.tsx(125,10): error TS2375: Type '{ title: string; version: string; swarmStatus: SwarmStatus | undefined; mode: "swarm" | "standard"; showBorder: true; centerAlign: false; }' is not assignable to type 'HeaderProps' with 'exactOptionalPropertyTypes: true'. Consider adding 'undefined' to the types of the target's properties.
  Types of property 'swarmStatus' are incompatible.
    Type 'SwarmStatus | undefined' is not assignable to type 'SwarmStatus'.
      Type 'undefined' is not assignable to type 'SwarmStatus'.
src/interfaces/terminal/screens/main-menu.tsx(143,22): error TS2322: Type '{ children: string; bold: true; marginBottom: number; }' is not assignable to type 'IntrinsicAttributes & Props'.
  Property 'marginBottom' does not exist on type 'IntrinsicAttributes & Props'.
src/interfaces/terminal/screens/main-menu.tsx(170,10): error TS2375: Type '{ currentScreen: string; availableScreens: { key: string; name: string; }[]; status: string | undefined; }' is not assignable to type '{ currentScreen?: string; availableScreens?: { key: string; name: string; }[]; status?: string; }' with 'exactOptionalPropertyTypes: true'. Consider adding 'undefined' to the types of the target's properties.
  Types of property 'status' are incompatible.
    Type 'string | undefined' is not assignable to type 'string'.
      Type 'undefined' is not assignable to type 'string'.
src/interfaces/terminal/state-hooks/use-config.ts(72,7): error TS2448: Block-scoped variable 'loadConfig' used before its declaration.
src/interfaces/terminal/state-hooks/use-config.ts(72,7): error TS2454: Variable 'loadConfig' is used before being assigned.
src/interfaces/terminal/state-hooks/use-config.ts(104,24): error TS4111: Property 'HOME' comes from an index signature, so it must be accessed with ['HOME'].
src/interfaces/terminal/state-hooks/use-config.ts(191,3): error TS2375: Type '{ data: TerminalConfig; isLoading: boolean; error: Error | undefined; updateConfig: (updates: Partial<TerminalConfig>) => Promise<void>; updateUIConfig: (updates: Partial<TerminalConfig["ui"]>) => Promise<...>; updateSwarmConfig: (updates: Partial<TerminalConfig["swarmConfig"]>) => Promise<...>; resetConfig: () => P...' is not assignable to type 'UseConfigReturn' with 'exactOptionalPropertyTypes: true'. Consider adding 'undefined' to the types of the target's properties.
  Types of property 'error' are incompatible.
    Type 'Error | undefined' is not assignable to type 'Error'.
      Type 'undefined' is not assignable to type 'Error'.
src/interfaces/terminal/state-hooks/use-swarm-status.ts(84,34): error TS4111: Property 'NODE_ENV' comes from an index signature, so it must be accessed with ['NODE_ENV'].
src/interfaces/terminal/state-hooks/use-swarm-status.ts(92,13): error TS7030: Not all code paths return a value.
src/interfaces/terminal/state-hooks/use-swarm-status.ts(100,37): error TS2448: Block-scoped variable 'refreshStatus' used before its declaration.
src/interfaces/terminal/state-hooks/use-swarm-status.ts(100,37): error TS2454: Variable 'refreshStatus' is used before being assigned.
src/interfaces/terminal/state-hooks/use-swarm-status.ts(350,13): error TS2375: Type '{ id: string; description: string; status: "pending" | "in_progress" | "completed" | "failed"; progress: number; assignedAgents: string[]; priority: "low" | "medium" | "high" | "critical"; startTime: Date; endTime?: Date; estimatedDuration?: number; }' is not assignable to type 'SwarmTask' with 'exactOptionalPropertyTypes: true'. Consider adding 'undefined' to the types of the target's properties.
  Types of property 'startTime' are incompatible.
    Type 'Date | undefined' is not assignable to type 'Date'.
      Type 'undefined' is not assignable to type 'Date'.
src/interfaces/terminal/state-hooks/use-swarm-status.ts(385,46): error TS2554: Expected 1-2 arguments, but got 3.
src/interfaces/terminal/state-hooks/use-swarm-status.ts(426,3): error TS2375: Type '{ swarmState: SwarmState; isLoading: boolean; error: Error | undefined; refreshStatus: () => Promise<void>; startAgent: (agentConfig: Partial<SwarmAgent>) => Promise<...>; stopAgent: (agentId: string) => Promise<...>; createTask: (taskConfig: Partial<SwarmTask>) => Promise<...>; updateTask: (taskId: string, updates:...' is not assignable to type 'UseSwarmStatusReturn' with 'exactOptionalPropertyTypes: true'. Consider adding 'undefined' to the types of the target's properties.
  Types of property 'error' are incompatible.
    Type 'Error | undefined' is not assignable to type 'Error'.
      Type 'undefined' is not assignable to type 'Error'.
src/interfaces/terminal/terminal-interface-router.tsx(64,9): error TS18048: 'arg' is possibly 'undefined'.
src/interfaces/terminal/terminal-interface-router.tsx(65,19): error TS18048: 'arg' is possibly 'undefined'.
src/interfaces/terminal/terminal-interface-router.tsx(74,16): error TS18048: 'arg' is possibly 'undefined'.
src/interfaces/terminal/terminal-interface-router.tsx(75,19): error TS18048: 'arg' is possibly 'undefined'.
src/interfaces/terminal/terminal-interface-router.tsx(78,21): error TS2345: Argument of type 'string | undefined' is not assignable to parameter of type 'string'.
  Type 'undefined' is not assignable to type 'string'.
src/interfaces/terminal/terminal-interface-router.tsx(92,11): error TS6133: '_packageJson' is declared but its value is never read.
src/interfaces/terminal/terminal-interface-router.tsx(114,15): error TS4111: Property 'version' comes from an index signature, so it must be accessed with ['version'].
src/interfaces/terminal/terminal-interface-router.tsx(114,32): error TS4111: Property 'v' comes from an index signature, so it must be accessed with ['v'].
src/interfaces/terminal/terminal-interface-router.tsx(118,15): error TS4111: Property 'help' comes from an index signature, so it must be accessed with ['help'].
src/interfaces/terminal/terminal-interface-router.tsx(118,29): error TS4111: Property 'h' comes from an index signature, so it must be accessed with ['h'].
src/interfaces/terminal/terminal-interface-router.tsx(123,15): error TS4111: Property 'web' comes from an index signature, so it must be accessed with ['web'].
src/interfaces/terminal/terminal-interface-router.tsx(124,48): error TS2307: Cannot find module '../../core/unified-interface-launcher.js' or its corresponding type declarations.
src/interfaces/terminal/terminal-interface-router.tsx(127,24): error TS4111: Property 'port' comes from an index signature, so it must be accessed with ['port'].
src/interfaces/terminal/terminal-interface-router.tsx(128,24): error TS4111: Property 'verbose' comes from an index signature, so it must be accessed with ['verbose'].
src/interfaces/terminal/utils/logger.ts(21,23): error TS4111: Property 'DEBUG' comes from an index signature, so it must be accessed with ['DEBUG'].
src/interfaces/terminal/utils/logger.ts(21,44): error TS4111: Property 'VERBOSE' comes from an index signature, so it must be accessed with ['VERBOSE'].
src/interfaces/terminal/utils/mock-command-handler.ts(43,30): error TS4111: Property 'template' comes from an index signature, so it must be accessed with ['template'].
src/interfaces/terminal/utils/mock-command-handler.ts(110,17): error TS4111: Property 'json' comes from an index signature, so it must be accessed with ['json'].
src/interfaces/terminal/utils/mock-command-handler.ts(154,63): error TS4111: Property 'agents' comes from an index signature, so it must be accessed with ['agents'].
src/interfaces/terminal/utils/mock-command-handler.ts(157,29): error TS4111: Property 'agents' comes from an index signature, so it must be accessed with ['agents'].
src/interfaces/terminal/utils/mock-command-handler.ts(158,31): error TS4111: Property 'topology' comes from an index signature, so it must be accessed with ['topology'].
src/interfaces/terminal/utils/mock-command-handler.ts(242,30): error TS4111: Property 'port' comes from an index signature, so it must be accessed with ['port'].
src/interfaces/terminal/utils/mock-command-handler.ts(249,31): error TS4111: Property 'stdio' comes from an index signature, so it must be accessed with ['stdio'].
src/interfaces/terminal/utils/mock-command-handler.ts(406,7): error TS2375: Type '{ success: boolean; message: string | undefined; data: any; error: string | undefined; }' is not assignable to type 'CommandResult' with 'exactOptionalPropertyTypes: true'. Consider adding 'undefined' to the types of the target's properties.
  Types of property 'message' are incompatible.
    Type 'string | undefined' is not assignable to type 'string'.
      Type 'undefined' is not assignable to type 'string'.
src/interfaces/terminal/utils/mode-detector.ts(23,13): error TS4111: Property 'ui' comes from an index signature, so it must be accessed with ['ui'].
src/interfaces/terminal/utils/mode-detector.ts(23,25): error TS4111: Property 'tui' comes from an index signature, so it must be accessed with ['tui'].
src/interfaces/terminal/utils/mode-detector.ts(28,13): error TS4111: Property 'interactive' comes from an index signature, so it must be accessed with ['interactive'].
src/interfaces/terminal/utils/mode-detector.ts(28,34): error TS4111: Property 'i' comes from an index signature, so it must be accessed with ['i'].
src/interfaces/terminal/utils/mode-detector.ts(57,13): error TS4111: Property 'ui' comes from an index signature, so it must be accessed with ['ui'].
src/interfaces/terminal/utils/mode-detector.ts(57,25): error TS4111: Property 'tui' comes from an index signature, so it must be accessed with ['tui'].
src/interfaces/terminal/utils/mode-detector.ts(65,13): error TS4111: Property 'interactive' comes from an index signature, so it must be accessed with ['interactive'].
src/interfaces/terminal/utils/mode-detector.ts(65,34): error TS4111: Property 'i' comes from an index signature, so it must be accessed with ['i'].
src/interfaces/terminal/utils/mode-detector.ts(100,65): error TS4111: Property 'CI' comes from an index signature, so it must be accessed with ['CI'].
src/interfaces/terminal/utils/mode-detector.ts(100,83): error TS4111: Property 'TERM' comes from an index signature, so it must be accessed with ['TERM'].
src/interfaces/terminal/utils/mode-detector.ts(118,25): error TS4111: Property 'CI' comes from an index signature, so it must be accessed with ['CI'].
src/interfaces/terminal/utils/mode-detector.ts(119,23): error TS4111: Property 'TERM' comes from an index signature, so it must be accessed with ['TERM'].
src/interfaces/tui/components/deployment-progress.tsx(18,20): error TS2339: Property 'status' does not exist on type '"failed" | "success" | "pending" | "deploying"'.
  Property 'status' does not exist on type '"failed"'.
src/interfaces/tui/components/deployment-progress.tsx(33,20): error TS2339: Property 'status' does not exist on type '"failed" | "success" | "pending" | "deploying"'.
  Property 'status' does not exist on type '"failed"'.
src/interfaces/tui/components/deployment-progress.tsx(55,39): error TS2345: Argument of type 'DeploymentStatus' is not assignable to parameter of type '"failed" | "success" | "pending" | "deploying"'.
src/interfaces/tui/components/deployment-progress.tsx(71,13): error TS2322: Type 'number | undefined' is not assignable to type 'number'.
  Type 'undefined' is not assignable to type 'number'.
src/interfaces/tui/components/deployment-progress.tsx(99,8): error TS2367: This comparison appears to be unintentional because the types '"failed" | "success" | "pending" | "deploying"' and '"deployed"' have no overlap.
src/interfaces/tui/components/status-dashboard.tsx(24,17): error TS2367: This comparison appears to be unintentional because the types '"failed" | "success" | "pending" | "deploying"' and '"deployed"' have no overlap.
src/interfaces/tui/components/status-dashboard.tsx(96,22): error TS2322: Type '{ children: string; bold: true; marginBottom: number; }' is not assignable to type 'IntrinsicAttributes & Props'.
  Property 'marginBottom' does not exist on type 'IntrinsicAttributes & Props'.
src/interfaces/tui/components/swarm-config-panel.tsx(56,9): error TS2322: Type 'string' is not assignable to type 'boolean'.
  Type 'string' is not assignable to type 'boolean'.
src/interfaces/tui/components/swarm-config-panel.tsx(88,40): error TS2345: Argument of type 'boolean' is not assignable to parameter of type 'string | number'.
src/interfaces/tui/components/swarm-config-panel.tsx(90,26): error TS2353: Object literal may only specify known properties, and 'enableAutoScaling' does not exist in type 'Partial<SwarmConfig>'.
src/interfaces/tui/components/swarm-config-panel.tsx(90,53): error TS2339: Property 'enableAutoScaling' does not exist on type 'SwarmConfig'.
src/interfaces/tui/components/swarm-config-panel.tsx(241,33): error TS2339: Property 'enableAutoScaling' does not exist on type 'SwarmConfig'.
src/interfaces/tui/components/swarm-config-panel.tsx(242,23): error TS2339: Property 'enableAutoScaling' does not exist on type 'SwarmConfig'.
src/interfaces/tui/components/swarm-config-panel.tsx(245,23): error TS2339: Property 'enableAutoScaling' does not exist on type 'SwarmConfig'.
src/interfaces/tui/components/swarm-config-panel.tsx(275,18): error TS2367: This comparison appears to be unintentional because the types 'boolean' and 'string' have no overlap.
src/interfaces/tui/components/swarm-config-panel.tsx(276,18): error TS2367: This comparison appears to be unintentional because the types 'boolean' and 'string' have no overlap.
src/interfaces/tui/components/swarm-config-panel.tsx(277,18): error TS2367: This comparison appears to be unintentional because the types 'boolean' and 'string' have no overlap.
src/interfaces/tui/components/swarm-config-panel.tsx(280,18): error TS2367: This comparison appears to be unintentional because the types 'boolean' and 'string' have no overlap.
src/interfaces/tui/components/swarm-config-panel.tsx(281,18): error TS2367: This comparison appears to be unintentional because the types 'boolean' and 'string' have no overlap.
src/interfaces/tui/components/swarm-config-panel.tsx(282,18): error TS2367: This comparison appears to be unintentional because the types 'boolean' and 'string' have no overlap.
src/interfaces/tui/discovery-tui.tsx(66,3): error TS6133: 'projectPath' is declared but its value is never read.
src/interfaces/tui/discovery-tui.tsx(67,3): error TS6133: 'options' is declared but its value is never read.
src/interfaces/tui/discovery-tui.tsx(92,7): error TS2448: Block-scoped variable 'startAnalysis' used before its declaration.
src/interfaces/tui/discovery-tui.tsx(92,7): error TS2454: Variable 'startAnalysis' is used before being assigned.
src/interfaces/tui/discovery-tui.tsx(180,7): error TS2448: Block-scoped variable 'simulateAnalysisPhase' used before its declaration.
src/interfaces/tui/discovery-tui.tsx(180,7): error TS2454: Variable 'simulateAnalysisPhase' is used before being assigned.
src/interfaces/tui/discovery-tui.tsx(210,13): error TS2322: Type 'string' is not assignable to type 'boolean'.
src/interfaces/tui/discovery-tui.tsx(231,32): error TS2345: Argument of type '{ topology: "mesh" | "hierarchical" | "star" | "ring"; maxAgents: number; resourceLimits: { memory: string; cpu: number; }; enableAutoScaling?: boolean; persistence: boolean | ... 2 more ... | "lancedb"; autoScaling: boolean; }' is not assignable to parameter of type 'SwarmConfig'.
  Types of property 'persistence' are incompatible.
    Type 'string | boolean' is not assignable to type 'boolean'.
      Type 'string' is not assignable to type 'boolean'.
src/interfaces/tui/discovery-tui.tsx(259,14): error TS2345: Argument of type '(prev: DiscoveryState) => { deploymentStatus: Map<string, DeploymentStatus>; phase: "error" | "completed" | "analyzing" | "reviewing" | "configuring" | "deploying"; ... 4 more ...; error?: string; }' is not assignable to parameter of type 'SetStateAction<DiscoveryState>'.
  Type '(prev: DiscoveryState) => { deploymentStatus: Map<string, DeploymentStatus>; phase: "error" | "completed" | "analyzing" | "reviewing" | "configuring" | "deploying"; ... 4 more ...; error?: string; }' is not assignable to type '(prevState: DiscoveryState) => DiscoveryState'.
    Call signature return types '{ deploymentStatus: Map<string, DeploymentStatus>; phase: "error" | "completed" | "analyzing" | "reviewing" | "configuring" | "deploying"; progress: { current: number; total: number; message: string; }; domains: DiscoveredDomain[]; selectedDomains: Set<...>; swarmConfigs: Map<...>; error?: string; }' and 'DiscoveryState' are incompatible.
      The types of 'deploymentStatus' are incompatible between these types.
        Type 'Map<string, import("/home/mhugo/code/claude-code-zen/src/interfaces/tui/discovery-tui").DeploymentStatus>' is not assignable to type 'Map<string, import("/home/mhugo/code/claude-code-zen/src/interfaces/tui/types").DeploymentStatus>'.
          Type 'import("/home/mhugo/code/claude-code-zen/src/interfaces/tui/discovery-tui").DeploymentStatus' is not assignable to type 'import("/home/mhugo/code/claude-code-zen/src/interfaces/tui/types").DeploymentStatus'.
            Types of property 'status' are incompatible.
              Type '"failed" | "pending" | "deployed" | "deploying"' is not assignable to type '"failed" | "success" | "pending" | "deploying"'.
                Type '"deployed"' is not assignable to type '"failed" | "success" | "pending" | "deploying"'.
src/interfaces/tui/discovery-tui.tsx(291,68): error TS2448: Block-scoped variable 'deployDomain' used before its declaration.
src/interfaces/tui/discovery-tui.tsx(291,68): error TS2454: Variable 'deployDomain' is used before being assigned.
src/interfaces/tui/discovery-tui.tsx(327,13): error TS2322: Type 'string | undefined' is not assignable to type 'string'.
  Type 'undefined' is not assignable to type 'string'.
src/interfaces/tui/discovery-tui.tsx(344,11): error TS2322: Type '"deployed"' is not assignable to type '"failed" | "success" | "pending" | "deploying"'.
src/interfaces/tui/discovery-tui.tsx(442,25): error TS18048: 'domain' is possibly 'undefined'.
src/interfaces/tui/discovery-tui.tsx(442,65): error TS18048: 'domain' is possibly 'undefined'.
src/interfaces/tui/discovery-tui.tsx(505,41): error TS2345: Argument of type 'string | undefined' is not assignable to parameter of type 'string'.
  Type 'undefined' is not assignable to type 'string'.
src/interfaces/tui/discovery-tui.tsx(519,11): error TS2322: Type 'string | undefined' is not assignable to type 'string'.
  Type 'undefined' is not assignable to type 'string'.
src/interfaces/tui/discovery-tui.tsx(521,57): error TS2345: Argument of type 'string | undefined' is not assignable to parameter of type 'string'.
  Type 'undefined' is not assignable to type 'string'.
src/interfaces/tui/index.ts(6,36): error TS5097: An import path can only end with a '.tsx' extension when 'allowImportingTsExtensions' is enabled.
src/interfaces/tui/index.ts(8,28): error TS5097: An import path can only end with a '.tsx' extension when 'allowImportingTsExtensions' is enabled.
src/interfaces/tui/index.ts(10,29): error TS5097: An import path can only end with a '.tsx' extension when 'allowImportingTsExtensions' is enabled.
src/interfaces/tui/index.ts(12,33): error TS5097: An import path can only end with a '.tsx' extension when 'allowImportingTsExtensions' is enabled.
src/interfaces/tui/index.ts(14,34): error TS5097: An import path can only end with a '.tsx' extension when 'allowImportingTsExtensions' is enabled.
src/interfaces/tui/index.ts(18,3): error TS2614: Module '"./discovery-tui.tsx"' has no exported member 'DiscoveredDomain'. Did you mean to use 'import DiscoveredDomain from "./discovery-tui.tsx"' instead?
src/interfaces/tui/index.ts(19,3): error TS2614: Module '"./discovery-tui.tsx"' has no exported member 'DiscoveryState'. Did you mean to use 'import DiscoveryState from "./discovery-tui.tsx"' instead?
src/interfaces/tui/index.ts(23,41): error TS5097: An import path can only end with a '.tsx' extension when 'allowImportingTsExtensions' is enabled.
src/interfaces/web/daemon-process-manager.ts(105,10): error TS2339: Property 'currentProcess' does not exist on type 'DaemonProcessManager'.
src/interfaces/web/index.ts(26,42): error TS2304: Cannot find name 'WebConfig'.
src/interfaces/web/index.ts(27,14): error TS2304: Cannot find name 'WebInterfaceServer'.
src/interfaces/web/index.ts(30,47): error TS2304: Cannot find name 'WebConfig'.
src/interfaces/web/index.ts(31,22): error TS2304: Cannot find name 'WebInterfaceServer'.
src/interfaces/web/index.ts(44,16): error TS2304: Cannot find name 'WebInterfaceServer'.
src/interfaces/web/system-metrics-dashboard.ts(5,10): error TS2724: '"../../database/index"' has no exported member named 'createDAO'. Did you mean 'createDao'?
src/interfaces/web/system-metrics-dashboard.ts(5,21): error TS2614: Module '"../../database/index"' has no exported member 'createRepository'. Did you mean to use 'import createRepository from "../../database/index"' instead?
src/interfaces/web/system-metrics-dashboard.ts(9,40): error TS2307: Cannot find module '../mcp/performance-metrics' or its corresponding type declarations.
src/interfaces/web/system-metrics-dashboard.ts(10,33): error TS2307: Cannot find module '../memory/memory' or its corresponding type declarations.
src/interfaces/web/system-metrics-dashboard.ts(104,12): error TS2339: Property 'vectorDAO' does not exist on type 'UnifiedPerformanceDashboard'.
src/interfaces/web/system-metrics-dashboard.ts(129,7): error TS2412: Type 'undefined' is not assignable to type 'Timeout' with 'exactOptionalPropertyTypes: true'. Consider adding 'undefined' to the type of the target.
src/interfaces/web/system-metrics-dashboard.ts(393,11): error TS6133: '_healthEmoji' is declared but its value is never read.
src/interfaces/web/system-metrics-dashboard.ts(399,15): error TS6133: '_alertEmoji' is declared but its value is never read.
src/interfaces/web/web-config.ts(69,5): error TS2375: Type '{ enabled?: boolean; secret?: string; }' is not assignable to type '{ enabled: boolean; secret?: string; }' with 'exactOptionalPropertyTypes: true'. Consider adding 'undefined' to the types of the target's properties.
  Property 'enabled' is optional in type '{ enabled?: boolean; secret?: string; }' but required in type '{ enabled: boolean; secret?: string; }'.
src/interfaces/web/web-interface-server.ts(48,11): error TS2564: Property 'app' has no initializer and is not definitely assigned in the constructor.
src/interfaces/web/web-interface-server.ts(49,11): error TS2564: Property 'server' has no initializer and is not definitely assigned in the constructor.
src/interfaces/web/web-interface-server.ts(50,11): error TS2564: Property 'io' has no initializer and is not definitely assigned in the constructor.
src/interfaces/web/web-interface-server.ts(51,11): error TS2564: Property 'webSocketCoordinator' has no initializer and is not definitely assigned in the constructor.
src/interfaces/web/web-interface-server.ts(52,11): error TS2564: Property 'daemonManager' has no initializer and is not definitely assigned in the constructor.
src/interfaces/web/web-interface-server.ts(103,10): error TS2339: Property 'apiRouteHandler' does not exist on type 'WebInterfaceServer'.
src/interfaces/web/web-interface-server.ts(252,11): error TS6133: '_processInfo' is declared but its value is never read.
src/interfaces/web/web-interface-server.ts(253,7): error TS2322: Type 'string | undefined' is not assignable to type 'string'.
  Type 'undefined' is not assignable to type 'string'.
src/interfaces/web/web-interface.ts(38,11): error TS2564: Property 'server' has no initializer and is not definitely assigned in the constructor.
src/interfaces/web/web-interface.ts(39,11): error TS2564: Property 'sessionManager' has no initializer and is not definitely assigned in the constructor.
src/interfaces/web/web-interface.ts(40,11): error TS2564: Property 'dataService' has no initializer and is not definitely assigned in the constructor.
src/interfaces/web/web-interface.ts(41,11): error TS2564: Property 'apiRoutes' has no initializer and is not definitely assigned in the constructor.
src/interfaces/web/web-interface.ts(42,11): error TS2564: Property 'webSocketManager' has no initializer and is not definitely assigned in the constructor.
src/interfaces/web/web-interface.ts(43,11): error TS2564: Property 'htmlGenerator' has no initializer and is not definitely assigned in the constructor.
src/interfaces/web/web-interface.ts(44,11): error TS2564: Property 'processManager' has no initializer and is not definitely assigned in the constructor.
src/interfaces/web/web-interface.ts(48,5): error TS2375: Type 'Required<Omit<WebConfig, "coreSystem" | "auth">> & { auth: { enabled: boolean; secret?: string; } | undefined; coreSystem?: any; }' is not assignable to type 'WebConfig' with 'exactOptionalPropertyTypes: true'. Consider adding 'undefined' to the types of the target's properties.
  Types of property 'auth' are incompatible.
    Type '{ enabled: boolean; secret?: string; } | undefined' is not assignable to type '{ enabled: boolean; secret?: string; }'.
      Type 'undefined' is not assignable to type '{ enabled: boolean; secret?: string; }'.
src/interfaces/web/web-process-manager.ts(60,37): error TS2345: Argument of type 'string | undefined' is not assignable to parameter of type 'string | ArrayBufferView<ArrayBufferLike> | Iterable<string | ArrayBufferView<ArrayBufferLike>> | AsyncIterable<...> | Stream'.
  Type 'undefined' is not assignable to type 'string | ArrayBufferView<ArrayBufferLike> | Iterable<string | ArrayBufferView<ArrayBufferLike>> | AsyncIterable<...> | Stream'.
src/knowledge/collaborative-reasoning-engine.ts(848,11): error TS2564: Property 'problemDecomposer' has no initializer and is not definitely assigned in the constructor.
src/knowledge/collaborative-reasoning-engine.ts(849,11): error TS2564: Property 'distributedReasoning' has no initializer and is not definitely assigned in the constructor.
src/knowledge/collaborative-reasoning-engine.ts(850,11): error TS2564: Property 'consensusBuilder' has no initializer and is not definitely assigned in the constructor.
src/knowledge/collaborative-reasoning-engine.ts(851,11): error TS2564: Property 'solutionSynthesizer' has no initializer and is not definitely assigned in the constructor.
src/knowledge/collaborative-reasoning-engine.ts(852,11): error TS2564: Property 'contextManager' has no initializer and is not definitely assigned in the constructor.
src/knowledge/collaborative-reasoning-engine.ts(912,28): error TS2339: Property 'on' does not exist on type 'ProblemDecomposer'.
src/knowledge/collaborative-reasoning-engine.ts(912,65): error TS7006: Parameter 'decomposition' implicitly has an 'any' type.
src/knowledge/collaborative-reasoning-engine.ts(913,39): error TS2339: Property 'assignReasoningTasks' does not exist on type 'DistributedReasoningEngine'.
src/knowledge/collaborative-reasoning-engine.ts(918,31): error TS2339: Property 'on' does not exist on type 'DistributedReasoningEngine'.
src/knowledge/collaborative-reasoning-engine.ts(918,64): error TS7006: Parameter 'results' implicitly has an 'any' type.
src/knowledge/collaborative-reasoning-engine.ts(920,37): error TS2339: Property 'initiateConsensus' does not exist on type 'ConsensusBuilder'.
src/knowledge/collaborative-reasoning-engine.ts(926,27): error TS2339: Property 'on' does not exist on type 'ConsensusBuilder'.
src/knowledge/collaborative-reasoning-engine.ts(926,59): error TS7006: Parameter 'consensus' implicitly has an 'any' type.
src/knowledge/collaborative-reasoning-engine.ts(927,38): error TS2339: Property 'synthesizeSolution' does not exist on type 'SolutionSynthesizer'.
src/knowledge/collaborative-reasoning-engine.ts(932,30): error TS2339: Property 'on' does not exist on type 'SolutionSynthesizer'.
src/knowledge/collaborative-reasoning-engine.ts(932,64): error TS7006: Parameter 'solution' implicitly has an 'any' type.
src/knowledge/collaborative-reasoning-engine.ts(933,33): error TS2551: Property 'updateSharedContext' does not exist on type 'ContextSharingManager'. Did you mean 'sharedContext'?
src/knowledge/collaborative-reasoning-engine.ts(938,25): error TS2339: Property 'on' does not exist on type 'ContextSharingManager'.
src/knowledge/collaborative-reasoning-engine.ts(938,48): error TS7006: Parameter 'context' implicitly has an 'any' type.
src/knowledge/collaborative-reasoning-engine.ts(939,12): error TS2339: Property 'propagateContextUpdate' does not exist on type 'CollaborativeReasoningEngine'.
src/knowledge/collaborative-reasoning-engine.ts(991,44): error TS2339: Property 'validateAndOptimizeSolution' does not exist on type 'CollaborativeReasoningEngine'.
src/knowledge/collaborative-reasoning-engine.ts(1002,40): error TS2339: Property 'getConsensusProcessCount' does not exist on type 'CollaborativeReasoningEngine'.
src/knowledge/collaborative-reasoning-engine.ts(1004,36): error TS2339: Property 'calculateSolutionQuality' does not exist on type 'CollaborativeReasoningEngine'.
src/knowledge/collaborative-reasoning-engine.ts(1005,42): error TS2339: Property 'calculateCollaborationMetrics' does not exist on type 'CollaborativeReasoningEngine'.
src/knowledge/collaborative-reasoning-engine.ts(1011,18): error TS2339: Property 'storeSolutionForLearning' does not exist on type 'CollaborativeReasoningEngine'.
src/knowledge/collaborative-reasoning-engine.ts(1047,45): error TS2339: Property 'analyzeProblemComplexity' does not exist on type 'CollaborativeReasoningEngine'.
src/knowledge/collaborative-reasoning-engine.ts(1050,35): error TS2339: Property 'selectDecompositionStrategy' does not exist on type 'CollaborativeReasoningEngine'.
src/knowledge/collaborative-reasoning-engine.ts(1053,38): error TS2339: Property 'applyDecompositionAlgorithm' does not exist on type 'CollaborativeReasoningEngine'.
src/knowledge/collaborative-reasoning-engine.ts(1056,39): error TS2339: Property 'analyzeProblemDependencies' does not exist on type 'CollaborativeReasoningEngine'.
src/knowledge/collaborative-reasoning-engine.ts(1059,40): error TS2339: Property 'createExecutionPlan' does not exist on type 'CollaborativeReasoningEngine'.
src/knowledge/collaborative-reasoning-engine.ts(1068,42): error TS2339: Property 'calculateResourceRequirements' does not exist on type 'CollaborativeReasoningEngine'.
src/knowledge/collaborative-reasoning-engine.ts(1108,43): error TS2339: Property 'createReasoningCoordinationPlan' does not exist on type 'CollaborativeReasoningEngine'.
src/knowledge/collaborative-reasoning-engine.ts(1115,14): error TS2551: Property 'executeReasoningTask' does not exist on type 'CollaborativeReasoningEngine'. Did you mean 'reasoningTasks'?
src/knowledge/collaborative-reasoning-engine.ts(1119,43): error TS2339: Property 'monitorReasoningProgress' does not exist on type 'CollaborativeReasoningEngine'.
src/knowledge/collaborative-reasoning-engine.ts(1125,44): error TS2339: Property 'aggregateReasoningResults' does not exist on type 'CollaborativeReasoningEngine'.
src/knowledge/collaborative-reasoning-engine.ts(1131,43): error TS2339: Property 'analyzeResultConflicts' does not exist on type 'CollaborativeReasoningEngine'.
src/knowledge/collaborative-reasoning-engine.ts(1173,58): error TS7006: Parameter 'conflict' implicitly has an 'any' type.
src/knowledge/collaborative-reasoning-engine.ts(1174,16): error TS2339: Property 'initializeConsensusProcess' does not exist on type 'CollaborativeReasoningEngine'.
src/knowledge/collaborative-reasoning-engine.ts(1180,50): error TS2339: Property 'conductStructuredDialogue' does not exist on type 'CollaborativeReasoningEngine'.
src/knowledge/collaborative-reasoning-engine.ts(1184,40): error TS2339: Property 'applyVotingMechanisms' does not exist on type 'CollaborativeReasoningEngine'.
src/knowledge/collaborative-reasoning-engine.ts(1185,33): error TS7006: Parameter 'result' implicitly has an 'any' type.
src/knowledge/collaborative-reasoning-engine.ts(1189,43): error TS2339: Property 'mediateRemainingConflicts' does not exist on type 'CollaborativeReasoningEngine'.
src/knowledge/collaborative-reasoning-engine.ts(1190,31): error TS7006: Parameter 'result' implicitly has an 'any' type.
src/knowledge/collaborative-reasoning-engine.ts(1194,42): error TS2339: Property 'combineConsensusResults' does not exist on type 'CollaborativeReasoningEngine'.
src/knowledge/collaborative-reasoning-engine.ts(1195,36): error TS7006: Parameter 'r' implicitly has an 'any' type.
src/knowledge/collaborative-reasoning-engine.ts(1196,34): error TS7006: Parameter 'r' implicitly has an 'any' type.
src/knowledge/collaborative-reasoning-engine.ts(1204,38): error TS2339: Property 'calculateConsensusQuality' does not exist on type 'CollaborativeReasoningEngine'.
src/knowledge/collaborative-reasoning-engine.ts(1205,45): error TS2339: Property 'calculateParticipantSatisfaction' does not exist on type 'CollaborativeReasoningEngine'.
src/knowledge/collaborative-reasoning-engine.ts(1238,43): error TS2339: Property 'extractPartialSolutions' does not exist on type 'CollaborativeReasoningEngine'.
src/knowledge/collaborative-reasoning-engine.ts(1244,44): error TS2339: Property 'selectSynthesisStrategy' does not exist on type 'CollaborativeReasoningEngine'.
src/knowledge/collaborative-reasoning-engine.ts(1250,45): error TS2339: Property 'integratePartialSolutions' does not exist on type 'CollaborativeReasoningEngine'.
src/knowledge/collaborative-reasoning-engine.ts(1256,43): error TS2339: Property 'resolveIntegrationConflicts' does not exist on type 'CollaborativeReasoningEngine'.
src/knowledge/collaborative-reasoning-engine.ts(1262,44): error TS2339: Property 'optimizeSynthesizedSolution' does not exist on type 'CollaborativeReasoningEngine'.
src/knowledge/collaborative-reasoning-engine.ts(1273,37): error TS2339: Property 'assessSolutionQuality' does not exist on type 'CollaborativeReasoningEngine'.
src/knowledge/collaborative-reasoning-engine.ts(1274,34): error TS2339: Property 'assessSolutionCompleteness' does not exist on type 'CollaborativeReasoningEngine'.
src/knowledge/collaborative-reasoning-engine.ts(1294,40): error TS2339: Property 'getAverageSubproblems' does not exist on type 'CollaborativeReasoningEngine'.
src/knowledge/collaborative-reasoning-engine.ts(1295,45): error TS2339: Property 'getDecompositionEfficiency' does not exist on type 'CollaborativeReasoningEngine'.
src/knowledge/collaborative-reasoning-engine.ts(1296,41): error TS2339: Property 'getComplexityReduction' does not exist on type 'CollaborativeReasoningEngine'.
src/knowledge/collaborative-reasoning-engine.ts(1300,39): error TS2339: Property 'getReasoningAccuracy' does not exist on type 'CollaborativeReasoningEngine'.
src/knowledge/collaborative-reasoning-engine.ts(1301,47): error TS2339: Property 'getParallelizationEfficiency' does not exist on type 'CollaborativeReasoningEngine'.
src/knowledge/collaborative-reasoning-engine.ts(1302,37): error TS2339: Property 'getArgumentQuality' does not exist on type 'CollaborativeReasoningEngine'.
src/knowledge/collaborative-reasoning-engine.ts(1306,42): error TS2339: Property 'getConsensusSuccessRate' does not exist on type 'CollaborativeReasoningEngine'.
src/knowledge/collaborative-reasoning-engine.ts(1307,42): error TS2339: Property 'getAverageConsensusTime' does not exist on type 'CollaborativeReasoningEngine'.
src/knowledge/collaborative-reasoning-engine.ts(1308,45): error TS2339: Property 'getOverallParticipantSatisfaction' does not exist on type 'CollaborativeReasoningEngine'.
src/knowledge/collaborative-reasoning-engine.ts(1311,42): error TS2339: Property 'getSynthesizedSolutionCount' does not exist on type 'CollaborativeReasoningEngine'.
src/knowledge/collaborative-reasoning-engine.ts(1312,44): error TS2339: Property 'getIntegrationSuccessRate' does not exist on type 'CollaborativeReasoningEngine'.
src/knowledge/collaborative-reasoning-engine.ts(1313,37): error TS2339: Property 'getAverageSolutionQuality' does not exist on type 'CollaborativeReasoningEngine'.
src/knowledge/collaborative-reasoning-engine.ts(1314,39): error TS2339: Property 'getAverageCompletenessScore' does not exist on type 'CollaborativeReasoningEngine'.
src/knowledge/collaborative-reasoning-engine.ts(1318,48): error TS2339: Property 'getContextSynchronizationRate' does not exist on type 'CollaborativeReasoningEngine'.
src/knowledge/collaborative-reasoning-engine.ts(1319,46): error TS2339: Property 'getKnowledgeShareEfficiency' does not exist on type 'CollaborativeReasoningEngine'.
src/knowledge/collaborative-reasoning-engine.ts(1320,42): error TS2339: Property 'getContextEvolutionRate' does not exist on type 'CollaborativeReasoningEngine'.
src/knowledge/collaborative-reasoning-engine.ts(1333,29): error TS2339: Property 'shutdown' does not exist on type 'ContextSharingManager'.
src/knowledge/collaborative-reasoning-engine.ts(1334,34): error TS2339: Property 'shutdown' does not exist on type 'SolutionSynthesizer'.
src/knowledge/collaborative-reasoning-engine.ts(1335,31): error TS2339: Property 'shutdown' does not exist on type 'ConsensusBuilder'.
src/knowledge/collaborative-reasoning-engine.ts(1336,35): error TS2339: Property 'shutdown' does not exist on type 'DistributedReasoningEngine'.
src/knowledge/collaborative-reasoning-engine.ts(1337,32): error TS2339: Property 'shutdown' does not exist on type 'ProblemDecomposer'.
src/knowledge/collaborative-reasoning-engine.ts(1751,13): error TS6138: Property 'config' is declared but its value is never read.
src/knowledge/collaborative-reasoning-engine.ts(1752,13): error TS6138: Property 'logger' is declared but its value is never read.
src/knowledge/collaborative-reasoning-engine.ts(1753,13): error TS6138: Property 'eventBus' is declared but its value is never read.
src/knowledge/collaborative-reasoning-engine.ts(1783,13): error TS6138: Property 'config' is declared but its value is never read.
src/knowledge/collaborative-reasoning-engine.ts(1784,13): error TS6138: Property 'logger' is declared but its value is never read.
src/knowledge/collaborative-reasoning-engine.ts(1785,13): error TS6138: Property 'eventBus' is declared but its value is never read.
src/knowledge/collaborative-reasoning-engine.ts(1800,3): error TS2739: Type '{ activeDialogues: Map<any, any>; protocol: DialogueProtocol; }' is missing the following properties from type 'DialogueManager': turnTaking, messageValidation, contextManager, dialogueProtocols, contextMaintenance
src/knowledge/collaborative-reasoning-engine.ts(1808,13): error TS6138: Property 'config' is declared but its value is never read.
src/knowledge/collaborative-reasoning-engine.ts(1809,13): error TS6138: Property 'logger' is declared but its value is never read.
src/knowledge/collaborative-reasoning-engine.ts(1810,13): error TS6138: Property 'eventBus' is declared but its value is never read.
src/knowledge/collaborative-reasoning-engine.ts(1842,13): error TS6138: Property 'config' is declared but its value is never read.
src/knowledge/collaborative-reasoning-engine.ts(1843,13): error TS6138: Property 'logger' is declared but its value is never read.
src/knowledge/collaborative-reasoning-engine.ts(1844,13): error TS6138: Property 'eventBus' is declared but its value is never read.
src/knowledge/collaborative-reasoning-engine.ts(1873,13): error TS6138: Property 'config' is declared but its value is never read.
src/knowledge/collaborative-reasoning-engine.ts(1874,13): error TS6138: Property 'logger' is declared but its value is never read.
src/knowledge/collaborative-reasoning-engine.ts(1875,13): error TS6138: Property 'eventBus' is declared but its value is never read.
src/knowledge/collective-intelligence-coordinator.ts(30,15): error TS2304: Cannot find name 'ValidationConfig'.
src/knowledge/collective-intelligence-coordinator.ts(73,18): error TS2304: Cannot find name 'PerformanceMetrics'.
src/knowledge/collective-intelligence-coordinator.ts(152,24): error TS2304: Cannot find name 'PrivacyConfig'.
src/knowledge/collective-intelligence-coordinator.ts(170,21): error TS2304: Cannot find name 'TransferLearningConfig'.
src/knowledge/collective-intelligence-coordinator.ts(184,20): error TS2304: Cannot find name 'ForgettingCurveConfig'.
src/knowledge/collective-intelligence-coordinator.ts(185,24): error TS2304: Cannot find name 'ImportanceWeightingConfig'.
src/knowledge/collective-intelligence-coordinator.ts(186,20): error TS2304: Cannot find name 'LongTermStorageConfig'.
src/knowledge/collective-intelligence-coordinator.ts(235,19): error TS2304: Cannot find name 'ContextSharingMechanism'.
src/knowledge/collective-intelligence-coordinator.ts(241,17): error TS2304: Cannot find name 'ContributionMetrics'.
src/knowledge/collective-intelligence-coordinator.ts(242,16): error TS2304: Cannot find name 'ReliabilityMetrics'.
src/knowledge/collective-intelligence-coordinator.ts(243,23): error TS2304: Cannot find name 'ResourceProfile'.
src/knowledge/collective-intelligence-coordinator.ts(248,16): error TS2304: Cannot find name 'SubProblem'.
src/knowledge/collective-intelligence-coordinator.ts(249,17): error TS2304: Cannot find name 'ProblemDependency'.
src/knowledge/collective-intelligence-coordinator.ts(250,15): error TS2304: Cannot find name 'ComplexityMetrics'.
src/knowledge/collective-intelligence-coordinator.ts(256,21): error TS2304: Cannot find name 'PartialSolution'.
src/knowledge/collective-intelligence-coordinator.ts(257,20): error TS2304: Cannot find name 'IntegrationPlan'.
src/knowledge/collective-intelligence-coordinator.ts(258,21): error TS2304: Cannot find name 'QualityAssuranceConfig'.
src/knowledge/collective-intelligence-coordinator.ts(264,20): error TS2304: Cannot find name 'VotingMechanism'.
src/knowledge/collective-intelligence-coordinator.ts(265,23): error TS2304: Cannot find name 'ConflictResolutionMechanism'.
src/knowledge/collective-intelligence-coordinator.ts(266,24): error TS2304: Cannot find name 'ConvergenceCriteria'.
src/knowledge/collective-intelligence-coordinator.ts(267,20): error TS2304: Cannot find name 'DecisionHistory'.
src/knowledge/collective-intelligence-coordinator.ts(301,24): error TS2304: Cannot find name 'CrossDomainTransferSystem'.
src/knowledge/collective-intelligence-coordinator.ts(302,21): error TS2304: Cannot find name 'CollectiveMemoryManager'.
src/knowledge/collective-intelligence-coordinator.ts(307,24): error TS2304: Cannot find name 'DiscoveryMechanism'.
src/knowledge/collective-intelligence-coordinator.ts(308,23): error TS2304: Cannot find name 'ExpertiseEvolutionTracker'.
src/knowledge/collective-intelligence-coordinator.ts(309,22): error TS2304: Cannot find name 'CompetencyMappingSystem'.
src/knowledge/collective-intelligence-coordinator.ts(315,12): error TS2304: Cannot find name 'DomainExpertise'.
src/knowledge/collective-intelligence-coordinator.ts(316,11): error TS2304: Cannot find name 'SkillProfile'.
src/knowledge/collective-intelligence-coordinator.ts(317,15): error TS2304: Cannot find name 'ExperienceProfile'.
src/knowledge/collective-intelligence-coordinator.ts(318,15): error TS2304: Cannot find name 'ReputationScore'.
src/knowledge/collective-intelligence-coordinator.ts(319,17): error TS2304: Cannot find name 'AvailabilityProfile'.
src/knowledge/collective-intelligence-coordinator.ts(320,16): error TS2304: Cannot find name 'CollaborationPreferences'.
src/knowledge/collective-intelligence-coordinator.ts(324,29): error TS2304: Cannot find name 'RoutingEntry'.
src/knowledge/collective-intelligence-coordinator.ts(325,22): error TS2304: Cannot find name 'RoutingStrategy'.
src/knowledge/collective-intelligence-coordinator.ts(326,18): error TS2304: Cannot find name 'LoadBalancingConfig'.
src/knowledge/collective-intelligence-coordinator.ts(327,21): error TS2304: Cannot find name 'QoSConfig'.
src/knowledge/collective-intelligence-coordinator.ts(328,20): error TS2304: Cannot find name 'AdaptiveRoutingConfig'.
src/knowledge/collective-intelligence-coordinator.ts(332,22): error TS2304: Cannot find name 'EmergencePattern'.
src/knowledge/collective-intelligence-coordinator.ts(333,24): error TS2304: Cannot find name 'EmergenceDetectionAlgorithm'.
src/knowledge/collective-intelligence-coordinator.ts(334,19): error TS2304: Cannot find name 'SpecializationTracker'.
src/knowledge/collective-intelligence-coordinator.ts(335,25): error TS2304: Cannot find name 'AdaptationMechanism'.
src/knowledge/collective-intelligence-coordinator.ts(336,18): error TS2304: Cannot find name 'FeedbackLoop'.
src/knowledge/collective-intelligence-coordinator.ts(348,23): error TS2304: Cannot find name 'TemporalKnowledgeManager'.
src/knowledge/collective-intelligence-coordinator.ts(349,21): error TS2304: Cannot find name 'PeerReviewSystem'.
src/knowledge/collective-intelligence-coordinator.ts(353,20): error TS2304: Cannot find name 'ReputationModel'.
src/knowledge/collective-intelligence-coordinator.ts(354,22): error TS2304: Cannot find name 'ScoringAlgorithm'.
src/knowledge/collective-intelligence-coordinator.ts(355,23): error TS2304: Cannot find name 'ConsensusWeightingConfig'.
src/knowledge/collective-intelligence-coordinator.ts(356,19): error TS2304: Cannot find name 'DecayFunction'.
src/knowledge/collective-intelligence-coordinator.ts(357,18): error TS2304: Cannot find name 'BootstrappingConfig'.
src/knowledge/collective-intelligence-coordinator.ts(362,15): error TS2304: Cannot find name 'ValidatorConfig'.
src/knowledge/collective-intelligence-coordinator.ts(363,15): error TS2304: Cannot find name 'ValidationThresholds'.
src/knowledge/collective-intelligence-coordinator.ts(364,25): error TS2304: Cannot find name 'EvidenceRequirements'.
src/knowledge/collective-intelligence-coordinator.ts(365,20): error TS2304: Cannot find name 'CrossValidationConfig'.
src/knowledge/collective-intelligence-coordinator.ts(369,19): error TS2304: Cannot find name 'QualityMetricDefinition'.
src/knowledge/collective-intelligence-coordinator.ts(370,24): error TS2304: Cannot find name 'AssessmentProtocol'.
src/knowledge/collective-intelligence-coordinator.ts(371,25): error TS2304: Cannot find name 'MonitoringConfig'.
src/knowledge/collective-intelligence-coordinator.ts(372,23): error TS2304: Cannot find name 'ImprovementMechanism'.
src/knowledge/collective-intelligence-coordinator.ts(373,17): error TS2304: Cannot find name 'BenchmarkingConfig'.
src/knowledge/collective-intelligence-coordinator.ts(391,23): error TS2304: Cannot find name 'PriorityManagementConfig'.
src/knowledge/collective-intelligence-coordinator.ts(392,18): error TS2304: Cannot find name 'LoadBalancingConfig'.
src/knowledge/collective-intelligence-coordinator.ts(393,15): error TS2304: Cannot find name 'MonitoringConfig'.
src/knowledge/collective-intelligence-coordinator.ts(399,24): error TS2304: Cannot find name 'ReplicationStrategy'.
src/knowledge/collective-intelligence-coordinator.ts(400,16): error TS2304: Cannot find name 'ConsistencyModel'.
src/knowledge/collective-intelligence-coordinator.ts(401,16): error TS2304: Cannot find name 'PrefetchingConfig'.
src/knowledge/collective-intelligence-coordinator.ts(405,26): error TS2304: Cannot find name 'CompressionAlgorithm'.
src/knowledge/collective-intelligence-coordinator.ts(406,18): error TS2304: Cannot find name 'DeltaEncodingConfig'.
src/knowledge/collective-intelligence-coordinator.ts(407,21): error TS2304: Cannot find name 'BatchingStrategy'.
src/knowledge/collective-intelligence-coordinator.ts(408,22): error TS2304: Cannot find name 'AdaptiveStreamingConfig'.
src/knowledge/collective-intelligence-coordinator.ts(409,20): error TS2304: Cannot find name 'PriorityQueuingConfig'.
src/knowledge/collective-intelligence-coordinator.ts(432,11): error TS2564: Property 'knowledgeExchange' has no initializer and is not definitely assigned in the constructor.
src/knowledge/collective-intelligence-coordinator.ts(433,11): error TS2564: Property 'distributedLearning' has no initializer and is not definitely assigned in the constructor.
src/knowledge/collective-intelligence-coordinator.ts(434,11): error TS2564: Property 'collaborativeSolver' has no initializer and is not definitely assigned in the constructor.
src/knowledge/collective-intelligence-coordinator.ts(435,11): error TS2564: Property 'intelligenceCoordination' has no initializer and is not definitely assigned in the constructor.
src/knowledge/collective-intelligence-coordinator.ts(436,11): error TS2564: Property 'qualityManagement' has no initializer and is not definitely assigned in the constructor.
src/knowledge/collective-intelligence-coordinator.ts(437,11): error TS2564: Property 'performanceOptimization' has no initializer and is not definitely assigned in the constructor.
src/knowledge/collective-intelligence-coordinator.ts(441,43): error TS2304: Cannot find name 'KnowledgeEntry'.
src/knowledge/collective-intelligence-coordinator.ts(443,45): error TS2304: Cannot find name 'ConsensusState'.
src/knowledge/collective-intelligence-coordinator.ts(444,44): error TS2304: Cannot find name 'CollectiveLearningModel'.
src/knowledge/collective-intelligence-coordinator.ts(459,34): error TS2693: 'KnowledgeExchangeSystem' only refers to a type, but is being used as a value here.
src/knowledge/collective-intelligence-coordinator.ts(465,36): error TS2693: 'DistributedLearningSystem' only refers to a type, but is being used as a value here.
src/knowledge/collective-intelligence-coordinator.ts(471,36): error TS2693: 'CollaborativeProblemSolvingSystem' only refers to a type, but is being used as a value here.
src/knowledge/collective-intelligence-coordinator.ts(477,41): error TS2693: 'IntelligenceCoordinationSystem' only refers to a type, but is being used as a value here.
src/knowledge/collective-intelligence-coordinator.ts(483,34): error TS2693: 'KnowledgeQualityManagementSystem' only refers to a type, but is being used as a value here.
src/knowledge/collective-intelligence-coordinator.ts(489,40): error TS2693: 'PerformanceOptimizationSystem' only refers to a type, but is being used as a value here.
src/knowledge/collective-intelligence-coordinator.ts(503,60): error TS7006: Parameter 'data' implicitly has an 'any' type.
src/knowledge/collective-intelligence-coordinator.ts(506,20): error TS2339: Property 'storeKnowledge' does not exist on type 'CollectiveIntelligenceCoordinator'.
src/knowledge/collective-intelligence-coordinator.ts(512,59): error TS7006: Parameter 'data' implicitly has an 'any' type.
src/knowledge/collective-intelligence-coordinator.ts(518,58): error TS7006: Parameter 'data' implicitly has an 'any' type.
src/knowledge/collective-intelligence-coordinator.ts(519,36): error TS2339: Property 'extractKnowledgeFromSolution' does not exist on type 'CollectiveIntelligenceCoordinator'.
src/knowledge/collective-intelligence-coordinator.ts(524,62): error TS7006: Parameter 'data' implicitly has an 'any' type.
src/knowledge/collective-intelligence-coordinator.ts(525,12): error TS2339: Property 'applyOptimizationToSystems' does not exist on type 'CollectiveIntelligenceCoordinator'.
src/knowledge/collective-intelligence-coordinator.ts(550,36): error TS2339: Property 'validateThroughConsensus' does not exist on type 'CollectiveIntelligenceCoordinator'.
src/knowledge/collective-intelligence-coordinator.ts(556,43): error TS2339: Property 'detectEmergentIntelligence' does not exist on type 'CollectiveIntelligenceCoordinator'.
src/knowledge/collective-intelligence-coordinator.ts(593,39): error TS2339: Property 'generateAlternatives' does not exist on type 'CollectiveIntelligenceCoordinator'.
src/knowledge/collective-intelligence-coordinator.ts(596,43): error TS2339: Property 'collectPreferences' does not exist on type 'CollectiveIntelligenceCoordinator'.
src/knowledge/collective-intelligence-coordinator.ts(602,42): error TS2339: Property 'reachConsensus' does not exist on type 'CollectiveIntelligenceCoordinator'.
src/knowledge/collective-intelligence-coordinator.ts(608,44): error TS2339: Property 'optimizeDecision' does not exist on type 'CollectiveIntelligenceCoordinator'.
src/knowledge/collective-intelligence-coordinator.ts(614,36): error TS2339: Property 'validateDecision' does not exist on type 'CollectiveIntelligenceCoordinator'.
src/knowledge/collective-intelligence-coordinator.ts(642,31): error TS2304: Cannot find name 'TaskDefinition'.
src/knowledge/collective-intelligence-coordinator.ts(652,39): error TS2339: Property 'analyzeTasks' does not exist on type 'CollectiveIntelligenceCoordinator'.
src/knowledge/collective-intelligence-coordinator.ts(653,44): error TS2339: Property 'assessAgentCapabilities' does not exist on type 'CollectiveIntelligenceCoordinator'.
src/knowledge/collective-intelligence-coordinator.ts(656,38): error TS2339: Property 'performOptimalMatching' does not exist on type 'CollectiveIntelligenceCoordinator'.
src/knowledge/collective-intelligence-coordinator.ts(660,20): error TS2339: Property 'assignTask' does not exist on type 'CollectiveIntelligenceCoordinator'.
src/knowledge/collective-intelligence-coordinator.ts(664,18): error TS2339: Property 'initiateWorkStealingCoordination' does not exist on type 'CollectiveIntelligenceCoordinator'.
src/knowledge/collective-intelligence-coordinator.ts(667,37): error TS2339: Property 'setupProgressMonitoring' does not exist on type 'CollectiveIntelligenceCoordinator'.
src/knowledge/collective-intelligence-coordinator.ts(672,33): error TS2339: Property 'calculateLoadBalance' does not exist on type 'CollectiveIntelligenceCoordinator'.
src/knowledge/collective-intelligence-coordinator.ts(673,41): error TS2339: Property 'estimateCompletionTime' does not exist on type 'CollectiveIntelligenceCoordinator'.
src/knowledge/collective-intelligence-coordinator.ts(728,14): error TS2304: Cannot find name 'SynthesizedKnowledge'.
src/knowledge/collective-intelligence-coordinator.ts(746,42): error TS2339: Property 'detectCrossTypePatterns' does not exist on type 'CollectiveIntelligenceCoordinator'.
src/knowledge/collective-intelligence-coordinator.ts(749,37): error TS2339: Property 'generateMetaInsights' does not exist on type 'CollectiveIntelligenceCoordinator'.
src/knowledge/collective-intelligence-coordinator.ts(755,31): error TS2339: Property 'calculateOverallConfidence' does not exist on type 'CollectiveIntelligenceCoordinator'.
src/knowledge/collective-intelligence-coordinator.ts(766,25): error TS2304: Cannot find name 'ValidatedKnowledge'.
src/knowledge/collective-intelligence-coordinator.ts(767,14): error TS2304: Cannot find name 'KnowledgeGraphUpdate'.
src/knowledge/collective-intelligence-coordinator.ts(769,33): error TS2339: Property 'extractEntities' does not exist on type 'CollectiveIntelligenceCoordinator'.
src/knowledge/collective-intelligence-coordinator.ts(770,38): error TS2339: Property 'extractRelationships' does not exist on type 'CollectiveIntelligenceCoordinator'.
src/knowledge/collective-intelligence-coordinator.ts(771,33): error TS2339: Property 'extractConcepts' does not exist on type 'CollectiveIntelligenceCoordinator'.
src/knowledge/collective-intelligence-coordinator.ts(774,36): error TS2339: Property 'performGraphUpdate' does not exist on type 'CollectiveIntelligenceCoordinator'.
src/knowledge/collective-intelligence-coordinator.ts(782,34): error TS2339: Property 'computeGraphAnalytics' does not exist on type 'CollectiveIntelligenceCoordinator'.
src/knowledge/collective-intelligence-coordinator.ts(785,29): error TS2339: Property 'detectKnowledgeGaps' does not exist on type 'CollectiveIntelligenceCoordinator'.
src/knowledge/collective-intelligence-coordinator.ts(791,35): error TS2339: Property 'generateRecommendations' does not exist on type 'CollectiveIntelligenceCoordinator'.
src/knowledge/collective-intelligence-coordinator.ts(808,34): error TS2339: Property 'calculateCollectiveIQ' does not exist on type 'CollectiveIntelligenceCoordinator'.
src/knowledge/collective-intelligence-coordinator.ts(809,39): error TS2339: Property 'calculateKnowledgeVelocity' does not exist on type 'CollectiveIntelligenceCoordinator'.
src/knowledge/collective-intelligence-coordinator.ts(810,41): error TS2339: Property 'calculateConsensusEfficiency' does not exist on type 'CollectiveIntelligenceCoordinator'.
src/knowledge/collective-intelligence-coordinator.ts(811,34): error TS2339: Property 'calculateLearningRate' does not exist on type 'CollectiveIntelligenceCoordinator'.
src/knowledge/collective-intelligence-coordinator.ts(812,36): error TS2339: Property 'calculateEmergenceIndex' does not exist on type 'CollectiveIntelligenceCoordinator'.
src/knowledge/collective-intelligence-coordinator.ts(889,25): error TS2304: Cannot find name 'CollaborativeSolvingConfig'.
src/knowledge/collective-intelligence-coordinator.ts(890,29): error TS2304: Cannot find name 'IntelligenceCoordinationConfig'.
src/knowledge/collective-intelligence-coordinator.ts(891,22): error TS2304: Cannot find name 'QualityManagementConfig'.
src/knowledge/collective-intelligence-coordinator.ts(900,20): error TS2304: Cannot find name 'RoutingStrategy'.
src/knowledge/cross-agent-knowledge-integration.ts(30,27): error TS2304: Cannot find name 'CollectiveIntelligenceConfig'.
src/knowledge/cross-agent-knowledge-integration.ts(31,24): error TS2304: Cannot find name 'DistributedLearningConfig'.
src/knowledge/cross-agent-knowledge-integration.ts(32,27): error TS2304: Cannot find name 'CollaborativeReasoningConfig'.
src/knowledge/cross-agent-knowledge-integration.ts(33,29): error TS2304: Cannot find name 'IntelligenceCoordinationConfig'.
src/knowledge/cross-agent-knowledge-integration.ts(34,22): error TS2304: Cannot find name 'KnowledgeQualityConfig'.
src/knowledge/cross-agent-knowledge-integration.ts(35,28): error TS2304: Cannot find name 'PerformanceOptimizationConfig'.
src/knowledge/cross-agent-knowledge-integration.ts(42,24): error TS2304: Cannot find name 'PerformanceTrackingConfig'.
src/knowledge/cross-agent-knowledge-integration.ts(43,18): error TS2304: Cannot find name 'ErrorHandlingConfig'.
src/knowledge/cross-agent-knowledge-integration.ts(44,15): error TS2304: Cannot find name 'MonitoringConfig'.
src/knowledge/cross-agent-knowledge-integration.ts(133,11): error TS2564: Property 'collectiveIntelligence' has no initializer and is not definitely assigned in the constructor.
src/knowledge/cross-agent-knowledge-integration.ts(134,11): error TS2564: Property 'distributedLearning' has no initializer and is not definitely assigned in the constructor.
src/knowledge/cross-agent-knowledge-integration.ts(135,11): error TS2564: Property 'collaborativeReasoning' has no initializer and is not definitely assigned in the constructor.
src/knowledge/cross-agent-knowledge-integration.ts(136,11): error TS2564: Property 'intelligenceCoordination' has no initializer and is not definitely assigned in the constructor.
src/knowledge/cross-agent-knowledge-integration.ts(137,11): error TS2564: Property 'qualityManagement' has no initializer and is not definitely assigned in the constructor.
src/knowledge/cross-agent-knowledge-integration.ts(138,11): error TS2564: Property 'performanceOptimization' has no initializer and is not definitely assigned in the constructor.
src/knowledge/cross-agent-knowledge-integration.ts(183,34): error TS2339: Property 'getSystemHealth' does not exist on type 'CrossAgentKnowledgeIntegration'.
src/knowledge/cross-agent-knowledge-integration.ts(227,43): error TS2551: Property 'applyCollaborativeReasoning' does not exist on type 'CrossAgentKnowledgeIntegration'. Did you mean 'collaborativeReasoning'?
src/knowledge/cross-agent-knowledge-integration.ts(234,43): error TS2339: Property 'validateKnowledgeQuality' does not exist on type 'CrossAgentKnowledgeIntegration'.
src/knowledge/cross-agent-knowledge-integration.ts(237,45): error TS2339: Property 'generateCollectiveResponse' does not exist on type 'CrossAgentKnowledgeIntegration'.
src/knowledge/cross-agent-knowledge-integration.ts(240,44): error TS2339: Property 'applyResponseOptimizations' does not exist on type 'CrossAgentKnowledgeIntegration'.
src/knowledge/cross-agent-knowledge-integration.ts(251,41): error TS2339: Property 'getOptimizationSummary' does not exist on type 'CrossAgentKnowledgeIntegration'.
src/knowledge/cross-agent-knowledge-integration.ts(256,18): error TS2339: Property 'storeProcessingResult' does not exist on type 'CrossAgentKnowledgeIntegration'.
src/knowledge/cross-agent-knowledge-integration.ts(302,9): error TS2345: Argument of type 'string' is not assignable to parameter of type 'SyncProtocol | undefined'.
src/knowledge/cross-agent-knowledge-integration.ts(315,40): error TS2339: Property 'calculateLearningImprovement' does not exist on type 'CrossAgentKnowledgeIntegration'.
src/knowledge/cross-agent-knowledge-integration.ts(353,11): error TS2345: Argument of type 'string' is not assignable to parameter of type 'TransferType | undefined'.
src/knowledge/cross-agent-knowledge-integration.ts(357,68): error TS2339: Property 'validateTransferApplicability' does not exist on type 'CollaborativeReasoningEngine'.
src/knowledge/cross-agent-knowledge-integration.ts(364,38): error TS2339: Property 'validateTransferQuality' does not exist on type 'KnowledgeQualityManagementSystem'.
src/knowledge/cross-agent-knowledge-integration.ts(399,32): error TS2339: Property 'getSystemHealth' does not exist on type 'CrossAgentKnowledgeIntegration'.
src/knowledge/cross-agent-knowledge-integration.ts(400,36): error TS2339: Property 'getComponentMetrics' does not exist on type 'CrossAgentKnowledgeIntegration'.
src/knowledge/cross-agent-knowledge-integration.ts(401,31): error TS2339: Property 'getPerformanceMetrics' does not exist on type 'CrossAgentKnowledgeIntegration'.
src/knowledge/cross-agent-knowledge-integration.ts(402,31): error TS2551: Property 'getIntegrationSpecificMetrics' does not exist on type 'CrossAgentKnowledgeIntegration'. Did you mean 'getIntegrationMetrics'?
src/knowledge/cross-agent-knowledge-integration.ts(403,30): error TS2551: Property 'getCollectiveIntelligenceMetrics' does not exist on type 'CrossAgentKnowledgeIntegration'. Did you mean 'collectiveIntelligence'?
src/knowledge/cross-agent-knowledge-integration.ts(411,37): error TS2339: Property 'getSystemHealth' does not exist on type 'CrossAgentKnowledgeIntegration'.
src/knowledge/cross-agent-knowledge-integration.ts(413,43): error TS2339: Property 'getPerformanceMetrics' does not exist on type 'CrossAgentKnowledgeIntegration'.
src/knowledge/cross-agent-knowledge-integration.ts(427,37): error TS2339: Property 'getActiveConnections' does not exist on type 'CrossAgentKnowledgeIntegration'.
src/knowledge/cross-agent-knowledge-integration.ts(428,30): error TS2339: Property 'getErrorCount' does not exist on type 'CrossAgentKnowledgeIntegration'.
src/knowledge/cross-agent-knowledge-integration.ts(537,43): error TS2339: Property 'distributeModel' does not exist on type 'IntelligenceCoordinationSystem'.
src/knowledge/distributed-learning-system.ts(28,23): error TS2304: Cannot find name 'ConvergenceMetrics'.
src/knowledge/distributed-learning-system.ts(40,25): error TS2304: Cannot find name 'ParticipationRecord'.
src/knowledge/distributed-learning-system.ts(41,17): error TS2304: Cannot find name 'ContributionMetrics'.
src/knowledge/distributed-learning-system.ts(48,17): error TS2304: Cannot find name 'ModelArchitecture'.
src/knowledge/distributed-learning-system.ts(49,13): error TS2304: Cannot find name 'ModelMetadata'.
src/knowledge/distributed-learning-system.ts(58,19): error TS2304: Cannot find name 'OptimizerState'.
src/knowledge/distributed-learning-system.ts(59,19): error TS2304: Cannot find name 'RegularizationConfig'.
src/knowledge/distributed-learning-system.ts(65,14): error TS2304: Cannot find name 'GradientUpdate'.
src/knowledge/distributed-learning-system.ts(66,20): error TS2304: Cannot find name 'TrainingMetrics'.
src/knowledge/distributed-learning-system.ts(75,18): error TS2304: Cannot find name 'NormalizationConfig'.
src/knowledge/distributed-learning-system.ts(76,16): error TS2304: Cannot find name 'CompressionMetadata'.
src/knowledge/distributed-learning-system.ts(77,15): error TS2304: Cannot find name 'EncryptionMetadata'.
src/knowledge/distributed-learning-system.ts(85,19): error TS2304: Cannot find name 'AggregationQualityMetrics'.
src/knowledge/distributed-learning-system.ts(86,24): error TS2304: Cannot find name 'ByzantineResistanceMetrics'.
src/knowledge/distributed-learning-system.ts(114,24): error TS2304: Cannot find name 'KnowledgeExtractionEngine'.
src/knowledge/distributed-learning-system.ts(120,12): error TS2304: Cannot find name 'ExperienceContext'.
src/knowledge/distributed-learning-system.ts(121,12): error TS2304: Cannot find name 'Action'.
src/knowledge/distributed-learning-system.ts(122,13): error TS2304: Cannot find name 'Outcome'.
src/knowledge/distributed-learning-system.ts(123,16): error TS2304: Cannot find name 'PerformanceMetrics'.
src/knowledge/distributed-learning-system.ts(124,13): error TS2304: Cannot find name 'LearningMetrics'.
src/knowledge/distributed-learning-system.ts(132,13): error TS2304: Cannot find name 'ExperienceContext'.
src/knowledge/distributed-learning-system.ts(133,15): error TS2304: Cannot find name 'PatternCondition'.
src/knowledge/distributed-learning-system.ts(134,13): error TS2304: Cannot find name 'OutcomeDistribution'.
src/knowledge/distributed-learning-system.ts(141,23): error TS2304: Cannot find name 'ConsolidationRule'.
src/knowledge/distributed-learning-system.ts(142,19): error TS2304: Cannot find name 'MemoryPressureConfig'.
src/knowledge/distributed-learning-system.ts(143,20): error TS2304: Cannot find name 'ForgettingCurveConfig'.
src/knowledge/distributed-learning-system.ts(144,24): error TS2304: Cannot find name 'ImportanceWeightingConfig'.
src/knowledge/distributed-learning-system.ts(145,23): error TS2304: Cannot find name 'ConflictResolutionStrategy'.
src/knowledge/distributed-learning-system.ts(149,15): error TS2304: Cannot find name 'PatternAlgorithm'.
src/knowledge/distributed-learning-system.ts(150,24): error TS2304: Cannot find name 'DetectionThresholds'.
src/knowledge/distributed-learning-system.ts(152,20): error TS2304: Cannot find name 'BatchProcessingConfig'.
src/knowledge/distributed-learning-system.ts(153,21): error TS2304: Cannot find name 'AnomalyDetectionConfig'.
src/knowledge/distributed-learning-system.ts(182,25): error TS2304: Cannot find name 'DistributionStrategy'.
src/knowledge/distributed-learning-system.ts(183,23): error TS2304: Cannot find name 'ConsistencyManager'.
src/knowledge/distributed-learning-system.ts(188,25): error TS2304: Cannot find name 'ModelBranch'.
src/knowledge/distributed-learning-system.ts(189,17): error TS2304: Cannot find name 'MergeRecord'.
src/knowledge/distributed-learning-system.ts(190,23): error TS2304: Cannot find name 'VersioningStrategy'.
src/knowledge/distributed-learning-system.ts(191,23): error TS2304: Cannot find name 'RollbackConfig'.
src/knowledge/distributed-learning-system.ts(198,12): error TS2304: Cannot find name 'ModelChangeset'.
src/knowledge/distributed-learning-system.ts(201,13): error TS2304: Cannot find name 'VersionMetadata'.
src/knowledge/distributed-learning-system.ts(208,14): error TS2304: Cannot find name 'BandwidthConfig'.
src/knowledge/distributed-learning-system.ts(209,13): error TS2304: Cannot find name 'PriorityConfig'.
src/knowledge/distributed-learning-system.ts(210,18): error TS2304: Cannot find name 'ErrorHandlingConfig'.
src/knowledge/distributed-learning-system.ts(214,25): error TS2304: Cannot find name 'ConflictResolutionStrategy'.
src/knowledge/distributed-learning-system.ts(217,25): error TS2304: Cannot find name 'ConsensusConfig'.
src/knowledge/distributed-learning-system.ts(218,21): error TS2304: Cannot find name 'FallbackStrategy'.
src/knowledge/distributed-learning-system.ts(244,17): error TS2304: Cannot find name 'TaskTransferEngine'.
src/knowledge/distributed-learning-system.ts(245,17): error TS2304: Cannot find name 'MetaLearningEngine'.
src/knowledge/distributed-learning-system.ts(246,23): error TS2304: Cannot find name 'TransferEvaluationSystem'.
src/knowledge/distributed-learning-system.ts(252,18): error TS2304: Cannot find name 'TransferPath'.
src/knowledge/distributed-learning-system.ts(253,15): error TS2304: Cannot find name 'SimilarityMatrix'.
src/knowledge/distributed-learning-system.ts(254,20): error TS2304: Cannot find name 'TransferabilityMatrix'.
src/knowledge/distributed-learning-system.ts(259,20): error TS2304: Cannot find name 'DomainCharacteristics'.
src/knowledge/distributed-learning-system.ts(262,20): error TS2304: Cannot find name 'TransferRecord'.
src/knowledge/distributed-learning-system.ts(263,16): error TS2304: Cannot find name 'DomainPerformance'.
src/knowledge/distributed-learning-system.ts(272,19): error TS2304: Cannot find name 'TransferSuccessMetrics'.
src/knowledge/distributed-learning-system.ts(277,21): error TS2304: Cannot find name 'FeatureAlignmentConfig'.
src/knowledge/distributed-learning-system.ts(278,25): error TS2304: Cannot find name 'DistributionMatchingConfig'.
src/knowledge/distributed-learning-system.ts(279,24): error TS2304: Cannot find name 'AdversarialTrainingConfig'.
src/knowledge/distributed-learning-system.ts(280,22): error TS2304: Cannot find name 'GradualAdaptationConfig'.
src/knowledge/distributed-learning-system.ts(306,14): error TS2304: Cannot find name 'MemoryRetrievalSystem'.
src/knowledge/distributed-learning-system.ts(307,15): error TS2304: Cannot find name 'ForgettingMechanism'.
src/knowledge/distributed-learning-system.ts(308,19): error TS2304: Cannot find name 'EpisodicMemorySystem'.
src/knowledge/distributed-learning-system.ts(309,19): error TS2304: Cannot find name 'SemanticMemorySystem'.
src/knowledge/distributed-learning-system.ts(314,16): error TS2304: Cannot find name 'MemoryGraph'.
src/knowledge/distributed-learning-system.ts(315,19): error TS2304: Cannot find name 'AccessPattern'.
src/knowledge/distributed-learning-system.ts(316,20): error TS2304: Cannot find name 'MemoryHierarchy'.
src/knowledge/distributed-learning-system.ts(317,25): error TS2304: Cannot find name 'MemoryDistributionStrategy'.
src/knowledge/distributed-learning-system.ts(323,12): error TS2304: Cannot find name 'MemoryContent'.
src/knowledge/distributed-learning-system.ts(324,13): error TS2304: Cannot find name 'MemoryMetadata'.
src/knowledge/distributed-learning-system.ts(325,18): error TS2304: Cannot find name 'AccessibilityConfig'.
src/knowledge/distributed-learning-system.ts(326,16): error TS2304: Cannot find name 'PersistenceConfig'.
src/knowledge/distributed-learning-system.ts(327,17): error TS2304: Cannot find name 'MemoryAssociation'.
src/knowledge/distributed-learning-system.ts(332,28): error TS2304: Cannot find name 'ConsolidationAlgorithm'.
src/knowledge/distributed-learning-system.ts(333,22): error TS2304: Cannot find name 'ImportanceScoringSystem'.
src/knowledge/distributed-learning-system.ts(334,23): error TS2304: Cannot find name 'MemoryConflictResolver'.
src/knowledge/distributed-learning-system.ts(335,21): error TS2304: Cannot find name 'MemoryQualityAssurance'.
src/knowledge/distributed-learning-system.ts(364,11): error TS2564: Property 'federatedLearning' has no initializer and is not definitely assigned in the constructor.
src/knowledge/distributed-learning-system.ts(365,11): error TS2564: Property 'experienceAggregator' has no initializer and is not definitely assigned in the constructor.
src/knowledge/distributed-learning-system.ts(366,11): error TS2564: Property 'modelSynchronizer' has no initializer and is not definitely assigned in the constructor.
src/knowledge/distributed-learning-system.ts(367,11): error TS2564: Property 'transferLearning' has no initializer and is not definitely assigned in the constructor.
src/knowledge/distributed-learning-system.ts(368,11): error TS2564: Property 'collectiveMemory' has no initializer and is not definitely assigned in the constructor.
src/knowledge/distributed-learning-system.ts(375,47): error TS2304: Cannot find name 'TransferKnowledge'.
src/knowledge/distributed-learning-system.ts(390,34): error TS2693: 'FederatedLearningCoordinator' only refers to a type, but is being used as a value here.
src/knowledge/distributed-learning-system.ts(396,37): error TS2304: Cannot find name 'ExperienceAggregationSystem'.
src/knowledge/distributed-learning-system.ts(402,34): error TS2304: Cannot find name 'ModelSynchronizationSystem'.
src/knowledge/distributed-learning-system.ts(408,33): error TS2304: Cannot find name 'TransferLearningSystem'.
src/knowledge/distributed-learning-system.ts(414,33): error TS2304: Cannot find name 'CollectiveMemorySystem'.
src/knowledge/distributed-learning-system.ts(428,57): error TS7006: Parameter 'data' implicitly has an 'any' type.
src/knowledge/distributed-learning-system.ts(429,39): error TS2339: Property 'aggregateRoundExperience' does not exist on type 'ExperienceAggregator'.
src/knowledge/distributed-learning-system.ts(434,31): error TS2339: Property 'on' does not exist on type 'ExperienceAggregator'.
src/knowledge/distributed-learning-system.ts(434,61): error TS7006: Parameter 'pattern' implicitly has an 'any' type.
src/knowledge/distributed-learning-system.ts(435,35): error TS2339: Property 'incorporatePattern' does not exist on type 'TransferLearningEngine'.
src/knowledge/distributed-learning-system.ts(440,28): error TS2339: Property 'on' does not exist on type 'ModelSynchronizer'.
src/knowledge/distributed-learning-system.ts(440,60): error TS7006: Parameter 'model' implicitly has an 'any' type.
src/knowledge/distributed-learning-system.ts(441,35): error TS2339: Property 'storeModelMemory' does not exist on type 'CollectiveMemoryManager'.
src/knowledge/distributed-learning-system.ts(446,27): error TS2339: Property 'on' does not exist on type 'TransferLearningEngine'.
src/knowledge/distributed-learning-system.ts(446,62): error TS7006: Parameter 'transfer' implicitly has an 'any' type.
src/knowledge/distributed-learning-system.ts(485,41): error TS2339: Property 'validateAggregatedModel' does not exist on type 'DistributedLearningSystem'.
src/knowledge/distributed-learning-system.ts(488,45): error TS2339: Property 'calculateConvergence' does not exist on type 'DistributedLearningSystem'.
src/knowledge/distributed-learning-system.ts(542,39): error TS2339: Property 'groupExperiencesByContext' does not exist on type 'DistributedLearningSystem'.
src/knowledge/distributed-learning-system.ts(545,43): error TS2339: Property 'detectExperiencePatterns' does not exist on type 'DistributedLearningSystem'.
src/knowledge/distributed-learning-system.ts(548,44): error TS2339: Property 'extractCollectiveInsights' does not exist on type 'DistributedLearningSystem'.
src/knowledge/distributed-learning-system.ts(554,47): error TS2339: Property 'consolidateExperiences' does not exist on type 'DistributedLearningSystem'.
src/knowledge/distributed-learning-system.ts(561,18): error TS2551: Property 'updateTransferKnowledge' does not exist on type 'DistributedLearningSystem'. Did you mean 'transferKnowledge'?
src/knowledge/distributed-learning-system.ts(569,46): error TS2339: Property 'getTransferUpdates' does not exist on type 'DistributedLearningSystem'.
src/knowledge/distributed-learning-system.ts(601,48): error TS2339: Property 'analyzeModelCompatibility' does not exist on type 'DistributedLearningSystem'.
src/knowledge/distributed-learning-system.ts(604,41): error TS2339: Property 'resolveModelConflicts' does not exist on type 'DistributedLearningSystem'.
src/knowledge/distributed-learning-system.ts(611,45): error TS2339: Property 'createSynchronizedModels' does not exist on type 'DistributedLearningSystem'.
src/knowledge/distributed-learning-system.ts(617,44): error TS2339: Property 'validateSynchronizedModels' does not exist on type 'DistributedLearningSystem'.
src/knowledge/distributed-learning-system.ts(620,18): error TS2339: Property 'distributeSynchronizedModels' does not exist on type 'DistributedLearningSystem'.
src/knowledge/distributed-learning-system.ts(663,41): error TS2339: Property 'analyzeDomainSimilarity' does not exist on type 'DistributedLearningSystem'.
src/knowledge/distributed-learning-system.ts(666,43): error TS2339: Property 'selectTransferStrategy' does not exist on type 'DistributedLearningSystem'.
src/knowledge/distributed-learning-system.ts(669,48): error TS2339: Property 'extractTransferableKnowledge' does not exist on type 'DistributedLearningSystem'.
src/knowledge/distributed-learning-system.ts(675,43): error TS2339: Property 'adaptKnowledgeForDomain' does not exist on type 'DistributedLearningSystem'.
src/knowledge/distributed-learning-system.ts(682,45): error TS2551: Property 'applyTransferredKnowledge' does not exist on type 'DistributedLearningSystem'. Did you mean 'transferKnowledge'?
src/knowledge/distributed-learning-system.ts(688,44): error TS2339: Property 'evaluateTransferEffectiveness' does not exist on type 'DistributedLearningSystem'.
src/knowledge/distributed-learning-system.ts(723,33): error TS2339: Property 'getTotalRounds' does not exist on type 'DistributedLearningSystem'.
src/knowledge/distributed-learning-system.ts(724,40): error TS2339: Property 'getAverageConvergence' does not exist on type 'DistributedLearningSystem'.
src/knowledge/distributed-learning-system.ts(725,39): error TS2339: Property 'getParticipationRate' does not exist on type 'DistributedLearningSystem'.
src/knowledge/distributed-learning-system.ts(726,34): error TS2339: Property 'getModelQuality' does not exist on type 'DistributedLearningSystem'.
src/knowledge/distributed-learning-system.ts(729,38): error TS2551: Property 'getTotalExperiences' does not exist on type 'DistributedLearningSystem'. Did you mean 'agentExperiences'?
src/knowledge/distributed-learning-system.ts(731,39): error TS2339: Property 'getExtractedInsights' does not exist on type 'DistributedLearningSystem'.
src/knowledge/distributed-learning-system.ts(732,39): error TS2339: Property 'getConsolidationRate' does not exist on type 'DistributedLearningSystem'.
src/knowledge/distributed-learning-system.ts(736,44): error TS2339: Property 'getConflictResolutionRate' does not exist on type 'DistributedLearningSystem'.
src/knowledge/distributed-learning-system.ts(737,44): error TS2339: Property 'getSynchronizationLatency' does not exist on type 'DistributedLearningSystem'.
src/knowledge/distributed-learning-system.ts(738,44): error TS2339: Property 'getDistributionEfficiency' does not exist on type 'DistributedLearningSystem'.
src/knowledge/distributed-learning-system.ts(742,37): error TS2339: Property 'getTransferSuccessRate' does not exist on type 'DistributedLearningSystem'.
src/knowledge/distributed-learning-system.ts(743,36): error TS2339: Property 'getDomainCoverage' does not exist on type 'DistributedLearningSystem'.
src/knowledge/distributed-learning-system.ts(744,42): error TS2339: Property 'getAdaptationEfficiency' does not exist on type 'DistributedLearningSystem'.
src/knowledge/distributed-learning-system.ts(747,36): error TS2339: Property 'getSharedMemoryCount' does not exist on type 'DistributedLearningSystem'.
src/knowledge/distributed-learning-system.ts(748,39): error TS2339: Property 'getMemoryUtilization' does not exist on type 'DistributedLearningSystem'.
src/knowledge/distributed-learning-system.ts(749,41): error TS2339: Property 'getRetrievalEfficiency' does not exist on type 'DistributedLearningSystem'.
src/knowledge/distributed-learning-system.ts(750,39): error TS2339: Property 'getMemoryConsolidationRate' does not exist on type 'DistributedLearningSystem'.
src/knowledge/distributed-learning-system.ts(763,31): error TS2339: Property 'shutdown' does not exist on type 'CollectiveMemoryManager'.
src/knowledge/distributed-learning-system.ts(764,31): error TS2339: Property 'shutdown' does not exist on type 'TransferLearningEngine'.
src/knowledge/distributed-learning-system.ts(765,32): error TS2339: Property 'shutdown' does not exist on type 'ModelSynchronizer'.
src/knowledge/distributed-learning-system.ts(766,35): error TS2339: Property 'shutdown' does not exist on type 'ExperienceAggregator'.
src/knowledge/distributed-learning-system.ts(817,20): error TS2304: Cannot find name 'FederatedLearningConfig'.
src/knowledge/distributed-learning-system.ts(818,22): error TS2304: Cannot find name 'ExperienceSharingConfig'.
src/knowledge/distributed-learning-system.ts(819,14): error TS2304: Cannot find name 'ModelSyncConfig'.
src/knowledge/distributed-learning-system.ts(820,21): error TS2304: Cannot find name 'TransferLearningConfig'.
src/knowledge/distributed-learning-system.ts(821,21): error TS2304: Cannot find name 'CollectiveMemoryConfig'.
src/knowledge/distributed-learning-system.ts(823,24): error TS2304: Cannot find name 'PrivacyConfig'.
src/knowledge/index.ts(32,3): error TS2614: Module '"./cross-agent-knowledge-integration"' has no exported member 'CollaborativeReasoningConfig'. Did you mean to use 'import CollaborativeReasoningConfig from "./cross-agent-knowledge-integration"' instead?
src/knowledge/index.ts(33,3): error TS2614: Module '"./cross-agent-knowledge-integration"' has no exported member 'CollectiveIntelligenceConfig'. Did you mean to use 'import CollectiveIntelligenceConfig from "./cross-agent-knowledge-integration"' instead?
src/knowledge/index.ts(40,3): error TS2614: Module '"./cross-agent-knowledge-integration"' has no exported member 'DistributedLearningConfig'. Did you mean to use 'import DistributedLearningConfig from "./cross-agent-knowledge-integration"' instead?
src/knowledge/index.ts(47,3): error TS2614: Module '"./cross-agent-knowledge-integration"' has no exported member 'IntelligenceCoordinationConfig'. Did you mean to use 'import IntelligenceCoordinationConfig from "./cross-agent-knowledge-integration"' instead?
src/knowledge/index.ts(49,3): error TS2614: Module '"./cross-agent-knowledge-integration"' has no exported member 'KnowledgeQualityConfig'. Did you mean to use 'import KnowledgeQualityConfig from "./cross-agent-knowledge-integration"' instead?
src/knowledge/index.ts(51,3): error TS2614: Module '"./cross-agent-knowledge-integration"' has no exported member 'PerformanceOptimizationConfig'. Did you mean to use 'import PerformanceOptimizationConfig from "./cross-agent-knowledge-integration"' instead?
src/knowledge/index.ts(80,10): error TS2614: Module '"./knowledge-processor"' has no exported member 'KnowledgeProcessor'. Did you mean to use 'import KnowledgeProcessor from "./knowledge-processor"' instead?
src/knowledge/index.ts(91,10): error TS2614: Module '"./knowledge-storage"' has no exported member 'KnowledgeStorage'. Did you mean to use 'import KnowledgeStorage from "./knowledge-storage"' instead?
src/knowledge/index.ts(94,3): error TS2614: Module '"./knowledge-swarm"' has no exported member 'FACTResult'. Did you mean to use 'import FACTResult from "./knowledge-swarm"' instead?
src/knowledge/index.ts(114,10): error TS2305: Module '"./storage-interface"' has no exported member 'StorageInterface'.
src/knowledge/index.ts(128,20): error TS2304: Cannot find name 'CrossAgentKnowledgeConfig'.
src/knowledge/index.ts(131,12): error TS2749: 'CrossAgentKnowledgeIntegration' refers to a value, but is being used as a type here. Did you mean 'typeof CrossAgentKnowledgeIntegration'?
src/knowledge/index.ts(157,38): error TS2554: Expected 1 arguments, but got 2.
src/knowledge/index.ts(169,49): error TS2304: Cannot find name 'CrossAgentKnowledgeConfig'.
src/knowledge/index.ts(221,47): error TS2304: Cannot find name 'CrossAgentKnowledgeConfig'.
src/knowledge/index.ts(246,37): error TS2304: Cannot find name 'CrossAgentKnowledgeConfig'.
src/knowledge/index.ts(247,25): error TS2304: Cannot find name 'getDefaultConfig'.
src/knowledge/index.ts(330,15): error TS2304: Cannot find name 'CrossAgentKnowledgeIntegration'.
src/knowledge/intelligence-coordination-system.ts(2362,13): error TS2304: Cannot find name 'TestCriteria'.
src/knowledge/intelligence-coordination-system.ts(2363,15): error TS2304: Cannot find name 'TestAutomation'.
src/knowledge/intelligence-coordination-system.ts(2367,13): error TS2304: Cannot find name 'CriteriaRule'.
src/knowledge/intelligence-coordination-system.ts(2368,15): error TS2304: Cannot find name 'CriteriaThreshold'.
src/knowledge/intelligence-coordination-system.ts(2369,12): error TS2304: Cannot find name 'CriteriaScoring'.
src/knowledge/intelligence-coordination-system.ts(2370,12): error TS2304: Cannot find name 'CriteriaWeight'.
src/knowledge/intelligence-coordination-system.ts(2376,11): error TS2304: Cannot find name 'ConstraintBounds'.
src/knowledge/intelligence-coordination-system.ts(2384,16): error TS2304: Cannot find name 'MetricCalculation'.
src/knowledge/intelligence-coordination-system.ts(2390,11): error TS2304: Cannot find name 'StorageSchema'.
src/knowledge/intelligence-coordination-system.ts(2392,13): error TS2304: Cannot find name 'IndexingStrategy'.
src/knowledge/intelligence-coordination-system.ts(2397,15): error TS2304: Cannot find name 'AnalysisAutomation'.
src/knowledge/intelligence-coordination-system.ts(2399,13): error TS2304: Cannot find name 'AnalysisInsight'.
src/knowledge/intelligence-coordination-system.ts(2407,15): error TS2304: Cannot find name 'PatternIndicator'.
src/knowledge/intelligence-coordination-system.ts(2425,13): error TS2304: Cannot find name 'ExpectedOutcome'.
src/knowledge/intelligence-coordination-system.ts(2430,9): error TS2304: Cannot find name 'ReportType'.
src/knowledge/intelligence-coordination-system.ts(2439,12): error TS2304: Cannot find name 'SpecializationWidget'.
src/knowledge/intelligence-coordination-system.ts(2440,11): error TS2304: Cannot find name 'DashboardLayout'.
src/knowledge/intelligence-coordination-system.ts(2447,14): error TS2304: Cannot find name 'AlertCondition'.
src/knowledge/intelligence-coordination-system.ts(2464,3): error TS2717: Subsequent property declarations must have the same type.  Property 'objectives' must be of type 'string[]', but here has type 'StageObjective[]'.
src/knowledge/intelligence-coordination-system.ts(2464,15): error TS2304: Cannot find name 'StageObjective'.
src/knowledge/intelligence-coordination-system.ts(2465,3): error TS2717: Subsequent property declarations must have the same type.  Property 'duration' must be of type 'number', but here has type 'StageDuration'.
src/knowledge/intelligence-coordination-system.ts(2470,15): error TS2304: Cannot find name 'ProgressMilestone'.
src/knowledge/intelligence-coordination-system.ts(2471,12): error TS2304: Cannot find name 'ProgressMetric'.
src/knowledge/intelligence-coordination-system.ts(2472,15): error TS2304: Cannot find name 'ProgressChallenge'.
src/knowledge/intelligence-coordination-system.ts(2477,11): error TS2304: Cannot find name 'DevelopmentPhase'.
src/knowledge/intelligence-coordination-system.ts(2478,14): error TS2304: Cannot find name 'PlanResource'.
src/knowledge/intelligence-coordination-system.ts(2479,13): error TS2304: Cannot find name 'PlanTimeline'.
src/knowledge/intelligence-coordination-system.ts(2480,17): error TS2304: Cannot find name 'PlanDependency'.
src/knowledge/intelligence-coordination-system.ts(2487,17): error TS2304: Cannot find name 'ResourceAvailability'.
src/knowledge/intelligence-coordination-system.ts(2495,14): error TS2304: Cannot find name 'MetricBenchmark'.
src/knowledge/intelligence-coordination-system.ts(2500,14): error TS2304: Cannot find name 'BenchmarkReference'.
src/knowledge/intelligence-coordination-system.ts(2501,15): error TS2304: Cannot find name 'BenchmarkComparison'.
src/knowledge/intelligence-coordination-system.ts(2502,12): error TS2304: Cannot find name 'BenchmarkContext'.
src/knowledge/intelligence-coordination-system.ts(2510,12): error TS2304: Cannot find name 'TrendFactor'.
src/knowledge/intelligence-coordination-system.ts(2516,12): error TS2304: Cannot find name 'ComparisonMetric'.
src/knowledge/intelligence-coordination-system.ts(2517,12): error TS2304: Cannot find name 'PerformanceRanking'.
src/knowledge/intelligence-coordination-system.ts(2518,13): error TS2304: Cannot find name 'ComparisonInsight'.
src/knowledge/intelligence-coordination-system.ts(2524,13): error TS2300: Duplicate identifier 'ResolutionStatus'.
src/knowledge/intelligence-coordination-system.ts(2525,13): error TS2300: Duplicate identifier 'ScheduleFrequency'.
src/knowledge/intelligence-coordination-system.ts(2526,13): error TS2300: Duplicate identifier 'PreprocessingOperation'.
src/knowledge/intelligence-coordination-system.ts(2812,21): error TS2304: Cannot find name 'EmergenceEvent'.
src/knowledge/intelligence-coordination-system.ts(2815,18): error TS2304: Cannot find name 'SpecializationIntervention'.
src/knowledge/intelligence-coordination-system.ts(2823,18): error TS2304: Cannot find name 'AdaptationEffectiveness'.
src/knowledge/intelligence-coordination-system.ts(2859,25): error TS2304: Cannot find name 'TransferOptimizationEngine'.
src/knowledge/intelligence-coordination-system.ts(2864,26): error TS2304: Cannot find name 'TransferRelationship'.
src/knowledge/intelligence-coordination-system.ts(2865,20): error TS2304: Cannot find name 'AnalogyMapping'.
src/knowledge/intelligence-coordination-system.ts(2866,27): error TS2304: Cannot find name 'AbstractionHierarchy'.
src/knowledge/intelligence-coordination-system.ts(2867,18): error TS2304: Cannot find name 'TransferPath'.
src/knowledge/intelligence-coordination-system.ts(2872,20): error TS2304: Cannot find name 'DomainCharacteristics'.
src/knowledge/intelligence-coordination-system.ts(2873,15): error TS2304: Cannot find name 'DomainOntology'.
src/knowledge/intelligence-coordination-system.ts(2874,12): error TS2304: Cannot find name 'ExpertReference'.
src/knowledge/intelligence-coordination-system.ts(2875,14): error TS2304: Cannot find name 'DomainKnowledge'.
src/knowledge/intelligence-coordination-system.ts(2876,20): error TS2304: Cannot find name 'DomainTransferHistory'.
src/knowledge/intelligence-coordination-system.ts(2881,22): error TS2304: Cannot find name 'AnalogyMappingAlgorithm'.
src/knowledge/intelligence-coordination-system.ts(2882,25): error TS2304: Cannot find name 'AnalogyValidationMechanism'.
src/knowledge/intelligence-coordination-system.ts(2883,20): error TS2304: Cannot find name 'AnalogyDatabase'.
src/knowledge/intelligence-coordination-system.ts(2884,21): error TS2304: Cannot find name 'CreativityEngine'.
src/knowledge/intelligence-coordination-system.ts(2889,29): error TS2304: Cannot find name 'GeneralizationAlgorithm'.
src/knowledge/intelligence-coordination-system.ts(2890,25): error TS2304: Cannot find name 'ConceptualFramework'.
src/knowledge/intelligence-coordination-system.ts(2891,22): error TS2304: Cannot find name 'PatternExtractionEngine'.
src/knowledge/intelligence-coordination-system.ts(2892,26): error TS2304: Cannot find name 'KnowledgeDistillationEngine'.
src/knowledge/intelligence-coordination-system.ts(2896,23): error TS2304: Cannot find name 'TransferValidationCriteria'.
src/knowledge/intelligence-coordination-system.ts(2897,21): error TS2304: Cannot find name 'TransferTestingFramework'.
src/knowledge/intelligence-coordination-system.ts(2898,26): error TS2304: Cannot find name 'TransferPerformanceEvaluation'.
src/knowledge/intelligence-coordination-system.ts(2899,21): error TS2304: Cannot find name 'TransferQualityAssurance'.
src/knowledge/intelligence-coordination-system.ts(2900,19): error TS2304: Cannot find name 'TransferRiskAssessment'.
src/knowledge/intelligence-coordination-system.ts(2926,24): error TS2304: Cannot find name 'MemoryConsolidationEngine'.
src/knowledge/intelligence-coordination-system.ts(2929,19): error TS2304: Cannot find name 'EpisodicMemorySystem'.
src/knowledge/intelligence-coordination-system.ts(2930,19): error TS2304: Cannot find name 'SemanticMemorySystem'.
src/knowledge/intelligence-coordination-system.ts(2935,16): error TS2304: Cannot find name 'MemoryGraph'.
src/knowledge/intelligence-coordination-system.ts(2936,19): error TS2304: Cannot find name 'AccessPattern'.
src/knowledge/intelligence-coordination-system.ts(2937,20): error TS2304: Cannot find name 'MemoryHierarchy'.
src/knowledge/intelligence-coordination-system.ts(2938,25): error TS2304: Cannot find name 'MemoryDistributionStrategy'.
src/knowledge/intelligence-coordination-system.ts(2944,12): error TS2304: Cannot find name 'MemoryContent'.
src/knowledge/intelligence-coordination-system.ts(2945,13): error TS2304: Cannot find name 'MemoryMetadata'.
src/knowledge/intelligence-coordination-system.ts(2946,18): error TS2304: Cannot find name 'AccessibilityConfig'.
src/knowledge/intelligence-coordination-system.ts(2947,16): error TS2304: Cannot find name 'PersistenceConfig'.
src/knowledge/intelligence-coordination-system.ts(2948,17): error TS2304: Cannot find name 'MemoryAssociation'.
src/knowledge/intelligence-coordination-system.ts(2953,20): error TS2304: Cannot find name 'IndexingSystem'.
src/knowledge/intelligence-coordination-system.ts(2954,21): error TS2304: Cannot find name 'SearchAlgorithm'.
src/knowledge/intelligence-coordination-system.ts(2955,22): error TS2304: Cannot find name 'RankingMechanism'.
src/knowledge/intelligence-coordination-system.ts(2956,24): error TS2304: Cannot find name 'ContextualRetrievalEngine'.
src/knowledge/intelligence-coordination-system.ts(2960,21): error TS2304: Cannot find name 'ForgettingCurve'.
src/knowledge/intelligence-coordination-system.ts(2962,24): error TS2304: Cannot find name 'ImportanceWeighting'.
src/knowledge/intelligence-coordination-system.ts(2963,24): error TS2304: Cannot find name 'SelectiveForgettingEngine'.
src/knowledge/intelligence-coordination-system.ts(2964,24): error TS2304: Cannot find name 'ConsolidationTrigger'.
src/knowledge/intelligence-coordination-system.ts(2994,11): error TS2564: Property 'expertiseDiscovery' has no initializer and is not definitely assigned in the constructor.
src/knowledge/intelligence-coordination-system.ts(2995,11): error TS2564: Property 'knowledgeRouting' has no initializer and is not definitely assigned in the constructor.
src/knowledge/intelligence-coordination-system.ts(2996,11): error TS2564: Property 'specializationDetector' has no initializer and is not definitely assigned in the constructor.
src/knowledge/intelligence-coordination-system.ts(2997,11): error TS2564: Property 'crossDomainTransfer' has no initializer and is not definitely assigned in the constructor.
src/knowledge/intelligence-coordination-system.ts(2998,11): error TS2564: Property 'collectiveMemory' has no initializer and is not definitely assigned in the constructor.
src/knowledge/intelligence-coordination-system.ts(3004,47): error TS2304: Cannot find name 'TransferKnowledge'.
src/knowledge/intelligence-coordination-system.ts(3005,49): error TS2304: Cannot find name 'CoordinationEvent'.
src/knowledge/intelligence-coordination-system.ts(3020,5): error TS2739: Type 'ExpertiseDiscoverySystemImpl' is missing the following properties from type 'ExpertiseDiscoveryEngine': expertiseProfiles, discoveryMechanisms, expertiseEvolution, competencyMapping, reputationSystem
src/knowledge/intelligence-coordination-system.ts(3026,33): error TS2304: Cannot find name 'KnowledgeRoutingEngineSystem'.
src/knowledge/intelligence-coordination-system.ts(3032,39): error TS2304: Cannot find name 'SpecializationDetectionSystem'.
src/knowledge/intelligence-coordination-system.ts(3038,36): error TS2304: Cannot find name 'CrossDomainTransferEngineSystem'.
src/knowledge/intelligence-coordination-system.ts(3044,33): error TS2304: Cannot find name 'CollectiveMemorySystem'.
src/knowledge/intelligence-coordination-system.ts(3058,29): error TS2339: Property 'on' does not exist on type 'ExpertiseDiscoveryEngine'.
src/knowledge/intelligence-coordination-system.ts(3058,60): error TS7006: Parameter 'profile' implicitly has an 'any' type.
src/knowledge/intelligence-coordination-system.ts(3059,35): error TS2551: Property 'updateRoutingTable' does not exist on type 'KnowledgeRoutingSystem'. Did you mean 'routingTable'?
src/knowledge/intelligence-coordination-system.ts(3064,33): error TS2339: Property 'on' does not exist on type 'SpecializationEmergenceDetector'.
src/knowledge/intelligence-coordination-system.ts(3064,69): error TS7006: Parameter 'specialization' implicitly has an 'any' type.
src/knowledge/intelligence-coordination-system.ts(3065,37): error TS2339: Property 'incorporateSpecialization' does not exist on type 'ExpertiseDiscoveryEngine'.
src/knowledge/intelligence-coordination-system.ts(3070,30): error TS2339: Property 'on' does not exist on type 'CrossDomainTransferSystem'.
src/knowledge/intelligence-coordination-system.ts(3070,62): error TS7006: Parameter 'transfer' implicitly has an 'any' type.
src/knowledge/intelligence-coordination-system.ts(3071,35): error TS2339: Property 'storeTransferExperience' does not exist on type 'CollectiveMemoryManager'.
src/knowledge/intelligence-coordination-system.ts(3076,27): error TS2339: Property 'on' does not exist on type 'KnowledgeRoutingSystem'.
src/knowledge/intelligence-coordination-system.ts(3076,59): error TS7006: Parameter 'routing' implicitly has an 'any' type.
src/knowledge/intelligence-coordination-system.ts(3077,35): error TS2339: Property 'recordRoutingSuccess' does not exist on type 'CollectiveMemoryManager'.
src/knowledge/intelligence-coordination-system.ts(3082,27): error TS2339: Property 'on' does not exist on type 'CollectiveMemoryManager'.
src/knowledge/intelligence-coordination-system.ts(3082,51): error TS7006: Parameter 'memory' implicitly has an 'any' type.
src/knowledge/intelligence-coordination-system.ts(3083,12): error TS2339: Property 'propagateMemoryInsights' does not exist on type 'IntelligenceCoordinationSystem'.
src/knowledge/intelligence-coordination-system.ts(3109,38): error TS2339: Property 'identifyExpertiseGaps' does not exist on type 'IntelligenceCoordinationSystem'.
src/knowledge/intelligence-coordination-system.ts(3112,43): error TS2339: Property 'buildExpertiseNetwork' does not exist on type 'IntelligenceCoordinationSystem'.
src/knowledge/intelligence-coordination-system.ts(3115,56): error TS2339: Property 'generateSpecializationRecommendations' does not exist on type 'IntelligenceCoordinationSystem'.
src/knowledge/intelligence-coordination-system.ts(3171,40): error TS2339: Property 'analyzeQueryRequirements' does not exist on type 'IntelligenceCoordinationSystem'.
src/knowledge/intelligence-coordination-system.ts(3174,43): error TS2339: Property 'identifyCandidateExperts' does not exist on type 'IntelligenceCoordinationSystem'.
src/knowledge/intelligence-coordination-system.ts(3180,42): error TS2339: Property 'selectRoutingStrategy' does not exist on type 'IntelligenceCoordinationSystem'.
src/knowledge/intelligence-coordination-system.ts(3186,42): error TS2339: Property 'applyRoutingStrategy' does not exist on type 'IntelligenceCoordinationSystem'.
src/knowledge/intelligence-coordination-system.ts(3193,43): error TS2339: Property 'executeRouting' does not exist on type 'IntelligenceCoordinationSystem'.
src/knowledge/intelligence-coordination-system.ts(3196,45): error TS2339: Property 'monitorRoutingPerformance' does not exist on type 'IntelligenceCoordinationSystem'.
src/knowledge/intelligence-coordination-system.ts(3211,18): error TS2551: Property 'updateRoutingTable' does not exist on type 'IntelligenceCoordinationSystem'. Did you mean 'routingTable'?
src/knowledge/intelligence-coordination-system.ts(3238,39): error TS2339: Property 'collectBehaviorData' does not exist on type 'IntelligenceCoordinationSystem'.
src/knowledge/intelligence-coordination-system.ts(3243,16): error TS2339: Property 'applyEmergenceDetection' does not exist on type 'IntelligenceCoordinationSystem'.
src/knowledge/intelligence-coordination-system.ts(3248,46): error TS2339: Property 'consolidateDetectionResults' does not exist on type 'IntelligenceCoordinationSystem'.
src/knowledge/intelligence-coordination-system.ts(3251,44): error TS2339: Property 'validateEmergencePatterns' does not exist on type 'IntelligenceCoordinationSystem'.
src/knowledge/intelligence-coordination-system.ts(3255,20): error TS2339: Property 'generateAdaptationRecommendations' does not exist on type 'IntelligenceCoordinationSystem'.
src/knowledge/intelligence-coordination-system.ts(3258,45): error TS2339: Property 'applyAutomaticAdaptations' does not exist on type 'IntelligenceCoordinationSystem'.
src/knowledge/intelligence-coordination-system.ts(3267,36): error TS2339: Property 'calculateEmergenceScore' does not exist on type 'IntelligenceCoordinationSystem'.
src/knowledge/intelligence-coordination-system.ts(3273,34): error TS7006: Parameter 'pattern' implicitly has an 'any' type.
src/knowledge/intelligence-coordination-system.ts(3307,41): error TS2339: Property 'analyzeDomainCompatibility' does not exist on type 'IntelligenceCoordinationSystem'.
src/knowledge/intelligence-coordination-system.ts(3310,44): error TS2339: Property 'selectTransferMechanism' does not exist on type 'IntelligenceCoordinationSystem'.
src/knowledge/intelligence-coordination-system.ts(3313,45): error TS2339: Property 'extractTransferableKnowledge' does not exist on type 'IntelligenceCoordinationSystem'.
src/knowledge/intelligence-coordination-system.ts(3319,43): error TS2339: Property 'adaptKnowledge' does not exist on type 'IntelligenceCoordinationSystem'.
src/knowledge/intelligence-coordination-system.ts(3326,44): error TS2339: Property 'validateTransfer' does not exist on type 'IntelligenceCoordinationSystem'.
src/knowledge/intelligence-coordination-system.ts(3329,45): error TS2551: Property 'applyTransferredKnowledge' does not exist on type 'IntelligenceCoordinationSystem'. Did you mean 'transferKnowledge'?
src/knowledge/intelligence-coordination-system.ts(3330,9): error TS2304: Cannot find name 'validatedResults'.
src/knowledge/intelligence-coordination-system.ts(3335,50): error TS2339: Property 'evaluateTransferEffectiveness' does not exist on type 'IntelligenceCoordinationSystem'.
src/knowledge/intelligence-coordination-system.ts(3371,43): error TS2339: Property 'getAverageExpertiseLevel' does not exist on type 'IntelligenceCoordinationSystem'.
src/knowledge/intelligence-coordination-system.ts(3372,39): error TS2339: Property 'getExpertiseCoverage' does not exist on type 'IntelligenceCoordinationSystem'.
src/knowledge/intelligence-coordination-system.ts(3373,39): error TS2339: Property 'getDiscoveryAccuracy' does not exist on type 'IntelligenceCoordinationSystem'.
src/knowledge/intelligence-coordination-system.ts(3377,36): error TS2339: Property 'getRoutingSuccessRate' does not exist on type 'IntelligenceCoordinationSystem'.
src/knowledge/intelligence-coordination-system.ts(3378,43): error TS2339: Property 'getAverageRoutingLatency' does not exist on type 'IntelligenceCoordinationSystem'.
src/knowledge/intelligence-coordination-system.ts(3379,43): error TS2339: Property 'getLoadBalanceEfficiency' does not exist on type 'IntelligenceCoordinationSystem'.
src/knowledge/intelligence-coordination-system.ts(3383,35): error TS2339: Property 'getEmergenceRate' does not exist on type 'IntelligenceCoordinationSystem'.
src/knowledge/intelligence-coordination-system.ts(3384,43): error TS2339: Property 'getAdaptationSuccessRate' does not exist on type 'IntelligenceCoordinationSystem'.
src/knowledge/intelligence-coordination-system.ts(3385,45): error TS2339: Property 'getSpecializationDiversity' does not exist on type 'IntelligenceCoordinationSystem'.
src/knowledge/intelligence-coordination-system.ts(3389,41): error TS2339: Property 'getTransferSuccessRate' does not exist on type 'IntelligenceCoordinationSystem'.
src/knowledge/intelligence-coordination-system.ts(3390,50): error TS2339: Property 'getAverageTransferEffectiveness' does not exist on type 'IntelligenceCoordinationSystem'.
src/knowledge/intelligence-coordination-system.ts(3391,36): error TS2339: Property 'getDomainCoverage' does not exist on type 'IntelligenceCoordinationSystem'.
src/knowledge/intelligence-coordination-system.ts(3394,36): error TS2339: Property 'getStoredMemoryCount' does not exist on type 'IntelligenceCoordinationSystem'.
src/knowledge/intelligence-coordination-system.ts(3395,39): error TS2339: Property 'getMemoryUtilization' does not exist on type 'IntelligenceCoordinationSystem'.
src/knowledge/intelligence-coordination-system.ts(3396,41): error TS2339: Property 'getRetrievalEfficiency' does not exist on type 'IntelligenceCoordinationSystem'.
src/knowledge/intelligence-coordination-system.ts(3397,41): error TS2339: Property 'getKnowledgeGrowthRate' does not exist on type 'IntelligenceCoordinationSystem'.
src/knowledge/intelligence-coordination-system.ts(3410,31): error TS2339: Property 'shutdown' does not exist on type 'CollectiveMemoryManager'.
src/knowledge/intelligence-coordination-system.ts(3411,34): error TS2339: Property 'shutdown' does not exist on type 'CrossDomainTransferSystem'.
src/knowledge/intelligence-coordination-system.ts(3412,37): error TS2339: Property 'shutdown' does not exist on type 'SpecializationEmergenceDetector'.
src/knowledge/intelligence-coordination-system.ts(3413,31): error TS2339: Property 'shutdown' does not exist on type 'KnowledgeRoutingSystem'.
src/knowledge/intelligence-coordination-system.ts(3414,33): error TS2339: Property 'shutdown' does not exist on type 'ExpertiseDiscoveryEngine'.
src/knowledge/intelligence-coordination-system.ts(3439,14): error TS2304: Cannot find name 'ExpertiseDistribution'.
src/knowledge/intelligence-coordination-system.ts(3441,18): error TS2304: Cannot find name 'ExpertiseDistribution'.
src/knowledge/intelligence-coordination-system.ts(3453,23): error TS2304: Cannot find name 'ExpertiseDiscoveryConfig'.
src/knowledge/intelligence-coordination-system.ts(3454,21): error TS2304: Cannot find name 'KnowledgeRoutingConfig'.
src/knowledge/intelligence-coordination-system.ts(3455,28): error TS2304: Cannot find name 'SpecializationDetectionConfig'.
src/knowledge/intelligence-coordination-system.ts(3456,24): error TS2304: Cannot find name 'CrossDomainTransferConfig'.
src/knowledge/intelligence-coordination-system.ts(3457,21): error TS2304: Cannot find name 'CollectiveMemoryConfig'.
src/knowledge/intelligence-coordination-system.ts(3464,26): error TS2304: Cannot find name 'ExpertiseDistribution'.
src/knowledge/intelligence-coordination-system.ts(3465,16): error TS2304: Cannot find name 'ExpertiseGapAnalysis'.
src/knowledge/intelligence-coordination-system.ts(3466,21): error TS2304: Cannot find name 'ExpertiseNetwork'.
src/knowledge/intelligence-coordination-system.ts(3478,21): error TS2304: Cannot find name 'RoutingExecution'.
src/knowledge/intelligence-coordination-system.ts(3526,17): error TS2304: Cannot find name 'QueryRequirements'.
src/knowledge/intelligence-coordination-system.ts(3559,3): error TS2717: Subsequent property declarations must have the same type.  Property 'recipients' must be of type 'Recipient[]', but here has type 'string[]'.
src/knowledge/intelligence-coordination-system.ts(3628,18): error TS2300: Duplicate identifier 'ResolutionStatus'.
src/knowledge/intelligence-coordination-system.ts(3653,18): error TS2300: Duplicate identifier 'ScheduleFrequency'.
src/knowledge/intelligence-coordination-system.ts(3670,18): error TS2300: Duplicate identifier 'PreprocessingOperation'.
src/knowledge/intelligence-coordination-system.ts(4007,17): error TS2304: Cannot find name 'RoutingPreference'.
src/knowledge/intelligence-coordination-system.ts(4028,13): error TS6138: Property 'config' is declared but its value is never read.
src/knowledge/intelligence-coordination-system.ts(4029,13): error TS6138: Property 'logger' is declared but its value is never read.
src/knowledge/intelligence-coordination-system.ts(4030,13): error TS6138: Property 'eventBus' is declared but its value is never read.
src/knowledge/intelligence-coordination-system.ts(4033,35): error TS6133: 'specialization' is declared but its value is never read.
src/knowledge/intelligence-coordination-system.ts(4041,6): error TS6133: 'event' is declared but its value is never read.
src/knowledge/intelligence-coordination-system.ts(4041,21): error TS6133: 'handler' is declared but its value is never read.
src/knowledge/knowledge-cache-backends/sqlite-backend.ts(22,14): error TS2420: Class 'SQLiteBackend' incorrectly implements interface 'FACTStorageBackend'.
  Type 'SQLiteBackend' is missing the following properties from type 'FACTStorageBackend': get, cleanup, shutdown
src/knowledge/knowledge-cache-backends/sqlite-backend.ts(28,10): error TS2339: Property 'config' does not exist on type 'SQLiteBackend'.
src/knowledge/knowledge-cache-backends/sqlite-backend.ts(86,39): error TS2339: Property 'content' does not exist on type 'FACTKnowledgeEntry'.
src/knowledge/knowledge-cache-backends/sqlite-backend.ts(114,18): error TS4111: Property 'cacheMisses' comes from an index signature, so it must be accessed with ['cacheMisses'].
src/knowledge/knowledge-cache-backends/sqlite-backend.ts(117,18): error TS4111: Property 'cacheMisses' comes from an index signature, so it must be accessed with ['cacheMisses'].
src/knowledge/knowledge-cache-backends/sqlite-backend.ts(166,9): error TS2353: Object literal may only specify known properties, and 'totalEntries' does not exist in type 'FACTStorageStats'.
src/knowledge/knowledge-cache-backends/sqlite-backend.ts(166,34): error TS4111: Property 'totalEntries' comes from an index signature, so it must be accessed with ['totalEntries'].
src/knowledge/knowledge-cache-backends/sqlite-backend.ts(167,31): error TS4111: Property 'totalSize' comes from an index signature, so it must be accessed with ['totalSize'].
src/knowledge/knowledge-cache-backends/sqlite-backend.ts(168,31): error TS4111: Property 'cacheHits' comes from an index signature, so it must be accessed with ['cacheHits'].
src/knowledge/knowledge-cache-backends/sqlite-backend.ts(169,33): error TS4111: Property 'cacheMisses' comes from an index signature, so it must be accessed with ['cacheMisses'].
src/knowledge/knowledge-cache-backends/sqlite-backend.ts(171,34): error TS4111: Property 'lastAccessed' comes from an index signature, so it must be accessed with ['lastAccessed'].
src/knowledge/knowledge-cache-backends/sqlite-backend.ts(172,29): error TS4111: Property 'backendType' comes from an index signature, so it must be accessed with ['backendType'].
src/knowledge/knowledge-cache-backends/sqlite-backend.ts(195,18): error TS4111: Property 'totalEntries' comes from an index signature, so it must be accessed with ['totalEntries'].
src/knowledge/knowledge-cache-backends/sqlite-backend.ts(196,18): error TS4111: Property 'totalSize' comes from an index signature, so it must be accessed with ['totalSize'].
src/knowledge/knowledge-cache-backends/sqlite-backend.ts(197,18): error TS4111: Property 'cacheHits' comes from an index signature, so it must be accessed with ['cacheHits'].
src/knowledge/knowledge-cache-backends/sqlite-backend.ts(198,18): error TS4111: Property 'cacheMisses' comes from an index signature, so it must be accessed with ['cacheMisses'].
src/knowledge/knowledge-cache-backends/sqlite-backend.ts(247,16): error TS4111: Property 'lastAccessed' comes from an index signature, so it must be accessed with ['lastAccessed'].
src/knowledge/knowledge-cache-backends/sqlite-backend.ts(248,16): error TS4111: Property 'modified' comes from an index signature, so it must be accessed with ['modified'].
src/knowledge/knowledge-cache-backends/sqlite-backend.ts(251,18): error TS4111: Property 'totalEntries' comes from an index signature, so it must be accessed with ['totalEntries'].
src/knowledge/knowledge-cache-backends/sqlite-backend.ts(252,18): error TS4111: Property 'totalSize' comes from an index signature, so it must be accessed with ['totalSize'].
src/knowledge/knowledge-cache-backends/sqlite-backend.ts(254,18): error TS4111: Property 'totalEntries' comes from an index signature, so it must be accessed with ['totalEntries'].
src/knowledge/knowledge-cache-backends/sqlite-backend.ts(254,56): error TS4111: Property 'totalEntries' comes from an index signature, so it must be accessed with ['totalEntries'].
src/knowledge/knowledge-cache-backends/sqlite-backend.ts(259,30): error TS4111: Property 'cacheHits' comes from an index signature, so it must be accessed with ['cacheHits'].
src/knowledge/knowledge-cache-backends/sqlite-backend.ts(259,53): error TS4111: Property 'cacheMisses' comes from an index signature, so it must be accessed with ['cacheMisses'].
src/knowledge/knowledge-cache-backends/sqlite-backend.ts(260,35): error TS4111: Property 'cacheHits' comes from an index signature, so it must be accessed with ['cacheHits'].
src/knowledge/knowledge-client.ts(129,36): error TS2339: Property 'queryCounter' does not exist on type 'FACTIntegration'.
src/knowledge/knowledge-processor.ts(20,34): error TS2307: Cannot find module './knowledge-cache-system' or its corresponding type declarations.
src/knowledge/knowledge-processor.ts(22,3): error TS2614: Module '"./project-context-analyzer"' has no exported member 'KnowledgeGatheringMission'. Did you mean to use 'import KnowledgeGatheringMission from "./project-context-analyzer"' instead?
src/knowledge/knowledge-processor.ts(164,10): error TS2339: Property 'contextAnalyzer' does not exist on type 'WASMFactIntegration'.
src/knowledge/knowledge-processor.ts(175,10): error TS2339: Property 'knowledgeCache' does not exist on type 'WASMFactIntegration'.
src/knowledge/knowledge-processor.ts(213,18): error TS2339: Property 'factStorage' does not exist on type 'WASMFactIntegration'.
src/knowledge/knowledge-processor.ts(216,18): error TS2339: Property 'hiveSystem' does not exist on type 'WASMFactIntegration'.
src/knowledge/knowledge-processor.ts(273,18): error TS2339: Property 'storeInFACTStorage' does not exist on type 'WASMFactIntegration'.
src/knowledge/knowledge-processor.ts(312,29): error TS2339: Property 'hiveSystem' does not exist on type 'WASMFactIntegration'.
src/knowledge/knowledge-processor.ts(355,35): error TS18046: 'error' is of type 'unknown'.
src/knowledge/knowledge-processor.ts(390,44): error TS18046: 'error' is of type 'unknown'.
src/knowledge/knowledge-processor.ts(511,25): error TS2352: Conversion of type '{ FastCache: typeof MockFastCache; QueryProcessor: typeof MockQueryProcessor; CognitiveEngine: typeof MockCognitiveEngine; }' to type 'WASMFact' may be a mistake because neither type sufficiently overlaps with the other. If this was intentional, convert the expression to 'unknown' first.
  Types of property 'FastCache' are incompatible.
    Types of construct signatures are incompatible.
      Type 'new (size: number) => MockFastCache' is not assignable to type 'new (size: number) => { set(key: string, value: string, ttl: bigint): boolean; get(key: string): string | undefined; clear(): void; size(): number; stats(): { hits: number; misses: number; hit_rate: number; }; }'.
        Type 'MockFastCache' is not comparable to type '{ set(key: string, value: string, ttl: bigint): boolean; get(key: string): string | undefined; clear(): void; size(): number; stats(): { hits: number; misses: number; hit_rate: number; }; }'.
          Property 'size' is private in type 'MockFastCache' but not in type '{ set(key: string, value: string, ttl: bigint): boolean; get(key: string): string | undefined; clear(): void; size(): number; stats(): { hits: number; misses: number; hit_rate: number; }; }'.
src/knowledge/knowledge-processor.ts(517,31): error TS2300: Duplicate identifier 'size'.
src/knowledge/knowledge-processor.ts(517,31): error TS6138: Property 'size' is declared but its value is never read.
src/knowledge/knowledge-processor.ts(546,11): error TS2300: Duplicate identifier 'size'.
src/knowledge/knowledge-processor.ts(773,16): error TS2339: Property 'hiveSystem' does not exist on type 'WASMFactIntegration'.
src/knowledge/knowledge-quality-management.ts(56,13): error TS2300: Duplicate identifier 'ReviewProcess'.
src/knowledge/knowledge-quality-management.ts(57,13): error TS2300: Duplicate identifier 'ReputationModelType'.
src/knowledge/knowledge-quality-management.ts(58,13): error TS2300: Duplicate identifier 'ScoringAlgorithmType'.
src/knowledge/knowledge-quality-management.ts(59,13): error TS2300: Duplicate identifier 'WeightingStrategy'.
src/knowledge/knowledge-quality-management.ts(65,13): error TS2300: Duplicate identifier 'DecayFunctionType'.
src/knowledge/knowledge-quality-management.ts(79,13): error TS2300: Duplicate identifier 'ReviewType'.
src/knowledge/knowledge-quality-management.ts(138,13): error TS2300: Duplicate identifier 'ReputationModelType'.
src/knowledge/knowledge-quality-management.ts(146,13): error TS2300: Duplicate identifier 'ScoringAlgorithmType'.
src/knowledge/knowledge-quality-management.ts(155,13): error TS2300: Duplicate identifier 'WeightingStrategy'.
src/knowledge/knowledge-quality-management.ts(163,13): error TS2300: Duplicate identifier 'DecayFunctionType'.
src/knowledge/knowledge-quality-management.ts(204,18): error TS2304: Cannot find name 'EvidenceType'.
src/knowledge/knowledge-quality-management.ts(205,22): error TS2304: Cannot find name 'SourceReliabilityRequirement'.
src/knowledge/knowledge-quality-management.ts(207,32): error TS2304: Cannot find name 'CrossReferencingConfig'.
src/knowledge/knowledge-quality-management.ts(211,23): error TS2304: Cannot find name 'ValidatorSelectionStrategy'.
src/knowledge/knowledge-quality-management.ts(214,27): error TS2304: Cannot find name 'DisagreementResolutionStrategy'.
src/knowledge/knowledge-quality-management.ts(215,22): error TS2304: Cannot find name 'ConsensusConfiguration'.
src/knowledge/knowledge-quality-management.ts(227,13): error TS2304: Cannot find name 'ValidationEvidence'.
src/knowledge/knowledge-quality-management.ts(228,11): error TS2304: Cannot find name 'ValidationIssue'.
src/knowledge/knowledge-quality-management.ts(229,20): error TS2304: Cannot find name 'ValidationRecommendation'.
src/knowledge/knowledge-quality-management.ts(267,16): error TS2304: Cannot find name 'MeasurementMethod'.
src/knowledge/knowledge-quality-management.ts(268,16): error TS2304: Cannot find name 'AggregationMethod'.
src/knowledge/knowledge-quality-management.ts(269,19): error TS2304: Cannot find name 'InterpretationRules'.
src/knowledge/knowledge-quality-management.ts(270,15): error TS2304: Cannot find name 'QualityBenchmark'.
src/knowledge/knowledge-quality-management.ts(275,20): error TS2304: Cannot find name 'AssessmentScope'.
src/knowledge/knowledge-quality-management.ts(277,14): error TS2304: Cannot find name 'AssessmentFrequency'.
src/knowledge/knowledge-quality-management.ts(278,13): error TS2304: Cannot find name 'AssessmentCriteria'.
src/knowledge/knowledge-quality-management.ts(279,12): error TS2304: Cannot find name 'ScoringRubric'.
src/knowledge/knowledge-quality-management.ts(283,20): error TS2304: Cannot find name 'MonitoringScope'.
src/knowledge/knowledge-quality-management.ts(285,20): error TS2304: Cannot find name 'AlertCondition'.
src/knowledge/knowledge-quality-management.ts(286,15): error TS2304: Cannot find name 'DashboardConfig'.
src/knowledge/knowledge-quality-management.ts(287,14): error TS2304: Cannot find name 'ReportingConfig'.
src/knowledge/knowledge-quality-management.ts(293,13): error TS2304: Cannot find name 'ImprovementTrigger'.
src/knowledge/knowledge-quality-management.ts(294,12): error TS2304: Cannot find name 'ImprovementAction'.
src/knowledge/knowledge-quality-management.ts(295,15): error TS2304: Cannot find name 'ImprovementEvaluation'.
src/knowledge/knowledge-quality-management.ts(299,19): error TS2304: Cannot find name 'BenchmarkType'.
src/knowledge/knowledge-quality-management.ts(300,24): error TS2304: Cannot find name 'ComparisonBaseline'.
src/knowledge/knowledge-quality-management.ts(301,25): error TS2304: Cannot find name 'PerformanceStandard'.
src/knowledge/knowledge-quality-management.ts(303,20): error TS2304: Cannot find name 'BenchmarkReportFormat'.
src/knowledge/knowledge-quality-management.ts(341,20): error TS2304: Cannot find name 'TemporalQueryEngine'.
src/knowledge/knowledge-quality-management.ts(345,25): error TS2304: Cannot find name 'KnowledgeVersion'.
src/knowledge/knowledge-quality-management.ts(346,19): error TS2304: Cannot find name 'VersionHistory'.
src/knowledge/knowledge-quality-management.ts(348,23): error TS2304: Cannot find name 'VersionConflictResolver'.
src/knowledge/knowledge-quality-management.ts(349,21): error TS2304: Cannot find name 'BranchManager'.
src/knowledge/knowledge-quality-management.ts(354,25): error TS2304: Cannot find name 'TimeSeriesValidator'.
src/knowledge/knowledge-quality-management.ts(355,22): error TS2304: Cannot find name 'CausalityChecker'.
src/knowledge/knowledge-quality-management.ts(356,27): error TS2304: Cannot find name 'TemporalConsistencyMaintainer'.
src/knowledge/knowledge-quality-management.ts(357,26): error TS2304: Cannot find name 'InvalidationDetector'.
src/knowledge/knowledge-quality-management.ts(361,16): error TS2304: Cannot find name 'DecayModel'.
src/knowledge/knowledge-quality-management.ts(362,22): error TS2304: Cannot find name 'FreshnessCriteria'.
src/knowledge/knowledge-quality-management.ts(363,20): error TS2304: Cannot find name 'DecayPredictor'.
src/knowledge/knowledge-quality-management.ts(364,22): error TS2304: Cannot find name 'RefreshStrategy'.
src/knowledge/knowledge-quality-management.ts(365,22): error TS2304: Cannot find name 'RetentionPolicy'.
src/knowledge/knowledge-quality-management.ts(369,21): error TS2304: Cannot find name 'PropagationGraph'.
src/knowledge/knowledge-quality-management.ts(370,21): error TS2304: Cannot find name 'UpdateStrategy'.
src/knowledge/knowledge-quality-management.ts(371,23): error TS2304: Cannot find name 'DependencyTracker'.
src/knowledge/knowledge-quality-management.ts(372,19): error TS2304: Cannot find name 'ImpactAnalyzer'.
src/knowledge/knowledge-quality-management.ts(373,21): error TS2304: Cannot find name 'CascadingUpdateManager'.
src/knowledge/knowledge-quality-management.ts(401,18): error TS2304: Cannot find name 'ReviewQualityAssurance'.
src/knowledge/knowledge-quality-management.ts(402,23): error TS2304: Cannot find name 'IncentiveSystem'.
src/knowledge/knowledge-quality-management.ts(405,18): error TS2300: Duplicate identifier 'ReviewProcess'.
src/knowledge/knowledge-quality-management.ts(408,11): error TS2304: Cannot find name 'ReviewPhase'.
src/knowledge/knowledge-quality-management.ts(410,13): error TS2304: Cannot find name 'ReviewWorkflow'.
src/knowledge/knowledge-quality-management.ts(411,19): error TS2304: Cannot find name 'ReviewQualityControl'.
src/knowledge/knowledge-quality-management.ts(415,22): error TS2304: Cannot find name 'ReviewerSelectionCriteria'.
src/knowledge/knowledge-quality-management.ts(416,22): error TS2304: Cannot find name 'ReviewerMatchingAlgorithm'.
src/knowledge/knowledge-quality-management.ts(417,25): error TS2304: Cannot find name 'AvailabilityTracker'.
src/knowledge/knowledge-quality-management.ts(418,18): error TS2304: Cannot find name 'ReviewerLoadBalancer'.
src/knowledge/knowledge-quality-management.ts(419,23): error TS2304: Cannot find name 'ConflictOfInterestDetector'.
src/knowledge/knowledge-quality-management.ts(423,22): error TS2304: Cannot find name 'WorkflowTemplate'.
src/knowledge/knowledge-quality-management.ts(424,20): error TS2304: Cannot find name 'ReviewStateManager'.
src/knowledge/knowledge-quality-management.ts(425,21): error TS2304: Cannot find name 'ProgressTracker'.
src/knowledge/knowledge-quality-management.ts(426,23): error TS2304: Cannot find name 'DeadlineManager'.
src/knowledge/knowledge-quality-management.ts(427,25): error TS2304: Cannot find name 'EscalationProcedure'.
src/knowledge/knowledge-quality-management.ts(437,13): error TS2304: Cannot find name 'ReviewComment'.
src/knowledge/knowledge-quality-management.ts(438,22): error TS2304: Cannot find name 'ReviewQualityAssessment'.
src/knowledge/knowledge-quality-management.ts(442,13): error TS2300: Duplicate identifier 'ReviewType'.
src/knowledge/knowledge-quality-management.ts(469,11): error TS2564: Property 'reputationSystem' has no initializer and is not definitely assigned in the constructor.
src/knowledge/knowledge-quality-management.ts(470,11): error TS2564: Property 'validationProtocols' has no initializer and is not definitely assigned in the constructor.
src/knowledge/knowledge-quality-management.ts(471,11): error TS2564: Property 'qualityAssurance' has no initializer and is not definitely assigned in the constructor.
src/knowledge/knowledge-quality-management.ts(472,11): error TS2564: Property 'temporalManager' has no initializer and is not definitely assigned in the constructor.
src/knowledge/knowledge-quality-management.ts(473,11): error TS2564: Property 'peerReviewSystem' has no initializer and is not definitely assigned in the constructor.
src/knowledge/knowledge-quality-management.ts(480,44): error TS2304: Cannot find name 'QualityHistoryRecord'.
src/knowledge/knowledge-quality-management.ts(495,33): error TS2693: 'ReputationManagementSystem' only refers to a type, but is being used as a value here.
src/knowledge/knowledge-quality-management.ts(502,47): error TS7006: Parameter 'protocol' implicitly has an 'any' type.
src/knowledge/knowledge-quality-management.ts(506,33): error TS2304: Cannot find name 'QualityAssuranceEngine'.
src/knowledge/knowledge-quality-management.ts(512,32): error TS2304: Cannot find name 'TemporalKnowledgeSystem'.
src/knowledge/knowledge-quality-management.ts(518,33): error TS2304: Cannot find name 'PeerReviewEngine'.
src/knowledge/knowledge-quality-management.ts(532,27): error TS2339: Property 'on' does not exist on type 'ReputationSystem'.
src/knowledge/knowledge-quality-management.ts(532,59): error TS7006: Parameter 'reputation' implicitly has an 'any' type.
src/knowledge/knowledge-quality-management.ts(533,18): error TS2339: Property 'updateValidationWeights' does not exist on type 'KnowledgeQualityManagementSystem'.
src/knowledge/knowledge-quality-management.ts(538,22): error TS2345: Argument of type '"validation:completed"' is not assignable to parameter of type 'keyof SystemEvents | keyof WorkflowEvents | keyof CoordinationEvents | keyof NeuralEvents | keyof MemoryEvents'.
src/knowledge/knowledge-quality-management.ts(539,35): error TS2339: Property 'updateFromValidation' does not exist on type 'ReputationSystem'.
src/knowledge/knowledge-quality-management.ts(544,27): error TS2339: Property 'on' does not exist on type 'QualityAssuranceSystem'.
src/knowledge/knowledge-quality-management.ts(544,57): error TS7006: Parameter 'degradation' implicitly has an 'any' type.
src/knowledge/knowledge-quality-management.ts(545,34): error TS2339: Property 'handleQualityDegradation' does not exist on type 'TemporalKnowledgeManager'.
src/knowledge/knowledge-quality-management.ts(550,27): error TS2339: Property 'on' does not exist on type 'PeerReviewSystem'.
src/knowledge/knowledge-quality-management.ts(550,57): error TS7006: Parameter 'review' implicitly has an 'any' type.
src/knowledge/knowledge-quality-management.ts(551,18): error TS2339: Property 'integrateReviewResults' does not exist on type 'KnowledgeQualityManagementSystem'.
src/knowledge/knowledge-quality-management.ts(556,26): error TS2339: Property 'on' does not exist on type 'TemporalKnowledgeManager'.
src/knowledge/knowledge-quality-management.ts(556,57): error TS7006: Parameter 'expiration' implicitly has an 'any' type.
src/knowledge/knowledge-quality-management.ts(557,35): error TS2339: Property 'handleExpiredKnowledge' does not exist on type 'QualityAssuranceSystem'.
src/knowledge/knowledge-quality-management.ts(570,5): error TS2322: Type '"comprehensive"' is not assignable to type 'ValidationType'.
src/knowledge/knowledge-quality-management.ts(588,43): error TS2339: Property 'executeValidation' does not exist on type 'KnowledgeQualityManagementSystem'.
src/knowledge/knowledge-quality-management.ts(591,43): error TS2339: Property 'aggregateValidationResults' does not exist on type 'KnowledgeQualityManagementSystem'.
src/knowledge/knowledge-quality-management.ts(594,40): error TS2339: Property 'applyValidationDecision' does not exist on type 'KnowledgeQualityManagementSystem'.
src/knowledge/knowledge-quality-management.ts(597,35): error TS2339: Property 'generateValidationEvidence' does not exist on type 'KnowledgeQualityManagementSystem'.
src/knowledge/knowledge-quality-management.ts(622,18): error TS2339: Property 'updateReputationFromValidation' does not exist on type 'KnowledgeQualityManagementSystem'.
src/knowledge/knowledge-quality-management.ts(625,18): error TS2551: Property 'updateQualityMetrics' does not exist on type 'KnowledgeQualityManagementSystem'. Did you mean 'qualityMetrics'?
src/knowledge/knowledge-quality-management.ts(663,59): error TS2339: Property 'initializeReputationScore' does not exist on type 'KnowledgeQualityManagementSystem'.
src/knowledge/knowledge-quality-management.ts(668,16): error TS2339: Property 'applyReputationAlgorithm' does not exist on type 'KnowledgeQualityManagementSystem'.
src/knowledge/knowledge-quality-management.ts(673,42): error TS2551: Property 'aggregateReputationScores' does not exist on type 'KnowledgeQualityManagementSystem'. Did you mean 'updateReputationScore'?
src/knowledge/knowledge-quality-management.ts(679,39): error TS2339: Property 'applyDecayFunctions' does not exist on type 'KnowledgeQualityManagementSystem'.
src/knowledge/knowledge-quality-management.ts(685,42): error TS2339: Property 'normalizeReputationScore' does not exist on type 'KnowledgeQualityManagementSystem'.
src/knowledge/knowledge-quality-management.ts(691,39): error TS2339: Property 'calculateScoreTrend' does not exist on type 'KnowledgeQualityManagementSystem'.
src/knowledge/knowledge-quality-management.ts(697,18): error TS2339: Property 'updateGlobalRankings' does not exist on type 'KnowledgeQualityManagementSystem'.
src/knowledge/knowledge-quality-management.ts(722,5): error TS2322: Type '"double-blind"' is not assignable to type 'ReviewType'.
src/knowledge/knowledge-quality-management.ts(734,40): error TS2339: Property 'selectReviewProcess' does not exist on type 'KnowledgeQualityManagementSystem'.
src/knowledge/knowledge-quality-management.ts(737,36): error TS2339: Property 'selectReviewers' does not exist on type 'KnowledgeQualityManagementSystem'.
src/knowledge/knowledge-quality-management.ts(740,35): error TS2339: Property 'initializeReviewWorkflow' does not exist on type 'KnowledgeQualityManagementSystem'.
src/knowledge/knowledge-quality-management.ts(743,39): error TS2339: Property 'executeReviewPhases' does not exist on type 'KnowledgeQualityManagementSystem'.
src/knowledge/knowledge-quality-management.ts(746,43): error TS2339: Property 'aggregateReviewResults' does not exist on type 'KnowledgeQualityManagementSystem'.
src/knowledge/knowledge-quality-management.ts(749,41): error TS2339: Property 'generateReviewRecommendation' does not exist on type 'KnowledgeQualityManagementSystem'.
src/knowledge/knowledge-quality-management.ts(755,35): error TS2339: Property 'collectReviewComments' does not exist on type 'KnowledgeQualityManagementSystem'.
src/knowledge/knowledge-quality-management.ts(758,44): error TS2339: Property 'assessReviewQuality' does not exist on type 'KnowledgeQualityManagementSystem'.
src/knowledge/knowledge-quality-management.ts(767,35): error TS7006: Parameter 'r' implicitly has an 'any' type.
src/knowledge/knowledge-quality-management.ts(783,18): error TS2339: Property 'updateReviewerReputations' does not exist on type 'KnowledgeQualityManagementSystem'.
src/knowledge/knowledge-quality-management.ts(786,18): error TS2339: Property 'applyReviewOutcome' does not exist on type 'KnowledgeQualityManagementSystem'.
src/knowledge/knowledge-quality-management.ts(813,41): error TS2551: Property 'collectQualityMetrics' does not exist on type 'KnowledgeQualityManagementSystem'. Did you mean 'qualityMetrics'?
src/knowledge/knowledge-quality-management.ts(816,40): error TS2339: Property 'analyzeQualityTrends' does not exist on type 'KnowledgeQualityManagementSystem'.
src/knowledge/knowledge-quality-management.ts(819,40): error TS2339: Property 'detectQualityIssues' does not exist on type 'KnowledgeQualityManagementSystem'.
src/knowledge/knowledge-quality-management.ts(822,53): error TS2339: Property 'generateImprovementRecommendations' does not exist on type 'KnowledgeQualityManagementSystem'.
src/knowledge/knowledge-quality-management.ts(828,46): error TS2339: Property 'applyAutomaticImprovements' does not exist on type 'KnowledgeQualityManagementSystem'.
src/knowledge/knowledge-quality-management.ts(831,44): error TS2339: Property 'updateQualityBenchmarks' does not exist on type 'KnowledgeQualityManagementSystem'.
src/knowledge/knowledge-quality-management.ts(861,39): error TS2339: Property 'getAverageReputation' does not exist on type 'KnowledgeQualityManagementSystem'.
src/knowledge/knowledge-quality-management.ts(862,44): error TS2339: Property 'getReputationDistribution' does not exist on type 'KnowledgeQualityManagementSystem'.
src/knowledge/knowledge-quality-management.ts(863,35): error TS2339: Property 'getTopPerformers' does not exist on type 'KnowledgeQualityManagementSystem'.
src/knowledge/knowledge-quality-management.ts(867,43): error TS2339: Property 'getValidationSuccessRate' does not exist on type 'KnowledgeQualityManagementSystem'.
src/knowledge/knowledge-quality-management.ts(868,43): error TS2339: Property 'getAverageValidationTime' does not exist on type 'KnowledgeQualityManagementSystem'.
src/knowledge/knowledge-quality-management.ts(869,40): error TS2339: Property 'getValidationAccuracy' does not exist on type 'KnowledgeQualityManagementSystem'.
src/knowledge/knowledge-quality-management.ts(872,41): error TS2339: Property 'getOverallQualityScore' does not exist on type 'KnowledgeQualityManagementSystem'.
src/knowledge/knowledge-quality-management.ts(873,35): error TS2339: Property 'getQualityTrends' does not exist on type 'KnowledgeQualityManagementSystem'.
src/knowledge/knowledge-quality-management.ts(874,41): error TS2339: Property 'getIssueResolutionRate' does not exist on type 'KnowledgeQualityManagementSystem'.
src/knowledge/knowledge-quality-management.ts(875,46): error TS2339: Property 'getImprovementEffectiveness' does not exist on type 'KnowledgeQualityManagementSystem'.
src/knowledge/knowledge-quality-management.ts(879,39): error TS2339: Property 'getAverageReviewTime' does not exist on type 'KnowledgeQualityManagementSystem'.
src/knowledge/knowledge-quality-management.ts(880,42): error TS2339: Property 'getReviewerSatisfaction' does not exist on type 'KnowledgeQualityManagementSystem'.
src/knowledge/knowledge-quality-management.ts(881,35): error TS2339: Property 'getAverageReviewQuality' does not exist on type 'KnowledgeQualityManagementSystem'.
src/knowledge/knowledge-quality-management.ts(884,40): error TS2339: Property 'getKnowledgeFreshness' does not exist on type 'KnowledgeQualityManagementSystem'.
src/knowledge/knowledge-quality-management.ts(885,37): error TS2339: Property 'getUpdateFrequency' does not exist on type 'KnowledgeQualityManagementSystem'.
src/knowledge/knowledge-quality-management.ts(886,31): error TS2339: Property 'getDecayRate' does not exist on type 'KnowledgeQualityManagementSystem'.
src/knowledge/knowledge-quality-management.ts(887,39): error TS2339: Property 'getRefreshEfficiency' does not exist on type 'KnowledgeQualityManagementSystem'.
src/knowledge/knowledge-quality-management.ts(900,31): error TS2339: Property 'shutdown' does not exist on type 'PeerReviewSystem'.
src/knowledge/knowledge-quality-management.ts(901,30): error TS2339: Property 'shutdown' does not exist on type 'TemporalKnowledgeManager'.
src/knowledge/knowledge-quality-management.ts(902,31): error TS2339: Property 'shutdown' does not exist on type 'QualityAssuranceSystem'.
src/knowledge/knowledge-quality-management.ts(903,31): error TS2339: Property 'shutdown' does not exist on type 'ReputationSystem'.
src/knowledge/knowledge-quality-management.ts(946,15): error TS2304: Cannot find name 'ReputationConfig'.
src/knowledge/knowledge-quality-management.ts(947,15): error TS2304: Cannot find name 'ValidationConfig'.
src/knowledge/knowledge-quality-management.ts(948,21): error TS2304: Cannot find name 'QualityAssuranceConfig'.
src/knowledge/knowledge-quality-management.ts(949,23): error TS2304: Cannot find name 'TemporalManagementConfig'.
src/knowledge/knowledge-quality-management.ts(950,15): error TS2304: Cannot find name 'PeerReviewConfig'.
src/knowledge/knowledge-quality-management.ts(1011,11): error TS6196: 'ReputationManagementSystem' is declared but never used.
src/knowledge/knowledge-storage.ts(29,19): error TS2304: Cannot find name 'FACTStorageConfig'.
src/knowledge/knowledge-storage.ts(30,20): error TS2304: Cannot find name 'FACTStorageBackend'.
src/knowledge/knowledge-storage.ts(31,41): error TS2304: Cannot find name 'FACTKnowledgeEntry'.
src/knowledge/knowledge-storage.ts(42,31): error TS2304: Cannot find name 'FACTStorageConfig'.
src/knowledge/knowledge-storage.ts(85,17): error TS2304: Cannot find name 'FACTKnowledgeEntry'.
src/knowledge/knowledge-storage.ts(87,43): error TS4111: Property 'query' comes from an index signature, so it must be accessed with ['query'].
src/knowledge/knowledge-storage.ts(87,56): error TS4111: Property 'metadata' comes from an index signature, so it must be accessed with ['metadata'].
src/knowledge/knowledge-storage.ts(90,27): error TS2304: Cannot find name 'FACTKnowledgeEntry'.
src/knowledge/knowledge-storage.ts(106,54): error TS4111: Property 'metadata' comes from an index signature, so it must be accessed with ['metadata'].
src/knowledge/knowledge-storage.ts(120,43): error TS2304: Cannot find name 'FACTKnowledgeEntry'.
src/knowledge/knowledge-storage.ts(159,32): error TS2304: Cannot find name 'FACTSearchQuery'.
src/knowledge/knowledge-storage.ts(159,58): error TS2304: Cannot find name 'FACTKnowledgeEntry'.
src/knowledge/knowledge-storage.ts(181,36): error TS2304: Cannot find name 'FACTStorageStats'.
src/knowledge/knowledge-storage.ts(295,28): error TS2304: Cannot find name 'FACTStorageBackend'.
src/knowledge/knowledge-storage.ts(323,38): error TS2304: Cannot find name 'FACTKnowledgeEntry'.
src/knowledge/knowledge-storage.ts(332,31): error TS2304: Cannot find name 'FACTKnowledgeEntry'.
src/knowledge/knowledge-storage.ts(337,22): error TS2304: Cannot find name 'FACTKnowledgeEntry'.
src/knowledge/knowledge-swarm.ts(13,10): error TS2724: '"../database/index"' has no exported member named 'createDAO'. Did you mean 'createDao'?
src/knowledge/knowledge-swarm.ts(13,21): error TS2614: Module '"../database/index"' has no exported member 'createRepository'. Did you mean to use 'import createRepository from "../database/index"' instead?
src/knowledge/knowledge-swarm.ts(136,7): error TS2783: 'swarmSize' is specified more than once, so this usage will be overwritten.
src/knowledge/knowledge-swarm.ts(137,7): error TS2783: 'specializations' is specified more than once, so this usage will be overwritten.
src/knowledge/knowledge-swarm.ts(138,7): error TS2783: 'parallelQueries' is specified more than once, so this usage will be overwritten.
src/knowledge/knowledge-swarm.ts(139,7): error TS2783: 'loadBalancingStrategy' is specified more than once, so this usage will be overwritten.
src/knowledge/knowledge-swarm.ts(140,7): error TS2783: 'crossAgentSharing' is specified more than once, so this usage will be overwritten.
src/knowledge/knowledge-swarm.ts(170,14): error TS2339: Property 'vectorDAO' does not exist on type 'KnowledgeSwarm'.
src/knowledge/knowledge-swarm.ts(391,15): error TS2322: Type '{ prefix: string; minTokens?: number; maxSize?: string; ttlSeconds?: number; }' is not assignable to type '{ prefix: string; minTokens: number; maxSize: string; ttlSeconds: number; }'.
  Property 'minTokens' is optional in type '{ prefix: string; minTokens?: number; maxSize?: string; ttlSeconds?: number; }' but required in type '{ prefix: string; minTokens: number; maxSize: string; ttlSeconds: number; }'.
src/knowledge/knowledge-swarm.ts(397,19): error TS2375: Type '{ id: string; specialization: KnowledgeAgentSpecialization; factInstance: FACTIntegration; clientInstance: undefined; currentLoad: number; totalQueries: number; successRate: number; averageLatency: number; expertise: Map<...>; }' is not assignable to type 'KnowledgeAgent' with 'exactOptionalPropertyTypes: true'. Consider adding 'undefined' to the types of the target's properties.
  Types of property 'clientInstance' are incompatible.
    Type 'undefined' is not assignable to type 'ClientInstance'.
src/knowledge/knowledge-swarm.ts(472,27): error TS4111: Property 'type' comes from an index signature, so it must be accessed with ['type'].
src/knowledge/knowledge-swarm.ts(473,67): error TS4111: Property 'type' comes from an index signature, so it must be accessed with ['type'].
src/knowledge/knowledge-swarm.ts(502,15): error TS2322: Type 'KnowledgeAgent | undefined' is not assignable to type 'KnowledgeAgent'.
  Type 'undefined' is not assignable to type 'KnowledgeAgent'.
src/knowledge/knowledge-swarm.ts(511,10): error TS2322: Type 'KnowledgeAgent | undefined' is not assignable to type 'KnowledgeAgent'.
  Type 'undefined' is not assignable to type 'KnowledgeAgent'.
src/knowledge/knowledge-swarm.ts(533,13): error TS2322: Type 'KnowledgeAgent | undefined' is not assignable to type 'KnowledgeAgent'.
  Type 'undefined' is not assignable to type 'KnowledgeAgent'.
src/knowledge/knowledge-swarm.ts(580,52): error TS2304: Cannot find name 'FACTResult'.
src/knowledge/knowledge-swarm.ts(596,14): error TS2532: Object is possibly 'undefined'.
src/knowledge/knowledge-swarm.ts(606,75): error TS4111: Property 'agentId' comes from an index signature, so it must be accessed with ['agentId'].
src/knowledge/knowledge-swarm.ts(670,37): error TS4111: Property 'agentId' comes from an index signature, so it must be accessed with ['agentId'].
src/knowledge/knowledge-swarm.ts(671,44): error TS4111: Property 'specialization' comes from an index signature, so it must be accessed with ['specialization'].
src/knowledge/knowledge-swarm.ts(707,40): error TS4111: Property 'agentId' comes from an index signature, so it must be accessed with ['agentId'].
src/knowledge/knowledge-swarm.ts(713,32): error TS4111: Property 'type' comes from an index signature, so it must be accessed with ['type'].
src/knowledge/knowledge-swarm.ts(714,75): error TS4111: Property 'type' comes from an index signature, so it must be accessed with ['type'].
src/knowledge/knowledge-swarm.ts(715,49): error TS4111: Property 'type' comes from an index signature, so it must be accessed with ['type'].
src/knowledge/knowledge-swarm.ts(745,92): error TS4111: Property 'agentId' comes from an index signature, so it must be accessed with ['agentId'].
src/knowledge/knowledge-swarm.ts(762,59): error TS4111: Property 'agentId' comes from an index signature, so it must be accessed with ['agentId'].
src/knowledge/knowledge-swarm.ts(908,51): error TS2304: Cannot find name 'FACTSwarmConfig'.
src/knowledge/performance-optimization-system.ts(105,18): error TS2300: Duplicate identifier 'EvictionPolicy'.
src/knowledge/performance-optimization-system.ts(111,18): error TS2300: Duplicate identifier 'ReplicationStrategy'.
src/knowledge/performance-optimization-system.ts(117,13): error TS2300: Duplicate identifier 'ConsistencyLevel'.
src/knowledge/performance-optimization-system.ts(251,13): error TS2300: Duplicate identifier 'EvictionPolicy'.
src/knowledge/performance-optimization-system.ts(260,13): error TS2300: Duplicate identifier 'ReplicationStrategy'.
src/knowledge/performance-optimization-system.ts(268,13): error TS2300: Duplicate identifier 'ConsistencyLevel'.
src/knowledge/performance-optimization-system.ts(292,24): error TS2304: Cannot find name 'AdaptiveCompressionEngine'.
src/knowledge/performance-optimization-system.ts(300,16): error TS2304: Cannot find name 'CompressionPerformance'.
src/knowledge/performance-optimization-system.ts(317,23): error TS2304: Cannot find name 'BatchingPerformanceTracker'.
src/knowledge/performance-optimization-system.ts(322,21): error TS2304: Cannot find name 'StreamAdaptationEngine'.
src/knowledge/performance-optimization-system.ts(323,22): error TS2304: Cannot find name 'StreamQualityManager'.
src/knowledge/performance-optimization-system.ts(324,22): error TS2304: Cannot find name 'BufferingStrategy'.
src/knowledge/performance-optimization-system.ts(325,16): error TS2304: Cannot find name 'FlowControlManager'.
src/knowledge/performance-optimization-system.ts(330,23): error TS2304: Cannot find name 'PriorityCalculator'.
src/knowledge/performance-optimization-system.ts(331,20): error TS2304: Cannot find name 'QueueManager'.
src/knowledge/performance-optimization-system.ts(332,23): error TS2304: Cannot find name 'FairnessController'.
src/knowledge/performance-optimization-system.ts(333,23): error TS2304: Cannot find name 'QueuePerformanceMonitor'.
src/knowledge/performance-optimization-system.ts(370,24): error TS2304: Cannot find name 'FairnessEnforcementSystem'.
src/knowledge/performance-optimization-system.ts(375,21): error TS2304: Cannot find name 'WeightingScheme'.
src/knowledge/performance-optimization-system.ts(376,26): error TS2304: Cannot find name 'PriorityAlgorithm'.
src/knowledge/performance-optimization-system.ts(377,27): error TS2304: Cannot find name 'AdaptivePrioritizationEngine'.
src/knowledge/performance-optimization-system.ts(378,29): error TS2304: Cannot find name 'ContextualPrioritizationSystem'.
src/knowledge/performance-optimization-system.ts(382,23): error TS2304: Cannot find name 'PriorityAdjustmentEngine'.
src/knowledge/performance-optimization-system.ts(383,27): error TS2304: Cannot find name 'TemporalPrioritizationSystem'.
src/knowledge/performance-optimization-system.ts(384,28): error TS2304: Cannot find name 'LoadBasedPrioritizationEngine'.
src/knowledge/performance-optimization-system.ts(385,28): error TS2304: Cannot find name 'UserFeedbackIntegrator'.
src/knowledge/performance-optimization-system.ts(386,28): error TS2304: Cannot find name 'EmergencyPrioritizationHandler'.
src/knowledge/performance-optimization-system.ts(391,30): error TS2304: Cannot find name 'ResourcePool'.
src/knowledge/performance-optimization-system.ts(392,25): error TS2304: Cannot find name 'UtilizationOptimizer'.
src/knowledge/performance-optimization-system.ts(393,21): error TS2304: Cannot find name 'CapacityPlanningEngine'.
src/knowledge/performance-optimization-system.ts(394,19): error TS2304: Cannot find name 'ElasticScalingManager'.
src/knowledge/performance-optimization-system.ts(398,19): error TS2304: Cannot find name 'ServiceClass'.
src/knowledge/performance-optimization-system.ts(399,18): error TS2304: Cannot find name 'SLAManager'.
src/knowledge/performance-optimization-system.ts(400,26): error TS2304: Cannot find name 'PerformanceGuarantee'.
src/knowledge/performance-optimization-system.ts(401,23): error TS2304: Cannot find name 'ViolationDetectionSystem'.
src/knowledge/performance-optimization-system.ts(402,20): error TS2304: Cannot find name 'RemedialActionEngine'.
src/knowledge/performance-optimization-system.ts(432,22): error TS2304: Cannot find name 'AdaptiveBalancingEngine'.
src/knowledge/performance-optimization-system.ts(438,17): error TS2304: Cannot find name 'HealthStatus'.
src/knowledge/performance-optimization-system.ts(439,23): error TS2304: Cannot find name 'LoadBalancerMetrics'.
src/knowledge/performance-optimization-system.ts(440,18): error TS2304: Cannot find name 'LoadBalancerConfig'.
src/knowledge/performance-optimization-system.ts(446,18): error TS2304: Cannot find name 'BalancingApplicability'.
src/knowledge/performance-optimization-system.ts(447,16): error TS2304: Cannot find name 'BalancingPerformance'.
src/knowledge/performance-optimization-system.ts(448,17): error TS2304: Cannot find name 'AdaptabilityConfig'.
src/knowledge/performance-optimization-system.ts(452,31): error TS2304: Cannot find name 'HealthChecker'.
src/knowledge/performance-optimization-system.ts(453,22): error TS2304: Cannot find name 'HealthCheckProtocol'.
src/knowledge/performance-optimization-system.ts(454,21): error TS2304: Cannot find name 'FailureDetectionSystem'.
src/knowledge/performance-optimization-system.ts(455,23): error TS2304: Cannot find name 'RecoveryManager'.
src/knowledge/performance-optimization-system.ts(456,19): error TS2304: Cannot find name 'HealthAlertingSystem'.
src/knowledge/performance-optimization-system.ts(460,20): error TS2304: Cannot find name 'TrafficShapingPolicy'.
src/knowledge/performance-optimization-system.ts(461,17): error TS2304: Cannot find name 'RateLimitingSystem'.
src/knowledge/performance-optimization-system.ts(462,22): error TS2304: Cannot find name 'CongestionControlSystem'.
src/knowledge/performance-optimization-system.ts(463,20): error TS2304: Cannot find name 'AdaptiveShapingEngine'.
src/knowledge/performance-optimization-system.ts(464,23): error TS2304: Cannot find name 'FlowClassificationSystem'.
src/knowledge/performance-optimization-system.ts(494,20): error TS2304: Cannot find name 'DashboardSystem'.
src/knowledge/performance-optimization-system.ts(499,21): error TS2304: Cannot find name 'MetricsAggregationRule'.
src/knowledge/performance-optimization-system.ts(500,23): error TS2304: Cannot find name 'SamplingStrategy'.
src/knowledge/performance-optimization-system.ts(501,18): error TS2304: Cannot find name 'MetricsStorageSystem'.
src/knowledge/performance-optimization-system.ts(502,22): error TS2304: Cannot find name 'RetentionPolicy'.
src/knowledge/performance-optimization-system.ts(506,20): error TS2304: Cannot find name 'AnalyticsModel'.
src/knowledge/performance-optimization-system.ts(507,18): error TS2304: Cannot find name 'TrendAnalysisEngine'.
src/knowledge/performance-optimization-system.ts(508,23): error TS2304: Cannot find name 'PatternRecognitionSystem'.
src/knowledge/performance-optimization-system.ts(509,24): error TS2304: Cannot find name 'PredictiveAnalyticsEngine'.
src/knowledge/performance-optimization-system.ts(510,21): error TS2304: Cannot find name 'ReportGenerationSystem'.
src/knowledge/performance-optimization-system.ts(515,23): error TS2304: Cannot find name 'BaselineManager'.
src/knowledge/performance-optimization-system.ts(516,24): error TS2304: Cannot find name 'ThresholdManager'.
src/knowledge/performance-optimization-system.ts(517,24): error TS2304: Cannot find name 'CorrelationAnalysisEngine'.
src/knowledge/performance-optimization-system.ts(518,22): error TS2304: Cannot find name 'RootCauseAnalysisSystem'.
src/knowledge/performance-optimization-system.ts(522,15): error TS2304: Cannot find name 'AlertRule'.
src/knowledge/performance-optimization-system.ts(523,25): error TS2304: Cannot find name 'NotificationChannel'.
src/knowledge/performance-optimization-system.ts(524,23): error TS2304: Cannot find name 'EscalationPolicy'.
src/knowledge/performance-optimization-system.ts(525,21): error TS2304: Cannot find name 'AlertCorrelationEngine'.
src/knowledge/performance-optimization-system.ts(526,21): error TS2304: Cannot find name 'SuppressionRule'.
src/knowledge/performance-optimization-system.ts(557,11): error TS2564: Property 'cachingSystem' has no initializer and is not definitely assigned in the constructor.
src/knowledge/performance-optimization-system.ts(558,11): error TS2564: Property 'bandwidthOptimization' has no initializer and is not definitely assigned in the constructor.
src/knowledge/performance-optimization-system.ts(559,11): error TS2564: Property 'priorityManagement' has no initializer and is not definitely assigned in the constructor.
src/knowledge/performance-optimization-system.ts(560,11): error TS2564: Property 'loadBalancing' has no initializer and is not definitely assigned in the constructor.
src/knowledge/performance-optimization-system.ts(561,11): error TS2564: Property 'monitoring' has no initializer and is not definitely assigned in the constructor.
src/knowledge/performance-optimization-system.ts(565,48): error TS2304: Cannot find name 'PerformanceMetric'.
src/knowledge/performance-optimization-system.ts(566,47): error TS2304: Cannot find name 'OptimizationRule'.
src/knowledge/performance-optimization-system.ts(567,43): error TS2304: Cannot find name 'ResourcePool'.
src/knowledge/performance-optimization-system.ts(568,49): error TS2304: Cannot find name 'ActiveOptimization'.
src/knowledge/performance-optimization-system.ts(583,30): error TS2693: 'IntelligentCachingEngine' only refers to a type, but is being used as a value here.
src/knowledge/performance-optimization-system.ts(589,38): error TS2304: Cannot find name 'BandwidthOptimizationEngine'.
src/knowledge/performance-optimization-system.ts(595,35): error TS2304: Cannot find name 'PriorityManagementEngine'.
src/knowledge/performance-optimization-system.ts(601,30): error TS2304: Cannot find name 'LoadBalancingEngine'.
src/knowledge/performance-optimization-system.ts(607,27): error TS2304: Cannot find name 'RealTimeMonitoringEngine'.
src/knowledge/performance-optimization-system.ts(621,21): error TS2339: Property 'on' does not exist on type 'RealTimeMonitoringSystem'.
src/knowledge/performance-optimization-system.ts(621,55): error TS7006: Parameter 'metrics' implicitly has an 'any' type.
src/knowledge/performance-optimization-system.ts(622,18): error TS2339: Property 'applyPerformanceOptimizations' does not exist on type 'PerformanceOptimizationSystem'.
src/knowledge/performance-optimization-system.ts(627,24): error TS2339: Property 'on' does not exist on type 'IntelligentCachingSystem'.
src/knowledge/performance-optimization-system.ts(627,48): error TS7006: Parameter 'miss' implicitly has an 'any' type.
src/knowledge/performance-optimization-system.ts(628,40): error TS2339: Property 'optimizeTransfer' does not exist on type 'BandwidthOptimizationSystem'.
src/knowledge/performance-optimization-system.ts(633,29): error TS2339: Property 'on' does not exist on type 'PriorityManagementSystem'.
src/knowledge/performance-optimization-system.ts(633,59): error TS7006: Parameter 'priority' implicitly has an 'any' type.
src/knowledge/performance-optimization-system.ts(634,32): error TS2339: Property 'adjustLoadDistribution' does not exist on type 'LoadBalancingSystem'.
src/knowledge/performance-optimization-system.ts(639,24): error TS2339: Property 'on' does not exist on type 'LoadBalancingSystem'.
src/knowledge/performance-optimization-system.ts(639,53): error TS7006: Parameter 'imbalance' implicitly has an 'any' type.
src/knowledge/performance-optimization-system.ts(640,29): error TS2339: Property 'trackLoadImbalance' does not exist on type 'RealTimeMonitoringSystem'.
src/knowledge/performance-optimization-system.ts(645,32): error TS2339: Property 'on' does not exist on type 'BandwidthOptimizationSystem'.
src/knowledge/performance-optimization-system.ts(645,65): error TS7006: Parameter 'optimization' implicitly has an 'any' type.
src/knowledge/performance-optimization-system.ts(646,32): error TS2339: Property 'updateCacheStrategy' does not exist on type 'IntelligentCachingSystem'.
src/knowledge/performance-optimization-system.ts(669,21): error TS2339: Property 'createOptimizedResponse' does not exist on type 'PerformanceOptimizationSystem'.
src/knowledge/performance-optimization-system.ts(679,43): error TS2551: Property 'applyBandwidthOptimization' does not exist on type 'PerformanceOptimizationSystem'. Did you mean 'bandwidthOptimization'?
src/knowledge/performance-optimization-system.ts(682,40): error TS2339: Property 'routeThroughLoadBalancer' does not exist on type 'PerformanceOptimizationSystem'.
src/knowledge/performance-optimization-system.ts(685,44): error TS2339: Property 'processWithMonitoring' does not exist on type 'PerformanceOptimizationSystem'.
src/knowledge/performance-optimization-system.ts(688,18): error TS2339: Property 'cacheProcessedResult' does not exist on type 'PerformanceOptimizationSystem'.
src/knowledge/performance-optimization-system.ts(691,44): error TS2339: Property 'applyPostProcessingOptimizations' does not exist on type 'PerformanceOptimizationSystem'.
src/knowledge/performance-optimization-system.ts(701,40): error TS2339: Property 'getCompressionRatio' does not exist on type 'PerformanceOptimizationSystem'.
src/knowledge/performance-optimization-system.ts(704,38): error TS2339: Property 'getBandwidthSavings' does not exist on type 'PerformanceOptimizationSystem'.
src/knowledge/performance-optimization-system.ts(705,43): error TS2339: Property 'getResourceUtilization' does not exist on type 'PerformanceOptimizationSystem'.
src/knowledge/performance-optimization-system.ts(707,40): error TS2339: Property 'getRequestPerformanceMetrics' does not exist on type 'PerformanceOptimizationSystem'.
src/knowledge/performance-optimization-system.ts(743,47): error TS2339: Property 'analyzeDistributionPatterns' does not exist on type 'PerformanceOptimizationSystem'.
src/knowledge/performance-optimization-system.ts(746,42): error TS2339: Property 'selectSharingStrategy' does not exist on type 'PerformanceOptimizationSystem'.
src/knowledge/performance-optimization-system.ts(752,43): error TS2339: Property 'optimizeContentForSharing' does not exist on type 'PerformanceOptimizationSystem'.
src/knowledge/performance-optimization-system.ts(758,46): error TS2339: Property 'optimizeRoutingAndBatching' does not exist on type 'PerformanceOptimizationSystem'.
src/knowledge/performance-optimization-system.ts(764,48): error TS2339: Property 'applyAdaptiveStreaming' does not exist on type 'PerformanceOptimizationSystem'.
src/knowledge/performance-optimization-system.ts(770,41): error TS2339: Property 'executeOptimizedSharing' does not exist on type 'PerformanceOptimizationSystem'.
src/knowledge/performance-optimization-system.ts(773,44): error TS2339: Property 'monitorSharingPerformance' does not exist on type 'PerformanceOptimizationSystem'.
src/knowledge/performance-optimization-system.ts(781,42): error TS2339: Property 'calculateBandwidthReduction' does not exist on type 'PerformanceOptimizationSystem'.
src/knowledge/performance-optimization-system.ts(785,42): error TS2339: Property 'calculateLatencyImprovement' does not exist on type 'PerformanceOptimizationSystem'.
src/knowledge/performance-optimization-system.ts(786,42): error TS2339: Property 'calculateThroughputIncrease' does not exist on type 'PerformanceOptimizationSystem'.
src/knowledge/performance-optimization-system.ts(787,42): error TS2339: Property 'calculateResourceEfficiency' does not exist on type 'PerformanceOptimizationSystem'.
src/knowledge/performance-optimization-system.ts(813,40): error TS2339: Property 'analyzeCachePerformance' does not exist on type 'PerformanceOptimizationSystem'.
src/knowledge/performance-optimization-system.ts(816,52): error TS2339: Property 'identifyCacheOptimizations' does not exist on type 'PerformanceOptimizationSystem'.
src/knowledge/performance-optimization-system.ts(820,40): error TS7006: Parameter 'opportunity' implicitly has an 'any' type.
src/knowledge/performance-optimization-system.ts(820,61): error TS2339: Property 'applyCacheOptimization' does not exist on type 'PerformanceOptimizationSystem'.
src/knowledge/performance-optimization-system.ts(824,42): error TS2339: Property 'updateEvictionPolicies' does not exist on type 'PerformanceOptimizationSystem'.
src/knowledge/performance-optimization-system.ts(830,51): error TS2339: Property 'optimizePrefetchingStrategies' does not exist on type 'PerformanceOptimizationSystem'.
src/knowledge/performance-optimization-system.ts(833,51): error TS2339: Property 'optimizeReplicationStrategies' does not exist on type 'PerformanceOptimizationSystem'.
src/knowledge/performance-optimization-system.ts(843,42): error TS2339: Property 'calculateHitRateImprovement' does not exist on type 'PerformanceOptimizationSystem'.
src/knowledge/performance-optimization-system.ts(847,40): error TS2339: Property 'calculateLatencyReduction' does not exist on type 'PerformanceOptimizationSystem'.
src/knowledge/performance-optimization-system.ts(851,40): error TS2339: Property 'calculateMemoryEfficiency' does not exist on type 'PerformanceOptimizationSystem'.
src/knowledge/performance-optimization-system.ts(855,40): error TS2339: Property 'calculateNetworkReduction' does not exist on type 'PerformanceOptimizationSystem'.
src/knowledge/performance-optimization-system.ts(878,29): error TS2339: Property 'getCacheHitRate' does not exist on type 'PerformanceOptimizationSystem'.
src/knowledge/performance-optimization-system.ts(879,30): error TS2339: Property 'getCacheMissRate' does not exist on type 'PerformanceOptimizationSystem'.
src/knowledge/performance-optimization-system.ts(880,34): error TS2339: Property 'getCacheEvictionRate' does not exist on type 'PerformanceOptimizationSystem'.
src/knowledge/performance-optimization-system.ts(881,39): error TS2339: Property 'getCacheMemoryUtilization' does not exist on type 'PerformanceOptimizationSystem'.
src/knowledge/performance-optimization-system.ts(882,36): error TS2339: Property 'getCacheAverageLatency' does not exist on type 'PerformanceOptimizationSystem'.
src/knowledge/performance-optimization-system.ts(885,38): error TS2339: Property 'getAverageCompressionRatio' does not exist on type 'PerformanceOptimizationSystem'.
src/knowledge/performance-optimization-system.ts(886,38): error TS2339: Property 'getTotalBandwidthSavings' does not exist on type 'PerformanceOptimizationSystem'.
src/knowledge/performance-optimization-system.ts(887,40): error TS2339: Property 'getTransferEfficiency' does not exist on type 'PerformanceOptimizationSystem'.
src/knowledge/performance-optimization-system.ts(888,50): error TS2339: Property 'getStreamingUtilization' does not exist on type 'PerformanceOptimizationSystem'.
src/knowledge/performance-optimization-system.ts(891,41): error TS2339: Property 'getAverageResponseTime' does not exist on type 'PerformanceOptimizationSystem'.
src/knowledge/performance-optimization-system.ts(892,42): error TS2339: Property 'getPriorityDistribution' does not exist on type 'PerformanceOptimizationSystem'.
src/knowledge/performance-optimization-system.ts(893,35): error TS2339: Property 'getQoSViolations' does not exist on type 'PerformanceOptimizationSystem'.
src/knowledge/performance-optimization-system.ts(894,35): error TS2339: Property 'getFairnessIndex' does not exist on type 'PerformanceOptimizationSystem'.
src/knowledge/performance-optimization-system.ts(897,38): error TS2339: Property 'getLoadDistribution' does not exist on type 'PerformanceOptimizationSystem'.
src/knowledge/performance-optimization-system.ts(898,34): error TS2339: Property 'getHealthyNodeCount' does not exist on type 'PerformanceOptimizationSystem'.
src/knowledge/performance-optimization-system.ts(899,40): error TS2339: Property 'getAverageUtilization' does not exist on type 'PerformanceOptimizationSystem'.
src/knowledge/performance-optimization-system.ts(900,34): error TS2339: Property 'getFailoverRate' does not exist on type 'PerformanceOptimizationSystem'.
src/knowledge/performance-optimization-system.ts(903,43): error TS2339: Property 'getMetricsCollectionRate' does not exist on type 'PerformanceOptimizationSystem'.
src/knowledge/performance-optimization-system.ts(904,39): error TS2339: Property 'getAnomaliesDetected' does not exist on type 'PerformanceOptimizationSystem'.
src/knowledge/performance-optimization-system.ts(905,37): error TS2339: Property 'getAlertsGenerated' does not exist on type 'PerformanceOptimizationSystem'.
src/knowledge/performance-optimization-system.ts(906,34): error TS2339: Property 'getSystemHealth' does not exist on type 'PerformanceOptimizationSystem'.
src/knowledge/performance-optimization-system.ts(910,45): error TS2339: Property 'getAverageOptimizationGain' does not exist on type 'PerformanceOptimizationSystem'.
src/knowledge/performance-optimization-system.ts(911,40): error TS2339: Property 'getOverallResourceEfficiency' does not exist on type 'PerformanceOptimizationSystem'.
src/knowledge/performance-optimization-system.ts(912,43): error TS2339: Property 'getUserSatisfactionScore' does not exist on type 'PerformanceOptimizationSystem'.
src/knowledge/performance-optimization-system.ts(1078,11): error TS6196: 'IntelligentCachingEngine' is declared but never used.
src/knowledge/project-context-analyzer.ts(126,7): error TS2783: 'analysisDepth' is specified more than once, so this usage will be overwritten.
src/knowledge/project-context-analyzer.ts(127,7): error TS2783: 'autoUpdate' is specified more than once, so this usage will be overwritten.
src/knowledge/project-context-analyzer.ts(128,7): error TS2783: 'cacheDuration' is specified more than once, so this usage will be overwritten.
src/knowledge/project-context-analyzer.ts(129,7): error TS2783: 'priorityThresholds' is specified more than once, so this usage will be overwritten.
src/knowledge/project-context-analyzer.ts(378,41): error TS2532: Object is possibly 'undefined'.
src/knowledge/project-context-analyzer.ts(684,24): error TS2532: Object is possibly 'undefined'.
src/knowledge/project-context-analyzer.ts(719,21): error TS18048: 'name' is possibly 'undefined'.
src/knowledge/project-context-analyzer.ts(827,5): error TS2375: Type '{ id: string; priority: "medium" | "high"; type: "framework"; target: string; version: string | undefined; context: string[]; requiredInfo: string[]; status: "pending"; }' is not assignable to type 'KnowledgeGatheringMission' with 'exactOptionalPropertyTypes: true'. Consider adding 'undefined' to the types of the target's properties.
  Types of property 'version' are incompatible.
    Type 'string | undefined' is not assignable to type 'string'.
      Type 'undefined' is not assignable to type 'string'.
src/knowledge/project-context-analyzer.ts(1052,34): error TS2345: Argument of type 'string | undefined' is not assignable to parameter of type 'string'.
  Type 'undefined' is not assignable to type 'string'.
src/knowledge/storage-backends/sqlite-backend.ts(28,14): error TS2420: Class 'SQLiteBackend' incorrectly implements interface 'FACTStorageBackend'.
  Type 'SQLiteBackend' is missing the following properties from type 'FACTStorageBackend': clearByQuality, clearByAge, clearMemoryCache, clearAll, and 2 more.
src/knowledge/storage-backends/sqlite-backend.ts(49,9): error TS2345: Argument of type '{}' is not assignable to parameter of type 'IConfig'.
  Type '{}' is missing the following properties from type 'IConfig': get, set, has
src/knowledge/storage-backends/sqlite-backend.ts(273,22): error TS2339: Property 'rowsAffected' does not exist on type 'ExecuteResult'.
src/knowledge/storage-backends/sqlite-backend.ts(300,21): error TS2339: Property 'rowsAffected' does not exist on type 'ExecuteResult'.
src/knowledge/storage-backends/sqlite-backend.ts(358,7): error TS2412: Type 'undefined' is not assignable to type 'DatabaseAdapter' with 'exactOptionalPropertyTypes: true'. Consider adding 'undefined' to the type of the target.
src/knowledge/test-monorepo-detection.ts(14,7): error TS2353: Object literal may only specify known properties, and 'name' does not exist in type 'KnowledgeSwarmConfig'.
src/knowledge/test-monorepo-detection.ts(55,11): error TS6133: '_isHighConfidenceMonorepo' is declared but its value is never read.
src/knowledge/test-monorepo-detection.ts(58,11): error TS6133: '_status' is declared but its value is never read.
src/memory/backends/base-backend.ts(237,48): error TS2345: Argument of type 'Record<string, any> | undefined' is not assignable to parameter of type 'string | undefined'.
  Type 'Record<string, any>' is not assignable to type 'string'.
src/memory/backends/factory.ts(39,5): error TS2353: Object literal may only specify known properties, and 'encryption' does not exist in type 'Partial<MemoryConfig>'.
src/memory/backends/factory.ts(76,21): error TS2511: Cannot create an instance of an abstract class.
src/memory/backends/factory.ts(137,25): error TS2511: Cannot create an instance of an abstract class.
src/memory/backends/factory.ts(237,16): error TS2339: Property 'persistent' does not exist on type 'Partial<MemoryConfig>'.
src/memory/backends/factory.ts(295,13): error TS4114: This member must have an 'override' modifier because it overrides a member in the base class 'BaseMemoryBackend'.
src/memory/backends/factory.ts(369,13): error TS4114: This member must have an 'override' modifier because it overrides a member in the base class 'BaseMemoryBackend'.
src/memory/backends/factory.ts(418,30): error TS2558: Expected 0 type arguments, but got 1.
src/memory/backends/factory.ts(433,13): error TS4114: This member must have an 'override' modifier because it overrides a member in the base class 'BaseMemoryBackend'.
src/memory/backends/factory.ts(482,30): error TS2558: Expected 0 type arguments, but got 1.
src/memory/backends/factory.ts(497,13): error TS4114: This member must have an 'override' modifier because it overrides a member in the base class 'BaseMemoryBackend'.
src/memory/controllers/memory-controller.ts(133,11): error TS2564: Property 'backend' has no initializer and is not definitely assigned in the constructor.
src/memory/controllers/memory-controller.ts(450,47): error TS2379: Argument of type '{ key: string; value: any; options: { ttl?: number; compress?: boolean; metadata?: Record<string, any>; } | undefined; }' is not assignable to parameter of type 'MemoryRequest' with 'exactOptionalPropertyTypes: true'. Consider adding 'undefined' to the types of the target's properties.
  Types of property 'options' are incompatible.
    Type '{ ttl?: number; compress?: boolean; metadata?: Record<string, any>; } | undefined' is not assignable to type '{ ttl?: number; compress?: boolean; metadata?: Record<string, any>; }'.
      Type 'undefined' is not assignable to type '{ ttl?: number; compress?: boolean; metadata?: Record<string, any>; }'.
src/memory/core/memory-coordinator.ts(111,11): error TS2375: Type '{ id: string; type: "read" | "delete" | "write" | "sync" | "repair"; sessionId: string; target: string; participants: string[]; status: "pending"; timestamp: number; metadata: Record<string, any> | undefined; }' is not assignable to type 'CoordinationDecision' with 'exactOptionalPropertyTypes: true'. Consider adding 'undefined' to the types of the target's properties.
  Types of property 'metadata' are incompatible.
    Type 'Record<string, any> | undefined' is not assignable to type 'Record<string, any>'.
      Type 'undefined' is not assignable to type 'Record<string, any>'.
src/memory/core/memory-coordinator.ts(198,33): error TS2345: Argument of type 'string | undefined' is not assignable to parameter of type 'string'.
  Type 'undefined' is not assignable to type 'string'.
src/memory/core/memory-coordinator.ts(218,75): error TS4111: Property 'data' comes from an index signature, so it must be accessed with ['data'].
src/memory/core/memory-coordinator.ts(261,39): error TS2345: Argument of type 'string | undefined' is not assignable to parameter of type 'string'.
  Type 'undefined' is not assignable to type 'string'.
src/memory/core/memory-coordinator.ts(267,41): error TS2345: Argument of type 'string | undefined' is not assignable to parameter of type 'string'.
  Type 'undefined' is not assignable to type 'string'.
src/memory/core/memory-coordinator.ts(309,11): error TS2488: Type '[any, any] | undefined' must have a '[Symbol.iterator]()' method that returns an iterator.
src/memory/core/memory-coordinator.ts(422,45): error TS7006: Parameter 'key' implicitly has an 'any' type.
src/memory/core/memory-system.ts(40,3): error TS2375: Type '{ entries: number; size: number; lastModified: number; namespaces: undefined; }' is not assignable to type 'BackendStats' with 'exactOptionalPropertyTypes: true'. Consider adding 'undefined' to the types of the target's properties.
  Types of property 'namespaces' are incompatible.
    Type 'undefined' is not assignable to type 'number'.
src/memory/error-handling/recovery-strategies.ts(135,16): error TS18046: 'recoveryError' is of type 'unknown'.
src/memory/error-handling/recovery-strategies.ts(259,20): error TS18046: 'reconnectError' is of type 'unknown'.
src/memory/error-handling/recovery-strategies.ts(374,20): error TS18046: 'repairError' is of type 'unknown'.
src/memory/error-handling/recovery-strategies.ts(426,20): error TS18046: 'optimizationError' is of type 'unknown'.
src/memory/error-handling/recovery-strategies.ts(458,32): error TS18048: 'backend' is possibly 'undefined'.
src/memory/error-handling/recovery-strategies.ts(460,44): error TS18048: 'backend' is possibly 'undefined'.
src/memory/error-handling/recovery-strategies.ts(476,32): error TS18048: 'backend' is possibly 'undefined'.
src/memory/error-handling/recovery-strategies.ts(478,41): error TS18048: 'backend' is possibly 'undefined'.
src/memory/error-handling/recovery-strategies.ts(502,13): error TS2322: Type 'unknown' is not assignable to type 'MemoryError'.
src/memory/error-handling/recovery-strategies.ts(575,20): error TS18046: 'degradationError' is of type 'unknown'.
src/memory/index.ts(114,68): error TS2345: Argument of type 'BaseMemoryBackend' is not assignable to parameter of type 'BackendInterface'.
  The types returned by 'getStats()' are incompatible between these types.
    Type 'Promise<MemoryStats>' is not assignable to type 'Promise<BackendStats>'.
      Type 'MemoryStats' is missing the following properties from type 'BackendStats': entries, size, lastModified
src/memory/index.ts(115,64): error TS2345: Argument of type 'BaseMemoryBackend' is not assignable to parameter of type 'BackendInterface'.
  The types returned by 'getStats()' are incompatible between these types.
    Type 'Promise<MemoryStats>' is not assignable to type 'Promise<BackendStats>'.
      Type 'MemoryStats' is missing the following properties from type 'BackendStats': entries, size, lastModified
src/memory/mcp/memory-tools.ts(180,66): error TS2345: Argument of type 'BaseMemoryBackend' is not assignable to parameter of type 'BackendInterface'.
  The types returned by 'getStats()' are incompatible between these types.
    Type 'Promise<MemoryStats>' is not assignable to type 'Promise<BackendStats>'.
      Type 'MemoryStats' is missing the following properties from type 'BackendStats': entries, size, lastModified
src/memory/mcp/memory-tools.ts(192,20): error TS18046: 'error' is of type 'unknown'.
src/memory/mcp/memory-tools.ts(218,16): error TS18046: 'error' is of type 'unknown'.
src/memory/mcp/memory-tools.ts(306,16): error TS18046: 'error' is of type 'unknown'.
src/memory/mcp/memory-tools.ts(381,38): error TS2345: Argument of type '{ type: string; severity: string; value: number; threshold: any; message: string; }' is not assignable to parameter of type 'never'.
src/memory/mcp/memory-tools.ts(394,38): error TS2345: Argument of type '{ type: string; severity: string; value: number; threshold: any; message: string; }' is not assignable to parameter of type 'never'.
src/memory/mcp/memory-tools.ts(407,38): error TS2345: Argument of type '{ type: string; severity: string; value: number; threshold: any; message: string; }' is not assignable to parameter of type 'never'.
src/memory/mcp/memory-tools.ts(420,38): error TS2345: Argument of type '{ type: string; severity: string; value: number; threshold: any; message: string; }' is not assignable to parameter of type 'never'.
src/memory/mcp/memory-tools.ts(463,16): error TS18046: 'error' is of type 'unknown'.
src/memory/mcp/memory-tools.ts(507,75): error TS6133: 'timeout' is declared but its value is never read.
src/memory/mcp/memory-tools.ts(516,59): error TS2379: Argument of type '{ type: any; sessionId: any; target: any; metadata: { data: any; } | undefined; }' is not assignable to parameter of type 'Partial<CoordinationDecision>' with 'exactOptionalPropertyTypes: true'. Consider adding 'undefined' to the types of the target's properties.
  Types of property 'metadata' are incompatible.
    Type '{ data: any; } | undefined' is not assignable to type 'Record<string, any>'.
      Type 'undefined' is not assignable to type 'Record<string, any>'.
src/memory/mcp/memory-tools.ts(544,16): error TS18046: 'error' is of type 'unknown'.
src/memory/mcp/memory-tools.ts(599,38): error TS2345: Argument of type 'string' is not assignable to parameter of type 'never'.
src/memory/mcp/memory-tools.ts(603,36): error TS2345: Argument of type '"Memory coordinator not initialized"' is not assignable to parameter of type 'never'.
src/memory/mcp/memory-tools.ts(619,45): error TS2345: Argument of type '{ type: string; description: string; priority: "medium" | "high" | "low"; }' is not assignable to parameter of type 'never'.
src/memory/mcp/memory-tools.ts(622,36): error TS2345: Argument of type '"Performance optimizer not initialized"' is not assignable to parameter of type 'never'.
src/memory/mcp/memory-tools.ts(641,13): error TS7053: Element implicitly has an 'any' type because expression of type 'string' can't be used to index type '{}'.
  No index signature with a parameter of type 'string' was found on type '{}'.
src/memory/mcp/memory-tools.ts(644,13): error TS7053: Element implicitly has an 'any' type because expression of type 'string' can't be used to index type '{}'.
  No index signature with a parameter of type 'string' was found on type '{}'.
src/memory/mcp/memory-tools.ts(649,38): error TS2345: Argument of type 'string' is not assignable to parameter of type 'never'.
src/memory/mcp/memory-tools.ts(667,28): error TS2339: Property 'includes' does not exist on type 'never'.
src/memory/mcp/memory-tools.ts(667,65): error TS2339: Property 'includes' does not exist on type 'never'.
src/memory/mcp/memory-tools.ts(684,16): error TS18046: 'error' is of type 'unknown'.
src/memory/memory-integration.ts(108,24): error TS7053: Element implicitly has an 'any' type because expression of type '`${string}${string}Config`' can't be used to index type '{ readonly Backend: DIToken<unknown>; readonly Provider: DIToken<unknown>; readonly ProviderFactory: DIToken<unknown>; readonly Config: DIToken<unknown>; readonly Controller: DIToken<unknown>; }'.
src/memory/memory-integration.ts(193,14): error TS4111: Property 'cache' comes from an index signature, so it must be accessed with ['cache'].
src/memory/memory-integration.ts(200,14): error TS4111: Property 'session' comes from an index signature, so it must be accessed with ['session'].
src/memory/memory-integration.ts(207,14): error TS4111: Property 'semantic' comes from an index signature, so it must be accessed with ['semantic'].
src/memory/memory-integration.ts(214,14): error TS4111: Property 'debug' comes from an index signature, so it must be accessed with ['debug'].
src/memory/memory.ts(83,7): error TS2322: Type 'BaseMemoryBackend' is not assignable to type 'BackendInterface'.
  The types returned by 'getStats()' are incompatible between these types.
    Type 'Promise<MemoryStats>' is not assignable to type 'Promise<BackendStats>'.
      Type 'MemoryStats' is missing the following properties from type 'BackendStats': entries, size, lastModified
src/memory/memory.ts(88,13): error TS2531: Object is possibly 'null'.
src/memory/memory.ts(133,9): error TS2375: Type '{ created: number; updated: number; accessed: number; size: number; tags: string[]; priority: "medium" | "high" | "low"; ttl: number | undefined; }' is not assignable to type '{ created: number; updated: number; accessed: number; size: number; tags?: string[]; priority?: "medium" | "high" | "low"; ttl?: number; }' with 'exactOptionalPropertyTypes: true'. Consider adding 'undefined' to the types of the target's properties.
  Types of property 'ttl' are incompatible.
    Type 'number | undefined' is not assignable to type 'number'.
      Type 'undefined' is not assignable to type 'number'.
src/memory/memory.ts(144,36): error TS2345: Argument of type 'SessionState | undefined' is not assignable to parameter of type 'SessionState'.
  Type 'undefined' is not assignable to type 'SessionState'.
src/memory/memory.ts(147,5): error TS18048: 'session' is possibly 'undefined'.
src/memory/memory.ts(148,5): error TS18048: 'session' is possibly 'undefined'.
src/memory/memory.ts(149,5): error TS18048: 'session' is possibly 'undefined'.
src/memory/memory.ts(152,7): error TS18048: 'session' is possibly 'undefined'.
src/memory/memory.ts(258,29): error TS18048: 'namespaces' is possibly 'undefined'.
src/memory/monitoring/memory-monitor.ts(287,9): error TS2322: Type 'number | undefined' is not assignable to type 'number'.
  Type 'undefined' is not assignable to type 'number'.
src/memory/monitoring/memory-monitor.ts(288,9): error TS2322: Type 'number | undefined' is not assignable to type 'number'.
  Type 'undefined' is not assignable to type 'number'.
src/memory/monitoring/memory-monitor.ts(317,45): error TS18046: 'error' is of type 'unknown'.
src/memory/monitoring/memory-monitor.ts(466,38): error TS2322: Type 'MemoryMetrics | undefined' is not assignable to type 'MemoryMetrics | null'.
  Type 'undefined' is not assignable to type 'MemoryMetrics | null'.
src/memory/optimization/performance-optimizer.ts(229,32): error TS18046: 'error' is of type 'unknown'.
src/memory/optimization/performance-optimizer.ts(274,46): error TS18046: 'error' is of type 'unknown'.
src/memory/optimization/performance-optimizer.ts(291,46): error TS18046: 'error' is of type 'unknown'.
src/memory/optimization/performance-optimizer.ts(309,46): error TS18046: 'error' is of type 'unknown'.
src/memory/optimization/performance-optimizer.ts(329,46): error TS18046: 'error' is of type 'unknown'.
src/memory/optimization/performance-optimizer.ts(347,46): error TS18046: 'error' is of type 'unknown'.
src/memory/providers/memory-providers.ts(17,3): error TS6133: 'MEMORY_TOKENS' is declared but its value is never read.
src/memory/providers/memory-providers.ts(69,41): error TS6138: Property 'config' is declared but its value is never read.
src/memory/providers/memory-providers.ts(110,11): error TS2564: Property 'repository' has no initializer and is not definitely assigned in the constructor.
src/memory/providers/memory-providers.ts(114,13): error TS6138: Property 'config' is declared but its value is never read.
src/memory/providers/memory-providers.ts(234,11): error TS2564: Property 'repository' has no initializer and is not definitely assigned in the constructor.
src/memory/providers/memory-providers.ts(238,13): error TS6138: Property 'config' is declared but its value is never read.
src/memory/providers/memory-providers.ts(400,13): error TS6138: Property 'config' is declared but its value is never read.
src/memory/providers/memory-providers.ts(516,13): error TS6138: Property 'config' is declared but its value is never read.
src/memory/safe-memory-store.ts(105,13): error TS2375: Type '{ created: Date; updated: Date; accessed: Date; accessCount: number; size: number; ttl: number; tags: string[] | undefined; compressed: boolean; }' is not assignable to type 'MemoryMetadata' with 'exactOptionalPropertyTypes: true'. Consider adding 'undefined' to the types of the target's properties.
  Types of property 'tags' are incompatible.
    Type 'string[] | undefined' is not assignable to type 'string[]'.
      Type 'undefined' is not assignable to type 'string[]'.
src/monitoring/analytics/performance-analyzer.ts(331,55): error TS2532: Object is possibly 'undefined'.
src/monitoring/analytics/performance-analyzer.ts(534,15): error TS2532: Object is possibly 'undefined'.
src/monitoring/analytics/performance-analyzer.ts(548,15): error TS2532: Object is possibly 'undefined'.
src/monitoring/analytics/performance-analyzer.ts(557,7): error TS18048: 'latestMetrics' is possibly 'undefined'.
src/monitoring/analytics/performance-analyzer.ts(558,7): error TS18048: 'latestMetrics' is possibly 'undefined'.
src/monitoring/core/metrics-collector.ts(483,9): error TS2322: Type 'CompositeMetrics | undefined' is not assignable to type 'CompositeMetrics | null'.
  Type 'undefined' is not assignable to type 'CompositeMetrics | null'.
src/monitoring/dashboard/dashboard-server.ts(174,41): error TS7030: Not all code paths return a value.
src/monitoring/index.ts(202,34): error TS4111: Property 'DASHBOARD_PORT' comes from an index signature, so it must be accessed with ['DASHBOARD_PORT'].
src/monitoring/index.ts(202,72): error TS4111: Property 'DASHBOARD_PORT' comes from an index signature, so it must be accessed with ['DASHBOARD_PORT'].
src/monitoring/index.ts(203,39): error TS4111: Property 'NODE_ENV' comes from an index signature, so it must be accessed with ['NODE_ENV'].
src/monitoring/index.ts(204,36): error TS4111: Property 'NODE_ENV' comes from an index signature, so it must be accessed with ['NODE_ENV'].
src/monitoring/index.ts(212,60): error TS7006: Parameter 'a' implicitly has an 'any' type.
src/monitoring/index.ts(222,15): error TS6133: '_impact' is declared but its value is never read.
src/monitoring/optimization/optimization-engine.ts(534,48): error TS4111: Property 'currentSize' comes from an index signature, so it must be accessed with ['currentSize'].
src/monitoring/optimization/optimization-engine.ts(534,80): error TS4111: Property 'expansionFactor' comes from an index signature, so it must be accessed with ['expansionFactor'].
src/monitoring/optimization/optimization-engine.ts(592,13): error TS2375: Type '{ actionId: string; success: boolean; executionTime: number; beforeMetrics: CompositeMetrics; afterMetrics: CompositeMetrics | undefined; impact: { ...; }; }' is not assignable to type 'OptimizationResult' with 'exactOptionalPropertyTypes: true'. Consider adding 'undefined' to the types of the target's properties.
  Types of property 'afterMetrics' are incompatible.
    Type 'CompositeMetrics | undefined' is not assignable to type 'CompositeMetrics'.
      Type 'undefined' is not assignable to type 'CompositeMetrics'.
src/monitoring/optimization/optimization-engine.ts(694,21): error TS2538: Type 'undefined' cannot be used as an index type.
src/monitoring/optimization/optimization-engine.ts(694,44): error TS2538: Type 'undefined' cannot be used as an index type.
src/monitoring/performance/real-time-monitor.ts(98,11): error TS2375: Type '{ name: string; value: number; timestamp: number; tags: Record<string, string> | undefined; }' is not assignable to type 'PerformanceMetric' with 'exactOptionalPropertyTypes: true'. Consider adding 'undefined' to the types of the target's properties.
  Types of property 'tags' are incompatible.
    Type 'Record<string, string> | undefined' is not assignable to type 'Record<string, string>'.
      Type 'undefined' is not assignable to type 'Record<string, string>'.
src/monitoring/performance/real-time-monitor.ts(186,5): error TS2375: Type '{ count: number; min: number | undefined; max: number | undefined; p95: number; p99: number; }' is not assignable to type 'PerformanceBounds & { count: number; }' with 'exactOptionalPropertyTypes: true'. Consider adding 'undefined' to the types of the target's properties.
  Type '{ count: number; min: number | undefined; max: number | undefined; p95: number; p99: number; }' is not assignable to type 'PerformanceBounds' with 'exactOptionalPropertyTypes: true'. Consider adding 'undefined' to the types of the target's properties.
    Types of property 'min' are incompatible.
      Type 'number | undefined' is not assignable to type 'number'.
        Type 'undefined' is not assignable to type 'number'.
src/monitoring/performance/real-time-monitor.ts(236,7): error TS7053: Element implicitly has an 'any' type because expression of type 'string' can't be used to index type '{}'.
  No index signature with a parameter of type 'string' was found on type '{}'.
src/monitoring/performance/real-time-monitor.ts(266,53): error TS4111: Property 'memory' comes from an index signature, so it must be accessed with ['memory'].
src/monitoring/performance/real-time-monitor.ts(267,54): error TS4111: Property 'memory' comes from an index signature, so it must be accessed with ['memory'].
src/monitoring/performance/real-time-monitor.ts(268,47): error TS4111: Property 'memory' comes from an index signature, so it must be accessed with ['memory'].
src/monitoring/performance/real-time-monitor.ts(269,45): error TS4111: Property 'cpu' comes from an index signature, so it must be accessed with ['cpu'].
src/monitoring/performance/real-time-monitor.ts(270,47): error TS4111: Property 'cpu' comes from an index signature, so it must be accessed with ['cpu'].
src/monitoring/performance/real-time-monitor.ts(271,43): error TS4111: Property 'uptime' comes from an index signature, so it must be accessed with ['uptime'].
src/monitoring/performance/real-time-monitor.ts(292,27): error TS2532: Object is possibly 'undefined'.
src/monitoring/performance/real-time-monitor.ts(337,5): error TS2322: Type 'number | undefined' is not assignable to type 'number'.
  Type 'undefined' is not assignable to type 'number'.
src/monitoring/performance/real-time-monitor.ts(368,17): error TS4111: Property 'NODE_ENV' comes from an index signature, so it must be accessed with ['NODE_ENV'].
src/neural/agents/neural-agent.ts(176,36): error TS18048: 'inputSize' is possibly 'undefined'.
src/neural/agents/neural-agent.ts(176,48): error TS18048: 'outputSize' is possibly 'undefined'.
src/neural/agents/neural-agent.ts(180,28): error TS18048: 'outputSize' is possibly 'undefined'.
src/neural/agents/neural-agent.ts(180,41): error TS18048: 'inputSize' is possibly 'undefined'.
src/neural/agents/neural-agent.ts(181,26): error TS18048: 'outputSize' is possibly 'undefined'.
src/neural/agents/neural-agent.ts(200,44): error TS2345: Argument of type 'number | undefined' is not assignable to parameter of type 'number'.
  Type 'undefined' is not assignable to type 'number'.
src/neural/agents/neural-agent.ts(201,43): error TS2345: Argument of type 'number | undefined' is not assignable to parameter of type 'number'.
  Type 'undefined' is not assignable to type 'number'.
src/neural/agents/neural-agent.ts(202,57): error TS2345: Argument of type 'number | undefined' is not assignable to parameter of type 'number'.
  Type 'undefined' is not assignable to type 'number'.
src/neural/agents/neural-agent.ts(211,9): error TS2532: Object is possibly 'undefined'.
src/neural/agents/neural-agent.ts(262,27): error TS18048: 'weights' is possibly 'undefined'.
src/neural/agents/neural-agent.ts(263,19): error TS18048: 'biases' is possibly 'undefined'.
src/neural/agents/neural-agent.ts(265,11): error TS18048: 'sum' is possibly 'undefined'.
src/neural/agents/neural-agent.ts(265,18): error TS18048: 'weights' is possibly 'undefined'.
src/neural/agents/neural-agent.ts(265,18): error TS2532: Object is possibly 'undefined'.
src/neural/agents/neural-agent.ts(265,18): error TS2532: Object is possibly 'undefined'.
src/neural/agents/neural-agent.ts(265,34): error TS2532: Object is possibly 'undefined'.
src/neural/agents/neural-agent.ts(267,38): error TS2345: Argument of type 'number | undefined' is not assignable to parameter of type 'number'.
  Type 'undefined' is not assignable to type 'number'.
src/neural/agents/neural-agent.ts(290,25): error TS18048: 'output' is possibly 'undefined'.
src/neural/agents/neural-agent.ts(291,25): error TS2532: Object is possibly 'undefined'.
src/neural/agents/neural-agent.ts(291,37): error TS18048: 'output' is possibly 'undefined'.
src/neural/agents/neural-agent.ts(291,37): error TS2532: Object is possibly 'undefined'.
src/neural/agents/neural-agent.ts(291,67): error TS18048: 'output' is possibly 'undefined'.
src/neural/agents/neural-agent.ts(291,67): error TS2345: Argument of type 'number | undefined' is not assignable to parameter of type 'number'.
  Type 'undefined' is not assignable to type 'number'.
src/neural/agents/neural-agent.ts(301,27): error TS2532: Object is possibly 'undefined'.
src/neural/agents/neural-agent.ts(303,29): error TS18048: 'weights' is possibly 'undefined'.
src/neural/agents/neural-agent.ts(304,20): error TS18048: 'weights' is possibly 'undefined'.
src/neural/agents/neural-agent.ts(304,20): error TS2532: Object is possibly 'undefined'.
src/neural/agents/neural-agent.ts(304,20): error TS2532: Object is possibly 'undefined'.
src/neural/agents/neural-agent.ts(304,36): error TS18048: 'prevError' is possibly 'undefined'.
src/neural/agents/neural-agent.ts(304,36): error TS2532: Object is possibly 'undefined'.
src/neural/agents/neural-agent.ts(306,50): error TS2532: Object is possibly 'undefined'.
src/neural/agents/neural-agent.ts(306,50): error TS2345: Argument of type 'number | undefined' is not assignable to parameter of type 'number'.
  Type 'undefined' is not assignable to type 'number'.
src/neural/agents/neural-agent.ts(318,27): error TS18048: 'weights' is possibly 'undefined'.
src/neural/agents/neural-agent.ts(320,9): error TS18048: 'biases' is possibly 'undefined'.
src/neural/agents/neural-agent.ts(320,9): error TS2532: Object is possibly 'undefined'.
src/neural/agents/neural-agent.ts(320,27): error TS18048: 'layerError' is possibly 'undefined'.
src/neural/agents/neural-agent.ts(320,27): error TS2532: Object is possibly 'undefined'.
src/neural/agents/neural-agent.ts(323,29): error TS18048: 'weights' is possibly 'undefined'.
src/neural/agents/neural-agent.ts(323,29): error TS2532: Object is possibly 'undefined'.
src/neural/agents/neural-agent.ts(324,30): error TS18048: 'layerError' is possibly 'undefined'.
src/neural/agents/neural-agent.ts(324,30): error TS2532: Object is possibly 'undefined'.
src/neural/agents/neural-agent.ts(324,46): error TS18048: 'layerInput' is possibly 'undefined'.
src/neural/agents/neural-agent.ts(324,46): error TS2532: Object is possibly 'undefined'.
src/neural/agents/neural-agent.ts(325,49): error TS2532: Object is possibly 'undefined'.
src/neural/agents/neural-agent.ts(325,49): error TS2532: Object is possibly 'undefined'.
src/neural/agents/neural-agent.ts(325,49): error TS2532: Object is possibly 'undefined'.
src/neural/agents/neural-agent.ts(326,11): error TS18048: 'weights' is possibly 'undefined'.
src/neural/agents/neural-agent.ts(326,11): error TS2532: Object is possibly 'undefined'.
src/neural/agents/neural-agent.ts(326,11): error TS2532: Object is possibly 'undefined'.
src/neural/agents/neural-agent.ts(327,11): error TS2532: Object is possibly 'undefined'.
src/neural/agents/neural-agent.ts(327,11): error TS2532: Object is possibly 'undefined'.
src/neural/agents/neural-agent.ts(332,5): error TS2322: Type 'number[] | undefined' is not assignable to type 'number[]'.
  Type 'undefined' is not assignable to type 'number[]'.
src/neural/agents/neural-agent.ts(370,5): error TS2322: Type 'CognitiveProfile | undefined' is not assignable to type 'CognitiveProfile'.
  Type 'undefined' is not assignable to type 'CognitiveProfile'.
src/neural/agents/neural-agent.ts(964,34): error TS2339: Property 'MemoryOptimizer' does not exist on type 'typeof import("/home/mhugo/code/claude-code-zen/src/neural/core/network") | typeof import("/home/mhugo/code/claude-code-zen/src/neural/core/neural")'.
  Property 'MemoryOptimizer' does not exist on type 'typeof import("/home/mhugo/code/claude-code-zen/src/neural/core/network")'.
src/neural/agents/neural-agent.ts(965,40): error TS2339: Property 'PATTERN_MEMORY_CONFIG' does not exist on type 'typeof import("/home/mhugo/code/claude-code-zen/src/neural/core/network") | typeof import("/home/mhugo/code/claude-code-zen/src/neural/core/neural")'.
  Property 'PATTERN_MEMORY_CONFIG' does not exist on type 'typeof import("/home/mhugo/code/claude-code-zen/src/neural/core/network")'.
src/neural/coordination/neural-coordination-protocol.ts(446,11): error TS2375: Type '{ strategy: CoordinationStrategy; consensusProtocol: ConsensusProtocol | undefined; communicationGraph: Map<string, Set<string>>; ... 7 more ...; knowledgeGraph?: Map<string, any>; }' is not assignable to type 'CoordinationSession' with 'exactOptionalPropertyTypes: true'. Consider adding 'undefined' to the types of the target's properties.
  Types of property 'consensusProtocol' are incompatible.
    Type 'ConsensusProtocol | undefined' is not assignable to type 'ConsensusProtocol'.
      Type 'undefined' is not assignable to type 'ConsensusProtocol'.
src/neural/coordination/neural-coordination-protocol.ts(666,77): error TS4111: Property 'neighborhoodRadius' comes from an index signature, so it must be accessed with ['neighborhoodRadius'].
src/neural/coordination/neural-coordination-protocol.ts(690,17): error TS2345: Argument of type 'string | undefined' is not assignable to parameter of type 'string'.
  Type 'undefined' is not assignable to type 'string'.
src/neural/coordination/neural-coordination-protocol.ts(690,35): error TS2345: Argument of type 'string | undefined' is not assignable to parameter of type 'string'.
  Type 'undefined' is not assignable to type 'string'.
src/neural/coordination/neural-coordination-protocol.ts(691,17): error TS2345: Argument of type 'string | undefined' is not assignable to parameter of type 'string'.
  Type 'undefined' is not assignable to type 'string'.
src/neural/coordination/neural-coordination-protocol.ts(691,31): error TS2345: Argument of type 'string | undefined' is not assignable to parameter of type 'string'.
  Type 'undefined' is not assignable to type 'string'.
src/neural/coordination/neural-coordination-protocol.ts(706,19): error TS2345: Argument of type 'string | undefined' is not assignable to parameter of type 'string'.
  Type 'undefined' is not assignable to type 'string'.
src/neural/coordination/neural-coordination-protocol.ts(706,32): error TS2345: Argument of type 'string | undefined' is not assignable to parameter of type 'string'.
  Type 'undefined' is not assignable to type 'string'.
src/neural/coordination/neural-coordination-protocol.ts(707,19): error TS2345: Argument of type 'string | undefined' is not assignable to parameter of type 'string'.
  Type 'undefined' is not assignable to type 'string'.
src/neural/coordination/neural-coordination-protocol.ts(707,32): error TS2345: Argument of type 'string | undefined' is not assignable to parameter of type 'string'.
  Type 'undefined' is not assignable to type 'string'.
src/neural/coordination/neural-coordination-protocol.ts(724,17): error TS2345: Argument of type 'string | undefined' is not assignable to parameter of type 'string'.
  Type 'undefined' is not assignable to type 'string'.
src/neural/coordination/neural-coordination-protocol.ts(724,31): error TS2345: Argument of type 'string | undefined' is not assignable to parameter of type 'string'.
  Type 'undefined' is not assignable to type 'string'.
src/neural/coordination/neural-coordination-protocol.ts(725,17): error TS2345: Argument of type 'string | undefined' is not assignable to parameter of type 'string'.
  Type 'undefined' is not assignable to type 'string'.
src/neural/coordination/neural-coordination-protocol.ts(725,31): error TS2345: Argument of type 'string | undefined' is not assignable to parameter of type 'string'.
  Type 'undefined' is not assignable to type 'string'.
src/neural/coordination/neural-coordination-protocol.ts(750,21): error TS2345: Argument of type 'string | undefined' is not assignable to parameter of type 'string'.
  Type 'undefined' is not assignable to type 'string'.
src/neural/coordination/neural-coordination-protocol.ts(750,35): error TS2345: Argument of type 'string | undefined' is not assignable to parameter of type 'string'.
  Type 'undefined' is not assignable to type 'string'.
src/neural/coordination/neural-coordination-protocol.ts(753,21): error TS2345: Argument of type 'string | undefined' is not assignable to parameter of type 'string'.
  Type 'undefined' is not assignable to type 'string'.
src/neural/coordination/neural-coordination-protocol.ts(753,35): error TS2345: Argument of type 'string | undefined' is not assignable to parameter of type 'string'.
  Type 'undefined' is not assignable to type 'string'.
src/neural/coordination/neural-coordination-protocol.ts(1007,5): error TS2322: Type 'string | undefined' is not assignable to type 'string'.
  Type 'undefined' is not assignable to type 'string'.
src/neural/core/cognitive-pattern-evolution.ts(28,24): error TS7006: Parameter 'agentId' implicitly has an 'any' type.
src/neural/core/cognitive-pattern-evolution.ts(28,33): error TS7006: Parameter 'performanceData' implicitly has an 'any' type.
src/neural/core/cognitive-pattern-evolution.ts(58,19): error TS7006: Parameter 'id' implicitly has an 'any' type.
src/neural/core/cognitive-pattern-evolution.ts(58,23): error TS7006: Parameter 'pattern' implicitly has an 'any' type.
src/neural/core/cognitive-pattern-evolution.ts(72,14): error TS7006: Parameter 'id' implicitly has an 'any' type.
src/neural/core/cognitive-pattern-evolution.ts(83,26): error TS7006: Parameter '_performanceData' implicitly has an 'any' type.
src/neural/core/cognitive-pattern-evolution.ts(90,26): error TS7006: Parameter 'patterns' implicitly has an 'any' type.
src/neural/core/cognitive-pattern-evolution.ts(92,26): error TS7006: Parameter 'pattern' implicitly has an 'any' type.
src/neural/core/cognitive-pattern-evolution.ts(99,26): error TS7006: Parameter 'evolved' implicitly has an 'any' type.
src/neural/core/cognitive-pattern-evolution.ts(101,22): error TS7006: Parameter 'pattern' implicitly has an 'any' type.
src/neural/core/cognitive-pattern-evolution.ts(108,35): error TS7006: Parameter 'patterns' implicitly has an 'any' type.
src/neural/core/cognitive-pattern-evolution.ts(110,36): error TS7006: Parameter 'sum' implicitly has an 'any' type.
src/neural/core/cognitive-pattern-evolution.ts(110,41): error TS7006: Parameter 'p' implicitly has an 'any' type.
src/neural/core/daa-cognition.ts(80,31): error TS2532: Object is possibly 'undefined'.
src/neural/core/daa-cognition.ts(81,42): error TS2532: Object is possibly 'undefined'.
src/neural/core/daa-cognition.ts(94,23): error TS7006: Parameter 'decisionId' implicitly has an 'any' type.
src/neural/core/daa-cognition.ts(94,35): error TS7006: Parameter 'actionType' implicitly has an 'any' type.
src/neural/core/daa-cognition.ts(111,5): error TS2322: Type '{ success: boolean; duration: number; output: string; }' is not assignable to type 'null'.
src/neural/core/daa-cognition.ts(122,15): error TS7006: Parameter 'feedback' implicitly has an 'any' type.
src/neural/core/daa-cognition.ts(162,31): error TS7006: Parameter 'context' implicitly has an 'any' type.
src/neural/core/daa-cognition.ts(171,24): error TS7006: Parameter 'decision' implicitly has an 'any' type.
src/neural/core/daa-cognition.ts(176,31): error TS2532: Object is possibly 'undefined'.
src/neural/core/daa-cognition.ts(184,31): error TS7006: Parameter 'action' implicitly has an 'any' type.
src/neural/core/daa-cognition.ts(195,32): error TS7006: Parameter 'feedback' implicitly has an 'any' type.
src/neural/core/daa-cognition.ts(203,18): error TS2532: Object is possibly 'undefined'.
src/neural/core/daa-cognition.ts(208,19): error TS2532: Object is possibly 'undefined'.
src/neural/core/daa-cognition.ts(217,39): error TS2532: Object is possibly 'undefined'.
src/neural/core/daa-cognition.ts(224,28): error TS7006: Parameter 'changes' implicitly has an 'any' type.
src/neural/core/index.ts(95,30): error TS2532: Object is possibly 'undefined'.
src/neural/core/meta-learning-framework.ts(57,18): error TS7006: Parameter 'taskType' implicitly has an 'any' type.
src/neural/core/meta-learning-framework.ts(59,24): error TS4111: Property 'applicableTasks' comes from an index signature, so it must be accessed with ['applicableTasks'].
src/neural/core/meta-learning-framework.ts(59,66): error TS4111: Property 'applicableTasks' comes from an index signature, so it must be accessed with ['applicableTasks'].
src/neural/core/meta-learning-framework.ts(71,21): error TS7006: Parameter 'strategyId' implicitly has an 'any' type.
src/neural/core/meta-learning-framework.ts(71,33): error TS7006: Parameter 'performance' implicitly has an 'any' type.
src/neural/core/meta-learning-framework.ts(85,44): error TS2532: Object is possibly 'undefined'.
src/neural/core/meta-learning-framework.ts(86,66): error TS2532: Object is possibly 'undefined'.
src/neural/core/network.ts(185,13): error TS6138: Property 'wasm' is declared but its value is never read.
src/neural/core/network.ts(253,13): error TS6138: Property 'wasm' is declared but its value is never read.
src/neural/core/network.ts(318,23): error TS6138: Property 'wasm' is declared but its value is never read.
src/neural/core/neural-coordination-protocol.ts(35,16): error TS7006: Parameter 'nodeId' implicitly has an 'any' type.
src/neural/core/neural-coordination-protocol.ts(35,24): error TS7006: Parameter 'nodeInfo' implicitly has an 'any' type.
src/neural/core/neural-coordination-protocol.ts(52,21): error TS7006: Parameter 'fromNode' implicitly has an 'any' type.
src/neural/core/neural-coordination-protocol.ts(52,31): error TS7006: Parameter 'toNode' implicitly has an 'any' type.
src/neural/core/neural-coordination-protocol.ts(52,39): error TS7006: Parameter 'messageType' implicitly has an 'any' type.
src/neural/core/neural-coordination-protocol.ts(52,52): error TS7006: Parameter 'payload' implicitly has an 'any' type.
src/neural/core/neural-coordination-protocol.ts(85,21): error TS7006: Parameter 'nodeId' implicitly has an 'any' type.
src/neural/core/neural-coordination-protocol.ts(85,29): error TS7006: Parameter 'neuralState' implicitly has an 'any' type.
src/neural/core/neural-core.ts(225,56): error TS2538: Type 'undefined' cannot be used as an index type.
src/neural/core/neural-core.ts(229,43): error TS18048: 'model' is possibly 'undefined'.
src/neural/core/neural-core.ts(229,71): error TS18048: 'model' is possibly 'undefined'.
src/neural/core/neural-core.ts(345,13): error TS6133: '_displayName' is declared but its value is never read.
src/neural/core/neural-core.ts(359,15): error TS6133: '_usage' is declared but its value is never read.
src/neural/core/neural-core.ts(363,13): error TS6133: '_memoryUsage' is declared but its value is never read.
src/neural/core/neural-core.ts(419,13): error TS6133: '_totalParams' is declared but its value is never read.
src/neural/core/neural-core.ts(477,12): error TS18048: 'last' is possibly 'undefined'.
src/neural/core/neural-core.ts(477,19): error TS18048: 'first' is possibly 'undefined'.
src/neural/core/neural-core.ts(515,33): error TS2538: Type 'undefined' cannot be used as an index type.
src/neural/core/neural-core.ts(516,30): error TS2538: Type 'undefined' cannot be used as an index type.
src/neural/core/neural-core.ts(520,31): error TS2538: Type 'undefined' cannot be used as an index type.
src/neural/core/neural-core.ts(521,66): error TS2538: Type 'undefined' cannot be used as an index type.
src/neural/core/neural-core.ts(523,30): error TS2538: Type 'undefined' cannot be used as an index type.
src/neural/core/neural-core.ts(524,30): error TS2538: Type 'undefined' cannot be used as an index type.
src/neural/core/neural-core.ts(525,30): error TS2538: Type 'undefined' cannot be used as an index type.
src/neural/core/neural-core.ts(526,30): error TS2538: Type 'undefined' cannot be used as an index type.
src/neural/core/neural-core.ts(537,33): error TS2322: Type 'string | undefined' is not assignable to type 'string'.
  Type 'undefined' is not assignable to type 'string'.
src/neural/core/neural-core.ts(551,31): error TS2538: Type 'undefined' cannot be used as an index type.
src/neural/core/neural-core.ts(552,28): error TS2538: Type 'undefined' cannot be used as an index type.
src/neural/core/neural-core.ts(554,26): error TS2538: Type 'undefined' cannot be used as an index type.
src/neural/core/neural-core.ts(581,69): error TS2532: Object is possibly 'undefined'.
src/neural/core/neural-core.ts(704,55): error TS2769: No overload matches this call.
  Overload 1 of 2, '(o: { [s: string]: string[]; } | ArrayLike<string[]>): [string, string[]][]', gave the following error.
    Argument of type 'PatternData | undefined' is not assignable to parameter of type '{ [s: string]: string[]; } | ArrayLike<string[]>'.
      Type 'undefined' is not assignable to type '{ [s: string]: string[]; } | ArrayLike<string[]>'.
  Overload 2 of 2, '(o: {}): [string, any][]', gave the following error.
    Argument of type 'PatternData | undefined' is not assignable to parameter of type '{}'.
      Type 'undefined' is not assignable to type '{}'.
src/neural/core/neural-core.ts(709,55): error TS2769: No overload matches this call.
  Overload 1 of 2, '(o: { [s: string]: string[]; } | ArrayLike<string[]>): [string, string[]][]', gave the following error.
    Argument of type 'PatternData | undefined' is not assignable to parameter of type '{ [s: string]: string[]; } | ArrayLike<string[]>'.
      Type 'undefined' is not assignable to type '{ [s: string]: string[]; } | ArrayLike<string[]>'.
  Overload 2 of 2, '(o: {}): [string, any][]', gave the following error.
    Argument of type 'PatternData | undefined' is not assignable to parameter of type '{}'.
      Type 'undefined' is not assignable to type '{}'.
src/neural/core/neural-core.ts(741,54): error TS2322: Type 'string | undefined' is not assignable to type 'string | null'.
  Type 'undefined' is not assignable to type 'string | null'.
src/neural/core/neural-models/index.ts(48,35): error TS7006: Parameter 'modelType' implicitly has an 'any' type.
src/neural/core/neural-models/index.ts(51,20): error TS7053: Element implicitly has an 'any' type because expression of type 'string' can't be used to index type '{ CLASSIFICATION: { id: string; name: string; architecture: string; layers: number[]; activation: string; outputActivation: string; }; REGRESSION: { id: string; name: string; architecture: string; layers: number[]; activation: string; outputActivation: string; }; AUTOENCODER: { ...; }; TRANSFORMER: { ...; }; }'.
  No index signature with a parameter of type 'string' was found on type '{ CLASSIFICATION: { id: string; name: string; architecture: string; layers: number[]; activation: string; outputActivation: string; }; REGRESSION: { id: string; name: string; architecture: string; layers: number[]; activation: string; outputActivation: string; }; AUTOENCODER: { ...; }; TRANSFORMER: { ...; }; }'.
src/neural/core/neural-models/index.ts(84,37): error TS7006: Parameter 'config' implicitly has an 'any' type.
src/neural/core/neural-models/neural-presets-complete.ts(73,17): error TS7006: Parameter 'taskType' implicitly has an 'any' type.
src/neural/core/neural-models/neural-presets-complete.ts(92,19): error TS7006: Parameter 'pattern' implicitly has an 'any' type.
src/neural/core/neural-models/neural-presets-complete.ts(96,32): error TS7006: Parameter '_taskType' implicitly has an 'any' type.
src/neural/core/neural-models/neural-presets-complete.ts(96,43): error TS7006: Parameter 'requirements' implicitly has an 'any' type.
src/neural/core/neural-models/neural-presets-complete.ts(109,26): error TS7006: Parameter 'candidates' implicitly has an 'any' type.
src/neural/core/neural-models/neural-presets-complete.ts(109,38): error TS7006: Parameter 'requirements' implicitly has an 'any' type.
src/neural/core/neural-models/neural-presets-complete.ts(113,36): error TS7006: Parameter 'pattern' implicitly has an 'any' type.
src/neural/core/neural-models/neural-presets-complete.ts(118,25): error TS7006: Parameter 'a' implicitly has an 'any' type.
src/neural/core/neural-models/neural-presets-complete.ts(118,28): error TS7006: Parameter 'b' implicitly has an 'any' type.
src/neural/core/neural-models/neural-presets-complete.ts(121,26): error TS7006: Parameter 'pattern' implicitly has an 'any' type.
src/neural/core/neural-models/neural-presets-complete.ts(121,35): error TS7006: Parameter 'requirements' implicitly has an 'any' type.
src/neural/core/neural-models/neural-presets-complete.ts(246,9): error TS7006: Parameter 'networkConfig' implicitly has an 'any' type.
src/neural/core/neural-models/neural-presets-complete.ts(246,24): error TS7006: Parameter 'performanceData' implicitly has an 'any' type.
src/neural/core/neural-models/neural-presets-complete.ts(268,22): error TS7006: Parameter '_networkConfig' implicitly has an 'any' type.
src/neural/core/neural-models/neural-presets-complete.ts(296,30): error TS7006: Parameter '_config' implicitly has an 'any' type.
src/neural/core/neural-models/neural-presets-complete.ts(296,39): error TS7006: Parameter 'performance' implicitly has an 'any' type.
src/neural/core/neural-models/neural-presets-complete.ts(332,31): error TS7006: Parameter 'adaptations' implicitly has an 'any' type.
src/neural/core/neural-models/neural-presets-complete.ts(390,63): error TS4111: Property 'agentId' comes from an index signature, so it must be accessed with ['agentId'].
src/neural/core/neural-models/neural-presets-complete.ts(406,25): error TS4111: Property 'adaptationResult' comes from an index signature, so it must be accessed with ['adaptationResult'].
src/neural/core/neural-models/neural-presets-complete.ts(437,23): error TS4111: Property 'adaptationResult' comes from an index signature, so it must be accessed with ['adaptationResult'].
src/neural/core/neural-models/neural-presets-complete.ts(447,23): error TS4111: Property 'adaptationResult' comes from an index signature, so it must be accessed with ['adaptationResult'].
src/neural/core/neural-models/neural-presets-complete.ts(453,7): error TS2322: Type '{ type: string; count: unknown; }[]' is not assignable to type 'never[]'.
  Type '{ type: string; count: unknown; }' is not assignable to type 'never'.
src/neural/core/neural-models/presets/index.ts(56,27): error TS7006: Parameter 'category' implicitly has an 'any' type.
src/neural/core/neural-models/presets/index.ts(56,37): error TS7006: Parameter 'presetName' implicitly has an 'any' type.
src/neural/core/neural-models/presets/index.ts(67,12): error TS7053: Element implicitly has an 'any' type because expression of type 'any' can't be used to index type '{ BASIC_CLASSIFIER: { id: string; name: string; type: string; architecture: string; layers: number[]; activation: string; outputActivation: string; learningRate: number; batchSize: number; useCase: string[]; }; REGRESSION_MODEL: { ...; }; DEEP_LEARNING: { ...; }; }'.
src/neural/core/neural-models/presets/index.ts(76,38): error TS7006: Parameter 'useCase' implicitly has an 'any' type.
src/neural/core/neural-models/presets/index.ts(88,40): error TS7006: Parameter 'useCase' implicitly has an 'any' type.
src/neural/core/neural-models/presets/index.ts(98,36): error TS7006: Parameter 'category' implicitly has an 'any' type.
src/neural/core/neural-models/presets/index.ts(108,38): error TS7006: Parameter 'config' implicitly has an 'any' type.
src/neural/core/neural-network-manager.ts(155,10): error TS2339: Property 'daaCognition' does not exist on type 'NeuralNetworkManager'.
src/neural/core/neural-network-manager.ts(164,10): error TS2339: Property 'collaborativeMemory' does not exist on type 'NeuralNetworkManager'.
src/neural/core/neural-network-manager.ts(168,10): error TS2339: Property 'adaptiveOptimization' does not exist on type 'NeuralNetworkManager'.
src/neural/core/neural-network-manager.ts(169,10): error TS2339: Property 'federatedLearningEnabled' does not exist on type 'NeuralNetworkManager'.
src/neural/core/neural-network-manager.ts(447,28): error TS2571: Object is of type 'unknown'.
src/neural/core/neural-network-manager.ts(468,61): error TS2571: Object is of type 'unknown'.
src/neural/core/neural-network-manager.ts(492,26): error TS7006: Parameter 'agentId' implicitly has an 'any' type.
src/neural/core/neural-network-manager.ts(492,35): error TS7006: Parameter 'config' implicitly has an 'any' type.
src/neural/core/neural-network-manager.ts(499,28): error TS2571: Object is of type 'unknown'.
src/neural/core/neural-network-manager.ts(615,26): error TS2722: Cannot invoke an object which is possibly 'undefined'.
src/neural/core/neural-network-manager.ts(615,26): error TS18048: 'network.train' is possibly 'undefined'.
src/neural/core/neural-network-manager.ts(635,7): error TS18048: 'metrics.adaptationHistory' is possibly 'undefined'.
src/neural/core/neural-network-manager.ts(700,26): error TS7006: Parameter 'session' implicitly has an 'any' type.
src/neural/core/neural-network-manager.ts(707,47): error TS7006: Parameter 'n' implicitly has an 'any' type.
src/neural/core/neural-network-manager.ts(713,33): error TS7006: Parameter 'n' implicitly has an 'any' type.
src/neural/core/neural-network-manager.ts(723,22): error TS7006: Parameter 'gradients' implicitly has an 'any' type.
src/neural/core/neural-network-manager.ts(723,33): error TS7006: Parameter 'privacyLevel' implicitly has an 'any' type.
src/neural/core/neural-network-manager.ts(746,24): error TS7006: Parameter 'grad' implicitly has an 'any' type.
src/neural/core/neural-network-manager.ts(746,30): error TS7006: Parameter 'index' implicitly has an 'any' type.
src/neural/core/neural-network-manager.ts(750,14): error TS7053: Element implicitly has an 'any' type because expression of type 'string' can't be used to index type '{}'.
  No index signature with a parameter of type 'string' was found on type '{}'.
src/neural/core/neural-network-manager.ts(751,11): error TS7053: Element implicitly has an 'any' type because expression of type 'string' can't be used to index type '{}'.
  No index signature with a parameter of type 'string' was found on type '{}'.
src/neural/core/neural-network-manager.ts(765,9): error TS7053: Element implicitly has an 'any' type because expression of type 'string' can't be used to index type '{}'.
  No index signature with a parameter of type 'string' was found on type '{}'.
src/neural/core/neural-network-manager.ts(772,24): error TS7006: Parameter 'parameterKey' implicitly has an 'any' type.
src/neural/core/neural-network-manager.ts(772,38): error TS7006: Parameter 'gradients' implicitly has an 'any' type.
src/neural/core/neural-network-manager.ts(774,35): error TS7006: Parameter 'grad' implicitly has an 'any' type.
src/neural/core/neural-network-manager.ts(778,26): error TS7006: Parameter 'sensitivity' implicitly has an 'any' type.
src/neural/core/neural-network-manager.ts(778,39): error TS7006: Parameter 'epsilon' implicitly has an 'any' type.
src/neural/core/neural-network-manager.ts(792,21): error TS7006: Parameter 'agentId' implicitly has an 'any' type.
src/neural/core/neural-network-manager.ts(798,12): error TS2722: Cannot invoke an object which is possibly 'undefined'.
src/neural/core/neural-network-manager.ts(801,20): error TS7006: Parameter 'agentId' implicitly has an 'any' type.
src/neural/core/neural-network-manager.ts(801,29): error TS7006: Parameter 'filePath' implicitly has an 'any' type.
src/neural/core/neural-network-manager.ts(807,12): error TS2722: Cannot invoke an object which is possibly 'undefined'.
src/neural/core/neural-network-manager.ts(810,26): error TS7006: Parameter 'agentId' implicitly has an 'any' type.
src/neural/core/neural-network-manager.ts(810,35): error TS7006: Parameter 'filePath' implicitly has an 'any' type.
src/neural/core/neural-network-manager.ts(816,12): error TS2722: Cannot invoke an object which is possibly 'undefined'.
src/neural/core/neural-network-manager.ts(831,31): error TS7006: Parameter 'agentId' implicitly has an 'any' type.
src/neural/core/neural-network-manager.ts(831,40): error TS7006: Parameter 'category' implicitly has an 'any' type.
src/neural/core/neural-network-manager.ts(831,50): error TS7006: Parameter 'presetName' implicitly has an 'any' type.
src/neural/core/neural-network-manager.ts(833,28): error TS7053: Element implicitly has an 'any' type because expression of type 'any' can't be used to index type '{ SIMPLE_MLP: { id: string; architecture: string; layers: number[]; activation: string; learningRate: number; }; DEEP_NETWORK: { id: string; architecture: string; layers: number[]; activation: string; learningRate: number; dropout: number; }; TIME_SERIES: { ...; }; ATTENTION_MODEL: { ...; }; }'.
src/neural/core/neural-network-manager.ts(858,60): error TS18046: 'error' is of type 'unknown'.
src/neural/core/neural-network-manager.ts(877,20): error TS7053: Element implicitly has an 'any' type because expression of type 'string' can't be used to index type '{ SIMPLE_MLP: { id: string; architecture: string; layers: number[]; activation: string; learningRate: number; }; DEEP_NETWORK: { id: string; architecture: string; layers: number[]; activation: string; learningRate: number; dropout: number; }; TIME_SERIES: { ...; }; ATTENTION_MODEL: { ...; }; }'.
  No index signature with a parameter of type 'string' was found on type '{ SIMPLE_MLP: { id: string; architecture: string; layers: number[]; activation: string; learningRate: number; }; DEEP_NETWORK: { id: string; architecture: string; layers: number[]; activation: string; learningRate: number; dropout: number; }; TIME_SERIES: { ...; }; ATTENTION_MODEL: { ...; }; }'.
src/neural/core/neural-network-manager.ts(947,22): error TS7053: Element implicitly has an 'any' type because expression of type 'any' can't be used to index type '{ transformer: string; cnn: string; lstm: string; gru: string; autoencoder: string; vae: string; gnn: string; gat: string; resnet: string; attention: string; diffusion: string; neural_ode: string; capsnet: string; ... 15 more ...; set_transformer: string; }'.
src/neural/core/neural-network-manager.ts(959,31): error TS7006: Parameter 'agentId' implicitly has an 'any' type.
src/neural/core/neural-network-manager.ts(959,40): error TS7006: Parameter 'useCase' implicitly has an 'any' type.
src/neural/core/neural-network-manager.ts(973,9): error TS18048: 'bestMatch' is possibly 'undefined'.
src/neural/core/neural-network-manager.ts(974,9): error TS18048: 'bestMatch' is possibly 'undefined'.
src/neural/core/neural-network-manager.ts(1004,17): error TS7006: Parameter 'searchTerm' implicitly has an 'any' type.
src/neural/core/neural-network-manager.ts(1014,24): error TS7006: Parameter 'category' implicitly has an 'any' type.
src/neural/core/neural-network-manager.ts(1014,34): error TS7006: Parameter 'presetName' implicitly has an 'any' type.
src/neural/core/neural-network-manager.ts(1025,7): error TS7053: Element implicitly has an 'any' type because expression of type 'string' can't be used to index type '{}'.
  No index signature with a parameter of type 'string' was found on type '{}'.
src/neural/core/neural-network-manager.ts(1038,22): error TS7006: Parameter 'agentId' implicitly has an 'any' type.
src/neural/core/neural-network-manager.ts(1054,31): error TS7006: Parameter 'agentId' implicitly has an 'any' type.
src/neural/core/neural-network-manager.ts(1054,40): error TS7006: Parameter 'category' implicitly has an 'any' type.
src/neural/core/neural-network-manager.ts(1054,50): error TS7006: Parameter 'presetName' implicitly has an 'any' type.
src/neural/core/neural-network-manager.ts(1087,38): error TS7006: Parameter 'agentConfigs' implicitly has an 'any' type.
src/neural/core/neural-network-manager.ts(1101,55): error TS18046: 'error' is of type 'unknown'.
src/neural/core/neural-network-manager.ts(1118,32): error TS7006: Parameter 'agentIds' implicitly has an 'any' type.
src/neural/core/neural-network-manager.ts(1118,42): error TS7006: Parameter 'session' implicitly has an 'any' type.
src/neural/core/neural-network-manager.ts(1145,31): error TS7006: Parameter 'agentId' implicitly has an 'any' type.
src/neural/core/neural-network-manager.ts(1158,20): error TS2722: Cannot invoke an object which is possibly 'undefined'.
src/neural/core/neural-network-manager.ts(1170,33): error TS7006: Parameter 'network' implicitly has an 'any' type.
src/neural/core/neural-network-manager.ts(1181,9): error TS7053: Element implicitly has an 'any' type because expression of type 'string' can't be used to index type '{}'.
  No index signature with a parameter of type 'string' was found on type '{}'.
src/neural/core/neural-network-manager.ts(1181,62): error TS2532: Object is possibly 'undefined'.
src/neural/core/neural-network-manager.ts(1193,32): error TS7006: Parameter 'importance' implicitly has an 'any' type.
src/neural/core/neural-network-manager.ts(1194,45): error TS7006: Parameter 'a' implicitly has an 'any' type.
src/neural/core/neural-network-manager.ts(1194,48): error TS7006: Parameter 'b' implicitly has an 'any' type.
src/neural/core/neural-network-manager.ts(1205,33): error TS7006: Parameter 'agentId' implicitly has an 'any' type.
src/neural/core/neural-network-manager.ts(1214,30): error TS18048: 'metrics.adaptationHistory' is possibly 'undefined'.
src/neural/core/neural-network-manager.ts(1232,27): error TS7006: Parameter 'adaptation' implicitly has an 'any' type.
src/neural/core/neural-network-manager.ts(1254,38): error TS7006: Parameter 'agentIds' implicitly has an 'any' type.
src/neural/core/neural-network-manager.ts(1259,7): error TS7053: Element implicitly has an 'any' type because expression of type 'any' can't be used to index type '{}'.
src/neural/core/neural-network-manager.ts(1265,11): error TS7053: Element implicitly has an 'any' type because expression of type 'any' can't be used to index type '{}'.
src/neural/core/neural-network-manager.ts(1270,9): error TS7053: Element implicitly has an 'any' type because expression of type 'any' can't be used to index type '{}'.
src/neural/core/neural-network-manager.ts(1283,34): error TS7006: Parameter 'agentA' implicitly has an 'any' type.
src/neural/core/neural-network-manager.ts(1283,42): error TS7006: Parameter 'agentB' implicitly has an 'any' type.
src/neural/core/neural-network-manager.ts(1308,33): error TS7006: Parameter 'knowledgeA' implicitly has an 'any' type.
src/neural/core/neural-network-manager.ts(1308,45): error TS7006: Parameter 'knowledgeB' implicitly has an 'any' type.
src/neural/core/neural-network-manager.ts(1344,34): error TS7006: Parameter 'knowledgeA' implicitly has an 'any' type.
src/neural/core/neural-network-manager.ts(1344,46): error TS7006: Parameter 'knowledgeB' implicitly has an 'any' type.
src/neural/core/neural-network-manager.ts(1364,37): error TS7006: Parameter 'knowledgeA' implicitly has an 'any' type.
src/neural/core/neural-network-manager.ts(1364,49): error TS7006: Parameter 'knowledgeB' implicitly has an 'any' type.
src/neural/core/neural-network-manager.ts(1365,60): error TS7006: Parameter 's' implicitly has an 'any' type.
src/neural/core/neural-network-manager.ts(1366,60): error TS7006: Parameter 's' implicitly has an 'any' type.
src/neural/core/neural-network-manager.ts(1379,30): error TS7006: Parameter 'session' implicitly has an 'any' type.
src/neural/core/neural-network-manager.ts(1388,51): error TS7006: Parameter 'id' implicitly has an 'any' type.
src/neural/core/neural-network-manager.ts(1413,31): error TS7006: Parameter 'agentIds' implicitly has an 'any' type.
src/neural/core/neural-network-manager.ts(1419,25): error TS2722: Cannot invoke an object which is possibly 'undefined'.
src/neural/core/neural-network-manager.ts(1419,25): error TS18048: 'network.getMetrics' is possibly 'undefined'.
src/neural/core/neural-network-manager.ts(1441,38): error TS7006: Parameter 'teacherAgentId' implicitly has an 'any' type.
src/neural/core/neural-network-manager.ts(1441,54): error TS7006: Parameter 'studentAgentId' implicitly has an 'any' type.
src/neural/core/neural-network-manager.ts(1441,70): error TS7006: Parameter 'session' implicitly has an 'any' type.
src/neural/core/neural-network-manager.ts(1488,36): error TS7006: Parameter 'student' implicitly has an 'any' type.
src/neural/core/neural-network-manager.ts(1488,45): error TS7006: Parameter 'teacherKnowledge' implicitly has an 'any' type.
src/neural/core/neural-network-manager.ts(1488,63): error TS7006: Parameter 'options' implicitly has an 'any' type.
src/neural/core/neural-network-manager.ts(1489,11): error TS6198: All destructured elements are unused.
src/neural/core/neural-network-manager.ts(1511,27): error TS7006: Parameter 'session' implicitly has an 'any' type.
src/neural/core/neural-network-manager.ts(1543,34): error TS7006: Parameter 'session' implicitly has an 'any' type.
src/neural/core/neural-network-manager.ts(1566,38): error TS7006: Parameter 'agentA' implicitly has an 'any' type.
src/neural/core/neural-network-manager.ts(1566,46): error TS7006: Parameter 'agentB' implicitly has an 'any' type.
src/neural/core/neural-network-manager.ts(1594,34): error TS7006: Parameter 'session' implicitly has an 'any' type.
src/neural/core/neural-network-manager.ts(1620,9): error TS18048: 'metrics.cognitivePatterns' is possibly 'undefined'.
src/neural/core/neural-network-manager.ts(1631,32): error TS7006: Parameter 'agent' implicitly has an 'any' type.
src/neural/core/neural-network-manager.ts(1631,39): error TS7006: Parameter 'adjustments' implicitly has an 'any' type.
src/neural/core/neural-network-manager.ts(1638,11): error TS7053: Element implicitly has an 'any' type because expression of type 'string' can't be used to index type '{}'.
  No index signature with a parameter of type 'string' was found on type '{}'.
src/neural/core/neural-network-manager.ts(1643,11): error TS7053: Element implicitly has an 'any' type because expression of type 'string' can't be used to index type '{}'.
  No index signature with a parameter of type 'string' was found on type '{}'.
src/neural/core/neural-network-manager.ts(1661,26): error TS7006: Parameter 'agentA' implicitly has an 'any' type.
src/neural/core/neural-network-manager.ts(1661,34): error TS7006: Parameter 'agentB' implicitly has an 'any' type.
src/neural/core/neural-network-manager.ts(1661,42): error TS7006: Parameter 'strength' implicitly has an 'any' type.
src/neural/core/neural-network-manager.ts(1698,28): error TS7006: Parameter 'useCase' implicitly has an 'any' type.
src/neural/core/neural-network-manager.ts(1707,38): error TS7006: Parameter 'agentId' implicitly has an 'any' type.
src/neural/core/neural-network-manager.ts(1726,7): error TS7053: Element implicitly has an 'any' type because expression of type 'string' can't be used to index type '{}'.
  No index signature with a parameter of type 'string' was found on type '{}'.
src/neural/core/neural-network-manager.ts(1753,7): error TS7053: Element implicitly has an 'any' type because expression of type 'string' can't be used to index type '{}'.
  No index signature with a parameter of type 'string' was found on type '{}'.
src/neural/core/neural-network-manager.ts(1753,38): error TS7053: Element implicitly has an 'any' type because expression of type 'string' can't be used to index type '{}'.
  No index signature with a parameter of type 'string' was found on type '{}'.
src/neural/core/neural-network-manager.ts(1758,14): error TS7053: Element implicitly has an 'any' type because expression of type 'string' can't be used to index type '{}'.
  No index signature with a parameter of type 'string' was found on type '{}'.
src/neural/core/neural-network-manager.ts(1759,11): error TS7053: Element implicitly has an 'any' type because expression of type 'string' can't be used to index type '{}'.
  No index signature with a parameter of type 'string' was found on type '{}'.
src/neural/core/neural-network-manager.ts(1767,22): error TS7053: Element implicitly has an 'any' type because expression of type 'string' can't be used to index type '{}'.
  No index signature with a parameter of type 'string' was found on type '{}'.
src/neural/core/neural-network-manager.ts(1769,29): error TS2722: Cannot invoke an object which is possibly 'undefined'.
src/neural/core/neural-network-manager.ts(1771,34): error TS18048: 'metrics.adaptationHistory' is possibly 'undefined'.
src/neural/core/neural-network-manager.ts(1803,15): error TS7006: Parameter 'networkId' implicitly has an 'any' type.
src/neural/core/neural-network-manager.ts(1803,26): error TS7006: Parameter 'agentId' implicitly has an 'any' type.
src/neural/core/neural-network-manager.ts(1803,35): error TS7006: Parameter 'config' implicitly has an 'any' type.
src/neural/core/neural-network-manager.ts(1803,43): error TS7006: Parameter 'wasmModule' implicitly has an 'any' type.
src/neural/core/neural-network-manager.ts(1817,17): error TS7006: Parameter 'input' implicitly has an 'any' type.
src/neural/core/neural-network-manager.ts(1827,15): error TS7006: Parameter 'trainingData' implicitly has an 'any' type.
src/neural/core/neural-network-manager.ts(1827,29): error TS7006: Parameter 'options' implicitly has an 'any' type.
src/neural/core/neural-network-manager.ts(1873,18): error TS7006: Parameter 'gradients' implicitly has an 'any' type.
src/neural/core/neural-network-manager.ts(1888,48): error TS7006: Parameter 'acc' implicitly has an 'any' type.
src/neural/core/neural-network-manager.ts(1888,53): error TS7006: Parameter 'size' implicitly has an 'any' type.
src/neural/core/neural-network-manager.ts(1888,59): error TS7006: Parameter 'i' implicitly has an 'any' type.
src/neural/core/neural-network-manager.ts(1898,14): error TS7006: Parameter 'filePath' implicitly has an 'any' type.
src/neural/core/neural-network-manager.ts(1912,14): error TS7006: Parameter 'filePath' implicitly has an 'any' type.
src/neural/core/neural-network-manager.ts(1941,15): error TS7006: Parameter 'agentId' implicitly has an 'any' type.
src/neural/core/neural-network-manager.ts(1941,24): error TS7006: Parameter 'config' implicitly has an 'any' type.
src/neural/core/neural-network-manager.ts(1959,17): error TS7006: Parameter '_input' implicitly has an 'any' type.
src/neural/core/neural-network-manager.ts(1971,15): error TS7006: Parameter '_trainingData' implicitly has an 'any' type.
src/neural/core/neural-network-manager.ts(1971,30): error TS7006: Parameter 'options' implicitly has an 'any' type.
src/neural/core/neural-network-manager.ts(1993,18): error TS7006: Parameter '_gradients' implicitly has an 'any' type.
src/neural/core/neural-network-manager.ts(2006,14): error TS7006: Parameter '_filePath' implicitly has an 'any' type.
src/neural/core/neural-network-manager.ts(2010,14): error TS7006: Parameter '_filePath' implicitly has an 'any' type.
src/neural/core/neural-network-manager.ts(2017,17): error TS7006: Parameter 'templateName' implicitly has an 'any' type.
src/neural/core/neural-network-manager.ts(2039,12): error TS7053: Element implicitly has an 'any' type because expression of type 'any' can't be used to index type '{ deep_analyzer: { layers: number[]; activation: string; output_activation: string; dropout: number; }; nlp_processor: { layers: number[]; activation: string; output_activation: string; dropout: number; }; reinforcement_learner: { ...; }; }'.
src/neural/core/neural-network-manager.ts(2051,15): error TS7006: Parameter 'agentId' implicitly has an 'any' type.
src/neural/core/neural-network-manager.ts(2051,24): error TS7006: Parameter 'model' implicitly has an 'any' type.
src/neural/core/neural-network-manager.ts(2051,31): error TS7006: Parameter 'config' implicitly has an 'any' type.
src/neural/core/neural-network-manager.ts(2059,17): error TS7006: Parameter 'input' implicitly has an 'any' type.
src/neural/core/neural-network-manager.ts(2099,15): error TS7006: Parameter 'trainingData' implicitly has an 'any' type.
src/neural/core/neural-network-manager.ts(2099,29): error TS7006: Parameter 'options' implicitly has an 'any' type.
src/neural/core/neural-network-manager.ts(2108,18): error TS7006: Parameter '_gradients' implicitly has an 'any' type.
src/neural/core/neural-network-manager.ts(2114,14): error TS7006: Parameter 'filePath' implicitly has an 'any' type.
src/neural/core/neural-network-manager.ts(2118,14): error TS7006: Parameter 'filePath' implicitly has an 'any' type.
src/neural/core/neural-network-manager.ts(2123,16): error TS7006: Parameter 'input' implicitly has an 'any' type.
src/neural/core/neural-network-manager.ts(2131,16): error TS7006: Parameter 'latent' implicitly has an 'any' type.
src/neural/core/neural-network-manager.ts(2139,18): error TS7006: Parameter 'numSamples' implicitly has an 'any' type.
src/neural/core/neural-network.ts(137,13): error TS6138: Property 'wasm' is declared but its value is never read.
src/neural/core/neural-network.ts(173,13): error TS6138: Property 'wasm' is declared but its value is never read.
src/neural/core/neural-network.ts(209,23): error TS6138: Property 'wasm' is declared but its value is never read.
src/neural/core/neural.ts(59,10): error TS2339: Property 'activePatterns' does not exist on type 'NeuralCLI'.
src/neural/core/neural.ts(72,16): error TS7006: Parameter '_args' implicitly has an 'any' type.
src/neural/core/neural.ts(95,56): error TS2538: Type 'undefined' cannot be used as an index type.
src/neural/core/neural.ts(99,43): error TS18048: 'model' is possibly 'undefined'.
src/neural/core/neural.ts(99,71): error TS18048: 'model' is possibly 'undefined'.
src/neural/core/neural.ts(131,55): error TS18046: 'error' is of type 'unknown'.
src/neural/core/neural.ts(136,15): error TS7006: Parameter 'args' implicitly has an 'any' type.
src/neural/core/neural.ts(141,33): error TS2345: Argument of type 'string | null | undefined' is not assignable to parameter of type 'string'.
  Type 'undefined' is not assignable to type 'string'.
src/neural/core/neural.ts(142,37): error TS2345: Argument of type 'string | null | undefined' is not assignable to parameter of type 'string'.
  Type 'undefined' is not assignable to type 'string'.
src/neural/core/neural.ts(180,45): error TS18046: 'error' is of type 'unknown'.
src/neural/core/neural.ts(185,18): error TS7006: Parameter 'args' implicitly has an 'any' type.
src/neural/core/neural.ts(186,11): error TS6133: '_rs' is declared but its value is never read.
src/neural/core/neural.ts(202,13): error TS6133: '_displayName' is declared but its value is never read.
src/neural/core/neural.ts(303,15): error TS6133: '_usage' is declared but its value is never read.
src/neural/core/neural.ts(307,13): error TS6133: '_memoryUsage' is declared but its value is never read.
src/neural/core/neural.ts(317,11): error TS6133: '_rs' is declared but its value is never read.
src/neural/core/neural.ts(355,13): error TS6133: '_totalParams' is declared but its value is never read.
src/neural/core/neural.ts(401,12): error TS18048: 'last' is possibly 'undefined'.
src/neural/core/neural.ts(401,19): error TS18048: 'first' is possibly 'undefined'.
src/neural/dspy-wrapper.ts(225,26): error TS4111: Property 'tokensUsed' comes from an index signature, so it must be accessed with ['tokensUsed'].
src/neural/dspy-wrapper.ts(225,64): error TS4111: Property 'tokensUsed' comes from an index signature, so it must be accessed with ['tokensUsed'].
src/neural/dspy-wrapper.ts(227,34): error TS4111: Property 'confidence' comes from an index signature, so it must be accessed with ['confidence'].
src/neural/dspy-wrapper.ts(251,9): error TS2375: Type '{ executionTime: number; timestamp: Date; model: string | undefined; confidence: number; }' is not assignable to type '{ [key: string]: any; executionTime: number; confidence: number; timestamp?: Date; model?: string; tokensUsed?: number; }' with 'exactOptionalPropertyTypes: true'. Consider adding 'undefined' to the types of the target's properties.
  Types of property 'model' are incompatible.
    Type 'string | undefined' is not assignable to type 'string'.
      Type 'undefined' is not assignable to type 'string'.
src/neural/dspy-wrapper.ts(493,10): error TS2339: Property 'wrapper' does not exist on type 'DSPyProgramWrapper'.
src/neural/neural-bridge.ts(290,25): error TS18048: 'outputSize' is possibly 'undefined'.
src/neural/safe-neural-network.ts(308,27): error TS2532: Object is possibly 'undefined'.
src/neural/safe-neural-network.ts(310,29): error TS2532: Object is possibly 'undefined'.
src/neural/safe-neural-network.ts(465,22): error TS2532: Object is possibly 'undefined'.
src/neural/safe-neural-network.ts(466,20): error TS18048: 'prediction' is possibly 'undefined'.
src/neural/safe-neural-network.ts(466,33): error TS18048: 'target' is possibly 'undefined'.
src/neural/types/dspy-types.ts(198,5): error TS2412: Type 'Record<string, any> | undefined' is not assignable to type 'Record<string, any>' with 'exactOptionalPropertyTypes: true'. Consider adding 'undefined' to the type of the target.
  Type 'undefined' is not assignable to type 'Record<string, any>'.
src/neural/wasm/wasm-neural-accelerator.ts(191,9): error TS2769: No overload matches this call.
  The last overload gave the following error.
    Argument of type 'number | undefined' is not assignable to parameter of type 'ArrayBuffer | ArrayLike<number>'.
      Type 'undefined' is not assignable to type 'ArrayBuffer | ArrayLike<number>'.
src/neural/wasm/wasm-neural-accelerator.ts(238,17): error TS4111: Property 'create' comes from an index signature, so it must be accessed with ['create'].
src/neural/wasm/wasm-neural-accelerator.ts(252,17): error TS4111: Property 'train' comes from an index signature, so it must be accessed with ['train'].
src/neural/wasm/wasm-neural-accelerator.ts(264,17): error TS4111: Property 'predict' comes from an index signature, so it must be accessed with ['predict'].
src/neural/wasm/wasm-neural-accelerator.ts(267,13): error TS6133: '_totalTime' is declared but its value is never read.
src/neural/wasm/wasm-neural-accelerator.ts(273,33): error TS4111: Property 'predict' comes from an index signature, so it must be accessed with ['predict'].
src/neural/wasm/wasm-neural-accelerator.ts(273,52): error TS4111: Property 'train' comes from an index signature, so it must be accessed with ['train'].
src/neural/wasm/wasm-neural-accelerator.ts(488,20): error TS2532: Object is possibly 'undefined'.
src/neural/wasm/wasm-neural-accelerator.ts(492,37): error TS2532: Object is possibly 'undefined'.
src/optimization/benchmarks/performance-benchmarks.ts(80,5): error TS2412: Type 'NeuralOptimizer | undefined' is not assignable to type 'NeuralOptimizer' with 'exactOptionalPropertyTypes: true'. Consider adding 'undefined' to the type of the target.
  Type 'undefined' is not assignable to type 'NeuralOptimizer'.
src/optimization/benchmarks/performance-benchmarks.ts(81,5): error TS2412: Type 'SwarmOptimizer | undefined' is not assignable to type 'SwarmOptimizer' with 'exactOptionalPropertyTypes: true'. Consider adding 'undefined' to the type of the target.
  Type 'undefined' is not assignable to type 'SwarmOptimizer'.
src/optimization/benchmarks/performance-benchmarks.ts(82,5): error TS2412: Type 'DataOptimizer | undefined' is not assignable to type 'DataOptimizer' with 'exactOptionalPropertyTypes: true'. Consider adding 'undefined' to the type of the target.
  Type 'undefined' is not assignable to type 'DataOptimizer'.
src/optimization/benchmarks/performance-benchmarks.ts(83,5): error TS2412: Type 'WasmOptimizer | undefined' is not assignable to type 'WasmOptimizer' with 'exactOptionalPropertyTypes: true'. Consider adding 'undefined' to the type of the target.
  Type 'undefined' is not assignable to type 'WasmOptimizer'.
src/sparc-architecture-cli.ts(125,36): error TS6133: 'result' is declared but its value is never read.
src/test-pseudocode-engine.ts(52,11): error TS6133: '_pseudocodeStructure' is declared but its value is never read.
src/tests/unit/interfaces/http/middleware/auth.spec.ts(158,53): error TS4111: Property 'Authorization' comes from an index signature, so it must be accessed with ['Authorization'].
src/tools/domain-splitting/analyzers/domain-analyzer.ts(165,44): error TS2551: Property 'analyse' does not exist on type 'typeof import("escomplex")'. Did you mean 'analyze'?
src/tools/domain-splitting/analyzers/domain-analyzer.ts(298,21): error TS2532: Object is possibly 'undefined'.
src/tools/domain-splitting/analyzers/domain-analyzer.ts(299,20): error TS2532: Object is possibly 'undefined'.
src/tools/domain-splitting/analyzers/domain-analyzer.ts(308,21): error TS2532: Object is possibly 'undefined'.
src/tools/domain-splitting/analyzers/domain-analyzer.ts(309,20): error TS2532: Object is possibly 'undefined'.
src/utils/error-monitoring.ts(76,11): error TS2375: Type '{ metadata: Record<string, any>; stackTrace: string | undefined; timestamp: Date; sessionId?: string; userId?: string; component: string; operation: string; }' is not assignable to type 'ErrorContext' with 'exactOptionalPropertyTypes: true'. Consider adding 'undefined' to the types of the target's properties.
  Types of property 'stackTrace' are incompatible.
    Type 'string | undefined' is not assignable to type 'string'.
      Type 'undefined' is not assignable to type 'string'.
src/utils/error-monitoring.ts(184,31): error TS2532: Object is possibly 'undefined'.
src/utils/error-monitoring.ts(185,29): error TS2532: Object is possibly 'undefined'.
src/utils/error-monitoring.ts(240,60): error TS2322: Type 'string | undefined' is not assignable to type 'string'.
  Type 'undefined' is not assignable to type 'string'.
src/utils/error-monitoring.ts(251,9): error TS2322: Type 'string | undefined' is not assignable to type 'string'.
  Type 'undefined' is not assignable to type 'string'.
src/utils/error-recovery.ts(202,32): error TS2322: Type 'RecoveryStrategy | undefined' is not assignable to type 'RecoveryStrategy | null'.
  Type 'undefined' is not assignable to type 'RecoveryStrategy | null'.
